02-06 18:05:06.014   862  1519 I SurfaceFlinger: id=106632 Removed Surface(name=8b29ede NavigationBar0)/@0x69dbda7 - animation-leash#1 (74)
02-06 18:05:06.015   862  1519 I SurfaceFlinger: id=106631 Removed Surface(name=7bc7528 StatusBar)/@0x1c523a8 - animation-leash#0 (74)
02-06 18:05:06.022  3393  3393 D SemBigDataInfoController: Intent : android.intent.action.BATTERY_CHANGED
02-06 18:05:06.023  3435  3435 I PowerUI : BATTERY_HEALTH_CHECK extraHealth=2 mBatteryMiscEvent=0
02-06 18:05:06.024  3435  3435 D PowerUI : priorPlugType = 2 mPlugType = 2 priorBatteryStatus = 2 mBatteryStatus = 2
02-06 18:05:06.025  3012  3012 I notification_cancel: [10099,3435,com.android.systemui,2,low_battery,-1,0,1088,8,NULL]
02-06 18:05:06.027  3435  3435 D PowerUI.Notification: showChargingNotice oldChargingType : 1 currentChargingType : 1 oldChargingTime : 109057000 mChargingTime : 109056000
02-06 18:05:06.027  3435  3435 D PowerUI.Notification: showChargingNotification()
02-06 18:05:06.027 11530 11667 W getWindowRoots: Skipping null root node for window: AccessibilityWindowInfo[title=null, displayId=0, id=674, type=TYPE_APPLICATION, layer=0, region=SkRegion(), bounds=Rect(0, 0 - 0, 0), focused=true, active=true, pictureInPicture=false, hasParent=false, isAnchored=false, hasChildren=false]
02-06 18:05:06.028  3012  3012 I notification_cancel: [10099,3435,com.android.systemui,3,low_battery,-1,0,1088,8,NULL]
02-06 18:05:06.028  3012  3012 I notification_cancel: [10099,3435,com.android.systemui,49,auto_saver,-1,0,1088,8,NULL]
02-06 18:05:06.031  3012  7150 D ApplicationPolicy: isStatusBarNotificationAllowedAsUser: packageName = com.android.systemui,userId = 0
02-06 18:05:06.031  3012  7150 D PersonaManagerAdapter: ContainerOnlyMode - EOS
02-06 18:05:06.032  3012  7150 D ApplicationPolicy: isStatusBarNotificationAllowedAsUser: packageName = com.android.systemui,userId = -1
02-06 18:05:06.032  3012  7150 D PersonaManagerAdapter: ContainerOnlyMode - EOS
02-06 18:05:06.032  3012  7150 D ApplicationPolicy: isStatusBarNotificationAllowedAsUser: converting userId from USER_ALLto 0
02-06 18:05:06.032  3012  7150 D PersonaManagerAdapter: ContainerOnlyMode - EOS
02-06 18:05:06.034  3012  3012 I notification_enqueue: [10099,3435,com.android.systemui,2131362955,charging_state,-1,Notification(channel=CHR shortcut=null contentView=null vibrate=null sound=null defaults=0x0 flags=0xa color=0xff888fa2 category=sys groupKey=CHARGING vis=PUBLIC semFlags=0x0 semPriority=0 semMissedCount=0),1,NULL]
02-06 18:05:06.034  3435  3435 D PowerUI : Battery swelling mode - priorBatterySwellingMode = 0 mBatterySwellingMode = 0 mBatteryStatus = 2
02-06 18:05:06.034  3435  3435 I PowerUI : mBatteryMiscEvent = 0
02-06 18:05:06.034  3435  3435 D PowerUI : showing power sharing dialogfalse
02-06 18:05:06.035 20609 20609 I ViewRootImpl@877bac[VocabularyActivity]: dispatchDetachedFromWindow
02-06 18:05:06.035 20609 20609 I SurfaceControl: nativeRelease nativeObject s[-5476376618211919776]
02-06 18:05:06.035 20609 20609 I SurfaceControl: nativeRelease nativeObject e[-5476376618211919776]
02-06 18:05:06.035  3435  3435 D KeyguardUpdateMonitor: received broadcast android.intent.action.BATTERY_CHANGED
02-06 18:05:06.040   862   862 I Layer   : id=106632[1] Destroyed Surface(name=8b29ede NavigationBar0)/@0x69dbda7 - animation-leash#1
02-06 18:05:06.040   862   862 I Layer   : id=106631[1] Destroyed Surface(name=7bc7528 StatusBar)/@0x1c523a8 - animation-leash#0
02-06 18:05:06.041  3435  3435 I AODBatteryManager: updateBatteryData: ACTION_BATTERY_CHANGED
02-06 18:05:06.042  3012  7145 I InputDispatcher: Focus entered window (20609): ad2fe29 in display 0 0
02-06 18:05:06.044  3012  7150 D InputTransport: Input channel destroyed: 'ad2fe29', fd=544
02-06 18:05:06.044  3435  3435 I AODBatteryManager: saveBatteryData : AOD BatteryData [mBatteryLevel=5, mBatteryStatus=CHARGING, mBatteryPlugType=USB, mBatteryPlugged=true, mRemainingChargeTime=109056000, mBatteryChargingType=1, mBatteryChargerType=NORMAL, mBatteryOnline=USB, mBatterySwellingMode=NONE]
02-06 18:05:06.045  3435  3435 I ChargingInfoManager: updateChargingInfo: newState = AOD ChargingInfo [mState=BATTERY_AND_REMAIN_TIME, mIsCharging=true, mIsFullyCharged=false], oldState = AOD ChargingInfo [mState=BATTERY_AND_REMAIN_TIME, mIsCharging=true, mIsFullyCharged=false]
02-06 18:05:06.045  3435  3435 D KeyguardUpdateMonitor: handleBatteryUpdate
02-06 18:05:06.045  3012  7150 I SurfaceControl: nativeRelease nativeObject s[-5476376618311582624]
02-06 18:05:06.045  3012  7150 I SurfaceControl: nativeRelease nativeObject e[-5476376618311582624]
02-06 18:05:06.046  3012  7150 I WindowManager: Destroying surface Surface(name=com.kyowon.literacy.store/com.kyowon.literacy.ui.vocabulary.activity.VocabularyActivity$_20609)/@0x8938947 called by com.android.server.wm.WindowStateAnimator.destroySurface:1794 com.android.server.wm.WindowStateAnimator.destroySurfaceLocked:765 com.android.server.wm.WindowState.removeImmediately:2665 com.android.server.wm.WindowState.removeIfPossible:2830 com.android.server.wm.WindowState.removeIfPossible:2688 com.android.server.wm.WindowManagerService.removeWindow:2186 com.android.server.wm.Session.remove:199 android.view.IWindowSession$Stub.onTransact:813 
02-06 18:05:06.047  3012  7150 I SurfaceControl: nativeRelease nativeObject s[-5476376620412061984]
02-06 18:05:06.047  3012  7150 I SurfaceControl: nativeRelease nativeObject e[-5476376620412061984]
02-06 18:05:06.047   862   925 I Layer   : id=106634 removeFromCurrentState com.kyowon.literacy.store/com.kyowon.literacy.ui.vocabulary.activity.VocabularyActivity$_20609#0 (72)
02-06 18:05:06.048   862   925 I SurfaceFlinger: id=106634 Removed com.kyowon.literacy.store/com.kyowon.literacy.ui.vocabulary.activity.VocabularyActivity$_20609#0 (72)
02-06 18:05:06.051   862   925 I Layer   : id=106633 removeFromCurrentState ad2fe29 com.kyowon.literacy.store/com.kyowon.literacy.ui.vocabulary.activity.VocabularyActivity#0 (72)
02-06 18:05:06.054  3012  7150 V WindowManager: Changing focus from Window{ad2fe29 u0 com.kyowon.literacy.store/com.kyowon.literacy.ui.vocabulary.activity.VocabularyActivity} to Window{2813ac1 u0 com.kyowon.literacy.store/com.kyowon.literacy.ui.vocabulary.activity.VocabularyActivity} displayId=0 Callers=com.android.server.wm.RootWindowContainer.updateFocusedWindowLocked:566 com.android.server.wm.WindowManagerService.updateFocusedWindowLocked:6311 com.android.server.wm.WindowState.removeIfPossible:2839 com.android.server.wm.WindowState.removeIfPossible:2688 
02-06 18:05:06.054   862   925 I SurfaceFlinger: id=106633 Removed ad2fe29 com.kyowon.literacy.store/com.kyowon.literacy.ui.vocabulary.activity.VocabularyActivity#0 (72)
02-06 18:05:06.055  3435  3435 D KeyguardSecIndicationController: addIndicationTimeout() returned - unlocking
02-06 18:05:06.055  3435  3435 D KeyguardSecIndicationController: addIndication() returned - unlocking
02-06 18:05:06.055  3435  3435 D KeyguardSecIndicationController: addBatteryIndication() status = BatteryStatus{status=2,level=5,plugged=2,health=2,maxChargingWattage=2500000,remaining=109056000ultraFastCharger=0}
02-06 18:05:06.055  3012 11602 I SystemUiVisibilityPolicyController: handleMessage: entry what = 1
02-06 18:05:06.056  3012  7150 I WindowManager: Cancelling animation restarting=true, leash=Surface(name=Surface(name=7bc7528 StatusBar)/@0x1c523a8 - animation-leash)/@0xadcf6dc
02-06 18:05:06.056  3012  7150 I WindowManager: Reparenting to original parent: Surface(name=WindowToken{345974b android.os.BinderProxy@ae17ec5})/@0xdbd8ec1, destroy=false, surface=Surface(name=7bc7528 StatusBar)/@0x1c523a8
02-06 18:05:06.056  3012  7150 I SurfaceControl: nativeRelease nativeObject s[-5476376620412061504]
02-06 18:05:06.056  3012  7150 I SurfaceControl: nativeRelease nativeObject e[-5476376620412061504]
02-06 18:05:06.056  3012  7150 I WindowManager: Reparenting to leash, surface=Surface(name=7bc7528 StatusBar)/@0x1c523a8, leashParent=Surface(name=WindowToken{345974b android.os.BinderProxy@ae17ec5})/@0xdbd8ec1
02-06 18:05:06.057   862   925 I SurfaceFlinger: id=106637 createSurf (0x0),-1 flag=24004, Surface(name=7bc7528 StatusBar)/@0x1c523a8 - animation-leash#0
02-06 18:05:06.057  3012  7150 D WindowManager: makeSurface duration=2 leash=Surface(name=Surface(name=7bc7528 StatusBar)/@0x1c523a8 - animation-leash)/@0x2f572e3
02-06 18:05:06.058  3012  7150 I WindowManager: Cancelling animation restarting=true, leash=Surface(name=Surface(name=8b29ede NavigationBar0)/@0x69dbda7 - animation-leash)/@0x435aeba
02-06 18:05:06.058  3012  7150 I WindowManager: Reparenting to original parent: Surface(name=WindowToken{96fa963 android.os.BinderProxy@332cd1d})/@0x71cd254, destroy=false, surface=Surface(name=8b29ede NavigationBar0)/@0x69dbda7
02-06 18:05:06.058  3012  7150 I SurfaceControl: nativeRelease nativeObject s[-5476376620412061024]
02-06 18:05:06.058  3012  7150 I SurfaceControl: nativeRelease nativeObject e[-5476376620412061024]
02-06 18:05:06.060  3012  7150 I WindowManager: Reparenting to leash, surface=Surface(name=8b29ede NavigationBar0)/@0x69dbda7, leashParent=Surface(name=WindowToken{96fa963 android.os.BinderProxy@332cd1d})/@0x71cd254
02-06 18:05:06.062   862   925 I SurfaceFlinger: id=106638 createSurf (0x0),-1 flag=24004, Surface(name=8b29ede NavigationBar0)/@0x69dbda7 - animation-leash#1
02-06 18:05:06.064  3012  7150 D WindowManager: makeSurface duration=3 leash=Surface(name=Surface(name=8b29ede NavigationBar0)/@0x69dbda7 - animation-leash)/@0xb4ac399
02-06 18:05:06.071  3012  7150 D StatusBarManagerService: notifyRequestedSystemKey recent=false home=false
02-06 18:05:06.073   862   924 I Layer   : id=106635 removeFromCurrentState Surface(name=7bc7528 StatusBar)/@0x1c523a8 - animation-leash#1 (74)
02-06 18:05:06.073   862   924 I Layer   : id=106636 removeFromCurrentState Surface(name=8b29ede NavigationBar0)/@0x69dbda7 - animation-leash#0 (74)
02-06 18:05:06.075 20609 20609 D InputTransport: Input channel destroyed: 'ad2fe29', fd=193
02-06 18:05:06.083   862   862 D SurfaceFlinger: Display 19260469778534273 HWC layers:
02-06 18:05:06.083   862   862 D SurfaceFlinger:      DEVICE | 0xb400007acfe1ed90 | 0002 | RGBA_8888    |    0.0    0.0 1200.0 2000.0 |    0    0 1200 2000 | com.kyowon.literacy.store/com.kyowon[...]activity.VocabularyActivity$_20609#1
02-06 18:05:06.083   862   862 D SurfaceFlinger:      CLIENT | 0xb400007ac04d2200 | 0000 | RGBA_8888    |    0.0    0.0 1200.0 2000.0 |    0    0 1200 2000 | com.kyowon.literacy.store/com.kyowon[...]activity.VocabularyActivity$_20609#0
02-06 18:05:06.083   862   862 D SurfaceFlinger:      CLIENT | 0xb400007acfe1f180 | 0008 | RGBA_8888    |    0.0    0.0 1200.0 2000.0 |    0    0 1200 2000 | $_3435#0
02-06 18:05:06.083   862   862 D SurfaceFlinger: 
02-06 18:05:06.086   862   862 I Layer   : id=106633[1] Destroyed ad2fe29 com.kyowon.literacy.store/com.kyowon.literacy.ui.vocabulary.activity.VocabularyActivity#0
02-06 18:05:06.087  3012  7309 I InputDispatcher: Focus left window (20609): ad2fe29 in display 0 0
02-06 18:05:06.087  3012  7309 I InputDispatcher: Focus entered window (20609): 2813ac1 in display 0 0
02-06 18:05:06.090   862   862 I Layer   : id=106634[1] Destroyed com.kyowon.literacy.store/com.kyowon.literacy.ui.vocabulary.activity.VocabularyActivity$_20609#0
02-06 18:05:06.105 20609 20609 I DecorView: [INFO] isPopOver=false, config=true
02-06 18:05:06.105 20609 20609 I DecorView: updateCaptionType >> DecorView@4c93faf[VocabularyActivity], isFloating=false, isApplication=true, hasWindowDecorCaption=false, hasWindowControllerCallback=false
02-06 18:05:06.105 20609 20609 D DecorView: setCaptionType = 0, this = DecorView@4c93faf[VocabularyActivity]
02-06 18:05:06.108  3012  7150 D InputTransport: Input channel constructed: '8025a3f', fd=544
02-06 18:05:06.108  3012  7150 D InputTransport: Input channel constructed: '8025a3f', fd=547
02-06 18:05:06.109   862  1519 I SurfaceFlinger: id=106639 createSurf (0x0),-1 flag=80004, 8025a3f com.kyowon.literacy.store/com.kyowon.literacy.ui.vocabulary.activity.VocabularyActivity#0
02-06 18:05:06.110  3012  7150 D InputTransport: Input channel destroyed: '8025a3f', fd=547
02-06 18:05:06.110 20609 20609 D InputTransport: Input channel constructed: '8025a3f', fd=195
02-06 18:05:06.111   862   862 D SurfaceFlinger: Display 19260469778534273 HWC layers:
02-06 18:05:06.111   862   862 D SurfaceFlinger:      DEVICE | 0xb400007acfe1ed90 | 0002 | RGBA_8888    |    0.0    0.0 1200.0 2000.0 |    0    0 1200 2000 | com.kyowon.literacy.store/com.kyowon[...]activity.VocabularyActivity$_20609#1
02-06 18:05:06.111   862   862 D SurfaceFlinger:      DEVICE | 0xb400007acfe1f180 | 0008 | RGBA_8888    |    0.0    0.0 1200.0 2000.0 |    0    0 1200 2000 | $_3435#0
02-06 18:05:06.111   862   862 D SurfaceFlinger: 
02-06 18:05:06.112 20609 20609 I ViewRootImpl@7cebe7a[VocabularyActivity]: setView = com.android.internal.policy.DecorView@4c93faf TM=true
02-06 18:05:06.113 20609 20609 D InsetsSourceConsumer: setRequestedVisible: visible=false, type=2, host=com.kyowon.literacy.store/com.kyowon.literacy.ui.vocabulary.activity.VocabularyActivity, from=android.view.InsetsSourceConsumer.hide:236 android.view.InsetsController.collectSourceControls:1172 android.view.InsetsController.controlAnimationUnchecked:1049 android.view.InsetsController.applyAnimation:1417 android.view.InsetsController.hide:984 android.view.InsetsController.hide:967 android.view.PendingInsetsController.hide:60 androidx.core.view.WindowInsetsControllerCompat$Impl30.hide:654 androidx.core.view.WindowInsetsControllerCompat.hide:189 com.kyowon.literacy.utils.SystemUiHelper.hideSystemUI:19 
02-06 18:05:06.113 20609 20609 D InsetsSourceConsumer: setRequestedVisible: visible=false, type=1, host=com.kyowon.literacy.store/com.kyowon.literacy.ui.vocabulary.activity.VocabularyActivity, from=android.view.InsetsSourceConsumer.hide:236 android.view.InsetsController.collectSourceControls:1172 android.view.InsetsController.controlAnimationUnchecked:1049 android.view.InsetsController.applyAnimation:1417 android.view.InsetsController.hide:984 android.view.InsetsController.hide:967 android.view.PendingInsetsController.hide:60 androidx.core.view.WindowInsetsControllerCompat$Impl30.hide:654 androidx.core.view.WindowInsetsControllerCompat.hide:189 com.kyowon.literacy.utils.SystemUiHelper.hideSystemUI:19 
02-06 18:05:06.113 20609 20609 D InsetsSourceConsumer: setRequestedVisible: visible=false, type=0, host=com.kyowon.literacy.store/com.kyowon.literacy.ui.vocabulary.activity.VocabularyActivity, from=android.view.InsetsSourceConsumer.hide:236 android.view.InsetsController.collectSourceControls:1172 android.view.InsetsController.controlAnimationUnchecked:1049 android.view.InsetsController.applyAnimation:1417 android.view.InsetsController.hide:984 android.view.InsetsController.hide:967 android.view.PendingInsetsController.hide:60 androidx.core.view.WindowInsetsControllerCompat$Impl30.hide:654 androidx.core.view.WindowInsetsControllerCompat.hide:189 com.kyowon.literacy.utils.SystemUiHelper.hideSystemUI:19 
02-06 18:05:06.116 20609 20609 I ViewRootImpl@af71697[VocabularyActivity]: MSG_WINDOW_FOCUS_CHANGED 1 1
02-06 18:05:06.116 20609 20609 D InputMethodManager: prepareNavigationBarInfo() DecorView@ba62a7d[VocabularyActivity]
02-06 18:05:06.116 20609 20609 D InputMethodManager: getNavigationBarColor() -855310
02-06 18:05:06.116 20609 20609 D InputMethodManager: prepareNavigationBarInfo() DecorView@ba62a7d[VocabularyActivity]
02-06 18:05:06.116 20609 20609 D InputMethodManager: getNavigationBarColor() -855310
02-06 18:05:06.117 20609 20609 V InputMethodManager: Starting input: tba=com.kyowon.literacy.store ic=null mNaviBarColor -855310 mIsGetNaviBarColorSuccess true , NavVisible : true , NavTrans : false
02-06 18:05:06.117 20609 20609 D InputMethodManager: startInputInner - Id : 0
02-06 18:05:06.117 20609 20609 I InputMethodManager: startInputInner - mService.startInputOrWindowGainedFocus
02-06 18:05:06.117  3012  7309 D InputMethodManagerService: mSecureKeypadEnabled = false
02-06 18:05:06.117  3012  7309 D InputMethodManagerService: mDesktopModeManager null!
02-06 18:05:06.117  3012  7309 V InputMethodManagerService: getDisplayIdOfInputMethodWindowToBeAdded : 0
02-06 18:05:06.118  3012  7309 D InputMethodManagerService: checkDisplayOfStartInputAndUpdateKeyboard display Id 0last 0
02-06 18:05:06.118  3012  7309 D InputTransport: Input channel constructed: 'ClientS', fd=547
02-06 18:05:06.118  3012  7309 D InputTransport: Input channel destroyed: 'ClientS', fd=547
02-06 18:05:06.118 20609 20609 D InputTransport: Input channel constructed: 'ClientS', fd=207
02-06 18:05:06.118 20609 20609 D InputTransport: Input channel destroyed: 'ClientS', fd=201
02-06 18:05:06.121  9531  9531 D InputMethodService: checkDisplayOfStartInputAndUpdateKeyboard display Id 0last 0
02-06 18:05:06.127 20609 20609 D ViewRootImpl@7cebe7a[VocabularyActivity]: controlInsetsForCompatibility: hideByFlags=0x1, showByFlags=0x0, flags=0x1810500, sysUiVis=0x0, matchParent=true, nonAttachedAppWindow=true
02-06 18:05:06.132 20284 20323 D BufferPoolAccessor2.0: bufferpool2 0xb40000728f1fba28 : 5(19200 size) total buffers - 4(15360 size) used buffers - 91377/91382 (recycle/alloc) - 140/182756 (fetch/transfer)
02-06 18:05:06.135  3012  7309 V WindowManager: Relayout Window{8025a3f u0 com.kyowon.literacy.store/com.kyowon.literacy.ui.vocabulary.activity.VocabularyActivity}: viewVisibility=0 req=2000x1200
02-06 18:05:06.138  3012  7309 D WindowManager: isScreenshotDisabledLocked - win: Window{8025a3f u0 com.kyowon.literacy.store/com.kyowon.literacy.ui.vocabulary.activity.VocabularyActivity}
02-06 18:05:06.139  3012  7309 D WindowManager: isScreenshotDisabledLocked: userId = 0, disabled =false
02-06 18:05:06.140   862   925 I SurfaceFlinger: id=106640 createSurf (2000x1200),1 flag=4, com.kyowon.literacy.store/com.kyowon.literacy.ui.vocabulary.activity.VocabularyActivity$_20609#0
02-06 18:05:06.140  3012  7309 D WindowManager: makeSurface duration=1 name=com.kyowon.literacy.store/com.kyowon.literacy.ui.vocabulary.activity.VocabularyActivity$_20609
02-06 18:05:06.141  3012  7309 V WindowManager: Changing focus from Window{2813ac1 u0 com.kyowon.literacy.store/com.kyowon.literacy.ui.vocabulary.activity.VocabularyActivity} to Window{8025a3f u0 com.kyowon.literacy.store/com.kyowon.literacy.ui.vocabulary.activity.VocabularyActivity} displayId=0 Callers=com.android.server.wm.RootWindowContainer.updateFocusedWindowLocked:566 com.android.server.wm.WindowManagerService.updateFocusedWindowLocked:6311 com.android.server.wm.WindowManagerService.relayoutWindow:2713 com.android.server.wm.Session.relayout:219 
02-06 18:05:06.142  3012 11602 I SystemUiVisibilityPolicyController: handleMessage: entry what = 1
02-06 18:05:06.142  3012  7309 I WindowManager: Cancelling animation restarting=true, leash=Surface(name=Surface(name=7bc7528 StatusBar)/@0x1c523a8 - animation-leash)/@0x2f572e3
02-06 18:05:06.142  3012  7309 I WindowManager: Reparenting to original parent: Surface(name=WindowToken{345974b android.os.BinderProxy@ae17ec5})/@0xdbd8ec1, destroy=false, surface=Surface(name=7bc7528 StatusBar)/@0x1c523a8
02-06 18:05:06.142  3012  7309 I SurfaceControl: nativeRelease nativeObject s[-5476376618311582624]
02-06 18:05:06.142  3012  7309 I SurfaceControl: nativeRelease nativeObject e[-5476376618311582624]
02-06 18:05:06.142  3012  7309 I WindowManager: Reparenting to leash, surface=Surface(name=7bc7528 StatusBar)/@0x1c523a8, leashParent=Surface(name=WindowToken{345974b android.os.BinderProxy@ae17ec5})/@0xdbd8ec1
02-06 18:05:06.143   862   925 I SurfaceFlinger: id=106641 createSurf (0x0),-1 flag=24004, Surface(name=7bc7528 StatusBar)/@0x1c523a8 - animation-leash#1
02-06 18:05:06.143  3012  7309 D WindowManager: makeSurface duration=0 leash=Surface(name=Surface(name=7bc7528 StatusBar)/@0x1c523a8 - animation-leash)/@0x8cc5b5b
02-06 18:05:06.143  3012  7309 I WindowManager: Cancelling animation restarting=true, leash=Surface(name=Surface(name=8b29ede NavigationBar0)/@0x69dbda7 - animation-leash)/@0xb4ac399
02-06 18:05:06.143  3012  7309 I WindowManager: Reparenting to original parent: Surface(name=WindowToken{96fa963 android.os.BinderProxy@332cd1d})/@0x71cd254, destroy=false, surface=Surface(name=8b29ede NavigationBar0)/@0x69dbda7
02-06 18:05:06.143  3012  7309 I SurfaceControl: nativeRelease nativeObject s[-5476376618311584864]
02-06 18:05:06.143  3012  7309 I SurfaceControl: nativeRelease nativeObject e[-5476376618311584864]
02-06 18:05:06.143  3012  7309 I WindowManager: Reparenting to leash, surface=Surface(name=8b29ede NavigationBar0)/@0x69dbda7, leashParent=Surface(name=WindowToken{96fa963 android.os.BinderProxy@332cd1d})/@0x71cd254
02-06 18:05:06.144   862   925 I SurfaceFlinger: id=106642 createSurf (0x0),-1 flag=24004, Surface(name=8b29ede NavigationBar0)/@0x69dbda7 - animation-leash#0
02-06 18:05:06.144  3012  7309 D WindowManager: makeSurface duration=0 leash=Surface(name=Surface(name=8b29ede NavigationBar0)/@0x69dbda7 - animation-leash)/@0x4384cd1
02-06 18:05:06.144  3012  7309 D StatusBarManagerService: notifyRequestedSystemKey recent=false home=false
02-06 18:05:06.146  3012  7309 V WindowManager: Relayout hash=8025a3f, pid=20609: mAttrs={(0,0)(fillxfill) gr=CENTER sim={adjust=pan} ty=APPLICATION fmt=TRANSPARENT wanim=0x1030000
02-06 18:05:06.146  3012  7309 V WindowManager:   fl=1810500
02-06 18:05:06.146  3012  7309 V WindowManager:   pfl=1a020000
02-06 18:05:06.146  3012  7309 V WindowManager:   apr=LIGHT_NAVIGATION_BARS
02-06 18:05:06.146  3012  7309 V WindowManager:   bhv=SHOW_TRANSIENT_BARS_BY_SWIPE
02-06 18:05:06.146  3012  7309 V WindowManager:   fitSides= naviIconColor=0
02-06 18:05:06.146  3012  7309 V WindowManager:   sfl=100000}
02-06 18:05:06.146  3012  7309 I SurfaceControl: nativeRelease nativeObject s[-5476376620412054304]
02-06 18:05:06.146  3012  7309 I SurfaceControl: nativeRelease nativeObject e[-5476376620412054304]
02-06 18:05:06.149 20609 20609 I SurfaceControl: assignNativeObject: nativeObject = 0 Surface(name=null)/@0xef62a30 / android.view.SurfaceControl.readFromParcel:1117 android.view.IWindowSession$Stub$Proxy.relayout:1820 android.view.ViewRootImpl.relayoutWindow:9005 android.view.ViewRootImpl.performTraversals:3360 android.view.ViewRootImpl.doTraversal:2618 android.view.ViewRootImpl$TraversalRunnable.run:9971 android.view.Choreographer$CallbackRecord.run:1010 android.view.Choreographer.doCallbacks:809 android.view.Choreographer.doFrame:744 android.view.Choreographer$FrameDisplayEventReceiver.run:995 
02-06 18:05:06.149  3435  3435 V Navbar.Store: handleEvent [EventType] ON_NAVBAR_WINDOW_STATE_SHOWING [Module] NavigationBarFragment
02-06 18:05:06.149  3905  8008 I TouchInteractionService: onSystemUiStateChanged, stateFlags : 0
02-06 18:05:06.150  3905  3905 I TouchInteractionService: onSystemUiFlagsChanged, userUnlocked
02-06 18:05:06.150 20609 20609 I ViewRootImpl@7cebe7a[VocabularyActivity]: Relayout returned: old=(0,0,2000,1200) new=(0,0,2000,1200) req=(2000,1200)0 dur=15 res=0x7 s={true -5476376620384694272} ch=true fn=-1
02-06 18:05:06.155  3905  8008 I TouchInteractionService: onSystemUiStateChanged, stateFlags : 2
02-06 18:05:06.155  3435  3435 V Navbar.Store: handleEvent [EventType] ON_NAVBAR_WINDOW_STATE_HIDDEN [Module] NavigationBarFragment
02-06 18:05:06.156  3905  3905 I TouchInteractionService: onSystemUiFlagsChanged, userUnlocked
02-06 18:05:06.159  9531 10055 E NIO     : wtf
02-06 18:05:06.159  9531 10055 E NIO     : java.net.BindException: Address already in use
02-06 18:05:06.159  9531 10055 E NIO     : 	at sun.nio.ch.Net.bind0(Native Method)
02-06 18:05:06.159  9531 10055 E NIO     : 	at sun.nio.ch.Net.bind(Net.java:442)
02-06 18:05:06.159  9531 10055 E NIO     : 	at sun.nio.ch.Net.bind(Net.java:434)
02-06 18:05:06.159  9531 10055 E NIO     : 	at sun.nio.ch.ServerSocketChannelImpl.bind(ServerSocketChannelImpl.java:223)
02-06 18:05:06.159  9531 10055 E NIO     : 	at sun.nio.ch.ServerSocketAdaptor.bind(ServerSocketAdaptor.java:74)
02-06 18:05:06.159  9531 10055 E NIO     : 	at sun.nio.ch.ServerSocketAdaptor.bind(ServerSocketAdaptor.java:67)
02-06 18:05:06.159  9531 10055 E NIO     : 	at com.koushikdutta.async.AsyncServer$5.run(AsyncServer.java:316)
02-06 18:05:06.159  9531 10055 E NIO     : 	at com.koushikdutta.async.AsyncServer$3.run(AsyncServer.java:211)
02-06 18:05:06.159  9531 10055 E NIO     : 	at com.koushikdutta.async.AsyncServer.lockAndRunQueue(AsyncServer.java:740)
02-06 18:05:06.159  9531 10055 E NIO     : 	at com.koushikdutta.async.AsyncServer.runLoop(AsyncServer.java:758)
02-06 18:05:06.159  9531 10055 E NIO     : 	at com.koushikdutta.async.AsyncServer.run(AsyncServer.java:658)
02-06 18:05:06.159  9531 10055 E NIO     : 	at com.koushikdutta.async.AsyncServer.access$800(AsyncServer.java:44)
02-06 18:05:06.159  9531 10055 E NIO     : 	at com.koushikdutta.async.AsyncServer$14.run(AsyncServer.java:600)
02-06 18:05:06.167   862   924 I Layer   : id=106637 removeFromCurrentState Surface(name=7bc7528 StatusBar)/@0x1c523a8 - animation-leash#0 (76)
02-06 18:05:06.167   862   924 I Layer   : id=106638 removeFromCurrentState Surface(name=8b29ede NavigationBar0)/@0x69dbda7 - animation-leash#1 (76)
02-06 18:05:06.168  3012  7309 D WindowManager: finishDrawingWindow: Window{8025a3f u0 com.kyowon.literacy.store/com.kyowon.literacy.ui.vocabulary.activity.VocabularyActivity} mDrawState=DRAW_PENDING
02-06 18:05:06.169 20609 20609 E AccessibilityInteractionController: mViewRootImpl is invalid
02-06 18:05:06.170 20609 20609 I SurfaceControl: nativeRelease nativeObject s[-5476376620379443104]
02-06 18:05:06.170 20609 20609 I SurfaceControl: nativeRelease nativeObject e[-5476376620379443104]
02-06 18:05:06.171 20609 20609 I ViewRootImpl@af71697[VocabularyActivity]: MSG_WINDOW_FOCUS_CHANGED 1 1
02-06 18:05:06.172 20609 20609 I SurfaceControl: nativeRelease nativeObject s[-5476376618211922816]
02-06 18:05:06.172 20609 20609 I SurfaceControl: nativeRelease nativeObject e[-5476376618211922816]
02-06 18:05:06.172 20609 20609 I SurfaceControl: nativeRelease nativeObject s[-5476376618211915936]
02-06 18:05:06.172 20609 20609 I SurfaceControl: nativeRelease nativeObject e[-5476376618211915936]
02-06 18:05:06.173 20609 20609 I SurfaceControl: nativeRelease nativeObject s[-5476376618211922496]
02-06 18:05:06.173 20609 20609 I SurfaceControl: nativeRelease nativeObject e[-5476376618211922496]
02-06 18:05:06.173   862   924 I SurfaceFlinger: id=106637 Removed Surface(name=7bc7528 StatusBar)/@0x1c523a8 - animation-leash#0 (76)
02-06 18:05:06.173   862   924 I SurfaceFlinger: id=106638 Removed Surface(name=8b29ede NavigationBar0)/@0x69dbda7 - animation-leash#1 (76)
02-06 18:05:06.175 11530 11666 W getWindowRoots: Skipping null root node for window: AccessibilityWindowInfo[title=null, displayId=0, id=674, type=TYPE_APPLICATION, layer=0, region=SkRegion(), bounds=Rect(0, 0 - 0, 0), focused=true, active=true, pictureInPicture=false, hasParent=false, isAnchored=false, hasChildren=false]
02-06 18:05:06.200   862   862 I Layer   : id=106637[1] Destroyed Surface(name=7bc7528 StatusBar)/@0x1c523a8 - animation-leash#0
02-06 18:05:06.200   862   862 I Layer   : id=106638[1] Destroyed Surface(name=8b29ede NavigationBar0)/@0x69dbda7 - animation-leash#1
02-06 18:05:06.201  3012  7184 I InputDispatcher: Focus left window (20609): 2813ac1 in display 0 0
02-06 18:05:06.201  3012  7184 I InputDispatcher: Focus entered window (20609): 8025a3f in display 0 0
02-06 18:05:06.202 20609 20609 I ViewRootImpl@af71697[VocabularyActivity]: MSG_WINDOW_FOCUS_CHANGED 0 1
02-06 18:05:06.203 20609 20609 I ViewRootImpl@7cebe7a[VocabularyActivity]: MSG_WINDOW_FOCUS_CHANGED 1 1
02-06 18:05:06.203 20609 20609 D InputMethodManager: prepareNavigationBarInfo() DecorView@4c93faf[VocabularyActivity]
02-06 18:05:06.203 20609 20609 D InputMethodManager: getNavigationBarColor() -855310
02-06 18:05:06.203 20609 20609 D InputMethodManager: prepareNavigationBarInfo() DecorView@4c93faf[VocabularyActivity]
02-06 18:05:06.204 20609 20609 D InputMethodManager: getNavigationBarColor() -855310
02-06 18:05:06.204 20609 20609 V InputMethodManager: Starting input: tba=com.kyowon.literacy.store ic=null mNaviBarColor -855310 mIsGetNaviBarColorSuccess true , NavVisible : true , NavTrans : false
02-06 18:05:06.204 20609 20609 D InputMethodManager: startInputInner - Id : 0
02-06 18:05:06.204 20609 20609 I InputMethodManager: startInputInner - mService.startInputOrWindowGainedFocus
02-06 18:05:06.205  3012  7184 D InputMethodManagerService: mSecureKeypadEnabled = false
02-06 18:05:06.206  3012  7184 V InputMethodManagerService: Unspecified window will hide input
02-06 18:05:06.206  3012  7184 V InputMethodManagerService: hideCurrentInputLocked : shouldHideSoftInput is false
02-06 18:05:06.206  3012  7184 D InputMethodManagerService: mDesktopModeManager null!
02-06 18:05:06.206  3012  7184 V InputMethodManagerService: getDisplayIdOfInputMethodWindowToBeAdded : 0
02-06 18:05:06.207  3012  7184 D InputMethodManagerService: checkDisplayOfStartInputAndUpdateKeyboard display Id 0last 0
02-06 18:05:06.207  3012  7184 D InputTransport: Input channel constructed: 'ClientS', fd=547
02-06 18:05:06.207  3012  7184 D InputTransport: Input channel destroyed: 'ClientS', fd=547
02-06 18:05:06.207 20609 20609 D InputTransport: Input channel constructed: 'ClientS', fd=211
02-06 18:05:06.207 20609 20609 D InputTransport: Input channel destroyed: 'ClientS', fd=207
02-06 18:05:06.212  3012  7226 I WindowManager: Cancelling animation restarting=true, leash=Surface(name=Surface(name=e2afd8d InputMethod)/@0xf00da02 - animation-leash)/@0x60ddc5b
02-06 18:05:06.212  3012  7226 I WindowManager: Reparenting to original parent: Surface(name=WindowToken{8221ec3 android.os.Binder@915ca72})/@0x5559f13, destroy=false, surface=Surface(name=e2afd8d InputMethod)/@0xf00da02
02-06 18:05:06.212 20609 20609 I ViewRootImpl@7cebe7a[VocabularyActivity]: dispatchDetachedFromWindow
02-06 18:05:06.212 20609 20609 I SurfaceControl: nativeRelease nativeObject s[-5476376618213693792]
02-06 18:05:06.212 20609 20609 I SurfaceControl: nativeRelease nativeObject e[-5476376618213693792]
02-06 18:05:06.212  3012  7226 I SurfaceControl: nativeRelease nativeObject s[-5476376623274577184]
02-06 18:05:06.213  3012  7226 I SurfaceControl: nativeRelease nativeObject e[-5476376623274577184]
02-06 18:05:06.213  3012  7226 I WindowManager: Reparenting to leash, surface=Surface(name=e2afd8d InputMethod)/@0xf00da02, leashParent=Surface(name=WindowToken{8221ec3 android.os.Binder@915ca72})/@0x5559f13
02-06 18:05:06.214   862   925 I SurfaceFlinger: id=106643 createSurf (0x0),-1 flag=24004, Surface(name=e2afd8d InputMethod)/@0xf00da02 - animation-leash#1
02-06 18:05:06.215  3012  7226 D WindowManager: makeSurface duration=2 leash=Surface(name=Surface(name=e2afd8d InputMethod)/@0xf00da02 - animation-leash)/@0x723e50d
02-06 18:05:06.215  3012  7184 D InputTransport: Input channel destroyed: '8025a3f', fd=544
02-06 18:05:06.216  3012  7184 I SurfaceControl: nativeRelease nativeObject s[-5476376620412057024]
02-06 18:05:06.216  3012  7184 I SurfaceControl: nativeRelease nativeObject e[-5476376620412057024]
02-06 18:05:06.217  3012  7184 I WindowManager: Cancelling animation restarting=true, leash=Surface(name=Surface(name=e2afd8d InputMethod)/@0xf00da02 - animation-leash)/@0x723e50d
02-06 18:05:06.217  3012  7184 I WindowManager: Reparenting to original parent: Surface(name=WindowToken{8221ec3 android.os.Binder@915ca72})/@0x5559f13, destroy=false, surface=Surface(name=e2afd8d InputMethod)/@0xf00da02
02-06 18:05:06.217  3012  7184 I SurfaceControl: nativeRelease nativeObject s[-5476376620415579872]
02-06 18:05:06.217  3012  7184 I SurfaceControl: nativeRelease nativeObject e[-5476376620415579872]
02-06 18:05:06.217  3012  7184 I WindowManager: Reparenting to leash, surface=Surface(name=e2afd8d InputMethod)/@0xf00da02, leashParent=Surface(name=WindowToken{8221ec3 android.os.Binder@915ca72})/@0x5559f13
02-06 18:05:06.218  9531  9531 D InputMethodService: checkDisplayOfStartInputAndUpdateKeyboard display Id 0last 0
02-06 18:05:06.218   862   925 I SurfaceFlinger: id=106644 createSurf (0x0),-1 flag=24004, Surface(name=e2afd8d InputMethod)/@0xf00da02 - animation-leash#2
02-06 18:05:06.218  3012  7184 D WindowManager: makeSurface duration=1 leash=Surface(name=Surface(name=e2afd8d InputMethod)/@0xf00da02 - animation-leash)/@0x6f3a610
02-06 18:05:06.219  3012  7184 I WindowManager: Destroying surface Surface(name=com.kyowon.literacy.store/com.kyowon.literacy.ui.vocabulary.activity.VocabularyActivity$_20609)/@0x2b6c509 called by com.android.server.wm.WindowStateAnimator.destroySurface:1794 com.android.server.wm.WindowStateAnimator.destroySurfaceLocked:765 com.android.server.wm.WindowState.removeImmediately:2665 com.android.server.wm.WindowState.removeIfPossible:2830 com.android.server.wm.WindowState.removeIfPossible:2688 com.android.server.wm.WindowManagerService.removeWindow:2186 com.android.server.wm.Session.remove:199 android.view.IWindowSession$Stub.onTransact:813 
02-06 18:05:06.219  3012  7184 I SurfaceControl: nativeRelease nativeObject s[-5476376620412054464]
02-06 18:05:06.219  3012  7184 I SurfaceControl: nativeRelease nativeObject e[-5476376620412054464]
02-06 18:05:06.220   862   924 I Layer   : id=106640 removeFromCurrentState com.kyowon.literacy.store/com.kyowon.literacy.ui.vocabulary.activity.VocabularyActivity$_20609#0 (76)
02-06 18:05:06.225   862   924 I SurfaceFlinger: id=106640 Removed com.kyowon.literacy.store/com.kyowon.literacy.ui.vocabulary.activity.VocabularyActivity$_20609#0 (76)
02-06 18:05:06.228   862   925 I Layer   : id=106604 removeFromCurrentState Surface(name=e2afd8d InputMethod)/@0xf00da02 - animation-leash#0 (76)
02-06 18:05:06.228   862   925 I Layer   : id=106643 removeFromCurrentState Surface(name=e2afd8d InputMethod)/@0xf00da02 - animation-leash#1 (76)
02-06 18:05:06.228   862   925 I Layer   : id=106639 removeFromCurrentState 8025a3f com.kyowon.literacy.store/com.kyowon.literacy.ui.vocabulary.activity.VocabularyActivity#0 (76)
02-06 18:05:06.232  3012  7184 V WindowManager: Changing focus from Window{8025a3f u0 com.kyowon.literacy.store/com.kyowon.literacy.ui.vocabulary.activity.VocabularyActivity} to Window{2813ac1 u0 com.kyowon.literacy.store/com.kyowon.literacy.ui.vocabulary.activity.VocabularyActivity} displayId=0 Callers=com.android.server.wm.RootWindowContainer.updateFocusedWindowLocked:566 com.android.server.wm.WindowManagerService.updateFocusedWindowLocked:6311 com.android.server.wm.WindowState.removeIfPossible:2839 com.android.server.wm.WindowState.removeIfPossible:2688 
02-06 18:05:06.232  3012 11602 I SystemUiVisibilityPolicyController: handleMessage: entry what = 1
02-06 18:05:06.232   862   925 I SurfaceFlinger: id=106643 Removed Surface(name=e2afd8d InputMethod)/@0xf00da02 - animation-leash#1 (76)
02-06 18:05:06.232   862   925 I SurfaceFlinger: id=106639 Removed 8025a3f com.kyowon.literacy.store/com.kyowon.literacy.ui.vocabulary.activity.VocabularyActivity#0 (76)
02-06 18:05:06.233  3012  7184 I WindowManager: Cancelling animation restarting=true, leash=Surface(name=Surface(name=7bc7528 StatusBar)/@0x1c523a8 - animation-leash)/@0x8cc5b5b
02-06 18:05:06.233  3012  7184 I WindowManager: Reparenting to original parent: Surface(name=WindowToken{345974b android.os.BinderProxy@ae17ec5})/@0xdbd8ec1, destroy=false, surface=Surface(name=7bc7528 StatusBar)/@0x1c523a8
02-06 18:05:06.234  3012  7184 I SurfaceControl: nativeRelease nativeObject s[-5476376620412052704]
02-06 18:05:06.234  3012  7184 I SurfaceControl: nativeRelease nativeObject e[-5476376620412052704]
02-06 18:05:06.234  3012  7184 I WindowManager: Reparenting to leash, surface=Surface(name=7bc7528 StatusBar)/@0x1c523a8, leashParent=Surface(name=WindowToken{345974b android.os.BinderProxy@ae17ec5})/@0xdbd8ec1
02-06 18:05:06.236   862   925 I SurfaceFlinger: id=106645 createSurf (0x0),-1 flag=24004, Surface(name=7bc7528 StatusBar)/@0x1c523a8 - animation-leash#0
02-06 18:05:06.237  3012  7184 D WindowManager: makeSurface duration=3 leash=Surface(name=Surface(name=7bc7528 StatusBar)/@0x1c523a8 - animation-leash)/@0x966f06e
02-06 18:05:06.237  3012  7184 I WindowManager: Cancelling animation restarting=true, leash=Surface(name=Surface(name=8b29ede NavigationBar0)/@0x69dbda7 - animation-leash)/@0x4384cd1
02-06 18:05:06.237  3012  7184 I WindowManager: Reparenting to original parent: Surface(name=WindowToken{96fa963 android.os.BinderProxy@332cd1d})/@0x71cd254, destroy=false, surface=Surface(name=8b29ede NavigationBar0)/@0x69dbda7
02-06 18:05:06.237  3012  7184 I SurfaceControl: nativeRelease nativeObject s[-5476376620412051584]
02-06 18:05:06.237  3012  7184 I SurfaceControl: nativeRelease nativeObject e[-5476376620412051584]
02-06 18:05:06.237  3012  7184 I WindowManager: Reparenting to leash, surface=Surface(name=8b29ede NavigationBar0)/@0x69dbda7, leashParent=Surface(name=WindowToken{96fa963 android.os.BinderProxy@332cd1d})/@0x71cd254
02-06 18:05:06.238   862   925 I SurfaceFlinger: id=106646 createSurf (0x0),-1 flag=24004, Surface(name=8b29ede NavigationBar0)/@0x69dbda7 - animation-leash#1
02-06 18:05:06.238  3012  7184 D WindowManager: makeSurface duration=1 leash=Surface(name=Surface(name=8b29ede NavigationBar0)/@0x69dbda7 - animation-leash)/@0xd52df9c
02-06 18:05:06.239  3012  7184 D StatusBarManagerService: notifyRequestedSystemKey recent=false home=false
02-06 18:05:06.241 20609 20609 D InputTransport: Input channel destroyed: '8025a3f', fd=195
02-06 18:05:06.244   862   862 D SurfaceFlinger: Display 19260469778534273 HWC layers:
02-06 18:05:06.244   862   862 D SurfaceFlinger:      DEVICE | 0xb400007acfe20ca0 | 0002 | RGBA_8888    |    0.0    0.0 1200.0 2000.0 |    0    0 1200 2000 | com.kyowon.literacy.store/com.kyowon[...]activity.VocabularyActivity$_20609#1
02-06 18:05:06.244   862   862 D SurfaceFlinger:      CLIENT | 0xb400007acfe20d10 | 0000 | RGBA_8888    |    0.0    0.0 1200.0 2000.0 |    0    0 1200 2000 | com.kyowon.literacy.store/com.kyowon[...]activity.VocabularyActivity$_20609#0
02-06 18:05:06.244   862   862 D SurfaceFlinger:      CLIENT | 0xb400007acfe1f180 | 0008 | RGBA_8888    |    0.0    0.0 1200.0 2000.0 |    0    0 1200 2000 | $_3435#0
02-06 18:05:06.244   862   862 D SurfaceFlinger: 
02-06 18:05:06.246   862   924 I Layer   : id=106641 removeFromCurrentState Surface(name=7bc7528 StatusBar)/@0x1c523a8 - animation-leash#1 (78)
02-06 18:05:06.246   862   924 I Layer   : id=100955 removeFromCurrentState 7bc7528 StatusBar#0 (78)
02-06 18:05:06.246   862   924 I Layer   : id=100963 removeFromCurrentState StatusBar$_3435#0 (78)
02-06 18:05:06.247   862   924 I Layer   : id=106642 removeFromCurrentState Surface(name=8b29ede NavigationBar0)/@0x69dbda7 - animation-leash#0 (78)
02-06 18:05:06.251   862   862 I Layer   : id=106643[1] Destroyed Surface(name=e2afd8d InputMethod)/@0xf00da02 - animation-leash#1
02-06 18:05:06.251   862   862 I Layer   : id=106639[1] Destroyed 8025a3f com.kyowon.literacy.store/com.kyowon.literacy.ui.vocabulary.activity.VocabularyActivity#0
02-06 18:05:06.252  3012  7150 I InputDispatcher: Focus left window (20609): 8025a3f in display 0 0
02-06 18:05:06.252  9531 10055 E NIO     : wtf
02-06 18:05:06.252  9531 10055 E NIO     : java.net.BindException: Address already in use
02-06 18:05:06.252  9531 10055 E NIO     : 	at sun.nio.ch.Net.bind0(Native Method)
02-06 18:05:06.252  9531 10055 E NIO     : 	at sun.nio.ch.Net.bind(Net.java:442)
02-06 18:05:06.252  9531 10055 E NIO     : 	at sun.nio.ch.Net.bind(Net.java:434)
02-06 18:05:06.252  9531 10055 E NIO     : 	at sun.nio.ch.ServerSocketChannelImpl.bind(ServerSocketChannelImpl.java:223)
02-06 18:05:06.252  9531 10055 E NIO     : 	at sun.nio.ch.ServerSocketAdaptor.bind(ServerSocketAdaptor.java:74)
02-06 18:05:06.252  9531 10055 E NIO     : 	at sun.nio.ch.ServerSocketAdaptor.bind(ServerSocketAdaptor.java:67)
02-06 18:05:06.252  9531 10055 E NIO     : 	at com.koushikdutta.async.AsyncServer$5.run(AsyncServer.java:316)
02-06 18:05:06.252  9531 10055 E NIO     : 	at com.koushikdutta.async.AsyncServer$3.run(AsyncServer.java:211)
02-06 18:05:06.252  9531 10055 E NIO     : 	at com.koushikdutta.async.AsyncServer.lockAndRunQueue(AsyncServer.java:740)
02-06 18:05:06.252  9531 10055 E NIO     : 	at com.koushikdutta.async.AsyncServer.runLoop(AsyncServer.java:758)
02-06 18:05:06.252  9531 10055 E NIO     : 	at com.koushikdutta.async.AsyncServer.run(AsyncServer.java:658)
02-06 18:05:06.252  9531 10055 E NIO     : 	at com.koushikdutta.async.AsyncServer.access$800(AsyncServer.java:44)
02-06 18:05:06.252  9531 10055 E NIO     : 	at com.koushikdutta.async.AsyncServer$14.run(AsyncServer.java:600)
02-06 18:05:06.254  3905  3905 I Launcher.NotificationListener: onNotificationPosted : com.android.systemui number : 0
02-06 18:05:06.254   862   862 I Layer   : id=106640[1] Destroyed com.kyowon.literacy.store/com.kyowon.literacy.ui.vocabulary.activity.VocabularyActivity$_20609#0
02-06 18:05:06.260  3435  3435 D InterruptionStateProvider: No bubble up: not allowed to bubble: -1|com.android.systemui|2131362955|charging_state|10099
02-06 18:05:06.262  3435  3435 D InterruptionStateProvider: No heads up: unimportant notification: -1|com.android.systemui|2131362955|charging_state|10099
02-06 18:05:06.277   862   862 D SurfaceFlinger: Display 19260469778534273 HWC layers:
02-06 18:05:06.277   862   862 D SurfaceFlinger:      DEVICE | 0xb400007acfe20ca0 | 0002 | RGBA_8888    |    0.0    0.0 1200.0 2000.0 |    0    0 1200 2000 | com.kyowon.literacy.store/com.kyowon[...]activity.VocabularyActivity$_20609#1
02-06 18:05:06.277   862   862 D SurfaceFlinger:      DEVICE | 0xb400007acfe1f180 | 0008 | RGBA_8888    |    0.0    0.0 1200.0 2000.0 |    0    0 1200 2000 | $_3435#0
02-06 18:05:06.277   862   862 D SurfaceFlinger: 
02-06 18:05:06.281  3012  7184 I InputDispatcher: Focus entered window (20609): 2813ac1 in display 0 0
02-06 18:05:06.340  3435  3435 E ExpandableNotifRow: onNotificationUpdated() NSSL is null..
02-06 18:05:06.343  3435  3435 D FaceWidgetNotificationManager: updateFaceWidgetMusicNotificationKey() return : mFaceWidgetMusicNotificationKey is empty
02-06 18:05:06.391 20609 20609 I SurfaceControl: nativeRelease nativeObject s[-5476376618211917376]
02-06 18:05:06.391 20609 20609 I SurfaceControl: nativeRelease nativeObject e[-5476376618211917376]
02-06 18:05:06.392   862   925 I SurfaceFlinger: id=106604 Removed Surface(name=e2afd8d InputMethod)/@0xf00da02 - animation-leash#0 (75)
02-06 18:05:06.397   862   862 I Layer   : id=106604[1] Destroyed Surface(name=e2afd8d InputMethod)/@0xf00da02 - animation-leash#0
02-06 18:05:06.404 20609 20609 I ViewRootImpl@af71697[VocabularyActivity]: MSG_WINDOW_FOCUS_CHANGED 1 1
02-06 18:05:06.404 20609 20609 D InputMethodManager: prepareNavigationBarInfo() DecorView@ba62a7d[VocabularyActivity]
02-06 18:05:06.404 20609 20609 D InputMethodManager: getNavigationBarColor() -855310
02-06 18:05:06.405 20609 20609 D InputMethodManager: prepareNavigationBarInfo() DecorView@ba62a7d[VocabularyActivity]
02-06 18:05:06.405 20609 20609 D InputMethodManager: getNavigationBarColor() -855310
02-06 18:05:06.405 20609 20609 V InputMethodManager: Starting input: tba=com.kyowon.literacy.store ic=null mNaviBarColor -855310 mIsGetNaviBarColorSuccess true , NavVisible : true , NavTrans : false
02-06 18:05:06.405 20609 20609 D InputMethodManager: startInputInner - Id : 0
02-06 18:05:06.405 20609 20609 I InputMethodManager: startInputInner - mService.startInputOrWindowGainedFocus
02-06 18:05:06.406  3012  7184 D InputMethodManagerService: mSecureKeypadEnabled = false
02-06 18:05:06.406  3012  7184 V InputMethodManagerService: Unspecified window will hide input
02-06 18:05:06.406  3012  7184 V InputMethodManagerService: hideCurrentInputLocked : shouldHideSoftInput is false
02-06 18:05:06.406  3012  7184 D InputMethodManagerService: mDesktopModeManager null!
02-06 18:05:06.406  3012  7184 V InputMethodManagerService: getDisplayIdOfInputMethodWindowToBeAdded : 0
02-06 18:05:06.407  3012  7184 D InputMethodManagerService: checkDisplayOfStartInputAndUpdateKeyboard display Id 0last 0
02-06 18:05:06.407  3012  7184 D InputTransport: Input channel constructed: 'ClientS', fd=544
02-06 18:05:06.407  3012  7184 D InputTransport: Input channel destroyed: 'ClientS', fd=544
02-06 18:05:06.407 20609 20609 D InputTransport: Input channel constructed: 'ClientS', fd=193
02-06 18:05:06.407 20609 20609 D InputTransport: Input channel destroyed: 'ClientS', fd=211
02-06 18:05:06.408  3012  7184 I WindowManager: Cancelling animation restarting=true, leash=Surface(name=Surface(name=e2afd8d InputMethod)/@0xf00da02 - animation-leash)/@0x6f3a610
02-06 18:05:06.408  3012  7184 I WindowManager: Reparenting to original parent: Surface(name=WindowToken{8221ec3 android.os.Binder@915ca72})/@0x5559f13, destroy=false, surface=Surface(name=e2afd8d InputMethod)/@0xf00da02
02-06 18:05:06.409  3012  7184 I SurfaceControl: nativeRelease nativeObject s[-5476376618311828192]
02-06 18:05:06.409  3012  7184 I SurfaceControl: nativeRelease nativeObject e[-5476376618311828192]
02-06 18:05:06.409  3012  7184 I WindowManager: Reparenting to leash, surface=Surface(name=e2afd8d InputMethod)/@0xf00da02, leashParent=Surface(name=WindowToken{8221ec3 android.os.Binder@915ca72})/@0x5559f13
02-06 18:05:06.409   862   924 I SurfaceFlinger: id=106647 createSurf (0x0),-1 flag=24004, Surface(name=e2afd8d InputMethod)/@0xf00da02 - animation-leash#0
02-06 18:05:06.410  3012  7184 D WindowManager: makeSurface duration=1 leash=Surface(name=Surface(name=e2afd8d InputMethod)/@0xf00da02 - animation-leash)/@0xa022c5d
02-06 18:05:06.411  9531  9531 D InputMethodService: checkDisplayOfStartInputAndUpdateKeyboard display Id 0last 0
02-06 18:05:06.414   862   925 I Layer   : id=106644 removeFromCurrentState Surface(name=e2afd8d InputMethod)/@0xf00da02 - animation-leash#2 (75)
02-06 18:05:06.421 20609 20609 I SurfaceControl: nativeRelease nativeObject s[-5476376618211914816]
02-06 18:05:06.421 20609 20609 I SurfaceControl: nativeRelease nativeObject e[-5476376618211914816]
02-06 18:05:06.421 20609 20609 I SurfaceControl: nativeRelease nativeObject s[-5476376618211913216]
02-06 18:05:06.422 20609 20609 I SurfaceControl: nativeRelease nativeObject e[-5476376618211913216]
02-06 18:05:06.422  3012  7184 D SamsungIMMSHWKeyboard: isConnectedDexOnPC false
02-06 18:05:06.428  3012  7184 D InputMethodManagerService: isImeSwitcherDisabledPackage : false
02-06 18:05:06.438  9531 10055 E NIO     : wtf
02-06 18:05:06.438  9531 10055 E NIO     : java.net.BindException: Address already in use
02-06 18:05:06.438  9531 10055 E NIO     : 	at sun.nio.ch.Net.bind0(Native Method)
02-06 18:05:06.438  9531 10055 E NIO     : 	at sun.nio.ch.Net.bind(Net.java:442)
02-06 18:05:06.438  9531 10055 E NIO     : 	at sun.nio.ch.Net.bind(Net.java:434)
02-06 18:05:06.438  9531 10055 E NIO     : 	at sun.nio.ch.ServerSocketChannelImpl.bind(ServerSocketChannelImpl.java:223)
02-06 18:05:06.438  9531 10055 E NIO     : 	at sun.nio.ch.ServerSocketAdaptor.bind(ServerSocketAdaptor.java:74)
02-06 18:05:06.438  9531 10055 E NIO     : 	at sun.nio.ch.ServerSocketAdaptor.bind(ServerSocketAdaptor.java:67)
02-06 18:05:06.438  9531 10055 E NIO     : 	at com.koushikdutta.async.AsyncServer$5.run(AsyncServer.java:316)
02-06 18:05:06.438  9531 10055 E NIO     : 	at com.koushikdutta.async.AsyncServer$3.run(AsyncServer.java:211)
02-06 18:05:06.438  9531 10055 E NIO     : 	at com.koushikdutta.async.AsyncServer.lockAndRunQueue(AsyncServer.java:740)
02-06 18:05:06.438  9531 10055 E NIO     : 	at com.koushikdutta.async.AsyncServer.runLoop(AsyncServer.java:758)
02-06 18:05:06.438  9531 10055 E NIO     : 	at com.koushikdutta.async.AsyncServer.run(AsyncServer.java:658)
02-06 18:05:06.438  9531 10055 E NIO     : 	at com.koushikdutta.async.AsyncServer.access$800(AsyncServer.java:44)
02-06 18:05:06.438  9531 10055 E NIO     : 	at com.koushikdutta.async.AsyncServer$14.run(AsyncServer.java:600)
02-06 18:05:06.890  1093 20587 I OMX-VENC: venc_dev: stats: avg. fps 19.82, bitrate 1243621
02-06 18:05:07.077  2589  2631 E Netd    : getNetworkForDns: getNetId from enterpriseCtrl is netid 0
02-06 18:05:07.230  2589  2631 E Netd    : getNetworkForDns: getNetId from enterpriseCtrl is netid 0
02-06 18:05:07.413 11530 11548 W System  : A resource failed to call end. 
02-06 18:05:07.413 11530 11548 W System  : A resource failed to call end. 
02-06 18:05:07.414 11530 11548 W System  : A resource failed to call end. 
02-06 18:05:07.414 11530 11548 W System  : A resource failed to call end. 
02-06 18:05:07.414 11530 11548 W System  : A resource failed to call end. 
02-06 18:05:07.415 11530 11548 W System  : A resource failed to call end. 
02-06 18:05:07.415 11530 11548 W System  : A resource failed to call end. 
02-06 18:05:07.415 11530 11548 W System  : A resource failed to call end. 
02-06 18:05:07.415 11530 11548 W System  : A resource failed to call end. 
02-06 18:05:07.415 11530 11548 W System  : A resource failed to call end. 
02-06 18:05:07.415 11530 11548 W System  : A resource failed to call end. 
02-06 18:05:07.416 11530 11548 W System  : A resource failed to call end. 
02-06 18:05:07.416 11530 11548 W System  : A resource failed to call end. 
02-06 18:05:07.416 11530 11548 W System  : A resource failed to call end. 
02-06 18:05:07.416 11530 11548 W System  : A resource failed to call end. 
02-06 18:05:07.416 11530 11548 W System  : A resource failed to call end. 
02-06 18:05:07.416 11530 11548 W System  : A resource failed to call end. 
02-06 18:05:07.417 11530 11548 W System  : A resource failed to call end. 
02-06 18:05:07.417 11530 11548 W System  : A resource failed to call end. 
02-06 18:05:07.417 11530 11548 W System  : A resource failed to call end. 
02-06 18:05:07.417 11530 11548 W System  : A resource failed to call end. 
