02-06 18:11:26.098 27313 27313 D LifecycleMonitor: Lifecycle status change: com.netease.open.pocoservice.TestActivity@be23a0d in: STOPPED
02-06 18:11:26.104  1061  1061 I DrmManagerService(Native): value of perm = 2
02-06 18:11:26.105  1061  1061 E SEC_DRM_PLUGIN_Omafl: OmaPlugin::onOpenDecryptSession(fd)::Drm2IsDrmFileByExtFd::file is NOT DRM by extension
02-06 18:11:26.106  2588 27433 D GenericSource: FileSource remote
02-06 18:11:26.107  3012  3061 D EnterpriseDeviceManagerService: isMdmAdminPresentInternal() : MDM Admin Found - com.sec.enterprise.knox.cloudmdm.smdms
02-06 18:11:26.111  1076  9967 I MediaExtractorFactory: Created an extractor 'SECMP3Extractor' with confidence 0.21
02-06 18:11:26.118  2588 27433 I AnotherPacketSource: setFormat() audio
02-06 18:11:26.119  2588 27431 V NuPlayer: onSourceNotify() kWhatFlagsChanged  FLAG_CAN_PAUSE: 1  FLAG_CAN_SEEK_BACKWARD: 1 
02-06 18:11:26.119  2588 27431 V NuPlayer: 				 FLAG_CAN_SEEK_FORWARD: 1  FLAG_CAN_SEEK: 1  FLAG_DYNAMIC_DURATION: 0 
02-06 18:11:26.119  2588 27431 V NuPlayer: 				 FLAG_SECURE: 0  FLAG_PROTECTED: 0
02-06 18:11:26.120  2588 27433 V NuPlayer: Source::notifyPrepared 0
02-06 18:11:26.120  2588 27431 V NuPlayer: prepare posted successfully.
02-06 18:11:26.120  2588 27431 I NuPlayer: ORmode enabled : unsupportedAudio = 0, unsupportedVideo = 0, mHaveAudioTrack = 1, mHaveVideoTrack = 0
02-06 18:11:26.120  2588 27431 V MediaPlayerService: [266] notify (200, 10973, 0)
02-06 18:11:26.120  2588 27431 V NuPlayer: NuPlayer::onSourceNotify Source::kWhatPrepared source: 0xf6f9a680
02-06 18:11:26.120 14118 26820 V MediaPlayerNative: message received msg=200, ext1=10973, ext2=0
02-06 18:11:26.120 14118 26820 W MediaPlayerNative: info/warning (10973, 0)
02-06 18:11:26.120  2588 27431 V NuPlayer: extractMetadata Tracks : 1
02-06 18:11:26.121  2588 27431 V NuPlayer: enableInbandTextFromExtr
02-06 18:11:26.122  2588 27431 V NuPlayerDriver: notifyPrepareCompleted 0
02-06 18:11:26.122  2588 27431 V MediaPlayerService: [266] notify (1, 0, 0)
02-06 18:11:26.122 14118 26820 V MediaPlayerNative: message received msg=1, ext1=0, ext2=0
02-06 18:11:26.122 14118 26820 V MediaPlayerNative: MediaPlayer::notify() prepared
02-06 18:11:26.122 14118 26820 V MediaPlayerNative: signal application thread
02-06 18:11:26.122 14118 14118 V MediaPlayerNative: prepare complete - status=0
02-06 18:11:26.125  3012  3061 D SemGameManager: getGMSBinder(), begin
02-06 18:11:26.126  3012  3061 D SemGameManager: getGMSBinder(), successful: true
02-06 18:11:26.126  3012  3061 D SemGameManager: isAvailable(), ret=true
02-06 18:11:26.126  3012  3061 D SemGameManager: isGamePackage(), pkgName=com.kyowon.literacy.store
02-06 18:11:26.126  3012  3061 D SemGameManager: getGMSBinder(), begin
02-06 18:11:26.127 14118 14118 V MediaPlayerNative: invoke 76
02-06 18:11:26.127  2588  3027 V NuPlayer: getTrackInfo
02-06 18:11:26.127  2588 27431 W NuPlayer: no name
02-06 18:11:26.127  3012  3061 D SemGameManager: getGMSBinder(), successful: true
02-06 18:11:26.127  3012  3061 D GameManagerService: identifyGamePackage. com.kyowon.literacy.store, mCurrentUserId: 0, callerUserId: 0
02-06 18:11:26.127  3012  3061 D PkgDataHelper: getGamePkgData(). com.kyowon.literacy.store
02-06 18:11:26.127  3012  3061 D SemGameManager: isGamePackage(), ret=false
02-06 18:11:26.127 14118 14118 V MediaPlayer-JNI: setLooping: 1
02-06 18:11:26.127  3012  3061 D GameManagerService: noteResumeComponent(), received resumed-component: com.kyowon.literacy.store
02-06 18:11:26.127 14118 14118 V MediaPlayerNative: MediaPlayer::setLooping
02-06 18:11:26.128  3012  3061 I GameSDK@LifeCycle: noteResumeComponent(): package name  : com.kyowon.literacy.store
02-06 18:11:26.128  2588  3027 V MediaPlayerService: [266] setLooping(1)
02-06 18:11:26.128  3012  3220 D GameManagerService: onLooperPrepared(), msg: MSG_APP_RESUME, resumeComponent: ComponentInfo{com.kyowon.literacy.store/com.kyowon.literacy.ui.login.activity.LoginActivity}
02-06 18:11:26.128  3012  3220 D GameManagerService: handleResume().
02-06 18:11:26.128 14118 14118 V MediaPlayer-JNI: setVolume: left 0.800000  right 0.800000
02-06 18:11:26.128 14118 14118 V MediaPlayerNative: MediaPlayer::setVolume(0.800000, 0.800000)
02-06 18:11:26.128  2588  3027 V MediaPlayerService: [266] setVolume(0.800000, 0.800000)
02-06 18:11:26.128  2588  3027 V AudioSink: setVolume(0.800000, 0.800000)
02-06 18:11:26.128 14118 14118 V MediaPlayer-JNI: start
02-06 18:11:26.128  3012  3220 D GameManagerService: sendFocusOutConditionally() - mPrevNotiPackage: (unknown)
02-06 18:11:26.128 14118 14118 V MediaPlayerNative: start
02-06 18:11:26.128  3012  3220 D GameManagerService:   handleResume(). pkgName: com.kyowon.literacy.store, isTunableApp: null
02-06 18:11:26.128  2588  3027 V MediaPlayerService: [266] setLooping(1)
02-06 18:11:26.128  3012  3220 D GameManagerService: notifyFocusInOut(). of pkg: com.kyowon.literacy.store, type: 4, isMinimized: false, isTunableApp: false
02-06 18:11:26.128  3012  3220 D GameManagerService:   notifyFocusInOut(). unexpected mPrevNotiType: -1
02-06 18:11:26.128  3012  3220 D GameManagerService:NetworkLimit: callRelease
02-06 18:11:26.128  3012  3220 D GM:SystemHelper: callReleaseBlock needReleaseBlock:false
02-06 18:11:26.128  2588 15318 V MediaPlayerService: [266] setVolume(0.800000, 0.800000)
02-06 18:11:26.128  2588 15318 V AudioSink: setVolume(0.800000, 0.800000)
02-06 18:11:26.128  2588 15318 V MediaPlayerService: [266] setAuxEffectSendLevel(0.000000)
02-06 18:11:26.128  2588 15318 V AudioSink: setAuxEffectSendLevel(0.000000)
02-06 18:11:26.129  2588  3027 V MediaPlayerService: [266] start
02-06 18:11:26.129  2588  3027 V NuPlayerDriver: start(0xf6f4ed80), state is 4, eos is 0
02-06 18:11:26.129  2588 27431 V NuPlayer: kWhatStart
02-06 18:11:26.129  2588 27431 V NuPlayer: onStart: mCrypto: 0x0 (0)
02-06 18:11:26.129  2588 27431 I GenericSource: start
02-06 18:11:26.129  2588 27431 V NuPlayer: checkOffloadExceptions is true, call canOffloadStream
02-06 18:11:26.129  2586 20491 V APM_AudioPolicyManager: isOffloadSupported: SR=48000, CM=0x3, Format=0x1000000, StreamType=3, BitRate=320000, duration=20616000 us, has_video=0
02-06 18:11:26.129  2586 20491 V APM_AudioPolicyManager: Offload denied by duration < default min(=40)
02-06 18:11:26.130  2588 27431 I MediaClock: setPlaybackRate rate : 1.000000
02-06 18:11:26.135 14118 14118 I ViewRootImpl@5d930a5[LoginActivity]: MSG_WINDOW_FOCUS_CHANGED 1 1
02-06 18:11:26.136 14118 14118 D InputMethodManager: prepareNavigationBarInfo() DecorView@7e4254c[LoginActivity]
02-06 18:11:26.136 14118 14118 D InputMethodManager: getNavigationBarColor() -855310
02-06 18:11:26.137  3012  7166 I ActivityManager: Force stopping com.netease.open.pocoservice appid=10499 user=0: start instr
02-06 18:11:26.138 14118 14118 D InputMethodManager: prepareNavigationBarInfo() DecorView@7e4254c[LoginActivity]
02-06 18:11:26.138 14118 14118 D InputMethodManager: getNavigationBarColor() -855310
02-06 18:11:26.138 14118 14118 V InputMethodManager: Starting input: tba=com.kyowon.literacy.store ic=null mNaviBarColor -855310 mIsGetNaviBarColorSuccess true , NavVisible : true , NavTrans : false
02-06 18:11:26.138 14118 14118 D InputMethodManager: startInputInner - Id : 0
02-06 18:11:26.138 14118 14118 I InputMethodManager: startInputInner - mService.startInputOrWindowGainedFocus
02-06 18:11:26.139  3012  7227 D InputMethodManagerService: mSecureKeypadEnabled = false
02-06 18:11:26.139  3012  7227 D InputMethodManagerService: mDesktopModeManager null!
02-06 18:11:26.139  3012  7227 V InputMethodManagerService: getDisplayIdOfInputMethodWindowToBeAdded : 0
02-06 18:11:26.140  3012  7227 D InputMethodManagerService: checkDisplayOfStartInputAndUpdateKeyboard display Id 0last 0
02-06 18:11:26.140  3012  7227 D InputTransport: Input channel constructed: 'ClientS', fd=679
02-06 18:11:26.141  3012  7227 D InputTransport: Input channel destroyed: 'ClientS', fd=679
02-06 18:11:26.142 14118 14118 D InputTransport: Input channel constructed: 'ClientS', fd=93
02-06 18:11:26.142 14118 14118 D InputTransport: Input channel destroyed: 'ClientS', fd=105
02-06 18:11:26.143 26192 26192 D InputMethodService: checkDisplayOfStartInputAndUpdateKeyboard display Id 0last 0
02-06 18:11:26.144  3012  7227 V WindowManager: Relayout Window{7bf8cb3 u0 com.kyowon.literacy.store/com.kyowon.literacy.ui.login.activity.LoginActivity}: viewVisibility=0 req=2000x1200
02-06 18:11:26.149  3012  7227 V WindowManager: Relayout hash=7bf8cb3, pid=14118: mAttrs={(0,0)(fillxfill) sim={state=hidden adjust=pan} ty=BASE_APPLICATION wanim=0x1030304
02-06 18:11:26.149  3012  7227 V WindowManager:   fl=81810580
02-06 18:11:26.149  3012  7227 V WindowManager:   pfl=1a020000
02-06 18:11:26.149  3012  7227 V WindowManager:   apr=LIGHT_NAVIGATION_BARS
02-06 18:11:26.149  3012  7227 V WindowManager:   bhv=SHOW_TRANSIENT_BARS_BY_SWIPE
02-06 18:11:26.149  3012  7227 V WindowManager:   fitSides= naviIconColor=0
02-06 18:11:26.149  3012  7227 V WindowManager:   sfl=100000}
02-06 18:11:26.149  3012  7227 I SurfaceControl: nativeRelease nativeObject s[-5476376620519242912]
02-06 18:11:26.149  3012  7227 I SurfaceControl: nativeRelease nativeObject e[-5476376620519242912]
02-06 18:11:26.150 14118 14118 I SurfaceControl: nativeRelease nativeObject s[-5476376619841152192]
02-06 18:11:26.150 14118 14118 I SurfaceControl: nativeRelease nativeObject e[-5476376619841152192]
02-06 18:11:26.152 14118 14118 I SurfaceControl: assignNativeObject: nativeObject = 0 Surface(name=null)/@0x46e5501 / android.view.SurfaceControl.readFromParcel:1117 android.view.IWindowSession$Stub$Proxy.relayout:1820 android.view.ViewRootImpl.relayoutWindow:9005 android.view.ViewRootImpl.performTraversals:3360 android.view.ViewRootImpl.doTraversal:2618 android.view.ViewRootImpl$TraversalRunnable.run:9971 android.view.Choreographer$CallbackRecord.run:1010 android.view.Choreographer.doCallbacks:809 android.view.Choreographer.doFrame:744 android.view.Choreographer$FrameDisplayEventReceiver.run:995 
02-06 18:11:26.152  3012  7166 I ActivityManager: Killing 27313:com.netease.open.pocoservice/u0a499 (adj 0): stop com.netease.open.pocoservice due to start instr
02-06 18:11:26.153  3012  7166 D ActivityManager: proc ProcessRecord{122e23a 27313:com.netease.open.pocoservice/u0a499} already removed. so we skip next process.
02-06 18:11:26.154  3012  7166 W ActivityTaskManager: Force removing ActivityRecord{4d8059a u0 com.netease.open.pocoservice/.TestActivity t3548 f}}: app died, no saved state
02-06 18:11:26.154  3012  7166 I ActivityTaskManager: Removing activity ActivityRecord{4d8059a u0 com.netease.open.pocoservice/.TestActivity t3548 f}}(appDied)  from stack callers=com.android.server.wm.ActivityStack$RemoveHistoryRecordsForApp.processActivity:565 com.android.server.wm.ActivityStack$RemoveHistoryRecordsForApp.process:480 com.android.server.wm.ActivityStack.handleAppDied:3379 com.android.server.wm.RootWindowContainer.handleAppDied:3653 com.android.server.wm.ActivityTaskManagerService$LocalService.handleAppDied:8304 
02-06 18:11:26.154  3012  7166 D InputTransport: Input channel destroyed: 'de3fccb', fd=673
02-06 18:11:26.154  3012  7166 I SurfaceControl: nativeRelease nativeObject s[-5476376620415586592]
02-06 18:11:26.154  3012  7166 I SurfaceControl: nativeRelease nativeObject e[-5476376620415586592]
02-06 18:11:26.154  3012  7166 D WindowManager: isScreenshotDisabledLocked - win: Window{de3fccb u0 com.netease.open.pocoservice/com.netease.open.pocoservice.TestActivity}
02-06 18:11:26.154  3012  7166 D WindowManager: isScreenshotDisabledLocked: userId = 0, disabled =false
02-06 18:11:26.157   862  1520 I Layer   : id=109556 removeFromCurrentState de3fccb com.netease.open.pocoservice/com.netease.open.pocoservice.TestActivity#0 (55)
02-06 18:11:26.158  3012  7166 I SurfaceControl: nativeRelease nativeObject s[-5476376620521490816]
02-06 18:11:26.158  3012  7166 I SurfaceControl: nativeRelease nativeObject e[-5476376620521490816]
02-06 18:11:26.158  3012  7166 I SurfaceControl: nativeRelease nativeObject s[-5476376620521491456]
02-06 18:11:26.158  3012  7166 I SurfaceControl: nativeRelease nativeObject e[-5476376620521491456]
02-06 18:11:26.160  3012  7166 W ActivityManager: Crash of app com.netease.open.pocoservice running instrumentation ComponentInfo{com.netease.open.pocoservice/androidx.test.runner.AndroidJUnitRunner}
02-06 18:11:26.160  3012  7166 I ActivityManager: Force stopping com.netease.open.pocoservice appid=10499 user=0: finished inst
02-06 18:11:26.162   862  1520 I SurfaceFlinger: id=109556 Removed de3fccb com.netease.open.pocoservice/com.netease.open.pocoservice.TestActivity#0 (55)
02-06 18:11:26.163 14118 14118 I SurfaceControl: nativeRelease nativeObject s[-5476376618202814464]
02-06 18:11:26.163 14118 14118 I SurfaceControl: nativeRelease nativeObject e[-5476376618202814464]
02-06 18:11:26.163 14118 14118 I SurfaceControl: nativeRelease nativeObject s[-5476376618202812864]
02-06 18:11:26.163 14118 14118 I SurfaceControl: nativeRelease nativeObject e[-5476376618202812864]
02-06 18:11:26.163 14118 14118 I SurfaceControl: nativeRelease nativeObject s[-5476376618202813024]
02-06 18:11:26.163 14118 14118 I SurfaceControl: nativeRelease nativeObject e[-5476376618202813024]
02-06 18:11:26.163 14118 14118 I ViewRootImpl@5d930a5[LoginActivity]: Relayout returned: old=(0,0,2000,1200) new=(0,0,2000,1200) req=(2000,1200)0 dur=9 res=0x1 s={true -5476376618214567936} ch=false fn=17
02-06 18:11:26.163 27000 27000 D AndroidRuntime: Shutting down VM
02-06 18:11:26.164   862   862 I Layer   : id=109556[1] Destroyed de3fccb com.netease.open.pocoservice/com.netease.open.pocoservice.TestActivity#0
02-06 18:11:26.165 14118 14118 V MediaPlayerNative: invoke 76
02-06 18:11:26.166  2588  3027 V NuPlayer: getTrackInfo
02-06 18:11:26.169  3012  4289 D ActivityManagerPerformance: AMP_release() ACT_RESUME
02-06 18:11:26.173  2594  2614 I HYPER-HAL: [ResourceManager.cpp]removeResource(): [CPUMinFreq] RemoveResource Request ID : 4643663
02-06 18:11:26.174  2594  2614 I HYPER-HAL: [RequestManager.cpp]releaseLocked(): Released ID : 4643663
02-06 18:11:26.180  2588 27437 I NuPlayerRenderer: onConfigPlayback
02-06 18:11:26.180  2588 27437 I MediaClock: setPlaybackRate rate : 1.000000
02-06 18:11:26.180  2588 27437 I MediaClock: setSpeedAjust mSASpeed (0), mMinClockModificationTimeUs (80000)
02-06 18:11:26.180  2588 27431 I NuPlayerRenderer: setLooping (1)
02-06 18:11:26.180  2588 27431 I NuPlayerRenderer: setDuration (20616000)
02-06 18:11:26.180  2588 27431 V NuPlayer: startPlaybackTimer() time      800433186823718 (onstart)
02-06 18:11:26.180  2588 27431 W NuPlayer: no name
02-06 18:11:26.180  2588 27431 V NuPlayer: scanning sources haveAudio=0, haveVideo=0
02-06 18:11:26.180  2588 27431 V NuPlayer: checkOffloadExceptions is true, call canOffloadStream
02-06 18:11:26.180  2588 27437 I NuPlayerRenderer: kWhatSetRefRate - refRate(1.000000)
02-06 18:11:26.181  2586 20491 V APM_AudioPolicyManager: isOffloadSupported: SR=48000, CM=0x3, Format=0x1000000, StreamType=3, BitRate=320000, duration=20616000 us, has_video=0
02-06 18:11:26.181  2586 20491 V APM_AudioPolicyManager: Offload denied by duration < default min(=40)
02-06 18:11:26.183  2588 27431 V NuPlayer: make Decoder (audio)
02-06 18:11:26.184  2588 27431 V NuPlayer: instantiateDecoder audio Decoder
02-06 18:11:26.190 27200 27200 E SemDvfsManager_JNI: SemDvfsManager: registerfunction enter
02-06 18:11:26.190 27200 27200 E SemAffinityControl: SemAffinityControl: registerfunction enter
02-06 18:11:26.194  2588 27440 I CCodec  : state->set(ALLOCATING)
02-06 18:11:26.194  2588 27440 I CCodec  : allocate(c2.sec.mp3.decoder)
02-06 18:11:26.198  2588 27440 I CCodec  : setting up 'default' as default (vendor) store
02-06 18:11:26.199  1093 23194 I C2SecMp3Dec: in CreateCodec2Factory
02-06 18:11:26.199  1093 23194 I SEC_componentStore: GetCodec2SecComponentStore+++++++++++++
02-06 18:11:26.199  1093 23194 I SEC_componentStore: GetCodec2SecComponentStore--------------default
02-06 18:11:26.201  2588 27440 I CCodec  : Created component [c2.sec.mp3.decoder]
02-06 18:11:26.201  2588 27440 I CCodec  : state->set(ALLOCATED)
02-06 18:11:26.202  2588 27440 D CCodecConfig: read media type: audio/mpeg
02-06 18:11:26.203  4438  3289 E AuthPII : Message is Long live credential not available.
02-06 18:11:26.203  4438  3289 E AuthPII : bauw: Long live credential not available.
02-06 18:11:26.203  4438  3289 E AuthPII : 	at admt.a(:com.google.android.gms@260235022@26.02.35 (150400-862924022):1351)
02-06 18:11:26.203  4438  3289 E AuthPII : 	at adna.b(:com.google.android.gms@260235022@26.02.35 (150400-862924022):26)
02-06 18:11:26.203  4438  3289 E AuthPII : 	at admy.a(:com.google.android.gms@260235022@26.02.35 (150400-862924022):764)
02-06 18:11:26.203  4438  3289 E AuthPII : 	at admx.b(:com.google.android.gms@260235022@26.02.35 (150400-862924022):142)
02-06 18:11:26.203  4438  3289 E AuthPII : 	at adca.a(:com.google.android.gms@260235022@26.02.35 (150400-862924022):328)
02-06 18:11:26.203  4438  3289 E AuthPII : 	at acxg.f(:com.google.android.gms@260235022@26.02.35 (150400-862924022):24)
02-06 18:11:26.203  4438  3289 E AuthPII : 	at cmku.fC(:com.google.android.gms@260235022@26.02.35 (150400-862924022):1)
02-06 18:11:26.203  4438  3289 E AuthPII : 	at cmky.run(:com.google.android.gms@260235022@26.02.35 (150400-862924022):118)
02-06 18:11:26.203  4438  3289 E AuthPII : 	at fjeu.run(:com.google.android.gms@260235022@26.02.35 (150400-862924022):19)
02-06 18:11:26.203  4438  3289 E AuthPII : 	at bcbg.c(:com.google.android.gms@260235022@26.02.35 (150400-862924022):50)
02-06 18:11:26.203  4438  3289 E AuthPII : 	at bcbg.run(:com.google.android.gms@260235022@26.02.35 (150400-862924022):73)
02-06 18:11:26.203  4438  3289 E AuthPII : 	at java.util.concurrent.ThreadPoolExecutor.runWorker(ThreadPoolExecutor.java:1167)
02-06 18:11:26.203  4438  3289 E AuthPII : 	at java.util.concurrent.ThreadPoolExecutor$Worker.run(ThreadPoolExecutor.java:641)
02-06 18:11:26.203  4438  3289 E AuthPII : 	at bcgx.run(:com.google.android.gms@260235022@26.02.35 (150400-862924022):8)
02-06 18:11:26.203  4438  3289 E AuthPII : 	at java.lang.Thread.run(Thread.java:923)
02-06 18:11:26.205  2588 27440 D ReflectedParamUpdater: extent() != 1 for single value type: algo.buffers.max-count.values
02-06 18:11:26.205  2588 27440 D ReflectedParamUpdater: extent() != 1 for single value type: output.subscribed-indices.values
02-06 18:11:26.205  2588 27440 D ReflectedParamUpdater: extent() != 1 for single value type: input.buffers.allocator-ids.values
02-06 18:11:26.205  2588 27440 D ReflectedParamUpdater: extent() != 1 for single value type: output.buffers.allocator-ids.values
02-06 18:11:26.205  2588 27440 D ReflectedParamUpdater: extent() != 1 for single value type: algo.buffers.allocator-ids.values
02-06 18:11:26.206  2588 27440 D ReflectedParamUpdater: extent() != 1 for single value type: output.buffers.pool-ids.values
02-06 18:11:26.206  2588 27440 D ReflectedParamUpdater: extent() != 1 for single value type: algo.buffers.pool-ids.values
02-06 18:11:26.207  2588 27440 I CCodecConfig: query failed after returning 7 values (BAD_INDEX)
02-06 18:11:26.207  2588 27440 D CCodecConfig: c2 config diff is Dict {
02-06 18:11:26.207  2588 27440 D CCodecConfig:   c2::u32 coded.bitrate.value = 64000
02-06 18:11:26.207  2588 27440 D CCodecConfig:   c2::u32 input.buffers.max-size.value = 8192
02-06 18:11:26.207  2588 27440 D CCodecConfig:   c2::u32 input.delay.value = 0
02-06 18:11:26.207  2588 27440 D CCodecConfig:   string input.media-type.value = "audio/mpeg"
02-06 18:11:26.207  2588 27440 D CCodecConfig:   string output.media-type.value = "audio/raw"
02-06 18:11:26.207  2588 27440 D CCodecConfig:   c2::u32 raw.channel-count.value = 2
02-06 18:11:26.207  2588 27440 D CCodecConfig:   c2::u32 raw.sample-rate.value = 44100
02-06 18:11:26.207  2588 27440 D CCodecConfig: }
02-06 18:11:26.209  2588 27440 D CCodec  : [c2.sec.mp3.decoder] buffers are bound to CCodec for this session
02-06 18:11:26.209  2588 27440 D CCodecConfig: no c2 equivalents for durationUs
02-06 18:11:26.209  2588 27440 D CCodecConfig: no c2 equivalents for bits-per-sample
02-06 18:11:26.209  2588 27440 D CCodecConfig: no c2 equivalents for encoder-delay
02-06 18:11:26.209  2588 27440 D CCodecConfig: no c2 equivalents for encoder-padding
02-06 18:11:26.209  2588 27440 D CCodecConfig: no c2 equivalents for app-pid
02-06 18:11:26.209  2588 27440 D CCodecConfig: no c2 equivalents for flags
02-06 18:11:26.211 27200 27200 W app_process: JNI RegisterNativeMethods: attempt to register 0 native methods for android.media.AudioAttributes
02-06 18:11:26.212  2588 27440 D CCodecConfig: c2 config diff is   c2::u32 raw.sample-rate.value = 48000
02-06 18:11:26.215  2588 27440 W Codec2Client: query -- param skipped: index = 1107298332.
02-06 18:11:26.215  2588 27440 D CCodec  : setup formats input: AMessage(what = 0x00000000) = {
02-06 18:11:26.215  2588 27440 D CCodec  :   int32_t channel-count = 2
02-06 18:11:26.215  2588 27440 D CCodec  :   int32_t max-input-size = 8192
02-06 18:11:26.215  2588 27440 D CCodec  :   string mime = "audio/mpeg"
02-06 18:11:26.215  2588 27440 D CCodec  :   int32_t sample-rate = 48000
02-06 18:11:26.215  2588 27440 D CCodec  :   int64_t durationUs = 20616000
02-06 18:11:26.215  2588 27440 D CCodec  : } and output: AMessage(what = 0x00000000) = {
02-06 18:11:26.215  2588 27440 D CCodec  :   int32_t channel-count = 2
02-06 18:11:26.215  2588 27440 D CCodec  :   string mime = "audio/raw"
02-06 18:11:26.215  2588 27440 D CCodec  :   int32_t sample-rate = 48000
02-06 18:11:26.215  2588 27440 D CCodec  :   int32_t encoder-delay = 576
02-06 18:11:26.215  2588 27440 D CCodec  :   int32_t encoder-padding = 1564
02-06 18:11:26.215  2588 27440 D CCodec  : }
02-06 18:11:26.216   541  1662 I servicemanager: Found vendor.samsung.frameworks.codecsolution.ISehCodecSolution/default in framework VINTF manifest.
02-06 18:11:26.216  3012  7227 D SehCodecSolutionService: updateMediaStatisticsData: (action=1@1986621044;category=4@1986621044;label=1936945203@1986621044)
02-06 18:11:26.217  3012  7227 D CodecSolution_MediaStatisticsData: MediaStatisticsData: action=1@1986621044;category=4@1986621044;label=1936945203@1986621044
02-06 18:11:26.217  3012  7227 D CodecSolution_MediaStatisticsData: Category.valueOf: 4
02-06 18:11:26.217  3012  7227 D CodecSolution_MediaStatisticsData: Action.valueOf: 1
02-06 18:11:26.217  3012  7227 D CodecSolution_MediaStatisticsData: Label.valueOf: 0x73737033
02-06 18:11:26.217  3012  7227 D CodecSolution_MediaStatisticsData: category: ADEC
02-06 18:11:26.217  3012  7227 D CodecSolution_MediaStatisticsData: action: INSTANTIATE
02-06 18:11:26.217  3012  7227 D CodecSolution_MediaStatisticsData: label: SEC_SW_MP3
02-06 18:11:26.217   862   924 I Layer   : id=109554 removeFromCurrentState ActivityRecord{4d8059a u0 com.netease.open.pocoservice/.TestActivity t3548}#0 (54)
02-06 18:11:26.217   862   924 I Layer   : id=109553 removeFromCurrentState Task=3548#0 (54)
02-06 18:11:26.217  2588 27440 I MediaCodec: MediaCodec will operate in async mode
02-06 18:11:26.217  2588 27439 W MediaCodec: keep callback message for reclaim
02-06 18:11:26.217  2588 27440 I CCodec  : state->set(STARTING)
02-06 18:11:26.218   862  1519 I SurfaceFlinger: id=109554 Removed ActivityRecord{4d8059a u0 com.netease.open.pocoservice/.TestActivity t3548}#0 (54)
02-06 18:11:26.218   862  1519 I SurfaceFlinger: id=109553 Removed Task=3548#0 (54)
02-06 18:11:26.219  2588 27440 W Codec2Client: query -- param skipped: index = 1342179345.
02-06 18:11:26.219  2588 27440 W Codec2Client: query -- param skipped: index = 2415921170.
02-06 18:11:26.219  3012  7898 D ActivityManagerPerformance: AMP_release() ACT_START
02-06 18:11:26.219  3012  7898 I SemDvfsHyPerManager: acquire hyper - AMS_RESUME_TAIL/3012@21, type = -999
02-06 18:11:26.219  3012  7898 I SemDvfsHyPerManager: acquire hyper - AMS_ACT_LAZY/3012@22, type = -999
02-06 18:11:26.219  3012  7898 D ActivityManagerPerformance: AMP_acquire() TAIL
02-06 18:11:26.219  3012  7898 D ActivityManagerPerformance: AMP_release() APP_SWITCH
02-06 18:11:26.219  2588 27440 E FMQ     : grantorIdx must be less than 3
02-06 18:11:26.220  2588 27440 E FMQ     : grantorIdx must be less than 3
02-06 18:11:26.220  2588 27440 D CCodecBufferChannel: [c2.sec.mp3.decoder#643] Created input block pool with allocatorID 16 => poolID 273 - OK (0)
02-06 18:11:26.220  3012  4289 E libprocessgroup: Failed to write 'THAWED' to /dev/freezer/olaf/freezer.state: No such file or directory
02-06 18:11:26.220  3012  4289 W libprocessgroup: Failed to apply DoNothingOlaf task profile: No such file or directory
02-06 18:11:26.220  1093 18317 E FMQ     : grantorIdx must be less than 3
02-06 18:11:26.220  1093 18317 E FMQ     : grantorIdx must be less than 3
02-06 18:11:26.221  2588 27440 I CCodecBufferChannel: [c2.sec.mp3.decoder#643] Created output block pool with allocatorID 16 => poolID 4001 - OK
02-06 18:11:26.221  3435  3435 V ToastPresenter: Text: qoco in android.widget.ToastPresenter@7fb0de8
02-06 18:11:26.221  2588 27440 D CCodecBufferChannel: [c2.sec.mp3.decoder#643] Configured output block pool ids 4001 => OK
02-06 18:11:26.222  2588 27440 D CCodecBufferChannel: [c2.sec.mp3.decoder#643] start: updating output delay 0
02-06 18:11:26.222  2588 27440 I CCodec  : state->set(RUNNING)
02-06 18:11:26.222  1093 18317 I SEC_componentStore: >>SEC Codec2's2 SetIonUsage : 33554432
02-06 18:11:26.222  1093 18317 I SEC_componentStore: >>SEC Codec2's SetIonUsage
02-06 18:11:26.224  1093 27441 D SimpleC2Component: Using output block pool with poolID 4001 => got 4001 - 0
02-06 18:11:26.224  2588 27440 E FMQ     : grantorIdx must be less than 3
02-06 18:11:26.225  1093 23194 E FMQ     : grantorIdx must be less than 3
02-06 18:11:26.229  1093 27441 I SEC_componentStore: >>SEC Codec2's2 SetIonUsage : 33554432
02-06 18:11:26.229  1093 27441 I SEC_componentStore: >>SEC Codec2's SetIonUsage
02-06 18:11:26.229  2594  2614 I HYPER-HAL: [ResourceManager.cpp]removeResource(): [CPUMinFreq] RemoveResource Request ID : 4619307
02-06 18:11:26.229  1093 27441 I C2SecMp3Dec: Reconfiguring decoder: 0->48000 Hz, 0->2 channels
02-06 18:11:26.231  1093 27441 E FMQ     : grantorIdx must be less than 3
02-06 18:11:26.231  2588 16228 E FMQ     : grantorIdx must be less than 3
02-06 18:11:26.232  2588 27437 I NuPlayerRenderer: openAudioSink: open AudioSink in NON-offload mode audioFormat : 1, flags : 8
02-06 18:11:26.232  2588 27437 V AudioSink: +++ close
02-06 18:11:26.233  2588 27437 V AudioSink: --- close
02-06 18:11:26.233  2594  2614 I HYPER-HAL: [RequestManager.cpp]releaseLocked(): Released ID : 4619307
02-06 18:11:26.233  2594  2614 I HYPER-HAL: [RequestManager.cpp]acquire(): Acquired ID : 4601082  [3012 / 21]    HINT : AMS_RESUME_TAIL    list : 
02-06 18:11:26.233  2586 20491 V APM_AudioPolicyManager: getOutput() stream 3 selected devices {type:0x8000,@:0}, output 53
02-06 18:11:26.233  2586  2744 V APM_AudioPolicyManager: getOutput() stream 3 selected devices {type:0x8000,@:0}, output 53
02-06 18:11:26.233  2594  2614 I HYPER-HAL: [ResourceManager.cpp]updateResource(): [CPULittleMinFreq] UpdateResource Request ID : 4601082    Value : 1017600
02-06 18:11:26.234  2586  2744 V APM_AudioPolicyManager: getOutput() stream 3 selected devices {type:0x8000,@:0}, output 53
02-06 18:11:26.234  2588 27437 I NuPlayerRenderer: checkAudioSinkPcmMsSetting 500
02-06 18:11:26.234  2588 27437 V AudioSink: open(48000, 2, 0x0, 0x1, 0, 8249 0x8)
02-06 18:11:26.234  2586 20491 V APM_AudioPolicyManager: getOutput() stream 3 selected devices {type:0x8000,@:0}, output 53
02-06 18:11:26.235  2586  2744 V APM_AudioPolicyManager: getOutput() stream 3 selected devices {type:0x8000,@:0}, output 53
02-06 18:11:26.235  2588 27437 V AudioSink: no track available to recycle
02-06 18:11:26.235  2588 27437 V AudioSink: creating new AudioTrack
02-06 18:11:26.236  2586  2744 V APM_AudioPolicyManager: getOutputForAttrInt() attributes={ Content type: AUDIO_CONTENT_TYPE_UNKNOWN Usage: AUDIO_USAGE_UNKNOWN Source: -1 Flags: 0x800 Tags:  } stream=AUDIO_STREAM_MUSIC session 8249 selectedDeviceId 0
02-06 18:11:26.236  2586  2744 D APM::MultiSoundManager: getDevice, uid = 10584, device = 0
02-06 18:11:26.236  2586  2744 I APM_AudioPolicyManager: selectOutputFlags: remove ULL flag for dolby
02-06 18:11:26.236  2586  2744 V APM_AudioPolicyManager: getOutputForAttrInt() device {type:0x8000,@:0}, sampling rate 48000, format 0x1, channel mask 0x3, flags 0x200008 stream AUDIO_STREAM_MUSIC
02-06 18:11:26.237  2586  2744 V APM_AudioPolicyManager: selectOutput new bestOutput 53 criteria 0 0 0 0 0 0 4 0 
02-06 18:11:26.237  2586  2744 V APM_AudioPolicyManager: getOutputForAttrInt returns output 53 selectedDeviceId 389
02-06 18:11:26.237  2586  2744 V APM_AudioPolicyManager: getOutputForAttr() returns output 53 requestedPortId 0 selectedDeviceId 389 for port ID 804
02-06 18:11:26.237  2586  2744 I AudioFlinger: nonSecFlag 8, secFlag 200000, outputFlags 0
02-06 18:11:26.237  2586  2744 W AudioFlinger: createTrack_l(): mismatch between requested flags (00000008) and output flags (00000000)
02-06 18:11:26.237  2586  2744 D AudioFlinger: Client defaulted notificationFrames to 8192 for frameCount 24576
02-06 18:11:26.237  2586  2744 I AF::Track: setMixerOutConfig return default condition, mixer key 2002, thread key 202
02-06 18:11:26.240  2588 27437 E AudioSystem: invalid attributes { Content type: AUDIO_CONTENT_TYPE_UNKNOWN Usage: AUDIO_USAGE_UNKNOWN Source: -1 Flags: 0x800 Tags:  } when converting to stream
02-06 18:11:26.240  2594  2614 I HYPER-HAL: [ResourceManager.cpp]updateResource(): [CPUMinFreq] UpdateResource Request ID : 4601082    Value : 1401600
02-06 18:11:26.240  2588 27437 V AudioSink: deleteRecycledTrack_l
02-06 18:11:26.240  2588 27437 V AudioSink: setVolume
02-06 18:11:26.240  2588 27437 D AudioTrack: setVolume(0.800000, 0.800000) pid : 14118
02-06 18:11:26.240  2594  2614 I HYPER-HAL: [RequestManager.cpp]acquire(): Acquired ID : 4604117  [3012 / 22]    HINT : AMS_ACT_LAZY    list : 
02-06 18:11:26.241  2588 27437 V AudioSink: updateTrack() DONE status 0
02-06 18:11:26.241  2588 27437 V AudioSink: setPlaybackRate(1.000000 1.000000 2 0)
02-06 18:11:26.241  2588 27437 V AudioSink: start
02-06 18:11:26.241  2588 27437 D AudioTrack: setVolume(0.800000, 0.800000) pid : 14118
02-06 18:11:26.241  2588 27437 I SAG_VOR_a32: VoiceActivityDetectionInit() Version Samsung VAD v3.0 a32 2020.06.22)
02-06 18:11:26.241  2594  2614 I HYPER-HAL: [ResourceManager.cpp]removeResource(): [CPULittleMinFreq] RemoveResource Request ID : 4598048
02-06 18:11:26.241  2586 20491 I AF::Track: setMixerOutConfig return default condition, mixer key 2002, thread key 202
02-06 18:11:26.241  2586 20491 I HiddenSound: registerSession : session=8249, pid=14118, uid=10584, ref=1
02-06 18:11:26.241  2586 20491 I AudioPolicyEffectException: MySpaceHandler::checkDetachCondition media 1, ring 0, mp 1
02-06 18:11:26.241  2586 20491 I AudioPolicyEffectException: MySpace detach value 0
02-06 18:11:26.241  2586 20491 I AudioPolicyEffectException: Nxp detach value 0
02-06 18:11:26.244  2594  2614 I HYPER-HAL: [ResourceManager.cpp]removeResource(): [CPUMinFreq] RemoveResource Request ID : 4598048
02-06 18:11:26.247   862   862 I Layer   : id=109553[1] Destroyed Task=3548#0
02-06 18:11:26.247   862   862 I Layer   : id=109554[1] Destroyed ActivityRecord{4d8059a u0 com.netease.open.pocoservice/.TestActivity t3548}#0
02-06 18:11:26.248  2583  7034 I EffectsFactory: EffectCreate() create_effect
02-06 18:11:26.248  2583  7034 D MySpaceEffect: MySpace EffectCreate start - session 8249
02-06 18:11:26.248  2583  7034 D MySpaceEffect: MS EffectCreate - Allocating SessionNo 0 for SessionId 8249
02-06 18:11:26.248  2583  7034 D MySpaceEffect: MS EffectCreate - This is the first effect in current sessionId 8249 sessionNo 0
02-06 18:11:26.248  2583  7034 D MySpaceEffect: MySpaceEffect::MySpaceEffect ctor
02-06 18:11:26.248  2583  7034 D MySpace : MySpace::Init, mSampleRate = 48000
02-06 18:11:26.248  2583  7034 I MySpace : SoundAlive_3DPosisiton_Factory Create
02-06 18:11:26.249  2583  7034 D MySpace : MySpace Initialize mPreset = 0
02-06 18:11:26.250  2583  7034 D MySpace : MySpace::Init, mSampleRate = 48000
02-06 18:11:26.250  2583  7034 D MySpace : MySpace Initialize mPreset = 0
02-06 18:11:26.250  2583  2583 I MySpace : MySpace setDevice 8000, 0
02-06 18:11:26.250 27274 27274 I SAEffectManager: Dolby effect instance has created successfully. AUDIOSESSION_ID = -3
02-06 18:11:26.251 27274 27274 I SAEffectManager: SAEffectManager : mDolbyGame = getNewDolbyInstance. AUDIOSESSION_ID = -3
02-06 18:11:26.251 27274 27274 I SAEffectManager: getNewDolbyInstance() : _dolbyType is 2
02-06 18:11:26.251  2586 20491 I AudioPolicyEffectException: MySpace setPreset fadein skip by no cmd
02-06 18:11:26.251  2586 20491 V APM_AudioPolicyManager: startOutput portId 804
02-06 18:11:26.251  2586 20491 V APM_AudioPolicyManager: startOutput() output 53, stream 3, session 8249
02-06 18:11:26.251  2586 20491 V APM_AudioPolicyManager: setBeaconMute(1) mBeaconMuteRefCount=1 mBeaconPlayingRefCount=0
02-06 18:11:26.251  2586 20491 D APM::MultiSoundManager: getDevice, uid = 10584, device = 0
02-06 18:11:26.252  2586 20491 V APM_AudioPolicyManager: selectOutputForMusicEffects activeOnly 1 output 53 flags 0x00000000
02-06 18:11:26.252  2586 20491 V APM_AudioPolicyManager: selectOutputForMusicEffects selected output 53
02-06 18:11:26.252  2586 20491 V APM_AudioPolicyManager: getNewOutputDevices selected devices {type:0x8000,@:0}
02-06 18:11:26.252  2586 20491 V APM_AudioPolicyManager: setOutputDevices device {type:0x8000,@:0} delayMs 0
02-06 18:11:26.252  2586 20491 V APM_AudioPolicyManager: setOutputDevices() prevDevice {type:0x8000,@:0}
02-06 18:11:26.252  2586 20491 V APM_AudioPolicyManager: setOutputDevices: suppressing checkDeviceMuteStrategies
02-06 18:11:26.252  2586 20491 V APM_AudioPolicyManager: setOutputDevices setting same device {type:0x8000,@:0} or null device, force=0, patch handle=392
02-06 18:11:26.252  2586 20491 V APM_AudioPolicyManager: computeVolume: stream 3, index 9, volume 0.114815, deviceTypes 0x8000
02-06 18:11:26.253  2586 20491 V APM_AudioPolicyManager: computeVolume: stream 3, index 10, volume 0.147911, deviceTypes 0x8000
02-06 18:11:26.253 27274 27274 I SAEffectManager: Dolby Game Instance has created successfully.
02-06 18:11:26.255  2586 20491 W APM::AudioPolicyEngine: getDevicesForStrategy() unknown strategy: -1
02-06 18:11:26.255  2586 20491 W APM::AudioPolicyEngine: getDevicesForStrategy() unknown strategy: -1
02-06 18:11:26.255  2586 20491 I AudioFlinger: updateStageIndex new -5302
02-06 18:11:26.256 27274 27274 I SoundAliveApplication: resetUnsupportedEffects
02-06 18:11:26.259  2586 20376 D DlbDap2Process: setParam(preg = #1[0])
02-06 18:11:26.259  2588 27437 I MediaClock: setThreshold mThresholdTimeUsForAnchor(500000), mMinClockModificationTimeUs(80000), mMaxCorrectionTimeUs(30000)
02-06 18:11:26.259  2588 27437 I MediaClock: setPlaybackRate rate : 0.000000
02-06 18:11:26.259  2588 27437 D AudioTrack: getTimestamp_l(804): device stall time corrected using current time 800433265705645
02-06 18:11:26.259  2588 27437 I NuPlayerRenderer: onDrainAudioQueue() send kWhatPollingAudioStarted audio_out : 0
02-06 18:11:26.259  2588 27437 I NuPlayerRenderer: setAudioFirstAnchorTime mAudioFirstAnchorTimeMediaUs : -1, new mediaTimeUs : 36979
02-06 18:11:26.259  2588 27437 I MediaClock: getMediaTime_l - mAnchorTimeRealUs is '-1'
02-06 18:11:26.259  2588 27431 V NuPlayer: media rendering started
02-06 18:11:26.259  2588 27431 V MediaPlayerService: [266] notify (6, 0, 0)
02-06 18:11:26.259  2588 27437 I MediaClock: getMediaTime_l - mAnchorTimeRealUs is '-1'
02-06 18:11:26.263 14118 26820 V MediaPlayerNative: message received msg=6, ext1=0, ext2=0
02-06 18:11:26.264  2588 27437 I MediaClock: getMediaTime_l - mAnchorTimeRealUs is '-1'
02-06 18:11:26.264  2588 27437 I MediaClock: getMediaTime_l - mAnchorTimeRealUs is '-1'
02-06 18:11:26.264  2588 27437 I MediaClock: getMediaTime_l - mAnchorTimeRealUs is '-1'
02-06 18:11:26.268  2588 27437 I MediaClock: getMediaTime_l - mAnchorTimeRealUs is '-1'
02-06 18:11:26.268  2594  2614 I HYPER-HAL: [RequestManager.cpp]releaseLocked(): Released ID : 4598048
02-06 18:11:26.273  2588 27437 I MediaClock: getMediaTime_l - mAnchorTimeRealUs is '-1'
02-06 18:11:26.274 26192 27113 E NIO     : wtf
02-06 18:11:26.274 26192 27113 E NIO     : java.net.BindException: Address already in use
02-06 18:11:26.274 26192 27113 E NIO     : 	at sun.nio.ch.Net.bind0(Native Method)
02-06 18:11:26.274 26192 27113 E NIO     : 	at sun.nio.ch.Net.bind(Net.java:442)
02-06 18:11:26.274 26192 27113 E NIO     : 	at sun.nio.ch.Net.bind(Net.java:434)
02-06 18:11:26.274 26192 27113 E NIO     : 	at sun.nio.ch.ServerSocketChannelImpl.bind(ServerSocketChannelImpl.java:223)
02-06 18:11:26.274 26192 27113 E NIO     : 	at sun.nio.ch.ServerSocketAdaptor.bind(ServerSocketAdaptor.java:74)
02-06 18:11:26.274 26192 27113 E NIO     : 	at sun.nio.ch.ServerSocketAdaptor.bind(ServerSocketAdaptor.java:67)
02-06 18:11:26.274 26192 27113 E NIO     : 	at com.koushikdutta.async.AsyncServer$5.run(AsyncServer.java:316)
02-06 18:11:26.274 26192 27113 E NIO     : 	at com.koushikdutta.async.AsyncServer$3.run(AsyncServer.java:211)
02-06 18:11:26.274 26192 27113 E NIO     : 	at com.koushikdutta.async.AsyncServer.lockAndRunQueue(AsyncServer.java:740)
02-06 18:11:26.274 26192 27113 E NIO     : 	at com.koushikdutta.async.AsyncServer.runLoop(AsyncServer.java:758)
02-06 18:11:26.274 26192 27113 E NIO     : 	at com.koushikdutta.async.AsyncServer.run(AsyncServer.java:658)
02-06 18:11:26.274 26192 27113 E NIO     : 	at com.koushikdutta.async.AsyncServer.access$800(AsyncServer.java:44)
02-06 18:11:26.274 26192 27113 E NIO     : 	at com.koushikdutta.async.AsyncServer$14.run(AsyncServer.java:600)
02-06 18:11:26.275  2588 27437 I MediaClock: getMediaTime_l - mAnchorTimeRealUs is '-1'
02-06 18:11:26.277  2588 27437 I MediaClock: getMediaTime_l - mAnchorTimeRealUs is '-1'
02-06 18:11:26.279  2588 27437 I MediaClock: getMediaTime_l - mAnchorTimeRealUs is '-1'
02-06 18:11:26.279  2588 27437 I MediaClock: getMediaTime_l - mAnchorTimeRealUs is '-1'
02-06 18:11:26.279  2588 27437 I MediaClock: getMediaTime_l - mAnchorTimeRealUs is '-1'
02-06 18:11:26.299  2588 27437 I MediaClock: getMediaTime_l - mAnchorTimeRealUs is '-1'
02-06 18:11:26.299  2588 27437 I MediaClock: getMediaTime_l - mAnchorTimeRealUs is '-1'
02-06 18:11:26.300  2588 27437 I MediaClock: getMediaTime_l - mAnchorTimeRealUs is '-1'
02-06 18:11:26.309   821   907 E ANDR-PERF-UTIL: Failed to update node /proc/27225/sched_boost with value 0
02-06 18:11:26.309   821   907 E ANDR-PERF-OPTSHANDLER: can't reset task 27225
02-06 18:11:26.309   821   907 E ANDR-PERF-RESOURCEQS: Failed to reset optimization [3, 32]
02-06 18:11:26.311  2588 27437 I MediaClock: getMediaTime_l - mAnchorTimeRealUs is '-1'
02-06 18:11:26.314  2588 27437 I MediaClock: getMediaTime_l - mAnchorTimeRealUs is '-1'
02-06 18:11:26.316  2588 27437 I MediaClock: getMediaTime_l - mAnchorTimeRealUs is '-1'
02-06 18:11:26.318  2588 27437 I MediaClock: getMediaTime_l - mAnchorTimeRealUs is '-1'
02-06 18:11:26.320  2588 27437 I MediaClock: getMediaTime_l - mAnchorTimeRealUs is '-1'
02-06 18:11:26.320  2588 27437 I MediaClock: getMediaTime_l - mAnchorTimeRealUs is '-1'
02-06 18:11:26.320  2588 27437 I MediaClock: getMediaTime_l - mAnchorTimeRealUs is '-1'
02-06 18:11:26.338  2588  3027 I MediaClock: getMediaTime_l - mAnchorTimeRealUs is '-1'
02-06 18:11:26.338  2588 27431 V MediaPlayerService: [266] notify (211, 0, 0)
02-06 18:11:26.338 14118 26820 V MediaPlayerNative: message received msg=211, ext1=0, ext2=0
02-06 18:11:26.338 14118 14118 V MediaPlayer-JNI: getCurrentPosition: 37 (msec)
02-06 18:11:26.338  3738  3738 I IpcDispatcher<0>: handleMessage: EVENT_SEC_CHANNEL_PROXY_DEAD cookie = 11197 mSecChannelProxyCookie = 11197
02-06 18:11:26.339   542   542 I hwservicemanager: getTransport: Cannot find entry vendor.samsung.hardware.radio.channel@2.0::ISehChannel/imsd in either framework or device manifest.
02-06 18:11:26.340  3738  3738 E IpcDispatcher<0>: SecChannelProxy getService/setCallback: java.util.NoSuchElementException
02-06 18:11:26.352 27200 27200 D AndroidRuntime: Calling main entry com.android.commands.am.Am
02-06 18:11:26.415  1093 13961 I OMX-VENC: venc_dev: stats: avg. fps 7.48, bitrate 1270197
02-06 18:11:26.445 27380 27380 D AndroidRuntime: >>>>>> START com.android.internal.os.RuntimeInit uid 2000 <<<<<<
02-06 18:11:26.455 27380 27380 I AndroidRuntime: Using default boot image
02-06 18:11:26.455 27380 27380 I AndroidRuntime: Leaving lock profiling enabled
02-06 18:11:26.456 27380 27380 D SecNativeFeatureCppIf: encoded
02-06 18:11:26.456 27380 27380 D SecNativeFeatureCppIf: decoding and unzip finish
02-06 18:11:26.456 27380 27380 D SecNativeFeatureCppIf: use unCompDataBuff. encoded
02-06 18:11:26.457 27380 27380 D SecNativeFeatureCppIf: Free unCompDataBuff
02-06 18:11:26.458 27380 27380 D SecNativeFeatureCppIf: encoded
02-06 18:11:26.458 27380 27380 D SecNativeFeatureCppIf: decoding and unzip finish
02-06 18:11:26.458 27380 27380 D SecNativeFeatureCppIf: use unCompDataBuff. encoded
02-06 18:11:26.458 27380 27380 D SecNativeFeatureCppIf: Free unCompDataBuff
02-06 18:11:26.458 27380 27380 D AndroidRuntime: addProductProperty: pBrand1 is not null
02-06 18:11:26.458 27380 27380 D AndroidRuntime: addProductProperty: not brand or 7
02-06 18:11:26.507  3012  3081 I SemDvfsHyPerManager: acquire hyper - APP_LAUNCH/3012@19, type = -999
02-06 18:11:26.507  2594  2614 I HYPER-HAL: [RequestManager.cpp]acquire(): Acquired ID : 4595015  [3012 / 19]    HINT : APP_LAUNCH    list : 
02-06 18:11:26.507  2594  2614 I HYPER-HAL: [ResourceManager.cpp]updateResource(): [CPULittleMinFreq] UpdateResource Request ID : 4595015    Value : 1804800
02-06 18:11:26.513  2594  2614 E HYPER-HAL: [HandlerSysfs.cpp]doResourceHandling(): Couldn't Open Sysfs - /sys/class/scsi_host/host0/../../../clkscale_enable
02-06 18:11:26.516  2594  2614 I HYPER-HAL: [ResourceManager.cpp]updateResource(): [CPUMinFreq] UpdateResource Request ID : 4595015    Value : 2016000
02-06 18:11:26.584 27345 27345 D AndroidRuntime: >>>>>> START com.android.internal.os.RuntimeInit uid 2000 <<<<<<
02-06 18:11:26.589 27345 27345 I AndroidRuntime: Using default boot image
02-06 18:11:26.589 27345 27345 I AndroidRuntime: Leaving lock profiling enabled
02-06 18:11:26.589 27345 27345 D SecNativeFeatureCppIf: encoded
02-06 18:11:26.589 27345 27345 D SecNativeFeatureCppIf: decoding and unzip finish
02-06 18:11:26.589 27345 27345 D SecNativeFeatureCppIf: use unCompDataBuff. encoded
02-06 18:11:26.591 27345 27345 D SecNativeFeatureCppIf: Free unCompDataBuff
02-06 18:11:26.591 27345 27345 D SecNativeFeatureCppIf: encoded
02-06 18:11:26.591 27345 27345 D SecNativeFeatureCppIf: decoding and unzip finish
02-06 18:11:26.591 27345 27345 D SecNativeFeatureCppIf: use unCompDataBuff. encoded
02-06 18:11:26.591 27345 27345 D SecNativeFeatureCppIf: Free unCompDataBuff
02-06 18:11:26.591 27345 27345 D AndroidRuntime: addProductProperty: pBrand1 is not null
02-06 18:11:26.591 27345 27345 D AndroidRuntime: addProductProperty: not brand or 7
02-06 18:11:26.654  3012  7898 W system_server: Long monitor contention with owner Binder:3012_B (3934) at com.android.server.pm.PackageSetting com.android.server.pm.PackageManagerService.getPackageSettingInternal(java.lang.String, int)(PackageManagerService.java:31743) waiters=0 in int com.android.server.pm.permission.PermissionManagerService.checkUidPermission(java.lang.String, int) for 395ms
02-06 18:11:26.658  3012  7227 W system_server: Long monitor contention with owner Binder:3012_B (3934) at com.android.server.pm.PackageSetting com.android.server.pm.PackageManagerService.getPackageSettingInternal(java.lang.String, int)(PackageManagerService.java:31743) waiters=1 in int com.android.server.pm.permission.PermissionManagerService.checkUidPermission(java.lang.String, int) for 398ms
02-06 18:11:26.661  3012  3080 W system_server: Long monitor contention with owner Binder:3012_B (3934) at com.android.server.pm.PackageSetting com.android.server.pm.PackageManagerService.getPackageSettingInternal(java.lang.String, int)(PackageManagerService.java:31743) waiters=5 in boolean com.android.server.pm.PackageManagerService$PackageManagerInternalImpl.isPackageEphemeral(int, java.lang.String) for 363ms
02-06 18:11:26.675  3012  3624 W system_server: Long monitor contention with owner Binder:3012_B (3934) at com.android.server.pm.PackageSetting com.android.server.pm.PackageManagerService.getPackageSettingInternal(java.lang.String, int)(PackageManagerService.java:31743) waiters=6 in int com.android.server.pm.permission.PermissionManagerService.checkUidPermission(java.lang.String, int) for 264ms
02-06 18:11:26.676  3012  7898 I system_server: oneway function results will be dropped but finished with status OK and parcel size 4
02-06 18:11:26.678  3012  3453 D InputTransport: Input channel constructed: '96d13e0', fd=687
02-06 18:11:26.678  3012  3453 D InputTransport: Input channel constructed: '96d13e0', fd=690
02-06 18:11:26.680   862   925 I SurfaceFlinger: id=109557 createSurf (0x0),-1 flag=80004, 96d13e0 Toast#0
02-06 18:11:26.685  3012  3453 D InputTransport: Input channel destroyed: '96d13e0', fd=690
02-06 18:11:26.687  3435  3435 D InputTransport: Input channel constructed: '96d13e0', fd=134
02-06 18:11:26.704  3012  7944 W system_server: Long monitor contention with owner Binder:3012_4 (3453) at int com.android.server.wm.WindowManagerService.addWindow(com.android.server.wm.Session, android.view.IWindow, int, android.view.WindowManager$LayoutParams, int, int, android.graphics.Rect, android.graphics.Rect, android.graphics.Rect, android.view.DisplayCutout$ParcelableWrapper, android.view.InputChannel, android.view.InsetsState, android.view.InsetsSourceControl[], int)(WindowManagerService.java:2022) waiters=0 in void com.android.server.wm.TaskPersister$TaskWriteQueueItem.process() for 390ms
02-06 18:11:26.709  2588 27437 I NuPlayerRenderer: kWhatPollingAudioStarted clock running played_out : 25300 us, audio_out : 0 us, gap : 25300 us
02-06 18:11:26.709  2588 27437 I NuPlayerRenderer: kWhatPollingAudioStarted update nowMediaUs : 54279 us
02-06 18:11:26.709  2588 27437 I MediaClock: setPlaybackRate rate : 1.000000
02-06 18:11:26.709  2588 27431 V MediaPlayerService: [266] notify (211, 0, 0)
02-06 18:11:26.709  2588 27437 I MediaClock: setSpeedAjust mSASpeed (0), mMinClockModificationTimeUs (80000)
02-06 18:11:26.709  2588 27431 V MediaPlayerService: [266] notify (211, 0, 0)
02-06 18:11:26.709  2588 27431 V MediaPlayerService: [266] notify (211, 0, 0)
02-06 18:11:26.710 14118 26820 V MediaPlayerNative: message received msg=211, ext1=0, ext2=0
02-06 18:11:26.710 14118 26820 V MediaPlayerNative: message received msg=211, ext1=0, ext2=0
02-06 18:11:26.710 14118 26820 V MediaPlayerNative: message received msg=211, ext1=0, ext2=0
02-06 18:11:26.733  3012  7144 I ActivityTaskManager: START u0 {flg=0x10000000 cmp=com.netease.open.pocoservice/.TestActivity} from uid 2000
02-06 18:11:26.735  3012  7144 D ActivityTaskManager: TaskLaunchParamsModifier:task=null activity=ActivityRecord{bbbed9e u0 com.netease.open.pocoservice/.TestActivity task-display-area=DefaultTaskDisplayArea@168164836 display-area-windowing-mode=1
02-06 18:11:26.736  3012  7144 D ActivityTaskManager: TaskLaunchParamsModifier:task=null activity=ActivityRecord{bbbed9e u0 com.netease.open.pocoservice/.TestActivity t-1} task-display-area=DefaultTaskDisplayArea@168164836 display-area-windowing-mode=1 non-freeform-display maximized-bounds
02-06 18:11:26.737   862  1519 I SurfaceFlinger: id=109558 createSurf (0x0),-1 flag=24004, Task=3549#0
02-06 18:11:26.737  3012  4289 I SemDvfsHyPerManager: acquire hyper - AMS_APP_SWITCH/3012@20, type = -999
02-06 18:11:26.738  2594  2614 I HYPER-HAL: [RequestManager.cpp]acquire(): Acquired ID : 4598048  [3012 / 20]    HINT : AMS_ACT_SWITCH    list : 
02-06 18:11:26.738  2594  2614 I HYPER-HAL: [ResourceManager.cpp]updateResource(): [CPULittleMinFreq] UpdateResource Request ID : 4598048    Value : 1804800
02-06 18:11:26.740  3012  3323 D DexPreloader: create a new DexPreloadTask pkg:com.netease.open.pocoservice  path:/data/app/~~fkxe-PwEwpS3aOAmL9X4_A==/com.netease.open.pocoservice-JE6kp9AlGetf5MSP_9m6gQ==
02-06 18:11:26.741  3012  7144 D ActivityTaskManager: TaskLaunchParamsModifier:task=Task{5426d5a #3549 visible=false type=standard mode=fullscreen translucent=true A=10499:com.netease.open.pocoservice U=0 StackId=3549 sz=0} activity=ActivityRecord{bbbed9e u0 com.netease.open.pocoservice/.TestActivity t-1} display-from-task=0 task-display-area=DefaultTaskDisplayArea@168164836 display-area-windowing-mode=1 non-freeform-display maximized-bounds
02-06 18:11:26.744   862  1519 I SurfaceFlinger: id=109559 createSurf (0x0),-1 flag=80004, ActivityRecord{bbbed9e u0 com.netease.open.pocoservice/.TestActivity t3549}#0
02-06 18:11:26.745  3012  4289 D ActivityManagerPerformance: AMP_acquire() APP_SWITCH
02-06 18:11:26.745  2594  2614 I HYPER-HAL: [ResourceManager.cpp]updateResource(): [CPUMinFreq] UpdateResource Request ID : 4598048    Value : 2016000
02-06 18:11:26.746  2594 27442 I HYPER-HAL: [ResourceManager.cpp]removeResource(): [CPULittleMinFreq] RemoveResource Request ID : 4601082
