02-06 18:04:03.606   862   862 I Layer   : id=106511[1] Destroyed 48ee21d com.kyowon.literacy.store/com.kyowon.literacy.ui.vocabulary.activity.VocabularyActivity#0
02-06 18:04:03.609   862   862 I Layer   : id=106512[1] Destroyed com.kyowon.literacy.store/com.kyowon.literacy.ui.vocabulary.activity.VocabularyActivity$_20609#0
02-06 18:04:03.622 20609 20609 V InputMethodManager: Starting input: tba=com.kyowon.literacy.store ic=null mNaviBarColor -855310 mIsGetNaviBarColorSuccess true , NavVisible : true , NavTrans : false
02-06 18:04:03.627   862   862 D SurfaceFlinger:      DEVICE | 0xb400007acfe1ed90 | 0002 | RGBA_8888    |    0.0    0.0 1200.0 2000.0 |    0    0 1200 2000 | com.kyowon.literacy.store/com.kyowon[...]activity.VocabularyActivity$_20609#1
02-06 18:04:05.340   719 10832 I System.out: {"id":"fd028852-38d0-415d-aeaf-1f77cc459e41","uri":"poco-uiautomation-framework","method":[["getattr","selector"],["getattr","select"],["call",[["",["and",[["attr=",["text",""]],["attr=",["name","com.kyowon.literacy.store:id\/textFrontWord"]]]]],["",false]]]],"session_id":"54862a4f-a7f6-4a6f-ab1e-a02f90ea0ef2"}
02-06 18:04:06.076   862  1520 I SurfaceFlinger: id=106517 createSurf (0x0),-1 flag=80004, 6e581f9 com.kyowon.literacy.store/com.kyowon.literacy.ui.vocabulary.activity.VocabularyActivity#0
02-06 18:04:06.085 20609 20609 D InsetsSourceConsumer: setRequestedVisible: visible=false, type=2, host=com.kyowon.literacy.store/com.kyowon.literacy.ui.vocabulary.activity.VocabularyActivity, from=android.view.InsetsSourceConsumer.hide:236 android.view.InsetsController.collectSourceControls:1172 android.view.InsetsController.controlAnimationUnchecked:1049 android.view.InsetsController.applyAnimation:1417 android.view.InsetsController.hide:984 android.view.InsetsController.hide:967 android.view.PendingInsetsController.hide:60 androidx.core.view.WindowInsetsControllerCompat$Impl30.hide:654 androidx.core.view.WindowInsetsControllerCompat.hide:189 com.kyowon.literacy.utils.SystemUiHelper.hideSystemUI:19 
02-06 18:04:06.085 20609 20609 D InsetsSourceConsumer: setRequestedVisible: visible=false, type=1, host=com.kyowon.literacy.store/com.kyowon.literacy.ui.vocabulary.activity.VocabularyActivity, from=android.view.InsetsSourceConsumer.hide:236 android.view.InsetsController.collectSourceControls:1172 android.view.InsetsController.controlAnimationUnchecked:1049 android.view.InsetsController.applyAnimation:1417 android.view.InsetsController.hide:984 android.view.InsetsController.hide:967 android.view.PendingInsetsController.hide:60 androidx.core.view.WindowInsetsControllerCompat$Impl30.hide:654 androidx.core.view.WindowInsetsControllerCompat.hide:189 com.kyowon.literacy.utils.SystemUiHelper.hideSystemUI:19 
02-06 18:04:06.086 20609 20609 D InsetsSourceConsumer: setRequestedVisible: visible=false, type=0, host=com.kyowon.literacy.store/com.kyowon.literacy.ui.vocabulary.activity.VocabularyActivity, from=android.view.InsetsSourceConsumer.hide:236 android.view.InsetsController.collectSourceControls:1172 android.view.InsetsController.controlAnimationUnchecked:1049 android.view.InsetsController.applyAnimation:1417 android.view.InsetsController.hide:984 android.view.InsetsController.hide:967 android.view.PendingInsetsController.hide:60 androidx.core.view.WindowInsetsControllerCompat$Impl30.hide:654 androidx.core.view.WindowInsetsControllerCompat.hide:189 com.kyowon.literacy.utils.SystemUiHelper.hideSystemUI:19 
02-06 18:04:06.099  3012  8462 V WindowManager: Relayout Window{6e581f9 u0 com.kyowon.literacy.store/com.kyowon.literacy.ui.vocabulary.activity.VocabularyActivity}: viewVisibility=0 req=2000x1200
02-06 18:04:06.110  3012  8462 D WindowManager: isScreenshotDisabledLocked - win: Window{6e581f9 u0 com.kyowon.literacy.store/com.kyowon.literacy.ui.vocabulary.activity.VocabularyActivity}
02-06 18:04:06.111   862  1520 I SurfaceFlinger: id=106518 createSurf (2000x1200),1 flag=4, com.kyowon.literacy.store/com.kyowon.literacy.ui.vocabulary.activity.VocabularyActivity$_20609#0
02-06 18:04:06.119  3012  8462 D WindowManager: makeSurface duration=9 name=com.kyowon.literacy.store/com.kyowon.literacy.ui.vocabulary.activity.VocabularyActivity$_20609
02-06 18:04:06.122  3012  8462 V WindowManager: Changing focus from Window{2813ac1 u0 com.kyowon.literacy.store/com.kyowon.literacy.ui.vocabulary.activity.VocabularyActivity} to Window{6e581f9 u0 com.kyowon.literacy.store/com.kyowon.literacy.ui.vocabulary.activity.VocabularyActivity} displayId=0 Callers=com.android.server.wm.RootWindowContainer.updateFocusedWindowLocked:566 com.android.server.wm.WindowManagerService.updateFocusedWindowLocked:6311 com.android.server.wm.WindowManagerService.relayoutWindow:2713 com.android.server.wm.Session.relayout:219 
02-06 18:04:06.157  3012  8462 D WindowManager: finishDrawingWindow: Window{6e581f9 u0 com.kyowon.literacy.store/com.kyowon.literacy.ui.vocabulary.activity.VocabularyActivity} mDrawState=DRAW_PENDING
02-06 18:04:06.171  3012  3571 I WindowManager: Destroying surface Surface(name=com.kyowon.literacy.store/com.kyowon.literacy.ui.vocabulary.activity.VocabularyActivity$_20609)/@0x7e07731 called by com.android.server.wm.WindowStateAnimator.destroySurface:1794 com.android.server.wm.WindowStateAnimator.destroySurfaceLocked:765 com.android.server.wm.WindowState.removeImmediately:2665 com.android.server.wm.WindowState.removeIfPossible:2830 com.android.server.wm.WindowState.removeIfPossible:2688 com.android.server.wm.WindowManagerService.removeWindow:2186 com.android.server.wm.Session.remove:199 android.view.IWindowSession$Stub.onTransact:813 
02-06 18:04:06.171   862   924 I Layer   : id=106518 removeFromCurrentState com.kyowon.literacy.store/com.kyowon.literacy.ui.vocabulary.activity.VocabularyActivity$_20609#0 (93)
02-06 18:04:06.176   862  2572 I Layer   : id=106517 removeFromCurrentState 6e581f9 com.kyowon.literacy.store/com.kyowon.literacy.ui.vocabulary.activity.VocabularyActivity#0 (93)
02-06 18:04:06.178  3012  3571 V WindowManager: Changing focus from Window{6e581f9 u0 com.kyowon.literacy.store/com.kyowon.literacy.ui.vocabulary.activity.VocabularyActivity} to Window{2813ac1 u0 com.kyowon.literacy.store/com.kyowon.literacy.ui.vocabulary.activity.VocabularyActivity} displayId=0 Callers=com.android.server.wm.RootWindowContainer.updateFocusedWindowLocked:566 com.android.server.wm.WindowManagerService.updateFocusedWindowLocked:6311 com.android.server.wm.WindowState.removeIfPossible:2839 com.android.server.wm.WindowState.removeIfPossible:2688 
02-06 18:04:06.185   862   924 I SurfaceFlinger: id=106518 Removed com.kyowon.literacy.store/com.kyowon.literacy.ui.vocabulary.activity.VocabularyActivity$_20609#0 (95)
02-06 18:04:06.185   862   924 I SurfaceFlinger: id=106517 Removed 6e581f9 com.kyowon.literacy.store/com.kyowon.literacy.ui.vocabulary.activity.VocabularyActivity#0 (95)
02-06 18:04:06.194   862   862 D SurfaceFlinger:      DEVICE | 0xb400007acfe20ca0 | 0002 | RGBA_8888    |    0.0    0.0 1200.0 2000.0 |    0    0 1200 2000 | com.kyowon.literacy.store/com.kyowon[...]activity.VocabularyActivity$_20609#1
02-06 18:04:06.194   862   862 D SurfaceFlinger:      CLIENT | 0xb400007ac04d2430 | 0000 | RGBA_8888    |    0.0    0.0 1200.0 2000.0 |    0    0 1200 2000 | com.kyowon.literacy.store/com.kyowon[...]activity.VocabularyActivity$_20609#0
02-06 18:04:06.201   862   862 I Layer   : id=106517[1] Destroyed 6e581f9 com.kyowon.literacy.store/com.kyowon.literacy.ui.vocabulary.activity.VocabularyActivity#0
02-06 18:04:06.204 20609 20609 V InputMethodManager: Starting input: tba=com.kyowon.literacy.store ic=null mNaviBarColor -855310 mIsGetNaviBarColorSuccess true , NavVisible : true , NavTrans : false
02-06 18:04:06.206   862   862 I Layer   : id=106518[1] Destroyed com.kyowon.literacy.store/com.kyowon.literacy.ui.vocabulary.activity.VocabularyActivity$_20609#0
02-06 18:04:06.227   862   862 D SurfaceFlinger:      DEVICE | 0xb400007acfe20ca0 | 0002 | RGBA_8888    |    0.0    0.0 1200.0 2000.0 |    0    0 1200 2000 | com.kyowon.literacy.store/com.kyowon[...]activity.VocabularyActivity$_20609#1
02-06 18:04:07.579   719 10857 I System.out: {"id":"c8d9add6-0ec8-4a6e-af56-4aa830cf8197","uri":"poco-uiautomation-framework","method":[["getattr","selector"],["getattr","select"],["call",[["",["and",[["attr=",["name","com.kyowon.literacy.store:id\/textMeaning"]]]]],["",false]]]],"session_id":"54862a4f-a7f6-4a6f-ab1e-a02f90ea0ef2"}
02-06 18:04:08.862   719 10872 I System.out: {"id":"77f7987c-622f-49af-a2cb-0f6111d69d16","uri":"poco-uiautomation-framework","method":[["getattr","selector"],["getattr","select"],["call",[["",["and",[["attr=",["name","com.kyowon.literacy.store:id\/btnBack"]]]]],["",false]]]],"session_id":"54862a4f-a7f6-4a6f-ab1e-a02f90ea0ef2"}
02-06 18:04:09.220   862  1519 I SurfaceFlinger: id=106523 createSurf (0x0),-1 flag=80004, e318977 com.kyowon.literacy.store/com.kyowon.literacy.ui.vocabulary.activity.VocabularyActivity#0
02-06 18:04:09.227 20609 20609 D InsetsSourceConsumer: setRequestedVisible: visible=false, type=2, host=com.kyowon.literacy.store/com.kyowon.literacy.ui.vocabulary.activity.VocabularyActivity, from=android.view.InsetsSourceConsumer.hide:236 android.view.InsetsController.collectSourceControls:1172 android.view.InsetsController.controlAnimationUnchecked:1049 android.view.InsetsController.applyAnimation:1417 android.view.InsetsController.hide:984 android.view.InsetsController.hide:967 android.view.PendingInsetsController.hide:60 androidx.core.view.WindowInsetsControllerCompat$Impl30.hide:654 androidx.core.view.WindowInsetsControllerCompat.hide:189 com.kyowon.literacy.utils.SystemUiHelper.hideSystemUI:19 
02-06 18:04:09.228 20609 20609 D InsetsSourceConsumer: setRequestedVisible: visible=false, type=1, host=com.kyowon.literacy.store/com.kyowon.literacy.ui.vocabulary.activity.VocabularyActivity, from=android.view.InsetsSourceConsumer.hide:236 android.view.InsetsController.collectSourceControls:1172 android.view.InsetsController.controlAnimationUnchecked:1049 android.view.InsetsController.applyAnimation:1417 android.view.InsetsController.hide:984 android.view.InsetsController.hide:967 android.view.PendingInsetsController.hide:60 androidx.core.view.WindowInsetsControllerCompat$Impl30.hide:654 androidx.core.view.WindowInsetsControllerCompat.hide:189 com.kyowon.literacy.utils.SystemUiHelper.hideSystemUI:19 
02-06 18:04:09.228 20609 20609 D InsetsSourceConsumer: setRequestedVisible: visible=false, type=0, host=com.kyowon.literacy.store/com.kyowon.literacy.ui.vocabulary.activity.VocabularyActivity, from=android.view.InsetsSourceConsumer.hide:236 android.view.InsetsController.collectSourceControls:1172 android.view.InsetsController.controlAnimationUnchecked:1049 android.view.InsetsController.applyAnimation:1417 android.view.InsetsController.hide:984 android.view.InsetsController.hide:967 android.view.PendingInsetsController.hide:60 androidx.core.view.WindowInsetsControllerCompat$Impl30.hide:654 androidx.core.view.WindowInsetsControllerCompat.hide:189 com.kyowon.literacy.utils.SystemUiHelper.hideSystemUI:19 
02-06 18:04:09.287  3012  8462 V WindowManager: Relayout Window{e318977 u0 com.kyowon.literacy.store/com.kyowon.literacy.ui.vocabulary.activity.VocabularyActivity}: viewVisibility=0 req=2000x1200
02-06 18:04:09.295  3012  8462 D WindowManager: isScreenshotDisabledLocked - win: Window{e318977 u0 com.kyowon.literacy.store/com.kyowon.literacy.ui.vocabulary.activity.VocabularyActivity}
02-06 18:04:09.296   862   924 I SurfaceFlinger: id=106524 createSurf (2000x1200),1 flag=4, com.kyowon.literacy.store/com.kyowon.literacy.ui.vocabulary.activity.VocabularyActivity$_20609#0
02-06 18:04:09.299  3012  8462 D WindowManager: makeSurface duration=4 name=com.kyowon.literacy.store/com.kyowon.literacy.ui.vocabulary.activity.VocabularyActivity$_20609
02-06 18:04:09.301  3012  8462 V WindowManager: Changing focus from Window{2813ac1 u0 com.kyowon.literacy.store/com.kyowon.literacy.ui.vocabulary.activity.VocabularyActivity} to Window{e318977 u0 com.kyowon.literacy.store/com.kyowon.literacy.ui.vocabulary.activity.VocabularyActivity} displayId=0 Callers=com.android.server.wm.RootWindowContainer.updateFocusedWindowLocked:566 com.android.server.wm.WindowManagerService.updateFocusedWindowLocked:6311 com.android.server.wm.WindowManagerService.relayoutWindow:2713 com.android.server.wm.Session.relayout:219 
02-06 18:04:09.349  3012  7144 D WindowManager: finishDrawingWindow: Window{e318977 u0 com.kyowon.literacy.store/com.kyowon.literacy.ui.vocabulary.activity.VocabularyActivity} mDrawState=DRAW_PENDING
02-06 18:04:09.380  3012  7144 I WindowManager: Destroying surface Surface(name=com.kyowon.literacy.store/com.kyowon.literacy.ui.vocabulary.activity.VocabularyActivity$_20609)/@0x622a17c called by com.android.server.wm.WindowStateAnimator.destroySurface:1794 com.android.server.wm.WindowStateAnimator.destroySurfaceLocked:765 com.android.server.wm.WindowState.removeImmediately:2665 com.android.server.wm.WindowState.removeIfPossible:2830 com.android.server.wm.WindowState.removeIfPossible:2688 com.android.server.wm.WindowManagerService.removeWindow:2186 com.android.server.wm.Session.remove:199 android.view.IWindowSession$Stub.onTransact:813 
02-06 18:04:09.381   862  2572 I Layer   : id=106524 removeFromCurrentState com.kyowon.literacy.store/com.kyowon.literacy.ui.vocabulary.activity.VocabularyActivity$_20609#0 (95)
02-06 18:04:09.383   862  1520 I Layer   : id=106523 removeFromCurrentState e318977 com.kyowon.literacy.store/com.kyowon.literacy.ui.vocabulary.activity.VocabularyActivity#0 (95)
02-06 18:04:09.383   862  2572 I SurfaceFlinger: id=106524 Removed com.kyowon.literacy.store/com.kyowon.literacy.ui.vocabulary.activity.VocabularyActivity$_20609#0 (95)
02-06 18:04:09.385  3012  7144 V WindowManager: Changing focus from Window{e318977 u0 com.kyowon.literacy.store/com.kyowon.literacy.ui.vocabulary.activity.VocabularyActivity} to Window{2813ac1 u0 com.kyowon.literacy.store/com.kyowon.literacy.ui.vocabulary.activity.VocabularyActivity} displayId=0 Callers=com.android.server.wm.RootWindowContainer.updateFocusedWindowLocked:566 com.android.server.wm.WindowManagerService.updateFocusedWindowLocked:6311 com.android.server.wm.WindowState.removeIfPossible:2839 com.android.server.wm.WindowState.removeIfPossible:2688 
02-06 18:04:09.389   862   925 I SurfaceFlinger: id=106523 Removed e318977 com.kyowon.literacy.store/com.kyowon.literacy.ui.vocabulary.activity.VocabularyActivity#0 (97)
02-06 18:04:09.398   862   862 I Layer   : id=106523[1] Destroyed e318977 com.kyowon.literacy.store/com.kyowon.literacy.ui.vocabulary.activity.VocabularyActivity#0
02-06 18:04:09.398   862   862 I Layer   : id=106524[1] Destroyed com.kyowon.literacy.store/com.kyowon.literacy.ui.vocabulary.activity.VocabularyActivity$_20609#0
02-06 18:04:09.442   862   925 I SurfaceFlinger: id=106529 createSurf (0x0),-1 flag=80004, e4ba414 com.kyowon.literacy.store/com.kyowon.literacy.ui.vocabulary.activity.VocabularyActivity#0
02-06 18:04:09.451 20609 20609 D InsetsSourceConsumer: setRequestedVisible: visible=false, type=2, host=com.kyowon.literacy.store/com.kyowon.literacy.ui.vocabulary.activity.VocabularyActivity, from=android.view.InsetsSourceConsumer.hide:236 android.view.InsetsController.collectSourceControls:1172 android.view.InsetsController.controlAnimationUnchecked:1049 android.view.InsetsController.applyAnimation:1417 android.view.InsetsController.hide:984 android.view.InsetsController.hide:967 android.view.PendingInsetsController.hide:60 androidx.core.view.WindowInsetsControllerCompat$Impl30.hide:654 androidx.core.view.WindowInsetsControllerCompat.hide:189 com.kyowon.literacy.utils.SystemUiHelper.hideSystemUI:19 
02-06 18:04:09.451 20609 20609 D InsetsSourceConsumer: setRequestedVisible: visible=false, type=1, host=com.kyowon.literacy.store/com.kyowon.literacy.ui.vocabulary.activity.VocabularyActivity, from=android.view.InsetsSourceConsumer.hide:236 android.view.InsetsController.collectSourceControls:1172 android.view.InsetsController.controlAnimationUnchecked:1049 android.view.InsetsController.applyAnimation:1417 android.view.InsetsController.hide:984 android.view.InsetsController.hide:967 android.view.PendingInsetsController.hide:60 androidx.core.view.WindowInsetsControllerCompat$Impl30.hide:654 androidx.core.view.WindowInsetsControllerCompat.hide:189 com.kyowon.literacy.utils.SystemUiHelper.hideSystemUI:19 
02-06 18:04:09.452 20609 20609 D InsetsSourceConsumer: setRequestedVisible: visible=false, type=0, host=com.kyowon.literacy.store/com.kyowon.literacy.ui.vocabulary.activity.VocabularyActivity, from=android.view.InsetsSourceConsumer.hide:236 android.view.InsetsController.collectSourceControls:1172 android.view.InsetsController.controlAnimationUnchecked:1049 android.view.InsetsController.applyAnimation:1417 android.view.InsetsController.hide:984 android.view.InsetsController.hide:967 android.view.PendingInsetsController.hide:60 androidx.core.view.WindowInsetsControllerCompat$Impl30.hide:654 androidx.core.view.WindowInsetsControllerCompat.hide:189 com.kyowon.literacy.utils.SystemUiHelper.hideSystemUI:19 
02-06 18:04:09.491  3012  3934 V WindowManager: Relayout Window{e4ba414 u0 com.kyowon.literacy.store/com.kyowon.literacy.ui.vocabulary.activity.VocabularyActivity}: viewVisibility=0 req=2000x1200
02-06 18:04:09.504  3012  3934 D WindowManager: isScreenshotDisabledLocked - win: Window{e4ba414 u0 com.kyowon.literacy.store/com.kyowon.literacy.ui.vocabulary.activity.VocabularyActivity}
02-06 18:04:09.505   862  2572 I SurfaceFlinger: id=106530 createSurf (2000x1200),1 flag=4, com.kyowon.literacy.store/com.kyowon.literacy.ui.vocabulary.activity.VocabularyActivity$_20609#0
02-06 18:04:09.509  3012  3934 D WindowManager: makeSurface duration=5 name=com.kyowon.literacy.store/com.kyowon.literacy.ui.vocabulary.activity.VocabularyActivity$_20609
02-06 18:04:09.514  3012  3934 V WindowManager: Changing focus from Window{2813ac1 u0 com.kyowon.literacy.store/com.kyowon.literacy.ui.vocabulary.activity.VocabularyActivity} to Window{e4ba414 u0 com.kyowon.literacy.store/com.kyowon.literacy.ui.vocabulary.activity.VocabularyActivity} displayId=0 Callers=com.android.server.wm.RootWindowContainer.updateFocusedWindowLocked:566 com.android.server.wm.WindowManagerService.updateFocusedWindowLocked:6311 com.android.server.wm.WindowManagerService.relayoutWindow:2713 com.android.server.wm.Session.relayout:219 
02-06 18:04:09.541  3012  3934 D WindowManager: finishDrawingWindow: Window{e4ba414 u0 com.kyowon.literacy.store/com.kyowon.literacy.ui.vocabulary.activity.VocabularyActivity} mDrawState=DRAW_PENDING
02-06 18:04:09.547 20609 20609 V InputMethodManager: Starting input: tba=com.kyowon.literacy.store ic=null mNaviBarColor -855310 mIsGetNaviBarColorSuccess true , NavVisible : true , NavTrans : false
02-06 18:04:09.603 20609 20609 V InputMethodManager: Starting input: tba=com.kyowon.literacy.store ic=null mNaviBarColor -855310 mIsGetNaviBarColorSuccess true , NavVisible : true , NavTrans : false
02-06 18:04:09.636  3012  3185 I WindowManager: Destroying surface Surface(name=com.kyowon.literacy.store/com.kyowon.literacy.ui.vocabulary.activity.VocabularyActivity$_20609)/@0x91690d6 called by com.android.server.wm.WindowStateAnimator.destroySurface:1794 com.android.server.wm.WindowStateAnimator.destroySurfaceLocked:765 com.android.server.wm.WindowState.removeImmediately:2665 com.android.server.wm.WindowState.removeIfPossible:2830 com.android.server.wm.WindowState.removeIfPossible:2688 com.android.server.wm.WindowManagerService.removeWindow:2186 com.android.server.wm.Session.remove:199 android.view.IWindowSession$Stub.onTransact:813 
02-06 18:04:09.636   862  2572 I Layer   : id=106530 removeFromCurrentState com.kyowon.literacy.store/com.kyowon.literacy.ui.vocabulary.activity.VocabularyActivity$_20609#0 (97)
02-06 18:04:09.638   862  1520 I Layer   : id=106529 removeFromCurrentState e4ba414 com.kyowon.literacy.store/com.kyowon.literacy.ui.vocabulary.activity.VocabularyActivity#0 (97)
02-06 18:04:09.639  3012  3185 V WindowManager: Changing focus from Window{e4ba414 u0 com.kyowon.literacy.store/com.kyowon.literacy.ui.vocabulary.activity.VocabularyActivity} to Window{2813ac1 u0 com.kyowon.literacy.store/com.kyowon.literacy.ui.vocabulary.activity.VocabularyActivity} displayId=0 Callers=com.android.server.wm.RootWindowContainer.updateFocusedWindowLocked:566 com.android.server.wm.WindowManagerService.updateFocusedWindowLocked:6311 com.android.server.wm.WindowState.removeIfPossible:2839 com.android.server.wm.WindowState.removeIfPossible:2688 
02-06 18:04:09.657   862   862 D SurfaceFlinger:      DEVICE | 0xb400007acfe20ca0 | 0002 | RGBA_8888    |    0.0    0.0 1200.0 2000.0 |    0    0 1200 2000 | com.kyowon.literacy.store/com.kyowon[...]activity.VocabularyActivity$_20609#1
02-06 18:04:09.657   862   862 D SurfaceFlinger:      CLIENT | 0xb400007acfe20df0 | 0000 | RGBA_8888    |    0.0    0.0 1200.0 2000.0 |    0    0 1200 2000 | com.kyowon.literacy.store/com.kyowon[...]activity.VocabularyActivity$_20609#0
02-06 18:04:09.664   862  1520 I SurfaceFlinger: id=106529 Removed e4ba414 com.kyowon.literacy.store/com.kyowon.literacy.ui.vocabulary.activity.VocabularyActivity#0 (79)
02-06 18:04:09.664   862  2572 I SurfaceFlinger: id=106530 Removed com.kyowon.literacy.store/com.kyowon.literacy.ui.vocabulary.activity.VocabularyActivity$_20609#0 (79)
02-06 18:04:09.674   862   862 D SurfaceFlinger:      DEVICE | 0xb400007acfe20ca0 | 0002 | RGBA_8888    |    0.0    0.0 1200.0 2000.0 |    0    0 1200 2000 | com.kyowon.literacy.store/com.kyowon[...]activity.VocabularyActivity$_20609#1
02-06 18:04:09.681   862   862 I Layer   : id=106530[1] Destroyed com.kyowon.literacy.store/com.kyowon.literacy.ui.vocabulary.activity.VocabularyActivity$_20609#0
02-06 18:04:09.682   862   862 I Layer   : id=106529[1] Destroyed e4ba414 com.kyowon.literacy.store/com.kyowon.literacy.ui.vocabulary.activity.VocabularyActivity#0
02-06 18:04:09.755 20609 20609 V InputMethodManager: Starting input: tba=com.kyowon.literacy.store ic=null mNaviBarColor -855310 mIsGetNaviBarColorSuccess true , NavVisible : true , NavTrans : false
02-06 18:04:11.155   719 10897 I System.out: {"id":"e65e9c94-d31f-4f58-ab92-0c4c1b43f35d","uri":"poco-uiautomation-framework","method":[["getattr","selector"],["getattr","select"],["call",[["",["and",[["attr=",["name","com.kyowon.literacy.store:id\/dropdown_level"]]]]],["",false]]]],"session_id":"54862a4f-a7f6-4a6f-ab1e-a02f90ea0ef2"}
02-06 18:04:11.529  3012  3062 I WindowManager: Reparenting to leash, surface=Surface(name=6361e99 PopupWindow:4643c10)/@0xa75260c, leashParent=Surface(name=2813ac1 com.kyowon.literacy.store/com.kyowon.literacy.ui.vocabulary.activity.VocabularyActivity)/@0x284746
02-06 18:04:11.599   862   862 D SurfaceFlinger:      DEVICE | 0xb400007acfe20ca0 | 0002 | RGBA_8888    |    0.0    0.0 1200.0 2000.0 |    0    0 1200 2000 | com.kyowon.literacy.store/com.kyowon[...]activity.VocabularyActivity$_20609#1
02-06 18:04:11.793  3012  3062 I WindowManager: Reparenting to original parent: Surface(name=2813ac1 com.kyowon.literacy.store/com.kyowon.literacy.ui.vocabulary.activity.VocabularyActivity)/@0x284746, destroy=true, surface=Surface(name=6361e99 PopupWindow:4643c10)/@0xa75260c
02-06 18:04:13.698   862   924 I SurfaceFlinger: id=106541 createSurf (0x0),-1 flag=80004, 516144b com.kyowon.literacy.store/com.kyowon.literacy.ui.vocabulary.activity.VocabularyActivity#0
02-06 18:04:13.707 20609 20609 D InsetsSourceConsumer: setRequestedVisible: visible=false, type=2, host=com.kyowon.literacy.store/com.kyowon.literacy.ui.vocabulary.activity.VocabularyActivity, from=android.view.InsetsSourceConsumer.hide:236 android.view.InsetsController.collectSourceControls:1172 android.view.InsetsController.controlAnimationUnchecked:1049 android.view.InsetsController.applyAnimation:1417 android.view.InsetsController.hide:984 android.view.InsetsController.hide:967 android.view.PendingInsetsController.hide:60 androidx.core.view.WindowInsetsControllerCompat$Impl30.hide:654 androidx.core.view.WindowInsetsControllerCompat.hide:189 com.kyowon.literacy.utils.SystemUiHelper.hideSystemUI:19 
02-06 18:04:13.708 20609 20609 D InsetsSourceConsumer: setRequestedVisible: visible=false, type=1, host=com.kyowon.literacy.store/com.kyowon.literacy.ui.vocabulary.activity.VocabularyActivity, from=android.view.InsetsSourceConsumer.hide:236 android.view.InsetsController.collectSourceControls:1172 android.view.InsetsController.controlAnimationUnchecked:1049 android.view.InsetsController.applyAnimation:1417 android.view.InsetsController.hide:984 android.view.InsetsController.hide:967 android.view.PendingInsetsController.hide:60 androidx.core.view.WindowInsetsControllerCompat$Impl30.hide:654 androidx.core.view.WindowInsetsControllerCompat.hide:189 com.kyowon.literacy.utils.SystemUiHelper.hideSystemUI:19 
02-06 18:04:13.708 20609 20609 D InsetsSourceConsumer: setRequestedVisible: visible=false, type=0, host=com.kyowon.literacy.store/com.kyowon.literacy.ui.vocabulary.activity.VocabularyActivity, from=android.view.InsetsSourceConsumer.hide:236 android.view.InsetsController.collectSourceControls:1172 android.view.InsetsController.controlAnimationUnchecked:1049 android.view.InsetsController.applyAnimation:1417 android.view.InsetsController.hide:984 android.view.InsetsController.hide:967 android.view.PendingInsetsController.hide:60 androidx.core.view.WindowInsetsControllerCompat$Impl30.hide:654 androidx.core.view.WindowInsetsControllerCompat.hide:189 com.kyowon.literacy.utils.SystemUiHelper.hideSystemUI:19 
02-06 18:04:13.715  3012  3571 I WindowManager: Reparenting to leash, surface=Surface(name=6361e99 PopupWindow:4643c10)/@0xa75260c, leashParent=Surface(name=2813ac1 com.kyowon.literacy.store/com.kyowon.literacy.ui.vocabulary.activity.VocabularyActivity)/@0x284746
02-06 18:04:13.728  3012  3571 V WindowManager: Relayout Window{516144b u0 com.kyowon.literacy.store/com.kyowon.literacy.ui.vocabulary.activity.VocabularyActivity}: viewVisibility=0 req=2000x1200
02-06 18:04:13.730  3012  3571 D WindowManager: isScreenshotDisabledLocked - win: Window{516144b u0 com.kyowon.literacy.store/com.kyowon.literacy.ui.vocabulary.activity.VocabularyActivity}
02-06 18:04:13.731   862   925 I SurfaceFlinger: id=106543 createSurf (2000x1200),1 flag=4, com.kyowon.literacy.store/com.kyowon.literacy.ui.vocabulary.activity.VocabularyActivity$_20609#0
02-06 18:04:13.732  3012  3571 D WindowManager: makeSurface duration=1 name=com.kyowon.literacy.store/com.kyowon.literacy.ui.vocabulary.activity.VocabularyActivity$_20609
02-06 18:04:13.733  3012  3571 V WindowManager: Changing focus from Window{2813ac1 u0 com.kyowon.literacy.store/com.kyowon.literacy.ui.vocabulary.activity.VocabularyActivity} to Window{516144b u0 com.kyowon.literacy.store/com.kyowon.literacy.ui.vocabulary.activity.VocabularyActivity} displayId=0 Callers=com.android.server.wm.RootWindowContainer.updateFocusedWindowLocked:566 com.android.server.wm.WindowManagerService.updateFocusedWindowLocked:6311 com.android.server.wm.WindowManagerService.relayoutWindow:2713 com.android.server.wm.Session.relayout:219 
02-06 18:04:13.760  3012  7144 D WindowManager: finishDrawingWindow: Window{516144b u0 com.kyowon.literacy.store/com.kyowon.literacy.ui.vocabulary.activity.VocabularyActivity} mDrawState=DRAW_PENDING
02-06 18:04:13.787 20609 20609 V InputMethodManager: Starting input: tba=com.kyowon.literacy.store ic=null mNaviBarColor -855310 mIsGetNaviBarColorSuccess true , NavVisible : true , NavTrans : false
02-06 18:04:13.814   862   862 D SurfaceFlinger:      DEVICE | 0xb400007acfe1ff10 | 0002 | RGBA_8888    |    0.0    0.0 1200.0 2000.0 |    0    0 1200 2000 | com.kyowon.literacy.store/com.kyowon[...]activity.VocabularyActivity$_20609#1
02-06 18:04:13.814   862   862 D SurfaceFlinger:      CLIENT | 0xb400007acfe20530 | 0000 | RGBA_8888    |    0.0    0.0 1200.0 2000.0 |    0    0 1200 2000 | com.kyowon.literacy.store/com.kyowon[...]activity.VocabularyActivity$_20609#0
02-06 18:04:13.933  3012  7184 I WindowManager: Destroying surface Surface(name=com.kyowon.literacy.store/com.kyowon.literacy.ui.vocabulary.activity.VocabularyActivity$_20609)/@0x5cc64ca called by com.android.server.wm.WindowStateAnimator.destroySurface:1794 com.android.server.wm.WindowStateAnimator.destroySurfaceLocked:765 com.android.server.wm.WindowState.removeImmediately:2665 com.android.server.wm.WindowState.removeIfPossible:2830 com.android.server.wm.WindowState.removeIfPossible:2688 com.android.server.wm.WindowManagerService.removeWindow:2186 com.android.server.wm.Session.remove:199 android.view.IWindowSession$Stub.onTransact:813 
02-06 18:04:13.934   862  1519 I Layer   : id=106543 removeFromCurrentState com.kyowon.literacy.store/com.kyowon.literacy.ui.vocabulary.activity.VocabularyActivity$_20609#0 (84)
02-06 18:04:13.937   862   925 I Layer   : id=106541 removeFromCurrentState 516144b com.kyowon.literacy.store/com.kyowon.literacy.ui.vocabulary.activity.VocabularyActivity#0 (84)
02-06 18:04:13.938   862  1519 I SurfaceFlinger: id=106543 Removed com.kyowon.literacy.store/com.kyowon.literacy.ui.vocabulary.activity.VocabularyActivity$_20609#0 (84)
02-06 18:04:13.939  3012  7184 V WindowManager: Changing focus from Window{516144b u0 com.kyowon.literacy.store/com.kyowon.literacy.ui.vocabulary.activity.VocabularyActivity} to Window{2813ac1 u0 com.kyowon.literacy.store/com.kyowon.literacy.ui.vocabulary.activity.VocabularyActivity} displayId=0 Callers=com.android.server.wm.RootWindowContainer.updateFocusedWindowLocked:566 com.android.server.wm.WindowManagerService.updateFocusedWindowLocked:6311 com.android.server.wm.WindowState.removeIfPossible:2839 com.android.server.wm.WindowState.removeIfPossible:2688 
02-06 18:04:13.953   862   925 I SurfaceFlinger: id=106541 Removed 516144b com.kyowon.literacy.store/com.kyowon.literacy.ui.vocabulary.activity.VocabularyActivity#0 (86)
02-06 18:04:13.956   862   862 I Layer   : id=106541[1] Destroyed 516144b com.kyowon.literacy.store/com.kyowon.literacy.ui.vocabulary.activity.VocabularyActivity#0
02-06 18:04:13.959   862   862 I Layer   : id=106543[1] Destroyed com.kyowon.literacy.store/com.kyowon.literacy.ui.vocabulary.activity.VocabularyActivity$_20609#0
02-06 18:04:13.982   862   862 D SurfaceFlinger:      DEVICE | 0xb400007acfe1ff10 | 0002 | RGBA_8888    |    0.0    0.0 1200.0 2000.0 |    0    0 1200 2000 | com.kyowon.literacy.store/com.kyowon[...]activity.VocabularyActivity$_20609#1
02-06 18:04:13.990  3012  3062 I WindowManager: Reparenting to original parent: Surface(name=2813ac1 com.kyowon.literacy.store/com.kyowon.literacy.ui.vocabulary.activity.VocabularyActivity)/@0x284746, destroy=true, surface=Surface(name=6361e99 PopupWindow:4643c10)/@0xa75260c
02-06 18:04:14.023 20609 20609 V InputMethodManager: Starting input: tba=com.kyowon.literacy.store ic=null mNaviBarColor -855310 mIsGetNaviBarColorSuccess true , NavVisible : true , NavTrans : false
02-06 18:04:16.685   719 10950 I System.out: {"id":"5fd7dd86-bb25-49d7-bbf6-1d25c52bf1d1","uri":"poco-uiautomation-framework","method":[["getattr","selector"],["getattr","select"],["call",[["",["and",[["attr=",["text",", "]],["attr=",["name","com.kyowon.literacy.store:id\/btnJaum"]]]]],["",false]]]],"session_id":"54862a4f-a7f6-4a6f-ab1e-a02f90ea0ef2"}
02-06 18:04:17.503   862  2572 I SurfaceFlinger: id=106551 createSurf (0x0),-1 flag=80004, 78bbcce com.kyowon.literacy.store/com.kyowon.literacy.ui.vocabulary.activity.VocabularyActivity#0
02-06 18:04:17.509 20609 20609 D InsetsSourceConsumer: setRequestedVisible: visible=false, type=2, host=com.kyowon.literacy.store/com.kyowon.literacy.ui.vocabulary.activity.VocabularyActivity, from=android.view.InsetsSourceConsumer.hide:236 android.view.InsetsController.collectSourceControls:1172 android.view.InsetsController.controlAnimationUnchecked:1049 android.view.InsetsController.applyAnimation:1417 android.view.InsetsController.hide:984 android.view.InsetsController.hide:967 android.view.PendingInsetsController.hide:60 androidx.core.view.WindowInsetsControllerCompat$Impl30.hide:654 androidx.core.view.WindowInsetsControllerCompat.hide:189 com.kyowon.literacy.utils.SystemUiHelper.hideSystemUI:19 
02-06 18:04:17.509 20609 20609 D InsetsSourceConsumer: setRequestedVisible: visible=false, type=1, host=com.kyowon.literacy.store/com.kyowon.literacy.ui.vocabulary.activity.VocabularyActivity, from=android.view.InsetsSourceConsumer.hide:236 android.view.InsetsController.collectSourceControls:1172 android.view.InsetsController.controlAnimationUnchecked:1049 android.view.InsetsController.applyAnimation:1417 android.view.InsetsController.hide:984 android.view.InsetsController.hide:967 android.view.PendingInsetsController.hide:60 androidx.core.view.WindowInsetsControllerCompat$Impl30.hide:654 androidx.core.view.WindowInsetsControllerCompat.hide:189 com.kyowon.literacy.utils.SystemUiHelper.hideSystemUI:19 
02-06 18:04:17.510 20609 20609 D InsetsSourceConsumer: setRequestedVisible: visible=false, type=0, host=com.kyowon.literacy.store/com.kyowon.literacy.ui.vocabulary.activity.VocabularyActivity, from=android.view.InsetsSourceConsumer.hide:236 android.view.InsetsController.collectSourceControls:1172 android.view.InsetsController.controlAnimationUnchecked:1049 android.view.InsetsController.applyAnimation:1417 android.view.InsetsController.hide:984 android.view.InsetsController.hide:967 android.view.PendingInsetsController.hide:60 androidx.core.view.WindowInsetsControllerCompat$Impl30.hide:654 androidx.core.view.WindowInsetsControllerCompat.hide:189 com.kyowon.literacy.utils.SystemUiHelper.hideSystemUI:19 
02-06 18:04:17.518  3012  8462 V WindowManager: Relayout Window{78bbcce u0 com.kyowon.literacy.store/com.kyowon.literacy.ui.vocabulary.activity.VocabularyActivity}: viewVisibility=0 req=2000x1200
02-06 18:04:17.522  3012  8462 D WindowManager: isScreenshotDisabledLocked - win: Window{78bbcce u0 com.kyowon.literacy.store/com.kyowon.literacy.ui.vocabulary.activity.VocabularyActivity}
02-06 18:04:17.523   862  1519 I SurfaceFlinger: id=106552 createSurf (2000x1200),1 flag=4, com.kyowon.literacy.store/com.kyowon.literacy.ui.vocabulary.activity.VocabularyActivity$_20609#0
02-06 18:04:17.524  3012  8462 D WindowManager: makeSurface duration=1 name=com.kyowon.literacy.store/com.kyowon.literacy.ui.vocabulary.activity.VocabularyActivity$_20609
02-06 18:04:17.525  3012  8462 V WindowManager: Changing focus from Window{2813ac1 u0 com.kyowon.literacy.store/com.kyowon.literacy.ui.vocabulary.activity.VocabularyActivity} to Window{78bbcce u0 com.kyowon.literacy.store/com.kyowon.literacy.ui.vocabulary.activity.VocabularyActivity} displayId=0 Callers=com.android.server.wm.RootWindowContainer.updateFocusedWindowLocked:566 com.android.server.wm.WindowManagerService.updateFocusedWindowLocked:6311 com.android.server.wm.WindowManagerService.relayoutWindow:2713 com.android.server.wm.Session.relayout:219 
02-06 18:04:17.551  3012  8462 D WindowManager: finishDrawingWindow: Window{78bbcce u0 com.kyowon.literacy.store/com.kyowon.literacy.ui.vocabulary.activity.VocabularyActivity} mDrawState=DRAW_PENDING
02-06 18:04:17.570 20609 20609 V InputMethodManager: Starting input: tba=com.kyowon.literacy.store ic=null mNaviBarColor -855310 mIsGetNaviBarColorSuccess true , NavVisible : true , NavTrans : false
02-06 18:04:17.596   862   862 D SurfaceFlinger:      DEVICE | 0xb400007acfe1ed90 | 0002 | RGBA_8888    |    0.0    0.0 1200.0 2000.0 |    0    0 1200 2000 | com.kyowon.literacy.store/com.kyowon[...]activity.VocabularyActivity$_20609#1
02-06 18:04:17.596   862   862 D SurfaceFlinger:      CLIENT | 0xb400007ac04d0fa0 | 0000 | RGBA_8888    |    0.0    0.0 1200.0 2000.0 |    0    0 1200 2000 | com.kyowon.literacy.store/com.kyowon[...]activity.VocabularyActivity$_20609#0
02-06 18:04:17.709  3012  7144 I WindowManager: Destroying surface Surface(name=com.kyowon.literacy.store/com.kyowon.literacy.ui.vocabulary.activity.VocabularyActivity$_20609)/@0x7116983 called by com.android.server.wm.WindowStateAnimator.destroySurface:1794 com.android.server.wm.WindowStateAnimator.destroySurfaceLocked:765 com.android.server.wm.WindowState.removeImmediately:2665 com.android.server.wm.WindowState.removeIfPossible:2830 com.android.server.wm.WindowState.removeIfPossible:2688 com.android.server.wm.WindowManagerService.removeWindow:2186 com.android.server.wm.Session.remove:199 android.view.IWindowSession$Stub.onTransact:813 
02-06 18:04:17.710   862   925 I Layer   : id=106552 removeFromCurrentState com.kyowon.literacy.store/com.kyowon.literacy.ui.vocabulary.activity.VocabularyActivity$_20609#0 (85)
02-06 18:04:17.710   862  2572 I SurfaceFlinger: id=106552 Removed com.kyowon.literacy.store/com.kyowon.literacy.ui.vocabulary.activity.VocabularyActivity$_20609#0 (85)
02-06 18:04:17.712   862  2572 I Layer   : id=106551 removeFromCurrentState 78bbcce com.kyowon.literacy.store/com.kyowon.literacy.ui.vocabulary.activity.VocabularyActivity#0 (85)
02-06 18:04:17.713   862  2572 I SurfaceFlinger: id=106551 Removed 78bbcce com.kyowon.literacy.store/com.kyowon.literacy.ui.vocabulary.activity.VocabularyActivity#0 (85)
02-06 18:04:17.714  3012  7144 V WindowManager: Changing focus from Window{78bbcce u0 com.kyowon.literacy.store/com.kyowon.literacy.ui.vocabulary.activity.VocabularyActivity} to Window{2813ac1 u0 com.kyowon.literacy.store/com.kyowon.literacy.ui.vocabulary.activity.VocabularyActivity} displayId=0 Callers=com.android.server.wm.RootWindowContainer.updateFocusedWindowLocked:566 com.android.server.wm.WindowManagerService.updateFocusedWindowLocked:6311 com.android.server.wm.WindowState.removeIfPossible:2839 com.android.server.wm.WindowState.removeIfPossible:2688 
02-06 18:04:17.714   862   862 I Layer   : id=106551[1] Destroyed 78bbcce com.kyowon.literacy.store/com.kyowon.literacy.ui.vocabulary.activity.VocabularyActivity#0
02-06 18:04:17.716   862   862 I Layer   : id=106552[1] Destroyed com.kyowon.literacy.store/com.kyowon.literacy.ui.vocabulary.activity.VocabularyActivity$_20609#0
02-06 18:04:17.733   862   862 D SurfaceFlinger:      DEVICE | 0xb400007acfe1ed90 | 0002 | RGBA_8888    |    0.0    0.0 1200.0 2000.0 |    0    0 1200 2000 | com.kyowon.literacy.store/com.kyowon[...]activity.VocabularyActivity$_20609#1
02-06 18:04:17.790 20609 20609 V InputMethodManager: Starting input: tba=com.kyowon.literacy.store ic=null mNaviBarColor -855310 mIsGetNaviBarColorSuccess true , NavVisible : true , NavTrans : false
02-06 18:04:19.899   719 10997 I System.out: {"id":"bc6dd32d-0c51-435b-80a8-520813c52aaf","uri":"poco-uiautomation-framework","method":[["getattr","selector"],["getattr","select"],["call",[["",["and",[["attr=",["text",", "]],["attr=",["name","com.kyowon.literacy.store:id\/headerText"]]]]],["",false]]]],"session_id":"54862a4f-a7f6-4a6f-ab1e-a02f90ea0ef2"}
02-06 18:04:20.071   719 11002 I System.out: {"id":"87a33c35-b38d-4be4-af79-194c566ec554","uri":"poco-uiautomation-framework","method":[["getattr","selector"],["getattr","select"],["call",[["",["and",[["attr=",["text",", "]],["attr=",["name","com.kyowon.literacy.store:id\/headerText"]]]]],["",false]]]],"session_id":"54862a4f-a7f6-4a6f-ab1e-a02f90ea0ef2"}
02-06 18:04:20.231   719 11007 I System.out: {"id":"cd31dc58-fb00-4f48-afb2-1dfde58cee26","uri":"poco-uiautomation-framework","method":[["getattr","selector"],["getattr","select"],["call",[["",["\/",[["^",[["and",[["attr=",["text",""]],["attr=",["name","com.kyowon.literacy.store:id\/textFrontWord"]]]],["and",[]]]],["and",[["attr=",["name","com.kyowon.literacy.store:id\/btnStarEmpty"]]]]]]],["",false]]]],"session_id":"54862a4f-a7f6-4a6f-ab1e-a02f90ea0ef2"}
02-06 18:04:20.298   719 11008 I System.out: {"id":"6ec5a329-dba8-452d-b939-79ba8779c55c","uri":"poco-uiautomation-framework","method":[["getattr","selector"],["getattr","select"],["call",[["",["\/",[["^",[["and",[["attr=",["text",""]],["attr=",["name","com.kyowon.literacy.store:id\/textFrontWord"]]]],["and",[]]]],["and",[["attr=",["name","com.kyowon.literacy.store:id\/btnStarEmpty"]]]]]]],["",false]]]],"session_id":"54862a4f-a7f6-4a6f-ab1e-a02f90ea0ef2"}
02-06 18:04:20.373   719 11009 I System.out: {"id":"90c931ce-b8ce-41c8-b18a-c6d93dc2b458","uri":"poco-uiautomation-framework","method":[["getattr","selector"],["getattr","select"],["call",[["",["\/",[["^",[["and",[["attr=",["text",""]],["attr=",["name","com.kyowon.literacy.store:id\/textFrontWord"]]]],["and",[]]]],["and",[["attr=",["name","com.kyowon.literacy.store:id\/btnStarEmpty"]]]]]]],["",false]]]],"session_id":"54862a4f-a7f6-4a6f-ab1e-a02f90ea0ef2"}
02-06 18:04:20.432   719 11010 I System.out: {"id":"d74aaffb-2f0f-455a-b0a8-bfcb77900140","uri":"poco-uiautomation-framework","method":[["getattr","selector"],["getattr","select"],["call",[["",["\/",[["^",[["and",[["attr=",["text",""]],["attr=",["name","com.kyowon.literacy.store:id\/textFrontWord"]]]],["and",[]]]],["and",[["attr=",["name","com.kyowon.literacy.store:id\/btnStarEmpty"]]]]]]],["",false]]]],"session_id":"54862a4f-a7f6-4a6f-ab1e-a02f90ea0ef2"}
02-06 18:04:20.500   719 11011 I System.out: {"id":"6011a1cc-0eeb-46b9-90b3-696559f68a7f","uri":"poco-uiautomation-framework","method":[["getattr","selector"],["getattr","select"],["call",[["",["\/",[["^",[["and",[["attr=",["text",""]],["attr=",["name","com.kyowon.literacy.store:id\/textFrontWord"]]]],["and",[]]]],["and",[["attr=",["name","com.kyowon.literacy.store:id\/btnStarEmpty"]]]]]]],["",false]]]],"session_id":"54862a4f-a7f6-4a6f-ab1e-a02f90ea0ef2"}
02-06 18:04:20.561   719 11012 I System.out: {"id":"ef2f9007-39a6-4ed6-ac61-04da61d48025","uri":"poco-uiautomation-framework","method":[["getattr","selector"],["getattr","select"],["call",[["",["\/",[["^",[["and",[["attr=",["text",""]],["attr=",["name","com.kyowon.literacy.store:id\/textFrontWord"]]]],["and",[]]]],["and",[["attr=",["name","com.kyowon.literacy.store:id\/btnStarEmpty"]]]]]]],["",false]]]],"session_id":"54862a4f-a7f6-4a6f-ab1e-a02f90ea0ef2"}
02-06 18:04:20.617   719 11013 I System.out: {"id":"138cfc11-1bc0-4d67-9f90-ecdb86ec6796","uri":"poco-uiautomation-framework","method":[["getattr","selector"],["getattr","select"],["call",[["",["\/",[["^",[["and",[["attr=",["text",""]],["attr=",["name","com.kyowon.literacy.store:id\/textFrontWord"]]]],["and",[]]]],["and",[["attr=",["name","com.kyowon.literacy.store:id\/btnStarEmpty"]]]]]]],["",false]]]],"session_id":"54862a4f-a7f6-4a6f-ab1e-a02f90ea0ef2"}
02-06 18:04:20.692   719 11016 I System.out: {"id":"c8af98f9-3b7d-4409-ab3a-8d0cb4ba29e8","uri":"poco-uiautomation-framework","method":[["getattr","selector"],["getattr","select"],["call",[["",["\/",[["^",[["and",[["attr=",["text",""]],["attr=",["name","com.kyowon.literacy.store:id\/textFrontWord"]]]],["and",[]]]],["and",[["attr=",["name","com.kyowon.literacy.store:id\/btnStarEmpty"]]]]]]],["",false]]]],"session_id":"54862a4f-a7f6-4a6f-ab1e-a02f90ea0ef2"}
02-06 18:04:20.852   719 11017 I System.out: {"id":"943e3f5c-869a-4e7b-a4d3-b25faa6862f6","uri":"poco-uiautomation-framework","method":[["getattr","selector"],["getattr","select"],["call",[["",["\/",[["^",[["and",[["attr=",["text",""]],["attr=",["name","com.kyowon.literacy.store:id\/textFrontWord"]]]],["and",[]]]],["and",[["attr=",["name","com.kyowon.literacy.store:id\/btnStarEmpty"]]]]]]],["",false]]]],"session_id":"54862a4f-a7f6-4a6f-ab1e-a02f90ea0ef2"}
02-06 18:04:20.920   719 11018 I System.out: {"id":"bb491f01-970b-4ff0-b4da-04dfa92476ac","uri":"poco-uiautomation-framework","method":[["getattr","selector"],["getattr","select"],["call",[["",["\/",[["^",[["and",[["attr=",["text",""]],["attr=",["name","com.kyowon.literacy.store:id\/textFrontWord"]]]],["and",[]]]],["and",[["attr=",["name","com.kyowon.literacy.store:id\/btnStarEmpty"]]]]]]],["",false]]]],"session_id":"54862a4f-a7f6-4a6f-ab1e-a02f90ea0ef2"}
02-06 18:04:20.992   719 11019 I System.out: {"id":"48ebe9c6-986e-43f2-9639-9c3a3b2cedc1","uri":"poco-uiautomation-framework","method":[["getattr","selector"],["getattr","select"],["call",[["",["\/",[["^",[["and",[["attr=",["text",""]],["attr=",["name","com.kyowon.literacy.store:id\/textFrontWord"]]]],["and",[]]]],["and",[["attr=",["name","com.kyowon.literacy.store:id\/btnStarEmpty"]]]]]]],["",false]]]],"session_id":"54862a4f-a7f6-4a6f-ab1e-a02f90ea0ef2"}
02-06 18:04:21.065   719 11020 I System.out: {"id":"9a70ab34-fdc5-419a-908f-358b3eae19cb","uri":"poco-uiautomation-framework","method":[["getattr","selector"],["getattr","select"],["call",[["",["\/",[["^",[["and",[["attr=",["text",""]],["attr=",["name","com.kyowon.literacy.store:id\/textFrontWord"]]]],["and",[]]]],["and",[["attr=",["name","com.kyowon.literacy.store:id\/btnStarEmpty"]]]]]]],["",false]]]],"session_id":"54862a4f-a7f6-4a6f-ab1e-a02f90ea0ef2"}
02-06 18:04:21.139   719 11021 I System.out: {"id":"61090d69-92f7-4e6b-98b6-7b2b3785ff3c","uri":"poco-uiautomation-framework","method":[["getattr","selector"],["getattr","select"],["call",[["",["\/",[["^",[["and",[["attr=",["text",""]],["attr=",["name","com.kyowon.literacy.store:id\/textFrontWord"]]]],["and",[]]]],["and",[["attr=",["name","com.kyowon.literacy.store:id\/btnStarEmpty"]]]]]]],["",false]]]],"session_id":"54862a4f-a7f6-4a6f-ab1e-a02f90ea0ef2"}
02-06 18:04:21.196   719 11022 I System.out: {"id":"e2ac284b-ac23-4e1e-9054-e1682b50f5c3","uri":"poco-uiautomation-framework","method":[["getattr","selector"],["getattr","select"],["call",[["",["\/",[["^",[["and",[["attr=",["text",""]],["attr=",["name","com.kyowon.literacy.store:id\/textFrontWord"]]]],["and",[]]]],["and",[["attr=",["name","com.kyowon.literacy.store:id\/btnStarEmpty"]]]]]]],["",false]]]],"session_id":"54862a4f-a7f6-4a6f-ab1e-a02f90ea0ef2"}
02-06 18:04:21.371   719 11029 I System.out: {"id":"3e82e5c1-19e7-494f-aba7-e40c27326b48","uri":"poco-uiautomation-framework","method":[["getattr","selector"],["getattr","select"],["call",[["",["\/",[["^",[["and",[["attr=",["text",""]],["attr=",["name","com.kyowon.literacy.store:id\/textFrontWord"]]]],["and",[]]]],["and",[["attr=",["name","com.kyowon.literacy.store:id\/btnStarEmpty"]]]]]]],["",false]]]],"session_id":"54862a4f-a7f6-4a6f-ab1e-a02f90ea0ef2"}
02-06 18:04:21.431   719 11030 I System.out: {"id":"713a4794-ed8c-4a98-8fad-c12e41ffa9db","uri":"poco-uiautomation-framework","method":[["getattr","selector"],["getattr","select"],["call",[["",["and",[["attr=",["name","com.kyowon.literacy.store:id\/recycler_vocabulary_list"]]]]],["",true]]]],"session_id":"54862a4f-a7f6-4a6f-ab1e-a02f90ea0ef2"}
02-06 18:04:22.430  3012  3012 D GameManagerService: identifyGamePackage. com.kyowon.literacy.store, mCurrentUserId: 0, callerUserId: 0
02-06 18:04:22.430  3012  3012 D PkgDataHelper: getGamePkgData(). com.kyowon.literacy.store
02-06 18:04:22.433  3012  3012 D GameManagerService: identifyGamePackage. com.kyowon.literacy.store, mCurrentUserId: 0, callerUserId: 0
02-06 18:04:22.433  3012  3012 D PkgDataHelper: getGamePkgData(). com.kyowon.literacy.store
02-06 18:04:22.762   719 11047 I System.out: {"id":"206f67a9-4c50-4edd-9384-e6f184ffed81","uri":"poco-uiautomation-framework","method":[["getattr","selector"],["getattr","select"],["call",[["",["\/",[["^",[["and",[["attr=",["text",""]],["attr=",["name","com.kyowon.literacy.store:id\/textFrontWord"]]]],["and",[]]]],["and",[["attr=",["name","com.kyowon.literacy.store:id\/btnStarEmpty"]]]]]]],["",false]]]],"session_id":"54862a4f-a7f6-4a6f-ab1e-a02f90ea0ef2"}
02-06 18:04:24.584  3012  3012 D GameManagerService: identifyGamePackage. com.kyowon.literacy.store, mCurrentUserId: 0, callerUserId: 0
02-06 18:04:24.585  3012  3012 D PkgDataHelper: getGamePkgData(). com.kyowon.literacy.store
02-06 18:04:24.586  3012  3012 D GameManagerService: identifyGamePackage. com.kyowon.literacy.store, mCurrentUserId: 0, callerUserId: 0
02-06 18:04:24.586  3012  3012 D PkgDataHelper: getGamePkgData(). com.kyowon.literacy.store
02-06 18:04:24.904   719 11065 I System.out: {"id":"2a8f37ee-af21-4ec9-bc22-452cc01be227","uri":"poco-uiautomation-framework","method":[["getattr","selector"],["getattr","select"],["call",[["",["\/",[["^",[["and",[["attr=",["text",""]],["attr=",["name","com.kyowon.literacy.store:id\/textFrontWord"]]]],["and",[]]]],["and",[["attr=",["name","com.kyowon.literacy.store:id\/btnStarEmpty"]]]]]]],["",false]]]],"session_id":"54862a4f-a7f6-4a6f-ab1e-a02f90ea0ef2"}
02-06 18:04:26.360   862  1519 I SurfaceFlinger: id=106560 createSurf (0x0),-1 flag=80004, fe12916 com.kyowon.literacy.store/com.kyowon.literacy.ui.vocabulary.activity.VocabularyActivity#0
02-06 18:04:26.370 20609 20609 D InsetsSourceConsumer: setRequestedVisible: visible=false, type=2, host=com.kyowon.literacy.store/com.kyowon.literacy.ui.vocabulary.activity.VocabularyActivity, from=android.view.InsetsSourceConsumer.hide:236 android.view.InsetsController.collectSourceControls:1172 android.view.InsetsController.controlAnimationUnchecked:1049 android.view.InsetsController.applyAnimation:1417 android.view.InsetsController.hide:984 android.view.InsetsController.hide:967 android.view.PendingInsetsController.hide:60 androidx.core.view.WindowInsetsControllerCompat$Impl30.hide:654 androidx.core.view.WindowInsetsControllerCompat.hide:189 com.kyowon.literacy.utils.SystemUiHelper.hideSystemUI:19 
02-06 18:04:26.371 20609 20609 D InsetsSourceConsumer: setRequestedVisible: visible=false, type=1, host=com.kyowon.literacy.store/com.kyowon.literacy.ui.vocabulary.activity.VocabularyActivity, from=android.view.InsetsSourceConsumer.hide:236 android.view.InsetsController.collectSourceControls:1172 android.view.InsetsController.controlAnimationUnchecked:1049 android.view.InsetsController.applyAnimation:1417 android.view.InsetsController.hide:984 android.view.InsetsController.hide:967 android.view.PendingInsetsController.hide:60 androidx.core.view.WindowInsetsControllerCompat$Impl30.hide:654 androidx.core.view.WindowInsetsControllerCompat.hide:189 com.kyowon.literacy.utils.SystemUiHelper.hideSystemUI:19 
