02-06 18:14:30.501 31505 31505 I SurfaceControl: assignNativeObject: nativeObject = 0 Surface(name=null)/@0xeffd94 / android.view.SurfaceControl.readFromParcel:1117 android.view.IWindowSession$Stub$Proxy.relayout:1820 android.view.ViewRootImpl.relayoutWindow:9005 android.view.ViewRootImpl.performTraversals:3360 android.view.ViewRootImpl.doTraversal:2618 android.view.ViewRootImpl$TraversalRunnable.run:9971 android.view.Choreographer$CallbackRecord.run:1010 android.view.Choreographer.doCallbacks:809 android.view.Choreographer.doFrame:744 android.view.Choreographer$FrameDisplayEventReceiver.run:995 
02-06 18:14:30.502 31505 31505 I SurfaceControl: nativeRelease nativeObject s[-5476376618309963488]
02-06 18:14:30.502 31505 31505 I SurfaceControl: nativeRelease nativeObject e[-5476376618309963488]
02-06 18:14:30.502 31505 31505 I SurfaceControl: nativeRelease nativeObject s[-5476376619811323584]
02-06 18:14:30.502 31505 31505 I SurfaceControl: nativeRelease nativeObject e[-5476376619811323584]
02-06 18:14:30.502 31505 31505 I SurfaceControl: nativeRelease nativeObject s[-5476376619811316704]
02-06 18:14:30.502 31505 31505 I SurfaceControl: nativeRelease nativeObject e[-5476376619811316704]
02-06 18:14:30.502 31505 31505 I ViewRootImpl@9ddb888[LoginActivity]: Relayout returned: old=(0,0,2000,1200) new=(0,0,2000,1200) req=(2000,1200)0 dur=8 res=0x1 s={true -5476376619769638912} ch=false fn=1196
02-06 18:14:30.504 31505 31505 V MediaPlayerNative: invoke 76
02-06 18:14:30.626 31505  4558 V MediaPlayerNative: message received msg=6, ext1=0, ext2=0
02-06 18:14:30.753 31505  4558 V MediaPlayerNative: message received msg=211, ext1=0, ext2=0
02-06 18:14:30.753 31505  4558 V MediaPlayerNative: message received msg=211, ext1=0, ext2=0
02-06 18:14:30.854 31505 31505 V MediaPlayer-JNI: getCurrentPosition: 153 (msec)
02-06 18:14:30.917 31505 31505 V MediaPlayer-JNI: stop
02-06 18:14:30.917 31505 31505 V MediaPlayerNative: stop
02-06 18:14:30.917 31505  5082 V MediaPlayerNative: message received msg=8, ext1=0, ext2=0
02-06 18:14:30.918 31505  5082 V MediaPlayerNative: message received msg=211, ext1=0, ext2=0
02-06 18:14:30.918 31505 31505 V MediaPlayer: resetDrmState:  mDrmInfo=null mDrmProvisioningThread=null mPrepareDrmInProgress=false mActiveDrmScheme=false
02-06 18:14:30.918 31505 31505 V MediaPlayer: cleanDrmObj: mDrmObj=null mDrmSessionId=null
02-06 18:14:30.918 31505 31505 V MediaPlayer-JNI: release
02-06 18:14:30.918 31505 31505 V MediaPlayerNative: setListener
02-06 18:14:30.918 31505 31505 V MediaPlayerNative: disconnect
02-06 18:14:30.936 31505 31505 V MediaPlayerNative: destructor
02-06 18:14:30.937 31505 31505 V MediaPlayerNative: disconnect
02-06 18:14:30.954 31505 31505 W MediaPlayer: mediaplayer went away with unhandled events
02-06 18:14:30.954 31505 31505 W MediaPlayer: mediaplayer went away with unhandled events
02-06 18:14:30.961 31505 31505 I ViewRootImpl@9ddb888[LoginActivity]: MSG_WINDOW_FOCUS_CHANGED 0 1
02-06 18:14:31.444 31505 31505 I ViewRootImpl@9ddb888[LoginActivity]: stopped(false) old=false
02-06 18:14:31.447 31505 31505 V MediaPlayer-JNI: native_setup
02-06 18:14:31.447 31505 31505 V MediaPlayerNative: constructor
02-06 18:14:31.448 31505 31505 V MediaPlayerNative: setListener
02-06 18:14:31.457 31505 31505 V MediaPlayer-JNI: setVolume: left 1.000000  right 1.000000
02-06 18:14:31.457 31505 31505 V MediaPlayerNative: MediaPlayer::setVolume(1.000000, 1.000000)
02-06 18:14:31.457 31505 31505 V MediaPlayer-JNI: setAuxEffectSendLevel: level 0.000000
02-06 18:14:31.457 31505 31505 V MediaPlayerNative: MediaPlayer::setAuxEffectSendLevel(0.000000)
02-06 18:14:31.457 31505 31505 V MediaPlayer-JNI: setParameter: key 1400
02-06 18:14:31.457 31505 31505 V MediaPlayerNative: MediaPlayer::setParameter(1400)
02-06 18:14:31.457 31505 31505 V MediaPlayer-JNI: set_session_id(): 10641
02-06 18:14:31.457 31505 31505 V MediaPlayerNative: MediaPlayer::setAudioSessionId(10641)
02-06 18:14:31.457 31505 31505 V MediaPlayer-JNI: setDataSourceFD: fd 78
02-06 18:14:31.457 31505 31505 V MediaPlayerNative: setDataSource(78, 80149264, 611808)
02-06 18:14:31.470 31505 31505 V MediaPlayerNative: setVideoSurfaceTexture
02-06 18:14:31.471 31505 31505 V MediaPlayerNative: prepare
02-06 18:14:31.520 31505  5082 V MediaPlayerNative: message received msg=200, ext1=10973, ext2=0
02-06 18:14:31.521 31505  5082 W MediaPlayerNative: info/warning (10973, 0)
02-06 18:14:31.527 31505  5082 V MediaPlayerNative: message received msg=1, ext1=0, ext2=0
02-06 18:14:31.527 31505  5082 V MediaPlayerNative: MediaPlayer::notify() prepared
02-06 18:14:31.527 31505  5082 V MediaPlayerNative: signal application thread
02-06 18:14:31.527 31505 31505 V MediaPlayerNative: prepare complete - status=0
02-06 18:14:31.540 31505 31505 V MediaPlayerNative: invoke 76
02-06 18:14:31.541 31505 31505 V MediaPlayer-JNI: setLooping: 1
02-06 18:14:31.541 31505 31505 V MediaPlayerNative: MediaPlayer::setLooping
02-06 18:14:31.541 31505 31505 V MediaPlayer-JNI: setVolume: left 0.800000  right 0.800000
02-06 18:14:31.541 31505 31505 V MediaPlayerNative: MediaPlayer::setVolume(0.800000, 0.800000)
02-06 18:14:31.541 31505 31505 V MediaPlayer-JNI: start
02-06 18:14:31.541 31505 31505 V MediaPlayerNative: start
02-06 18:14:31.550 31505 31505 V MediaPlayer-JNI: stop
02-06 18:14:31.550 31505 31505 V MediaPlayerNative: stop
02-06 18:14:31.550 31505  5082 V MediaPlayerNative: message received msg=8, ext1=0, ext2=0
02-06 18:14:31.551 31505 31505 V MediaPlayer: resetDrmState:  mDrmInfo=null mDrmProvisioningThread=null mPrepareDrmInProgress=false mActiveDrmScheme=false
02-06 18:14:31.551 31505 31505 V MediaPlayer: cleanDrmObj: mDrmObj=null mDrmSessionId=null
02-06 18:14:31.551 31505 31505 V MediaPlayer-JNI: release
02-06 18:14:31.551 31505 31505 V MediaPlayerNative: setListener
02-06 18:14:31.551 31505 31505 V MediaPlayerNative: disconnect
02-06 18:14:31.554 31505 31505 V MediaPlayerNative: destructor
02-06 18:14:31.554 31505 31505 V MediaPlayerNative: disconnect
02-06 18:14:31.705 31505 31505 W MediaPlayer: mediaplayer went away with unhandled events
02-06 18:14:31.705 31505 31505 W MediaPlayer: mediaplayer went away with unhandled events
02-06 18:14:31.705 31505 31505 I ViewRootImpl@9ddb888[LoginActivity]: MSG_WINDOW_FOCUS_CHANGED 1 1
02-06 18:14:31.705 31505 31505 D InputMethodManager: prepareNavigationBarInfo() DecorView@cd2569b[LoginActivity]
02-06 18:14:31.705 31505 31505 D InputMethodManager: getNavigationBarColor() -855310
02-06 18:14:31.706 31505 31505 D InputMethodManager: prepareNavigationBarInfo() DecorView@cd2569b[LoginActivity]
02-06 18:14:31.706 31505 31505 D InputMethodManager: getNavigationBarColor() -855310
02-06 18:14:31.706 31505 31505 V InputMethodManager: Starting input: tba=com.kyowon.literacy.store ic=null mNaviBarColor -855310 mIsGetNaviBarColorSuccess true , NavVisible : true , NavTrans : false
02-06 18:14:31.706 31505 31505 D InputMethodManager: startInputInner - Id : 0
02-06 18:14:31.707 31505 31505 I InputMethodManager: startInputInner - mService.startInputOrWindowGainedFocus
02-06 18:14:31.712 31505 31505 D InputTransport: Input channel constructed: 'ClientS', fd=87
02-06 18:14:31.713 31505 31505 D InputTransport: Input channel destroyed: 'ClientS', fd=91
02-06 18:14:31.713 31505 31505 W MediaPlayer: mediaplayer went away with unhandled events
02-06 18:14:31.715 31505 31505 I ViewRootImpl@9ddb888[LoginActivity]: stopped(false) old=false
02-06 18:14:31.717 31505 31505 V MediaPlayer-JNI: native_setup
02-06 18:14:31.717 31505 31505 V MediaPlayerNative: constructor
02-06 18:14:31.717 31505 31505 V MediaPlayerNative: setListener
02-06 18:14:31.721 31505 31505 V MediaPlayer-JNI: setVolume: left 1.000000  right 1.000000
02-06 18:14:31.721 31505 31505 V MediaPlayerNative: MediaPlayer::setVolume(1.000000, 1.000000)
02-06 18:14:31.721 31505 31505 V MediaPlayer-JNI: setAuxEffectSendLevel: level 0.000000
02-06 18:14:31.721 31505 31505 V MediaPlayerNative: MediaPlayer::setAuxEffectSendLevel(0.000000)
02-06 18:14:31.721 31505 31505 V MediaPlayer-JNI: setParameter: key 1400
02-06 18:14:31.721 31505 31505 V MediaPlayerNative: MediaPlayer::setParameter(1400)
02-06 18:14:31.721 31505 31505 V MediaPlayer-JNI: set_session_id(): 10657
02-06 18:14:31.721 31505 31505 V MediaPlayerNative: MediaPlayer::setAudioSessionId(10657)
02-06 18:14:31.722 31505 31505 V MediaPlayer-JNI: setDataSourceFD: fd 89
02-06 18:14:31.722 31505 31505 V MediaPlayerNative: setDataSource(89, 80149264, 611808)
02-06 18:14:31.734 31505 31505 V MediaPlayerNative: setVideoSurfaceTexture
02-06 18:14:31.734 31505 31505 V MediaPlayerNative: prepare
02-06 18:14:31.757 31505  8454 V MediaPlayerNative: message received msg=200, ext1=10973, ext2=0
02-06 18:14:31.757 31505  8454 W MediaPlayerNative: info/warning (10973, 0)
02-06 18:14:31.758 31505  8454 V MediaPlayerNative: message received msg=1, ext1=0, ext2=0
02-06 18:14:31.758 31505  8454 V MediaPlayerNative: MediaPlayer::notify() prepared
02-06 18:14:31.758 31505  8454 V MediaPlayerNative: signal application thread
02-06 18:14:31.758 31505 31505 V MediaPlayerNative: prepare complete - status=0
02-06 18:14:31.765 31505 31505 V MediaPlayerNative: invoke 76
02-06 18:14:31.766 31505 31505 V MediaPlayer-JNI: setLooping: 1
02-06 18:14:31.766 31505 31505 V MediaPlayerNative: MediaPlayer::setLooping
02-06 18:14:31.766 31505 31505 V MediaPlayer-JNI: setVolume: left 0.800000  right 0.800000
02-06 18:14:31.766 31505 31505 V MediaPlayerNative: MediaPlayer::setVolume(0.800000, 0.800000)
02-06 18:14:31.766 31505 31505 V MediaPlayer-JNI: start
02-06 18:14:31.766 31505 31505 V MediaPlayerNative: start
02-06 18:14:31.777 31505 31505 I SurfaceControl: nativeRelease nativeObject s[-5476376618309961248]
02-06 18:14:31.777 31505 31505 I SurfaceControl: nativeRelease nativeObject e[-5476376618309961248]
02-06 18:14:31.779 31505 31505 I SurfaceControl: assignNativeObject: nativeObject = 0 Surface(name=null)/@0xeffd94 / android.view.SurfaceControl.readFromParcel:1117 android.view.IWindowSession$Stub$Proxy.relayout:1820 android.view.ViewRootImpl.relayoutWindow:9005 android.view.ViewRootImpl.performTraversals:3360 android.view.ViewRootImpl.doTraversal:2618 android.view.ViewRootImpl$TraversalRunnable.run:9971 android.view.Choreographer$CallbackRecord.run:1010 android.view.Choreographer.doCallbacks:809 android.view.Choreographer.doFrame:744 android.view.Choreographer$FrameDisplayEventReceiver.run:995 
02-06 18:14:31.781 31505 31505 I SurfaceControl: nativeRelease nativeObject s[-5476376619811317184]
02-06 18:14:31.781 31505 31505 I SurfaceControl: nativeRelease nativeObject e[-5476376619811317184]
02-06 18:14:31.781 31505 31505 I SurfaceControl: nativeRelease nativeObject s[-5476376618309964768]
02-06 18:14:31.781 31505 31505 I SurfaceControl: nativeRelease nativeObject e[-5476376618309964768]
02-06 18:14:31.781 31505 31505 I SurfaceControl: nativeRelease nativeObject s[-5476376618309962528]
02-06 18:14:31.781 31505 31505 I SurfaceControl: nativeRelease nativeObject e[-5476376618309962528]
02-06 18:14:31.781 31505 31505 I ViewRootImpl@9ddb888[LoginActivity]: Relayout returned: old=(0,0,2000,1200) new=(0,0,2000,1200) req=(2000,1200)0 dur=9 res=0x1 s={true -5476376619769638912} ch=false fn=1213
02-06 18:14:31.784 31505 31505 V MediaPlayerNative: invoke 76
02-06 18:14:31.911 31505  8454 V MediaPlayerNative: message received msg=6, ext1=0, ext2=0
02-06 18:14:32.014 31505  8454 V MediaPlayerNative: message received msg=211, ext1=0, ext2=0
02-06 18:14:32.014 31505  8454 V MediaPlayerNative: message received msg=211, ext1=0, ext2=0
02-06 18:14:32.065 31505 31505 V MediaPlayer-JNI: getCurrentPosition: 104 (msec)
02-06 18:14:32.384 31505 31505 V MediaPlayer-JNI: stop
02-06 18:14:32.384 31505 31505 V MediaPlayerNative: stop
02-06 18:14:32.387 31505 31505 V MediaPlayer: resetDrmState:  mDrmInfo=null mDrmProvisioningThread=null mPrepareDrmInProgress=false mActiveDrmScheme=false
02-06 18:14:32.387 31505 31505 V MediaPlayer: cleanDrmObj: mDrmObj=null mDrmSessionId=null
02-06 18:14:32.387 31505 31505 V MediaPlayer-JNI: release
02-06 18:14:32.387 31505 31505 V MediaPlayerNative: setListener
02-06 18:14:32.387 31505 31505 V MediaPlayerNative: disconnect
02-06 18:14:32.388 31505  8454 V MediaPlayerNative: message received msg=211, ext1=0, ext2=0
02-06 18:14:32.388 31505  8454 V MediaPlayerNative: notify(211, 0, 0) callback on disconnected mediaplayer
02-06 18:14:32.388 31505  8454 V MediaPlayerNative: message received msg=8, ext1=0, ext2=0
02-06 18:14:32.388 31505  8454 V MediaPlayerNative: notify(8, 0, 0) callback on disconnected mediaplayer
02-06 18:14:32.420 31505 31505 V MediaPlayerNative: destructor
02-06 18:14:32.420 31505 31505 V MediaPlayerNative: disconnect
02-06 18:14:32.581 31505 31505 I ViewRootImpl@9ddb888[LoginActivity]: MSG_WINDOW_FOCUS_CHANGED 0 1
02-06 18:14:32.927 31505 31505 I ViewRootImpl@9ddb888[LoginActivity]: stopped(false) old=false
02-06 18:14:32.929 31505 31505 V MediaPlayer-JNI: native_setup
02-06 18:14:32.929 31505 31505 V MediaPlayerNative: constructor
02-06 18:14:32.930 31505 31505 V MediaPlayerNative: setListener
02-06 18:14:32.935 31505 31505 V MediaPlayer-JNI: setVolume: left 1.000000  right 1.000000
02-06 18:14:32.935 31505 31505 V MediaPlayerNative: MediaPlayer::setVolume(1.000000, 1.000000)
02-06 18:14:32.935 31505 31505 V MediaPlayer-JNI: setAuxEffectSendLevel: level 0.000000
02-06 18:14:32.935 31505 31505 V MediaPlayerNative: MediaPlayer::setAuxEffectSendLevel(0.000000)
02-06 18:14:32.935 31505 31505 V MediaPlayer-JNI: setParameter: key 1400
02-06 18:14:32.935 31505 31505 V MediaPlayerNative: MediaPlayer::setParameter(1400)
02-06 18:14:32.935 31505 31505 V MediaPlayer-JNI: set_session_id(): 10673
02-06 18:14:32.935 31505 31505 V MediaPlayerNative: MediaPlayer::setAudioSessionId(10673)
02-06 18:14:32.935 31505 31505 V MediaPlayer-JNI: setDataSourceFD: fd 78
02-06 18:14:32.935 31505 31505 V MediaPlayerNative: setDataSource(78, 80149264, 611808)
02-06 18:14:32.955 31505 31505 V MediaPlayerNative: setVideoSurfaceTexture
02-06 18:14:32.956 31505 31505 V MediaPlayerNative: prepare
02-06 18:14:32.994 31505  8454 V MediaPlayerNative: message received msg=200, ext1=10973, ext2=0
02-06 18:14:32.994 31505  8454 W MediaPlayerNative: info/warning (10973, 0)
02-06 18:14:32.997 31505  8454 V MediaPlayerNative: message received msg=1, ext1=0, ext2=0
02-06 18:14:32.997 31505  8454 V MediaPlayerNative: MediaPlayer::notify() prepared
02-06 18:14:32.997 31505  8454 V MediaPlayerNative: signal application thread
02-06 18:14:32.997 31505 31505 V MediaPlayerNative: prepare complete - status=0
02-06 18:14:33.015 31505 31505 V MediaPlayerNative: invoke 76
02-06 18:14:33.017 31505 31505 V MediaPlayer-JNI: setLooping: 1
02-06 18:14:33.017 31505 31505 V MediaPlayerNative: MediaPlayer::setLooping
02-06 18:14:33.019 31505 31505 V MediaPlayer-JNI: setVolume: left 0.800000  right 0.800000
02-06 18:14:33.019 31505 31505 V MediaPlayerNative: MediaPlayer::setVolume(0.800000, 0.800000)
02-06 18:14:33.019 31505 31505 V MediaPlayer-JNI: start
02-06 18:14:33.020 31505 31505 V MediaPlayerNative: start
02-06 18:14:33.033 31505 31505 I ViewRootImpl@9ddb888[LoginActivity]: MSG_WINDOW_FOCUS_CHANGED 1 1
02-06 18:14:33.033 31505 31505 D InputMethodManager: prepareNavigationBarInfo() DecorView@cd2569b[LoginActivity]
02-06 18:14:33.033 31505 31505 D InputMethodManager: getNavigationBarColor() -855310
02-06 18:14:33.055 31505 31505 D InputMethodManager: prepareNavigationBarInfo() DecorView@cd2569b[LoginActivity]
02-06 18:14:33.055 31505 31505 D InputMethodManager: getNavigationBarColor() -855310
02-06 18:14:33.055 31505 31505 V InputMethodManager: Starting input: tba=com.kyowon.literacy.store ic=null mNaviBarColor -855310 mIsGetNaviBarColorSuccess true , NavVisible : true , NavTrans : false
02-06 18:14:33.056 31505 31505 D InputMethodManager: startInputInner - Id : 0
02-06 18:14:33.056 31505 31505 I InputMethodManager: startInputInner - mService.startInputOrWindowGainedFocus
02-06 18:14:33.074 31505 31505 D InputTransport: Input channel constructed: 'ClientS', fd=88
02-06 18:14:33.075 31505 31505 D InputTransport: Input channel destroyed: 'ClientS', fd=87
02-06 18:14:33.092 31505 31505 V MediaPlayerNative: invoke 76
02-06 18:14:33.239 31505  8454 V MediaPlayerNative: message received msg=6, ext1=0, ext2=0
02-06 18:14:33.369 31505  8454 V MediaPlayerNative: message received msg=211, ext1=0, ext2=0
02-06 18:14:33.369 31505  8454 V MediaPlayerNative: message received msg=211, ext1=0, ext2=0
02-06 18:14:33.377 31505 31505 V MediaPlayer-JNI: getCurrentPosition: 62 (msec)
02-06 18:14:33.992 31505 31505 V MediaPlayer-JNI: stop
02-06 18:14:33.992 31505 31505 V MediaPlayerNative: stop
02-06 18:14:33.992 31505  5082 V MediaPlayerNative: message received msg=8, ext1=0, ext2=0
02-06 18:14:33.994 31505  5082 V MediaPlayerNative: message received msg=211, ext1=0, ext2=0
02-06 18:14:33.994 31505 31505 V MediaPlayer: resetDrmState:  mDrmInfo=null mDrmProvisioningThread=null mPrepareDrmInProgress=false mActiveDrmScheme=false
02-06 18:14:33.994 31505 31505 V MediaPlayer: cleanDrmObj: mDrmObj=null mDrmSessionId=null
02-06 18:14:33.994 31505 31505 V MediaPlayer-JNI: release
02-06 18:14:33.994 31505 31505 V MediaPlayerNative: setListener
02-06 18:14:33.994 31505 31505 V MediaPlayerNative: disconnect
02-06 18:14:34.014 31505 31505 V MediaPlayerNative: destructor
02-06 18:14:34.014 31505 31505 V MediaPlayerNative: disconnect
02-06 18:14:34.096 31505 31505 W MediaPlayer: mediaplayer went away with unhandled events
02-06 18:14:34.096 31505 31505 W MediaPlayer: mediaplayer went away with unhandled events
02-06 18:14:34.100 31505 31505 I ViewRootImpl@9ddb888[LoginActivity]: stopped(false) old=false
02-06 18:14:34.102 31505 31505 V MediaPlayer-JNI: native_setup
02-06 18:14:34.102 31505 31505 V MediaPlayerNative: constructor
02-06 18:14:34.103 31505 31505 V MediaPlayerNative: setListener
02-06 18:14:34.141 31505 31505 V MediaPlayer-JNI: setVolume: left 1.000000  right 1.000000
02-06 18:14:34.141 31505 31505 V MediaPlayerNative: MediaPlayer::setVolume(1.000000, 1.000000)
02-06 18:14:34.141 31505 31505 V MediaPlayer-JNI: setAuxEffectSendLevel: level 0.000000
02-06 18:14:34.141 31505 31505 V MediaPlayerNative: MediaPlayer::setAuxEffectSendLevel(0.000000)
02-06 18:14:34.141 31505 31505 V MediaPlayer-JNI: setParameter: key 1400
02-06 18:14:34.141 31505 31505 V MediaPlayerNative: MediaPlayer::setParameter(1400)
02-06 18:14:34.141 31505 31505 V MediaPlayer-JNI: set_session_id(): 10689
02-06 18:14:34.142 31505 31505 V MediaPlayerNative: MediaPlayer::setAudioSessionId(10689)
02-06 18:14:34.142 31505 31505 V MediaPlayer-JNI: setDataSourceFD: fd 87
02-06 18:14:34.142 31505 31505 V MediaPlayerNative: setDataSource(87, 80149264, 611808)
02-06 18:14:34.151 31505 31505 V MediaPlayerNative: setVideoSurfaceTexture
02-06 18:14:34.151 31505 31505 V MediaPlayerNative: prepare
02-06 18:14:34.201 31505 12855 V MediaPlayerNative: message received msg=200, ext1=10973, ext2=0
02-06 18:14:34.201 31505 12855 W MediaPlayerNative: info/warning (10973, 0)
02-06 18:14:34.202 31505 12855 V MediaPlayerNative: message received msg=1, ext1=0, ext2=0
02-06 18:14:34.202 31505 12855 V MediaPlayerNative: MediaPlayer::notify() prepared
02-06 18:14:34.202 31505 12855 V MediaPlayerNative: signal application thread
02-06 18:14:34.202 31505 31505 V MediaPlayerNative: prepare complete - status=0
02-06 18:14:34.211 31505 31505 V MediaPlayerNative: invoke 76
02-06 18:14:34.213 31505 31505 V MediaPlayer-JNI: setLooping: 1
02-06 18:14:34.213 31505 31505 V MediaPlayerNative: MediaPlayer::setLooping
02-06 18:14:34.213 31505 31505 V MediaPlayer-JNI: setVolume: left 0.800000  right 0.800000
02-06 18:14:34.213 31505 31505 V MediaPlayerNative: MediaPlayer::setVolume(0.800000, 0.800000)
02-06 18:14:34.214 31505 31505 V MediaPlayer-JNI: start
02-06 18:14:34.214 31505 31505 V MediaPlayerNative: start
02-06 18:14:34.242 31505 31505 I SurfaceControl: nativeRelease nativeObject s[-5476376619811316704]
02-06 18:14:34.242 31505 31505 I SurfaceControl: nativeRelease nativeObject e[-5476376619811316704]
02-06 18:14:34.246 31505 31505 I SurfaceControl: assignNativeObject: nativeObject = 0 Surface(name=null)/@0xeffd94 / android.view.SurfaceControl.readFromParcel:1117 android.view.IWindowSession$Stub$Proxy.relayout:1820 android.view.ViewRootImpl.relayoutWindow:9005 android.view.ViewRootImpl.performTraversals:3360 android.view.ViewRootImpl.doTraversal:2618 android.view.ViewRootImpl$TraversalRunnable.run:9971 android.view.Choreographer$CallbackRecord.run:1010 android.view.Choreographer.doCallbacks:809 android.view.Choreographer.doFrame:744 android.view.Choreographer$FrameDisplayEventReceiver.run:995 
02-06 18:14:34.248 31505 31505 I SurfaceControl: nativeRelease nativeObject s[-5476376618309961248]
02-06 18:14:34.248 31505 31505 I SurfaceControl: nativeRelease nativeObject e[-5476376618309961248]
02-06 18:14:34.248 31505 31505 I SurfaceControl: nativeRelease nativeObject s[-5476376618309963488]
02-06 18:14:34.248 31505 31505 I SurfaceControl: nativeRelease nativeObject e[-5476376618309963488]
02-06 18:14:34.248 31505 31505 I SurfaceControl: nativeRelease nativeObject s[-5476376619811323584]
02-06 18:14:34.248 31505 31505 I SurfaceControl: nativeRelease nativeObject e[-5476376619811323584]
02-06 18:14:34.248 31505 31505 I ViewRootImpl@9ddb888[LoginActivity]: Relayout returned: old=(0,0,2000,1200) new=(0,0,2000,1200) req=(2000,1200)0 dur=23 res=0x1 s={true -5476376619769638912} ch=false fn=1259
02-06 18:14:34.262 31505 31505 V MediaPlayer-JNI: stop
02-06 18:14:34.262 31505 31505 V MediaPlayerNative: stop
02-06 18:14:34.263 31505 31505 V MediaPlayer: resetDrmState:  mDrmInfo=null mDrmProvisioningThread=null mPrepareDrmInProgress=false mActiveDrmScheme=false
02-06 18:14:34.264 31505 31505 V MediaPlayer: cleanDrmObj: mDrmObj=null mDrmSessionId=null
02-06 18:14:34.264 31505 31505 V MediaPlayer-JNI: release
02-06 18:14:34.264 31505 31505 V MediaPlayerNative: setListener
02-06 18:14:34.264 31505 31505 V MediaPlayerNative: disconnect
02-06 18:14:34.270 31505 12866 V MediaPlayerNative: message received msg=8, ext1=0, ext2=0
02-06 18:14:34.270 31505 12866 V MediaPlayerNative: notify(8, 0, 0) callback on disconnected mediaplayer
02-06 18:14:34.316 31505 31505 V MediaPlayerNative: destructor
02-06 18:14:34.316 31505 31505 V MediaPlayerNative: disconnect
02-06 18:14:34.332 31505 31505 W MediaPlayer: mediaplayer went away with unhandled events
02-06 18:14:34.332 31505 31505 W MediaPlayer: mediaplayer went away with unhandled events
02-06 18:14:34.334 31505 31505 I ViewRootImpl@9ddb888[LoginActivity]: stopped(false) old=false
02-06 18:14:34.335 31505 31505 V MediaPlayer-JNI: native_setup
02-06 18:14:34.335 31505 31505 V MediaPlayerNative: constructor
02-06 18:14:34.336 31505 31505 V MediaPlayerNative: setListener
02-06 18:14:34.337 31505 31505 V MediaPlayer-JNI: setVolume: left 1.000000  right 1.000000
02-06 18:14:34.337 31505 31505 V MediaPlayerNative: MediaPlayer::setVolume(1.000000, 1.000000)
02-06 18:14:34.337 31505 31505 V MediaPlayer-JNI: setAuxEffectSendLevel: level 0.000000
02-06 18:14:34.337 31505 31505 V MediaPlayerNative: MediaPlayer::setAuxEffectSendLevel(0.000000)
02-06 18:14:34.337 31505 31505 V MediaPlayer-JNI: setParameter: key 1400
02-06 18:14:34.337 31505 31505 V MediaPlayerNative: MediaPlayer::setParameter(1400)
02-06 18:14:34.337 31505 31505 V MediaPlayer-JNI: set_session_id(): 10705
02-06 18:14:34.338 31505 31505 V MediaPlayerNative: MediaPlayer::setAudioSessionId(10705)
02-06 18:14:34.338 31505 31505 V MediaPlayer-JNI: setDataSourceFD: fd 89
02-06 18:14:34.338 31505 31505 V MediaPlayerNative: setDataSource(89, 80149264, 611808)
02-06 18:14:34.354 31505 31505 V MediaPlayerNative: setVideoSurfaceTexture
02-06 18:14:34.355 31505 31505 V MediaPlayerNative: prepare
02-06 18:14:34.420 31505 12855 V MediaPlayerNative: message received msg=200, ext1=10973, ext2=0
02-06 18:14:34.420 31505 12855 W MediaPlayerNative: info/warning (10973, 0)
02-06 18:14:34.421 31505 12855 V MediaPlayerNative: message received msg=1, ext1=0, ext2=0
02-06 18:14:34.421 31505 12855 V MediaPlayerNative: MediaPlayer::notify() prepared
02-06 18:14:34.421 31505 12855 V MediaPlayerNative: signal application thread
02-06 18:14:34.421 31505 31505 V MediaPlayerNative: prepare complete - status=0
02-06 18:14:34.454 31505 31505 V MediaPlayerNative: invoke 76
02-06 18:14:34.454 31505 31505 V MediaPlayer-JNI: setLooping: 1
02-06 18:14:34.454 31505 31505 V MediaPlayerNative: MediaPlayer::setLooping
02-06 18:14:34.455 31505 31505 V MediaPlayer-JNI: setVolume: left 0.800000  right 0.800000
02-06 18:14:34.455 31505 31505 V MediaPlayerNative: MediaPlayer::setVolume(0.800000, 0.800000)
02-06 18:14:34.455 31505 31505 V MediaPlayer-JNI: start
02-06 18:14:34.455 31505 31505 V MediaPlayerNative: start
02-06 18:14:34.462 31505 31505 V MediaPlayerNative: invoke 76
02-06 18:14:34.634 31505 12855 V MediaPlayerNative: message received msg=6, ext1=0, ext2=0
02-06 18:14:34.724 31505 12855 V MediaPlayerNative: message received msg=211, ext1=0, ext2=0
02-06 18:14:34.725 31505 12855 V MediaPlayerNative: message received msg=211, ext1=0, ext2=0
02-06 18:14:34.726 31505 31505 V MediaPlayer-JNI: getCurrentPosition: 54 (msec)
02-06 18:14:34.955 31505 31505 V MediaPlayer-JNI: stop
02-06 18:14:34.955 31505 31505 V MediaPlayerNative: stop
02-06 18:14:34.956 31505 12855 V MediaPlayerNative: message received msg=8, ext1=0, ext2=0
02-06 18:14:34.956 31505 12855 V MediaPlayerNative: message received msg=211, ext1=0, ext2=0
02-06 18:14:34.956 31505 31505 V MediaPlayer: resetDrmState:  mDrmInfo=null mDrmProvisioningThread=null mPrepareDrmInProgress=false mActiveDrmScheme=false
02-06 18:14:34.956 31505 31505 V MediaPlayer: cleanDrmObj: mDrmObj=null mDrmSessionId=null
02-06 18:14:34.956 31505 31505 V MediaPlayer-JNI: release
02-06 18:14:34.956 31505 31505 V MediaPlayerNative: setListener
02-06 18:14:34.956 31505 31505 V MediaPlayerNative: disconnect
02-06 18:14:34.970 31505 31505 V MediaPlayerNative: destructor
02-06 18:14:34.970 31505 31505 V MediaPlayerNative: disconnect
02-06 18:14:35.045 31505 31505 W MediaPlayer: mediaplayer went away with unhandled events
02-06 18:14:35.045 31505 31505 W MediaPlayer: mediaplayer went away with unhandled events
02-06 18:14:35.045 31505 31505 I ViewRootImpl@9ddb888[LoginActivity]: stopped(false) old=false
02-06 18:14:35.046 31505 31505 V MediaPlayer-JNI: native_setup
02-06 18:14:35.046 31505 31505 V MediaPlayerNative: constructor
02-06 18:14:35.046 31505 31505 V MediaPlayerNative: setListener
02-06 18:14:35.052 31505 31505 V MediaPlayer-JNI: setVolume: left 1.000000  right 1.000000
02-06 18:14:35.052 31505 31505 V MediaPlayerNative: MediaPlayer::setVolume(1.000000, 1.000000)
02-06 18:14:35.052 31505 31505 V MediaPlayer-JNI: setAuxEffectSendLevel: level 0.000000
02-06 18:14:35.052 31505 31505 V MediaPlayerNative: MediaPlayer::setAuxEffectSendLevel(0.000000)
02-06 18:14:35.052 31505 31505 V MediaPlayer-JNI: setParameter: key 1400
02-06 18:14:35.052 31505 31505 V MediaPlayerNative: MediaPlayer::setParameter(1400)
02-06 18:14:35.052 31505 31505 V MediaPlayer-JNI: set_session_id(): 10721
02-06 18:14:35.052 31505 31505 V MediaPlayerNative: MediaPlayer::setAudioSessionId(10721)
02-06 18:14:35.052 31505 31505 V MediaPlayer-JNI: setDataSourceFD: fd 78
02-06 18:14:35.052 31505 31505 V MediaPlayerNative: setDataSource(78, 80149264, 611808)
02-06 18:14:35.094 31505 31505 V MediaPlayerNative: setVideoSurfaceTexture
02-06 18:14:35.094 31505 31505 V MediaPlayerNative: prepare
02-06 18:14:35.137 31505 12866 V MediaPlayerNative: message received msg=200, ext1=10973, ext2=0
02-06 18:14:35.137 31505 12866 W MediaPlayerNative: info/warning (10973, 0)
02-06 18:14:35.139 31505 12866 V MediaPlayerNative: message received msg=1, ext1=0, ext2=0
02-06 18:14:35.139 31505 12866 V MediaPlayerNative: MediaPlayer::notify() prepared
02-06 18:14:35.139 31505 12866 V MediaPlayerNative: signal application thread
02-06 18:14:35.139 31505 31505 V MediaPlayerNative: prepare complete - status=0
02-06 18:14:35.149 31505 31505 V MediaPlayerNative: invoke 76
02-06 18:14:35.150 31505 31505 V MediaPlayer-JNI: setLooping: 1
02-06 18:14:35.150 31505 31505 V MediaPlayerNative: MediaPlayer::setLooping
02-06 18:14:35.151 31505 31505 V MediaPlayer-JNI: setVolume: left 0.800000  right 0.800000
02-06 18:14:35.151 31505 31505 V MediaPlayerNative: MediaPlayer::setVolume(0.800000, 0.800000)
02-06 18:14:35.152 31505 31505 V MediaPlayer-JNI: start
02-06 18:14:35.152 31505 31505 V MediaPlayerNative: start
02-06 18:14:35.189 31505 31505 V MediaPlayerNative: invoke 76
02-06 18:14:35.276 31505 31505 V MediaPlayer-JNI: stop
02-06 18:14:35.276 31505 31505 V MediaPlayerNative: stop
02-06 18:14:35.277 31505 12866 V MediaPlayerNative: message received msg=8, ext1=0, ext2=0
02-06 18:14:35.279 31505 31505 V MediaPlayer: resetDrmState:  mDrmInfo=null mDrmProvisioningThread=null mPrepareDrmInProgress=false mActiveDrmScheme=false
02-06 18:14:35.279 31505 31505 V MediaPlayer: cleanDrmObj: mDrmObj=null mDrmSessionId=null
02-06 18:14:35.279 31505 31505 V MediaPlayer-JNI: release
02-06 18:14:35.279 31505 31505 V MediaPlayerNative: setListener
02-06 18:14:35.279 31505 31505 V MediaPlayerNative: disconnect
02-06 18:14:35.301 31505 31505 V MediaPlayerNative: destructor
02-06 18:14:35.302 31505 31505 V MediaPlayerNative: disconnect
02-06 18:14:35.328 31505 31505 W MediaPlayer: mediaplayer went away with unhandled events
02-06 18:14:35.609 31505 31505 I ViewRootImpl@9ddb888[LoginActivity]: MSG_WINDOW_FOCUS_CHANGED 0 1
02-06 18:14:35.693 31505 31505 I ViewRootImpl@9ddb888[LoginActivity]: stopped(false) old=false
02-06 18:14:35.694 31505 31505 V MediaPlayer-JNI: native_setup
02-06 18:14:35.694 31505 31505 V MediaPlayerNative: constructor
02-06 18:14:35.695 31505 31505 V MediaPlayerNative: setListener
02-06 18:14:35.698 31505 31505 V MediaPlayer-JNI: setVolume: left 1.000000  right 1.000000
02-06 18:14:35.699 31505 31505 V MediaPlayerNative: MediaPlayer::setVolume(1.000000, 1.000000)
02-06 18:14:35.699 31505 31505 V MediaPlayer-JNI: setAuxEffectSendLevel: level 0.000000
02-06 18:14:35.699 31505 31505 V MediaPlayerNative: MediaPlayer::setAuxEffectSendLevel(0.000000)
02-06 18:14:35.699 31505 31505 V MediaPlayer-JNI: setParameter: key 1400
02-06 18:14:35.699 31505 31505 V MediaPlayerNative: MediaPlayer::setParameter(1400)
02-06 18:14:35.699 31505 31505 V MediaPlayer-JNI: set_session_id(): 10737
02-06 18:14:35.699 31505 31505 V MediaPlayerNative: MediaPlayer::setAudioSessionId(10737)
02-06 18:14:35.699 31505 31505 V MediaPlayer-JNI: setDataSourceFD: fd 78
02-06 18:14:35.699 31505 31505 V MediaPlayerNative: setDataSource(78, 80149264, 611808)
02-06 18:14:35.710 31505 31505 V MediaPlayerNative: setVideoSurfaceTexture
02-06 18:14:35.711 31505 31505 V MediaPlayerNative: prepare
02-06 18:14:35.784 31505 12855 V MediaPlayerNative: message received msg=200, ext1=10973, ext2=0
02-06 18:14:35.784 31505 12855 W MediaPlayerNative: info/warning (10973, 0)
02-06 18:14:35.786 31505 12855 V MediaPlayerNative: message received msg=1, ext1=0, ext2=0
02-06 18:14:35.786 31505 12855 V MediaPlayerNative: MediaPlayer::notify() prepared
02-06 18:14:35.786 31505 12855 V MediaPlayerNative: signal application thread
02-06 18:14:35.786 31505 31505 V MediaPlayerNative: prepare complete - status=0
02-06 18:14:35.789 31505 31505 V MediaPlayerNative: invoke 76
02-06 18:14:35.790 31505 31505 V MediaPlayer-JNI: setLooping: 1
02-06 18:14:35.790 31505 31505 V MediaPlayerNative: MediaPlayer::setLooping
02-06 18:14:35.790 31505 31505 V MediaPlayer-JNI: setVolume: left 0.800000  right 0.800000
02-06 18:14:35.790 31505 31505 V MediaPlayerNative: MediaPlayer::setVolume(0.800000, 0.800000)
02-06 18:14:35.790 31505 31505 V MediaPlayer-JNI: start
02-06 18:14:35.790 31505 31505 V MediaPlayerNative: start
02-06 18:14:35.795 31505 31505 V MediaPlayerNative: invoke 76
02-06 18:14:35.797 31505 31505 I ViewRootImpl@9ddb888[LoginActivity]: MSG_WINDOW_FOCUS_CHANGED 1 1
02-06 18:14:35.797 31505 31505 D InputMethodManager: prepareNavigationBarInfo() DecorView@cd2569b[LoginActivity]
02-06 18:14:35.797 31505 31505 D InputMethodManager: getNavigationBarColor() -855310
02-06 18:14:35.798 31505 31505 D InputMethodManager: prepareNavigationBarInfo() DecorView@cd2569b[LoginActivity]
02-06 18:14:35.798 31505 31505 D InputMethodManager: getNavigationBarColor() -855310
02-06 18:14:35.798 31505 31505 V InputMethodManager: Starting input: tba=com.kyowon.literacy.store ic=null mNaviBarColor -855310 mIsGetNaviBarColorSuccess true , NavVisible : true , NavTrans : false
02-06 18:14:35.798 31505 31505 D InputMethodManager: startInputInner - Id : 0
02-06 18:14:35.798 31505 31505 I InputMethodManager: startInputInner - mService.startInputOrWindowGainedFocus
02-06 18:14:35.801 31505 31505 D InputTransport: Input channel constructed: 'ClientS', fd=89
02-06 18:14:35.801 31505 31505 D InputTransport: Input channel destroyed: 'ClientS', fd=88
02-06 18:14:35.961 31505 12855 V MediaPlayerNative: message received msg=6, ext1=0, ext2=0
02-06 18:14:36.081 31505 31505 V MediaPlayer-JNI: getCurrentPosition: 37 (msec)
02-06 18:14:36.085 31505 12855 V MediaPlayerNative: message received msg=211, ext1=0, ext2=0
02-06 18:14:36.127 31505 12855 V MediaPlayerNative: message received msg=211, ext1=0, ext2=0
02-06 18:14:36.127 31505 12855 V MediaPlayerNative: message received msg=211, ext1=0, ext2=0
02-06 18:14:36.127 31505 12855 V MediaPlayerNative: message received msg=211, ext1=0, ext2=0
02-06 18:14:36.630 31505 31505 V MediaPlayer-JNI: stop
02-06 18:14:36.630 31505 31505 V MediaPlayerNative: stop
02-06 18:14:36.632 31505 31505 V MediaPlayer: resetDrmState:  mDrmInfo=null mDrmProvisioningThread=null mPrepareDrmInProgress=false mActiveDrmScheme=false
02-06 18:14:36.632 31505 31505 V MediaPlayer: cleanDrmObj: mDrmObj=null mDrmSessionId=null
02-06 18:14:36.632 31505 31505 V MediaPlayer-JNI: release
02-06 18:14:36.632 31505 31505 V MediaPlayerNative: setListener
02-06 18:14:36.632 31505 31505 V MediaPlayerNative: disconnect
02-06 18:14:36.639 31505  8454 V MediaPlayerNative: message received msg=8, ext1=0, ext2=0
02-06 18:14:36.640 31505  8454 V MediaPlayerNative: notify(8, 0, 0) callback on disconnected mediaplayer
02-06 18:14:36.640 31505  8454 V MediaPlayerNative: message received msg=211, ext1=0, ext2=0
02-06 18:14:36.640 31505  8454 V MediaPlayerNative: notify(211, 0, 0) callback on disconnected mediaplayer
02-06 18:14:36.720 31505 31505 V MediaPlayerNative: destructor
02-06 18:14:36.720 31505 31505 V MediaPlayerNative: disconnect
02-06 18:14:37.233 31505 31505 I ViewRootImpl@9ddb888[LoginActivity]: MSG_WINDOW_FOCUS_CHANGED 0 1
02-06 18:14:37.727 31505 31505 I ViewRootImpl@9ddb888[LoginActivity]: stopped(false) old=false
02-06 18:14:37.728 31505 31505 V MediaPlayer-JNI: native_setup
02-06 18:14:37.728 31505 31505 V MediaPlayerNative: constructor
02-06 18:14:37.729 31505 31505 V MediaPlayerNative: setListener
02-06 18:14:37.732 31505 31505 V MediaPlayer-JNI: setVolume: left 1.000000  right 1.000000
02-06 18:14:37.732 31505 31505 V MediaPlayerNative: MediaPlayer::setVolume(1.000000, 1.000000)
02-06 18:14:37.732 31505 31505 V MediaPlayer-JNI: setAuxEffectSendLevel: level 0.000000
02-06 18:14:37.732 31505 31505 V MediaPlayerNative: MediaPlayer::setAuxEffectSendLevel(0.000000)
02-06 18:14:37.732 31505 31505 V MediaPlayer-JNI: setParameter: key 1400
02-06 18:14:37.732 31505 31505 V MediaPlayerNative: MediaPlayer::setParameter(1400)
02-06 18:14:37.732 31505 31505 V MediaPlayer-JNI: set_session_id(): 10753
02-06 18:14:37.732 31505 31505 V MediaPlayerNative: MediaPlayer::setAudioSessionId(10753)
02-06 18:14:37.733 31505 31505 V MediaPlayer-JNI: setDataSourceFD: fd 78
02-06 18:14:37.733 31505 31505 V MediaPlayerNative: setDataSource(78, 80149264, 611808)
02-06 18:14:37.746 31505 31505 V MediaPlayerNative: setVideoSurfaceTexture
02-06 18:14:37.746 31505 31505 V MediaPlayerNative: prepare
02-06 18:14:37.796 31505 12855 V MediaPlayerNative: message received msg=200, ext1=10973, ext2=0
02-06 18:14:37.796 31505 12855 W MediaPlayerNative: info/warning (10973, 0)
02-06 18:14:37.798 31505 12855 V MediaPlayerNative: message received msg=1, ext1=0, ext2=0
02-06 18:14:37.798 31505 12855 V MediaPlayerNative: MediaPlayer::notify() prepared
02-06 18:14:37.799 31505 12855 V MediaPlayerNative: signal application thread
02-06 18:14:37.799 31505 31505 V MediaPlayerNative: prepare complete - status=0
02-06 18:14:37.827 31505 31505 V MediaPlayerNative: invoke 76
02-06 18:14:37.828 31505 31505 V MediaPlayer-JNI: setLooping: 1
02-06 18:14:37.828 31505 31505 V MediaPlayerNative: MediaPlayer::setLooping
02-06 18:14:37.829 31505 31505 V MediaPlayer-JNI: setVolume: left 0.800000  right 0.800000
02-06 18:14:37.829 31505 31505 V MediaPlayerNative: MediaPlayer::setVolume(0.800000, 0.800000)
02-06 18:14:37.829 31505 31505 V MediaPlayer-JNI: start
02-06 18:14:37.829 31505 31505 V MediaPlayerNative: start
02-06 18:14:37.831 31505 31505 I ViewRootImpl@9ddb888[LoginActivity]: MSG_WINDOW_FOCUS_CHANGED 1 1
02-06 18:14:37.832 31505 31505 D InputMethodManager: prepareNavigationBarInfo() DecorView@cd2569b[LoginActivity]
02-06 18:14:37.832 31505 31505 D InputMethodManager: getNavigationBarColor() -855310
02-06 18:14:37.833 31505 31505 D InputMethodManager: prepareNavigationBarInfo() DecorView@cd2569b[LoginActivity]
02-06 18:14:37.833 31505 31505 D InputMethodManager: getNavigationBarColor() -855310
02-06 18:14:37.833 31505 31505 V InputMethodManager: Starting input: tba=com.kyowon.literacy.store ic=null mNaviBarColor -855310 mIsGetNaviBarColorSuccess true , NavVisible : true , NavTrans : false
02-06 18:14:37.833 31505 31505 D InputMethodManager: startInputInner - Id : 0
02-06 18:14:37.833 31505 31505 I InputMethodManager: startInputInner - mService.startInputOrWindowGainedFocus
02-06 18:14:37.836 31505 31505 D InputTransport: Input channel constructed: 'ClientS', fd=94
02-06 18:14:37.836 31505 31505 D InputTransport: Input channel destroyed: 'ClientS', fd=89
02-06 18:14:37.843 31505 31505 I SurfaceControl: nativeRelease nativeObject s[-5476376618309962528]
02-06 18:14:37.843 31505 31505 I SurfaceControl: nativeRelease nativeObject e[-5476376618309962528]
02-06 18:14:37.844 31505 31505 I SurfaceControl: assignNativeObject: nativeObject = 0 Surface(name=null)/@0xeffd94 / android.view.SurfaceControl.readFromParcel:1117 android.view.IWindowSession$Stub$Proxy.relayout:1820 android.view.ViewRootImpl.relayoutWindow:9005 android.view.ViewRootImpl.performTraversals:3360 android.view.ViewRootImpl.doTraversal:2618 android.view.ViewRootImpl$TraversalRunnable.run:9971 android.view.Choreographer$CallbackRecord.run:1010 android.view.Choreographer.doCallbacks:809 android.view.Choreographer.doFrame:744 android.view.Choreographer$FrameDisplayEventReceiver.run:995 
02-06 18:14:37.847 31505 31505 I SurfaceControl: nativeRelease nativeObject s[-5476376619811316704]
02-06 18:14:37.847 31505 31505 I SurfaceControl: nativeRelease nativeObject e[-5476376619811316704]
02-06 18:14:37.847 31505 31505 I SurfaceControl: nativeRelease nativeObject s[-5476376619811317184]
02-06 18:14:37.847 31505 31505 I SurfaceControl: nativeRelease nativeObject e[-5476376619811317184]
02-06 18:14:37.847 31505 31505 I SurfaceControl: nativeRelease nativeObject s[-5476376618309964768]
02-06 18:14:37.847 31505 31505 I SurfaceControl: nativeRelease nativeObject e[-5476376618309964768]
02-06 18:14:37.847 31505 31505 I ViewRootImpl@9ddb888[LoginActivity]: Relayout returned: old=(0,0,2000,1200) new=(0,0,2000,1200) req=(2000,1200)0 dur=7 res=0x1 s={true -5476376619769638912} ch=false fn=1331
02-06 18:14:37.850 31505 31505 V MediaPlayerNative: invoke 76
02-06 18:14:37.978 31505 12855 V MediaPlayerNative: message received msg=6, ext1=0, ext2=0
02-06 18:14:38.077 31505 12855 V MediaPlayerNative: message received msg=211, ext1=0, ext2=0
02-06 18:14:38.077 31505 12855 V MediaPlayerNative: message received msg=211, ext1=0, ext2=0
02-06 18:14:38.135 31505 31505 V MediaPlayer-JNI: stop
02-06 18:14:38.135 31505 31505 V MediaPlayerNative: stop
02-06 18:14:38.135 31505 12855 V MediaPlayerNative: message received msg=8, ext1=0, ext2=0
02-06 18:14:38.136 31505 31505 V MediaPlayer: resetDrmState:  mDrmInfo=null mDrmProvisioningThread=null mPrepareDrmInProgress=false mActiveDrmScheme=false
02-06 18:14:38.136 31505 31505 V MediaPlayer: cleanDrmObj: mDrmObj=null mDrmSessionId=null
02-06 18:14:38.136 31505 31505 V MediaPlayer-JNI: release
02-06 18:14:38.136 31505 31505 V MediaPlayerNative: setListener
02-06 18:14:38.136 31505 31505 V MediaPlayerNative: disconnect
02-06 18:14:38.136 31505 12855 V MediaPlayerNative: message received msg=211, ext1=0, ext2=0
02-06 18:14:38.136 31505 12855 V MediaPlayerNative: notify(211, 0, 0) callback on disconnected mediaplayer
02-06 18:14:38.152 31505 31505 V MediaPlayerNative: destructor
02-06 18:14:38.153 31505 31505 V MediaPlayerNative: disconnect
02-06 18:14:38.221 31505 31505 W MediaPlayer: mediaplayer went away with unhandled events
02-06 18:14:38.460 31505 31505 I ViewRootImpl@9ddb888[LoginActivity]: stopped(false) old=false
02-06 18:14:38.464 31505 31505 V MediaPlayer-JNI: native_setup
02-06 18:14:38.464 31505 31505 V MediaPlayerNative: constructor
02-06 18:14:38.467 31505 31505 V MediaPlayerNative: setListener
02-06 18:14:38.474 31505 31505 V MediaPlayer-JNI: setVolume: left 1.000000  right 1.000000
02-06 18:14:38.474 31505 31505 V MediaPlayerNative: MediaPlayer::setVolume(1.000000, 1.000000)
02-06 18:14:38.474 31505 31505 V MediaPlayer-JNI: setAuxEffectSendLevel: level 0.000000
02-06 18:14:38.474 31505 31505 V MediaPlayerNative: MediaPlayer::setAuxEffectSendLevel(0.000000)
02-06 18:14:38.474 31505 31505 V MediaPlayer-JNI: setParameter: key 1400
02-06 18:14:38.474 31505 31505 V MediaPlayerNative: MediaPlayer::setParameter(1400)
02-06 18:14:38.474 31505 31505 V MediaPlayer-JNI: set_session_id(): 10769
02-06 18:14:38.474 31505 31505 V MediaPlayerNative: MediaPlayer::setAudioSessionId(10769)
02-06 18:14:38.484 31505 31505 V MediaPlayer-JNI: setDataSourceFD: fd 78
02-06 18:14:38.484 31505 31505 V MediaPlayerNative: setDataSource(78, 80149264, 611808)
02-06 18:14:38.503 31505 31505 V MediaPlayerNative: setVideoSurfaceTexture
02-06 18:14:38.503 31505 31505 V MediaPlayerNative: prepare
02-06 18:14:38.538 31505 12855 V MediaPlayerNative: message received msg=200, ext1=10973, ext2=0
02-06 18:14:38.538 31505 12855 W MediaPlayerNative: info/warning (10973, 0)
02-06 18:14:38.546 31505 12855 V MediaPlayerNative: message received msg=1, ext1=0, ext2=0
02-06 18:14:38.546 31505 12855 V MediaPlayerNative: MediaPlayer::notify() prepared
02-06 18:14:38.546 31505 12855 V MediaPlayerNative: signal application thread
02-06 18:14:38.546 31505 31505 V MediaPlayerNative: prepare complete - status=0
02-06 18:14:38.562 31505 31505 V MediaPlayerNative: invoke 76
02-06 18:14:38.563 31505 31505 V MediaPlayer-JNI: setLooping: 1
02-06 18:14:38.563 31505 31505 V MediaPlayerNative: MediaPlayer::setLooping
02-06 18:14:38.564 31505 31505 V MediaPlayer-JNI: setVolume: left 0.800000  right 0.800000
02-06 18:14:38.564 31505 31505 V MediaPlayerNative: MediaPlayer::setVolume(0.800000, 0.800000)
02-06 18:14:38.566 31505 31505 V MediaPlayer-JNI: start
02-06 18:14:38.566 31505 31505 V MediaPlayerNative: start
02-06 18:14:38.571 31505 31505 I ViewRootImpl@9ddb888[LoginActivity]: MSG_WINDOW_FOCUS_CHANGED 1 1
02-06 18:14:38.571 31505 31505 D InputMethodManager: prepareNavigationBarInfo() DecorView@cd2569b[LoginActivity]
02-06 18:14:38.571 31505 31505 D InputMethodManager: getNavigationBarColor() -855310
02-06 18:14:38.572 31505 31505 D InputMethodManager: prepareNavigationBarInfo() DecorView@cd2569b[LoginActivity]
02-06 18:14:38.572 31505 31505 D InputMethodManager: getNavigationBarColor() -855310
02-06 18:14:38.572 31505 31505 V InputMethodManager: Starting input: tba=com.kyowon.literacy.store ic=null mNaviBarColor -855310 mIsGetNaviBarColorSuccess true , NavVisible : true , NavTrans : false
02-06 18:14:38.572 31505 31505 D InputMethodManager: startInputInner - Id : 0
02-06 18:14:38.572 31505 31505 I InputMethodManager: startInputInner - mService.startInputOrWindowGainedFocus
02-06 18:14:38.575 31505 31505 D InputTransport: Input channel constructed: 'ClientS', fd=87
02-06 18:14:38.575 31505 31505 D InputTransport: Input channel destroyed: 'ClientS', fd=94
02-06 18:14:38.582 31505 31505 I SurfaceControl: nativeRelease nativeObject s[-5476376619811323584]
02-06 18:14:38.582 31505 31505 I SurfaceControl: nativeRelease nativeObject e[-5476376619811323584]
02-06 18:14:38.584 31505 31505 I SurfaceControl: assignNativeObject: nativeObject = 0 Surface(name=null)/@0xeffd94 / android.view.SurfaceControl.readFromParcel:1117 android.view.IWindowSession$Stub$Proxy.relayout:1820 android.view.ViewRootImpl.relayoutWindow:9005 android.view.ViewRootImpl.performTraversals:3360 android.view.ViewRootImpl.doTraversal:2618 android.view.ViewRootImpl$TraversalRunnable.run:9971 android.view.Choreographer$CallbackRecord.run:1010 android.view.Choreographer.doCallbacks:809 android.view.Choreographer.doFrame:744 android.view.Choreographer$FrameDisplayEventReceiver.run:995 
02-06 18:14:38.585 31505 31505 I SurfaceControl: nativeRelease nativeObject s[-5476376618309962528]
02-06 18:14:38.585 31505 31505 I SurfaceControl: nativeRelease nativeObject e[-5476376618309962528]
02-06 18:14:38.585 31505 31505 I SurfaceControl: nativeRelease nativeObject s[-5476376618309961248]
02-06 18:14:38.585 31505 31505 I SurfaceControl: nativeRelease nativeObject e[-5476376618309961248]
02-06 18:14:38.585 31505 31505 I SurfaceControl: nativeRelease nativeObject s[-5476376618309963488]
02-06 18:14:38.585 31505 31505 I SurfaceControl: nativeRelease nativeObject e[-5476376618309963488]
02-06 18:14:38.585 31505 31505 I ViewRootImpl@9ddb888[LoginActivity]: Relayout returned: old=(0,0,2000,1200) new=(0,0,2000,1200) req=(2000,1200)0 dur=8 res=0x1 s={true -5476376619769638912} ch=false fn=1340
02-06 18:14:38.600 31505 31505 I ViewRootImpl@9ddb888[LoginActivity]: MSG_WINDOW_FOCUS_CHANGED 1 1
02-06 18:14:38.602 31505 31505 V MediaPlayer-JNI: stop
02-06 18:14:38.602 31505 31505 V MediaPlayerNative: stop
02-06 18:14:38.603 31505 12866 V MediaPlayerNative: message received msg=8, ext1=0, ext2=0
02-06 18:14:38.604 31505 31505 V MediaPlayer: resetDrmState:  mDrmInfo=null mDrmProvisioningThread=null mPrepareDrmInProgress=false mActiveDrmScheme=false
02-06 18:14:38.604 31505 31505 V MediaPlayer: cleanDrmObj: mDrmObj=null mDrmSessionId=null
02-06 18:14:38.604 31505 31505 V MediaPlayer-JNI: release
02-06 18:14:38.604 31505 31505 V MediaPlayerNative: setListener
02-06 18:14:38.604 31505 31505 V MediaPlayerNative: disconnect
02-06 18:14:38.674 31505 31505 V MediaPlayerNative: destructor
02-06 18:14:38.675 31505 31505 V MediaPlayerNative: disconnect
02-06 18:14:38.685 31505 31505 W MediaPlayer: mediaplayer went away with unhandled events
02-06 18:14:38.685 31505 31505 W MediaPlayer: mediaplayer went away with unhandled events
02-06 18:14:38.771 31505 31505 W MediaPlayer: mediaplayer went away with unhandled events
02-06 18:14:39.152 31505 31505 I ViewRootImpl@9ddb888[LoginActivity]: stopped(false) old=false
02-06 18:14:39.155 31505 31505 V MediaPlayer-JNI: native_setup
02-06 18:14:39.155 31505 31505 V MediaPlayerNative: constructor
02-06 18:14:39.156 31505 31505 V MediaPlayerNative: setListener
02-06 18:14:39.162 31505 31505 V MediaPlayer-JNI: setVolume: left 1.000000  right 1.000000
02-06 18:14:39.162 31505 31505 V MediaPlayerNative: MediaPlayer::setVolume(1.000000, 1.000000)
02-06 18:14:39.162 31505 31505 V MediaPlayer-JNI: setAuxEffectSendLevel: level 0.000000
02-06 18:14:39.162 31505 31505 V MediaPlayerNative: MediaPlayer::setAuxEffectSendLevel(0.000000)
02-06 18:14:39.162 31505 31505 V MediaPlayer-JNI: setParameter: key 1400
02-06 18:14:39.162 31505 31505 V MediaPlayerNative: MediaPlayer::setParameter(1400)
02-06 18:14:39.162 31505 31505 V MediaPlayer-JNI: set_session_id(): 10785
02-06 18:14:39.162 31505 31505 V MediaPlayerNative: MediaPlayer::setAudioSessionId(10785)
02-06 18:14:39.163 31505 31505 V MediaPlayer-JNI: setDataSourceFD: fd 78
02-06 18:14:39.163 31505 31505 V MediaPlayerNative: setDataSource(78, 80149264, 611808)
02-06 18:14:39.175 31505 31505 V MediaPlayerNative: setVideoSurfaceTexture
02-06 18:14:39.175 31505 31505 V MediaPlayerNative: prepare
02-06 18:14:39.245 31505  4917 V MediaPlayerNative: message received msg=200, ext1=10973, ext2=0
02-06 18:14:39.245 31505  4917 W MediaPlayerNative: info/warning (10973, 0)
02-06 18:14:39.253 31505  4917 V MediaPlayerNative: message received msg=1, ext1=0, ext2=0
02-06 18:14:39.253 31505  4917 V MediaPlayerNative: MediaPlayer::notify() prepared
02-06 18:14:39.253 31505  4917 V MediaPlayerNative: signal application thread
02-06 18:14:39.253 31505 31505 V MediaPlayerNative: prepare complete - status=0
02-06 18:14:39.262 31505 31505 V MediaPlayerNative: invoke 76
02-06 18:14:39.263 31505 31505 V MediaPlayer-JNI: setLooping: 1
02-06 18:14:39.263 31505 31505 V MediaPlayerNative: MediaPlayer::setLooping
02-06 18:14:39.264 31505 31505 V MediaPlayer-JNI: setVolume: left 0.800000  right 0.800000
02-06 18:14:39.264 31505 31505 V MediaPlayerNative: MediaPlayer::setVolume(0.800000, 0.800000)
02-06 18:14:39.265 31505 31505 V MediaPlayer-JNI: start
02-06 18:14:39.265 31505 31505 V MediaPlayerNative: start
02-06 18:14:39.277 31505 31505 I ViewRootImpl@9ddb888[LoginActivity]: MSG_WINDOW_FOCUS_CHANGED 1 1
02-06 18:14:39.277 31505 31505 D InputMethodManager: prepareNavigationBarInfo() DecorView@cd2569b[LoginActivity]
02-06 18:14:39.277 31505 31505 D InputMethodManager: getNavigationBarColor() -855310
02-06 18:14:39.281 31505 31505 D InputMethodManager: prepareNavigationBarInfo() DecorView@cd2569b[LoginActivity]
02-06 18:14:39.281 31505 31505 D InputMethodManager: getNavigationBarColor() -855310
