02-06 18:05:10.500   862  1520 I SurfaceFlinger: id=106444 Removed com.kyowon.literacy.store/com.kyowon.literacy.ui.vocabulary.activity.VocabularyActivity$_20609#1 (82)
02-06 18:05:10.500  7519  7519 I SoundAlivePolicyManager: isAudioPathEarjack() : false
02-06 18:05:10.500   862   925 I SurfaceFlinger: id=106440 Removed 2813ac1 com.kyowon.literacy.store/com.kyowon.literacy.ui.vocabulary.activity.VocabularyActivity#0 (82)
02-06 18:05:10.500  7519  7519 I SoundAlivePolicyManager: isAudioPathBT() : false
02-06 18:05:10.500  7519  7519 I SoundAlivePolicyManager: isAudioPathHDMI() : false
02-06 18:05:10.501  7519  7519 I SoundAlivePolicyManager: isAudioPathREMOTE_SUBMIX() : true
02-06 18:05:10.501  7519  7519 I SoundAlivePolicyManager: actual AudioPath : SA_PATH_REMOTE_SUBMIX
02-06 18:05:10.501  7519  7519 I SADVFSHelper: Audio route update attempt
02-06 18:05:10.501 20609 20609 I SurfaceControl: nativeRelease nativeObject s[-5476376620273400576]
02-06 18:05:10.501 20609 20609 I SurfaceControl: nativeRelease nativeObject e[-5476376620273400576]
02-06 18:05:10.501  7519  7519 I SAEffectManager: checkDSDPlaybackState called...
02-06 18:05:10.502  7519  7519 I SAEffectManager: checkDSDPlaybackState : SoundAlive instance is null!
02-06 18:05:10.502  7519  7519 I SAEffectManager: checkDSDPlaybackState() : only dolby supported model so applying dolby effect by setDolbyEffect()
02-06 18:05:10.502  7519  7519 I SAEffectManager: setDolbyEffect() Called ...
02-06 18:05:10.502  3012  7226 I ActivityTaskManager: Removing activity ActivityRecord{43ab424 u0 com.kyowon.literacy.store/com.kyowon.literacy.ui.vocabulary.activity.VocabularyActivity t3366 f}}(activityDestroyed)  from stack callers=com.android.server.wm.ActivityRecord.destroyed:3608 com.android.server.wm.ActivityTaskManagerService.activityDestroyed:2643 android.app.IActivityTaskManager$Stub.onTransact:2232 android.os.Binder.execTransactInternal:1195 android.os.Binder.execTransact:1159 
02-06 18:05:10.502  7519  7519 I SAEffectManager: setDolbyEffect : re-config dolby profile from settings : 5
02-06 18:05:10.502  7519  7519 I SAEffectManager: setDolbyEffect() : re-config dolby-game profile from settings : 4
02-06 18:05:10.502  7519  7519 I SAEffectManager: setDolbyEffect() : set dolby as re-config : 5
02-06 18:05:10.502  7519  7519 I SAEffectManager: setDolbyEffect() : set dolby-game as re-config : 4
02-06 18:05:10.502  7519  7519 I SAEffectManager: setDolbyEffect : support handler of <dolby-atmos>
02-06 18:05:10.502  7519  7519 I SAEffectManager: setDolbyEffect : dolby profile = OFF
02-06 18:05:10.502 20609 20609 E ViewRootImpl: sendUserActionEvent() mView returned.
02-06 18:05:10.502  3012  7226 I SurfaceControl: nativeRelease nativeObject s[-5476376620522000032]
02-06 18:05:10.502  3012  7226 I SurfaceControl: nativeRelease nativeObject e[-5476376620522000032]
02-06 18:05:10.509  7519  7519 I SAEffectManager: setDolbyEffect : support handler of <dolby-atmos for gaming>
02-06 18:05:10.509  7519  7519 I SAEffectManager: setDolbyEffect : dolby-game profile = ON
02-06 18:05:10.511  2586  3948 I AudioEffectStageModule: set GAME_2 stageIndex -1304 for processed audio
02-06 18:05:10.511  2586  3948 I AudioEffectStageModule: set GAME_1 stageIndex -1305 for 5.1.2
02-06 18:05:10.511  2586  3948 I AudioEffectStageModule: set GAME_2 stageIndex -2104 for processed audio
02-06 18:05:10.511  2586  3948 I AudioEffectStageModule: set GAME_1 stageIndex -2105 for 5.1.2
02-06 18:05:10.511  7519  7519 I SAEffectManager: setDolbyEffect : dolby-game setProfile(4)
02-06 18:05:10.511  7519  7519 I AudioManager: setParameters keyValuePairs = g_effect_game_dolby_enable=1
02-06 18:05:10.512  2586  3948 V APM_AudioPolicyManager: setAudioPolicyConfig: g_effect_game_dolby_enable=1
02-06 18:05:10.514  7519  7519 I SoundAliveApplication: registerAudioPlaybackCallback : isRunningGameWhiteList : false
02-06 18:05:10.514  7519  7519 I SADVFSHelper: Either heavy-duty effect is Off or Music playback is not active
02-06 18:05:10.519  2594 11721 I HYPER-HAL: [ResourceManager.cpp]removeResource(): [CPULittleMinFreq] RemoveResource Request ID : 4601082
02-06 18:05:10.521   862  1519 I Layer   : id=106438 removeFromCurrentState ActivityRecord{43ab424 u0 com.kyowon.literacy.store/com.kyowon.literacy.ui.vocabulary.activity.VocabularyActivity t3366}#0 (82)
02-06 18:05:10.524   862  1519 I SurfaceFlinger: id=106438 Removed ActivityRecord{43ab424 u0 com.kyowon.literacy.store/com.kyowon.literacy.ui.vocabulary.activity.VocabularyActivity t3366}#0 (82)
02-06 18:05:10.526  2594 11721 I HYPER-HAL: [ResourceManager.cpp]removeResource(): [CPUMinFreq] RemoveResource Request ID : 4601082
02-06 18:05:10.527  2594 11721 I HYPER-HAL: [RequestManager.cpp]releaseLocked(): Released ID : 4601082
02-06 18:05:10.540 20609 20609 I ViewRootImpl@bd53abe[MainActivity]: dispatchDetachedFromWindow
02-06 18:05:10.540 20609 20609 I SurfaceControl: nativeRelease nativeObject s[-5476376618353958144]
02-06 18:05:10.540 20609 20609 I SurfaceControl: nativeRelease nativeObject e[-5476376618353958144]
02-06 18:05:10.542  3012  7226 D InputTransport: Input channel destroyed: '1de2b9 ', fd=609
02-06 18:05:10.542  3012  7226 I SurfaceControl: nativeRelease nativeObject s[-5476376618201046016]
02-06 18:05:10.542  3012  7226 I SurfaceControl: nativeRelease nativeObject e[-5476376618201046016]
02-06 18:05:10.545  3012  7226 I WindowManager: Destroying surface Surface(name=com.kyowon.literacy.store/com.kyowon.literacy.ui.main.activity.MainActivity$_20609)/@0xc5b1001 called by com.android.server.wm.WindowStateAnimator.destroySurface:1794 com.android.server.wm.WindowStateAnimator.destroySurfaceLocked:765 com.android.server.wm.WindowState.removeImmediately:2665 com.android.server.wm.WindowState.removeIfPossible:2830 com.android.server.wm.WindowState.removeIfPossible:2688 com.android.server.wm.WindowManagerService.removeWindow:2186 com.android.server.wm.Session.remove:199 android.view.IWindowSession$Stub.onTransact:813 
02-06 18:05:10.545  3012  7226 I SurfaceControl: nativeRelease nativeObject s[-5476376620415589792]
02-06 18:05:10.545  3012  7226 I SurfaceControl: nativeRelease nativeObject e[-5476376620415589792]
02-06 18:05:10.546   862  1519 I Layer   : id=106669 removeFromCurrentState com.kyowon.literacy.store/com.kyowon.literacy.ui.main.activity.MainActivity$_20609#1 (82)
02-06 18:05:10.551   862  2572 I Layer   : id=106668 removeFromCurrentState 1de2b9 com.kyowon.literacy.store/com.kyowon.literacy.ui.main.activity.MainActivity#0 (82)
02-06 18:05:10.553  3012  7226 V WindowManager: Changing focus from Window{1de2b9 u0 com.kyowon.literacy.store/com.kyowon.literacy.ui.main.activity.MainActivity} to Window{f52afd3 u0 com.kyowon.literacy.store/com.kyowon.literacy.ui.main.activity.MainActivity} displayId=0 Callers=com.android.server.wm.RootWindowContainer.updateFocusedWindowLocked:566 com.android.server.wm.WindowManagerService.updateFocusedWindowLocked:6311 com.android.server.wm.WindowState.removeIfPossible:2839 com.android.server.wm.WindowState.removeIfPossible:2688 
02-06 18:05:10.554  3012  7226 I WindowManager: Cancelling animation restarting=true, leash=Surface(name=Surface(name=7bc7528 StatusBar)/@0x1c523a8 - animation-leash)/@0xc3710c9
02-06 18:05:10.554  3012 11602 I SystemUiVisibilityPolicyController: handleMessage: entry what = 1
02-06 18:05:10.554  3012  7226 I WindowManager: Reparenting to original parent: Surface(name=WindowToken{345974b android.os.BinderProxy@ae17ec5})/@0xdbd8ec1, destroy=false, surface=Surface(name=7bc7528 StatusBar)/@0x1c523a8
02-06 18:05:10.555  3012  7226 I SurfaceControl: nativeRelease nativeObject s[-5476376620412052864]
02-06 18:05:10.555  3012  7226 I SurfaceControl: nativeRelease nativeObject e[-5476376620412052864]
02-06 18:05:10.555  3012  7226 I WindowManager: Reparenting to leash, surface=Surface(name=7bc7528 StatusBar)/@0x1c523a8, leashParent=Surface(name=WindowToken{345974b android.os.BinderProxy@ae17ec5})/@0xdbd8ec1
02-06 18:05:10.555   862   925 I SurfaceFlinger: id=106668 Removed 1de2b9 com.kyowon.literacy.store/com.kyowon.literacy.ui.main.activity.MainActivity#0 (82)
02-06 18:05:10.556   862   925 I SurfaceFlinger: id=106669 Removed com.kyowon.literacy.store/com.kyowon.literacy.ui.main.activity.MainActivity$_20609#1 (83)
02-06 18:05:10.556   862  1520 I SurfaceFlinger: id=106672 createSurf (0x0),-1 flag=24004, Surface(name=7bc7528 StatusBar)/@0x1c523a8 - animation-leash#1
02-06 18:05:10.558  3012  7226 D WindowManager: makeSurface duration=3 leash=Surface(name=Surface(name=7bc7528 StatusBar)/@0x1c523a8 - animation-leash)/@0xf7840e7
02-06 18:05:10.558  3012  7226 I WindowManager: Cancelling animation restarting=true, leash=Surface(name=Surface(name=8b29ede NavigationBar0)/@0x69dbda7 - animation-leash)/@0x7bce2ef
02-06 18:05:10.558  3012  7226 I WindowManager: Reparenting to original parent: Surface(name=WindowToken{96fa963 android.os.BinderProxy@332cd1d})/@0x71cd254, destroy=false, surface=Surface(name=8b29ede NavigationBar0)/@0x69dbda7
02-06 18:05:10.559  3012  7226 I SurfaceControl: nativeRelease nativeObject s[-5476376620411818176]
02-06 18:05:10.559  3012  7226 I SurfaceControl: nativeRelease nativeObject e[-5476376620411818176]
02-06 18:05:10.559  3012  7226 I WindowManager: Reparenting to leash, surface=Surface(name=8b29ede NavigationBar0)/@0x69dbda7, leashParent=Surface(name=WindowToken{96fa963 android.os.BinderProxy@332cd1d})/@0x71cd254
02-06 18:05:10.560   862  1520 I SurfaceFlinger: id=106673 createSurf (0x0),-1 flag=24004, Surface(name=8b29ede NavigationBar0)/@0x69dbda7 - animation-leash#0
02-06 18:05:10.560  3012  7226 D WindowManager: makeSurface duration=2 leash=Surface(name=Surface(name=8b29ede NavigationBar0)/@0x69dbda7 - animation-leash)/@0x367ab3d
02-06 18:05:10.561  3012  7226 D StatusBarManagerService: notifyRequestedSystemKey recent=false home=false
02-06 18:05:10.563 20609 20609 D InputTransport: Input channel destroyed: '1de2b9 ', fd=195
02-06 18:05:10.563   862   862 D SurfaceFlinger: Display 19260469778534273 HWC layers:
02-06 18:05:10.563   862   862 D SurfaceFlinger:      DEVICE | 0xb400007acfe20df0 | 0002 | RGBA_8888    |    0.0    0.0 1200.0 2000.0 |    0    0 1200 2000 | com.kyowon.literacy.store/com.kyowon[...].main.activity.MainActivity$_20609#0
02-06 18:05:10.563   862   862 D SurfaceFlinger:      CLIENT | 0xb400007acfe20fb0 | 0000 | RGBA_8888    |    0.0    0.0 1200.0 2000.0 |    0    0 1200 2000 | com.kyowon.literacy.store/com.kyowon[...].main.activity.MainActivity$_20609#1
02-06 18:05:10.563   862   862 D SurfaceFlinger:      CLIENT | 0xb400007acfe1f180 | 0008 | RGBA_8888    |    0.0    0.0 1200.0 2000.0 |    0    0 1200 2000 | $_3435#0
02-06 18:05:10.563   862   862 D SurfaceFlinger: 
02-06 18:05:10.564   862   925 I Layer   : id=106670 removeFromCurrentState Surface(name=7bc7528 StatusBar)/@0x1c523a8 - animation-leash#0 (84)
02-06 18:05:10.564   862   925 I Layer   : id=106671 removeFromCurrentState Surface(name=8b29ede NavigationBar0)/@0x69dbda7 - animation-leash#1 (84)
02-06 18:05:10.566   862   862 I Layer   : id=106444[1] Destroyed com.kyowon.literacy.store/com.kyowon.literacy.ui.vocabulary.activity.VocabularyActivity$_20609#1
02-06 18:05:10.566   862   862 I Layer   : id=106668[1] Destroyed 1de2b9 com.kyowon.literacy.store/com.kyowon.literacy.ui.main.activity.MainActivity#0
02-06 18:05:10.566   862   862 I Layer   : id=106438[1] Destroyed ActivityRecord{43ab424 u0 com.kyowon.literacy.store/com.kyowon.literacy.ui.vocabulary.activity.VocabularyActivity t3366}#0
02-06 18:05:10.566   862   862 I Layer   : id=106440[1] Destroyed 2813ac1 com.kyowon.literacy.store/com.kyowon.literacy.ui.vocabulary.activity.VocabularyActivity#0
02-06 18:05:10.567  3012  7226 I InputDispatcher: Focus left window (20609): 1de2b9  in display 0 0
02-06 18:05:10.568   862   862 I Layer   : id=106669[1] Destroyed com.kyowon.literacy.store/com.kyowon.literacy.ui.main.activity.MainActivity$_20609#1
02-06 18:05:10.590   862   862 D SurfaceFlinger: Display 19260469778534273 HWC layers:
02-06 18:05:10.590   862   862 D SurfaceFlinger:      DEVICE | 0xb400007ac04d1b00 | 0002 | RGBA_8888    |    0.0    0.0 1200.0 2000.0 |    0    0 1200 2000 | com.kyowon.literacy.store/com.kyowon[...].main.activity.MainActivity$_20609#0
02-06 18:05:10.590   862   862 D SurfaceFlinger:      DEVICE | 0xb400007acfe1f180 | 0008 | RGBA_8888    |    0.0    0.0 1200.0 2000.0 |    0    0 1200 2000 | $_3435#0
02-06 18:05:10.590   862   862 D SurfaceFlinger: 
02-06 18:05:10.594 20609 20609 E ViewRootImpl: sendUserActionEvent() mView returned.
02-06 18:05:10.595 20609 20609 I SurfaceControl: nativeRelease nativeObject s[-5476376620273400416]
02-06 18:05:10.595 20609 20609 I SurfaceControl: nativeRelease nativeObject e[-5476376620273400416]
02-06 18:05:10.595 20609 20609 I SurfaceControl: nativeRelease nativeObject s[-5476376620273397696]
02-06 18:05:10.595 20609 20609 I SurfaceControl: nativeRelease nativeObject e[-5476376620273397696]
02-06 18:05:10.595 20609 20609 I SurfaceControl: nativeRelease nativeObject s[-5476376620273397856]
02-06 18:05:10.595 20609 20609 I SurfaceControl: nativeRelease nativeObject e[-5476376620273397856]
02-06 18:05:10.595   862   925 I SurfaceFlinger: id=106667 Removed Surface(name=8b29ede NavigationBar0)/@0x69dbda7 - animation-leash#0 (79)
02-06 18:05:10.595   862   925 I SurfaceFlinger: id=106666 Removed Surface(name=7bc7528 StatusBar)/@0x1c523a8 - animation-leash#1 (79)
02-06 18:05:10.596 20609 20609 I ViewRootImpl@f09faea[MainActivity]: MSG_WINDOW_FOCUS_CHANGED 0 1
02-06 18:05:10.598 20609 20609 I DecorView: [INFO] isPopOver=false, config=true
02-06 18:05:10.598 20609 20609 I DecorView: updateCaptionType >> DecorView@1d497eb[MainActivity], isFloating=false, isApplication=true, hasWindowDecorCaption=false, hasWindowControllerCallback=false
02-06 18:05:10.598 20609 20609 D DecorView: setCaptionType = 0, this = DecorView@1d497eb[MainActivity]
02-06 18:05:10.601  3012  7309 D InputTransport: Input channel constructed: 'c9265df', fd=609
02-06 18:05:10.601  3012  7309 D InputTransport: Input channel constructed: 'c9265df', fd=622
02-06 18:05:10.602   862  2572 I SurfaceFlinger: id=106674 createSurf (0x0),-1 flag=80004, c9265df com.kyowon.literacy.store/com.kyowon.literacy.ui.main.activity.MainActivity#0
02-06 18:05:10.603  3012  7309 D InputTransport: Input channel destroyed: 'c9265df', fd=622
02-06 18:05:10.604   862   862 I Layer   : id=106666[1] Destroyed Surface(name=7bc7528 StatusBar)/@0x1c523a8 - animation-leash#1
02-06 18:05:10.604   862   862 I Layer   : id=106667[1] Destroyed Surface(name=8b29ede NavigationBar0)/@0x69dbda7 - animation-leash#0
02-06 18:05:10.605 20609 20609 D InputTransport: Input channel constructed: 'c9265df', fd=193
02-06 18:05:10.609  3012  7309 I InputDispatcher: Focus entered window (20609): f52afd3 in display 0 0
02-06 18:05:10.609 20609 20609 I ViewRootImpl@ac49ecc[MainActivity]: setView = com.android.internal.policy.DecorView@1d497eb TM=true
02-06 18:05:10.609 20609 20609 D InsetsSourceConsumer: setRequestedVisible: visible=false, type=2, host=com.kyowon.literacy.store/com.kyowon.literacy.ui.main.activity.MainActivity, from=android.view.InsetsSourceConsumer.hide:236 android.view.InsetsController.collectSourceControls:1172 android.view.InsetsController.controlAnimationUnchecked:1049 android.view.InsetsController.applyAnimation:1417 android.view.InsetsController.hide:984 android.view.InsetsController.hide:967 android.view.PendingInsetsController.hide:60 androidx.core.view.WindowInsetsControllerCompat$Impl30.hide:654 androidx.core.view.WindowInsetsControllerCompat.hide:189 com.kyowon.literacy.utils.SystemUiHelper.hideSystemUI:19 
02-06 18:05:10.609 20609 20609 D InsetsSourceConsumer: setRequestedVisible: visible=false, type=1, host=com.kyowon.literacy.store/com.kyowon.literacy.ui.main.activity.MainActivity, from=android.view.InsetsSourceConsumer.hide:236 android.view.InsetsController.collectSourceControls:1172 android.view.InsetsController.controlAnimationUnchecked:1049 android.view.InsetsController.applyAnimation:1417 android.view.InsetsController.hide:984 android.view.InsetsController.hide:967 android.view.PendingInsetsController.hide:60 androidx.core.view.WindowInsetsControllerCompat$Impl30.hide:654 androidx.core.view.WindowInsetsControllerCompat.hide:189 com.kyowon.literacy.utils.SystemUiHelper.hideSystemUI:19 
02-06 18:05:10.610 20609 20609 D InsetsSourceConsumer: setRequestedVisible: visible=false, type=0, host=com.kyowon.literacy.store/com.kyowon.literacy.ui.main.activity.MainActivity, from=android.view.InsetsSourceConsumer.hide:236 android.view.InsetsController.collectSourceControls:1172 android.view.InsetsController.controlAnimationUnchecked:1049 android.view.InsetsController.applyAnimation:1417 android.view.InsetsController.hide:984 android.view.InsetsController.hide:967 android.view.PendingInsetsController.hide:60 androidx.core.view.WindowInsetsControllerCompat$Impl30.hide:654 androidx.core.view.WindowInsetsControllerCompat.hide:189 com.kyowon.literacy.utils.SystemUiHelper.hideSystemUI:19 
02-06 18:05:10.612 20609 20609 I ViewRootImpl@f09faea[MainActivity]: MSG_WINDOW_FOCUS_CHANGED 1 1
02-06 18:05:10.612 20609 20609 D InputMethodManager: prepareNavigationBarInfo() DecorView@2e793e8[MainActivity]
02-06 18:05:10.612 20609 20609 D InputMethodManager: getNavigationBarColor() -855310
02-06 18:05:10.613 20609 20609 D InputMethodManager: prepareNavigationBarInfo() DecorView@2e793e8[MainActivity]
02-06 18:05:10.613 20609 20609 D InputMethodManager: getNavigationBarColor() -855310
02-06 18:05:10.613 20609 20609 V InputMethodManager: Starting input: tba=com.kyowon.literacy.store ic=null mNaviBarColor -855310 mIsGetNaviBarColorSuccess true , NavVisible : true , NavTrans : false
02-06 18:05:10.613 20609 20609 D InputMethodManager: startInputInner - Id : 0
02-06 18:05:10.613 20609 20609 I InputMethodManager: startInputInner - mService.startInputOrWindowGainedFocus
02-06 18:05:10.614  3012  7145 D InputMethodManagerService: mSecureKeypadEnabled = false
02-06 18:05:10.616  3012  7145 D InputMethodManagerService: mDesktopModeManager null!
02-06 18:05:10.616  3012  7145 V InputMethodManagerService: getDisplayIdOfInputMethodWindowToBeAdded : 0
02-06 18:05:10.616  3012  7145 D InputMethodManagerService: checkDisplayOfStartInputAndUpdateKeyboard display Id 0last 0
02-06 18:05:10.616  3012  7145 D InputTransport: Input channel constructed: 'ClientS', fd=622
02-06 18:05:10.616  3012  7145 D InputTransport: Input channel destroyed: 'ClientS', fd=622
02-06 18:05:10.617 20609 20609 D InputTransport: Input channel constructed: 'ClientS', fd=195
02-06 18:05:10.617 20609 20609 D InputTransport: Input channel destroyed: 'ClientS', fd=214
02-06 18:05:10.617 20609 20609 E ViewRootImpl: sendUserActionEvent() mView returned.
02-06 18:05:10.618  9531  9531 D InputMethodService: checkDisplayOfStartInputAndUpdateKeyboard display Id 0last 0
02-06 18:05:10.629 20609 20609 D ViewRootImpl@ac49ecc[MainActivity]: controlInsetsForCompatibility: hideByFlags=0x1, showByFlags=0x0, flags=0x1810500, sysUiVis=0x0, matchParent=true, nonAttachedAppWindow=true
02-06 18:05:10.651  9531 10055 E NIO     : wtf
02-06 18:05:10.651  9531 10055 E NIO     : java.net.BindException: Address already in use
02-06 18:05:10.651  9531 10055 E NIO     : 	at sun.nio.ch.Net.bind0(Native Method)
02-06 18:05:10.651  9531 10055 E NIO     : 	at sun.nio.ch.Net.bind(Net.java:442)
02-06 18:05:10.651  9531 10055 E NIO     : 	at sun.nio.ch.Net.bind(Net.java:434)
02-06 18:05:10.651  9531 10055 E NIO     : 	at sun.nio.ch.ServerSocketChannelImpl.bind(ServerSocketChannelImpl.java:223)
02-06 18:05:10.651  9531 10055 E NIO     : 	at sun.nio.ch.ServerSocketAdaptor.bind(ServerSocketAdaptor.java:74)
02-06 18:05:10.651  9531 10055 E NIO     : 	at sun.nio.ch.ServerSocketAdaptor.bind(ServerSocketAdaptor.java:67)
02-06 18:05:10.651  9531 10055 E NIO     : 	at com.koushikdutta.async.AsyncServer$5.run(AsyncServer.java:316)
02-06 18:05:10.651  9531 10055 E NIO     : 	at com.koushikdutta.async.AsyncServer$3.run(AsyncServer.java:211)
02-06 18:05:10.651  9531 10055 E NIO     : 	at com.koushikdutta.async.AsyncServer.lockAndRunQueue(AsyncServer.java:740)
02-06 18:05:10.651  9531 10055 E NIO     : 	at com.koushikdutta.async.AsyncServer.runLoop(AsyncServer.java:758)
02-06 18:05:10.651  9531 10055 E NIO     : 	at com.koushikdutta.async.AsyncServer.run(AsyncServer.java:658)
02-06 18:05:10.651  9531 10055 E NIO     : 	at com.koushikdutta.async.AsyncServer.access$800(AsyncServer.java:44)
02-06 18:05:10.651  9531 10055 E NIO     : 	at com.koushikdutta.async.AsyncServer$14.run(AsyncServer.java:600)
02-06 18:05:10.652  3012  7309 V WindowManager: Relayout Window{c9265df u0 com.kyowon.literacy.store/com.kyowon.literacy.ui.main.activity.MainActivity}: viewVisibility=0 req=2000x1200
02-06 18:05:10.656  3012  7309 D WindowManager: isScreenshotDisabledLocked - win: Window{c9265df u0 com.kyowon.literacy.store/com.kyowon.literacy.ui.main.activity.MainActivity}
02-06 18:05:10.656  3012  7309 D WindowManager: isScreenshotDisabledLocked: userId = 0, disabled =false
02-06 18:05:10.656   862  1519 I SurfaceFlinger: id=106675 createSurf (2000x1200),1 flag=4, com.kyowon.literacy.store/com.kyowon.literacy.ui.main.activity.MainActivity$_20609#1
02-06 18:05:10.657  3012  7309 D WindowManager: makeSurface duration=1 name=com.kyowon.literacy.store/com.kyowon.literacy.ui.main.activity.MainActivity$_20609
02-06 18:05:10.658  3012  7309 V WindowManager: Changing focus from Window{f52afd3 u0 com.kyowon.literacy.store/com.kyowon.literacy.ui.main.activity.MainActivity} to Window{c9265df u0 com.kyowon.literacy.store/com.kyowon.literacy.ui.main.activity.MainActivity} displayId=0 Callers=com.android.server.wm.RootWindowContainer.updateFocusedWindowLocked:566 com.android.server.wm.WindowManagerService.updateFocusedWindowLocked:6311 com.android.server.wm.WindowManagerService.relayoutWindow:2713 com.android.server.wm.Session.relayout:219 
02-06 18:05:10.659  3012  7309 I WindowManager: Cancelling animation restarting=true, leash=Surface(name=Surface(name=7bc7528 StatusBar)/@0x1c523a8 - animation-leash)/@0xf7840e7
02-06 18:05:10.659  3012  7309 I WindowManager: Reparenting to original parent: Surface(name=WindowToken{345974b android.os.BinderProxy@ae17ec5})/@0xdbd8ec1, destroy=false, surface=Surface(name=7bc7528 StatusBar)/@0x1c523a8
02-06 18:05:10.659  3012 11602 I SystemUiVisibilityPolicyController: handleMessage: entry what = 1
02-06 18:05:10.660  3012  7309 I SurfaceControl: nativeRelease nativeObject s[-5476376618201046016]
02-06 18:05:10.660  3012  7309 I SurfaceControl: nativeRelease nativeObject e[-5476376618201046016]
02-06 18:05:10.660  3012  7309 I WindowManager: Reparenting to leash, surface=Surface(name=7bc7528 StatusBar)/@0x1c523a8, leashParent=Surface(name=WindowToken{345974b android.os.BinderProxy@ae17ec5})/@0xdbd8ec1
02-06 18:05:10.661   862  1519 I SurfaceFlinger: id=106676 createSurf (0x0),-1 flag=24004, Surface(name=7bc7528 StatusBar)/@0x1c523a8 - animation-leash#0
02-06 18:05:10.661  3012  7309 D WindowManager: makeSurface duration=1 leash=Surface(name=Surface(name=7bc7528 StatusBar)/@0x1c523a8 - animation-leash)/@0xf729518
02-06 18:05:10.661  3012  7309 I WindowManager: Cancelling animation restarting=true, leash=Surface(name=Surface(name=8b29ede NavigationBar0)/@0x69dbda7 - animation-leash)/@0x367ab3d
02-06 18:05:10.661  3012  7309 I WindowManager: Reparenting to original parent: Surface(name=WindowToken{96fa963 android.os.BinderProxy@332cd1d})/@0x71cd254, destroy=false, surface=Surface(name=8b29ede NavigationBar0)/@0x69dbda7
02-06 18:05:10.662  3012  7309 I SurfaceControl: nativeRelease nativeObject s[-5476376618201047456]
02-06 18:05:10.662  3012  7309 I SurfaceControl: nativeRelease nativeObject e[-5476376618201047456]
02-06 18:05:10.662  3012  7309 I WindowManager: Reparenting to leash, surface=Surface(name=8b29ede NavigationBar0)/@0x69dbda7, leashParent=Surface(name=WindowToken{96fa963 android.os.BinderProxy@332cd1d})/@0x71cd254
02-06 18:05:10.662   862  1519 I SurfaceFlinger: id=106677 createSurf (0x0),-1 flag=24004, Surface(name=8b29ede NavigationBar0)/@0x69dbda7 - animation-leash#1
02-06 18:05:10.663  3012  7309 D WindowManager: makeSurface duration=1 leash=Surface(name=Surface(name=8b29ede NavigationBar0)/@0x69dbda7 - animation-leash)/@0xbbad56
02-06 18:05:10.663  3012  7309 D StatusBarManagerService: notifyRequestedSystemKey recent=false home=false
02-06 18:05:10.665  3435  3435 V Navbar.Store: handleEvent [EventType] ON_NAVBAR_WINDOW_STATE_SHOWING [Module] NavigationBarFragment
02-06 18:05:10.666  3905  8008 I TouchInteractionService: onSystemUiStateChanged, stateFlags : 0
02-06 18:05:10.666  3905  3905 I TouchInteractionService: onSystemUiFlagsChanged, userUnlocked
02-06 18:05:10.667  3012  7309 V WindowManager: Relayout hash=c9265df, pid=20609: mAttrs={(0,0)(fillxfill) gr=CENTER sim={adjust=pan} ty=APPLICATION fmt=TRANSPARENT wanim=0x1030000
02-06 18:05:10.667  3012  7309 V WindowManager:   fl=1810500
02-06 18:05:10.667  3012  7309 V WindowManager:   pfl=1a020000
02-06 18:05:10.667  3012  7309 V WindowManager:   apr=LIGHT_NAVIGATION_BARS
02-06 18:05:10.667  3012  7309 V WindowManager:   bhv=SHOW_TRANSIENT_BARS_BY_SWIPE
02-06 18:05:10.667  3012  7309 V WindowManager:   fitSides= naviIconColor=0
02-06 18:05:10.667  3012  7309 V WindowManager:   sfl=100000}
02-06 18:05:10.667  3012  7309 I SurfaceControl: nativeRelease nativeObject s[-5476376620415596032]
02-06 18:05:10.667  3012  7309 I SurfaceControl: nativeRelease nativeObject e[-5476376620415596032]
02-06 18:05:10.669 20609 20609 I SurfaceControl: assignNativeObject: nativeObject = 0 Surface(name=null)/@0x2801973 / android.view.SurfaceControl.readFromParcel:1117 android.view.IWindowSession$Stub$Proxy.relayout:1820 android.view.ViewRootImpl.relayoutWindow:9005 android.view.ViewRootImpl.performTraversals:3360 android.view.ViewRootImpl.doTraversal:2618 android.view.ViewRootImpl$TraversalRunnable.run:9971 android.view.Choreographer$CallbackRecord.run:1010 android.view.Choreographer.doCallbacks:809 android.view.Choreographer.doFrame:744 android.view.Choreographer$FrameDisplayEventReceiver.run:995 
02-06 18:05:10.670 20609 20609 I ViewRootImpl@ac49ecc[MainActivity]: Relayout returned: old=(0,0,2000,1200) new=(0,0,2000,1200) req=(2000,1200)0 dur=18 res=0x7 s={true -5476376618211958784} ch=true fn=-1
02-06 18:05:10.672  2589  2631 E Netd    : getNetworkForDns: getNetId from enterpriseCtrl is netid 0
02-06 18:05:10.675  3435  3435 V Navbar.Store: handleEvent [EventType] ON_NAVBAR_WINDOW_STATE_HIDDEN [Module] NavigationBarFragment
02-06 18:05:10.675  3905  8008 I TouchInteractionService: onSystemUiStateChanged, stateFlags : 2
02-06 18:05:10.675  3905  3905 I TouchInteractionService: onSystemUiFlagsChanged, userUnlocked
02-06 18:05:10.680  3012  7309 D WindowManager: finishDrawingWindow: Window{c9265df u0 com.kyowon.literacy.store/com.kyowon.literacy.ui.main.activity.MainActivity} mDrawState=DRAW_PENDING
02-06 18:05:10.680 20609 20609 I SurfaceControl: nativeRelease nativeObject s[-5476376620273397536]
02-06 18:05:10.681 20609 20609 I SurfaceControl: nativeRelease nativeObject e[-5476376620273397536]
02-06 18:05:10.682 20609 20609 E ViewRootImpl: sendUserActionEvent() mView returned.
02-06 18:05:10.685 20609 20609 I ViewRootImpl@f09faea[MainActivity]: MSG_WINDOW_FOCUS_CHANGED 1 1
02-06 18:05:10.686   862  2572 I Layer   : id=106672 removeFromCurrentState Surface(name=7bc7528 StatusBar)/@0x1c523a8 - animation-leash#1 (81)
02-06 18:05:10.686   862  2572 I Layer   : id=106673 removeFromCurrentState Surface(name=8b29ede NavigationBar0)/@0x69dbda7 - animation-leash#0 (81)
02-06 18:05:10.696  3012  7309 I InputDispatcher: Focus left window (20609): f52afd3 in display 0 0
02-06 18:05:10.703 20609 20609 I SurfaceControl: nativeRelease nativeObject s[-5476376620273396896]
02-06 18:05:10.703  1093 20587 I OMX-VENC: venc_dev: stats: avg. fps 17.98, bitrate 7624165
02-06 18:05:10.703 20609 20609 I SurfaceControl: nativeRelease nativeObject e[-5476376620273396896]
02-06 18:05:10.703 20609 20609 I SurfaceControl: nativeRelease nativeObject s[-5476376620273384256]
02-06 18:05:10.703 20609 20609 I SurfaceControl: nativeRelease nativeObject e[-5476376620273384256]
02-06 18:05:10.703 20609 20609 I SurfaceControl: nativeRelease nativeObject s[-5476376618353956544]
02-06 18:05:10.703 20609 20609 I SurfaceControl: nativeRelease nativeObject e[-5476376618353956544]
02-06 18:05:10.704   862  2572 I SurfaceFlinger: id=106673 Removed Surface(name=8b29ede NavigationBar0)/@0x69dbda7 - animation-leash#0 (81)
02-06 18:05:10.704   862  2572 I SurfaceFlinger: id=106672 Removed Surface(name=7bc7528 StatusBar)/@0x1c523a8 - animation-leash#1 (81)
02-06 18:05:10.707  2589  2631 E Netd    : getNetworkForDns: getNetId from enterpriseCtrl is netid 0
02-06 18:05:10.711 20609 20609 I ViewRootImpl@f09faea[MainActivity]: MSG_WINDOW_FOCUS_CHANGED 0 1
02-06 18:05:10.730   862   862 I Layer   : id=106672[1] Destroyed Surface(name=7bc7528 StatusBar)/@0x1c523a8 - animation-leash#1
02-06 18:05:10.730   862   862 I Layer   : id=106673[1] Destroyed Surface(name=8b29ede NavigationBar0)/@0x69dbda7 - animation-leash#0
02-06 18:05:10.732  3012  7226 I InputDispatcher: Focus entered window (20609): c9265df in display 0 0
02-06 18:05:10.742   596   596 I io_stats: !@ 179,0 r 38990240 838151496 w 2870195 158138592 d 1701375 212341136 f 2287019 2723948 iot 20775830 0 th 51200 51200 40556 pt 3800 inp 0 0 800057.747
02-06 18:05:10.771   862   862 D SurfaceFlinger: Display 19260469778534273 HWC layers:
02-06 18:05:10.771   862   862 D SurfaceFlinger:      DEVICE | 0xb400007acfe20df0 | 0002 | RGBA_8888    |    0.0    0.0 1200.0 2000.0 |    0    0 1200 2000 | com.kyowon.literacy.store/com.kyowon[...].main.activity.MainActivity$_20609#0
02-06 18:05:10.771   862   862 D SurfaceFlinger:      CLIENT | 0xb400007ac04cf410 | 0000 | RGBA_8888    |    0.0    0.0 1200.0 2000.0 |    0    0 1200 2000 | com.kyowon.literacy.store/com.kyowon[...].main.activity.MainActivity$_20609#1
02-06 18:05:10.771   862   862 D SurfaceFlinger:      CLIENT | 0xb400007acfe1f180 | 0008 | RGBA_8888    |    0.0    0.0 1200.0 2000.0 |    0    0 1200 2000 | $_3435#0
02-06 18:05:10.771   862   862 D SurfaceFlinger: 
02-06 18:05:10.781 20609 20609 I ViewRootImpl@ac49ecc[MainActivity]: MSG_WINDOW_FOCUS_CHANGED 1 1
02-06 18:05:10.781 20609 20609 D InputMethodManager: prepareNavigationBarInfo() DecorView@1d497eb[MainActivity]
02-06 18:05:10.781 20609 20609 D InputMethodManager: getNavigationBarColor() -855310
02-06 18:05:10.782 20609 20609 D InputMethodManager: prepareNavigationBarInfo() DecorView@1d497eb[MainActivity]
02-06 18:05:10.782 20609 20609 D InputMethodManager: getNavigationBarColor() -855310
02-06 18:05:10.782 20609 20609 V InputMethodManager: Starting input: tba=com.kyowon.literacy.store ic=null mNaviBarColor -855310 mIsGetNaviBarColorSuccess true , NavVisible : true , NavTrans : false
02-06 18:05:10.782 20609 20609 D InputMethodManager: startInputInner - Id : 0
02-06 18:05:10.782 20609 20609 I InputMethodManager: startInputInner - mService.startInputOrWindowGainedFocus
02-06 18:05:10.783  3012  7226 D InputMethodManagerService: mSecureKeypadEnabled = false
02-06 18:05:10.783  3012  7226 V InputMethodManagerService: Unspecified window will hide input
02-06 18:05:10.783  3012  7226 V InputMethodManagerService: hideCurrentInputLocked : shouldHideSoftInput is false
02-06 18:05:10.784  3012  7226 D InputMethodManagerService: mDesktopModeManager null!
02-06 18:05:10.784  3012  7226 V InputMethodManagerService: getDisplayIdOfInputMethodWindowToBeAdded : 0
02-06 18:05:10.784  3012  7226 D InputMethodManagerService: checkDisplayOfStartInputAndUpdateKeyboard display Id 0last 0
02-06 18:05:10.784  3012  7226 D InputTransport: Input channel constructed: 'ClientS', fd=622
02-06 18:05:10.784  3012  7226 D InputTransport: Input channel destroyed: 'ClientS', fd=622
02-06 18:05:10.785 20609 20609 D InputTransport: Input channel constructed: 'ClientS', fd=208
02-06 18:05:10.785 20609 20609 D InputTransport: Input channel destroyed: 'ClientS', fd=195
02-06 18:05:10.789  3012  7309 I WindowManager: Cancelling animation restarting=true, leash=Surface(name=Surface(name=e2afd8d InputMethod)/@0xf00da02 - animation-leash)/@0x1647584
02-06 18:05:10.789  3012  7309 I WindowManager: Reparenting to original parent: Surface(name=WindowToken{8221ec3 android.os.Binder@915ca72})/@0x5559f13, destroy=false, surface=Surface(name=e2afd8d InputMethod)/@0xf00da02
02-06 18:05:10.790  3012  7309 I SurfaceControl: nativeRelease nativeObject s[-5476376620415588992]
02-06 18:05:10.790  3012  7309 I SurfaceControl: nativeRelease nativeObject e[-5476376620415588992]
02-06 18:05:10.790  3012  7309 I WindowManager: Reparenting to leash, surface=Surface(name=e2afd8d InputMethod)/@0xf00da02, leashParent=Surface(name=WindowToken{8221ec3 android.os.Binder@915ca72})/@0x5559f13
02-06 18:05:10.791   862  2572 I SurfaceFlinger: id=106678 createSurf (0x0),-1 flag=24004, Surface(name=e2afd8d InputMethod)/@0xf00da02 - animation-leash#0
02-06 18:05:10.792  3012  7309 D WindowManager: makeSurface duration=2 leash=Surface(name=Surface(name=e2afd8d InputMethod)/@0xf00da02 - animation-leash)/@0x1feddad
02-06 18:05:10.795  9531  9531 D InputMethodService: checkDisplayOfStartInputAndUpdateKeyboard display Id 0last 0
02-06 18:05:10.798   862  2572 I Layer   : id=106665 removeFromCurrentState Surface(name=e2afd8d InputMethod)/@0xf00da02 - animation-leash#1 (80)
02-06 18:05:10.825  9531 10055 E NIO     : wtf
02-06 18:05:10.825  9531 10055 E NIO     : java.net.BindException: Address already in use
02-06 18:05:10.825  9531 10055 E NIO     : 	at sun.nio.ch.Net.bind0(Native Method)
02-06 18:05:10.825  9531 10055 E NIO     : 	at sun.nio.ch.Net.bind(Net.java:442)
02-06 18:05:10.825  9531 10055 E NIO     : 	at sun.nio.ch.Net.bind(Net.java:434)
02-06 18:05:10.825  9531 10055 E NIO     : 	at sun.nio.ch.ServerSocketChannelImpl.bind(ServerSocketChannelImpl.java:223)
02-06 18:05:10.825  9531 10055 E NIO     : 	at sun.nio.ch.ServerSocketAdaptor.bind(ServerSocketAdaptor.java:74)
02-06 18:05:10.825  9531 10055 E NIO     : 	at sun.nio.ch.ServerSocketAdaptor.bind(ServerSocketAdaptor.java:67)
02-06 18:05:10.825  9531 10055 E NIO     : 	at com.koushikdutta.async.AsyncServer$5.run(AsyncServer.java:316)
02-06 18:05:10.825  9531 10055 E NIO     : 	at com.koushikdutta.async.AsyncServer$3.run(AsyncServer.java:211)
02-06 18:05:10.825  9531 10055 E NIO     : 	at com.koushikdutta.async.AsyncServer.lockAndRunQueue(AsyncServer.java:740)
02-06 18:05:10.825  9531 10055 E NIO     : 	at com.koushikdutta.async.AsyncServer.runLoop(AsyncServer.java:758)
02-06 18:05:10.825  9531 10055 E NIO     : 	at com.koushikdutta.async.AsyncServer.run(AsyncServer.java:658)
02-06 18:05:10.825  9531 10055 E NIO     : 	at com.koushikdutta.async.AsyncServer.access$800(AsyncServer.java:44)
02-06 18:05:10.825  9531 10055 E NIO     : 	at com.koushikdutta.async.AsyncServer$14.run(AsyncServer.java:600)
02-06 18:05:10.856 20609 20609 I ViewRootImpl@ac49ecc[MainActivity]: dispatchDetachedFromWindow
02-06 18:05:10.856 20609 20609 I SurfaceControl: nativeRelease nativeObject s[-5476376618211920576]
02-06 18:05:10.856 20609 20609 I SurfaceControl: nativeRelease nativeObject e[-5476376618211920576]
02-06 18:05:10.857  3012  7226 D InputTransport: Input channel destroyed: 'c9265df', fd=609
02-06 18:05:10.857  3012  7226 I SurfaceControl: nativeRelease nativeObject s[-5476376620411815456]
02-06 18:05:10.857  3012  7226 I SurfaceControl: nativeRelease nativeObject e[-5476376620411815456]
02-06 18:05:10.858  3012  7226 I WindowManager: Cancelling animation restarting=true, leash=Surface(name=Surface(name=e2afd8d InputMethod)/@0xf00da02 - animation-leash)/@0x1feddad
02-06 18:05:10.858  3012  7226 I WindowManager: Reparenting to original parent: Surface(name=WindowToken{8221ec3 android.os.Binder@915ca72})/@0x5559f13, destroy=false, surface=Surface(name=e2afd8d InputMethod)/@0xf00da02
02-06 18:05:10.858  3012  7226 I SurfaceControl: nativeRelease nativeObject s[-5476376620412057344]
02-06 18:05:10.858  3012  7226 I SurfaceControl: nativeRelease nativeObject e[-5476376620412057344]
02-06 18:05:10.858  3012  7226 I WindowManager: Reparenting to leash, surface=Surface(name=e2afd8d InputMethod)/@0xf00da02, leashParent=Surface(name=WindowToken{8221ec3 android.os.Binder@915ca72})/@0x5559f13
02-06 18:05:10.859   862   925 I SurfaceFlinger: id=106679 createSurf (0x0),-1 flag=24004, Surface(name=e2afd8d InputMethod)/@0xf00da02 - animation-leash#1
02-06 18:05:10.860  3012  7226 D WindowManager: makeSurface duration=2 leash=Surface(name=Surface(name=e2afd8d InputMethod)/@0xf00da02 - animation-leash)/@0x58a7a9
02-06 18:05:10.860  3012  7226 I WindowManager: Destroying surface Surface(name=com.kyowon.literacy.store/com.kyowon.literacy.ui.main.activity.MainActivity$_20609)/@0xe8b112e called by com.android.server.wm.WindowStateAnimator.destroySurface:1794 com.android.server.wm.WindowStateAnimator.destroySurfaceLocked:765 com.android.server.wm.WindowState.removeImmediately:2665 com.android.server.wm.WindowState.removeIfPossible:2830 com.android.server.wm.WindowState.removeIfPossible:2688 com.android.server.wm.WindowManagerService.removeWindow:2186 com.android.server.wm.Session.remove:199 android.view.IWindowSession$Stub.onTransact:813 
02-06 18:05:10.860  3012  7226 I SurfaceControl: nativeRelease nativeObject s[-5476376620415596192]
02-06 18:05:10.860  3012  7226 I SurfaceControl: nativeRelease nativeObject e[-5476376620415596192]
02-06 18:05:10.861   862  2572 I Layer   : id=106675 removeFromCurrentState com.kyowon.literacy.store/com.kyowon.literacy.ui.main.activity.MainActivity$_20609#1 (81)
02-06 18:05:10.863   862   925 I Layer   : id=106674 removeFromCurrentState c9265df com.kyowon.literacy.store/com.kyowon.literacy.ui.main.activity.MainActivity#0 (81)
02-06 18:05:10.864   862   925 I Layer   : id=106678 removeFromCurrentState Surface(name=e2afd8d InputMethod)/@0xf00da02 - animation-leash#0 (81)
02-06 18:05:10.865  3012  7226 V WindowManager: Changing focus from Window{c9265df u0 com.kyowon.literacy.store/com.kyowon.literacy.ui.main.activity.MainActivity} to Window{f52afd3 u0 com.kyowon.literacy.store/com.kyowon.literacy.ui.main.activity.MainActivity} displayId=0 Callers=com.android.server.wm.RootWindowContainer.updateFocusedWindowLocked:566 com.android.server.wm.WindowManagerService.updateFocusedWindowLocked:6311 com.android.server.wm.WindowState.removeIfPossible:2839 com.android.server.wm.WindowState.removeIfPossible:2688 
02-06 18:05:10.866  3012  7226 I WindowManager: Cancelling animation restarting=true, leash=Surface(name=Surface(name=7bc7528 StatusBar)/@0x1c523a8 - animation-leash)/@0xf729518
02-06 18:05:10.866  3012 11602 I SystemUiVisibilityPolicyController: handleMessage: entry what = 1
02-06 18:05:10.866  3012  7226 I WindowManager: Reparenting to original parent: Surface(name=WindowToken{345974b android.os.BinderProxy@ae17ec5})/@0xdbd8ec1, destroy=false, surface=Surface(name=7bc7528 StatusBar)/@0x1c523a8
02-06 18:05:10.867   862  2572 I SurfaceFlinger: id=106675 Removed com.kyowon.literacy.store/com.kyowon.literacy.ui.main.activity.MainActivity$_20609#1 (81)
02-06 18:05:10.867  3012  7226 I SurfaceControl: nativeRelease nativeObject s[-5476376620415593152]
02-06 18:05:10.867  3012  7226 I SurfaceControl: nativeRelease nativeObject e[-5476376620415593152]
02-06 18:05:10.867  3012  7226 I WindowManager: Reparenting to leash, surface=Surface(name=7bc7528 StatusBar)/@0x1c523a8, leashParent=Surface(name=WindowToken{345974b android.os.BinderProxy@ae17ec5})/@0xdbd8ec1
02-06 18:05:10.867   862   925 I SurfaceFlinger: id=106674 Removed c9265df com.kyowon.literacy.store/com.kyowon.literacy.ui.main.activity.MainActivity#0 (81)
02-06 18:05:10.867   862  2572 I SurfaceFlinger: id=106680 createSurf (0x0),-1 flag=24004, Surface(name=7bc7528 StatusBar)/@0x1c523a8 - animation-leash#1
02-06 18:05:10.868  3012  7226 D WindowManager: makeSurface duration=1 leash=Surface(name=Surface(name=7bc7528 StatusBar)/@0x1c523a8 - animation-leash)/@0xe57ce5c
02-06 18:05:10.868  3012  7226 I WindowManager: Cancelling animation restarting=true, leash=Surface(name=Surface(name=8b29ede NavigationBar0)/@0x69dbda7 - animation-leash)/@0xbbad56
02-06 18:05:10.868  3012  7226 I WindowManager: Reparenting to original parent: Surface(name=WindowToken{96fa963 android.os.BinderProxy@332cd1d})/@0x71cd254, destroy=false, surface=Surface(name=8b29ede NavigationBar0)/@0x69dbda7
02-06 18:05:10.868  3012  7226 I SurfaceControl: nativeRelease nativeObject s[-5476376620415591232]
02-06 18:05:10.868  3012  7226 I SurfaceControl: nativeRelease nativeObject e[-5476376620415591232]
02-06 18:05:10.868  3012  7226 I WindowManager: Reparenting to leash, surface=Surface(name=8b29ede NavigationBar0)/@0x69dbda7, leashParent=Surface(name=WindowToken{96fa963 android.os.BinderProxy@332cd1d})/@0x71cd254
02-06 18:05:10.869   862  2572 I SurfaceFlinger: id=106681 createSurf (0x0),-1 flag=24004, Surface(name=8b29ede NavigationBar0)/@0x69dbda7 - animation-leash#0
02-06 18:05:10.869  3012  7226 D WindowManager: makeSurface duration=1 leash=Surface(name=Surface(name=8b29ede NavigationBar0)/@0x69dbda7 - animation-leash)/@0x63b123a
02-06 18:05:10.870  3012  7226 D StatusBarManagerService: notifyRequestedSystemKey recent=false home=false
02-06 18:05:10.871   862  2572 I Layer   : id=106676 removeFromCurrentState Surface(name=7bc7528 StatusBar)/@0x1c523a8 - animation-leash#0 (83)
02-06 18:05:10.871   862  2572 I Layer   : id=100955 removeFromCurrentState 7bc7528 StatusBar#0 (83)
02-06 18:05:10.871   862  2572 I Layer   : id=100963 removeFromCurrentState StatusBar$_3435#0 (83)
02-06 18:05:10.871   862  2572 I Layer   : id=106677 removeFromCurrentState Surface(name=8b29ede NavigationBar0)/@0x69dbda7 - animation-leash#1 (83)
02-06 18:05:10.872 20609 20609 D InputTransport: Input channel destroyed: 'c9265df', fd=193
02-06 18:05:10.876 20609 20609 E ViewRootImpl: sendUserActionEvent() mView returned.
02-06 18:05:10.876   862   862 I Layer   : id=106674[1] Destroyed c9265df com.kyowon.literacy.store/com.kyowon.literacy.ui.main.activity.MainActivity#0
02-06 18:05:10.877  3012  7226 I InputDispatcher: Focus left window (20609): c9265df in display 0 0
02-06 18:05:10.881   862   862 I Layer   : id=106675[1] Destroyed com.kyowon.literacy.store/com.kyowon.literacy.ui.main.activity.MainActivity$_20609#1
02-06 18:05:10.882 20609 20609 I SurfaceControl: nativeRelease nativeObject s[-5476376620272637408]
02-06 18:05:10.883 20609 20609 I SurfaceControl: nativeRelease nativeObject e[-5476376620272637408]
02-06 18:05:10.883 20609 20609 I SurfaceControl: nativeRelease nativeObject s[-5476376620272638208]
02-06 18:05:10.883 20609 20609 I SurfaceControl: nativeRelease nativeObject e[-5476376620272638208]
02-06 18:05:10.883 20609 20609 I SurfaceControl: nativeRelease nativeObject s[-5476376620272648128]
02-06 18:05:10.883 20609 20609 I SurfaceControl: nativeRelease nativeObject e[-5476376620272648128]
02-06 18:05:10.883   862  2572 I SurfaceFlinger: id=106665 Removed Surface(name=e2afd8d InputMethod)/@0xf00da02 - animation-leash#1 (81)
02-06 18:05:10.898  3012  7145 W WindowManager: Failed looking up window session=Session{914c7c9 20609:u0a10584} callers=com.android.server.wm.WindowManagerService.windowForClientLocked:6159 com.android.server.wm.Session.insetsModified:508 android.view.IWindowSession$Stub.onTransact:1398 
02-06 18:05:10.921   862   862 D SurfaceFlinger: Display 19260469778534273 HWC layers:
02-06 18:05:10.921   862   862 D SurfaceFlinger:      DEVICE | 0xb400007ac04d1b00 | 0002 | RGBA_8888    |    0.0    0.0 1200.0 2000.0 |    0    0 1200 2000 | com.kyowon.literacy.store/com.kyowon[...].main.activity.MainActivity$_20609#0
02-06 18:05:10.921   862   862 D SurfaceFlinger:      DEVICE | 0xb400007acfe1f180 | 0008 | RGBA_8888    |    0.0    0.0 1200.0 2000.0 |    0    0 1200 2000 | $_3435#0
02-06 18:05:10.921   862   862 D SurfaceFlinger: 
02-06 18:05:10.924   862   862 I Layer   : id=106665[1] Destroyed Surface(name=e2afd8d InputMethod)/@0xf00da02 - animation-leash#1
02-06 18:05:10.926  3012  7145 I InputDispatcher: Focus entered window (20609): f52afd3 in display 0 0
02-06 18:05:10.970 20609 20609 I ViewRootImpl@f09faea[MainActivity]: MSG_WINDOW_FOCUS_CHANGED 1 1
02-06 18:05:10.971 20609 20609 D InputMethodManager: prepareNavigationBarInfo() DecorView@2e793e8[MainActivity]
02-06 18:05:10.971 20609 20609 D InputMethodManager: getNavigationBarColor() -855310
02-06 18:05:10.972 20609 20609 D InputMethodManager: prepareNavigationBarInfo() DecorView@2e793e8[MainActivity]
02-06 18:05:10.972 20609 20609 D InputMethodManager: getNavigationBarColor() -855310
02-06 18:05:10.972 20609 20609 V InputMethodManager: Starting input: tba=com.kyowon.literacy.store ic=null mNaviBarColor -855310 mIsGetNaviBarColorSuccess true , NavVisible : true , NavTrans : false
02-06 18:05:10.972 20609 20609 D InputMethodManager: startInputInner - Id : 0
02-06 18:05:10.972 20609 20609 I InputMethodManager: startInputInner - mService.startInputOrWindowGainedFocus
02-06 18:05:10.973  3012  7145 D InputMethodManagerService: mSecureKeypadEnabled = false
02-06 18:05:10.973  3012  7145 V InputMethodManagerService: Unspecified window will hide input
02-06 18:05:10.973  3012  7145 V InputMethodManagerService: hideCurrentInputLocked : shouldHideSoftInput is false
02-06 18:05:10.973  3012  7145 D InputMethodManagerService: mDesktopModeManager null!
02-06 18:05:10.973  3012  7145 V InputMethodManagerService: getDisplayIdOfInputMethodWindowToBeAdded : 0
02-06 18:05:10.974  3012  7145 D InputMethodManagerService: checkDisplayOfStartInputAndUpdateKeyboard display Id 0last 0
02-06 18:05:10.974  3012  7145 D InputTransport: Input channel constructed: 'ClientS', fd=609
02-06 18:05:10.974  3012  7145 D InputTransport: Input channel destroyed: 'ClientS', fd=609
02-06 18:05:10.975 20609 20609 D InputTransport: Input channel constructed: 'ClientS', fd=195
02-06 18:05:10.975 20609 20609 D InputTransport: Input channel destroyed: 'ClientS', fd=208
02-06 18:05:10.976  3012  7226 I WindowManager: Cancelling animation restarting=true, leash=Surface(name=Surface(name=e2afd8d InputMethod)/@0xf00da02 - animation-leash)/@0x58a7a9
02-06 18:05:10.976  3012  7226 I WindowManager: Reparenting to original parent: Surface(name=WindowToken{8221ec3 android.os.Binder@915ca72})/@0x5559f13, destroy=false, surface=Surface(name=e2afd8d InputMethod)/@0xf00da02
02-06 18:05:10.977  3012  7226 I SurfaceControl: nativeRelease nativeObject s[-5476376620411808896]
02-06 18:05:10.977  3012  7226 I SurfaceControl: nativeRelease nativeObject e[-5476376620411808896]
02-06 18:05:10.977  3012  7226 I WindowManager: Reparenting to leash, surface=Surface(name=e2afd8d InputMethod)/@0xf00da02, leashParent=Surface(name=WindowToken{8221ec3 android.os.Binder@915ca72})/@0x5559f13
02-06 18:05:10.978   862  1519 I SurfaceFlinger: id=106682 createSurf (0x0),-1 flag=24004, Surface(name=e2afd8d InputMethod)/@0xf00da02 - animation-leash#0
02-06 18:05:10.979  3012  7226 D WindowManager: makeSurface duration=1 leash=Surface(name=Surface(name=e2afd8d InputMethod)/@0xf00da02 - animation-leash)/@0x67ca2e1
02-06 18:05:10.982  9531  9531 D InputMethodService: checkDisplayOfStartInputAndUpdateKeyboard display Id 0last 0
02-06 18:05:10.982   862  2572 I Layer   : id=106679 removeFromCurrentState Surface(name=e2afd8d InputMethod)/@0xf00da02 - animation-leash#1 (81)
02-06 18:05:11.006  9531 10055 E NIO     : wtf
02-06 18:05:11.006  9531 10055 E NIO     : java.net.BindException: Address already in use
02-06 18:05:11.006  9531 10055 E NIO     : 	at sun.nio.ch.Net.bind0(Native Method)
02-06 18:05:11.006  9531 10055 E NIO     : 	at sun.nio.ch.Net.bind(Net.java:442)
02-06 18:05:11.006  9531 10055 E NIO     : 	at sun.nio.ch.Net.bind(Net.java:434)
02-06 18:05:11.006  9531 10055 E NIO     : 	at sun.nio.ch.ServerSocketChannelImpl.bind(ServerSocketChannelImpl.java:223)
02-06 18:05:11.006  9531 10055 E NIO     : 	at sun.nio.ch.ServerSocketAdaptor.bind(ServerSocketAdaptor.java:74)
02-06 18:05:11.006  9531 10055 E NIO     : 	at sun.nio.ch.ServerSocketAdaptor.bind(ServerSocketAdaptor.java:67)
02-06 18:05:11.006  9531 10055 E NIO     : 	at com.koushikdutta.async.AsyncServer$5.run(AsyncServer.java:316)
02-06 18:05:11.006  9531 10055 E NIO     : 	at com.koushikdutta.async.AsyncServer$3.run(AsyncServer.java:211)
02-06 18:05:11.006  9531 10055 E NIO     : 	at com.koushikdutta.async.AsyncServer.lockAndRunQueue(AsyncServer.java:740)
02-06 18:05:11.006  9531 10055 E NIO     : 	at com.koushikdutta.async.AsyncServer.runLoop(AsyncServer.java:758)
02-06 18:05:11.006  9531 10055 E NIO     : 	at com.koushikdutta.async.AsyncServer.run(AsyncServer.java:658)
02-06 18:05:11.006  9531 10055 E NIO     : 	at com.koushikdutta.async.AsyncServer.access$800(AsyncServer.java:44)
02-06 18:05:11.006  9531 10055 E NIO     : 	at com.koushikdutta.async.AsyncServer$14.run(AsyncServer.java:600)
02-06 18:05:11.036 20609 20609 I SurfaceControl: nativeRelease nativeObject s[-5476376620269258976]
02-06 18:05:11.036 20609 20609 I SurfaceControl: nativeRelease nativeObject e[-5476376620269258976]
02-06 18:05:11.036 20609 20609 I SurfaceControl: nativeRelease nativeObject s[-5476376620273396896]
02-06 18:05:11.036 20609 20609 I SurfaceControl: nativeRelease nativeObject e[-5476376620273396896]
02-06 18:05:11.038  3012  7145 D SamsungIMMSHWKeyboard: isConnectedDexOnPC false
02-06 18:05:11.038  3012  7145 D InputMethodManagerService: isImeSwitcherDisabledPackage : false
02-06 18:05:11.059  3012  3242 I netstats_mobile_sample: [0,0,0,0,0,0,0,0,0,0,0,0,1770368709481]
02-06 18:05:11.059  3012  3242 I netstats_wifi_sample: [133038860,105470,10076187,55766,133038860,105470,10076187,55766,132218412,104369,9884153,54893,1770368709481]
02-06 18:05:11.060  3012  3242 I power_partial_wake_state: [33,NetworkStats:android]
