02-06 18:13:25.871 31505 31505 W MediaPlayer: mediaplayer went away with unhandled events
02-06 18:13:25.871 31505 31505 W MediaPlayer: mediaplayer went away with unhandled events
02-06 18:13:25.871 31505 31505 W MediaPlayer: mediaplayer went away with unhandled events
02-06 18:13:25.871 31505 31505 W MediaPlayer: mediaplayer went away with unhandled events
02-06 18:13:25.871 31505 31505 W MediaPlayer: mediaplayer went away with unhandled events
02-06 18:13:25.871 31505 31505 I ViewRootImpl@9ddb888[LoginActivity]: stopped(false) old=false
02-06 18:13:25.894 31505 31505 V MediaPlayer-JNI: native_setup
02-06 18:13:25.894 31505 31505 V MediaPlayerNative: constructor
02-06 18:13:25.895 31505 31505 V MediaPlayerNative: setListener
02-06 18:13:25.897 31505  4919 I OpenGLRenderer: Davey! duration=1675ms; Flags=0, IntendedVsync=800551219207610, Vsync=800552852540878, OldestInputEvent=9223372036854775807, NewestInputEvent=0, HandleInputStart=800552867077422, AnimationStart=800552867085287, PerformTraversalsStart=800552868306537, DrawStart=800552873793308, SyncQueued=800552876394193, SyncStart=800552877086016, IssueDrawCommandsStart=800552878701589, SwapBuffers=800552893114714, FrameCompleted=800552895427162, DequeueBufferDuration=460677, QueueBufferDuration=733802, GpuCompleted=800544103001592, 
02-06 18:13:25.902 31505 31505 V MediaPlayer-JNI: setVolume: left 1.000000  right 1.000000
02-06 18:13:25.902 31505 31505 V MediaPlayerNative: MediaPlayer::setVolume(1.000000, 1.000000)
02-06 18:13:25.902 31505 31505 V MediaPlayer-JNI: setAuxEffectSendLevel: level 0.000000
02-06 18:13:25.902 31505 31505 V MediaPlayerNative: MediaPlayer::setAuxEffectSendLevel(0.000000)
02-06 18:13:25.902 31505 31505 V MediaPlayer-JNI: setParameter: key 1400
02-06 18:13:25.902 31505 31505 V MediaPlayerNative: MediaPlayer::setParameter(1400)
02-06 18:13:25.902 31505 31505 V MediaPlayer-JNI: set_session_id(): 9713
02-06 18:13:25.902 31505 31505 V MediaPlayerNative: MediaPlayer::setAudioSessionId(9713)
02-06 18:13:25.902 31505 31505 V MediaPlayer-JNI: setDataSourceFD: fd 88
02-06 18:13:25.902 31505 31505 V MediaPlayerNative: setDataSource(88, 80149264, 611808)
02-06 18:13:25.923 31505 31505 V MediaPlayerNative: setVideoSurfaceTexture
02-06 18:13:25.924 31505 31505 V MediaPlayerNative: prepare
02-06 18:13:25.992 31505  5082 V MediaPlayerNative: message received msg=200, ext1=10973, ext2=0
02-06 18:13:25.992 31505  5082 W MediaPlayerNative: info/warning (10973, 0)
02-06 18:13:25.996 31505  5082 V MediaPlayerNative: message received msg=1, ext1=0, ext2=0
02-06 18:13:25.996 31505  5082 V MediaPlayerNative: MediaPlayer::notify() prepared
02-06 18:13:25.996 31505  5082 V MediaPlayerNative: signal application thread
02-06 18:13:25.996 31505 31505 V MediaPlayerNative: prepare complete - status=0
02-06 18:13:26.004 31505 31505 V MediaPlayerNative: invoke 76
02-06 18:13:26.005 31505 31505 V MediaPlayer-JNI: setLooping: 1
02-06 18:13:26.005 31505 31505 V MediaPlayerNative: MediaPlayer::setLooping
02-06 18:13:26.006 31505 31505 V MediaPlayer-JNI: setVolume: left 0.800000  right 0.800000
02-06 18:13:26.006 31505 31505 V MediaPlayerNative: MediaPlayer::setVolume(0.800000, 0.800000)
02-06 18:13:26.007 31505 31505 V MediaPlayer-JNI: start
02-06 18:13:26.007 31505 31505 V MediaPlayerNative: start
02-06 18:13:26.013 31505 31505 V MediaPlayer-JNI: stop
02-06 18:13:26.013 31505 31505 V MediaPlayerNative: stop
02-06 18:13:26.014 31505  5082 V MediaPlayerNative: message received msg=8, ext1=0, ext2=0
02-06 18:13:26.015 31505 31505 V MediaPlayer: resetDrmState:  mDrmInfo=null mDrmProvisioningThread=null mPrepareDrmInProgress=false mActiveDrmScheme=false
02-06 18:13:26.015 31505 31505 V MediaPlayer: cleanDrmObj: mDrmObj=null mDrmSessionId=null
02-06 18:13:26.015 31505 31505 V MediaPlayer-JNI: release
02-06 18:13:26.015 31505 31505 V MediaPlayerNative: setListener
02-06 18:13:26.015 31505 31505 V MediaPlayerNative: disconnect
02-06 18:13:26.148 31505 31505 V MediaPlayerNative: destructor
02-06 18:13:26.148 31505 31505 V MediaPlayerNative: disconnect
02-06 18:13:26.174 31505 31505 I SurfaceControl: nativeRelease nativeObject s[-5476376618202809824]
02-06 18:13:26.174 31505 31505 I SurfaceControl: nativeRelease nativeObject e[-5476376618202809824]
02-06 18:13:26.176 31505 31505 I SurfaceControl: assignNativeObject: nativeObject = 0 Surface(name=null)/@0xeffd94 / android.view.SurfaceControl.readFromParcel:1117 android.view.IWindowSession$Stub$Proxy.relayout:1820 android.view.ViewRootImpl.relayoutWindow:9005 android.view.ViewRootImpl.performTraversals:3360 android.view.ViewRootImpl.doTraversal:2618 android.view.ViewRootImpl$TraversalRunnable.run:9971 android.view.Choreographer$CallbackRecord.run:1010 android.view.Choreographer.doCallbacks:809 android.view.Choreographer.doFrame:744 android.view.Choreographer$FrameDisplayEventReceiver.run:995 
02-06 18:13:26.177 31505 31505 I SurfaceControl: nativeRelease nativeObject s[-5476376618309963488]
02-06 18:13:26.177 31505 31505 I SurfaceControl: nativeRelease nativeObject e[-5476376618309963488]
02-06 18:13:26.178 31505 31505 I SurfaceControl: nativeRelease nativeObject s[-5476376618309964768]
02-06 18:13:26.178 31505 31505 I SurfaceControl: nativeRelease nativeObject e[-5476376618309964768]
02-06 18:13:26.178 31505 31505 I SurfaceControl: nativeRelease nativeObject s[-5476376618309962848]
02-06 18:13:26.178 31505 31505 I SurfaceControl: nativeRelease nativeObject e[-5476376618309962848]
02-06 18:13:26.178 31505 31505 I ViewRootImpl@9ddb888[LoginActivity]: Relayout returned: old=(0,0,2000,1200) new=(0,0,2000,1200) req=(2000,1200)0 dur=11 res=0x1 s={true -5476376619769638912} ch=false fn=192
02-06 18:13:26.183 31505 31505 W MediaPlayer: mediaplayer went away with unhandled events
02-06 18:13:26.183 31505 31505 W MediaPlayer: mediaplayer went away with unhandled events
02-06 18:13:26.183 31505 31505 W MediaPlayer: mediaplayer went away with unhandled events
02-06 18:13:26.183 31505 31505 I ViewRootImpl@9ddb888[LoginActivity]: stopped(false) old=false
02-06 18:13:26.185 31505 31505 V MediaPlayer-JNI: native_setup
02-06 18:13:26.185 31505 31505 V MediaPlayerNative: constructor
02-06 18:13:26.186 31505 31505 V MediaPlayerNative: setListener
02-06 18:13:26.189 31505 31505 V MediaPlayer-JNI: setVolume: left 1.000000  right 1.000000
02-06 18:13:26.189 31505 31505 V MediaPlayerNative: MediaPlayer::setVolume(1.000000, 1.000000)
02-06 18:13:26.189 31505 31505 V MediaPlayer-JNI: setAuxEffectSendLevel: level 0.000000
02-06 18:13:26.189 31505 31505 V MediaPlayerNative: MediaPlayer::setAuxEffectSendLevel(0.000000)
02-06 18:13:26.189 31505 31505 V MediaPlayer-JNI: setParameter: key 1400
02-06 18:13:26.189 31505 31505 V MediaPlayerNative: MediaPlayer::setParameter(1400)
02-06 18:13:26.190 31505 31505 V MediaPlayer-JNI: set_session_id(): 9729
02-06 18:13:26.190 31505 31505 V MediaPlayerNative: MediaPlayer::setAudioSessionId(9729)
02-06 18:13:26.190 31505 31505 V MediaPlayer-JNI: setDataSourceFD: fd 88
02-06 18:13:26.190 31505 31505 V MediaPlayerNative: setDataSource(88, 80149264, 611808)
02-06 18:13:26.206 31505 31505 V MediaPlayerNative: setVideoSurfaceTexture
02-06 18:13:26.207 31505 31505 V MediaPlayerNative: prepare
02-06 18:13:26.259 31505  4917 V MediaPlayerNative: message received msg=200, ext1=10973, ext2=0
02-06 18:13:26.259 31505  4917 W MediaPlayerNative: info/warning (10973, 0)
02-06 18:13:26.261 31505  4917 V MediaPlayerNative: message received msg=1, ext1=0, ext2=0
02-06 18:13:26.261 31505  4917 V MediaPlayerNative: MediaPlayer::notify() prepared
02-06 18:13:26.261 31505  4917 V MediaPlayerNative: signal application thread
02-06 18:13:26.261 31505 31505 V MediaPlayerNative: prepare complete - status=0
02-06 18:13:26.264 31505 31505 V MediaPlayerNative: invoke 76
02-06 18:13:26.265 31505 31505 V MediaPlayer-JNI: setLooping: 1
02-06 18:13:26.265 31505 31505 V MediaPlayerNative: MediaPlayer::setLooping
02-06 18:13:26.265 31505 31505 V MediaPlayer-JNI: setVolume: left 0.800000  right 0.800000
02-06 18:13:26.265 31505 31505 V MediaPlayerNative: MediaPlayer::setVolume(0.800000, 0.800000)
02-06 18:13:26.266 31505 31505 V MediaPlayer-JNI: start
02-06 18:13:26.266 31505 31505 V MediaPlayerNative: start
02-06 18:13:26.273 31505 31505 V MediaPlayerNative: invoke 76
02-06 18:13:26.453 31505  4917 V MediaPlayerNative: message received msg=6, ext1=0, ext2=0
02-06 18:13:26.619 31505  4917 V MediaPlayerNative: message received msg=211, ext1=0, ext2=0
02-06 18:13:26.620 31505  4917 V MediaPlayerNative: message received msg=211, ext1=0, ext2=0
02-06 18:13:26.664 31505 31505 V MediaPlayer-JNI: getCurrentPosition: 105 (msec)
02-06 18:13:26.862 31505 31505 D InputMethodManager: prepareNavigationBarInfo() DecorView@cd2569b[LoginActivity]
02-06 18:13:26.862 31505 31505 D InputMethodManager: getNavigationBarColor() -855310
02-06 18:13:26.862 31505 31505 V InputMethodManager: Starting input: tba=com.kyowon.literacy.store ic=null mNaviBarColor -855310 mIsGetNaviBarColorSuccess true , NavVisible : true , NavTrans : false
02-06 18:13:26.862 31505 31505 D InputMethodManager: startInputInner - Id : 0
02-06 18:13:26.862 31505 31505 I InputMethodManager: startInputInner - mService.startInputOrWindowGainedFocus
02-06 18:13:26.915 31505 31505 D InputTransport: Input channel destroyed: 'ClientS', fd=87
02-06 18:13:26.921 31505 31505 D InputMethodManager: prepareNavigationBarInfo() DecorView@cd2569b[LoginActivity]
02-06 18:13:26.921 31505 31505 D InputMethodManager: getNavigationBarColor() -855310
02-06 18:13:26.921 31505 31505 V InputMethodManager: Starting input: tba=com.kyowon.literacy.store ic=null mNaviBarColor -855310 mIsGetNaviBarColorSuccess true , NavVisible : true , NavTrans : false
02-06 18:13:26.921 31505 31505 D InputMethodManager: startInputInner - Id : 0
02-06 18:13:26.921 31505 31505 I InputMethodManager: startInputInner - mService.startInputOrWindowGainedFocus
02-06 18:13:27.337 31505 31505 V MediaPlayer-JNI: stop
02-06 18:13:27.337 31505 31505 V MediaPlayerNative: stop
02-06 18:13:27.337 31505  4917 V MediaPlayerNative: message received msg=8, ext1=0, ext2=0
02-06 18:13:27.338 31505  4917 V MediaPlayerNative: message received msg=211, ext1=0, ext2=0
02-06 18:13:27.341 31505 31505 V MediaPlayer: resetDrmState:  mDrmInfo=null mDrmProvisioningThread=null mPrepareDrmInProgress=false mActiveDrmScheme=false
02-06 18:13:27.341 31505 31505 V MediaPlayer: cleanDrmObj: mDrmObj=null mDrmSessionId=null
02-06 18:13:27.341 31505 31505 V MediaPlayer-JNI: release
02-06 18:13:27.341 31505 31505 V MediaPlayerNative: setListener
02-06 18:13:27.341 31505 31505 V MediaPlayerNative: disconnect
02-06 18:13:27.359 31505 31505 V MediaPlayerNative: destructor
02-06 18:13:27.360 31505 31505 V MediaPlayerNative: disconnect
02-06 18:13:27.377 31505 31505 W MediaPlayer: mediaplayer went away with unhandled events
02-06 18:13:27.377 31505 31505 W MediaPlayer: mediaplayer went away with unhandled events
02-06 18:13:28.502 31505 31505 I ViewRootImpl@9ddb888[LoginActivity]: stopped(false) old=false
02-06 18:13:28.504 31505 31505 V MediaPlayer-JNI: native_setup
02-06 18:13:28.504 31505 31505 V MediaPlayerNative: constructor
02-06 18:13:28.505 31505 31505 V MediaPlayerNative: setListener
02-06 18:13:28.508 31505 31505 V MediaPlayer-JNI: setVolume: left 1.000000  right 1.000000
02-06 18:13:28.508 31505 31505 V MediaPlayerNative: MediaPlayer::setVolume(1.000000, 1.000000)
02-06 18:13:28.508 31505 31505 V MediaPlayer-JNI: setAuxEffectSendLevel: level 0.000000
02-06 18:13:28.508 31505 31505 V MediaPlayerNative: MediaPlayer::setAuxEffectSendLevel(0.000000)
02-06 18:13:28.509 31505 31505 V MediaPlayer-JNI: setParameter: key 1400
02-06 18:13:28.509 31505 31505 V MediaPlayerNative: MediaPlayer::setParameter(1400)
02-06 18:13:28.509 31505 31505 V MediaPlayer-JNI: set_session_id(): 9745
02-06 18:13:28.509 31505 31505 V MediaPlayerNative: MediaPlayer::setAudioSessionId(9745)
02-06 18:13:28.509 31505 31505 V MediaPlayer-JNI: setDataSourceFD: fd 78
02-06 18:13:28.509 31505 31505 V MediaPlayerNative: setDataSource(78, 80149264, 611808)
02-06 18:13:28.519 31505 31505 V MediaPlayerNative: setVideoSurfaceTexture
02-06 18:13:28.520 31505 31505 V MediaPlayerNative: prepare
02-06 18:13:28.597 31505  5082 V MediaPlayerNative: message received msg=200, ext1=10973, ext2=0
02-06 18:13:28.598 31505  5082 W MediaPlayerNative: info/warning (10973, 0)
02-06 18:13:28.598 31505  5082 V MediaPlayerNative: message received msg=1, ext1=0, ext2=0
02-06 18:13:28.598 31505  5082 V MediaPlayerNative: MediaPlayer::notify() prepared
02-06 18:13:28.598 31505  5082 V MediaPlayerNative: signal application thread
02-06 18:13:28.598 31505 31505 V MediaPlayerNative: prepare complete - status=0
02-06 18:13:28.607 31505 31505 V MediaPlayerNative: invoke 76
02-06 18:13:28.608 31505 31505 V MediaPlayer-JNI: setLooping: 1
02-06 18:13:28.608 31505 31505 V MediaPlayerNative: MediaPlayer::setLooping
02-06 18:13:28.609 31505 31505 V MediaPlayer-JNI: setVolume: left 0.800000  right 0.800000
02-06 18:13:28.609 31505 31505 V MediaPlayerNative: MediaPlayer::setVolume(0.800000, 0.800000)
02-06 18:13:28.610 31505 31505 V MediaPlayer-JNI: start
02-06 18:13:28.610 31505 31505 V MediaPlayerNative: start
02-06 18:13:28.697 31505  4558 V MediaPlayerNative: message received msg=6, ext1=0, ext2=0
02-06 18:13:28.744 31505 31505 V MediaPlayerNative: invoke 76
02-06 18:13:28.745 31505 31505 V MediaPlayer-JNI: getCurrentPosition: 37 (msec)
02-06 18:13:28.746 31505  4558 V MediaPlayerNative: message received msg=211, ext1=0, ext2=0
02-06 18:13:28.790 31505  4558 V MediaPlayerNative: message received msg=211, ext1=0, ext2=0
02-06 18:13:28.791 31505  4558 V MediaPlayerNative: message received msg=211, ext1=0, ext2=0
02-06 18:13:28.791 31505  4558 V MediaPlayerNative: message received msg=211, ext1=0, ext2=0
02-06 18:13:28.860 31505 31505 V MediaPlayer-JNI: stop
02-06 18:13:28.860 31505 31505 V MediaPlayerNative: stop
02-06 18:13:28.861 31505  4560 V MediaPlayerNative: message received msg=8, ext1=0, ext2=0
02-06 18:13:28.861 31505  4560 V MediaPlayerNative: message received msg=211, ext1=0, ext2=0
02-06 18:13:28.862 31505 31505 V MediaPlayer: resetDrmState:  mDrmInfo=null mDrmProvisioningThread=null mPrepareDrmInProgress=false mActiveDrmScheme=false
02-06 18:13:28.862 31505 31505 V MediaPlayer: cleanDrmObj: mDrmObj=null mDrmSessionId=null
02-06 18:13:28.862 31505 31505 V MediaPlayer-JNI: release
02-06 18:13:28.862 31505 31505 V MediaPlayerNative: setListener
02-06 18:13:28.863 31505 31505 V MediaPlayerNative: disconnect
02-06 18:13:28.886 31505 31505 V MediaPlayerNative: destructor
02-06 18:13:28.886 31505 31505 V MediaPlayerNative: disconnect
02-06 18:13:28.916 31505 31505 W MediaPlayer: mediaplayer went away with unhandled events
02-06 18:13:28.916 31505 31505 W MediaPlayer: mediaplayer went away with unhandled events
02-06 18:13:28.916 31505 31505 I ViewRootImpl@9ddb888[LoginActivity]: stopped(false) old=false
02-06 18:13:28.918 31505 31505 V MediaPlayer-JNI: native_setup
02-06 18:13:28.918 31505 31505 V MediaPlayerNative: constructor
02-06 18:13:28.918 31505 31505 V MediaPlayerNative: setListener
02-06 18:13:28.924 31505 31505 V MediaPlayer-JNI: setVolume: left 1.000000  right 1.000000
02-06 18:13:28.924 31505 31505 V MediaPlayerNative: MediaPlayer::setVolume(1.000000, 1.000000)
02-06 18:13:28.924 31505 31505 V MediaPlayer-JNI: setAuxEffectSendLevel: level 0.000000
02-06 18:13:28.924 31505 31505 V MediaPlayerNative: MediaPlayer::setAuxEffectSendLevel(0.000000)
02-06 18:13:28.924 31505 31505 V MediaPlayer-JNI: setParameter: key 1400
02-06 18:13:28.924 31505 31505 V MediaPlayerNative: MediaPlayer::setParameter(1400)
02-06 18:13:28.924 31505 31505 V MediaPlayer-JNI: set_session_id(): 9761
02-06 18:13:28.924 31505 31505 V MediaPlayerNative: MediaPlayer::setAudioSessionId(9761)
02-06 18:13:28.925 31505 31505 V MediaPlayer-JNI: setDataSourceFD: fd 89
02-06 18:13:28.925 31505 31505 V MediaPlayerNative: setDataSource(89, 80149264, 611808)
02-06 18:13:29.117 31505 31505 V MediaPlayerNative: destructor
02-06 18:13:29.118 31505 31505 V MediaPlayerNative: disconnect
02-06 18:13:29.128 31505 31505 W MediaPlayer: mediaplayer went away with unhandled events
02-06 18:13:29.128 31505 31505 W MediaPlayer: mediaplayer went away with unhandled events
02-06 18:13:29.130 31505 31505 I ViewRootImpl@9ddb888[LoginActivity]: stopped(false) old=false
02-06 18:13:29.132 31505 31505 V MediaPlayer-JNI: native_setup
02-06 18:13:29.132 31505 31505 V MediaPlayerNative: constructor
02-06 18:13:29.132 31505 31505 V MediaPlayerNative: setListener
02-06 18:13:29.135 31505 31505 V MediaPlayer-JNI: setVolume: left 1.000000  right 1.000000
02-06 18:13:29.136 31505 31505 V MediaPlayerNative: MediaPlayer::setVolume(1.000000, 1.000000)
02-06 18:13:29.136 31505 31505 V MediaPlayer-JNI: setAuxEffectSendLevel: level 0.000000
02-06 18:13:29.136 31505 31505 V MediaPlayerNative: MediaPlayer::setAuxEffectSendLevel(0.000000)
02-06 18:13:29.136 31505 31505 V MediaPlayer-JNI: setParameter: key 1400
02-06 18:13:29.136 31505 31505 V MediaPlayerNative: MediaPlayer::setParameter(1400)
02-06 18:13:29.136 31505 31505 V MediaPlayer-JNI: set_session_id(): 9777
02-06 18:13:29.136 31505 31505 V MediaPlayerNative: MediaPlayer::setAudioSessionId(9777)
02-06 18:13:29.136 31505 31505 V MediaPlayer-JNI: setDataSourceFD: fd 87
02-06 18:13:29.136 31505 31505 V MediaPlayerNative: setDataSource(87, 80149264, 611808)
02-06 18:13:29.157 31505 31505 V MediaPlayerNative: setVideoSurfaceTexture
02-06 18:13:29.157 31505 31505 V MediaPlayerNative: prepare
02-06 18:13:29.756 31505 31505 I ViewRootImpl@9ddb888[LoginActivity]: stopped(false) old=false
02-06 18:13:29.758 31505 31505 V MediaPlayer-JNI: native_setup
02-06 18:13:29.758 31505 31505 V MediaPlayerNative: constructor
02-06 18:13:29.760 31505 31505 V MediaPlayerNative: setListener
02-06 18:13:29.767 31505 31505 V MediaPlayer-JNI: setVolume: left 1.000000  right 1.000000
02-06 18:13:29.768 31505 31505 V MediaPlayerNative: MediaPlayer::setVolume(1.000000, 1.000000)
02-06 18:13:29.768 31505 31505 V MediaPlayer-JNI: setAuxEffectSendLevel: level 0.000000
02-06 18:13:29.768 31505 31505 V MediaPlayerNative: MediaPlayer::setAuxEffectSendLevel(0.000000)
02-06 18:13:29.768 31505 31505 V MediaPlayer-JNI: setParameter: key 1400
02-06 18:13:29.768 31505 31505 V MediaPlayerNative: MediaPlayer::setParameter(1400)
02-06 18:13:29.768 31505 31505 V MediaPlayer-JNI: set_session_id(): 9793
02-06 18:13:29.768 31505 31505 V MediaPlayerNative: MediaPlayer::setAudioSessionId(9793)
02-06 18:13:29.771 31505 31505 V MediaPlayer-JNI: setDataSourceFD: fd 78
02-06 18:13:29.771 31505 31505 V MediaPlayerNative: setDataSource(78, 80149264, 611808)
02-06 18:13:29.783 31505 31505 V MediaPlayerNative: setVideoSurfaceTexture
02-06 18:13:29.784 31505 31505 V MediaPlayerNative: prepare
02-06 18:13:29.806 31505  5082 V MediaPlayerNative: message received msg=200, ext1=10973, ext2=0
02-06 18:13:29.806 31505  5082 W MediaPlayerNative: info/warning (10973, 0)
02-06 18:13:29.810 31505  5082 V MediaPlayerNative: message received msg=1, ext1=0, ext2=0
02-06 18:13:29.810 31505  5082 V MediaPlayerNative: MediaPlayer::notify() prepared
02-06 18:13:29.810 31505  5082 V MediaPlayerNative: signal application thread
02-06 18:13:29.810 31505 31505 V MediaPlayerNative: prepare complete - status=0
02-06 18:13:29.814 31505 31505 V MediaPlayerNative: invoke 76
02-06 18:13:29.815 31505 31505 V MediaPlayer-JNI: setLooping: 1
02-06 18:13:29.815 31505 31505 V MediaPlayerNative: MediaPlayer::setLooping
02-06 18:13:29.816 31505 31505 V MediaPlayer-JNI: setVolume: left 0.800000  right 0.800000
02-06 18:13:29.816 31505 31505 V MediaPlayerNative: MediaPlayer::setVolume(0.800000, 0.800000)
02-06 18:13:29.817 31505 31505 V MediaPlayer-JNI: start
02-06 18:13:29.817 31505 31505 V MediaPlayerNative: start
02-06 18:13:29.870 31505 31505 V MediaPlayerNative: invoke 76
02-06 18:13:29.967 31505  5082 V MediaPlayerNative: message received msg=6, ext1=0, ext2=0
02-06 18:13:30.106 31505  5082 V MediaPlayerNative: message received msg=211, ext1=0, ext2=0
02-06 18:13:30.107 31505  5082 V MediaPlayerNative: message received msg=211, ext1=0, ext2=0
02-06 18:13:30.142 31505 31505 V MediaPlayer-JNI: getCurrentPosition: 90 (msec)
02-06 18:13:30.844 31505 31505 V MediaPlayer-JNI: stop
02-06 18:13:30.844 31505 31505 V MediaPlayerNative: stop
02-06 18:13:30.846 31505  4917 V MediaPlayerNative: message received msg=211, ext1=0, ext2=0
02-06 18:13:30.846 31505  4917 V MediaPlayerNative: message received msg=8, ext1=0, ext2=0
02-06 18:13:30.848 31505 31505 V MediaPlayer: resetDrmState:  mDrmInfo=null mDrmProvisioningThread=null mPrepareDrmInProgress=false mActiveDrmScheme=false
02-06 18:13:30.848 31505 31505 V MediaPlayer: cleanDrmObj: mDrmObj=null mDrmSessionId=null
02-06 18:13:30.848 31505 31505 V MediaPlayer-JNI: release
02-06 18:13:30.848 31505 31505 V MediaPlayerNative: setListener
02-06 18:13:30.848 31505 31505 V MediaPlayerNative: disconnect
02-06 18:13:30.872 31505 31505 V MediaPlayerNative: destructor
02-06 18:13:30.874 31505 31505 V MediaPlayerNative: disconnect
02-06 18:13:30.884 31505 31505 W MediaPlayer: mediaplayer went away with unhandled events
02-06 18:13:30.885 31505 31505 W MediaPlayer: mediaplayer went away with unhandled events
02-06 18:13:30.942 31505 31505 I ViewRootImpl@9ddb888[LoginActivity]: stopped(false) old=false
02-06 18:13:30.944 31505 31505 V MediaPlayer-JNI: native_setup
02-06 18:13:30.944 31505 31505 V MediaPlayerNative: constructor
02-06 18:13:30.944 31505 31505 V MediaPlayerNative: setListener
02-06 18:13:30.947 31505 31505 V MediaPlayer-JNI: setVolume: left 1.000000  right 1.000000
02-06 18:13:30.947 31505 31505 V MediaPlayerNative: MediaPlayer::setVolume(1.000000, 1.000000)
02-06 18:13:30.947 31505 31505 V MediaPlayer-JNI: setAuxEffectSendLevel: level 0.000000
02-06 18:13:30.947 31505 31505 V MediaPlayerNative: MediaPlayer::setAuxEffectSendLevel(0.000000)
02-06 18:13:30.947 31505 31505 V MediaPlayer-JNI: setParameter: key 1400
02-06 18:13:30.947 31505 31505 V MediaPlayerNative: MediaPlayer::setParameter(1400)
02-06 18:13:30.947 31505 31505 V MediaPlayer-JNI: set_session_id(): 9809
02-06 18:13:30.947 31505 31505 V MediaPlayerNative: MediaPlayer::setAudioSessionId(9809)
02-06 18:13:30.947 31505 31505 V MediaPlayer-JNI: setDataSourceFD: fd 78
02-06 18:13:30.947 31505 31505 V MediaPlayerNative: setDataSource(78, 80149264, 611808)
02-06 18:13:30.963 31505 31505 V MediaPlayerNative: setVideoSurfaceTexture
02-06 18:13:30.963 31505 31505 V MediaPlayerNative: prepare
02-06 18:13:30.989 31505  5082 V MediaPlayerNative: message received msg=200, ext1=10973, ext2=0
02-06 18:13:30.989 31505  5082 W MediaPlayerNative: info/warning (10973, 0)
02-06 18:13:30.994 31505  5082 V MediaPlayerNative: message received msg=1, ext1=0, ext2=0
02-06 18:13:30.994 31505  5082 V MediaPlayerNative: MediaPlayer::notify() prepared
02-06 18:13:30.994 31505  5082 V MediaPlayerNative: signal application thread
02-06 18:13:30.994 31505 31505 V MediaPlayerNative: prepare complete - status=0
02-06 18:13:31.001 31505 31505 V MediaPlayerNative: invoke 76
02-06 18:13:31.002 31505 31505 V MediaPlayer-JNI: setLooping: 1
02-06 18:13:31.002 31505 31505 V MediaPlayerNative: MediaPlayer::setLooping
02-06 18:13:31.002 31505 31505 V MediaPlayer-JNI: setVolume: left 0.800000  right 0.800000
02-06 18:13:31.002 31505 31505 V MediaPlayerNative: MediaPlayer::setVolume(0.800000, 0.800000)
02-06 18:13:31.002 31505 31505 V MediaPlayer-JNI: start
02-06 18:13:31.002 31505 31505 V MediaPlayerNative: start
02-06 18:13:31.129 31505 31505 V MediaPlayerNative: invoke 76
02-06 18:13:31.132 31505  5082 V MediaPlayerNative: message received msg=6, ext1=0, ext2=0
02-06 18:13:31.141 31505 31505 V MediaPlayer-JNI: getCurrentPosition: 37 (msec)
02-06 18:13:31.142 31505  5082 V MediaPlayerNative: message received msg=211, ext1=0, ext2=0
02-06 18:13:31.306 31505  5082 V MediaPlayerNative: message received msg=211, ext1=0, ext2=0
02-06 18:13:31.306 31505  5082 V MediaPlayerNative: message received msg=211, ext1=0, ext2=0
02-06 18:13:31.306 31505  5082 V MediaPlayerNative: message received msg=211, ext1=0, ext2=0
02-06 18:13:32.463 31505 31505 V MediaPlayer-JNI: stop
02-06 18:13:32.463 31505 31505 V MediaPlayerNative: stop
02-06 18:13:32.464 31505  5082 V MediaPlayerNative: message received msg=8, ext1=0, ext2=0
02-06 18:13:32.465 31505  5082 V MediaPlayerNative: message received msg=211, ext1=0, ext2=0
02-06 18:13:32.489 31505 31505 V MediaPlayer: resetDrmState:  mDrmInfo=null mDrmProvisioningThread=null mPrepareDrmInProgress=false mActiveDrmScheme=false
02-06 18:13:32.489 31505 31505 V MediaPlayer: cleanDrmObj: mDrmObj=null mDrmSessionId=null
02-06 18:13:32.489 31505 31505 V MediaPlayer-JNI: release
02-06 18:13:32.489 31505 31505 V MediaPlayerNative: setListener
02-06 18:13:32.489 31505 31505 V MediaPlayerNative: disconnect
02-06 18:13:32.626 31505 31505 V MediaPlayerNative: destructor
02-06 18:13:32.627 31505 31505 V MediaPlayerNative: disconnect
02-06 18:13:32.647 31505 31505 W MediaPlayer: mediaplayer went away with unhandled events
02-06 18:13:32.647 31505 31505 W MediaPlayer: mediaplayer went away with unhandled events
02-06 18:13:32.647 31505 31505 I ViewRootImpl@9ddb888[LoginActivity]: stopped(false) old=false
02-06 18:13:32.648 31505 31505 V MediaPlayer-JNI: native_setup
02-06 18:13:32.648 31505 31505 V MediaPlayerNative: constructor
02-06 18:13:32.652 31505 31505 V MediaPlayerNative: setListener
02-06 18:13:32.655 31505 31505 V MediaPlayer-JNI: setVolume: left 1.000000  right 1.000000
02-06 18:13:32.655 31505 31505 V MediaPlayerNative: MediaPlayer::setVolume(1.000000, 1.000000)
02-06 18:13:32.655 31505 31505 V MediaPlayer-JNI: setAuxEffectSendLevel: level 0.000000
02-06 18:13:32.655 31505 31505 V MediaPlayerNative: MediaPlayer::setAuxEffectSendLevel(0.000000)
02-06 18:13:32.655 31505 31505 V MediaPlayer-JNI: setParameter: key 1400
02-06 18:13:32.655 31505 31505 V MediaPlayerNative: MediaPlayer::setParameter(1400)
02-06 18:13:32.655 31505 31505 V MediaPlayer-JNI: set_session_id(): 9841
02-06 18:13:32.655 31505 31505 V MediaPlayerNative: MediaPlayer::setAudioSessionId(9841)
02-06 18:13:32.656 31505 31505 V MediaPlayer-JNI: setDataSourceFD: fd 88
02-06 18:13:32.656 31505 31505 V MediaPlayerNative: setDataSource(88, 80149264, 611808)
02-06 18:13:32.676 31505 31505 V MediaPlayerNative: setVideoSurfaceTexture
02-06 18:13:32.676 31505 31505 V MediaPlayerNative: prepare
02-06 18:13:32.729 31505  5082 V MediaPlayerNative: message received msg=200, ext1=10973, ext2=0
02-06 18:13:32.729 31505  5082 W MediaPlayerNative: info/warning (10973, 0)
02-06 18:13:32.729 31505  5082 V MediaPlayerNative: message received msg=1, ext1=0, ext2=0
02-06 18:13:32.729 31505  5082 V MediaPlayerNative: MediaPlayer::notify() prepared
02-06 18:13:32.729 31505  5082 V MediaPlayerNative: signal application thread
02-06 18:13:32.729 31505 31505 V MediaPlayerNative: prepare complete - status=0
02-06 18:13:32.754 31505 31505 V MediaPlayerNative: invoke 76
02-06 18:13:32.755 31505 31505 V MediaPlayer-JNI: setLooping: 1
02-06 18:13:32.755 31505 31505 V MediaPlayerNative: MediaPlayer::setLooping
02-06 18:13:32.755 31505 31505 V MediaPlayer-JNI: setVolume: left 0.800000  right 0.800000
02-06 18:13:32.755 31505 31505 V MediaPlayerNative: MediaPlayer::setVolume(0.800000, 0.800000)
02-06 18:13:32.755 31505 31505 V MediaPlayer-JNI: start
02-06 18:13:32.756 31505 31505 V MediaPlayerNative: start
02-06 18:13:32.759 31505 31505 V MediaPlayerNative: invoke 76
02-06 18:13:32.893 31505  5082 V MediaPlayerNative: message received msg=6, ext1=0, ext2=0
02-06 18:13:32.982 31505  5082 V MediaPlayerNative: message received msg=211, ext1=0, ext2=0
02-06 18:13:32.982 31505  5082 V MediaPlayerNative: message received msg=211, ext1=0, ext2=0
02-06 18:13:33.017 31505 31505 V MediaPlayer-JNI: stop
02-06 18:13:33.017 31505 31505 V MediaPlayerNative: stop
02-06 18:13:33.018 31505  5082 V MediaPlayerNative: message received msg=8, ext1=0, ext2=0
02-06 18:13:33.018 31505  5082 V MediaPlayerNative: message received msg=211, ext1=0, ext2=0
02-06 18:13:33.024 31505 31505 V MediaPlayer: resetDrmState:  mDrmInfo=null mDrmProvisioningThread=null mPrepareDrmInProgress=false mActiveDrmScheme=false
02-06 18:13:33.024 31505 31505 V MediaPlayer: cleanDrmObj: mDrmObj=null mDrmSessionId=null
02-06 18:13:33.024 31505 31505 V MediaPlayer-JNI: release
02-06 18:13:33.024 31505 31505 V MediaPlayerNative: setListener
02-06 18:13:33.024 31505 31505 V MediaPlayerNative: disconnect
02-06 18:13:33.133 31505 31505 V MediaPlayerNative: destructor
02-06 18:13:33.134 31505 31505 V MediaPlayerNative: disconnect
02-06 18:13:33.151 31505 31505 W MediaPlayer: mediaplayer went away with unhandled events
02-06 18:13:33.151 31505 31505 W MediaPlayer: mediaplayer went away with unhandled events
02-06 18:13:33.151 31505 31505 W MediaPlayer: mediaplayer went away with unhandled events
02-06 18:13:33.151 31505 31505 W MediaPlayer: mediaplayer went away with unhandled events
02-06 18:13:33.376 31505 31505 I ViewRootImpl@9ddb888[LoginActivity]: stopped(false) old=false
02-06 18:13:33.379 31505 31505 V MediaPlayer-JNI: native_setup
02-06 18:13:33.379 31505 31505 V MediaPlayerNative: constructor
02-06 18:13:33.380 31505 31505 V MediaPlayerNative: setListener
02-06 18:13:33.384 31505 31505 V MediaPlayer-JNI: setVolume: left 1.000000  right 1.000000
02-06 18:13:33.384 31505 31505 V MediaPlayerNative: MediaPlayer::setVolume(1.000000, 1.000000)
02-06 18:13:33.384 31505 31505 V MediaPlayer-JNI: setAuxEffectSendLevel: level 0.000000
02-06 18:13:33.384 31505 31505 V MediaPlayerNative: MediaPlayer::setAuxEffectSendLevel(0.000000)
02-06 18:13:33.384 31505 31505 V MediaPlayer-JNI: setParameter: key 1400
02-06 18:13:33.384 31505 31505 V MediaPlayerNative: MediaPlayer::setParameter(1400)
02-06 18:13:33.384 31505 31505 V MediaPlayer-JNI: set_session_id(): 9857
02-06 18:13:33.384 31505 31505 V MediaPlayerNative: MediaPlayer::setAudioSessionId(9857)
02-06 18:13:33.385 31505 31505 V MediaPlayer-JNI: setDataSourceFD: fd 78
02-06 18:13:33.385 31505 31505 V MediaPlayerNative: setDataSource(78, 80149264, 611808)
02-06 18:13:33.396 31505 31505 V MediaPlayerNative: setVideoSurfaceTexture
02-06 18:13:33.397 31505 31505 V MediaPlayerNative: prepare
02-06 18:13:33.433 31505  4560 V MediaPlayerNative: message received msg=200, ext1=10973, ext2=0
02-06 18:13:33.433 31505  4560 W MediaPlayerNative: info/warning (10973, 0)
02-06 18:13:33.435 31505  4560 V MediaPlayerNative: message received msg=1, ext1=0, ext2=0
02-06 18:13:33.435 31505  4560 V MediaPlayerNative: MediaPlayer::notify() prepared
02-06 18:13:33.435 31505  4560 V MediaPlayerNative: signal application thread
02-06 18:13:33.435 31505 31505 V MediaPlayerNative: prepare complete - status=0
02-06 18:13:33.452 31505 31505 V MediaPlayerNative: invoke 76
02-06 18:13:33.453 31505 31505 V MediaPlayer-JNI: setLooping: 1
02-06 18:13:33.453 31505 31505 V MediaPlayerNative: MediaPlayer::setLooping
02-06 18:13:33.453 31505 31505 V MediaPlayer-JNI: setVolume: left 0.800000  right 0.800000
02-06 18:13:33.453 31505 31505 V MediaPlayerNative: MediaPlayer::setVolume(0.800000, 0.800000)
02-06 18:13:33.454 31505 31505 V MediaPlayer-JNI: start
02-06 18:13:33.454 31505 31505 V MediaPlayerNative: start
02-06 18:13:33.474 31505 31505 I ViewRootImpl@9ddb888[LoginActivity]: MSG_WINDOW_FOCUS_CHANGED 1 1
02-06 18:13:33.474 31505 31505 D InputMethodManager: prepareNavigationBarInfo() DecorView@cd2569b[LoginActivity]
02-06 18:13:33.474 31505 31505 D InputMethodManager: getNavigationBarColor() -855310
02-06 18:13:33.476 31505 31505 D InputMethodManager: prepareNavigationBarInfo() DecorView@cd2569b[LoginActivity]
02-06 18:13:33.476 31505 31505 D InputMethodManager: getNavigationBarColor() -855310
02-06 18:13:33.476 31505 31505 V InputMethodManager: Starting input: tba=com.kyowon.literacy.store ic=null mNaviBarColor -855310 mIsGetNaviBarColorSuccess true , NavVisible : true , NavTrans : false
02-06 18:13:33.476 31505 31505 D InputMethodManager: startInputInner - Id : 0
02-06 18:13:33.476 31505 31505 I InputMethodManager: startInputInner - mService.startInputOrWindowGainedFocus
02-06 18:13:33.508 31505 31505 I ViewRootImpl@9ddb888[LoginActivity]: MSG_WINDOW_FOCUS_CHANGED 1 1
02-06 18:13:33.508 31505 31505 V MediaPlayerNative: invoke 76
02-06 18:13:33.604 31505  4560 V MediaPlayerNative: message received msg=6, ext1=0, ext2=0
02-06 18:13:33.712 31505  5082 V MediaPlayerNative: message received msg=211, ext1=0, ext2=0
02-06 18:13:33.713 31505  5082 V MediaPlayerNative: message received msg=211, ext1=0, ext2=0
02-06 18:13:33.842 31505 31505 V MediaPlayer-JNI: stop
02-06 18:13:33.843 31505 31505 V MediaPlayerNative: stop
02-06 18:13:33.843 31505  5082 V MediaPlayerNative: message received msg=8, ext1=0, ext2=0
02-06 18:13:33.843 31505  5082 V MediaPlayerNative: message received msg=211, ext1=0, ext2=0
02-06 18:13:33.847 31505 31505 V MediaPlayer: resetDrmState:  mDrmInfo=null mDrmProvisioningThread=null mPrepareDrmInProgress=false mActiveDrmScheme=false
02-06 18:13:33.847 31505 31505 V MediaPlayer: cleanDrmObj: mDrmObj=null mDrmSessionId=null
02-06 18:13:33.847 31505 31505 V MediaPlayer-JNI: release
02-06 18:13:33.847 31505 31505 V MediaPlayerNative: setListener
02-06 18:13:33.847 31505 31505 V MediaPlayerNative: disconnect
02-06 18:13:33.882 31505 31505 V MediaPlayerNative: destructor
02-06 18:13:33.886 31505 31505 V MediaPlayerNative: disconnect
02-06 18:13:33.903 31505 31505 W MediaPlayer: mediaplayer went away with unhandled events
02-06 18:13:33.903 31505 31505 W MediaPlayer: mediaplayer went away with unhandled events
02-06 18:13:33.934 31505 31505 W MediaPlayer: mediaplayer went away with unhandled events
02-06 18:13:33.934 31505 31505 W MediaPlayer: mediaplayer went away with unhandled events
02-06 18:13:34.302 31505 31505 I ViewRootImpl@9ddb888[LoginActivity]: MSG_WINDOW_FOCUS_CHANGED 0 1
02-06 18:13:34.970 31505 31505 I ViewRootImpl@9ddb888[LoginActivity]: stopped(false) old=false
02-06 18:13:34.972 31505 31505 V MediaPlayer-JNI: native_setup
02-06 18:13:34.972 31505 31505 V MediaPlayerNative: constructor
02-06 18:13:34.973 31505 31505 V MediaPlayerNative: setListener
02-06 18:13:34.978 31505 31505 V MediaPlayer-JNI: setVolume: left 1.000000  right 1.000000
02-06 18:13:34.978 31505 31505 V MediaPlayerNative: MediaPlayer::setVolume(1.000000, 1.000000)
02-06 18:13:34.978 31505 31505 V MediaPlayer-JNI: setAuxEffectSendLevel: level 0.000000
02-06 18:13:34.978 31505 31505 V MediaPlayerNative: MediaPlayer::setAuxEffectSendLevel(0.000000)
02-06 18:13:34.978 31505 31505 V MediaPlayer-JNI: setParameter: key 1400
02-06 18:13:34.978 31505 31505 V MediaPlayerNative: MediaPlayer::setParameter(1400)
02-06 18:13:34.978 31505 31505 V MediaPlayer-JNI: set_session_id(): 9873
02-06 18:13:34.978 31505 31505 V MediaPlayerNative: MediaPlayer::setAudioSessionId(9873)
02-06 18:13:34.980 31505 31505 V MediaPlayer-JNI: setDataSourceFD: fd 78
02-06 18:13:34.980 31505 31505 V MediaPlayerNative: setDataSource(78, 80149264, 611808)
02-06 18:13:35.000 31505 31505 V MediaPlayerNative: setVideoSurfaceTexture
02-06 18:13:35.000 31505 31505 V MediaPlayerNative: prepare
02-06 18:13:35.068 31505  4917 V MediaPlayerNative: message received msg=200, ext1=10973, ext2=0
02-06 18:13:35.068 31505  4917 W MediaPlayerNative: info/warning (10973, 0)
02-06 18:13:35.081 31505  4917 V MediaPlayerNative: message received msg=1, ext1=0, ext2=0
02-06 18:13:35.081 31505  4917 V MediaPlayerNative: MediaPlayer::notify() prepared
02-06 18:13:35.081 31505  4917 V MediaPlayerNative: signal application thread
02-06 18:13:35.081 31505 31505 V MediaPlayerNative: prepare complete - status=0
02-06 18:13:35.083 31505 31505 V MediaPlayerNative: invoke 76
02-06 18:13:35.085 31505 31505 V MediaPlayer-JNI: setLooping: 1
02-06 18:13:35.085 31505 31505 V MediaPlayerNative: MediaPlayer::setLooping
02-06 18:13:35.085 31505 31505 V MediaPlayer-JNI: setVolume: left 0.800000  right 0.800000
02-06 18:13:35.086 31505 31505 V MediaPlayerNative: MediaPlayer::setVolume(0.800000, 0.800000)
02-06 18:13:35.086 31505 31505 V MediaPlayer-JNI: start
02-06 18:13:35.086 31505 31505 V MediaPlayerNative: start
02-06 18:13:35.105 31505 31505 I SurfaceControl: nativeRelease nativeObject s[-5476376618202812064]
02-06 18:13:35.106 31505 31505 I SurfaceControl: nativeRelease nativeObject e[-5476376618202812064]
02-06 18:13:35.107 31505 31505 I SurfaceControl: assignNativeObject: nativeObject = 0 Surface(name=null)/@0xeffd94 / android.view.SurfaceControl.readFromParcel:1117 android.view.IWindowSession$Stub$Proxy.relayout:1820 android.view.ViewRootImpl.relayoutWindow:9005 android.view.ViewRootImpl.performTraversals:3360 android.view.ViewRootImpl.doTraversal:2618 android.view.ViewRootImpl$TraversalRunnable.run:9971 android.view.Choreographer$CallbackRecord.run:1010 android.view.Choreographer.doCallbacks:809 android.view.Choreographer.doFrame:744 android.view.Choreographer$FrameDisplayEventReceiver.run:995 
02-06 18:13:35.109 31505 31505 I SurfaceControl: nativeRelease nativeObject s[-5476376618279076384]
02-06 18:13:35.109 31505 31505 I SurfaceControl: nativeRelease nativeObject e[-5476376618279076384]
02-06 18:13:35.109 31505 31505 I SurfaceControl: nativeRelease nativeObject s[-5476376618202809824]
02-06 18:13:35.109 31505 31505 I SurfaceControl: nativeRelease nativeObject e[-5476376618202809824]
02-06 18:13:35.109 31505 31505 I ViewRootImpl@9ddb888[LoginActivity]: Relayout returned: old=(0,0,2000,1200) new=(0,0,2000,1200) req=(2000,1200)0 dur=13 res=0x1 s={true -5476376619769638912} ch=false fn=339
02-06 18:13:35.112 31505 31505 I ViewRootImpl@9ddb888[LoginActivity]: MSG_WINDOW_FOCUS_CHANGED 1 1
02-06 18:13:35.112 31505 31505 D InputMethodManager: prepareNavigationBarInfo() DecorView@cd2569b[LoginActivity]
02-06 18:13:35.112 31505 31505 D InputMethodManager: getNavigationBarColor() -855310
02-06 18:13:35.117 31505 31505 D InputMethodManager: prepareNavigationBarInfo() DecorView@cd2569b[LoginActivity]
02-06 18:13:35.117 31505 31505 D InputMethodManager: getNavigationBarColor() -855310
02-06 18:13:35.117 31505 31505 V InputMethodManager: Starting input: tba=com.kyowon.literacy.store ic=null mNaviBarColor -855310 mIsGetNaviBarColorSuccess true , NavVisible : true , NavTrans : false
02-06 18:13:35.117 31505 31505 D InputMethodManager: startInputInner - Id : 0
02-06 18:13:35.117 31505 31505 I InputMethodManager: startInputInner - mService.startInputOrWindowGainedFocus
02-06 18:13:35.120 31505 31505 V MediaPlayerNative: invoke 76
02-06 18:13:35.316 31505  4917 V MediaPlayerNative: message received msg=6, ext1=0, ext2=0
02-06 18:13:35.393 31505  5082 V MediaPlayerNative: message received msg=211, ext1=0, ext2=0
02-06 18:13:35.393 31505  5082 V MediaPlayerNative: message received msg=211, ext1=0, ext2=0
02-06 18:13:35.564 31505 31505 V MediaPlayer-JNI: stop
02-06 18:13:35.564 31505 31505 V MediaPlayerNative: stop
02-06 18:13:35.564 31505  5082 V MediaPlayerNative: message received msg=8, ext1=0, ext2=0
02-06 18:13:35.566 31505  5082 V MediaPlayerNative: message received msg=211, ext1=0, ext2=0
02-06 18:13:35.567 31505 31505 V MediaPlayer: resetDrmState:  mDrmInfo=null mDrmProvisioningThread=null mPrepareDrmInProgress=false mActiveDrmScheme=false
02-06 18:13:35.567 31505 31505 V MediaPlayer: cleanDrmObj: mDrmObj=null mDrmSessionId=null
02-06 18:13:35.567 31505 31505 V MediaPlayer-JNI: release
02-06 18:13:35.567 31505 31505 V MediaPlayerNative: setListener
02-06 18:13:35.567 31505 31505 V MediaPlayerNative: disconnect
02-06 18:13:35.584 31505 31505 V MediaPlayerNative: destructor
02-06 18:13:35.584 31505 31505 V MediaPlayerNative: disconnect
02-06 18:13:35.605 31505 31505 W MediaPlayer: mediaplayer went away with unhandled events
02-06 18:13:35.605 31505 31505 W MediaPlayer: mediaplayer went away with unhandled events
02-06 18:13:35.605 31505 31505 W MediaPlayer: mediaplayer went away with unhandled events
02-06 18:13:35.608 31505 31505 W MediaPlayer: mediaplayer went away with unhandled events
02-06 18:13:35.608 31505 31505 W MediaPlayer: mediaplayer went away with unhandled events
02-06 18:13:35.608 31505 31505 I ViewRootImpl@9ddb888[LoginActivity]: stopped(false) old=false
02-06 18:13:35.610 31505 31505 V MediaPlayer-JNI: native_setup
02-06 18:13:35.610 31505 31505 V MediaPlayerNative: constructor
02-06 18:13:35.610 31505 31505 V MediaPlayerNative: setListener
02-06 18:13:35.619 31505 31505 V MediaPlayer-JNI: setVolume: left 1.000000  right 1.000000
02-06 18:13:35.619 31505 31505 V MediaPlayerNative: MediaPlayer::setVolume(1.000000, 1.000000)
02-06 18:13:35.619 31505 31505 V MediaPlayer-JNI: setAuxEffectSendLevel: level 0.000000
02-06 18:13:35.619 31505 31505 V MediaPlayerNative: MediaPlayer::setAuxEffectSendLevel(0.000000)
02-06 18:13:35.619 31505 31505 V MediaPlayer-JNI: setParameter: key 1400
02-06 18:13:35.619 31505 31505 V MediaPlayerNative: MediaPlayer::setParameter(1400)
02-06 18:13:35.619 31505 31505 V MediaPlayer-JNI: set_session_id(): 9889
02-06 18:13:35.619 31505 31505 V MediaPlayerNative: MediaPlayer::setAudioSessionId(9889)
02-06 18:13:35.619 31505 31505 V MediaPlayer-JNI: setDataSourceFD: fd 78
02-06 18:13:35.619 31505 31505 V MediaPlayerNative: setDataSource(78, 80149264, 611808)
02-06 18:13:35.638 31505 31505 V MediaPlayerNative: setVideoSurfaceTexture
02-06 18:13:35.639 31505 31505 V MediaPlayerNative: prepare
02-06 18:13:35.675 31505  5082 V MediaPlayerNative: message received msg=200, ext1=10973, ext2=0
02-06 18:13:35.675 31505  5082 W MediaPlayerNative: info/warning (10973, 0)
02-06 18:13:35.677 31505  5082 V MediaPlayerNative: message received msg=1, ext1=0, ext2=0
02-06 18:13:35.677 31505  5082 V MediaPlayerNative: MediaPlayer::notify() prepared
02-06 18:13:35.677 31505  5082 V MediaPlayerNative: signal application thread
02-06 18:13:35.677 31505 31505 V MediaPlayerNative: prepare complete - status=0
02-06 18:13:35.683 31505 31505 V MediaPlayerNative: invoke 76
02-06 18:13:35.683 31505 31505 V MediaPlayer-JNI: setLooping: 1
02-06 18:13:35.683 31505 31505 V MediaPlayerNative: MediaPlayer::setLooping
02-06 18:13:35.684 31505 31505 V MediaPlayer-JNI: setVolume: left 0.800000  right 0.800000
02-06 18:13:35.684 31505 31505 V MediaPlayerNative: MediaPlayer::setVolume(0.800000, 0.800000)
02-06 18:13:35.684 31505 31505 V MediaPlayer-JNI: start
02-06 18:13:35.684 31505 31505 V MediaPlayerNative: start
02-06 18:13:35.697 31505 31505 I SurfaceControl: nativeRelease nativeObject s[-5476376619811317664]
02-06 18:13:35.697 31505 31505 I SurfaceControl: nativeRelease nativeObject e[-5476376619811317664]
02-06 18:13:35.698 31505 31505 I SurfaceControl: assignNativeObject: nativeObject = 0 Surface(name=null)/@0xeffd94 / android.view.SurfaceControl.readFromParcel:1117 android.view.IWindowSession$Stub$Proxy.relayout:1820 android.view.ViewRootImpl.relayoutWindow:9005 android.view.ViewRootImpl.performTraversals:3360 android.view.ViewRootImpl.doTraversal:2618 android.view.ViewRootImpl$TraversalRunnable.run:9971 android.view.Choreographer$CallbackRecord.run:1010 android.view.Choreographer.doCallbacks:809 android.view.Choreographer.doFrame:744 android.view.Choreographer$FrameDisplayEventReceiver.run:995 
02-06 18:13:35.698 31505 31505 I SurfaceControl: nativeRelease nativeObject s[-5476376618309964928]
02-06 18:13:35.698 31505 31505 I SurfaceControl: nativeRelease nativeObject e[-5476376618309964928]
02-06 18:13:35.698 31505 31505 I SurfaceControl: nativeRelease nativeObject s[-5476376618202812064]
02-06 18:13:35.698 31505 31505 I SurfaceControl: nativeRelease nativeObject e[-5476376618202812064]
02-06 18:13:35.698 31505 31505 I ViewRootImpl@9ddb888[LoginActivity]: Relayout returned: old=(0,0,2000,1200) new=(0,0,2000,1200) req=(2000,1200)0 dur=8 res=0x1 s={true -5476376619769638912} ch=false fn=346
02-06 18:13:35.706 31505 31505 V MediaPlayerNative: invoke 76
02-06 18:13:35.828 31505  5082 V MediaPlayerNative: message received msg=6, ext1=0, ext2=0
02-06 18:13:35.909 31505 31505 V MediaPlayer-JNI: stop
02-06 18:13:35.909 31505 31505 V MediaPlayerNative: stop
02-06 18:13:35.909 31505  5082 V MediaPlayerNative: message received msg=8, ext1=0, ext2=0
02-06 18:13:35.911 31505 31505 V MediaPlayer: resetDrmState:  mDrmInfo=null mDrmProvisioningThread=null mPrepareDrmInProgress=false mActiveDrmScheme=false
02-06 18:13:35.911 31505 31505 V MediaPlayer: cleanDrmObj: mDrmObj=null mDrmSessionId=null
02-06 18:13:35.911 31505 31505 V MediaPlayer-JNI: release
02-06 18:13:35.911 31505 31505 V MediaPlayerNative: setListener
02-06 18:13:35.911 31505 31505 V MediaPlayerNative: disconnect
02-06 18:13:35.929 31505 31505 V MediaPlayerNative: destructor
02-06 18:13:35.929 31505 31505 V MediaPlayerNative: disconnect
02-06 18:13:36.142 31505 31505 W MediaPlayer: mediaplayer went away with unhandled events
02-06 18:13:36.288 31505 31505 I ViewRootImpl@9ddb888[LoginActivity]: stopped(false) old=false
02-06 18:13:36.290 31505 31505 V MediaPlayer-JNI: native_setup
02-06 18:13:36.290 31505 31505 V MediaPlayerNative: constructor
02-06 18:13:36.290 31505 31505 V MediaPlayerNative: setListener
02-06 18:13:36.299 31505 31505 V MediaPlayer-JNI: setVolume: left 1.000000  right 1.000000
02-06 18:13:36.299 31505 31505 V MediaPlayerNative: MediaPlayer::setVolume(1.000000, 1.000000)
02-06 18:13:36.299 31505 31505 V MediaPlayer-JNI: setAuxEffectSendLevel: level 0.000000
02-06 18:13:36.299 31505 31505 V MediaPlayerNative: MediaPlayer::setAuxEffectSendLevel(0.000000)
02-06 18:13:36.299 31505 31505 V MediaPlayer-JNI: setParameter: key 1400
02-06 18:13:36.299 31505 31505 V MediaPlayerNative: MediaPlayer::setParameter(1400)
02-06 18:13:36.299 31505 31505 V MediaPlayer-JNI: set_session_id(): 9905
02-06 18:13:36.299 31505 31505 V MediaPlayerNative: MediaPlayer::setAudioSessionId(9905)
02-06 18:13:36.299 31505 31505 V MediaPlayer-JNI: setDataSourceFD: fd 78
02-06 18:13:36.299 31505 31505 V MediaPlayerNative: setDataSource(78, 80149264, 611808)
02-06 18:13:36.310 31505 31505 V MediaPlayerNative: setVideoSurfaceTexture
02-06 18:13:36.310 31505 31505 V MediaPlayerNative: prepare
02-06 18:13:36.342 31505  4558 V MediaPlayerNative: message received msg=200, ext1=10973, ext2=0
02-06 18:13:36.342 31505  4558 W MediaPlayerNative: info/warning (10973, 0)
02-06 18:13:36.346 31505  4558 V MediaPlayerNative: message received msg=1, ext1=0, ext2=0
02-06 18:13:36.347 31505  4558 V MediaPlayerNative: MediaPlayer::notify() prepared
02-06 18:13:36.347 31505  4558 V MediaPlayerNative: signal application thread
02-06 18:13:36.347 31505 31505 V MediaPlayerNative: prepare complete - status=0
02-06 18:13:36.349 31505 31505 V MediaPlayerNative: invoke 76
02-06 18:13:36.350 31505 31505 V MediaPlayer-JNI: setLooping: 1
02-06 18:13:36.350 31505 31505 V MediaPlayerNative: MediaPlayer::setLooping
02-06 18:13:36.351 31505 31505 V MediaPlayer-JNI: setVolume: left 0.800000  right 0.800000
02-06 18:13:36.351 31505 31505 V MediaPlayerNative: MediaPlayer::setVolume(0.800000, 0.800000)
02-06 18:13:36.351 31505 31505 V MediaPlayer-JNI: start
02-06 18:13:36.351 31505 31505 V MediaPlayerNative: start
02-06 18:13:36.365 31505 31505 V MediaPlayerNative: invoke 76
02-06 18:13:36.527 31505  4558 V MediaPlayerNative: message received msg=6, ext1=0, ext2=0
02-06 18:13:36.617 31505  4558 V MediaPlayerNative: message received msg=211, ext1=0, ext2=0
02-06 18:13:36.617 31505  4558 V MediaPlayerNative: message received msg=211, ext1=0, ext2=0
02-06 18:13:36.628 31505 31505 V MediaPlayer-JNI: getCurrentPosition: 64 (msec)
02-06 18:13:37.261 31505 31505 V MediaPlayer-JNI: stop
02-06 18:13:37.261 31505 31505 V MediaPlayerNative: stop
02-06 18:13:37.261 31505  4917 V MediaPlayerNative: message received msg=8, ext1=0, ext2=0
02-06 18:13:37.261 31505  4917 V MediaPlayerNative: message received msg=211, ext1=0, ext2=0
02-06 18:13:37.263 31505 31505 V MediaPlayer: resetDrmState:  mDrmInfo=null mDrmProvisioningThread=null mPrepareDrmInProgress=false mActiveDrmScheme=false
02-06 18:13:37.263 31505 31505 V MediaPlayer: cleanDrmObj: mDrmObj=null mDrmSessionId=null
02-06 18:13:37.263 31505 31505 V MediaPlayer-JNI: release
02-06 18:13:37.263 31505 31505 V MediaPlayerNative: setListener
02-06 18:13:37.263 31505 31505 V MediaPlayerNative: disconnect
02-06 18:13:37.277 31505 31505 V MediaPlayerNative: destructor
02-06 18:13:37.277 31505 31505 V MediaPlayerNative: disconnect
02-06 18:13:37.309 31505 31505 W MediaPlayer: mediaplayer went away with unhandled events
02-06 18:13:37.309 31505 31505 W MediaPlayer: mediaplayer went away with unhandled events
02-06 18:13:37.437 31505 31505 I ViewRootImpl@9ddb888[LoginActivity]: MSG_WINDOW_FOCUS_CHANGED 0 1
02-06 18:13:37.690 31505 31505 I ViewRootImpl@9ddb888[LoginActivity]: stopped(false) old=false
02-06 18:13:37.693 31505 31505 V MediaPlayer-JNI: native_setup
02-06 18:13:37.693 31505 31505 V MediaPlayerNative: constructor
02-06 18:13:37.694 31505 31505 V MediaPlayerNative: setListener
02-06 18:13:37.700 31505 31505 V MediaPlayer-JNI: setVolume: left 1.000000  right 1.000000
02-06 18:13:37.700 31505 31505 V MediaPlayerNative: MediaPlayer::setVolume(1.000000, 1.000000)
02-06 18:13:37.700 31505 31505 V MediaPlayer-JNI: setAuxEffectSendLevel: level 0.000000
02-06 18:13:37.700 31505 31505 V MediaPlayerNative: MediaPlayer::setAuxEffectSendLevel(0.000000)
02-06 18:13:37.700 31505 31505 V MediaPlayer-JNI: setParameter: key 1400
02-06 18:13:37.700 31505 31505 V MediaPlayerNative: MediaPlayer::setParameter(1400)
02-06 18:13:37.700 31505 31505 V MediaPlayer-JNI: set_session_id(): 9921
02-06 18:13:37.700 31505 31505 V MediaPlayerNative: MediaPlayer::setAudioSessionId(9921)
02-06 18:13:37.701 31505 31505 V MediaPlayer-JNI: setDataSourceFD: fd 78
02-06 18:13:37.701 31505 31505 V MediaPlayerNative: setDataSource(78, 80149264, 611808)
02-06 18:13:37.719 31505 31505 V MediaPlayerNative: setVideoSurfaceTexture
02-06 18:13:37.719 31505 31505 V MediaPlayerNative: prepare
