02-06 18:11:25.138  3012  3062 I SurfaceControl: nativeRelease nativeObject s[-5476376620415911776]
02-06 18:11:25.138  3012  3062 I SurfaceControl: nativeRelease nativeObject e[-5476376620415911776]
02-06 18:11:25.138  3012  3062 I SurfaceControl: nativeRelease nativeObject s[-5476376620415596032]
02-06 18:11:25.138  3012  3062 I SurfaceControl: nativeRelease nativeObject e[-5476376620415596032]
02-06 18:11:25.139  3012  3062 I SemDvfsHyPerManager: acquire hyper - AMS_RESUME_TAIL/3012@21, type = -999
02-06 18:11:25.139  3012  3062 I SemDvfsHyPerManager: acquire hyper - AMS_ACT_LAZY/3012@22, type = -999
02-06 18:11:25.139  2594  2614 I HYPER-HAL: [RequestManager.cpp]acquire(): Acquired ID : 4601082  [3012 / 21]    HINT : AMS_RESUME_TAIL    list : 
02-06 18:11:25.139  2588 27327 I MediaClock: getMediaTime_l - mAnchorTimeRealUs is '-1'
02-06 18:11:25.139  3012  3062 D ActivityManagerPerformance: AMP_acquire() TAIL
02-06 18:11:25.140  3012  3062 D ActivityManagerPerformance: AMP_release() APP_SWITCH
02-06 18:11:25.140  2594  2614 I HYPER-HAL: [ResourceManager.cpp]updateResource(): [CPULittleMinFreq] UpdateResource Request ID : 4601082    Value : 1017600
02-06 18:11:25.141  3012  3062 D ActivityTaskManager: finishFixedRotationTransform, r=ActivityRecord{5b5ea2d u0 com.kyowon.literacy.store/com.kyowon.literacy.ui.login.activity.LoginActivity t3538}, caller=com.android.server.wm.WindowToken.finishFixedRotationTransform:664 com.android.server.wm.DisplayContent$FixedRotationTransitionListener.onAppTransitionFinishedLocked:7026 com.android.server.wm.AppTransition.notifyAppTransitionFinishedLocked:543 com.android.server.wm.ActivityRecord.onAnimationFinished:7164 com.android.server.wm.-$$Lambda$dwJG8BAnLlvKNGuDY9U3-haNY4M.onAnimationFinished:2 
02-06 18:11:25.142  2588 27327 I MediaClock: getMediaTime_l - mAnchorTimeRealUs is '-1'
02-06 18:11:25.142  3905  3905 W id.app.launche: Long monitor contention with owner launcher-loader (3956) at android.view.Display android.app.ResourcesManager.getAdjustedDisplay(int, android.view.DisplayAdjustments)(ResourcesManager.java:369) waiters=0 in java.util.ArrayList android.app.ActivityThread.collectComponentCallbacks(boolean, android.content.res.Configuration) for 512ms
02-06 18:11:25.143  2594  2614 I HYPER-HAL: [ResourceManager.cpp]updateResource(): [CPUMinFreq] UpdateResource Request ID : 4601082    Value : 1401600
02-06 18:11:25.144  3012  4289 E libprocessgroup: Failed to write 'THAWED' to /dev/freezer/olaf/freezer.state: No such file or directory
02-06 18:11:25.144  3012  4289 W libprocessgroup: Failed to apply DoNothingOlaf task profile: No such file or directory
02-06 18:11:25.144  2594  2614 I HYPER-HAL: [RequestManager.cpp]acquire(): Acquired ID : 4604117  [3012 / 22]    HINT : AMS_ACT_LAZY    list : 
02-06 18:11:25.145  2594  2614 I HYPER-HAL: [ResourceManager.cpp]removeResource(): [CPULittleMinFreq] RemoveResource Request ID : 4598048
02-06 18:11:25.146  2594  2614 I HYPER-HAL: [ResourceManager.cpp]removeResource(): [CPUMinFreq] RemoveResource Request ID : 4598048
02-06 18:11:25.147   862  2572 I Layer   : id=109547 removeFromCurrentState Dim Layer for - Task=3538 - animating-dim#0 (62)
02-06 18:11:25.147   862  2572 I Layer   : id=109546 removeFromCurrentState Surface(name=ActivityRecord{438ce9f u0 com.kyowon.literacy.store/com.kyowon.literacy.ui.intro.activity.IntroActivity t3538})/@0x6d2d458 - animation-leash#0 (62)
02-06 18:11:25.147   862  2572 I Layer   : id=109549 removeFromCurrentState Surface(name=ActivityRecord{438ce9f u0 com.kyowon.literacy.store/com.kyowon.literacy.ui.intro.activity.IntroActivity t3538})/@0x6d2d458 - animation-bounds#0 (62)
02-06 18:11:25.147   862  2572 I Layer   : id=109550 removeFromCurrentState Surface(name=ActivityRecord{5b5ea2d u0 com.kyowon.literacy.store/com.kyowon.literacy.ui.login.activity.LoginActivity t3538})/@0x8e71e5c - animation-leash#0 (62)
02-06 18:11:25.147   862  2572 I Layer   : id=109551 removeFromCurrentState Surface(name=ActivityRecord{5b5ea2d u0 com.kyowon.literacy.store/com.kyowon.literacy.ui.login.activity.LoginActivity t3538})/@0x8e71e5c - animation-bounds#0 (62)
02-06 18:11:25.147  2594  2614 I HYPER-HAL: [RequestManager.cpp]releaseLocked(): Released ID : 4598048
02-06 18:11:25.149 14118 14118 V MediaPlayer-JNI: stop
02-06 18:11:25.149 14118 14118 V MediaPlayerNative: stop
02-06 18:11:25.149  2588 15318 V MediaPlayerService: [265] stop
02-06 18:11:25.149  2588 15318 D NuPlayerDriver: stop(0xf6f4e600)
02-06 18:11:25.149  2588 15318 V MediaPlayerService: [265] notify (8, 0, 0)
02-06 18:11:25.149  2588 27309 V NuPlayer: updatePlaybackTimer(stop)  time      800431928228718 (onPause)
02-06 18:11:25.149  2588 27309 V NuPlayer: updatePlaybackTimer()  log             227442761
02-06 18:11:25.149  2588 27309 I GenericSource: pause
02-06 18:11:25.149 14118 26820 V MediaPlayerNative: message received msg=8, ext1=0, ext2=0
02-06 18:11:25.149  2588 27311 I GenericSource: kWhatPause
02-06 18:11:25.150 14118 14118 V MediaPlayer: resetDrmState:  mDrmInfo=null mDrmProvisioningThread=null mPrepareDrmInProgress=false mActiveDrmScheme=false
02-06 18:11:25.150 14118 14118 V MediaPlayer: cleanDrmObj: mDrmObj=null mDrmSessionId=null
02-06 18:11:25.150 14118 14118 V MediaPlayer-JNI: release
02-06 18:11:25.150 14118 14118 V MediaPlayerNative: setListener
02-06 18:11:25.150 14118 14118 V MediaPlayerNative: disconnect
02-06 18:11:25.150 27297 27297 I AndroidRuntime: Using default boot image
02-06 18:11:25.150 27297 27297 I AndroidRuntime: Leaving lock profiling enabled
02-06 18:11:25.150  2588 15318 V MediaPlayerService: disconnect(265) from pid 14118
02-06 18:11:25.150  2588 15318 D NuPlayerDriver: reset(0xf6f4e600) at state 8
02-06 18:11:25.150  2588 15318 V NuPlayerDriver: updateMetrics(0xf6f4e600) from reset at state 8
02-06 18:11:25.150  2588 15318 V NuPlayer: updateInternalTimers()
02-06 18:11:25.150  2588 15318 V NuPlayer: updatePlaybackTimer(snap)  time                    0 (updateInternalTimers)
02-06 18:11:25.150  2588 15318 V NuPlayer: updateRebufferingTimer(snap)  time                    0 (exiting 0)
02-06 18:11:25.150  2588 15318 V NuPlayerDriver: logMetrics(0xf6f4e600) from reset at state 8
02-06 18:11:25.150  2588 27309 V NuPlayer: kWhatReset
02-06 18:11:25.150  2588 27309 V NuPlayer: setDecoderBooster enable = No
02-06 18:11:25.151  2588 27309 V NuPlayer: updatePlaybackTimer(stop)  time                    0 (kWhatReset)
02-06 18:11:25.151  2588 27309 V NuPlayer: updateRebufferingTimer(stop)  time                    0 (exiting 1)
02-06 18:11:25.151  2588 27309 V NuPlayer: performDecoderFlush audio=2, video=2
02-06 18:11:25.151  2588 27309 V NuPlayer: [audio] flushDecoder needShutdown=1
02-06 18:11:25.151  2588 27309 V NuPlayer: postponing action mFlushingAudio=2, mFlushingVideo=0
02-06 18:11:25.151 27297 27297 D SecNativeFeatureCppIf: encoded
02-06 18:11:25.151  2588 27328 I NuPlayerRenderer: flush audio, notifyComplete 1, shutdown Yes
02-06 18:11:25.151 27297 27297 D SecNativeFeatureCppIf: decoding and unzip finish
02-06 18:11:25.151 27297 27297 D SecNativeFeatureCppIf: use unCompDataBuff. encoded
02-06 18:11:25.151  3012  3012 D MediaSessionService: Audio playback is changed, config=AudioPlaybackConfiguration piid:2439 type:android.media.MediaPlayer u/pid:10584/14118 state:stopped attr:AudioAttributes: usage=USAGE_UNKNOWN content=CONTENT_TYPE_UNKNOWN flags=0x800 tags= bundle=null, removed=false
02-06 18:11:25.152  3012  3012 D MediaSessionStack: updateMediaButtonSessionIfNeeded, callers=com.android.server.media.MediaSessionService.lambda$onStart$0$MediaSessionService:214 com.android.server.media.-$$Lambda$MediaSessionService$za_9dlUSlnaiZw6eCdPVEZq0XLw.onAudioPlayerActiveStateChanged:2 
02-06 18:11:25.152  3012  3012 D MediaSessionStack: updateMediaButtonSessionIfNeeded, skipping uid=10584
02-06 18:11:25.152  3012  3012 D MediaSessionStack: updateMediaButtonSessionIfNeeded, skipping uid=10099
02-06 18:11:25.152  2588 27328 D NuPlayerRenderer: signalTimeDiscontinuity() mHasAudio = 1 , mHasVideo = 0
02-06 18:11:25.152  2588 27327 I NuPlayerRenderer: kWhatPollingAudioStarted generation is not matched generation : 0, mAudioDrainGeneration : 1
02-06 18:11:25.153  2588 27327 I NuPlayerRenderer: onPause
02-06 18:11:25.153  2588 27329 I CCodec  : state->set(FLUSHING)
02-06 18:11:25.153  2588 27327 I MediaClock: setPlaybackRate rate : 0.000000
02-06 18:11:25.153  2588 27327 V AudioSink: pause
02-06 18:11:25.153  2588 27327 I NuPlayerRenderer: flushing audio
02-06 18:11:25.153  2588 27327 I NuPlayerRenderer: onFlush mAudioDrainGeneration : 2
02-06 18:11:25.153  2588 27327 V AudioSink: flush
02-06 18:11:25.153  2588 27327 V AudioSink: stop
02-06 18:11:25.154  2588 27309 V NuPlayer: renderer audio flush completed.
02-06 18:11:25.154  2588 27329 I CCodec  : state->set(FLUSHED)
02-06 18:11:25.154  2588 27329 D CCodecBuffers: [c2.sec.mp3.decoder#643:1D-Output.Impl[N]] Client returned a buffer it does not own according to our record: 0
02-06 18:11:25.154  2588 27329 D CCodecBuffers: [c2.sec.mp3.decoder#643:1D-Output.Impl[N]] Client returned a buffer it does not own according to our record: 1
02-06 18:11:25.154  2588 27329 D CCodecBuffers: [c2.sec.mp3.decoder#643:1D-Output.Impl[N]] Client returned a buffer it does not own according to our record: 2
02-06 18:11:25.154  2588 27309 V NuPlayer: decoder audio flush completed
02-06 18:11:25.154  2588 27309 V NuPlayer: initiating audio decoder shutdown
02-06 18:11:25.154  2588 27329 I CCodec  : state->set(RELEASING)
02-06 18:11:25.154 27297 27297 D SecNativeFeatureCppIf: Free unCompDataBuff
02-06 18:11:25.155 27297 27297 D SecNativeFeatureCppIf: encoded
02-06 18:11:25.155  2588 27347 I CCodec  : [c2.sec.mp3.decoder] release(1)
02-06 18:11:25.155 27297 27297 D SecNativeFeatureCppIf: decoding and unzip finish
02-06 18:11:25.155 27297 27297 D SecNativeFeatureCppIf: use unCompDataBuff. encoded
02-06 18:11:25.155   862  1519 I SurfaceFlinger: id=109547 Removed Dim Layer for - Task=3538 - animating-dim#0 (62)
02-06 18:11:25.155   862  1519 I SurfaceFlinger: id=109549 Removed Surface(name=ActivityRecord{438ce9f u0 com.kyowon.literacy.store/com.kyowon.literacy.ui.intro.activity.IntroActivity t3538})/@0x6d2d458 - animation-bounds#0 (62)
02-06 18:11:25.155   862  1520 I SurfaceFlinger: id=109551 Removed Surface(name=ActivityRecord{5b5ea2d u0 com.kyowon.literacy.store/com.kyowon.literacy.ui.login.activity.LoginActivity t3538})/@0x8e71e5c - animation-bounds#0 (62)
02-06 18:11:25.156 27297 27297 D SecNativeFeatureCppIf: Free unCompDataBuff
02-06 18:11:25.156 27297 27297 D AndroidRuntime: addProductProperty: pBrand1 is not null
02-06 18:11:25.156 27297 27297 D AndroidRuntime: addProductProperty: not brand or 7
02-06 18:11:25.158  2588 27327 I NuPlayerRenderer: kWhatPollingAudioStarted, mPaused status
02-06 18:11:25.158  2588 27347 I CCodec  : state->set(RELEASED)
02-06 18:11:25.159  2588 27329 I MediaCodec: Codec shutdown complete
02-06 18:11:25.160  2588 27328 I NuPlayerDecoder: onShutdown notifyComplete : Yes
02-06 18:11:25.160  2588 27309 V NuPlayer: audio shutdown completed
02-06 18:11:25.161  2588 27309 V NuPlayer: both audio and video are flushed now.
02-06 18:11:25.161  2588 27309 V NuPlayer: performReset
02-06 18:11:25.161  2588 27309 V NuPlayer: updatePlaybackTimer(stop)  time                    0 (performReset)
02-06 18:11:25.161  2588 27309 V NuPlayer: updateRebufferingTimer(stop)  time                    0 (exiting 1)
02-06 18:11:25.162  1093 23194 I hw-BpHwBinder: onLastStrongRef automatically unlinking death recipients
02-06 18:11:25.162 27274 27274 I SoundAliveApplication: onCreate()
02-06 18:11:25.162 27274 27274 I SoundAliveApplication: getApplicationContext()
02-06 18:11:25.162 27274 27274 I SoundAliveApplication: Build.VERSION.SDK_INT : 30
02-06 18:11:25.162 27274 27274 I SoundAliveApplication: Build.VERSION.SEM_PLATFORM_INT : 120100
02-06 18:11:25.162 27274 27274 I SoundAliveApplication: The supported Features are : spk_stereo
02-06 18:11:25.162 27274 27274 I SoundAliveApplication: Is EQ Support : false
02-06 18:11:25.162 27274 27274 I SoundAliveApplication: Is UHQ Switch Support : false
02-06 18:11:25.162 27274 27274 I SoundAliveApplication: Is UHQ Level Support : false
02-06 18:11:25.162 27274 27274 I SoundAliveApplication: Is Karaoke Support : false
02-06 18:11:25.162 27274 27274 I SoundAliveApplication: Is TubeAmp Support : false
02-06 18:11:25.162 27274 27274 I SoundAliveApplication: Is Concert Hall Support : false
02-06 18:11:25.162 27274 27274 I SoundAliveApplication: Is AdaptSound Support : false
02-06 18:11:25.162 27274 27274 I SoundAliveApplication: Is UHQ Upscaler Support : false
02-06 18:11:25.162 27274 27274 I SoundAliveApplication: Is UHQ Default set : false
02-06 18:11:25.163  1093 23194 I C2SecMp3Dec: in DestroyCodec2Factory
02-06 18:11:25.164  2588 27309 D NuPlayerDriver: notifyResetComplete(0xf6f4e600)
02-06 18:11:25.165  2588 15318 V NuPlayerDriver: ~NuPlayerDriver(0xf6f4e600)
02-06 18:11:25.165  2588 15318 V NuPlayerDriver: updateMetrics(0xf6f4e600) from destructor at state 0
02-06 18:11:25.165  2588 15318 V NuPlayer: updateInternalTimers()
02-06 18:11:25.165  2588 15318 V NuPlayer: updatePlaybackTimer(snap)  time                    0 (updateInternalTimers)
02-06 18:11:25.165  2588 15318 V NuPlayer: updateRebufferingTimer(snap)  time                    0 (exiting 0)
02-06 18:11:25.165  2588 15318 V NuPlayerDriver: logMetrics(0xf6f4e600) from destructor at state 0
02-06 18:11:25.165  2588 15318 V NuPlayerDriver: nothing to record (only 3 fields)
02-06 18:11:25.165  2588 15318 W AMessage: failed to post message as target looper for handler 0 is gone.
02-06 18:11:25.165 14118 14118 V MediaPlayerNative: destructor
02-06 18:11:25.166  2588 15318 V MediaPlayerService: Client(265) destructor pid = 14118
02-06 18:11:25.166  2588 27347 I hw-BpHwBinder: onLastStrongRef automatically unlinking death recipients
02-06 18:11:25.166  2588 15318 V AudioSink: +++ close
02-06 18:11:25.166  2588 15318 V AudioSink: --- close
02-06 18:11:25.166 27274 27291 I SAContentProvider: Player/Screen Callback in R OS
02-06 18:11:25.166 14118 14118 V MediaPlayerNative: disconnect
02-06 18:11:25.167  2588 15318 E AudioSystem: invalid attributes { Content type: AUDIO_CONTENT_TYPE_UNKNOWN Usage: AUDIO_USAGE_UNKNOWN Source: -1 Flags: 0x800 Tags:  } when converting to stream
02-06 18:11:25.168  2588 15318 V MediaPlayerService: disconnect(265) from pid 14118
02-06 18:11:25.168  3012  3934 D MARsPolicyManager: onPackageResumedFG pkgName = com.netease.open.pocoservice, userId = 0
02-06 18:11:25.169  3012  3934 I SemDvfsHyPerManager: acquire hyper - AMS_ACT_RESUME/3012@35, type = -999
02-06 18:11:25.169  3012  3934 D ActivityManagerPerformance: AMP_acquire() ACT_RESUME
02-06 18:11:25.169  2594  2614 I HYPER-HAL: [RequestManager.cpp]acquire(): Acquired ID : 4643663  [3012 / 35]    HINT : AMS_ACT_RESUME    list : 
02-06 18:11:25.169  3012  3934 V WindowManager: Prepare app transition: transit=TRANSIT_TASK_OPEN mNextAppTransition=TRANSIT_TASK_OPEN alwaysKeepCurrent=false displayId=0 Callers=com.android.server.wm.DisplayContent.prepareAppTransition:5809 com.android.server.wm.DisplayContent.prepareAppTransition:5803 com.android.server.wm.ActivityStack.resumeTopActivityInnerLocked:2255 com.android.server.wm.ActivityStack.resumeTopActivityUncheckedLocked:1873 com.android.server.wm.RootWindowContainer.resumeFocusedStacksTopActivities:2677 
02-06 18:11:25.170  3012  3934 V WindowManager: rotationForOrientation(orient=SCREEN_ORIENTATION_LANDSCAPE (0), last=ROTATION_90 (1)); user=ROTATION_0 (0) 
02-06 18:11:25.170  3012  3934 D WindowManager: rotationForOrientation, orientationSource=ActivityRecord{5b5ea2d u0 com.kyowon.literacy.store/com.kyowon.literacy.ui.login.activity.LoginActivity t3538}
02-06 18:11:25.170  3012  3934 V WindowOrientationListener: getProposedRotation: 1
02-06 18:11:25.170  3012  3934 V WindowManager: Computed rotation=ROTATION_90 (1) for display id=0 based on lastOrientation=SCREEN_ORIENTATION_LANDSCAPE (0) and oldRotation=ROTATION_90 (1), caller=com.android.server.wm.DisplayRotation.updateOrientation:394 com.android.server.wm.DisplayContent.updateOrientation:1698 com.android.server.wm.DisplayContent.updateOrientation:1626 com.android.server.wm.RootWindowContainer.ensureVisibilityAndConfig:2164 com.android.server.wm.ActivityStackSupervisor.realStartActivityLocked:926 com.android.server.wm.ActivityStackSupervisor.startSpecificActivity:1241 
02-06 18:11:25.171  3012  3934 D TspStateManager: updateCustomValue customSetting=
02-06 18:11:25.171  3012  3934 D TspStateManager: updateCustomValue customSetting=
02-06 18:11:25.172  3012  3934 D PkgDataHelper: notifyAppCreate(), pkgName: com.netease.open.pocoservice, sendRet: true
02-06 18:11:25.173  3012  3220 D GameManagerService: onLooperPrepared(), msg: MSG_APP_CREATE, pkgName: com.netease.open.pocoservice
02-06 18:11:25.173  3012  3934 D InputDispatcher: Focused application set to (0): 4d8059a
02-06 18:11:25.174  3012  3934 V WindowManager: Changing focus from Window{7bf8cb3 u0 com.kyowon.literacy.store/com.kyowon.literacy.ui.login.activity.LoginActivity} to null displayId=0 Callers=com.android.server.wm.RootWindowContainer.updateFocusedWindowLocked:566 com.android.server.wm.WindowManagerService.updateFocusedWindowLocked:6311 com.android.server.wm.DisplayContent.setFocusedApp:6776 com.android.server.wm.ActivityTaskManagerService.setResumedActivityUncheckLocked:6725 
02-06 18:11:25.175  3012  3934 D StatusBarManagerService: notifyRequestedSystemKey recent=false home=false
02-06 18:11:25.176  3012  3934 D GameManagerService: TaskStackListener.onTaskFocusChanged(), taskId=3548, focused=true
02-06 18:11:25.177  3012  3220 D GameManagerService: onLooperPrepared(), msg: MSG_TASK_FOCUSED, focusedComponent: ComponentInfo{com.netease.open.pocoservice/com.netease.open.pocoservice.TestActivity}
02-06 18:11:25.177  3012  3220 D GameManagerService: handleTaskFocused().
02-06 18:11:25.177  3012  3220 D GameManagerService: sendFocusOutConditionally() - mPrevNotiPackage: (unknown)
02-06 18:11:25.177  3012  3220 D GameManagerService:   handleTaskFocused(), pkgName: com.netease.open.pocoservice, clsName: com.netease.open.pocoservice.TestActivity, userID:0
02-06 18:11:25.177  3012  3220 D GameManagerService: handleResume().
02-06 18:11:25.177  3012  3220 D GameManagerService: sendFocusOutConditionally() - mPrevNotiPackage: (unknown)
02-06 18:11:25.177  3012  3220 D GameManagerService:   handleResume(). pkgName: com.netease.open.pocoservice, isTunableApp: null
02-06 18:11:25.177  3012  3220 D GameManagerService: notifyFocusInOut(). of pkg: com.netease.open.pocoservice, type: 4, isMinimized: false, isTunableApp: false
02-06 18:11:25.177  3012  3220 D GameManagerService:   notifyFocusInOut(). unexpected mPrevNotiType: -1
02-06 18:11:25.177  3012  3934 D MARsPolicyManager: onPackageResumedFG pkgName = com.netease.open.pocoservice, userId = 0
02-06 18:11:25.178  3012  3220 D GameManagerService:NetworkLimit: callRelease
02-06 18:11:25.178  3012  3220 D GM:SystemHelper: callReleaseBlock needReleaseBlock:false
02-06 18:11:25.179  3012  3934 W WindowManager: Execute app transition: mNextAppTransition=TRANSIT_TASK_OPEN, displayId: 0 Callers=com.android.server.wm.RootWindowContainer.executeAppTransitionForAllDisplay:2598 com.android.server.wm.ActivityStackSupervisor.reportResumedActivityLocked:2267 com.android.server.wm.ActivityRecord.completeResumeLocked:5710 com.android.server.wm.ActivityStack.minimalResumeActivityLocked:1225 com.android.server.wm.ActivityStackSupervisor.realStartActivityLocked:1154 
02-06 18:11:25.183  3012  7227 V ActivityManager: Changed top to 10499,ProcessRecord{122e23a 27313:com.netease.open.pocoservice/u0a499}
02-06 18:11:25.185 14118 14118 W MediaPlayer: mediaplayer went away with unhandled events
02-06 18:11:25.185 14118 14118 W MediaPlayer: mediaplayer went away with unhandled events
02-06 18:11:25.185   862   862 I Layer   : id=109548[1] Destroyed Surface(name=Dim Layer for - Task=3538 - animating-dim)/@0x9b5c1d7 - animation-leash#0
02-06 18:11:25.185   862   862 I Layer   : id=109549[1] Destroyed Surface(name=ActivityRecord{438ce9f u0 com.kyowon.literacy.store/com.kyowon.literacy.ui.intro.activity.IntroActivity t3538})/@0x6d2d458 - animation-bounds#0
02-06 18:11:25.185   862   862 I Layer   : id=109551[1] Destroyed Surface(name=ActivityRecord{5b5ea2d u0 com.kyowon.literacy.store/com.kyowon.literacy.ui.login.activity.LoginActivity t3538})/@0x8e71e5c - animation-bounds#0
02-06 18:11:25.187   862   925 I SurfaceFlinger: id=109550 Removed Surface(name=ActivityRecord{5b5ea2d u0 com.kyowon.literacy.store/com.kyowon.literacy.ui.login.activity.LoginActivity t3538})/@0x8e71e5c - animation-leash#0 (59)
02-06 18:11:25.187   862   925 I SurfaceFlinger: id=109546 Removed Surface(name=ActivityRecord{438ce9f u0 com.kyowon.literacy.store/com.kyowon.literacy.ui.intro.activity.IntroActivity t3538})/@0x6d2d458 - animation-leash#0 (59)
02-06 18:11:25.188   862   862 I Layer   : id=109547[1] Destroyed Dim Layer for - Task=3538 - animating-dim#0
02-06 18:11:25.193  2594  2614 I HYPER-HAL: [ResourceManager.cpp]updateResource(): [CPUMinFreq] UpdateResource Request ID : 4643663    Value : 1401600
02-06 18:11:25.232  2586 20376 D DlbDap2Process: setParam(preg = #1[-2080])
02-06 18:11:25.234  2586  2703 I HiddenSound: unregisterSession : session=8225
02-06 18:11:25.235 27313 27313 D ActivityThread: handleBindApplication()++ app=com.netease.open.pocoservice
02-06 18:11:25.237  2586  2703 I AudioPolicyEffectException: clearEffectReference_l after clear size 0
02-06 18:11:25.237  2583  7034 W MySpaceEffect: MySpaceEffect_setEnabled() MySpace is already disabled
02-06 18:11:25.237  2583  7034 D MySpaceEffect: EffectRelease : All effects are no longer instantiated
02-06 18:11:25.237  2583  7034 D MySpace : MySpace::Close 
02-06 18:11:25.237  2583  7034 D MySpaceEffect: MySpaceEffect::~MySpaceEffect 
02-06 18:11:25.238  2583  7034 D MySpace : MySpace::~MySpace() -
02-06 18:11:25.239  2586  2703 V APM_AudioPolicyManager: stopOutput portId 803
02-06 18:11:25.239  2586  2703 V APM_AudioPolicyManager: stopOutput() output 53, stream 3, session 8225
02-06 18:11:25.239  2586  2703 V APM_AudioPolicyManager: setBeaconMute(1) mBeaconMuteRefCount=0 mBeaconPlayingRefCount=0
02-06 18:11:25.239  2586  2703 V APM_AudioPolicyManager: getNewOutputDevices selected devices AUDIO_DEVICE_NONE
02-06 18:11:25.239  2586  2703 V APM_AudioPolicyManager: setOutputDevices device AUDIO_DEVICE_NONE delayMs 170
02-06 18:11:25.239  2586  2703 V APM_AudioPolicyManager: setOutputDevices() prevDevice {type:0x8000,@:0}
02-06 18:11:25.241  2586  2703 V APM_AudioPolicyManager: setOutputDevices setting same device AUDIO_DEVICE_NONE or null device, force=0, patch handle=392
02-06 18:11:25.242  2586  2703 W APM::AudioPolicyEngine: getDevicesForStrategy() unknown strategy: -1
02-06 18:11:25.242  2586  2703 W APM::AudioPolicyEngine: getDevicesForStrategy() unknown strategy: -1
02-06 18:11:25.242  2586  2703 V APM_AudioPolicyManager: selectOutputForMusicEffects selected output 53
02-06 18:11:25.242  2586  2703 V APM_AudioPolicyManager: releaseOutput portId 803
02-06 18:11:25.242  2586  2703 V APM_AudioPolicyManager: releaseOutput() 53
02-06 18:11:25.244  3012  7309 I system_server: oneway function results will be dropped but finished with status OK and parcel size 4
02-06 18:11:25.249   862   862 D SurfaceFlinger: Display 19260469778534273 HWC layers:
02-06 18:11:25.249   862   862 D SurfaceFlinger:      DEVICE | 0xb400007ac04d1f60 | 0002 | RGBA_8888    |    0.0    0.0 1200.0 2000.0 |    0    0 1200 2000 | com.kyowon.literacy.store/com.kyowon[...]ogin.activity.LoginActivity$_14118#0
02-06 18:11:25.249   862   862 D SurfaceFlinger:      DEVICE | 0xb400007ac04d0fa0 | 0008 | RGBA_8888    |    0.0    0.0 1200.0 2000.0 |    0    0 1200 2000 | $_3435#0
02-06 18:11:25.249   862   862 D SurfaceFlinger: 
02-06 18:11:25.250   862   862 I Layer   : id=109546[1] Destroyed Surface(name=ActivityRecord{438ce9f u0 com.kyowon.literacy.store/com.kyowon.literacy.ui.intro.activity.IntroActivity t3538})/@0x6d2d458 - animation-leash#0
02-06 18:11:25.251   862   862 I Layer   : id=109550[1] Destroyed Surface(name=ActivityRecord{5b5ea2d u0 com.kyowon.literacy.store/com.kyowon.literacy.ui.login.activity.LoginActivity t3538})/@0x8e71e5c - animation-leash#0
02-06 18:11:25.252  3012  8461 I InputDispatcher: Focus left window (14118): 7bf8cb3 in display 0 0
02-06 18:11:25.282  3012  7227 I ActivityManager: Changes in 10499 4 to 2, 6 to 7 Caller=com.android.server.am.OomAdjuster.updateOomAdjLockedInner:669 com.android.server.am.OomAdjuster.updateOomAdjLocked:413 com.android.server.am.ActivityManagerService.updateOomAdjLocked:21481 com.android.server.am.ActivityManagerService.removeContentProviderExternalUnchecked:9594 com.android.server.am.ActivityManagerService.lambda$getProviderMimeTypeAsync$2$ActivityManagerService:10030 com.android.server.am.-$$Lambda$ActivityManagerService$1RTSX71dXGfSLfW9TQguqVLK7OE.onResult:8 android.os.RemoteCallback.sendResult:77 
02-06 18:11:25.283  3012  7227 I AppOps  : updateUidProcState uid: 10499 procState: 2 capability:7
02-06 18:11:25.284  3012  3273 W AS.AudioExecutor: Slow 1071 in com.android.server.audio.AudioService.handleCustomMessage:10559
02-06 18:11:25.285  3012  3061 D GameManagerService: notePauseComponent(), received paused-component: com.kyowon.literacy.store
02-06 18:11:25.289 27274 27274 I SoundAliveApplication: resetUnsupportedEffects
02-06 18:11:25.291 27313 27313 W pen.pocoservic: Accessing hidden method Landroid/app/Instrumentation;->execStartActivity(Landroid/content/Context;Landroid/os/IBinder;Landroid/os/IBinder;Landroid/app/Activity;Landroid/content/Intent;ILandroid/os/Bundle;)Landroid/app/Instrumentation$ActivityResult; (greylist, linking, allowed)
02-06 18:11:25.291 27313 27313 W pen.pocoservic: Accessing hidden method Landroid/app/Instrumentation;->execStartActivity(Landroid/content/Context;Landroid/os/IBinder;Landroid/os/IBinder;Ljava/lang/String;Landroid/content/Intent;ILandroid/os/Bundle;)Landroid/app/Instrumentation$ActivityResult; (greylist, linking, allowed)
02-06 18:11:25.297 27274 27274 I SAq     : status_storage : 5
02-06 18:11:25.298 27274 27274 I SAq     : status_user : true
02-06 18:11:25.298 27274 27274 I SAq     : moving to decrypted-storage
02-06 18:11:25.298 27274 27274 I SAq     : moving shared-pref
02-06 18:11:25.301  3012  3323 D PkgPredictorService: com.netease.open.pocoservice go to foreground!
02-06 18:11:25.301  3012  3323 E PkgPredictorService-Collector: record changed bt=1  wifi=1 screen=1
02-06 18:11:25.302  3012  3323 D PkgPredictorService: previous pkgs: com.netease.open.pocoservice,com.netease.open.pocoservice,com.netease.open.pocoservice running pkg: com.netease.open.pocoservice, uid: 0 is system: false
02-06 18:11:25.302  3012  3323 D PkgPredictorService-Collector: save record...
02-06 18:11:25.302  3012  3323 D PkgPredictorService-Collector:  (hour:18 day:6 previous:[com.netease.open.pocoservice, com.netease.open.pocoservice, com.netease.open.pocoservice] activityName:unknown running:com.netease.open.pocoservice userId:0 screenOrientation:1 wifi:1 bt:1 predictTime:1 apkVersion:1.0.0.68 consumeTime:-1 preloaded:false>)
02-06 18:11:25.302  3012  3323 D PkgPredictorService-NapPreloadController: User using: com.netease.open.pocoservice
02-06 18:11:25.302  3012  3323 I PkgPredictorService-NapClassifier: RF predict version:0
02-06 18:11:25.302  3012  3323 D PkgPredictorService-NapClassifier: Predict result: 86.0,2.0,0.0, - [0_&_com.kyowon.literacy.store, 0_&_kr.co.kyowon.launcher, 0_&_com.android.vending]
02-06 18:11:25.304 27313 27313 D LoadedApk: LoadedApk::makeApplication() appContext=android.app.ContextImpl@c24dd86 appContext.mOpPackageName=com.netease.open.pocoservice appContext.mBasePackageName=com.netease.open.pocoservice appContext.mPackageInfo=android.app.LoadedApk@2d55647
02-06 18:11:25.304 27274 27274 I SAq     : PreferencesManager status_storage : 5
02-06 18:11:25.304 27313 27313 D NetworkSecurityConfig: No Network Security Config specified, using platform default
02-06 18:11:25.304 27274 27274 I SAq     : PreferencesManager status_user : true
02-06 18:11:25.307  8119 11148 I FASProvider: makeValuesForFasUpdate contentValues = package_name=com.netease.open.pocoservice extras=0 reason=deleted_from_mars_auto disableReason=deleted_from_mars_auto uid=10499 mode=0 level=1 resetTime=0
02-06 18:11:25.338  3012 14608 I ActivityManager: Failure reporting to instrumentation watcher: comp=ComponentInfo{com.netease.open.pocoservice/androidx.test.runner.AndroidJUnitRunner} results=Bundle[{shortMsg=Process crashed.}]
02-06 18:11:25.345  1093 13961 I OMX-VENC: venc_dev: stats: avg. fps 12.86, bitrate 5321230
02-06 18:11:25.363 27313 27313 D NetworkSecurityConfig: No Network Security Config specified, using platform default
02-06 18:11:25.363 27313 27313 I MonitoringInstr: newApplication called!
02-06 18:11:25.366 27313 27313 I MultiDex: VM with version 2.1.0 has multidex support
02-06 18:11:25.366 27313 27313 I MultiDex: Installing application
02-06 18:11:25.366 27313 27313 I MultiDex: VM has multidex support, MultiDex support library is disabled.
02-06 18:11:25.379  3012  8461 V WindowManager: Relayout Window{2f32472 u0 com.kyowon.literacy.store/com.kyowon.literacy.ui.intro.activity.IntroActivity}: viewVisibility=8 req=2000x1200
02-06 18:11:25.382  3012  8461 V WindowManager: Relayout hash=2f32472, pid=14118: mAttrs={(0,0)(fillxfill) sim={adjust=pan forwardNavigation} ty=BASE_APPLICATION wanim=0x1030304
02-06 18:11:25.382  3012  8461 V WindowManager:   fl=81810580
02-06 18:11:25.382  3012  8461 V WindowManager:   pfl=1a020000
02-06 18:11:25.382  3012  8461 V WindowManager:   apr=LIGHT_NAVIGATION_BARS
02-06 18:11:25.382  3012  8461 V WindowManager:   bhv=SHOW_TRANSIENT_BARS_BY_SWIPE
02-06 18:11:25.382  3012  8461 V WindowManager:   fitSides= naviIconColor=0
02-06 18:11:25.382  3012  8461 V WindowManager:   sfl=100000}
02-06 18:11:25.383 14118 14118 I SurfaceControl: nativeRelease nativeObject s[-5476376618312507872]
02-06 18:11:25.383 14118 14118 I SurfaceControl: nativeRelease nativeObject e[-5476376618312507872]
02-06 18:11:25.384 14118 14118 I SurfaceControl: assignNativeObject: nativeObject = 0 Surface(name=null)/@0xb53e4f0 / android.view.SurfaceControl.readFromParcel:1117 android.view.IWindowSession$Stub$Proxy.relayout:1810 android.view.ViewRootImpl.relayoutWindow:9005 android.view.ViewRootImpl.performTraversals:3360 android.view.ViewRootImpl.doTraversal:2618 android.view.ViewRootImpl$TraversalRunnable.run:9971 android.view.Choreographer$CallbackRecord.run:1010 android.view.Choreographer.doCallbacks:809 android.view.Choreographer.doFrame:744 android.view.Choreographer$FrameDisplayEventReceiver.run:995 
02-06 18:11:25.384 14118 14118 I SurfaceControl: assignNativeObject: nativeObject = 0 Surface(name=null)/@0x1c39782 / android.view.SurfaceControl.readFromParcel:1117 android.view.IWindowSession$Stub$Proxy.relayout:1820 android.view.ViewRootImpl.relayoutWindow:9005 android.view.ViewRootImpl.performTraversals:3360 android.view.ViewRootImpl.doTraversal:2618 android.view.ViewRootImpl$TraversalRunnable.run:9971 android.view.Choreographer$CallbackRecord.run:1010 android.view.Choreographer.doCallbacks:809 android.view.Choreographer.doFrame:744 android.view.Choreographer$FrameDisplayEventReceiver.run:995 
02-06 18:11:25.385 14118 14118 I ViewRootImpl@d1a8d2a[IntroActivity]: Relayout returned: old=(0,0,2000,1200) new=(0,0,2000,1200) req=(2000,1200)8 dur=5 res=0x5 s={false 0} ch=true fn=47
02-06 18:11:25.394 14118 14118 I ViewRootImpl@5d930a5[LoginActivity]: MSG_WINDOW_FOCUS_CHANGED 0 1
02-06 18:11:25.408  1126 20326 D BufferPoolAccessor2.0: bufferpool2 0xb400007d96b96228 : 4(96000 size) total buffers - 1(24000 size) used buffers - 110167/110174 (recycle/alloc) - 201/110172 (fetch/transfer)
02-06 18:11:25.413  2586 20371 W AudioFlinger: RecordThread: buffer overflow
02-06 18:11:25.414 14118 14118 I ViewRootImpl@d1a8d2a[IntroActivity]: stopped(true) old=false
02-06 18:11:25.471  3012  3059 D SehCodecSolutionService: Update top [com.netease.open.pocoservice]
02-06 18:11:25.476  4438 24457 E AuthPII : [RequestTokenManager] getToken() -> BAD_AUTHENTICATION. App: com.google.android.gms, Service: oauth2:https://www.googleapis.com/auth/plus.me
02-06 18:11:25.476  4438 24457 E AuthPII : bauw: Long live credential not available.
02-06 18:11:25.476  4438 24457 E AuthPII : 	at admt.a(:com.google.android.gms@260235022@26.02.35 (150400-862924022):1351)
02-06 18:11:25.476  4438 24457 E AuthPII : 	at adna.b(:com.google.android.gms@260235022@26.02.35 (150400-862924022):26)
02-06 18:11:25.476  4438 24457 E AuthPII : 	at admy.a(:com.google.android.gms@260235022@26.02.35 (150400-862924022):764)
02-06 18:11:25.476  4438 24457 E AuthPII : 	at acxp.a(:com.google.android.gms@260235022@26.02.35 (150400-862924022):82)
02-06 18:11:25.476  4438 24457 E AuthPII : 	at xdz.d(:com.google.android.gms@260235022@26.02.35 (150400-862924022):312)
02-06 18:11:25.476  4438 24457 E AuthPII : 	at acpy.a(:com.google.android.gms@260235022@26.02.35 (150400-862924022):33)
02-06 18:11:25.476  4438 24457 E AuthPII : 	at acqe.m(:com.google.android.gms@260235022@26.02.35 (150400-862924022):34)
02-06 18:11:25.476  4438 24457 E AuthPII : 	at acqe.o(:com.google.android.gms@260235022@26.02.35 (150400-862924022):64)
02-06 18:11:25.476  4438 24457 E AuthPII : 	at acqe.h(:com.google.android.gms@260235022@26.02.35 (150400-862924022):4)
02-06 18:11:25.476  4438 24457 E AuthPII : 	at acqe.i(:com.google.android.gms@260235022@26.02.35 (150400-862924022):8)
02-06 18:11:25.476  4438 24457 E AuthPII : 	at acqe.f(:com.google.android.gms@260235022@26.02.35 (150400-862924022):21)
02-06 18:11:25.476  4438 24457 E AuthPII : 	at adfd.d(:com.google.android.gms@260235022@26.02.35 (150400-862924022):51)
02-06 18:11:25.476  4438 24457 E AuthPII : 	at azwq.b(:com.google.android.gms@260235022@26.02.35 (150400-862924022):72)
02-06 18:11:25.476  4438 24457 E AuthPII : 	at com.google.android.gms.clearcut.uploader.QosUploaderChimeraService.g(:com.google.android.gms@260235022@26.02.35 (150400-862924022):1564)
02-06 18:11:25.476  4438 24457 E AuthPII : 	at com.google.android.gms.clearcut.uploader.QosUploaderChimeraService.a(:com.google.android.gms@260235022@26.02.35 (150400-862924022):42)
02-06 18:11:25.476  4438 24457 E AuthPII : 	at cnsh.call(:com.google.android.gms@260235022@26.02.35 (150400-862924022):30)
02-06 18:11:25.476  4438 24457 E AuthPII : 	at java.util.concurrent.FutureTask.run(FutureTask.java:266)
02-06 18:11:25.476  4438 24457 E AuthPII : 	at bcbg.c(:com.google.android.gms@260235022@26.02.35 (150400-862924022):50)
02-06 18:11:25.476  4438 24457 E AuthPII : 	at bcbg.run(:com.google.android.gms@260235022@26.02.35 (150400-862924022):92)
02-06 18:11:25.476  4438 24457 E AuthPII : 	at java.util.concurrent.ThreadPoolExecutor.runWorker(ThreadPoolExecutor.java:1167)
02-06 18:11:25.476  4438 24457 E AuthPII : 	at java.util.concurrent.ThreadPoolExecutor$Worker.run(ThreadPoolExecutor.java:641)
02-06 18:11:25.476  4438 24457 E AuthPII : 	at bcgx.run(:com.google.android.gms@260235022@26.02.35 (150400-862924022):8)
02-06 18:11:25.476  4438 24457 E AuthPII : 	at java.lang.Thread.run(Thread.java:923)
02-06 18:11:25.476  4438 24457 E AuthPII : Message is Long live credential not available.
02-06 18:11:25.476  4438 24457 E AuthPII : bauw: Long live credential not available.
02-06 18:11:25.476  4438 24457 E AuthPII : 	at admt.a(:com.google.android.gms@260235022@26.02.35 (150400-862924022):1351)
02-06 18:11:25.476  4438 24457 E AuthPII : 	at adna.b(:com.google.android.gms@260235022@26.02.35 (150400-862924022):26)
02-06 18:11:25.476  4438 24457 E AuthPII : 	at admy.a(:com.google.android.gms@260235022@26.02.35 (150400-862924022):764)
02-06 18:11:25.476  4438 24457 E AuthPII : 	at acxp.a(:com.google.android.gms@260235022@26.02.35 (150400-862924022):82)
02-06 18:11:25.476  4438 24457 E AuthPII : 	at xdz.d(:com.google.android.gms@260235022@26.02.35 (150400-862924022):312)
02-06 18:11:25.476  4438 24457 E AuthPII : 	at acpy.a(:com.google.android.gms@260235022@26.02.35 (150400-862924022):33)
02-06 18:11:25.476  4438 24457 E AuthPII : 	at acqe.m(:com.google.android.gms@260235022@26.02.35 (150400-862924022):34)
02-06 18:11:25.476  4438 24457 E AuthPII : 	at acqe.o(:com.google.android.gms@260235022@26.02.35 (150400-862924022):64)
02-06 18:11:25.476  4438 24457 E AuthPII : 	at acqe.h(:com.google.android.gms@260235022@26.02.35 (150400-862924022):4)
02-06 18:11:25.476  4438 24457 E AuthPII : 	at acqe.i(:com.google.android.gms@260235022@26.02.35 (150400-862924022):8)
02-06 18:11:25.476  4438 24457 E AuthPII : 	at acqe.f(:com.google.android.gms@260235022@26.02.35 (150400-862924022):21)
02-06 18:11:25.476  4438 24457 E AuthPII : 	at adfd.d(:com.google.android.gms@260235022@26.02.35 (150400-862924022):51)
02-06 18:11:25.476  4438 24457 E AuthPII : 	at azwq.b(:com.google.android.gms@260235022@26.02.35 (150400-862924022):72)
02-06 18:11:25.476  4438 24457 E AuthPII : 	at com.google.android.gms.clearcut.uploader.QosUploaderChimeraService.g(:com.google.android.gms@260235022@26.02.35 (150400-862924022):1564)
02-06 18:11:25.476  4438 24457 E AuthPII : 	at com.google.android.gms.clearcut.uploader.QosUploaderChimeraService.a(:com.google.android.gms@260235022@26.02.35 (150400-862924022):42)
02-06 18:11:25.476  4438 24457 E AuthPII : 	at cnsh.call(:com.google.android.gms@260235022@26.02.35 (150400-862924022):30)
02-06 18:11:25.476  4438 24457 E AuthPII : 	at java.util.concurrent.FutureTask.run(FutureTask.java:266)
02-06 18:11:25.476  4438 24457 E AuthPII : 	at bcbg.c(:com.google.android.gms@260235022@26.02.35 (150400-862924022):50)
02-06 18:11:25.476  4438 24457 E AuthPII : 	at bcbg.run(:com.google.android.gms@260235022@26.02.35 (150400-862924022):92)
02-06 18:11:25.476  4438 24457 E AuthPII : 	at java.util.concurrent.ThreadPoolExecutor.runWorker(ThreadPoolExecutor.java:1167)
02-06 18:11:25.476  4438 24457 E AuthPII : 	at java.util.concurrent.ThreadPoolExecutor$Worker.run(ThreadPoolExecutor.java:641)
02-06 18:11:25.476  4438 24457 E AuthPII : 	at bcgx.run(:com.google.android.gms@260235022@26.02.35 (150400-862924022):8)
02-06 18:11:25.476  4438 24457 E AuthPII : 	at java.lang.Thread.run(Thread.java:923)
02-06 18:11:25.476  4438 24457 I Auth    : (REDACTED) [AccountIdManager] Token response failed with status=%s
02-06 18:11:25.497 14118 14118 I PlayCore: UID: [10584]  PID: [14118] AppUpdateListenerRegistry : unregisterListener
02-06 18:11:25.506  3012  3462 D MdnieScenarioControlService:  packageName : com.netease.open.pocoservice    className : com.netease.open.pocoservice.TestActivity
02-06 18:11:25.510  3012  3462 V MdnieScenarioControlService: setUIMode from UI function(3)
02-06 18:11:25.547  3012  3061 D EnterpriseDeviceManagerService: isMdmAdminPresentInternal() : MDM Admin Found - com.sec.enterprise.knox.cloudmdm.smdms
02-06 18:11:25.569  3012  3061 D SemGameManager: getGMSBinder(), begin
02-06 18:11:25.570  3012  3061 D SemGameManager: getGMSBinder(), successful: true
02-06 18:11:25.570  3012  3061 D SemGameManager: isAvailable(), ret=true
02-06 18:11:25.570  3012  3061 D SemGameManager: isGamePackage(), pkgName=com.netease.open.pocoservice
02-06 18:11:25.570  3012  3061 D SemGameManager: getGMSBinder(), begin
02-06 18:11:25.571  3012  3061 D SemGameManager: getGMSBinder(), successful: true
02-06 18:11:25.571  3012  3061 D GameManagerService: identifyGamePackage. com.netease.open.pocoservice, mCurrentUserId: 0, callerUserId: 0
02-06 18:11:25.571  3012  3061 D PkgDataHelper: getGamePkgData(). com.netease.open.pocoservice
02-06 18:11:25.571  3012  3061 D SemGameManager: isGamePackage(), ret=false
02-06 18:11:25.572  3012  3061 D GameManagerService: noteResumeComponent(), received resumed-component: com.netease.open.pocoservice
02-06 18:11:25.572 27144 27144 D app_process: Time zone APEX ICU file found: /apex/com.android.tzdata/etc/icu/icu_tzdata.dat
02-06 18:11:25.572  3012  3061 I GameSDK@LifeCycle: noteResumeComponent(): package name  : com.netease.open.pocoservice
02-06 18:11:25.572 27144 27144 D app_process: I18n APEX ICU file found: /apex/com.android.i18n/etc/icu/icudt66l.dat
02-06 18:11:25.572  3012  3220 D GameManagerService: onLooperPrepared(), msg: MSG_APP_RESUME, resumeComponent: ComponentInfo{com.netease.open.pocoservice/com.netease.open.pocoservice.TestActivity}
02-06 18:11:25.573  3012  3220 D GameManagerService: handleResume().
02-06 18:11:25.573  3012  3220 D GameManagerService: sendFocusOutConditionally() - mPrevNotiPackage: (unknown)
02-06 18:11:25.573  3012  3220 D GameManagerService:   handleResume(). pkgName: com.netease.open.pocoservice, isTunableApp: null
02-06 18:11:25.573  3012  3220 D GameManagerService: notifyFocusInOut(). of pkg: com.netease.open.pocoservice, type: 4, isMinimized: false, isTunableApp: false
02-06 18:11:25.573  3012  3220 D GameManagerService:   notifyFocusInOut(). unexpected mPrevNotiType: -1
02-06 18:11:25.573  3012  3220 D GameManagerService:NetworkLimit: callRelease
02-06 18:11:25.573  3012  3220 D GM:SystemHelper: callReleaseBlock needReleaseBlock:false
02-06 18:11:25.577  3012  3059 W Looper  : Slow dispatch took 386ms android.ui h=com.android.server.am.ActivityManagerService$UiHandler c=null m=31
02-06 18:11:25.579  2586  2744 V APM_AudioPolicyManager: setAppState(portId:387, state:2)
02-06 18:11:25.579 27313 27313 D ActivityThread: handleBindApplication() -- skipGraphicsSupport=false
02-06 18:11:25.579  2586  2744 V APM_AudioPolicyManager: setAppState(portId:387, state:2)
02-06 18:11:25.579 27313 27313 I MonitoringInstr: Instrumentation started!
02-06 18:11:25.580  3012  3059 W Looper  : Slow delivery took 294ms android.ui h=com.android.server.am.ActivityManagerService$UiHandler c=null m=53
02-06 18:11:25.583  8119 11148 I FASProvider: makeValuesForFasUpdate contentValues = package_name=com.netease.open.pocoservice extras=0 reason=deleted_from_mars_auto disableReason=deleted_from_mars_auto uid=10499 mode=0 level=1 resetTime=0
02-06 18:11:25.589 27313 27313 I AndroidJUnitRunner: onCreate Bundle[{class=com.netease.open.pocoservice.InstrumentedTestAsLauncher, debug=false}]
02-06 18:11:25.591 27313 27313 V TestEventClient: No service name argument was given (testDiscoveryService, testRunEventService or orchestratorService)
02-06 18:11:25.597  3012  7156 D ActivityTaskManager: getRecentPairTasks() maxNum :3 from 10071
02-06 18:11:25.597  3012  7156 D RecentTaskItemController: getRecentPairTasksImpl() maxNum :3 from 10071
02-06 18:11:25.598  2584  2584 I zygote  : Delayed USAP Pool refill. New USAPs: 1
02-06 18:11:25.605  3012  3059 W Looper  : Drained
02-06 18:11:25.611  3012  3462 V MdnieScenarioControlService: mAclOffEnabled : false mAclPreviewState : false mAclCompensationState : false
02-06 18:11:25.613  3012  3081 I SemDvfsHyPerManager: acquire hyper - APP_LAUNCH/3012@19, type = -999
02-06 18:11:25.614  2594  2614 I HYPER-HAL: [RequestManager.cpp]acquire(): Acquired ID : 4595015  [3012 / 19]    HINT : APP_LAUNCH    list : 
02-06 18:11:25.614  2594  2614 I HYPER-HAL: [ResourceManager.cpp]updateResource(): [CPULittleMinFreq] UpdateResource Request ID : 4595015    Value : 1804800
02-06 18:11:25.615  3012  7156 I ActivityTaskManager: START u0 {flg=0x10000000 cmp=com.netease.open.pocoservice/.TestActivity} from uid 2000
02-06 18:11:25.616  3012  7156 I SemDvfsHyPerManager: acquire hyper - AMS_ACT_START/3012@27, type = -999
02-06 18:11:25.616  3012  7156 D ActivityManagerPerformance: AMP_acquire() ACT_START
02-06 18:11:25.616  3012  7156 D ActivityTaskManager: TaskLaunchParamsModifier:task=null activity=ActivityRecord{8aa2625 u0 com.netease.open.pocoservice/.TestActivity task-display-area=DefaultTaskDisplayArea@168164836 display-area-windowing-mode=1
02-06 18:11:25.617  3012  7156 D ActivityTaskManager: TaskLaunchParamsModifier:task=Task{cb7ecb #3548 visible=false type=standard mode=fullscreen translucent=true A=10499:com.netease.open.pocoservice U=0 StackId=3548 sz=1} activity=ActivityRecord{8aa2625 u0 com.netease.open.pocoservice/.TestActivity t-1} display-from-task=0 task-display-area=DefaultTaskDisplayArea@168164836 display-area-windowing-mode=1 non-freeform-display maximized-bounds
02-06 18:11:25.617  2594  2614 E HYPER-HAL: [HandlerSysfs.cpp]doResourceHandling(): Couldn't Open Sysfs - /sys/class/scsi_host/host0/../../../clkscale_enable
02-06 18:11:25.618  3012  7156 W WindowManager: Execute app transition: mNextAppTransition=TRANSIT_TASK_OPEN, displayId: 0 Callers=com.android.server.wm.ActivityStack.executeAppTransition:4054 com.android.server.wm.ActivityStack.resumeTopActivityInnerLocked:1994 com.android.server.wm.ActivityStack.resumeTopActivityUncheckedLocked:1873 com.android.server.wm.RootWindowContainer.resumeFocusedStacksTopActivities:2677 com.android.server.wm.ActivityStarter.resumeTargetStackIfNeeded:3797 
02-06 18:11:25.618  3012  7156 W WindowManager: Execute app transition: mNextAppTransition=TRANSIT_TASK_OPEN, displayId: 0 Callers=com.android.server.wm.ActivityStack.executeAppTransition:4054 com.android.server.wm.ActivityStack.resumeTopActivityInnerLocked:1994 com.android.server.wm.ActivityStack.resumeTopActivityUncheckedLocked:1873 com.android.server.wm.RootWindowContainer.resumeFocusedStacksTopActivities:2731 com.android.server.wm.ActivityStarter.resumeTargetStackIfNeeded:3797 
02-06 18:11:25.620  2594  2614 I HYPER-HAL: [ResourceManager.cpp]updateResource(): [CPUMinFreq] UpdateResource Request ID : 4595015    Value : 2016000
02-06 18:11:25.622  2594  2614 I HYPER-HAL: [RequestManager.cpp]acquire(): Acquired ID : 4619307  [3012 / 27]    HINT : AMS_ACT_START    list : 
02-06 18:11:25.626  2594  2614 I HYPER-HAL: [ResourceManager.cpp]updateResource(): [CPUMinFreq] UpdateResource Request ID : 4619307    Value : 1536000
02-06 18:11:25.631 27313 27313 D AppCompatDelegate: Checking for metadata for AppLocalesMetadataHolderService : Service not found
02-06 18:11:25.644  2594 27346 I HYPER-HAL: [ResourceManager.cpp]removeResource(): [CPULittleMinFreq] RemoveResource Request ID : 4601082
02-06 18:11:25.644  3012  7166 I GenerationRegistry: mBackingStore.isClosed() : false
02-06 18:11:25.647  2594 27346 I HYPER-HAL: [ResourceManager.cpp]removeResource(): [CPUMinFreq] RemoveResource Request ID : 4601082
02-06 18:11:25.647  2594 27346 I HYPER-HAL: [RequestManager.cpp]releaseLocked(): Released ID : 4601082
02-06 18:11:25.655 27313 27313 D LifecycleMonitor: Lifecycle status change: com.netease.open.pocoservice.TestActivity@be23a0d in: PRE_ON_CREATE
02-06 18:11:25.656  2589  2631 E Netd    : getNetworkForDns: getNetId from enterpriseCtrl is netid 0
02-06 18:11:25.660  2589  2631 E Netd    : getNetworkForDns: getNetId from enterpriseCtrl is netid 0
02-06 18:11:25.662  7990  7990 E adbd    : failed to connect to socket 'tcp:10080': Connection refused
02-06 18:11:25.675 27313 27363 D AndroidJUnitRunner: onStart is called.
02-06 18:11:25.679  3012  3081 I SemDvfsHyPerManager: acquire hyper - APP_LAUNCH/3012@19, type = -999
02-06 18:11:25.679  2594  2614 I HYPER-HAL: [RequestManager.cpp]acquire(): Acquired ID : 4595015  [3012 / 19]    HINT : APP_LAUNCH    list : 
02-06 18:11:25.680  2594  2614 I HYPER-HAL: [ResourceManager.cpp]updateResource(): [CPULittleMinFreq] UpdateResource Request ID : 4595015    Value : 1804800
02-06 18:11:25.684   862   925 W DisplayIdentification: Invalid EDID: falling back to serial number due to missing display name.
02-06 18:11:25.684   862   925 W DisplayIdentification: Invalid EDID: falling back to ASCII text due to missing serial number.
02-06 18:11:25.691 27200 27200 D app_process: Time zone APEX ICU file found: /apex/com.android.tzdata/etc/icu/icu_tzdata.dat
02-06 18:11:25.691  2594  2614 E HYPER-HAL: [HandlerSysfs.cpp]doResourceHandling(): Couldn't Open Sysfs - /sys/class/scsi_host/host0/../../../clkscale_enable
02-06 18:11:25.691 27200 27200 D app_process: I18n APEX ICU file found: /apex/com.android.i18n/etc/icu/icudt66l.dat
02-06 18:11:25.694  2584  2584 D Zygote  : Forked child process 27368
02-06 18:11:25.694  2594  2614 I HYPER-HAL: [ResourceManager.cpp]updateResource(): [CPUMinFreq] UpdateResource Request ID : 4595015    Value : 2016000
02-06 18:11:25.698  3012  3012 W WindowManager: removeWindowToken: Attempted to remove non-existing token: android.os.Binder@4be0087
02-06 18:11:25.702 27144 27144 I app_process: The ClassLoaderContext is a special shared library.
02-06 18:11:25.707 27313 27366 I AdrenoGLES-0: QUALCOMM build                   : 02e24b95a5, I0bf67f5349
02-06 18:11:25.707 27313 27366 I AdrenoGLES-0: Build Date                       : 11/06/20
02-06 18:11:25.707 27313 27366 I AdrenoGLES-0: OpenGL ES Shader Compiler Version: EV031.32.02.06
02-06 18:11:25.707 27313 27366 I AdrenoGLES-0: Local Branch                     : 
02-06 18:11:25.707 27313 27366 I AdrenoGLES-0: Remote Branch                    : 
02-06 18:11:25.707 27313 27366 I AdrenoGLES-0: Remote Branch                    : 
02-06 18:11:25.707 27313 27366 I AdrenoGLES-0: Reconstruct Branch               : 
02-06 18:11:25.707 27313 27366 I AdrenoGLES-0: Build Config                     : S P 10.0.7 AArch64
02-06 18:11:25.707 27313 27366 I AdrenoGLES-0: Driver Path                      : /vendor/lib64/egl/libGLESv2_adreno.so
02-06 18:11:25.707 27313 27313 I DecorView: [INFO] isPopOver=false, config=true
02-06 18:11:25.708 27313 27313 I DecorView: updateCaptionType >> DecorView@6119dc5[], isFloating=false, isApplication=true, hasWindowDecorCaption=false, hasWindowControllerCallback=true
02-06 18:11:25.708 27313 27313 D DecorView: setCaptionType = 0, this = DecorView@6119dc5[]
