02-06 18:05:02.402  3012  7150 I SurfaceControl: nativeRelease nativeObject e[-5476376623274288288]
02-06 18:05:02.402  3012  7150 I WindowManager: Reparenting to leash, surface=Surface(name=8b29ede NavigationBar0)/@0x69dbda7, leashParent=Surface(name=WindowToken{96fa963 android.os.BinderProxy@332cd1d})/@0x71cd254
02-06 18:05:02.402   862   924 I SurfaceFlinger: id=106630 createSurf (0x0),-1 flag=24004, Surface(name=8b29ede NavigationBar0)/@0x69dbda7 - animation-leash#0
02-06 18:05:02.403  3012  7150 D WindowManager: makeSurface duration=1 leash=Surface(name=Surface(name=8b29ede NavigationBar0)/@0x69dbda7 - animation-leash)/@0xcc2950
02-06 18:05:02.404  3012  7150 D StatusBarManagerService: notifyRequestedSystemKey recent=false home=false
02-06 18:05:02.409  3012  7150 V WindowManager: Relayout hash=23ed677, pid=20609: mAttrs={(0,0)(fillxfill) gr=CENTER sim={adjust=pan} ty=APPLICATION fmt=TRANSPARENT wanim=0x1030000
02-06 18:05:02.409  3012  7150 V WindowManager:   fl=1810500
02-06 18:05:02.409  3012  7150 V WindowManager:   pfl=1a020000
02-06 18:05:02.409  3012  7150 V WindowManager:   apr=LIGHT_NAVIGATION_BARS
02-06 18:05:02.409  3012  7150 V WindowManager:   bhv=SHOW_TRANSIENT_BARS_BY_SWIPE
02-06 18:05:02.409  3012  7150 V WindowManager:   fitSides= naviIconColor=0
02-06 18:05:02.409  3012  7150 V WindowManager:   sfl=100000}
02-06 18:05:02.409  3012  7150 I SurfaceControl: nativeRelease nativeObject s[-5476376618311821952]
02-06 18:05:02.409  3012  7150 I SurfaceControl: nativeRelease nativeObject e[-5476376618311821952]
02-06 18:05:02.410  3435  3435 V Navbar.Store: handleEvent [EventType] ON_NAVBAR_WINDOW_STATE_SHOWING [Module] NavigationBarFragment
02-06 18:05:02.411 20609 20609 I SurfaceControl: assignNativeObject: nativeObject = 0 Surface(name=null)/@0xd55b692 / android.view.SurfaceControl.readFromParcel:1117 android.view.IWindowSession$Stub$Proxy.relayout:1820 android.view.ViewRootImpl.relayoutWindow:9005 android.view.ViewRootImpl.performTraversals:3360 android.view.ViewRootImpl.doTraversal:2618 android.view.ViewRootImpl$TraversalRunnable.run:9971 android.view.Choreographer$CallbackRecord.run:1010 android.view.Choreographer.doCallbacks:809 android.view.Choreographer.doFrame:744 android.view.Choreographer$FrameDisplayEventReceiver.run:995 
02-06 18:05:02.411  3905  8008 I TouchInteractionService: onSystemUiStateChanged, stateFlags : 0
02-06 18:05:02.411  3905  3905 I TouchInteractionService: onSystemUiFlagsChanged, userUnlocked
02-06 18:05:02.412 20609 20609 I ViewRootImpl@3b3c335[VocabularyActivity]: Relayout returned: old=(0,0,2000,1200) new=(0,0,2000,1200) req=(2000,1200)0 dur=28 res=0x7 s={true -5476376620384694272} ch=true fn=-1
02-06 18:05:02.415  3905  8008 I TouchInteractionService: onSystemUiStateChanged, stateFlags : 2
02-06 18:05:02.415  3435  3435 V Navbar.Store: handleEvent [EventType] ON_NAVBAR_WINDOW_STATE_HIDDEN [Module] NavigationBarFragment
02-06 18:05:02.415  3905  3905 I TouchInteractionService: onSystemUiFlagsChanged, userUnlocked
02-06 18:05:02.416   862  1520 I Layer   : id=106625 removeFromCurrentState Surface(name=7bc7528 StatusBar)/@0x1c523a8 - animation-leash#0 (72)
02-06 18:05:02.416   862  1520 I Layer   : id=106626 removeFromCurrentState Surface(name=8b29ede NavigationBar0)/@0x69dbda7 - animation-leash#1 (72)
02-06 18:05:02.432  3012  7145 I InputDispatcher: Focus left window (20609): 2813ac1 in display 0 0
02-06 18:05:02.453  3012  7145 D WindowManager: finishDrawingWindow: Window{23ed677 u0 com.kyowon.literacy.store/com.kyowon.literacy.ui.vocabulary.activity.VocabularyActivity} mDrawState=DRAW_PENDING
02-06 18:05:02.472  3012  7145 I InputDispatcher: Focus entered window (20609): 23ed677 in display 0 0
02-06 18:05:02.476  2586 20376 I SoundAlive_SRC384 arch64: SoundAlive_SRC384: Instance 0 Init(outFs 8, InFs 7, chnum 2, outBW 3, inBW 3)
02-06 18:05:02.476  2586 20376 I Samsung_SoundAlive_SRC arch64: SRC384 version Samsung SoundAlive SRC ver320 arch64  11.17.2019 (Cppref for ARM64, ver.300.c 32bit 07_10_2016 based)
02-06 18:05:02.484  6144  6144 I wpa_supplicant: Heartbeat 30245
02-06 18:05:02.496   862   862 D SurfaceFlinger: Display 19260469778534273 HWC layers:
02-06 18:05:02.496   862   862 D SurfaceFlinger:      DEVICE | 0xb400007acfe20ca0 | 0002 | RGBA_8888    |    0.0    0.0 1200.0 2000.0 |    0    0 1200 2000 | com.kyowon.literacy.store/com.kyowon[...]activity.VocabularyActivity$_20609#1
02-06 18:05:02.496   862   862 D SurfaceFlinger:      CLIENT | 0xb400007ac04cfe90 | 0000 | RGBA_8888    |    0.0    0.0 1200.0 2000.0 |    0    0 1200 2000 | com.kyowon.literacy.store/com.kyowon[...]activity.VocabularyActivity$_20609#0
02-06 18:05:02.496   862   862 D SurfaceFlinger:      CLIENT | 0xb400007acfe1f180 | 0008 | RGBA_8888    |    0.0    0.0 1200.0 2000.0 |    0    0 1200 2000 | $_3435#0
02-06 18:05:02.496   862   862 D SurfaceFlinger: 
02-06 18:05:02.569 20609 20609 I ViewRootImpl@3b3c335[VocabularyActivity]: dispatchDetachedFromWindow
02-06 18:05:02.569 20609 20609 I SurfaceControl: nativeRelease nativeObject s[-5476376618213710432]
02-06 18:05:02.569 20609 20609 I SurfaceControl: nativeRelease nativeObject e[-5476376618213710432]
02-06 18:05:02.572  3012  7145 D InputTransport: Input channel destroyed: '23ed677', fd=544
02-06 18:05:02.575  3012  7145 I SurfaceControl: nativeRelease nativeObject s[-5476376618311826272]
02-06 18:05:02.575  3012  7145 I SurfaceControl: nativeRelease nativeObject e[-5476376618311826272]
02-06 18:05:02.577  3012  7145 I WindowManager: Destroying surface Surface(name=com.kyowon.literacy.store/com.kyowon.literacy.ui.vocabulary.activity.VocabularyActivity$_20609)/@0x53eef05 called by com.android.server.wm.WindowStateAnimator.destroySurface:1794 com.android.server.wm.WindowStateAnimator.destroySurfaceLocked:765 com.android.server.wm.WindowState.removeImmediately:2665 com.android.server.wm.WindowState.removeIfPossible:2830 com.android.server.wm.WindowState.removeIfPossible:2688 com.android.server.wm.WindowManagerService.removeWindow:2186 com.android.server.wm.Session.remove:199 android.view.IWindowSession$Stub.onTransact:813 
02-06 18:05:02.577  3012  7145 I SurfaceControl: nativeRelease nativeObject s[-5476376618311822912]
02-06 18:05:02.577  3012  7145 I SurfaceControl: nativeRelease nativeObject e[-5476376618311822912]
02-06 18:05:02.579   862   925 I Layer   : id=106628 removeFromCurrentState com.kyowon.literacy.store/com.kyowon.literacy.ui.vocabulary.activity.VocabularyActivity$_20609#0 (72)
02-06 18:05:02.580  2586 20376 D DlbDap2Process: setParam(preg = #1[-2080])
02-06 18:05:02.581  2586  2703 I HiddenSound: unregisterSession : session=6001
02-06 18:05:02.581  2586  2703 V APM_AudioPolicyManager: stopOutput portId 671
02-06 18:05:02.581  2586  2703 V APM_AudioPolicyManager: stopOutput() output 53, stream 3, session 6001
02-06 18:05:02.581  2586  2703 V APM_AudioPolicyManager: setBeaconMute(1) mBeaconMuteRefCount=0 mBeaconPlayingRefCount=0
02-06 18:05:02.581  2586  2703 V APM_AudioPolicyManager: getNewOutputDevices selected devices AUDIO_DEVICE_NONE
02-06 18:05:02.581  2586  2703 V APM_AudioPolicyManager: setOutputDevices device AUDIO_DEVICE_NONE delayMs 170
02-06 18:05:02.581  2586  2703 V APM_AudioPolicyManager: setOutputDevices() prevDevice {type:0x8000,@:0}
02-06 18:05:02.583  2586  2703 V APM_AudioPolicyManager: setOutputDevices setting same device AUDIO_DEVICE_NONE or null device, force=0, patch handle=392
02-06 18:05:02.583   862   924 I Layer   : id=106627 removeFromCurrentState 23ed677 com.kyowon.literacy.store/com.kyowon.literacy.ui.vocabulary.activity.VocabularyActivity#0 (72)
02-06 18:05:02.584  2586  2703 W APM::AudioPolicyEngine: getDevicesForStrategy() unknown strategy: -1
02-06 18:05:02.584  2586  2703 W APM::AudioPolicyEngine: getDevicesForStrategy() unknown strategy: -1
02-06 18:05:02.584  2586  2703 V APM_AudioPolicyManager: selectOutputForMusicEffects selected output 53
02-06 18:05:02.585  3012  7309 I power_partial_wake_state: [364,AudioMix:audioserver]
02-06 18:05:02.585  3012  7145 V WindowManager: Changing focus from Window{23ed677 u0 com.kyowon.literacy.store/com.kyowon.literacy.ui.vocabulary.activity.VocabularyActivity} to Window{2813ac1 u0 com.kyowon.literacy.store/com.kyowon.literacy.ui.vocabulary.activity.VocabularyActivity} displayId=0 Callers=com.android.server.wm.RootWindowContainer.updateFocusedWindowLocked:566 com.android.server.wm.WindowManagerService.updateFocusedWindowLocked:6311 com.android.server.wm.WindowState.removeIfPossible:2839 com.android.server.wm.WindowState.removeIfPossible:2688 
02-06 18:05:02.585  3012  7309 I system_server: oneway function results will be dropped but finished with status OK and parcel size 4
02-06 18:05:02.586  3012  7145 I WindowManager: Cancelling animation restarting=true, leash=Surface(name=Surface(name=7bc7528 StatusBar)/@0x1c523a8 - animation-leash)/@0xb0c2e02
02-06 18:05:02.586  3012  7145 I WindowManager: Reparenting to original parent: Surface(name=WindowToken{345974b android.os.BinderProxy@ae17ec5})/@0xdbd8ec1, destroy=false, surface=Surface(name=7bc7528 StatusBar)/@0x1c523a8
02-06 18:05:02.586  3012 11602 I SystemUiVisibilityPolicyController: handleMessage: entry what = 1
02-06 18:05:02.586  3012  7145 I SurfaceControl: nativeRelease nativeObject s[-5476376618311820192]
02-06 18:05:02.586  3012  7145 I SurfaceControl: nativeRelease nativeObject e[-5476376618311820192]
02-06 18:05:02.586  3012  7145 I WindowManager: Reparenting to leash, surface=Surface(name=7bc7528 StatusBar)/@0x1c523a8, leashParent=Surface(name=WindowToken{345974b android.os.BinderProxy@ae17ec5})/@0xdbd8ec1
02-06 18:05:02.587   862  1519 I SurfaceFlinger: id=106631 createSurf (0x0),-1 flag=24004, Surface(name=7bc7528 StatusBar)/@0x1c523a8 - animation-leash#0
02-06 18:05:02.588   862   924 I SurfaceFlinger: id=106627 Removed 23ed677 com.kyowon.literacy.store/com.kyowon.literacy.ui.vocabulary.activity.VocabularyActivity#0 (73)
02-06 18:05:02.588   862   925 I SurfaceFlinger: id=106628 Removed com.kyowon.literacy.store/com.kyowon.literacy.ui.vocabulary.activity.VocabularyActivity$_20609#0 (73)
02-06 18:05:02.589  3012  7145 D WindowManager: makeSurface duration=3 leash=Surface(name=Surface(name=7bc7528 StatusBar)/@0x1c523a8 - animation-leash)/@0x19f218b
02-06 18:05:02.590  3012  7145 I WindowManager: Cancelling animation restarting=true, leash=Surface(name=Surface(name=8b29ede NavigationBar0)/@0x69dbda7 - animation-leash)/@0xcc2950
02-06 18:05:02.590  3012  7145 I WindowManager: Reparenting to original parent: Surface(name=WindowToken{96fa963 android.os.BinderProxy@332cd1d})/@0x71cd254, destroy=false, surface=Surface(name=8b29ede NavigationBar0)/@0x69dbda7
02-06 18:05:02.590   862   862 I Layer   : id=106627[1] Destroyed 23ed677 com.kyowon.literacy.store/com.kyowon.literacy.ui.vocabulary.activity.VocabularyActivity#0
02-06 18:05:02.590  3012  7145 I SurfaceControl: nativeRelease nativeObject s[-5476376618311819392]
02-06 18:05:02.590  3012  7145 I SurfaceControl: nativeRelease nativeObject e[-5476376618311819392]
02-06 18:05:02.590  3012  7145 I WindowManager: Reparenting to leash, surface=Surface(name=8b29ede NavigationBar0)/@0x69dbda7, leashParent=Surface(name=WindowToken{96fa963 android.os.BinderProxy@332cd1d})/@0x71cd254
02-06 18:05:02.591   862   925 I SurfaceFlinger: id=106632 createSurf (0x0),-1 flag=24004, Surface(name=8b29ede NavigationBar0)/@0x69dbda7 - animation-leash#1
02-06 18:05:02.592  3012  7309 I InputDispatcher: Focus left window (20609): 23ed677 in display 0 0
02-06 18:05:02.592   862   862 I Layer   : id=106628[1] Destroyed com.kyowon.literacy.store/com.kyowon.literacy.ui.vocabulary.activity.VocabularyActivity$_20609#0
02-06 18:05:02.592  3012  7145 D WindowManager: makeSurface duration=2 leash=Surface(name=Surface(name=8b29ede NavigationBar0)/@0x69dbda7 - animation-leash)/@0x8447681
02-06 18:05:02.593  3012  7145 D StatusBarManagerService: notifyRequestedSystemKey recent=false home=false
02-06 18:05:02.594   862  1520 I Layer   : id=106629 removeFromCurrentState Surface(name=7bc7528 StatusBar)/@0x1c523a8 - animation-leash#1 (72)
02-06 18:05:02.594   862  1520 I Layer   : id=100955 removeFromCurrentState 7bc7528 StatusBar#0 (72)
02-06 18:05:02.594   862  1520 I Layer   : id=100963 removeFromCurrentState StatusBar$_3435#0 (72)
02-06 18:05:02.594   862  1520 I Layer   : id=106630 removeFromCurrentState Surface(name=8b29ede NavigationBar0)/@0x69dbda7 - animation-leash#0 (72)
02-06 18:05:02.596 20609 20609 D InputTransport: Input channel destroyed: '23ed677', fd=193
02-06 18:05:02.598 20609 20609 E ViewRootImpl: sendUserActionEvent() mView returned.
02-06 18:05:02.598 20609 20609 I SurfaceControl: nativeRelease nativeObject s[-5476376621029537664]
02-06 18:05:02.598 20609 20609 I SurfaceControl: nativeRelease nativeObject e[-5476376621029537664]
02-06 18:05:02.598 20609 20609 I SurfaceControl: nativeRelease nativeObject s[-5476376621029537024]
02-06 18:05:02.599 20609 20609 I SurfaceControl: nativeRelease nativeObject e[-5476376621029537024]
02-06 18:05:02.599 20609 20609 I SurfaceControl: nativeRelease nativeObject s[-5476376621029537344]
02-06 18:05:02.599 20609 20609 I SurfaceControl: nativeRelease nativeObject e[-5476376621029537344]
02-06 18:05:02.599   862   925 I SurfaceFlinger: id=106626 Removed Surface(name=8b29ede NavigationBar0)/@0x69dbda7 - animation-leash#1 (72)
02-06 18:05:02.599   862   925 I SurfaceFlinger: id=106625 Removed Surface(name=7bc7528 StatusBar)/@0x1c523a8 - animation-leash#0 (72)
02-06 18:05:02.600 20609 20609 I ViewRootImpl@af71697[VocabularyActivity]: MSG_WINDOW_FOCUS_CHANGED 0 1
02-06 18:05:02.600 20609 20609 E AccessibilityInteractionController: mViewRootImpl is invalid
02-06 18:05:02.600 20609 20609 E AccessibilityInteractionController: mViewRootImpl is invalid
02-06 18:05:02.610 20609 20609 E ViewRootImpl: sendUserActionEvent() mView returned.
02-06 18:05:02.613 20609 20609 I SurfaceControl: nativeRelease nativeObject s[-5476376618311336800]
02-06 18:05:02.613 20609 20609 I SurfaceControl: nativeRelease nativeObject e[-5476376618311336800]
02-06 18:05:02.616 20609 20609 E ViewRootImpl: sendUserActionEvent() mView returned.
02-06 18:05:02.626   862   862 D SurfaceFlinger: Display 19260469778534273 HWC layers:
02-06 18:05:02.626   862   862 D SurfaceFlinger:      DEVICE | 0xb400007acfe1ff10 | 0002 | RGBA_8888    |    0.0    0.0 1200.0 2000.0 |    0    0 1200 2000 | com.kyowon.literacy.store/com.kyowon[...]activity.VocabularyActivity$_20609#1
02-06 18:05:02.626   862   862 D SurfaceFlinger:      DEVICE | 0xb400007acfe1f180 | 0008 | RGBA_8888    |    0.0    0.0 1200.0 2000.0 |    0    0 1200 2000 | $_3435#0
02-06 18:05:02.626   862   862 D SurfaceFlinger: 
02-06 18:05:02.629   862   862 I Layer   : id=106626[1] Destroyed Surface(name=8b29ede NavigationBar0)/@0x69dbda7 - animation-leash#1
02-06 18:05:02.629   862   862 I Layer   : id=106625[1] Destroyed Surface(name=7bc7528 StatusBar)/@0x1c523a8 - animation-leash#0
02-06 18:05:02.632  9436  9556 I content_query_sample: contents_sample_state: [CONTACT contacts(0) data(0) accounts({}) accounts deleted({}) in_trash(in_trash(0), in_trash_for_sync(0)) calls([]) countryIso(KR) userId(0)  ]

02-06 18:05:02.632  9436  9556 I content_query_sample: contents_sample_state: [ agr({})  ]

02-06 18:05:02.632  9436  9556 I content_query_sample: contents_sample_state: [ actCnt({android.process.acore(9436)=1})  ]

02-06 18:05:02.632  9436  9556 I content_query_sample: contents_sample_state: [PROFILE contacts(0) data(0) accounts({})  ] [SAPROFILE contacts(0) data(0) accounts({})  ]

02-06 18:05:02.632  9436  9556 I content_query_sample: contents_sample_state: [STORAGE Contacts(CE) Profile(CE) SAProfile(CE) CallLog(CE)  ]
02-06 18:05:02.632  9436  9556 I ContactsProvider_EventLog: contents_sample_state: [CONTACT contacts(0) data(0) accounts({}) accounts deleted({}) in_trash(in_trash(0), in_trash_for_sync(0)) calls([]) countryIso(KR) userId(0)  ]

02-06 18:05:02.632  9436  9556 I ContactsProvider_EventLog: contents_sample_state: [ agr({})  ]

02-06 18:05:02.632  9436  9556 I ContactsProvider_EventLog: contents_sample_state: [ actCnt({android.process.acore(9436)=1})  ]

02-06 18:05:02.632  9436  9556 I ContactsProvider_EventLog: contents_sample_state: [PROFILE contacts(0) data(0) accounts({})  ] [SAPROFILE contacts(0) data(0) accounts({})  ]

02-06 18:05:02.632  9436  9556 I ContactsProvider_EventLog: contents_sample_state: [STORAGE Contacts(CE) Profile(CE) SAProfile(CE) CallLog(CE)  ]
02-06 18:05:02.634  3012  7184 I InputDispatcher: Focus entered window (20609): 2813ac1 in display 0 0
02-06 18:05:02.634 20609 20609 I ViewRootImpl@af71697[VocabularyActivity]: MSG_WINDOW_FOCUS_CHANGED 1 1
02-06 18:05:02.634 20609 20609 D InputMethodManager: prepareNavigationBarInfo() DecorView@ba62a7d[VocabularyActivity]
02-06 18:05:02.634 20609 20609 D InputMethodManager: getNavigationBarColor() -855310
02-06 18:05:02.635 20609 20609 D InputMethodManager: prepareNavigationBarInfo() DecorView@ba62a7d[VocabularyActivity]
02-06 18:05:02.635 20609 20609 D InputMethodManager: getNavigationBarColor() -855310
02-06 18:05:02.635 20609 20609 V InputMethodManager: Starting input: tba=com.kyowon.literacy.store ic=null mNaviBarColor -855310 mIsGetNaviBarColorSuccess true , NavVisible : true , NavTrans : false
02-06 18:05:02.635 20609 20609 D InputMethodManager: startInputInner - Id : 0
02-06 18:05:02.635 20609 20609 I InputMethodManager: startInputInner - mService.startInputOrWindowGainedFocus
02-06 18:05:02.635  3012  7184 D InputMethodManagerService: mSecureKeypadEnabled = false
02-06 18:05:02.636  3012  7184 D InputMethodManagerService: mDesktopModeManager null!
02-06 18:05:02.636  3012  7184 V InputMethodManagerService: getDisplayIdOfInputMethodWindowToBeAdded : 0
02-06 18:05:02.636  3012  7184 D InputMethodManagerService: checkDisplayOfStartInputAndUpdateKeyboard display Id 0last 0
02-06 18:05:02.636  3012  7184 D InputTransport: Input channel constructed: 'ClientS', fd=544
02-06 18:05:02.636  3012  7184 D InputTransport: Input channel destroyed: 'ClientS', fd=544
02-06 18:05:02.636 20609 20609 D InputTransport: Input channel constructed: 'ClientS', fd=201
02-06 18:05:02.636 20609 20609 D InputTransport: Input channel destroyed: 'ClientS', fd=211
02-06 18:05:02.638  9531  9531 D InputMethodService: checkDisplayOfStartInputAndUpdateKeyboard display Id 0last 0
02-06 18:05:02.668  9531 10055 E NIO     : wtf
02-06 18:05:02.668  9531 10055 E NIO     : java.net.BindException: Address already in use
02-06 18:05:02.668  9531 10055 E NIO     : 	at sun.nio.ch.Net.bind0(Native Method)
02-06 18:05:02.668  9531 10055 E NIO     : 	at sun.nio.ch.Net.bind(Net.java:442)
02-06 18:05:02.668  9531 10055 E NIO     : 	at sun.nio.ch.Net.bind(Net.java:434)
02-06 18:05:02.668  9531 10055 E NIO     : 	at sun.nio.ch.ServerSocketChannelImpl.bind(ServerSocketChannelImpl.java:223)
02-06 18:05:02.668  9531 10055 E NIO     : 	at sun.nio.ch.ServerSocketAdaptor.bind(ServerSocketAdaptor.java:74)
02-06 18:05:02.668  9531 10055 E NIO     : 	at sun.nio.ch.ServerSocketAdaptor.bind(ServerSocketAdaptor.java:67)
02-06 18:05:02.668  9531 10055 E NIO     : 	at com.koushikdutta.async.AsyncServer$5.run(AsyncServer.java:316)
02-06 18:05:02.668  9531 10055 E NIO     : 	at com.koushikdutta.async.AsyncServer$3.run(AsyncServer.java:211)
02-06 18:05:02.668  9531 10055 E NIO     : 	at com.koushikdutta.async.AsyncServer.lockAndRunQueue(AsyncServer.java:740)
02-06 18:05:02.668  9531 10055 E NIO     : 	at com.koushikdutta.async.AsyncServer.runLoop(AsyncServer.java:758)
02-06 18:05:02.668  9531 10055 E NIO     : 	at com.koushikdutta.async.AsyncServer.run(AsyncServer.java:658)
02-06 18:05:02.668  9531 10055 E NIO     : 	at com.koushikdutta.async.AsyncServer.access$800(AsyncServer.java:44)
02-06 18:05:02.668  9531 10055 E NIO     : 	at com.koushikdutta.async.AsyncServer$14.run(AsyncServer.java:600)
02-06 18:05:02.712   596   596 I io_stats: !@ 179,0 r 38990149 838150116 w 2870167 158137924 d 1701375 212341136 f 2287009 2723929 iot 20775730 0 th 51200 51200 40556 pt 3800 inp 0 0 800049.714
02-06 18:05:03.120  1093 20587 I OMX-VENC: venc_dev: stats: avg. fps 22.36, bitrate 1018016
02-06 18:05:03.668  2589  2631 E Netd    : getNetworkForDns: getNetId from enterpriseCtrl is netid 0
02-06 18:05:03.668  1126 20326 D BufferPoolAccessor2.0: bufferpool2 0xb400007d96b96228 : 4(96000 size) total buffers - 1(24000 size) used buffers - 91249/91256 (recycle/alloc) - 133/91254 (fetch/transfer)
02-06 18:05:03.694  2589  2631 E Netd    : getNetworkForDns: getNetId from enterpriseCtrl is netid 0
02-06 18:05:04.044 11642 11642 I QA      : [STEP] 저장한 단어 재진입: PASS ✅
02-06 18:05:04.061  2589  2631 E Netd    : getNetworkForDns: getNetId from enterpriseCtrl is netid 0
02-06 18:05:04.089 11530 11643 I System.out: {"id":"","uri":"[Lcom.netease.open.libpoco.sdk.AbstractNode;@a22089c(72eda528-d2ff-49c7-a7b1-e97dfe458e47)","method":[["del",[]]],"session_id":"54862a4f-a7f6-4a6f-ab1e-a02f90ea0ef2"}
02-06 18:05:04.114  2589  2631 E Netd    : getNetworkForDns: getNetId from enterpriseCtrl is netid 0
02-06 18:05:04.126 11530 11644 I System.out: {"id":"bef6f719-c5d0-4554-b659-c2805e0212c9","uri":"poco-uiautomation-framework","method":[["getattr","selector"],["getattr","select"],["call",[["",["and",[["attr=",["name","com.kyowon.literacy.store:id\/noResultVocabularyFavoriteText"]]]]],["",false]]]],"session_id":"54862a4f-a7f6-4a6f-ab1e-a02f90ea0ef2"}
02-06 18:05:04.156  1093 20587 I OMX-VENC: venc_dev: stats: avg. fps 10.61, bitrate 24443
02-06 18:05:04.172  2589  2631 E Netd    : getNetworkForDns: getNetId from enterpriseCtrl is netid 0
02-06 18:05:04.182 11530 11645 I System.out: {"id":"f6968334-166b-403c-b9a4-8125ea1b90f6","uri":"[Lcom.netease.open.libpoco.sdk.AbstractNode;@3d29659(02af817f-ffa7-439b-b1fa-76c696747e4b)","method":[["len",[]]],"session_id":"54862a4f-a7f6-4a6f-ab1e-a02f90ea0ef2"}
02-06 18:05:04.203  2589  2631 E Netd    : getNetworkForDns: getNetId from enterpriseCtrl is netid 0
02-06 18:05:04.218 11530 11646 I System.out: {"id":"eccf065b-a7a3-4165-a385-108b4d723e43","uri":"[Lcom.netease.open.libpoco.sdk.AbstractNode;@3d29659(02af817f-ffa7-439b-b1fa-76c696747e4b)","method":[["len",[]]],"session_id":"54862a4f-a7f6-4a6f-ab1e-a02f90ea0ef2"}
02-06 18:05:04.246  2589  2631 E Netd    : getNetworkForDns: getNetId from enterpriseCtrl is netid 0
02-06 18:05:04.258 11530 11647 I System.out: {"id":"df3754b9-3561-40d5-8c48-449e31ec5617","uri":"poco-uiautomation-framework","method":[["getattr","attributor"],["getattr","getAttr"],["call",[["uri","[Lcom.netease.open.libpoco.sdk.AbstractNode;@3d29659(02af817f-ffa7-439b-b1fa-76c696747e4b)"],["","visible"]]]],"session_id":"54862a4f-a7f6-4a6f-ab1e-a02f90ea0ef2"}
02-06 18:05:04.383 11650 11650 I QA      : [STEP] 📋 [Basic Test / 기능] 차곡차곡 어휘 상자 저장한 단어: PASS ✅
02-06 18:05:04.395  2589  2631 E Netd    : getNetworkForDns: getNetId from enterpriseCtrl is netid 0
02-06 18:05:04.421 11530 11651 I System.out: {"id":"","uri":"[Lcom.netease.open.libpoco.sdk.AbstractNode;@3d29659(02af817f-ffa7-439b-b1fa-76c696747e4b)","method":[["del",[]]],"session_id":"54862a4f-a7f6-4a6f-ab1e-a02f90ea0ef2"}
02-06 18:05:04.719   596   596 I io_stats: !@ 179,0 r 38990149 838150116 w 2870173 158137956 d 1701375 212341136 f 2287011 2723933 iot 20775750 0 th 51200 51200 40556 pt 3800 inp 0 0 800051.723
02-06 18:05:04.761  2589  2631 E Netd    : getNetworkForDns: getNetId from enterpriseCtrl is netid 0
02-06 18:05:04.775  2589  2631 E Netd    : getNetworkForDns: getNetId from enterpriseCtrl is netid 0
02-06 18:05:05.051 20284 20322 D CCodecBufferChannel: [c2.android.opus.encoder#378] DEBUG: elapsed: n=4 [in=0 pipeline=0 out=0 smoothness=4]
02-06 18:05:05.051 20284 20322 D PipelineWatcher: DEBUG: elapsed 0 / 4
02-06 18:05:05.184  3012  3096 D PowerManagerService: UserActivityStateListenerState: 0
02-06 18:05:05.447  2589  2631 E Netd    : getNetworkForDns: getNetId from enterpriseCtrl is netid 0
02-06 18:05:05.464 11530 11658 I System.out: {"id":"6de1ed15-7a8d-4e8d-b7d7-a187e3d07f3e","uri":"poco-uiautomation-framework","method":[["getattr","selector"],["getattr","select"],["call",[["",["and",[["attr=",["name","com.kyowon.literacy.store:id\/btnBack"]]]]],["",false]]]],"session_id":"54862a4f-a7f6-4a6f-ab1e-a02f90ea0ef2"}
02-06 18:05:05.480  2583  2583 I r_submix: out_standby()
02-06 18:05:05.482  3012  7184 I power_partial_wake_state: [2896,AudioMix:audioserver]
02-06 18:05:05.482  3012  7184 I system_server: oneway function results will be dropped but finished with status OK and parcel size 4
02-06 18:05:05.509  2589  2631 E Netd    : getNetworkForDns: getNetId from enterpriseCtrl is netid 0
02-06 18:05:05.518 11530 11659 I System.out: {"id":"ac4a4bf0-a919-4e0f-b2b3-5130d1570553","uri":"[Lcom.netease.open.libpoco.sdk.AbstractNode;@e0fb791(dacf47c9-3498-45ca-b1df-40fb06082ffc)","method":[["len",[]]],"session_id":"54862a4f-a7f6-4a6f-ab1e-a02f90ea0ef2"}
02-06 18:05:05.537  2589  2631 E Netd    : getNetworkForDns: getNetId from enterpriseCtrl is netid 0
02-06 18:05:05.548 11530 11660 I System.out: {"id":"7089bacb-56e1-42bb-accc-8db330e61edf","uri":"[Lcom.netease.open.libpoco.sdk.AbstractNode;@e0fb791(dacf47c9-3498-45ca-b1df-40fb06082ffc)","method":[["len",[]]],"session_id":"54862a4f-a7f6-4a6f-ab1e-a02f90ea0ef2"}
02-06 18:05:05.566  2589  2631 E Netd    : getNetworkForDns: getNetId from enterpriseCtrl is netid 0
02-06 18:05:05.579 11530 11661 I System.out: {"id":"33b47cf4-6fcb-4596-9923-f5cd888a2b1e","uri":"poco-uiautomation-framework","method":[["getattr","attributor"],["getattr","getAttr"],["call",[["uri","[Lcom.netease.open.libpoco.sdk.AbstractNode;@e0fb791(dacf47c9-3498-45ca-b1df-40fb06082ffc)"],["","visible"]]]],"session_id":"54862a4f-a7f6-4a6f-ab1e-a02f90ea0ef2"}
02-06 18:05:05.602  2589  2631 E Netd    : getNetworkForDns: getNetId from enterpriseCtrl is netid 0
02-06 18:05:05.612 11530 11662 I System.out: {"id":"bf390452-ce28-4c2e-ac43-866ec031ef4f","uri":"poco-uiautomation-framework","method":[["getattr","attributor"],["getattr","getAttr"],["call",[["uri","[Lcom.netease.open.libpoco.sdk.AbstractNode;@e0fb791(dacf47c9-3498-45ca-b1df-40fb06082ffc)"],["","pos"]]]],"session_id":"54862a4f-a7f6-4a6f-ab1e-a02f90ea0ef2"}
02-06 18:05:05.636  2589  2631 E Netd    : getNetworkForDns: getNetId from enterpriseCtrl is netid 0
02-06 18:05:05.641 20284 20320 I MediaCodec: setCodecState state : 0
02-06 18:05:05.642 22522 22541 V ResourceManagerHelper-JNI: JNIMediaResourceHelper::notify eventType : 3, ext1 : 0, ext2 : 0
02-06 18:05:05.643 22522 22541 V ResourceManagerHelper-JNI: notify eventType : 3, ext1 : 0, ext2 : 0
02-06 18:05:05.643 22522 22543 I SemMediaResourceHelper: onState
02-06 18:05:05.643  8119  8119 I SemMediaResourceHelper: onState
02-06 18:05:05.643 22522 22543 I DrmMediaResourceHelper: onStateChanged size = 1
02-06 18:05:05.643 22522 22543 I DrmMediaResourceHelper: resource type: 2,,,isSecured :  falseIsEncoder : truegetCodecState : 0getpid : 20284
02-06 18:05:05.646 11530 11663 I System.out: {"id":"38403436-dce3-45ec-b748-789283545e04","uri":"poco-uiautomation-framework","method":[["getattr","attributor"],["getattr","getAttr"],["call",[["uri","[Lcom.netease.open.libpoco.sdk.AbstractNode;@e0fb791(dacf47c9-3498-45ca-b1df-40fb06082ffc)"],["","size"]]]],"session_id":"54862a4f-a7f6-4a6f-ab1e-a02f90ea0ef2"}
02-06 18:05:05.665  2589  2631 E Netd    : getNetworkForDns: getNetId from enterpriseCtrl is netid 0
02-06 18:05:05.674 11530 11664 I System.out: {"id":"8e77aeae-26da-4259-a948-c9b34f733b44","uri":"poco-uiautomation-framework","method":[["getattr","attributor"],["getattr","getAttr"],["call",[["uri","[Lcom.netease.open.libpoco.sdk.AbstractNode;@e0fb791(dacf47c9-3498-45ca-b1df-40fb06082ffc)"],["","anchorPoint"]]]],"session_id":"54862a4f-a7f6-4a6f-ab1e-a02f90ea0ef2"}
02-06 18:05:05.740  3738  3738 I IpcDispatcher<0>: handleMessage: EVENT_SEC_CHANNEL_PROXY_DEAD cookie = 11007 mSecChannelProxyCookie = 11007
02-06 18:05:05.741   542   542 I hwservicemanager: getTransport: Cannot find entry vendor.samsung.hardware.radio.channel@2.0::ISehChannel/imsd in either framework or device manifest.
02-06 18:05:05.742  3738  3738 E IpcDispatcher<0>: SecChannelProxy getService/setCallback: java.util.NoSuchElementException
02-06 18:05:05.779  3012  7309 D InputDispatcher: Inject motion (20865): action=0x0, time=800052784000000, f=0x0, d=0
02-06 18:05:05.780  3012  3211 I InputDispatcher: Delivering touch to (20609): action: 0x0, f=0x0, d=0, '2813ac1', t=1 
02-06 18:05:05.782  3012  3211 D PowerManagerService: UserActivityStateListenerState: 1
02-06 18:05:05.784 20609 20609 I ViewRootImpl@af71697[VocabularyActivity]: ViewPostIme pointer 0
02-06 18:05:05.802  3012  7309 D InputDispatcher: Inject motion (20865): action=0x1, time=800052807000000, f=0x0, d=0
02-06 18:05:05.803  3012  3211 I InputDispatcher: Delivering touch to (20609): action: 0x1, f=0x0, d=0, '2813ac1', t=1 
02-06 18:05:05.803 20609 20609 I ViewRootImpl@af71697[VocabularyActivity]: ViewPostIme pointer 1
02-06 18:05:05.803 20609 20609 V MediaPlayerNative: isPlaying: no active player
02-06 18:05:05.816  2586  3433 V APM_AudioPolicyManager: getOutputForAttrInt() attributes={ Content type: AUDIO_CONTENT_TYPE_MUSIC Usage: AUDIO_USAGE_MEDIA Source: AUDIO_SOURCE_DEFAULT Flags: 0x800 Tags:  } stream=AUDIO_STREAM_MUSIC session 6009 selectedDeviceId 0
02-06 18:05:05.816  2586  3433 D APM::MultiSoundManager: getDevice, uid = 10584, device = 0
02-06 18:05:05.816  2586  3433 I APM_AudioPolicyManager: selectOutputFlags: remove ULL flag for dolby
02-06 18:05:05.816  2586  3433 V APM_AudioPolicyManager: getOutputForAttrInt() device {type:0x8000,@:0}, sampling rate 44100, format 0x1, channel mask 0x3, flags 0x40004 stream AUDIO_STREAM_MUSIC
02-06 18:05:05.816  2586  3433 V APM_AudioPolicyManager: selectOutput new bestOutput 53 criteria 0 0 0 0 0 0 4 0 
02-06 18:05:05.816  2586  3433 V APM_AudioPolicyManager: getOutputForAttrInt returns output 53 selectedDeviceId 389
02-06 18:05:05.816  2586  3433 V APM_AudioPolicyManager: getOutputForAttr() returns output 53 requestedPortId 0 selectedDeviceId 389 for port ID 672
02-06 18:05:05.816  2586  3433 I AudioFlinger: nonSecFlag 4, secFlag 40000, outputFlags 0
02-06 18:05:05.816  2586  3433 W AudioFlinger: createTrack_l(): mismatch between requested flags (00000004) and output flags (00000000)
02-06 18:05:05.817  2586  3433 I AF::Track: setMixerOutConfig return default condition, mixer key 2002, thread key 202
02-06 18:05:05.818 20609 20609 D AudioTrack: createTrack_l(123): AUDIO_OUTPUT_FLAG_FAST denied by server; frameCount 0 -> 4079
02-06 18:05:05.819 20609 20609 D AudioTrack: setVolume(0.600000, 0.600000) pid : 20609
02-06 18:05:05.819  2586  3433 I AF::Track: setMixerOutConfig return default condition, mixer key 2002, thread key 202
02-06 18:05:05.819  2586  3433 I HiddenSound: registerSession : session=6009, pid=20609, uid=10584, ref=1
02-06 18:05:05.819  2586  3433 I AudioPolicyEffectException: MySpaceHandler::checkDetachCondition media 1, ring 0, mp 0
02-06 18:05:05.819  2586  3433 I AudioPolicyEffectException: MySpace detach not mediaplayer
02-06 18:05:05.819  2586  3433 I AudioPolicyEffectException: MySpace detach value 1
02-06 18:05:05.819  2586  3433 V APM_AudioPolicyManager: startOutput portId 672
02-06 18:05:05.819  2586  3433 V APM_AudioPolicyManager: startOutput() output 53, stream 3, session 6009
02-06 18:05:05.819  2586  3433 V APM_AudioPolicyManager: setBeaconMute(1) mBeaconMuteRefCount=1 mBeaconPlayingRefCount=0
02-06 18:05:05.819  2586  3433 D APM::MultiSoundManager: getDevice, uid = 10584, device = 0
02-06 18:05:05.820  2586  3433 V APM_AudioPolicyManager: selectOutputForMusicEffects activeOnly 1 output 53 flags 0x00000000
02-06 18:05:05.820  2586  3433 V APM_AudioPolicyManager: selectOutputForMusicEffects selected output 53
02-06 18:05:05.820  2586  3433 V APM_AudioPolicyManager: getNewOutputDevices selected devices {type:0x8000,@:0}
02-06 18:05:05.820  2586  3433 V APM_AudioPolicyManager: setOutputDevices device {type:0x8000,@:0} delayMs 0
02-06 18:05:05.820  2586  3433 V APM_AudioPolicyManager: setOutputDevices() prevDevice {type:0x8000,@:0}
02-06 18:05:05.820  2586  3433 V APM_AudioPolicyManager: setOutputDevices: suppressing checkDeviceMuteStrategies
02-06 18:05:05.820  2586  3433 V APM_AudioPolicyManager: setOutputDevices setting same device {type:0x8000,@:0} or null device, force=0, patch handle=392
02-06 18:05:05.820  2586  3433 V APM_AudioPolicyManager: computeVolume: stream 3, index 9, volume 0.114815, deviceTypes 0x8000
02-06 18:05:05.820  2586  3433 V APM_AudioPolicyManager: computeVolume: stream 3, index 10, volume 0.147911, deviceTypes 0x8000
02-06 18:05:05.822  2586  3433 W APM::AudioPolicyEngine: getDevicesForStrategy() unknown strategy: -1
02-06 18:05:05.822  2586  3433 W APM::AudioPolicyEngine: getDevicesForStrategy() unknown strategy: -1
02-06 18:05:05.822  2586  3433 I AudioFlinger: updateStageIndex new -5302
02-06 18:05:05.824  2586 20376 D AudioFlinger: ro.audio.silent will be ignored for threads on AUDIO_DEVICE_OUT_REMOTE_SUBMIX
02-06 18:05:05.824  2586 20376 I AudioMixer: create resampler src 44100, 2, dst 48000, 2, q 8
02-06 18:05:05.824  3012  7309 I system_server: oneway function results will be dropped but finished with status OK and parcel size 4
02-06 18:05:05.824  2586 20376 D DlbDap2Process: setParam(preg = #1[0])
02-06 18:05:05.824  3012  7309 I power_partial_wake_state: [1,AudioMix:audioserver]
02-06 18:05:05.825  2586 20376 I SoundAlive_SRC384 arch64: SRC384 Create
02-06 18:05:05.825  2586 20376 I SoundAlive_SRC384 arch64: SoundAlive_SRC384() 
02-06 18:05:05.825  2586 20376 I SoundAlive_SRC384 arch64: SoundAlive_SRC384: Instance 0 Init(outFs 7, InFs 7, chnum 0, outBW 0, inBW 0)
02-06 18:05:05.825  3012  7309 I system_server: oneway function results will be dropped but finished with status OK and parcel size 4
02-06 18:05:05.825  2586 20376 I Samsung_SoundAlive_SRC arch64: SRC384 version Samsung SoundAlive SRC ver320 arch64  11.17.2019 (Cppref for ARM64, ver.300.c 32bit 07_10_2016 based)
02-06 18:05:05.825  2586 20376 D SoundAliveResampler: [SoundAliveResampler] Init+++
02-06 18:05:05.825  2586 20376 I SoundAlive_SRC384 arch64: SoundAlive_SRC384: Instance 0 Init(outFs 8, InFs 7, chnum 2, outBW 3, inBW 3)
02-06 18:05:05.825  2586 20376 I Samsung_SoundAlive_SRC arch64: SRC384 version Samsung SoundAlive SRC ver320 arch64  11.17.2019 (Cppref for ARM64, ver.300.c 32bit 07_10_2016 based)
02-06 18:05:05.826  2586 20376 I SoundAlive_SRC384 arch64: SRC384 Destroy
02-06 18:05:05.826  2586 20376 I SoundAlive_SRC384 arch64: ~SoundAlive_SRC384() 
02-06 18:05:05.827  2586  2703 V APM_AudioPolicyManager: releaseOutput portId 671
02-06 18:05:05.827  2586  2703 V APM_AudioPolicyManager: releaseOutput() 53
02-06 18:05:05.840  2589  2631 E Netd    : getNetworkForDns: getNetId from enterpriseCtrl is netid 0
02-06 18:05:05.857  2589  2631 E Netd    : getNetworkForDns: getNetId from enterpriseCtrl is netid 0
02-06 18:05:05.870  2586 20376 I SoundAlive_SRC384 arch64: SoundAlive_SRC384: Instance 0 Init(outFs 8, InFs 7, chnum 2, outBW 3, inBW 3)
02-06 18:05:05.870  2586 20376 I Samsung_SoundAlive_SRC arch64: SRC384 version Samsung SoundAlive SRC ver320 arch64  11.17.2019 (Cppref for ARM64, ver.300.c 32bit 07_10_2016 based)
02-06 18:05:05.878 20609 20609 I DecorView: [INFO] isPopOver=false, config=true
02-06 18:05:05.878 20609 20609 I DecorView: updateCaptionType >> DecorView@4c93faf[VocabularyActivity], isFloating=false, isApplication=true, hasWindowDecorCaption=false, hasWindowControllerCallback=false
02-06 18:05:05.878 20609 20609 D DecorView: setCaptionType = 0, this = DecorView@4c93faf[VocabularyActivity]
02-06 18:05:05.880  1093 20587 I OMX-VENC: venc_dev: stats: avg. fps 1.74, bitrate 4009
02-06 18:05:05.893 20284 20320 I MediaCodec: setCodecState state : 1
02-06 18:05:05.894 22522 22541 V ResourceManagerHelper-JNI: JNIMediaResourceHelper::notify eventType : 3, ext1 : 0, ext2 : 0
02-06 18:05:05.894 22522 22541 V ResourceManagerHelper-JNI: notify eventType : 3, ext1 : 0, ext2 : 0
02-06 18:05:05.894  8119  8119 I SemMediaResourceHelper: onState
02-06 18:05:05.894 22522 22543 I SemMediaResourceHelper: onState
02-06 18:05:05.898 22522 22543 I DrmMediaResourceHelper: onStateChanged size = 1
02-06 18:05:05.898 22522 22543 I DrmMediaResourceHelper: resource type: 2,,,isSecured :  falseIsEncoder : truegetCodecState : 1getpid : 20284
02-06 18:05:05.906  3012  7184 D InputTransport: Input channel constructed: 'ad2fe29', fd=544
02-06 18:05:05.906  3012  7184 D InputTransport: Input channel constructed: 'ad2fe29', fd=547
02-06 18:05:05.907   862   925 I SurfaceFlinger: id=106633 createSurf (0x0),-1 flag=80004, ad2fe29 com.kyowon.literacy.store/com.kyowon.literacy.ui.vocabulary.activity.VocabularyActivity#0
02-06 18:05:05.908  3012  7184 D InputTransport: Input channel destroyed: 'ad2fe29', fd=547
02-06 18:05:05.909 20609 20609 D InputTransport: Input channel constructed: 'ad2fe29', fd=193
02-06 18:05:05.912 20609 20609 I ViewRootImpl@877bac[VocabularyActivity]: setView = com.android.internal.policy.DecorView@4c93faf TM=true
02-06 18:05:05.912 20609 20609 D InsetsSourceConsumer: setRequestedVisible: visible=false, type=2, host=com.kyowon.literacy.store/com.kyowon.literacy.ui.vocabulary.activity.VocabularyActivity, from=android.view.InsetsSourceConsumer.hide:236 android.view.InsetsController.collectSourceControls:1172 android.view.InsetsController.controlAnimationUnchecked:1049 android.view.InsetsController.applyAnimation:1417 android.view.InsetsController.hide:984 android.view.InsetsController.hide:967 android.view.PendingInsetsController.hide:60 androidx.core.view.WindowInsetsControllerCompat$Impl30.hide:654 androidx.core.view.WindowInsetsControllerCompat.hide:189 com.kyowon.literacy.utils.SystemUiHelper.hideSystemUI:19 
02-06 18:05:05.912 20609 20609 D InsetsSourceConsumer: setRequestedVisible: visible=false, type=1, host=com.kyowon.literacy.store/com.kyowon.literacy.ui.vocabulary.activity.VocabularyActivity, from=android.view.InsetsSourceConsumer.hide:236 android.view.InsetsController.collectSourceControls:1172 android.view.InsetsController.controlAnimationUnchecked:1049 android.view.InsetsController.applyAnimation:1417 android.view.InsetsController.hide:984 android.view.InsetsController.hide:967 android.view.PendingInsetsController.hide:60 androidx.core.view.WindowInsetsControllerCompat$Impl30.hide:654 androidx.core.view.WindowInsetsControllerCompat.hide:189 com.kyowon.literacy.utils.SystemUiHelper.hideSystemUI:19 
02-06 18:05:05.913 20609 20609 D InsetsSourceConsumer: setRequestedVisible: visible=false, type=0, host=com.kyowon.literacy.store/com.kyowon.literacy.ui.vocabulary.activity.VocabularyActivity, from=android.view.InsetsSourceConsumer.hide:236 android.view.InsetsController.collectSourceControls:1172 android.view.InsetsController.controlAnimationUnchecked:1049 android.view.InsetsController.applyAnimation:1417 android.view.InsetsController.hide:984 android.view.InsetsController.hide:967 android.view.PendingInsetsController.hide:60 androidx.core.view.WindowInsetsControllerCompat$Impl30.hide:654 androidx.core.view.WindowInsetsControllerCompat.hide:189 com.kyowon.literacy.utils.SystemUiHelper.hideSystemUI:19 
02-06 18:05:05.922 20609 20609 W RecyclerView: No adapter attached; skipping layout
02-06 18:05:05.931 20609 20609 D ViewRootImpl@877bac[VocabularyActivity]: controlInsetsForCompatibility: hideByFlags=0x1, showByFlags=0x0, flags=0x1810500, sysUiVis=0x0, matchParent=true, nonAttachedAppWindow=true
02-06 18:05:05.939  3012  7309 V WindowManager: Relayout Window{ad2fe29 u0 com.kyowon.literacy.store/com.kyowon.literacy.ui.vocabulary.activity.VocabularyActivity}: viewVisibility=0 req=2000x1200
02-06 18:05:05.950  3012  7309 D WindowManager: isScreenshotDisabledLocked - win: Window{ad2fe29 u0 com.kyowon.literacy.store/com.kyowon.literacy.ui.vocabulary.activity.VocabularyActivity}
02-06 18:05:05.950  3012  7309 D WindowManager: isScreenshotDisabledLocked: userId = 0, disabled =false
02-06 18:05:05.951   862  1520 I SurfaceFlinger: id=106634 createSurf (2000x1200),1 flag=4, com.kyowon.literacy.store/com.kyowon.literacy.ui.vocabulary.activity.VocabularyActivity$_20609#0
02-06 18:05:05.952  3012  7309 D WindowManager: makeSurface duration=1 name=com.kyowon.literacy.store/com.kyowon.literacy.ui.vocabulary.activity.VocabularyActivity$_20609
02-06 18:05:05.955  2586 20376 D DlbDap2Process: setParam(preg = #1[-2080])
02-06 18:05:05.956  2586  2703 I HiddenSound: unregisterSession : session=6009
02-06 18:05:05.956  2586  2703 V APM_AudioPolicyManager: stopOutput portId 672
02-06 18:05:05.956  2586  2703 V APM_AudioPolicyManager: stopOutput() output 53, stream 3, session 6009
02-06 18:05:05.956  2586  2703 V APM_AudioPolicyManager: setBeaconMute(1) mBeaconMuteRefCount=0 mBeaconPlayingRefCount=0
02-06 18:05:05.956  2586  2703 V APM_AudioPolicyManager: getNewOutputDevices selected devices AUDIO_DEVICE_NONE
02-06 18:05:05.956  2586  2703 V APM_AudioPolicyManager: setOutputDevices device AUDIO_DEVICE_NONE delayMs 170
02-06 18:05:05.956  3012  7145 I power_partial_wake_state: [131,AudioMix:audioserver]
02-06 18:05:05.956  2586  2703 V APM_AudioPolicyManager: setOutputDevices() prevDevice {type:0x8000,@:0}
02-06 18:05:05.956  3012  7145 I system_server: oneway function results will be dropped but finished with status OK and parcel size 4
02-06 18:05:05.957  2586  2703 V APM_AudioPolicyManager: setOutputDevices setting same device AUDIO_DEVICE_NONE or null device, force=0, patch handle=392
02-06 18:05:05.958  3012  7309 V WindowManager: Changing focus from Window{2813ac1 u0 com.kyowon.literacy.store/com.kyowon.literacy.ui.vocabulary.activity.VocabularyActivity} to Window{ad2fe29 u0 com.kyowon.literacy.store/com.kyowon.literacy.ui.vocabulary.activity.VocabularyActivity} displayId=0 Callers=com.android.server.wm.RootWindowContainer.updateFocusedWindowLocked:566 com.android.server.wm.WindowManagerService.updateFocusedWindowLocked:6311 com.android.server.wm.WindowManagerService.relayoutWindow:2713 com.android.server.wm.Session.relayout:219 
02-06 18:05:05.958  2586  2703 W APM::AudioPolicyEngine: getDevicesForStrategy() unknown strategy: -1
02-06 18:05:05.958  3012 11602 I SystemUiVisibilityPolicyController: handleMessage: entry what = 1
02-06 18:05:05.958  2586  2703 W APM::AudioPolicyEngine: getDevicesForStrategy() unknown strategy: -1
02-06 18:05:05.958  3012  7309 I WindowManager: Cancelling animation restarting=true, leash=Surface(name=Surface(name=7bc7528 StatusBar)/@0x1c523a8 - animation-leash)/@0x19f218b
02-06 18:05:05.959  3012  7309 I WindowManager: Reparenting to original parent: Surface(name=WindowToken{345974b android.os.BinderProxy@ae17ec5})/@0xdbd8ec1, destroy=false, surface=Surface(name=7bc7528 StatusBar)/@0x1c523a8
02-06 18:05:05.959  3012  7309 I SurfaceControl: nativeRelease nativeObject s[-5476376618311826272]
02-06 18:05:05.959  3012  7309 I SurfaceControl: nativeRelease nativeObject e[-5476376618311826272]
02-06 18:05:05.959  2586  2703 V APM_AudioPolicyManager: selectOutputForMusicEffects selected output 53
02-06 18:05:05.959  3012  7309 I WindowManager: Reparenting to leash, surface=Surface(name=7bc7528 StatusBar)/@0x1c523a8, leashParent=Surface(name=WindowToken{345974b android.os.BinderProxy@ae17ec5})/@0xdbd8ec1
02-06 18:05:05.959   862  2572 I SurfaceFlinger: id=106635 createSurf (0x0),-1 flag=24004, Surface(name=7bc7528 StatusBar)/@0x1c523a8 - animation-leash#1
02-06 18:05:05.960  3012  7309 D WindowManager: makeSurface duration=1 leash=Surface(name=Surface(name=7bc7528 StatusBar)/@0x1c523a8 - animation-leash)/@0xadcf6dc
02-06 18:05:05.960  3012  7309 I WindowManager: Cancelling animation restarting=true, leash=Surface(name=Surface(name=8b29ede NavigationBar0)/@0x69dbda7 - animation-leash)/@0x8447681
02-06 18:05:05.960  3012  7309 I WindowManager: Reparenting to original parent: Surface(name=WindowToken{96fa963 android.os.BinderProxy@332cd1d})/@0x71cd254, destroy=false, surface=Surface(name=8b29ede NavigationBar0)/@0x69dbda7
02-06 18:05:05.960  3012  7309 I SurfaceControl: nativeRelease nativeObject s[-5476376618311827392]
02-06 18:05:05.960  3012  7309 I SurfaceControl: nativeRelease nativeObject e[-5476376618311827392]
02-06 18:05:05.960  3012  7309 I WindowManager: Reparenting to leash, surface=Surface(name=8b29ede NavigationBar0)/@0x69dbda7, leashParent=Surface(name=WindowToken{96fa963 android.os.BinderProxy@332cd1d})/@0x71cd254
02-06 18:05:05.961   862  1520 I SurfaceFlinger: id=106636 createSurf (0x0),-1 flag=24004, Surface(name=8b29ede NavigationBar0)/@0x69dbda7 - animation-leash#0
02-06 18:05:05.961  3012  7309 D WindowManager: makeSurface duration=0 leash=Surface(name=Surface(name=8b29ede NavigationBar0)/@0x69dbda7 - animation-leash)/@0x435aeba
02-06 18:05:05.962  3012  7309 D StatusBarManagerService: notifyRequestedSystemKey recent=false home=false
02-06 18:05:05.965  3435  3435 V Navbar.Store: handleEvent [EventType] ON_NAVBAR_WINDOW_STATE_SHOWING [Module] NavigationBarFragment
02-06 18:05:05.965  3905  8008 I TouchInteractionService: onSystemUiStateChanged, stateFlags : 0
02-06 18:05:05.966  3905  3905 I TouchInteractionService: onSystemUiFlagsChanged, userUnlocked
02-06 18:05:05.968  3012  7309 V WindowManager: Relayout hash=ad2fe29, pid=20609: mAttrs={(0,0)(fillxfill) gr=CENTER sim={adjust=pan} ty=APPLICATION fmt=TRANSPARENT wanim=0x1030000
02-06 18:05:05.968  3012  7309 V WindowManager:   fl=1810500
02-06 18:05:05.968  3012  7309 V WindowManager:   pfl=1a020000
02-06 18:05:05.968  3012  7309 V WindowManager:   apr=LIGHT_NAVIGATION_BARS
02-06 18:05:05.968  3012  7309 V WindowManager:   bhv=SHOW_TRANSIENT_BARS_BY_SWIPE
02-06 18:05:05.968  3012  7309 V WindowManager:   fitSides= naviIconColor=0
02-06 18:05:05.968  3012  7309 V WindowManager:   sfl=100000}
02-06 18:05:05.968  3012  7309 I SurfaceControl: nativeRelease nativeObject s[-5476376620412061824]
02-06 18:05:05.968  3012  7309 I SurfaceControl: nativeRelease nativeObject e[-5476376620412061824]
02-06 18:05:05.970 20609 20609 I SurfaceControl: assignNativeObject: nativeObject = 0 Surface(name=null)/@0xf90796e / android.view.SurfaceControl.readFromParcel:1117 android.view.IWindowSession$Stub$Proxy.relayout:1820 android.view.ViewRootImpl.relayoutWindow:9005 android.view.ViewRootImpl.performTraversals:3360 android.view.ViewRootImpl.doTraversal:2618 android.view.ViewRootImpl$TraversalRunnable.run:9971 android.view.Choreographer$CallbackRecord.run:1010 android.view.Choreographer.doCallbacks:809 android.view.Choreographer.doFrame:744 android.view.Choreographer$FrameDisplayEventReceiver.run:995 
02-06 18:05:05.971 20609 20609 I ViewRootImpl@877bac[VocabularyActivity]: Relayout returned: old=(0,0,2000,1200) new=(0,0,2000,1200) req=(2000,1200)0 dur=33 res=0x7 s={true -5476376620384694272} ch=true fn=-1
02-06 18:05:05.983   862   924 I Layer   : id=106632 removeFromCurrentState Surface(name=8b29ede NavigationBar0)/@0x69dbda7 - animation-leash#1 (74)
02-06 18:05:05.983   862   924 I Layer   : id=100949 removeFromCurrentState 8b29ede NavigationBar0#0 (74)
02-06 18:05:05.983   862   924 I Layer   : id=100958 removeFromCurrentState NavigationBar0$_3435#0 (74)
02-06 18:05:05.983   862   924 I Layer   : id=106631 removeFromCurrentState Surface(name=7bc7528 StatusBar)/@0x1c523a8 - animation-leash#0 (74)
02-06 18:05:05.991  3435  3435 V Navbar.Store: handleEvent [EventType] ON_NAVBAR_WINDOW_STATE_HIDDEN [Module] NavigationBarFragment
02-06 18:05:05.992  3905  8008 I TouchInteractionService: onSystemUiStateChanged, stateFlags : 2
02-06 18:05:05.993  3905  3905 I TouchInteractionService: onSystemUiFlagsChanged, userUnlocked
02-06 18:05:05.996  3012  4712 D BatteryService: Sending ACTION_BATTERY_CHANGED. scale:100, info:{.chargerAcOnline = false, .chargerUsbOnline = true, .chargerWirelessOnline = false, .maxChargingCurrent = 500000, .maxChargingVoltage = 5000000, .batteryStatus = CHARGING, .batteryHealth = GOOD, .batteryPresent = true, .batteryLevel = 5, .batteryVoltage = 3655, .batteryTemperature = 335, .batteryCurrent = -690460, .batteryCycleCount = 116, .batteryFullCharge = 7063000, .batteryChargeCounter = 2343510, .batteryTechnology = Li-ion}
02-06 18:05:06.000  3012  7150 D WindowManager: finishDrawingWindow: Window{ad2fe29 u0 com.kyowon.literacy.store/com.kyowon.literacy.ui.vocabulary.activity.VocabularyActivity} mDrawState=DRAW_PENDING
02-06 18:05:06.000  3012  4712 D BatteryService: online:4, current avg:0, charge type:1, POGO powered:false, power sharing:false, high voltage charger:false, charger_type:0, capacity:280000, misc_event:0x0, current_event:0x0, current_now:-690460
02-06 18:05:06.004  3012  7309 I InputDispatcher: Focus left window (20609): 2813ac1 in display 0 0
02-06 18:05:06.008  3012  4712 D PowerManagerUtil: Excessive delay in BatteryService : sendIntentLocked(): 12ms
02-06 18:05:06.010  3012  3201 D MotionRecognitionService:   onReceive : ACTION_BATTERY_CHANGED, Plugged: 2
02-06 18:05:06.010  3012  3012 D PhoneWindowManagerExt: ACTION_BATTERY_CHANGED - Level=5, status=2
02-06 18:05:06.010  3012  3201 I MotionRecognitionService: [TA] In/out: true, curr state: 1
02-06 18:05:06.011  3012  3012 D SemWifiApBroadcastReceiver: Received : android.intent.action.BATTERY_CHANGED
02-06 18:05:06.013 20609 20609 I SurfaceControl: nativeRelease nativeObject s[-5476376618213698112]
02-06 18:05:06.013 20609 20609 I SurfaceControl: nativeRelease nativeObject e[-5476376618213698112]
02-06 18:05:06.014 20609 20609 I SurfaceControl: nativeRelease nativeObject s[-5476376618213693152]
02-06 18:05:06.014 20609 20609 I SurfaceControl: nativeRelease nativeObject e[-5476376618213693152]
02-06 18:05:06.014 20609 20609 I SurfaceControl: nativeRelease nativeObject s[-5476376618213696512]
02-06 18:05:06.014 20609 20609 I SurfaceControl: nativeRelease nativeObject e[-5476376618213696512]
