02-06 18:16:10.742  3012  7184 V WindowManager: Changing focus from Window{83042bd u0 com.kyowon.literacy.store/com.kyowon.literacy.ui.main.activity.MainActivity} to Window{ddd19de u0 com.kyowon.literacy.store/com.kyowon.literacy.ui.main.activity.MainActivity} displayId=0 Callers=com.android.server.wm.RootWindowContainer.updateFocusedWindowLocked:566 com.android.server.wm.WindowManagerService.updateFocusedWindowLocked:6311 com.android.server.wm.WindowState.removeIfPossible:2839 com.android.server.wm.WindowState.removeIfPossible:2688 
02-06 18:16:10.743   862   924 I SurfaceFlinger: id=110506 Removed 83042bd com.kyowon.literacy.store/com.kyowon.literacy.ui.main.activity.MainActivity#0 (79)
02-06 18:16:10.871   862  1520 I SurfaceFlinger: id=110514 createSurf (0x0),-1 flag=80004, 8ba5e09 com.kyowon.literacy.store/com.kyowon.literacy.ui.main.activity.MainActivity#0
02-06 18:16:10.878  4843  4843 D InsetsSourceConsumer: setRequestedVisible: visible=false, type=2, host=com.kyowon.literacy.store/com.kyowon.literacy.ui.main.activity.MainActivity, from=android.view.InsetsSourceConsumer.hide:236 android.view.InsetsController.collectSourceControls:1172 android.view.InsetsController.controlAnimationUnchecked:1049 android.view.InsetsController.applyAnimation:1417 android.view.InsetsController.hide:984 android.view.InsetsController.hide:967 android.view.PendingInsetsController.hide:60 androidx.core.view.WindowInsetsControllerCompat$Impl30.hide:654 androidx.core.view.WindowInsetsControllerCompat.hide:189 com.kyowon.literacy.utils.SystemUiHelper.hideSystemUI:19 
02-06 18:16:10.878  4843  4843 D InsetsSourceConsumer: setRequestedVisible: visible=false, type=1, host=com.kyowon.literacy.store/com.kyowon.literacy.ui.main.activity.MainActivity, from=android.view.InsetsSourceConsumer.hide:236 android.view.InsetsController.collectSourceControls:1172 android.view.InsetsController.controlAnimationUnchecked:1049 android.view.InsetsController.applyAnimation:1417 android.view.InsetsController.hide:984 android.view.InsetsController.hide:967 android.view.PendingInsetsController.hide:60 androidx.core.view.WindowInsetsControllerCompat$Impl30.hide:654 androidx.core.view.WindowInsetsControllerCompat.hide:189 com.kyowon.literacy.utils.SystemUiHelper.hideSystemUI:19 
02-06 18:16:10.878  4843  4843 D InsetsSourceConsumer: setRequestedVisible: visible=false, type=0, host=com.kyowon.literacy.store/com.kyowon.literacy.ui.main.activity.MainActivity, from=android.view.InsetsSourceConsumer.hide:236 android.view.InsetsController.collectSourceControls:1172 android.view.InsetsController.controlAnimationUnchecked:1049 android.view.InsetsController.applyAnimation:1417 android.view.InsetsController.hide:984 android.view.InsetsController.hide:967 android.view.PendingInsetsController.hide:60 androidx.core.view.WindowInsetsControllerCompat$Impl30.hide:654 androidx.core.view.WindowInsetsControllerCompat.hide:189 com.kyowon.literacy.utils.SystemUiHelper.hideSystemUI:19 
02-06 18:16:10.890  3012  7153 V WindowManager: Relayout Window{8ba5e09 u0 com.kyowon.literacy.store/com.kyowon.literacy.ui.main.activity.MainActivity}: viewVisibility=0 req=2000x1200
02-06 18:16:10.899  3012  7153 D WindowManager: isScreenshotDisabledLocked - win: Window{8ba5e09 u0 com.kyowon.literacy.store/com.kyowon.literacy.ui.main.activity.MainActivity}
02-06 18:16:10.900   862   925 I SurfaceFlinger: id=110515 createSurf (2000x1200),1 flag=4, com.kyowon.literacy.store/com.kyowon.literacy.ui.main.activity.MainActivity$_4843#0
02-06 18:16:10.901  3012  7153 D WindowManager: makeSurface duration=3 name=com.kyowon.literacy.store/com.kyowon.literacy.ui.main.activity.MainActivity$_4843
02-06 18:16:10.904  3012  7153 V WindowManager: Changing focus from Window{ddd19de u0 com.kyowon.literacy.store/com.kyowon.literacy.ui.main.activity.MainActivity} to Window{8ba5e09 u0 com.kyowon.literacy.store/com.kyowon.literacy.ui.main.activity.MainActivity} displayId=0 Callers=com.android.server.wm.RootWindowContainer.updateFocusedWindowLocked:566 com.android.server.wm.WindowManagerService.updateFocusedWindowLocked:6311 com.android.server.wm.WindowManagerService.relayoutWindow:2713 com.android.server.wm.Session.relayout:219 
02-06 18:16:10.922   862   862 I Layer   : id=110506[1] Destroyed 83042bd com.kyowon.literacy.store/com.kyowon.literacy.ui.main.activity.MainActivity#0
02-06 18:16:10.943   862   862 I Layer   : id=110507[1] Destroyed com.kyowon.literacy.store/com.kyowon.literacy.ui.main.activity.MainActivity$_4843#0
02-06 18:16:10.953  3012  7184 D WindowManager: finishDrawingWindow: Window{8ba5e09 u0 com.kyowon.literacy.store/com.kyowon.literacy.ui.main.activity.MainActivity} mDrawState=DRAW_PENDING
02-06 18:16:11.025   862   862 D SurfaceFlinger:      DEVICE | 0xb400007ac04d16a0 | 0002 | RGBA_8888    |    0.0    0.0 1200.0 2000.0 |    0    0 1200 2000 | com.kyowon.literacy.store/com.kyowon[...]i.main.activity.MainActivity$_4843#1
02-06 18:16:11.099   862   862 D SurfaceFlinger:      DEVICE | 0xb400007ac04d1470 | 0002 | RGBA_8888    |    0.0    0.0 1200.0 2000.0 |    0    0 1200 2000 | com.kyowon.literacy.store/com.kyowon[...]i.main.activity.MainActivity$_4843#1
02-06 18:16:11.099   862   862 D SurfaceFlinger:      CLIENT | 0xb400007ac04d1a20 | 0000 | RGBA_8888    |    0.0    0.0 1200.0 2000.0 |    0    0 1200 2000 | com.kyowon.literacy.store/com.kyowon[...]i.main.activity.MainActivity$_4843#0
02-06 18:16:11.145  3012  7184 I WindowManager: Destroying surface Surface(name=com.kyowon.literacy.store/com.kyowon.literacy.ui.main.activity.MainActivity$_4843)/@0xb1a1827 called by com.android.server.wm.WindowStateAnimator.destroySurface:1794 com.android.server.wm.WindowStateAnimator.destroySurfaceLocked:765 com.android.server.wm.WindowState.removeImmediately:2665 com.android.server.wm.WindowState.removeIfPossible:2830 com.android.server.wm.WindowState.removeIfPossible:2688 com.android.server.wm.WindowManagerService.removeWindow:2186 com.android.server.wm.Session.remove:199 android.view.IWindowSession$Stub.onTransact:813 
02-06 18:16:11.145   862   925 I Layer   : id=110515 removeFromCurrentState com.kyowon.literacy.store/com.kyowon.literacy.ui.main.activity.MainActivity$_4843#0 (82)
02-06 18:16:11.145   862   925 I SurfaceFlinger: id=110515 Removed com.kyowon.literacy.store/com.kyowon.literacy.ui.main.activity.MainActivity$_4843#0 (82)
02-06 18:16:11.162   862   862 I Layer   : id=110515[1] Destroyed com.kyowon.literacy.store/com.kyowon.literacy.ui.main.activity.MainActivity$_4843#0
02-06 18:16:11.174   862  2572 I Layer   : id=110514 removeFromCurrentState 8ba5e09 com.kyowon.literacy.store/com.kyowon.literacy.ui.main.activity.MainActivity#0 (81)
02-06 18:16:11.176  3012  7184 V WindowManager: Changing focus from Window{8ba5e09 u0 com.kyowon.literacy.store/com.kyowon.literacy.ui.main.activity.MainActivity} to Window{ddd19de u0 com.kyowon.literacy.store/com.kyowon.literacy.ui.main.activity.MainActivity} displayId=0 Callers=com.android.server.wm.RootWindowContainer.updateFocusedWindowLocked:566 com.android.server.wm.WindowManagerService.updateFocusedWindowLocked:6311 com.android.server.wm.WindowState.removeIfPossible:2839 com.android.server.wm.WindowState.removeIfPossible:2688 
02-06 18:16:11.178   862  2572 I SurfaceFlinger: id=110514 Removed 8ba5e09 com.kyowon.literacy.store/com.kyowon.literacy.ui.main.activity.MainActivity#0 (81)
02-06 18:16:11.210   862   862 D SurfaceFlinger:      DEVICE | 0xb400007ac04d16a0 | 0002 | RGBA_8888    |    0.0    0.0 1200.0 2000.0 |    0    0 1200 2000 | com.kyowon.literacy.store/com.kyowon[...]i.main.activity.MainActivity$_4843#1
02-06 18:16:11.214   862   862 I Layer   : id=110514[1] Destroyed 8ba5e09 com.kyowon.literacy.store/com.kyowon.literacy.ui.main.activity.MainActivity#0
02-06 18:16:11.289   862  2572 I SurfaceFlinger: id=110522 createSurf (0x0),-1 flag=80004, 37f96a5 com.kyowon.literacy.store/com.kyowon.literacy.ui.main.activity.MainActivity#0
02-06 18:16:11.308  4843  4843 D InsetsSourceConsumer: setRequestedVisible: visible=false, type=2, host=com.kyowon.literacy.store/com.kyowon.literacy.ui.main.activity.MainActivity, from=android.view.InsetsSourceConsumer.hide:236 android.view.InsetsController.collectSourceControls:1172 android.view.InsetsController.controlAnimationUnchecked:1049 android.view.InsetsController.applyAnimation:1417 android.view.InsetsController.hide:984 android.view.InsetsController.hide:967 android.view.PendingInsetsController.hide:60 androidx.core.view.WindowInsetsControllerCompat$Impl30.hide:654 androidx.core.view.WindowInsetsControllerCompat.hide:189 com.kyowon.literacy.utils.SystemUiHelper.hideSystemUI:19 
02-06 18:16:11.308  4843  4843 D InsetsSourceConsumer: setRequestedVisible: visible=false, type=1, host=com.kyowon.literacy.store/com.kyowon.literacy.ui.main.activity.MainActivity, from=android.view.InsetsSourceConsumer.hide:236 android.view.InsetsController.collectSourceControls:1172 android.view.InsetsController.controlAnimationUnchecked:1049 android.view.InsetsController.applyAnimation:1417 android.view.InsetsController.hide:984 android.view.InsetsController.hide:967 android.view.PendingInsetsController.hide:60 androidx.core.view.WindowInsetsControllerCompat$Impl30.hide:654 androidx.core.view.WindowInsetsControllerCompat.hide:189 com.kyowon.literacy.utils.SystemUiHelper.hideSystemUI:19 
02-06 18:16:11.309  4843  4843 D InsetsSourceConsumer: setRequestedVisible: visible=false, type=0, host=com.kyowon.literacy.store/com.kyowon.literacy.ui.main.activity.MainActivity, from=android.view.InsetsSourceConsumer.hide:236 android.view.InsetsController.collectSourceControls:1172 android.view.InsetsController.controlAnimationUnchecked:1049 android.view.InsetsController.applyAnimation:1417 android.view.InsetsController.hide:984 android.view.InsetsController.hide:967 android.view.PendingInsetsController.hide:60 androidx.core.view.WindowInsetsControllerCompat$Impl30.hide:654 androidx.core.view.WindowInsetsControllerCompat.hide:189 com.kyowon.literacy.utils.SystemUiHelper.hideSystemUI:19 
02-06 18:16:11.356   862   862 D SurfaceFlinger:      DEVICE | 0xb400007ac04d16a0 | 0002 | RGBA_8888    |    0.0    0.0 1200.0 2000.0 |    0    0 1200 2000 | com.kyowon.literacy.store/com.kyowon[...]i.main.activity.MainActivity$_4843#1
02-06 18:16:11.379  3012  7153 V WindowManager: Relayout Window{37f96a5 u0 com.kyowon.literacy.store/com.kyowon.literacy.ui.main.activity.MainActivity}: viewVisibility=0 req=2000x1200
02-06 18:16:11.385  3012  7153 D WindowManager: isScreenshotDisabledLocked - win: Window{37f96a5 u0 com.kyowon.literacy.store/com.kyowon.literacy.ui.main.activity.MainActivity}
02-06 18:16:11.386   862   925 I SurfaceFlinger: id=110523 createSurf (2000x1200),1 flag=4, com.kyowon.literacy.store/com.kyowon.literacy.ui.main.activity.MainActivity$_4843#0
02-06 18:16:11.389  3012  7153 D WindowManager: makeSurface duration=3 name=com.kyowon.literacy.store/com.kyowon.literacy.ui.main.activity.MainActivity$_4843
02-06 18:16:11.390  3012  7153 V WindowManager: Changing focus from Window{ddd19de u0 com.kyowon.literacy.store/com.kyowon.literacy.ui.main.activity.MainActivity} to Window{37f96a5 u0 com.kyowon.literacy.store/com.kyowon.literacy.ui.main.activity.MainActivity} displayId=0 Callers=com.android.server.wm.RootWindowContainer.updateFocusedWindowLocked:566 com.android.server.wm.WindowManagerService.updateFocusedWindowLocked:6311 com.android.server.wm.WindowManagerService.relayoutWindow:2713 com.android.server.wm.Session.relayout:219 
02-06 18:16:11.459  3012  8462 D WindowManager: finishDrawingWindow: Window{37f96a5 u0 com.kyowon.literacy.store/com.kyowon.literacy.ui.main.activity.MainActivity} mDrawState=DRAW_PENDING
02-06 18:16:11.478  3012  8462 I WindowManager: Destroying surface Surface(name=com.kyowon.literacy.store/com.kyowon.literacy.ui.main.activity.MainActivity$_4843)/@0x87e2b91 called by com.android.server.wm.WindowStateAnimator.destroySurface:1794 com.android.server.wm.WindowStateAnimator.destroySurfaceLocked:765 com.android.server.wm.WindowState.removeImmediately:2665 com.android.server.wm.WindowState.removeIfPossible:2830 com.android.server.wm.WindowState.removeIfPossible:2688 com.android.server.wm.WindowManagerService.removeWindow:2186 com.android.server.wm.Session.remove:199 android.view.IWindowSession$Stub.onTransact:813 
02-06 18:16:11.478   862   924 I Layer   : id=110523 removeFromCurrentState com.kyowon.literacy.store/com.kyowon.literacy.ui.main.activity.MainActivity$_4843#0 (72)
02-06 18:16:11.480   862   925 I Layer   : id=110522 removeFromCurrentState 37f96a5 com.kyowon.literacy.store/com.kyowon.literacy.ui.main.activity.MainActivity#0 (72)
02-06 18:16:11.481  3012  8462 V WindowManager: Changing focus from Window{37f96a5 u0 com.kyowon.literacy.store/com.kyowon.literacy.ui.main.activity.MainActivity} to Window{ddd19de u0 com.kyowon.literacy.store/com.kyowon.literacy.ui.main.activity.MainActivity} displayId=0 Callers=com.android.server.wm.RootWindowContainer.updateFocusedWindowLocked:566 com.android.server.wm.WindowManagerService.updateFocusedWindowLocked:6311 com.android.server.wm.WindowState.removeIfPossible:2839 com.android.server.wm.WindowState.removeIfPossible:2688 
02-06 18:16:11.482   862   925 I SurfaceFlinger: id=110523 Removed com.kyowon.literacy.store/com.kyowon.literacy.ui.main.activity.MainActivity$_4843#0 (72)
02-06 18:16:11.482   862   925 I SurfaceFlinger: id=110522 Removed 37f96a5 com.kyowon.literacy.store/com.kyowon.literacy.ui.main.activity.MainActivity#0 (72)
02-06 18:16:11.497   862   862 I Layer   : id=110522[1] Destroyed 37f96a5 com.kyowon.literacy.store/com.kyowon.literacy.ui.main.activity.MainActivity#0
02-06 18:16:11.497   862   862 I Layer   : id=110523[1] Destroyed com.kyowon.literacy.store/com.kyowon.literacy.ui.main.activity.MainActivity$_4843#0
02-06 18:16:11.500   862   924 I SurfaceFlinger: id=110528 createSurf (0x0),-1 flag=80004, 941c393 com.kyowon.literacy.store/com.kyowon.literacy.ui.main.activity.MainActivity#0
02-06 18:16:11.505  4843  4843 D InsetsSourceConsumer: setRequestedVisible: visible=false, type=2, host=com.kyowon.literacy.store/com.kyowon.literacy.ui.main.activity.MainActivity, from=android.view.InsetsSourceConsumer.hide:236 android.view.InsetsController.collectSourceControls:1172 android.view.InsetsController.controlAnimationUnchecked:1049 android.view.InsetsController.applyAnimation:1417 android.view.InsetsController.hide:984 android.view.InsetsController.hide:967 android.view.PendingInsetsController.hide:60 androidx.core.view.WindowInsetsControllerCompat$Impl30.hide:654 androidx.core.view.WindowInsetsControllerCompat.hide:189 com.kyowon.literacy.utils.SystemUiHelper.hideSystemUI:19 
02-06 18:16:11.505  4843  4843 D InsetsSourceConsumer: setRequestedVisible: visible=false, type=1, host=com.kyowon.literacy.store/com.kyowon.literacy.ui.main.activity.MainActivity, from=android.view.InsetsSourceConsumer.hide:236 android.view.InsetsController.collectSourceControls:1172 android.view.InsetsController.controlAnimationUnchecked:1049 android.view.InsetsController.applyAnimation:1417 android.view.InsetsController.hide:984 android.view.InsetsController.hide:967 android.view.PendingInsetsController.hide:60 androidx.core.view.WindowInsetsControllerCompat$Impl30.hide:654 androidx.core.view.WindowInsetsControllerCompat.hide:189 com.kyowon.literacy.utils.SystemUiHelper.hideSystemUI:19 
02-06 18:16:11.506  4843  4843 D InsetsSourceConsumer: setRequestedVisible: visible=false, type=0, host=com.kyowon.literacy.store/com.kyowon.literacy.ui.main.activity.MainActivity, from=android.view.InsetsSourceConsumer.hide:236 android.view.InsetsController.collectSourceControls:1172 android.view.InsetsController.controlAnimationUnchecked:1049 android.view.InsetsController.applyAnimation:1417 android.view.InsetsController.hide:984 android.view.InsetsController.hide:967 android.view.PendingInsetsController.hide:60 androidx.core.view.WindowInsetsControllerCompat$Impl30.hide:654 androidx.core.view.WindowInsetsControllerCompat.hide:189 com.kyowon.literacy.utils.SystemUiHelper.hideSystemUI:19 
02-06 18:16:11.547  3012  3061 D GameManagerService: notePauseComponent(), received paused-component: com.kyowon.literacy.store
02-06 18:16:11.549  3012  7898 D WindowManager: rotationForOrientation, orientationSource=ActivityRecord{d5c4885 u0 com.kyowon.literacy.store/com.kyowon.literacy.ui.main.activity.MainActivity t3753}
02-06 18:16:11.554  3012  7898 V WindowManager: Changing focus from Window{ddd19de u0 com.kyowon.literacy.store/com.kyowon.literacy.ui.main.activity.MainActivity} to null displayId=0 Callers=com.android.server.wm.RootWindowContainer.updateFocusedWindowLocked:566 com.android.server.wm.WindowManagerService.updateFocusedWindowLocked:6311 com.android.server.wm.DisplayContent.setFocusedApp:6776 com.android.server.wm.ActivityTaskManagerService.setResumedActivityUncheckLocked:6725 
02-06 18:16:11.568  4843  4843 V InputMethodManager: Starting input: tba=com.kyowon.literacy.store ic=null mNaviBarColor -855310 mIsGetNaviBarColorSuccess true , NavVisible : true , NavTrans : false
02-06 18:16:11.594  3012  3323 D PkgPredictorService-NapClassifier: Predict result: 86.0,2.0,0.0, - [0_&_com.kyowon.literacy.store, 0_&_kr.co.kyowon.launcher, 0_&_com.android.vending]
02-06 18:16:11.600  3012  7184 V WindowManager: Relayout Window{941c393 u0 com.kyowon.literacy.store/com.kyowon.literacy.ui.main.activity.MainActivity}: viewVisibility=0 req=2000x1200
02-06 18:16:11.603  3012  7184 D WindowManager: isScreenshotDisabledLocked - win: Window{941c393 u0 com.kyowon.literacy.store/com.kyowon.literacy.ui.main.activity.MainActivity}
02-06 18:16:11.604   862  1519 I SurfaceFlinger: id=110532 createSurf (2000x1200),1 flag=4, com.kyowon.literacy.store/com.kyowon.literacy.ui.main.activity.MainActivity$_4843#0
02-06 18:16:11.605  3012  7184 D WindowManager: makeSurface duration=1 name=com.kyowon.literacy.store/com.kyowon.literacy.ui.main.activity.MainActivity$_4843
02-06 18:16:11.684  3012  7153 D WindowManager: finishDrawingWindow: Window{941c393 u0 com.kyowon.literacy.store/com.kyowon.literacy.ui.main.activity.MainActivity} mDrawState=DRAW_PENDING
02-06 18:16:11.701  3012  3935 I WindowManager: Destroying surface Surface(name=com.kyowon.literacy.store/com.kyowon.literacy.ui.main.activity.MainActivity$_4843)/@0x52f91bc called by com.android.server.wm.WindowStateAnimator.destroySurface:1794 com.android.server.wm.WindowStateAnimator.destroySurfaceLocked:765 com.android.server.wm.WindowState.removeImmediately:2665 com.android.server.wm.WindowState.removeIfPossible:2830 com.android.server.wm.WindowState.removeIfPossible:2688 com.android.server.wm.WindowManagerService.removeWindow:2186 com.android.server.wm.Session.remove:199 android.view.IWindowSession$Stub.onTransact:813 
02-06 18:16:11.702   862   924 I Layer   : id=110532 removeFromCurrentState com.kyowon.literacy.store/com.kyowon.literacy.ui.main.activity.MainActivity$_4843#0 (77)
02-06 18:16:11.706   862   924 I Layer   : id=110528 removeFromCurrentState 941c393 com.kyowon.literacy.store/com.kyowon.literacy.ui.main.activity.MainActivity#0 (79)
02-06 18:16:11.709   862  1519 I SurfaceFlinger: id=110532 Removed com.kyowon.literacy.store/com.kyowon.literacy.ui.main.activity.MainActivity$_4843#0 (79)
02-06 18:16:11.709   862  1519 I SurfaceFlinger: id=110528 Removed 941c393 com.kyowon.literacy.store/com.kyowon.literacy.ui.main.activity.MainActivity#0 (79)
02-06 18:16:11.714   862   924 I SurfaceFlinger: id=110535 createSurf (0x0),-1 flag=80004, 97ac066 com.kyowon.literacy.store/com.kyowon.literacy.ui.main.activity.MainActivity#0
02-06 18:16:11.720  4843  4843 D InsetsSourceConsumer: setRequestedVisible: visible=false, type=2, host=com.kyowon.literacy.store/com.kyowon.literacy.ui.main.activity.MainActivity, from=android.view.InsetsSourceConsumer.hide:236 android.view.InsetsController.collectSourceControls:1172 android.view.InsetsController.controlAnimationUnchecked:1049 android.view.InsetsController.applyAnimation:1417 android.view.InsetsController.hide:984 android.view.InsetsController.hide:967 android.view.PendingInsetsController.hide:60 androidx.core.view.WindowInsetsControllerCompat$Impl30.hide:654 androidx.core.view.WindowInsetsControllerCompat.hide:189 com.kyowon.literacy.utils.SystemUiHelper.hideSystemUI:19 
02-06 18:16:11.720  4843  4843 D InsetsSourceConsumer: setRequestedVisible: visible=false, type=1, host=com.kyowon.literacy.store/com.kyowon.literacy.ui.main.activity.MainActivity, from=android.view.InsetsSourceConsumer.hide:236 android.view.InsetsController.collectSourceControls:1172 android.view.InsetsController.controlAnimationUnchecked:1049 android.view.InsetsController.applyAnimation:1417 android.view.InsetsController.hide:984 android.view.InsetsController.hide:967 android.view.PendingInsetsController.hide:60 androidx.core.view.WindowInsetsControllerCompat$Impl30.hide:654 androidx.core.view.WindowInsetsControllerCompat.hide:189 com.kyowon.literacy.utils.SystemUiHelper.hideSystemUI:19 
02-06 18:16:11.720  4843  4843 D InsetsSourceConsumer: setRequestedVisible: visible=false, type=0, host=com.kyowon.literacy.store/com.kyowon.literacy.ui.main.activity.MainActivity, from=android.view.InsetsSourceConsumer.hide:236 android.view.InsetsController.collectSourceControls:1172 android.view.InsetsController.controlAnimationUnchecked:1049 android.view.InsetsController.applyAnimation:1417 android.view.InsetsController.hide:984 android.view.InsetsController.hide:967 android.view.PendingInsetsController.hide:60 androidx.core.view.WindowInsetsControllerCompat$Impl30.hide:654 androidx.core.view.WindowInsetsControllerCompat.hide:189 com.kyowon.literacy.utils.SystemUiHelper.hideSystemUI:19 
02-06 18:16:11.730   862   862 I Layer   : id=110528[1] Destroyed 941c393 com.kyowon.literacy.store/com.kyowon.literacy.ui.main.activity.MainActivity#0
02-06 18:16:11.730   862   862 I Layer   : id=110532[1] Destroyed com.kyowon.literacy.store/com.kyowon.literacy.ui.main.activity.MainActivity$_4843#0
02-06 18:16:11.786   862   924 I Layer   : id=110535 removeFromCurrentState 97ac066 com.kyowon.literacy.store/com.kyowon.literacy.ui.main.activity.MainActivity#0 (74)
02-06 18:16:11.789   862   924 I SurfaceFlinger: id=110535 Removed 97ac066 com.kyowon.literacy.store/com.kyowon.literacy.ui.main.activity.MainActivity#0 (74)
02-06 18:16:11.797   862   862 I Layer   : id=110535[1] Destroyed 97ac066 com.kyowon.literacy.store/com.kyowon.literacy.ui.main.activity.MainActivity#0
02-06 18:16:12.057  3012  7898 V WindowManager: Changing focus from null to Window{ddd19de u0 com.kyowon.literacy.store/com.kyowon.literacy.ui.main.activity.MainActivity} displayId=0 Callers=com.android.server.wm.RootWindowContainer.updateFocusedWindowLocked:566 com.android.server.wm.WindowManagerService.updateFocusedWindowLocked:6311 com.android.server.wm.DisplayContent.layoutAndAssignWindowLayersIfNeeded:4201 com.android.server.wm.TaskDisplayArea.positionStackAt:1016 
02-06 18:16:12.096  3012  3935 V ActivityManager: Changed top to 10584,ProcessRecord{2233c6e 4843:com.kyowon.literacy.store/u0a584}
02-06 18:16:12.190  3012  7898 D MARsPolicyManager: onPackageResumedFG pkgName = com.kyowon.literacy.store, userId = 0
02-06 18:16:12.193  3012  3220 D GameManagerService: onLooperPrepared(), msg: MSG_TASK_FOCUSED, focusedComponent: ComponentInfo{com.kyowon.literacy.store/com.kyowon.literacy.ui.main.activity.MainActivity}
02-06 18:16:12.193  3012  3220 D GameManagerService:   handleTaskFocused(), pkgName: com.kyowon.literacy.store, clsName: com.kyowon.literacy.ui.main.activity.MainActivity, userID:0
02-06 18:16:12.196  3012  7898 D WindowManager: rotationForOrientation, orientationSource=ActivityRecord{d5c4885 u0 com.kyowon.literacy.store/com.kyowon.literacy.ui.main.activity.MainActivity t3753}
02-06 18:16:12.198  3012  7898 D MARsPolicyManager: onPackageResumedFG pkgName = com.kyowon.literacy.store, userId = 0
02-06 18:16:12.205  3012  7898 D ActivityTaskManager: finishFixedRotationTransform, r=ActivityRecord{d5c4885 u0 com.kyowon.literacy.store/com.kyowon.literacy.ui.main.activity.MainActivity t3753}, caller=com.android.server.wm.WindowToken.finishFixedRotationTransform:664 com.android.server.wm.DisplayContent$FixedRotationTransitionListener.onAppTransitionFinishedLocked:7026 com.android.server.wm.AppTransition.notifyAppTransitionFinishedLocked:543 com.android.server.wm.DisplayContent.handleAnimatingStoppedAndTransition:5836 com.android.server.wm.RootWindowContainer.checkAppTransitionReady:1264 
02-06 18:16:12.231  4843  4843 V InputMethodManager: Starting input: tba=com.kyowon.literacy.store ic=null mNaviBarColor -855310 mIsGetNaviBarColorSuccess true , NavVisible : true , NavTrans : false
02-06 18:16:12.367  3012  3061 D SemGameManager: isGamePackage(), pkgName=com.kyowon.literacy.store
02-06 18:16:12.372  3012  3061 D GameManagerService: identifyGamePackage. com.kyowon.literacy.store, mCurrentUserId: 0, callerUserId: 0
02-06 18:16:12.372  3012  3061 D PkgDataHelper: getGamePkgData(). com.kyowon.literacy.store
02-06 18:16:12.372  3012  3061 D GameManagerService: noteResumeComponent(), received resumed-component: com.kyowon.literacy.store
02-06 18:16:12.372  3012  3061 I GameSDK@LifeCycle: noteResumeComponent(): package name  : com.kyowon.literacy.store
02-06 18:16:12.372  3012  3220 D GameManagerService: onLooperPrepared(), msg: MSG_APP_RESUME, resumeComponent: ComponentInfo{com.kyowon.literacy.store/com.kyowon.literacy.ui.main.activity.MainActivity}
02-06 18:16:12.373  3012  3220 D GameManagerService:   handleResume(). pkgName: com.kyowon.literacy.store, isTunableApp: null
02-06 18:16:12.373  3012  3220 D GameManagerService: notifyFocusInOut(). of pkg: com.kyowon.literacy.store, type: 4, isMinimized: false, isTunableApp: false
02-06 18:16:12.407  3012  3059 D SehCodecSolutionService: Update top [com.kyowon.literacy.store]
02-06 18:16:12.428   862   862 D SurfaceFlinger:      DEVICE | 0xb400007ac04cff00 | 0002 | RGBA_8888    |    0.0    0.0 1200.0 2000.0 |    0    0 1200 2000 | com.kyowon.literacy.store/com.kyowon[...]i.main.activity.MainActivity$_4843#1
02-06 18:16:12.538  3012  3462 D MdnieScenarioControlService:  packageName : com.kyowon.literacy.store    className : com.kyowon.literacy.ui.main.activity.MainActivity
02-06 18:16:12.606   862   925 I SurfaceFlinger: id=110542 createSurf (0x0),-1 flag=80004, a885b67 com.kyowon.literacy.store/com.kyowon.literacy.ui.main.activity.MainActivity#0
02-06 18:16:12.610  4843  4843 D InsetsSourceConsumer: setRequestedVisible: visible=false, type=2, host=com.kyowon.literacy.store/com.kyowon.literacy.ui.main.activity.MainActivity, from=android.view.InsetsSourceConsumer.hide:236 android.view.InsetsController.collectSourceControls:1172 android.view.InsetsController.controlAnimationUnchecked:1049 android.view.InsetsController.applyAnimation:1417 android.view.InsetsController.hide:984 android.view.InsetsController.hide:967 android.view.PendingInsetsController.hide:60 androidx.core.view.WindowInsetsControllerCompat$Impl30.hide:654 androidx.core.view.WindowInsetsControllerCompat.hide:189 com.kyowon.literacy.utils.SystemUiHelper.hideSystemUI:19 
02-06 18:16:12.610  4843  4843 D InsetsSourceConsumer: setRequestedVisible: visible=false, type=1, host=com.kyowon.literacy.store/com.kyowon.literacy.ui.main.activity.MainActivity, from=android.view.InsetsSourceConsumer.hide:236 android.view.InsetsController.collectSourceControls:1172 android.view.InsetsController.controlAnimationUnchecked:1049 android.view.InsetsController.applyAnimation:1417 android.view.InsetsController.hide:984 android.view.InsetsController.hide:967 android.view.PendingInsetsController.hide:60 androidx.core.view.WindowInsetsControllerCompat$Impl30.hide:654 androidx.core.view.WindowInsetsControllerCompat.hide:189 com.kyowon.literacy.utils.SystemUiHelper.hideSystemUI:19 
02-06 18:16:12.610  4843  4843 D InsetsSourceConsumer: setRequestedVisible: visible=false, type=0, host=com.kyowon.literacy.store/com.kyowon.literacy.ui.main.activity.MainActivity, from=android.view.InsetsSourceConsumer.hide:236 android.view.InsetsController.collectSourceControls:1172 android.view.InsetsController.controlAnimationUnchecked:1049 android.view.InsetsController.applyAnimation:1417 android.view.InsetsController.hide:984 android.view.InsetsController.hide:967 android.view.PendingInsetsController.hide:60 androidx.core.view.WindowInsetsControllerCompat$Impl30.hide:654 androidx.core.view.WindowInsetsControllerCompat.hide:189 com.kyowon.literacy.utils.SystemUiHelper.hideSystemUI:19 
02-06 18:16:12.621  3012  3454 V WindowManager: Relayout Window{a885b67 u0 com.kyowon.literacy.store/com.kyowon.literacy.ui.main.activity.MainActivity}: viewVisibility=0 req=2000x1200
02-06 18:16:12.626  3012  3454 D WindowManager: isScreenshotDisabledLocked - win: Window{a885b67 u0 com.kyowon.literacy.store/com.kyowon.literacy.ui.main.activity.MainActivity}
02-06 18:16:12.626   862  1520 I SurfaceFlinger: id=110543 createSurf (2000x1200),1 flag=4, com.kyowon.literacy.store/com.kyowon.literacy.ui.main.activity.MainActivity$_4843#0
02-06 18:16:12.627  3012  3454 D WindowManager: makeSurface duration=1 name=com.kyowon.literacy.store/com.kyowon.literacy.ui.main.activity.MainActivity$_4843
02-06 18:16:12.629  3012  3454 V WindowManager: Changing focus from Window{ddd19de u0 com.kyowon.literacy.store/com.kyowon.literacy.ui.main.activity.MainActivity} to Window{a885b67 u0 com.kyowon.literacy.store/com.kyowon.literacy.ui.main.activity.MainActivity} displayId=0 Callers=com.android.server.wm.RootWindowContainer.updateFocusedWindowLocked:566 com.android.server.wm.WindowManagerService.updateFocusedWindowLocked:6311 com.android.server.wm.WindowManagerService.relayoutWindow:2713 com.android.server.wm.Session.relayout:219 
02-06 18:16:12.671  3012  8462 V WindowManager: Relayout Window{ddd19de u0 com.kyowon.literacy.store/com.kyowon.literacy.ui.main.activity.MainActivity}: viewVisibility=0 req=2000x1200
02-06 18:16:12.704  3012  3454 D WindowManager: finishDrawingWindow: Window{a885b67 u0 com.kyowon.literacy.store/com.kyowon.literacy.ui.main.activity.MainActivity} mDrawState=DRAW_PENDING
02-06 18:16:12.814   862   862 D SurfaceFlinger:      DEVICE | 0xb400007ac04cff00 | 0002 | RGBA_8888    |    0.0    0.0 1200.0 2000.0 |    0    0 1200 2000 | com.kyowon.literacy.store/com.kyowon[...]i.main.activity.MainActivity$_4843#1
02-06 18:16:12.814   862   862 D SurfaceFlinger:      CLIENT | 0xb400007ac04d2430 | 0000 | RGBA_8888    |    0.0    0.0 1200.0 2000.0 |    0    0 1200 2000 | com.kyowon.literacy.store/com.kyowon[...]i.main.activity.MainActivity$_4843#0
02-06 18:16:13.031  3012  7153 I WindowManager: Destroying surface Surface(name=com.kyowon.literacy.store/com.kyowon.literacy.ui.main.activity.MainActivity$_4843)/@0x6657163 called by com.android.server.wm.WindowStateAnimator.destroySurface:1794 com.android.server.wm.WindowStateAnimator.destroySurfaceLocked:765 com.android.server.wm.WindowState.removeImmediately:2665 com.android.server.wm.WindowState.removeIfPossible:2830 com.android.server.wm.WindowState.removeIfPossible:2688 com.android.server.wm.WindowManagerService.removeWindow:2186 com.android.server.wm.Session.remove:199 android.view.IWindowSession$Stub.onTransact:813 
02-06 18:16:13.033   862  2572 I Layer   : id=110543 removeFromCurrentState com.kyowon.literacy.store/com.kyowon.literacy.ui.main.activity.MainActivity$_4843#0 (79)
02-06 18:16:13.037   862   925 I Layer   : id=110542 removeFromCurrentState a885b67 com.kyowon.literacy.store/com.kyowon.literacy.ui.main.activity.MainActivity#0 (79)
02-06 18:16:13.044   862  2572 I SurfaceFlinger: id=110543 Removed com.kyowon.literacy.store/com.kyowon.literacy.ui.main.activity.MainActivity$_4843#0 (79)
02-06 18:16:13.052   862   862 I Layer   : id=110543[1] Destroyed com.kyowon.literacy.store/com.kyowon.literacy.ui.main.activity.MainActivity$_4843#0
02-06 18:16:13.055  3012  7153 V WindowManager: Changing focus from Window{a885b67 u0 com.kyowon.literacy.store/com.kyowon.literacy.ui.main.activity.MainActivity} to Window{ddd19de u0 com.kyowon.literacy.store/com.kyowon.literacy.ui.main.activity.MainActivity} displayId=0 Callers=com.android.server.wm.RootWindowContainer.updateFocusedWindowLocked:566 com.android.server.wm.WindowManagerService.updateFocusedWindowLocked:6311 com.android.server.wm.WindowState.removeIfPossible:2839 com.android.server.wm.WindowState.removeIfPossible:2688 
02-06 18:16:13.056   862   925 I SurfaceFlinger: id=110542 Removed a885b67 com.kyowon.literacy.store/com.kyowon.literacy.ui.main.activity.MainActivity#0 (77)
02-06 18:16:13.111   862   862 D SurfaceFlinger:      DEVICE | 0xb400007ac04d16a0 | 0002 | RGBA_8888    |    0.0    0.0 1200.0 2000.0 |    0    0 1200 2000 | com.kyowon.literacy.store/com.kyowon[...]i.main.activity.MainActivity$_4843#1
02-06 18:16:13.123   862   862 I Layer   : id=110542[1] Destroyed a885b67 com.kyowon.literacy.store/com.kyowon.literacy.ui.main.activity.MainActivity#0
02-06 18:16:13.281   862   925 I SurfaceFlinger: id=110548 createSurf (0x0),-1 flag=80004, ceab2ea com.kyowon.literacy.store/com.kyowon.literacy.ui.main.activity.MainActivity#0
02-06 18:16:13.292  4843  4843 D InsetsSourceConsumer: setRequestedVisible: visible=false, type=2, host=com.kyowon.literacy.store/com.kyowon.literacy.ui.main.activity.MainActivity, from=android.view.InsetsSourceConsumer.hide:236 android.view.InsetsController.collectSourceControls:1172 android.view.InsetsController.controlAnimationUnchecked:1049 android.view.InsetsController.applyAnimation:1417 android.view.InsetsController.hide:984 android.view.InsetsController.hide:967 android.view.PendingInsetsController.hide:60 androidx.core.view.WindowInsetsControllerCompat$Impl30.hide:654 androidx.core.view.WindowInsetsControllerCompat.hide:189 com.kyowon.literacy.utils.SystemUiHelper.hideSystemUI:19 
02-06 18:16:13.292  4843  4843 D InsetsSourceConsumer: setRequestedVisible: visible=false, type=1, host=com.kyowon.literacy.store/com.kyowon.literacy.ui.main.activity.MainActivity, from=android.view.InsetsSourceConsumer.hide:236 android.view.InsetsController.collectSourceControls:1172 android.view.InsetsController.controlAnimationUnchecked:1049 android.view.InsetsController.applyAnimation:1417 android.view.InsetsController.hide:984 android.view.InsetsController.hide:967 android.view.PendingInsetsController.hide:60 androidx.core.view.WindowInsetsControllerCompat$Impl30.hide:654 androidx.core.view.WindowInsetsControllerCompat.hide:189 com.kyowon.literacy.utils.SystemUiHelper.hideSystemUI:19 
02-06 18:16:13.293  4843  4843 D InsetsSourceConsumer: setRequestedVisible: visible=false, type=0, host=com.kyowon.literacy.store/com.kyowon.literacy.ui.main.activity.MainActivity, from=android.view.InsetsSourceConsumer.hide:236 android.view.InsetsController.collectSourceControls:1172 android.view.InsetsController.controlAnimationUnchecked:1049 android.view.InsetsController.applyAnimation:1417 android.view.InsetsController.hide:984 android.view.InsetsController.hide:967 android.view.PendingInsetsController.hide:60 androidx.core.view.WindowInsetsControllerCompat$Impl30.hide:654 androidx.core.view.WindowInsetsControllerCompat.hide:189 com.kyowon.literacy.utils.SystemUiHelper.hideSystemUI:19 
02-06 18:16:13.444  3012  3454 V WindowManager: Relayout Window{ceab2ea u0 com.kyowon.literacy.store/com.kyowon.literacy.ui.main.activity.MainActivity}: viewVisibility=0 req=2000x1200
02-06 18:16:13.449  3012  3454 D WindowManager: isScreenshotDisabledLocked - win: Window{ceab2ea u0 com.kyowon.literacy.store/com.kyowon.literacy.ui.main.activity.MainActivity}
02-06 18:16:13.449   862  1520 I SurfaceFlinger: id=110549 createSurf (2000x1200),1 flag=4, com.kyowon.literacy.store/com.kyowon.literacy.ui.main.activity.MainActivity$_4843#0
02-06 18:16:13.450  3012  3454 D WindowManager: makeSurface duration=1 name=com.kyowon.literacy.store/com.kyowon.literacy.ui.main.activity.MainActivity$_4843
02-06 18:16:13.452  3012  3454 V WindowManager: Changing focus from Window{ddd19de u0 com.kyowon.literacy.store/com.kyowon.literacy.ui.main.activity.MainActivity} to Window{ceab2ea u0 com.kyowon.literacy.store/com.kyowon.literacy.ui.main.activity.MainActivity} displayId=0 Callers=com.android.server.wm.RootWindowContainer.updateFocusedWindowLocked:566 com.android.server.wm.WindowManagerService.updateFocusedWindowLocked:6311 com.android.server.wm.WindowManagerService.relayoutWindow:2713 com.android.server.wm.Session.relayout:219 
02-06 18:16:13.504  3012  8462 D WindowManager: finishDrawingWindow: Window{ceab2ea u0 com.kyowon.literacy.store/com.kyowon.literacy.ui.main.activity.MainActivity} mDrawState=DRAW_PENDING
02-06 18:16:13.561  3012  7153 I WindowManager: Destroying surface Surface(name=com.kyowon.literacy.store/com.kyowon.literacy.ui.main.activity.MainActivity$_4843)/@0x8c2e38e called by com.android.server.wm.WindowStateAnimator.destroySurface:1794 com.android.server.wm.WindowStateAnimator.destroySurfaceLocked:765 com.android.server.wm.WindowState.removeImmediately:2665 com.android.server.wm.WindowState.removeIfPossible:2830 com.android.server.wm.WindowState.removeIfPossible:2688 com.android.server.wm.WindowManagerService.removeWindow:2186 com.android.server.wm.Session.remove:199 android.view.IWindowSession$Stub.onTransact:813 
02-06 18:16:13.562   862   924 I Layer   : id=110549 removeFromCurrentState com.kyowon.literacy.store/com.kyowon.literacy.ui.main.activity.MainActivity$_4843#0 (82)
02-06 18:16:13.568   862   925 I Layer   : id=110548 removeFromCurrentState ceab2ea com.kyowon.literacy.store/com.kyowon.literacy.ui.main.activity.MainActivity#0 (82)
02-06 18:16:13.570  3012  7153 V WindowManager: Changing focus from Window{ceab2ea u0 com.kyowon.literacy.store/com.kyowon.literacy.ui.main.activity.MainActivity} to Window{ddd19de u0 com.kyowon.literacy.store/com.kyowon.literacy.ui.main.activity.MainActivity} displayId=0 Callers=com.android.server.wm.RootWindowContainer.updateFocusedWindowLocked:566 com.android.server.wm.WindowManagerService.updateFocusedWindowLocked:6311 com.android.server.wm.WindowState.removeIfPossible:2839 com.android.server.wm.WindowState.removeIfPossible:2688 
02-06 18:16:13.572   862   925 I SurfaceFlinger: id=110548 Removed ceab2ea com.kyowon.literacy.store/com.kyowon.literacy.ui.main.activity.MainActivity#0 (84)
02-06 18:16:13.572   862   924 I SurfaceFlinger: id=110549 Removed com.kyowon.literacy.store/com.kyowon.literacy.ui.main.activity.MainActivity$_4843#0 (84)
02-06 18:16:13.581   862  1520 I SurfaceFlinger: id=110554 createSurf (0x0),-1 flag=80004, b0bb3a8 com.kyowon.literacy.store/com.kyowon.literacy.ui.main.activity.MainActivity#0
02-06 18:16:13.595  4843  4843 D InsetsSourceConsumer: setRequestedVisible: visible=false, type=2, host=com.kyowon.literacy.store/com.kyowon.literacy.ui.main.activity.MainActivity, from=android.view.InsetsSourceConsumer.hide:236 android.view.InsetsController.collectSourceControls:1172 android.view.InsetsController.controlAnimationUnchecked:1049 android.view.InsetsController.applyAnimation:1417 android.view.InsetsController.hide:984 android.view.InsetsController.hide:967 android.view.PendingInsetsController.hide:60 androidx.core.view.WindowInsetsControllerCompat$Impl30.hide:654 androidx.core.view.WindowInsetsControllerCompat.hide:189 com.kyowon.literacy.utils.SystemUiHelper.hideSystemUI:19 
02-06 18:16:13.596  4843  4843 D InsetsSourceConsumer: setRequestedVisible: visible=false, type=1, host=com.kyowon.literacy.store/com.kyowon.literacy.ui.main.activity.MainActivity, from=android.view.InsetsSourceConsumer.hide:236 android.view.InsetsController.collectSourceControls:1172 android.view.InsetsController.controlAnimationUnchecked:1049 android.view.InsetsController.applyAnimation:1417 android.view.InsetsController.hide:984 android.view.InsetsController.hide:967 android.view.PendingInsetsController.hide:60 androidx.core.view.WindowInsetsControllerCompat$Impl30.hide:654 androidx.core.view.WindowInsetsControllerCompat.hide:189 com.kyowon.literacy.utils.SystemUiHelper.hideSystemUI:19 
02-06 18:16:13.596  4843  4843 D InsetsSourceConsumer: setRequestedVisible: visible=false, type=0, host=com.kyowon.literacy.store/com.kyowon.literacy.ui.main.activity.MainActivity, from=android.view.InsetsSourceConsumer.hide:236 android.view.InsetsController.collectSourceControls:1172 android.view.InsetsController.controlAnimationUnchecked:1049 android.view.InsetsController.applyAnimation:1417 android.view.InsetsController.hide:984 android.view.InsetsController.hide:967 android.view.PendingInsetsController.hide:60 androidx.core.view.WindowInsetsControllerCompat$Impl30.hide:654 androidx.core.view.WindowInsetsControllerCompat.hide:189 com.kyowon.literacy.utils.SystemUiHelper.hideSystemUI:19 
02-06 18:16:13.613  3012  8462 V WindowManager: Relayout Window{b0bb3a8 u0 com.kyowon.literacy.store/com.kyowon.literacy.ui.main.activity.MainActivity}: viewVisibility=0 req=2000x1200
02-06 18:16:13.615  3012  8462 D WindowManager: isScreenshotDisabledLocked - win: Window{b0bb3a8 u0 com.kyowon.literacy.store/com.kyowon.literacy.ui.main.activity.MainActivity}
02-06 18:16:13.615   862  1520 I SurfaceFlinger: id=110555 createSurf (2000x1200),1 flag=4, com.kyowon.literacy.store/com.kyowon.literacy.ui.main.activity.MainActivity$_4843#0
02-06 18:16:13.616  3012  8462 D WindowManager: makeSurface duration=1 name=com.kyowon.literacy.store/com.kyowon.literacy.ui.main.activity.MainActivity$_4843
02-06 18:16:13.618   862   862 I Layer   : id=110548[1] Destroyed ceab2ea com.kyowon.literacy.store/com.kyowon.literacy.ui.main.activity.MainActivity#0
02-06 18:16:13.618   862   862 I Layer   : id=110549[1] Destroyed com.kyowon.literacy.store/com.kyowon.literacy.ui.main.activity.MainActivity$_4843#0
02-06 18:16:13.618  3012  8462 V WindowManager: Changing focus from Window{ddd19de u0 com.kyowon.literacy.store/com.kyowon.literacy.ui.main.activity.MainActivity} to Window{b0bb3a8 u0 com.kyowon.literacy.store/com.kyowon.literacy.ui.main.activity.MainActivity} displayId=0 Callers=com.android.server.wm.RootWindowContainer.updateFocusedWindowLocked:566 com.android.server.wm.WindowManagerService.updateFocusedWindowLocked:6311 com.android.server.wm.WindowManagerService.relayoutWindow:2713 com.android.server.wm.Session.relayout:219 
02-06 18:16:13.656  3012  3454 D WindowManager: finishDrawingWindow: Window{b0bb3a8 u0 com.kyowon.literacy.store/com.kyowon.literacy.ui.main.activity.MainActivity} mDrawState=DRAW_PENDING
02-06 18:16:13.744  3012  3012 E AbstractAccessibilityServiceConnection: Error during sending EventType: TYPE_WINDOW_STATE_CHANGED; EventTime: 800720646; PackageName: com.kyowon.literacy.store; MovementGranularity: 0; Action: 0; ContentChangeTypes: []; WindowChangeTypes: [] [ ClassName: com.kyowon.literacy.ui.common.dialog.ProgressDialog; Text: []; ContentDescription: null; ItemCount: -1; CurrentItemIndex: -1; Enabled: true; Password: false; Checked: false; FullScreen: true; Scrollable: false; BeforeText: null; FromIndex: -1; ToIndex: -1; ScrollX: 0; ScrollY: 0; MaxScrollX: 0; MaxScrollY: 0; ScrollDeltaX: -1; ScrollDeltaY: -1; AddedCount: -1; RemovedCount: -1; ParcelableData: null ]; recordCount: 0 to android.accessibilityservice.IAccessibilityServiceClient$Stub$Proxy@b274fc0
02-06 18:16:13.766  3012  7153 I WindowManager: Destroying surface Surface(name=com.kyowon.literacy.store/com.kyowon.literacy.ui.main.activity.MainActivity$_4843)/@0x311a7ec called by com.android.server.wm.WindowStateAnimator.destroySurface:1794 com.android.server.wm.WindowStateAnimator.destroySurfaceLocked:765 com.android.server.wm.WindowState.removeImmediately:2665 com.android.server.wm.WindowState.removeIfPossible:2830 com.android.server.wm.WindowState.removeIfPossible:2688 com.android.server.wm.WindowManagerService.removeWindow:2186 com.android.server.wm.Session.remove:199 android.view.IWindowSession$Stub.onTransact:813 
02-06 18:16:13.767   862  1519 I Layer   : id=110555 removeFromCurrentState com.kyowon.literacy.store/com.kyowon.literacy.ui.main.activity.MainActivity$_4843#0 (82)
02-06 18:16:13.768   862  1519 I SurfaceFlinger: id=110555 Removed com.kyowon.literacy.store/com.kyowon.literacy.ui.main.activity.MainActivity$_4843#0 (82)
02-06 18:16:13.770   862  1519 I Layer   : id=110554 removeFromCurrentState b0bb3a8 com.kyowon.literacy.store/com.kyowon.literacy.ui.main.activity.MainActivity#0 (82)
02-06 18:16:13.772  3012  7153 V WindowManager: Changing focus from Window{b0bb3a8 u0 com.kyowon.literacy.store/com.kyowon.literacy.ui.main.activity.MainActivity} to Window{ddd19de u0 com.kyowon.literacy.store/com.kyowon.literacy.ui.main.activity.MainActivity} displayId=0 Callers=com.android.server.wm.RootWindowContainer.updateFocusedWindowLocked:566 com.android.server.wm.WindowManagerService.updateFocusedWindowLocked:6311 com.android.server.wm.WindowState.removeIfPossible:2839 com.android.server.wm.WindowState.removeIfPossible:2688 
02-06 18:16:13.773   862  1519 I SurfaceFlinger: id=110554 Removed b0bb3a8 com.kyowon.literacy.store/com.kyowon.literacy.ui.main.activity.MainActivity#0 (82)
02-06 18:16:13.776   862   862 D SurfaceFlinger:      DEVICE | 0xb400007ac04d16a0 | 0002 | RGBA_8888    |    0.0    0.0 1200.0 2000.0 |    0    0 1200 2000 | com.kyowon.literacy.store/com.kyowon[...]i.main.activity.MainActivity$_4843#1
02-06 18:16:13.776   862   862 D SurfaceFlinger:      CLIENT | 0xb400007acfe20760 | 0000 | RGBA_8888    |    0.0    0.0 1200.0 2000.0 |    0    0 1200 2000 | com.kyowon.literacy.store/com.kyowon[...]i.main.activity.MainActivity$_4843#0
02-06 18:16:13.778   862   862 I Layer   : id=110554[1] Destroyed b0bb3a8 com.kyowon.literacy.store/com.kyowon.literacy.ui.main.activity.MainActivity#0
02-06 18:16:13.781   862   862 I Layer   : id=110555[1] Destroyed com.kyowon.literacy.store/com.kyowon.literacy.ui.main.activity.MainActivity$_4843#0
02-06 18:16:13.796   862   924 I SurfaceFlinger: id=110560 createSurf (0x0),-1 flag=80004, 38e28f0 com.kyowon.literacy.store/com.kyowon.literacy.ui.main.activity.MainActivity#0
02-06 18:16:13.810  4843  4843 D InsetsSourceConsumer: setRequestedVisible: visible=false, type=2, host=com.kyowon.literacy.store/com.kyowon.literacy.ui.main.activity.MainActivity, from=android.view.InsetsSourceConsumer.hide:236 android.view.InsetsController.collectSourceControls:1172 android.view.InsetsController.controlAnimationUnchecked:1049 android.view.InsetsController.applyAnimation:1417 android.view.InsetsController.hide:984 android.view.InsetsController.hide:967 android.view.PendingInsetsController.hide:60 androidx.core.view.WindowInsetsControllerCompat$Impl30.hide:654 androidx.core.view.WindowInsetsControllerCompat.hide:189 com.kyowon.literacy.utils.SystemUiHelper.hideSystemUI:19 
02-06 18:16:13.810  4843  4843 D InsetsSourceConsumer: setRequestedVisible: visible=false, type=1, host=com.kyowon.literacy.store/com.kyowon.literacy.ui.main.activity.MainActivity, from=android.view.InsetsSourceConsumer.hide:236 android.view.InsetsController.collectSourceControls:1172 android.view.InsetsController.controlAnimationUnchecked:1049 android.view.InsetsController.applyAnimation:1417 android.view.InsetsController.hide:984 android.view.InsetsController.hide:967 android.view.PendingInsetsController.hide:60 androidx.core.view.WindowInsetsControllerCompat$Impl30.hide:654 androidx.core.view.WindowInsetsControllerCompat.hide:189 com.kyowon.literacy.utils.SystemUiHelper.hideSystemUI:19 
02-06 18:16:13.811  4843  4843 D InsetsSourceConsumer: setRequestedVisible: visible=false, type=0, host=com.kyowon.literacy.store/com.kyowon.literacy.ui.main.activity.MainActivity, from=android.view.InsetsSourceConsumer.hide:236 android.view.InsetsController.collectSourceControls:1172 android.view.InsetsController.controlAnimationUnchecked:1049 android.view.InsetsController.applyAnimation:1417 android.view.InsetsController.hide:984 android.view.InsetsController.hide:967 android.view.PendingInsetsController.hide:60 androidx.core.view.WindowInsetsControllerCompat$Impl30.hide:654 androidx.core.view.WindowInsetsControllerCompat.hide:189 com.kyowon.literacy.utils.SystemUiHelper.hideSystemUI:19 
02-06 18:16:13.822   862   925 I Layer   : id=110560 removeFromCurrentState 38e28f0 com.kyowon.literacy.store/com.kyowon.literacy.ui.main.activity.MainActivity#0 (83)
02-06 18:16:13.826   862   862 D SurfaceFlinger:      DEVICE | 0xb400007ac04d1470 | 0002 | RGBA_8888    |    0.0    0.0 1200.0 2000.0 |    0    0 1200 2000 | com.kyowon.literacy.store/com.kyowon[...]i.main.activity.MainActivity$_4843#1
02-06 18:16:13.830   862   925 I SurfaceFlinger: id=110560 Removed 38e28f0 com.kyowon.literacy.store/com.kyowon.literacy.ui.main.activity.MainActivity#0 (82)
02-06 18:16:13.875  4843  4843 V InputMethodManager: Starting input: tba=com.kyowon.literacy.store ic=null mNaviBarColor -855310 mIsGetNaviBarColorSuccess true , NavVisible : true , NavTrans : false
02-06 18:16:13.933   862   862 I Layer   : id=110560[1] Destroyed 38e28f0 com.kyowon.literacy.store/com.kyowon.literacy.ui.main.activity.MainActivity#0
02-06 18:16:14.595  3012  3323 D PkgPredictorService-NapPreloadController: [ML] Sent pkg = com.kyowon.literacy.store uid: 0 type: ml
02-06 18:16:14.599  3012  3715 I ActivityManager: [ML][SD] app:com.kyowon.literacy.store is exist findPkgforMl:false  isOnMemory:true
02-06 18:16:14.761   862   862 D SurfaceFlinger:      DEVICE | 0xb400007ac04d16a0 | 0002 | RGBA_8888    |    0.0    0.0 1200.0 2000.0 |    0    0 1200 2000 | com.kyowon.literacy.store/com.kyowon[...]i.main.activity.MainActivity$_4843#1
02-06 18:16:15.157  3012  3061 D GameManagerService: notePauseComponent(), received paused-component: com.kyowon.literacy.store
02-06 18:16:15.161  3012  7153 D WindowManager: rotationForOrientation, orientationSource=ActivityRecord{d5c4885 u0 com.kyowon.literacy.store/com.kyowon.literacy.ui.main.activity.MainActivity t3753}
