02-06 18:11:25.715  4438 24457 E AuthPII : [RequestTokenManager] getToken() -> BAD_AUTHENTICATION. App: com.google.android.gms, Service: oauth2:https://www.googleapis.com/auth/userinfo.email https://www.googleapis.com/auth/account.capabilities https://www.googleapis.com/auth/account.service_flags https://www.googleapis.com/auth/peopleapi.readonly https://www.googleapis.com/auth/plus.me
02-06 18:11:25.715  4438 24457 E AuthPII : bauw: Long live credential not available.
02-06 18:11:25.715  4438 24457 E AuthPII : 	at admt.a(:com.google.android.gms@260235022@26.02.35 (150400-862924022):1351)
02-06 18:11:25.715  4438 24457 E AuthPII : 	at adna.b(:com.google.android.gms@260235022@26.02.35 (150400-862924022):26)
02-06 18:11:25.715  4438 24457 E AuthPII : 	at admy.a(:com.google.android.gms@260235022@26.02.35 (150400-862924022):764)
02-06 18:11:25.715  4438 24457 E AuthPII : 	at acxv.a(:com.google.android.gms@260235022@26.02.35 (150400-862924022):38)
02-06 18:11:25.715  4438 24457 E AuthPII : 	at acxv.b(:com.google.android.gms@260235022@26.02.35 (150400-862924022):154)
02-06 18:11:25.715  4438 24457 E AuthPII : 	at acxv.c(:com.google.android.gms@260235022@26.02.35 (150400-862924022):5)
02-06 18:11:25.715  4438 24457 E AuthPII : 	at xdz.d(:com.google.android.gms@260235022@26.02.35 (150400-862924022):384)
02-06 18:11:25.715  4438 24457 E AuthPII : 	at acpy.a(:com.google.android.gms@260235022@26.02.35 (150400-862924022):33)
02-06 18:11:25.715  4438 24457 E AuthPII : 	at acqe.m(:com.google.android.gms@260235022@26.02.35 (150400-862924022):34)
02-06 18:11:25.715  4438 24457 E AuthPII : 	at acqe.o(:com.google.android.gms@260235022@26.02.35 (150400-862924022):64)
02-06 18:11:25.715  4438 24457 E AuthPII : 	at acqe.h(:com.google.android.gms@260235022@26.02.35 (150400-862924022):4)
02-06 18:11:25.715  4438 24457 E AuthPII : 	at acqe.i(:com.google.android.gms@260235022@26.02.35 (150400-862924022):8)
02-06 18:11:25.715  4438 24457 E AuthPII : 	at acqe.f(:com.google.android.gms@260235022@26.02.35 (150400-862924022):21)
02-06 18:11:25.715  4438 24457 E AuthPII : 	at adfd.d(:com.google.android.gms@260235022@26.02.35 (150400-862924022):51)
02-06 18:11:25.715  4438 24457 E AuthPII : 	at azwq.b(:com.google.android.gms@260235022@26.02.35 (150400-862924022):72)
02-06 18:11:25.715  4438 24457 E AuthPII : 	at com.google.android.gms.clearcut.uploader.QosUploaderChimeraService.g(:com.google.android.gms@260235022@26.02.35 (150400-862924022):1564)
02-06 18:11:25.715  4438 24457 E AuthPII : 	at com.google.android.gms.clearcut.uploader.QosUploaderChimeraService.a(:com.google.android.gms@260235022@26.02.35 (150400-862924022):42)
02-06 18:11:25.715  4438 24457 E AuthPII : 	at cnsh.call(:com.google.android.gms@260235022@26.02.35 (150400-862924022):30)
02-06 18:11:25.715  4438 24457 E AuthPII : 	at java.util.concurrent.FutureTask.run(FutureTask.java:266)
02-06 18:11:25.715  4438 24457 E AuthPII : 	at bcbg.c(:com.google.android.gms@260235022@26.02.35 (150400-862924022):50)
02-06 18:11:25.715  4438 24457 E AuthPII : 	at bcbg.run(:com.google.android.gms@260235022@26.02.35 (150400-862924022):92)
02-06 18:11:25.715  4438 24457 E AuthPII : 	at java.util.concurrent.ThreadPoolExecutor.runWorker(ThreadPoolExecutor.java:1167)
02-06 18:11:25.715  4438 24457 E AuthPII : 	at java.util.concurrent.ThreadPoolExecutor$Worker.run(ThreadPoolExecutor.java:641)
02-06 18:11:25.715  4438 24457 E AuthPII : 	at bcgx.run(:com.google.android.gms@260235022@26.02.35 (150400-862924022):8)
02-06 18:11:25.715  4438 24457 E AuthPII : 	at java.lang.Thread.run(Thread.java:923)
02-06 18:11:25.716  4438 24457 E AuthPII : Message is Long live credential not available.
02-06 18:11:25.716  4438 24457 E AuthPII : bauw: Long live credential not available.
02-06 18:11:25.716  4438 24457 E AuthPII : 	at admt.a(:com.google.android.gms@260235022@26.02.35 (150400-862924022):1351)
02-06 18:11:25.716  4438 24457 E AuthPII : 	at adna.b(:com.google.android.gms@260235022@26.02.35 (150400-862924022):26)
02-06 18:11:25.716  4438 24457 E AuthPII : 	at admy.a(:com.google.android.gms@260235022@26.02.35 (150400-862924022):764)
02-06 18:11:25.716  4438 24457 E AuthPII : 	at acxv.a(:com.google.android.gms@260235022@26.02.35 (150400-862924022):38)
02-06 18:11:25.716  4438 24457 E AuthPII : 	at acxv.b(:com.google.android.gms@260235022@26.02.35 (150400-862924022):154)
02-06 18:11:25.716  4438 24457 E AuthPII : 	at acxv.c(:com.google.android.gms@260235022@26.02.35 (150400-862924022):5)
02-06 18:11:25.716  4438 24457 E AuthPII : 	at xdz.d(:com.google.android.gms@260235022@26.02.35 (150400-862924022):384)
02-06 18:11:25.716  4438 24457 E AuthPII : 	at acpy.a(:com.google.android.gms@260235022@26.02.35 (150400-862924022):33)
02-06 18:11:25.716  4438 24457 E AuthPII : 	at acqe.m(:com.google.android.gms@260235022@26.02.35 (150400-862924022):34)
02-06 18:11:25.716  4438 24457 E AuthPII : 	at acqe.o(:com.google.android.gms@260235022@26.02.35 (150400-862924022):64)
02-06 18:11:25.716  4438 24457 E AuthPII : 	at acqe.h(:com.google.android.gms@260235022@26.02.35 (150400-862924022):4)
02-06 18:11:25.716  4438 24457 E AuthPII : 	at acqe.i(:com.google.android.gms@260235022@26.02.35 (150400-862924022):8)
02-06 18:11:25.716  4438 24457 E AuthPII : 	at acqe.f(:com.google.android.gms@260235022@26.02.35 (150400-862924022):21)
02-06 18:11:25.716  4438 24457 E AuthPII : 	at adfd.d(:com.google.android.gms@260235022@26.02.35 (150400-862924022):51)
02-06 18:11:25.716  4438 24457 E AuthPII : 	at azwq.b(:com.google.android.gms@260235022@26.02.35 (150400-862924022):72)
02-06 18:11:25.716  4438 24457 E AuthPII : 	at com.google.android.gms.clearcut.uploader.QosUploaderChimeraService.g(:com.google.android.gms@260235022@26.02.35 (150400-862924022):1564)
02-06 18:11:25.716  4438 24457 E AuthPII : 	at com.google.android.gms.clearcut.uploader.QosUploaderChimeraService.a(:com.google.android.gms@260235022@26.02.35 (150400-862924022):42)
02-06 18:11:25.716  4438 24457 E AuthPII : 	at cnsh.call(:com.google.android.gms@260235022@26.02.35 (150400-862924022):30)
02-06 18:11:25.716  4438 24457 E AuthPII : 	at java.util.concurrent.FutureTask.run(FutureTask.java:266)
02-06 18:11:25.716  4438 24457 E AuthPII : 	at bcbg.c(:com.google.android.gms@260235022@26.02.35 (150400-862924022):50)
02-06 18:11:25.716  4438 24457 E AuthPII : 	at bcbg.run(:com.google.android.gms@260235022@26.02.35 (150400-862924022):92)
02-06 18:11:25.716  4438 24457 E AuthPII : 	at java.util.concurrent.ThreadPoolExecutor.runWorker(ThreadPoolExecutor.java:1167)
02-06 18:11:25.716  4438 24457 E AuthPII : 	at java.util.concurrent.ThreadPoolExecutor$Worker.run(ThreadPoolExecutor.java:641)
02-06 18:11:25.716  4438 24457 E AuthPII : 	at bcgx.run(:com.google.android.gms@260235022@26.02.35 (150400-862924022):8)
02-06 18:11:25.716  4438 24457 E AuthPII : 	at java.lang.Thread.run(Thread.java:923)
02-06 18:11:25.717  4438 24457 W Auth    : [AccountStateDownloader] Unable to look up account state from server: Couldn't fetch access token to call AANG server GetAccountState [CONTEXT service_id=343 ]
02-06 18:11:25.717  4438 24457 W Auth    : [GaiaIdSync] Empty email or accountId. [CONTEXT service_id=153 ]
02-06 18:11:25.739 27313 27313 W pen.pocoservic: Accessing hidden method Landroid/view/View;->computeFitSystemWindows(Landroid/graphics/Rect;Landroid/graphics/Rect;)Z (greylist, reflection, allowed)
02-06 18:11:25.741 27313 27313 W pen.pocoservic: Accessing hidden method Landroid/view/ViewGroup;->makeOptionalFitsSystemWindows()V (greylist, reflection, allowed)
02-06 18:11:25.745  3012  3081 I SemDvfsHyPerManager: acquire hyper - APP_LAUNCH/3012@19, type = -999
02-06 18:11:25.746  2594  2614 I HYPER-HAL: [RequestManager.cpp]acquire(): Acquired ID : 4595015  [3012 / 19]    HINT : APP_LAUNCH    list : 
02-06 18:11:25.746  2594  2614 I HYPER-HAL: [ResourceManager.cpp]updateResource(): [CPULittleMinFreq] UpdateResource Request ID : 4595015    Value : 1804800
02-06 18:11:25.751  2594  2614 E HYPER-HAL: [HandlerSysfs.cpp]doResourceHandling(): Couldn't Open Sysfs - /sys/class/scsi_host/host0/../../../clkscale_enable
02-06 18:11:25.754  3012  3934 I ActivityTaskManager: START u0 {flg=0x10000000 cmp=com.netease.open.pocoservice/.TestActivity} from uid 2000
02-06 18:11:25.755  3012  3934 D ActivityTaskManager: TaskLaunchParamsModifier:task=null activity=ActivityRecord{8b26273 u0 com.netease.open.pocoservice/.TestActivity task-display-area=DefaultTaskDisplayArea@168164836 display-area-windowing-mode=1
02-06 18:11:25.755  3012  3934 D ActivityTaskManager: TaskLaunchParamsModifier:task=Task{cb7ecb #3548 visible=false type=standard mode=fullscreen translucent=true A=10499:com.netease.open.pocoservice U=0 StackId=3548 sz=1} activity=ActivityRecord{8b26273 u0 com.netease.open.pocoservice/.TestActivity t-1} display-from-task=0 task-display-area=DefaultTaskDisplayArea@168164836 display-area-windowing-mode=1 non-freeform-display maximized-bounds
02-06 18:11:25.757  3012  3934 W WindowManager: Execute app transition: mNextAppTransition=TRANSIT_TASK_OPEN, displayId: 0 Callers=com.android.server.wm.ActivityStack.executeAppTransition:4054 com.android.server.wm.ActivityStack.resumeTopActivityInnerLocked:1994 com.android.server.wm.ActivityStack.resumeTopActivityUncheckedLocked:1873 com.android.server.wm.RootWindowContainer.resumeFocusedStacksTopActivities:2677 com.android.server.wm.ActivityStarter.resumeTargetStackIfNeeded:3797 
02-06 18:11:25.757  3012  3934 W WindowManager: Execute app transition: mNextAppTransition=TRANSIT_TASK_OPEN, displayId: 0 Callers=com.android.server.wm.ActivityStack.executeAppTransition:4054 com.android.server.wm.ActivityStack.resumeTopActivityInnerLocked:1994 com.android.server.wm.ActivityStack.resumeTopActivityUncheckedLocked:1873 com.android.server.wm.RootWindowContainer.resumeFocusedStacksTopActivities:2731 com.android.server.wm.ActivityStarter.resumeTargetStackIfNeeded:3797 
02-06 18:11:25.759 27313 27366 I AdrenoGLES-0: PFP: 0x016ee190, ME: 0x00000000
02-06 18:11:25.762 14118 14118 I ViewRootImpl@d1a8d2a[IntroActivity]: dispatchDetachedFromWindow
02-06 18:11:25.765 27370 27384 I cmd     : oneway function results will be dropped but finished with status OK and parcel size 4
02-06 18:11:25.777 27313 27313 D LifecycleMonitor: Lifecycle status change: com.netease.open.pocoservice.TestActivity@be23a0d in: CREATED
02-06 18:11:25.778  2594  2614 I HYPER-HAL: [ResourceManager.cpp]updateResource(): [CPUMinFreq] UpdateResource Request ID : 4595015    Value : 2016000
02-06 18:11:25.792 27297 27297 D app_process: Time zone APEX ICU file found: /apex/com.android.tzdata/etc/icu/icu_tzdata.dat
02-06 18:11:25.793 27297 27297 D app_process: I18n APEX ICU file found: /apex/com.android.i18n/etc/icu/icudt66l.dat
02-06 18:11:25.799  3012  7898 I ActivityTaskManager: START u0 {flg=0x10000000 cmp=com.netease.open.pocoservice/.TestActivity} from uid 2000
02-06 18:11:25.800  3012  7898 D ActivityTaskManager: TaskLaunchParamsModifier:task=null activity=ActivityRecord{842f578 u0 com.netease.open.pocoservice/.TestActivity task-display-area=DefaultTaskDisplayArea@168164836 display-area-windowing-mode=1
02-06 18:11:25.800  3012  7898 D ActivityTaskManager: TaskLaunchParamsModifier:task=Task{cb7ecb #3548 visible=false type=standard mode=fullscreen translucent=true A=10499:com.netease.open.pocoservice U=0 StackId=3548 sz=1} activity=ActivityRecord{842f578 u0 com.netease.open.pocoservice/.TestActivity t-1} display-from-task=0 task-display-area=DefaultTaskDisplayArea@168164836 display-area-windowing-mode=1 non-freeform-display maximized-bounds
02-06 18:11:25.801  2589  2631 E Netd    : getNetworkForDns: getNetId from enterpriseCtrl is netid 0
02-06 18:11:25.802  3012  7898 W WindowManager: Execute app transition: mNextAppTransition=TRANSIT_TASK_OPEN, displayId: 0 Callers=com.android.server.wm.ActivityStack.executeAppTransition:4054 com.android.server.wm.ActivityStack.resumeTopActivityInnerLocked:1994 com.android.server.wm.ActivityStack.resumeTopActivityUncheckedLocked:1873 com.android.server.wm.RootWindowContainer.resumeFocusedStacksTopActivities:2677 com.android.server.wm.ActivityStarter.resumeTargetStackIfNeeded:3797 
02-06 18:11:25.803  3012  7898 W WindowManager: Execute app transition: mNextAppTransition=TRANSIT_TASK_OPEN, displayId: 0 Callers=com.android.server.wm.ActivityStack.executeAppTransition:4054 com.android.server.wm.ActivityStack.resumeTopActivityInnerLocked:1994 com.android.server.wm.ActivityStack.resumeTopActivityUncheckedLocked:1873 com.android.server.wm.RootWindowContainer.resumeFocusedStacksTopActivities:2731 com.android.server.wm.ActivityStarter.resumeTargetStackIfNeeded:3797 
02-06 18:11:25.806  3012  7309 D InputTransport: Input channel destroyed: '2f32472', fd=758
02-06 18:11:25.806  3012  7309 I SurfaceControl: nativeRelease nativeObject s[-5476376624072159648]
02-06 18:11:25.806  3012  7309 I SurfaceControl: nativeRelease nativeObject e[-5476376624072159648]
02-06 18:11:25.806  3012  7309 D WindowManager: isScreenshotDisabledLocked - win: Window{2f32472 u0 com.kyowon.literacy.store/com.kyowon.literacy.ui.intro.activity.IntroActivity}
02-06 18:11:25.807  3012  7309 D WindowManager: isScreenshotDisabledLocked: userId = 0, disabled =false
02-06 18:11:25.807 27373 27390 I cmd     : oneway function results will be dropped but finished with status OK and parcel size 4
02-06 18:11:25.807  3012  7309 I WindowManager: Destroying surface Surface(name=com.kyowon.literacy.store/com.kyowon.literacy.ui.intro.activity.IntroActivity$_14118)/@0x4ecf4b6 called by com.android.server.wm.WindowStateAnimator.destroySurface:1794 com.android.server.wm.WindowStateAnimator.destroySurfaceLocked:765 com.android.server.wm.WindowState.removeImmediately:2665 com.android.server.wm.WindowState.removeIfPossible:2830 com.android.server.wm.WindowState.removeIfPossible:2688 com.android.server.wm.WindowManagerService.removeWindow:2186 com.android.server.wm.Session.remove:199 android.view.IWindowSession$Stub.onTransact:813 
02-06 18:11:25.807  3012  7309 I SurfaceControl: nativeRelease nativeObject s[-5476376620418509696]
02-06 18:11:25.807  3012  7309 I SurfaceControl: nativeRelease nativeObject e[-5476376620418509696]
02-06 18:11:25.808   862   925 I Layer   : id=109511 removeFromCurrentState com.kyowon.literacy.store/com.kyowon.literacy.ui.intro.activity.IntroActivity$_14118#0 (56)
02-06 18:11:25.812   862  1519 I Layer   : id=109510 removeFromCurrentState 2f32472 com.kyowon.literacy.store/com.kyowon.literacy.ui.intro.activity.IntroActivity#0 (56)
02-06 18:11:25.812 27200 27200 I app_process: The ClassLoaderContext is a special shared library.
02-06 18:11:25.816 14118 14118 D InputTransport: Input channel destroyed: '2f32472', fd=80
02-06 18:11:25.816   862  1519 I SurfaceFlinger: id=109510 Removed 2f32472 com.kyowon.literacy.store/com.kyowon.literacy.ui.intro.activity.IntroActivity#0 (56)
02-06 18:11:25.816   862   925 I SurfaceFlinger: id=109511 Removed com.kyowon.literacy.store/com.kyowon.literacy.ui.intro.activity.IntroActivity$_14118#0 (56)
02-06 18:11:25.817  3012  7310 I ActivityTaskManager: Removing activity ActivityRecord{438ce9f u0 com.kyowon.literacy.store/com.kyowon.literacy.ui.intro.activity.IntroActivity t3538 f}}(activityDestroyed)  from stack callers=com.android.server.wm.ActivityRecord.destroyed:3608 com.android.server.wm.ActivityTaskManagerService.activityDestroyed:2643 android.app.IActivityTaskManager$Stub.onTransact:2232 android.os.Binder.execTransactInternal:1195 android.os.Binder.execTransact:1159 
02-06 18:11:25.817  3012  7310 I SurfaceControl: nativeRelease nativeObject s[-5476376623276021280]
02-06 18:11:25.817  3012  7310 I SurfaceControl: nativeRelease nativeObject e[-5476376623276021280]
02-06 18:11:25.817  3012  7309 D SettingsProvider: isChangeAllowed() : name = k2hd_effect
02-06 18:11:25.817  3012  7309 D SettingsProvider: edmUri: content://com.sec.knox.provider/RestrictionPolicy3
02-06 18:11:25.817  3012  7309 D SettingsProvider: projectionArgs: isSettingsChangesAllowed
02-06 18:11:25.817  3012  7309 D SettingsProvider: selectionArgs: false
02-06 18:11:25.817  3012  7309 D SettingsProvider: selectionArgs: 10085
02-06 18:11:25.817  3012  7309 D SecContentProvider: query(), uri = 17 selection = isSettingsChangesAllowed
02-06 18:11:25.818  3012  7309 D SecContentProvider: called from com.sec.android.app.soundalive
02-06 18:11:25.818  3012  7310 W WindowManager: Execute app transition: mNextAppTransition=TRANSIT_TASK_OPEN, displayId: 0 Callers=com.android.server.wm.ActivityStack.executeAppTransition:4054 com.android.server.wm.RootWindowContainer.resumeFocusedStacksTopActivities:2702 com.android.server.wm.RootWindowContainer.resumeFocusedStacksTopActivities:2664 com.android.server.wm.ActivityRecord.destroyed:3611 com.android.server.wm.ActivityTaskManagerService.activityDestroyed:2643 
02-06 18:11:25.818  3012  7309 D RestrictionPolicy: isSettingsChangesAllowedAsUser, userId 0 : true
02-06 18:11:25.818  3012  7309 D SettingsProvider: ret = 1
02-06 18:11:25.818  2589  2631 E Netd    : getNetworkForDns: getNetId from enterpriseCtrl is netid 0
02-06 18:11:25.818  3012  7310 W WindowManager: Execute app transition: mNextAppTransition=TRANSIT_TASK_OPEN, displayId: 0 Callers=com.android.server.wm.ActivityStack.executeAppTransition:4054 com.android.server.wm.ActivityStack.resumeTopActivityInnerLocked:1994 com.android.server.wm.ActivityStack.resumeTopActivityUncheckedLocked:1873 com.android.server.wm.RootWindowContainer.resumeFocusedStacksTopActivities:2731 com.android.server.wm.RootWindowContainer.resumeFocusedStacksTopActivities:2664 
02-06 18:11:25.821 27313 27313 D LifecycleMonitor: Lifecycle status change: com.netease.open.pocoservice.TestActivity@be23a0d in: STARTED
02-06 18:11:25.823   862  1519 I Layer   : id=109500 removeFromCurrentState ActivityRecord{438ce9f u0 com.kyowon.literacy.store/com.kyowon.literacy.ui.intro.activity.IntroActivity t3538}#0 (56)
02-06 18:11:25.825  7990  7990 E adbd    : failed to connect to socket 'tcp:10080': Connection refused
02-06 18:11:25.826   862   924 I SurfaceFlinger: id=109500 Removed ActivityRecord{438ce9f u0 com.kyowon.literacy.store/com.kyowon.literacy.ui.intro.activity.IntroActivity t3538}#0 (56)
02-06 18:11:25.829 27272 27272 D AndroidRuntime: >>>>>> START com.android.internal.os.RuntimeInit uid 2000 <<<<<<
02-06 18:11:25.831 27313 27313 I PocoService: onResume
02-06 18:11:25.833 27274 27274 I SoundAliveApplication: reset setting-value for UHQ-upscaler
02-06 18:11:25.837  3012  8461 I ActivityTaskManager: moveTaskToBack: Task{cb7ecb #3548 visible=false type=standard mode=fullscreen translucent=true A=10499:com.netease.open.pocoservice U=0 StackId=3548 sz=1}
02-06 18:11:25.839  3012  8461 V WindowManager: Prepare app transition: transit=TRANSIT_TASK_TO_BACK mNextAppTransition=TRANSIT_TASK_OPEN alwaysKeepCurrent=false displayId=0 Callers=com.android.server.wm.DisplayContent.prepareAppTransition:5809 com.android.server.wm.DisplayContent.prepareAppTransition:5803 com.android.server.wm.ActivityStack.moveTaskToBack:3202 com.android.server.wm.ActivityStack.moveTaskToBack:3133 com.android.server.wm.ActivityStack.moveTaskToBack:3126 
02-06 18:11:25.844  3012  8461 V WindowManager: Changing focus from null to Window{7bf8cb3 u0 com.kyowon.literacy.store/com.kyowon.literacy.ui.login.activity.LoginActivity} displayId=0 Callers=com.android.server.wm.RootWindowContainer.updateFocusedWindowLocked:566 com.android.server.wm.WindowManagerService.updateFocusedWindowLocked:6311 com.android.server.wm.DisplayContent.layoutAndAssignWindowLayersIfNeeded:4201 com.android.server.wm.TaskDisplayArea.positionStackAt:1016 
02-06 18:11:25.845  3012  8461 D StatusBarManagerService: notifyRequestedSystemKey recent=false home=false
02-06 18:11:25.853 27297 27297 I app_process: The ClassLoaderContext is a special shared library.
02-06 18:11:25.857 27274 27274 I SoundAliveApplication: reset setting-value for Tube-Amp
02-06 18:11:25.859 27274 27274 I SoundAliveApplication: sound assistant, NOT installed
02-06 18:11:25.859 27274 27274 I SoundAliveApplication: setConcertHallSupport : false
02-06 18:11:25.859 27274 27274 I SoundAliveApplication: mConcertHallSupport : false
02-06 18:11:25.859 27274 27274 I SoundAliveApplication: reset setting-value for Concert-Hall
02-06 18:11:25.860 27274 27274 I SoundAliveApplication: reset setting-value for Surround
02-06 18:11:25.860 27274 27274 I SoundAliveApplication: reset setting-value for EQ
02-06 18:11:25.860  2589  2631 E Netd    : getNetworkForDns: getNetId from enterpriseCtrl is netid 0
02-06 18:11:25.865 27313 27313 D CompatibilityChangeReporter: Compat change id reported: 147798919; UID 10499; state: ENABLED
02-06 18:11:25.864 27274 27274 I SoundAliveApplication: reset setting-value for UHQ-upscaler
02-06 18:11:25.865 27274 27274 I SoundAliveApplication: reset setting-value for Tube-Amp
02-06 18:11:25.866  2589  2631 E Netd    : getNetworkForDns: getNetId from enterpriseCtrl is netid 0
02-06 18:11:25.869  7990  7990 E adbd    : failed to connect to socket 'tcp:10080': Connection refused
02-06 18:11:25.872 27144 27144 E SemDvfsManager_JNI: SemDvfsManager: registerfunction enter
02-06 18:11:25.872 27144 27144 E SemAffinityControl: SemAffinityControl: registerfunction enter
02-06 18:11:25.886   862   862 I Layer   : id=109510[1] Destroyed 2f32472 com.kyowon.literacy.store/com.kyowon.literacy.ui.intro.activity.IntroActivity#0
02-06 18:11:25.887   862   862 I Layer   : id=109511[1] Destroyed com.kyowon.literacy.store/com.kyowon.literacy.ui.intro.activity.IntroActivity$_14118#0
02-06 18:11:25.887   862   862 I Layer   : id=109500[1] Destroyed ActivityRecord{438ce9f u0 com.kyowon.literacy.store/com.kyowon.literacy.ui.intro.activity.IntroActivity t3538}#0
02-06 18:11:25.895 27144 27144 W app_process: JNI RegisterNativeMethods: attempt to register 0 native methods for android.media.AudioAttributes
02-06 18:11:25.895 27274 27274 I SoundAliveApplication: sound assistant, NOT installed
02-06 18:11:25.895 27274 27274 I SoundAliveApplication: setConcertHallSupport : false
02-06 18:11:25.895 27274 27274 I SoundAliveApplication: mConcertHallSupport : false
02-06 18:11:25.895 27274 27274 I SoundAliveApplication: reset setting-value for Concert-Hall
02-06 18:11:25.895 27274 27274 I SoundAliveApplication: reset setting-value for Surround
02-06 18:11:25.896 27274 27274 I SoundAliveApplication: reset setting-value for EQ
02-06 18:11:25.899 27274 27274 I SoundAliveApplication: reset setting-value for UHQ-upscaler
02-06 18:11:25.899 27274 27274 I SoundAliveApplication: reset setting-value for Tube-Amp
02-06 18:11:25.900 27274 27274 I SoundAliveApplication: sound assistant, NOT installed
02-06 18:11:25.900 27274 27274 I SoundAliveApplication: setConcertHallSupport : false
02-06 18:11:25.900 27274 27274 I SoundAliveApplication: mConcertHallSupport : false
02-06 18:11:25.900 27274 27274 I SoundAliveApplication: reset setting-value for Concert-Hall
02-06 18:11:25.900 27274 27274 I SoundAliveApplication: reset setting-value for Surround
02-06 18:11:25.900 27274 27274 I SoundAliveApplication: reset setting-value for EQ
02-06 18:11:25.902 27274 27274 I SoundAliveApplication: reset setting-value for UHQ-upscaler
02-06 18:11:25.902 27274 27274 I SoundAliveApplication: reset setting-value for Tube-Amp
02-06 18:11:25.902  3012  3934 I GenerationRegistry: mBackingStore.isClosed() : false
02-06 18:11:25.904 27313 27313 D Toast   : show: caller = com.netease.open.pocoservice.TestActivity.onResume:38 
02-06 18:11:25.904 27313 27313 I Toast   : show: focusDisplayId = 0, isFocusInDesktop = false mCustomDisplayId=-1 isDexDualMode=false
02-06 18:11:25.904 27313 27313 I Toast   : show: isActivityContext = false
02-06 18:11:25.906 27274 27274 I SoundAliveApplication: sound assistant, NOT installed
02-06 18:11:25.906 27274 27274 I SoundAliveApplication: setConcertHallSupport : false
02-06 18:11:25.906 27274 27274 I SoundAliveApplication: mConcertHallSupport : false
02-06 18:11:25.907 27274 27274 I SoundAliveApplication: reset setting-value for Concert-Hall
02-06 18:11:25.907 27274 27274 I SoundAliveApplication: reset setting-value for Surround
02-06 18:11:25.907 27274 27274 I SoundAliveApplication: reset setting-value for EQ
02-06 18:11:25.908 27274 27274 I SoundAliveApplication: reset setting-value for UHQ-upscaler
02-06 18:11:25.908 27274 27274 I SoundAliveApplication: reset setting-value for Tube-Amp
02-06 18:11:25.916 27297 27297 E SemDvfsManager_JNI: SemDvfsManager: registerfunction enter
02-06 18:11:25.916 27297 27297 E SemAffinityControl: SemAffinityControl: registerfunction enter
02-06 18:11:25.916  3012  3453 D EdgeLightingManager: isCallingUserSupported : callingUserId=0, mUserId=0, isDualAppId=false, isKnoxId=false
02-06 18:11:25.916  3012  3453 D EdgeLightingManager: showForToast : packageName = com.netease.open.pocoservice
02-06 18:11:25.916  3012  3453 D EdgeLightingClientManager: isAvailableEdgeLighting: condition=1 mCondition=1 mIsConnected=false0
02-06 18:11:25.916  3012  3453 D EdgeLightingManager: showForToast : return false by isAvailableEdgeLighting.
02-06 18:11:25.917 27274 27274 I SoundAliveApplication: sound assistant, NOT installed
02-06 18:11:25.917 27274 27274 I SoundAliveApplication: setConcertHallSupport : false
02-06 18:11:25.917 27274 27274 I SoundAliveApplication: mConcertHallSupport : false
02-06 18:11:25.917 27274 27274 I SoundAliveApplication: reset setting-value for Concert-Hall
02-06 18:11:25.918 27274 27274 I SoundAliveApplication: reset setting-value for Surround
02-06 18:11:25.918 27274 27274 I SoundAliveApplication: reset setting-value for EQ
02-06 18:11:25.919 27274 27274 I SoundAliveApplication: reset setting-value for UHQ-upscaler
02-06 18:11:25.919 27274 27274 I SoundAliveApplication: reset setting-value for Tube-Amp
02-06 18:11:25.920 27274 27274 I SoundAliveApplication: sound assistant, NOT installed
02-06 18:11:25.920 27274 27274 I SoundAliveApplication: setConcertHallSupport : false
02-06 18:11:25.920 27274 27274 I SoundAliveApplication: mConcertHallSupport : false
02-06 18:11:25.920 27274 27274 I SoundAliveApplication: reset setting-value for Concert-Hall
02-06 18:11:25.920  3012  3453 W ContextImpl: Calling a method in the system process without a qualified user: android.app.ContextImpl.sendBroadcast:1162 com.android.server.notification.sec.DisplayToast.sendIntentForToastDumpLog:156 com.android.server.notification.sec.DisplayToast.outFile:106 com.android.server.notification.sec.DisplayToast.out:62 com.android.server.notification.NotificationManagerService$12.enqueueToastForDex:3502 
02-06 18:11:25.921 27274 27274 I SoundAliveApplication: reset setting-value for Surround
02-06 18:11:25.921 27274 27274 I SoundAliveApplication: reset setting-value for EQ
02-06 18:11:25.921 27297 27297 W app_process: JNI RegisterNativeMethods: attempt to register 0 native methods for android.media.AudioAttributes
02-06 18:11:25.922   862   925 I SurfaceFlinger: id=109555 createSurf (0x0),-1 flag=80004, WindowToken{6532c89 android.os.Binder@22afb90}#0
02-06 18:11:25.923  3012  3453 V ActivityManager: Changed top to 10584,ProcessRecord{7c67056 14118:com.kyowon.literacy.store/u0a584}
02-06 18:11:25.923 27274 27274 I SoundAliveApplication: reset setting-value for UHQ-upscaler
02-06 18:11:25.924 27274 27274 I SoundAliveApplication: reset setting-value for Tube-Amp
02-06 18:11:25.893 27272 27272 I AndroidRuntime: Using default boot image
02-06 18:11:25.924 27272 27272 I AndroidRuntime: Leaving lock profiling enabled
02-06 18:11:25.927 27313 27313 D LifecycleMonitor: Lifecycle status change: com.netease.open.pocoservice.TestActivity@be23a0d in: RESUMED
02-06 18:11:25.932 27274 27274 I SoundAliveApplication: sound assistant, NOT installed
02-06 18:11:25.932 27274 27274 I SoundAliveApplication: setConcertHallSupport : false
02-06 18:11:25.932 27274 27274 I SoundAliveApplication: mConcertHallSupport : false
02-06 18:11:25.932 27274 27274 I SoundAliveApplication: reset setting-value for Concert-Hall
02-06 18:11:25.932 27274 27274 I SoundAliveApplication: reset setting-value for Surround
02-06 18:11:25.932 27274 27274 I SoundAliveApplication: reset setting-value for EQ
02-06 18:11:25.934 27274 27274 I SoundAliveApplication: reset setting-value for UHQ-upscaler
02-06 18:11:25.935 27274 27274 I SoundAliveApplication: reset setting-value for Tube-Amp
02-06 18:11:25.942 27274 27274 I SoundAliveApplication: sound assistant, NOT installed
02-06 18:11:25.942 27274 27274 I SoundAliveApplication: setConcertHallSupport : false
02-06 18:11:25.942 27274 27274 I SoundAliveApplication: mConcertHallSupport : false
02-06 18:11:25.942 27274 27274 I SoundAliveApplication: reset setting-value for Concert-Hall
02-06 18:11:25.942 27274 27274 I SoundAliveApplication: reset setting-value for Surround
02-06 18:11:25.942 27274 27274 I SoundAliveApplication: reset setting-value for EQ
02-06 18:11:25.944 27274 27274 I SoundAliveApplication: loadDolbyAtmosGaming
02-06 18:11:25.944 27274 27274 I SoundAliveApplication: reset setting-value for Dolby Gaming for Audio path SPK__
02-06 18:11:25.944 27274 27274 I SoundAliveApplication: reset setting-value for Dolby Gaming for Audio path EAR__
02-06 18:11:25.944 27274 27274 I SoundAliveApplication: reset setting-value for Dolby Gaming for Audio path BT__
02-06 18:11:25.944 27274 27274 I SoundAliveApplication: reset setting-value for Dolby Gaming for Audio path LineOut__
02-06 18:11:25.944 27274 27274 I SoundAliveApplication: reset setting-value for Dolby Gaming for Audio path HDMI__
02-06 18:11:25.944 27274 27274 I SoundAliveApplication: reset setting-value for Dolby Gaming for Audio path SUBMIX__
02-06 18:11:25.944 27274 27274 I SoundAliveApplication: reset setting-value for Dolby Gaming for Audio path USB__
02-06 18:11:25.944 27274 27274 I SoundAliveApplication: reset setting-value for Dolby Gaming for Audio path UNKNOWN__
02-06 18:11:25.957  2586 20491 V APM_AudioPolicyManager: listAudioPorts() role 0 type 0 num_ports 0 ports 0xb400007204da9678
02-06 18:11:25.957  2586 20491 V APM_AudioPolicyManager: listAudioPorts() got 0 ports needed 11
02-06 18:11:25.958  2586 20491 V APM_AudioPolicyManager: listAudioPorts() role 0 type 0 num_ports 11 ports 0xb40000720a1a55c0
02-06 18:11:25.959  3012  8461 D InputTransport: Input channel constructed: 'de3fccb', fd=673
02-06 18:11:25.959  3012  8461 D InputTransport: Input channel constructed: 'de3fccb', fd=674
02-06 18:11:25.961   862   924 I SurfaceFlinger: id=109556 createSurf (0x0),-1 flag=80004, de3fccb com.netease.open.pocoservice/com.netease.open.pocoservice.TestActivity#0
02-06 18:11:25.961  2586 20491 V APM_AudioPolicyManager: listAudioPorts() got 11 ports needed 11
02-06 18:11:25.961  3012  8461 D WindowManager: isScreenshotDisabledLocked - win: Window{de3fccb u0 com.netease.open.pocoservice/com.netease.open.pocoservice.TestActivity}
02-06 18:11:25.961  3012  8461 D WindowManager: isScreenshotDisabledLocked: userId = 0, disabled =false
02-06 18:11:25.963  3012  8461 D InputTransport: Input channel destroyed: 'de3fccb', fd=674
02-06 18:11:25.966 27313 27313 D InputTransport: Input channel constructed: 'de3fccb', fd=81
02-06 18:11:25.966 27274 27274 I AudioDeviceCallback: registerAudioDeviceCallback
02-06 18:11:25.973  3012  7309 I InputDispatcher: Focus entered window (14118): 7bf8cb3 in display 0 0
02-06 18:11:25.975 27313 27313 I ViewRootImpl@2e1aaa0[TestActivity]: setView = com.android.internal.policy.DecorView@6119dc5 TM=true
02-06 18:11:25.977 27301 27301 D AndroidRuntime: >>>>>> START com.android.internal.os.RuntimeInit uid 2000 <<<<<<
02-06 18:11:25.983 27297 27297 D AndroidRuntime: Calling main entry com.android.commands.am.Am
02-06 18:11:25.984  4438  3289 E AuthPII : [RequestTokenManager] getToken() -> BAD_AUTHENTICATION. App: com.google.android.gms, Service: oauth2:https://www.googleapis.com/auth/cclog
02-06 18:11:25.984  4438  3289 E AuthPII : bauw: Long live credential not available.
02-06 18:11:25.984  4438  3289 E AuthPII : 	at admt.a(:com.google.android.gms@260235022@26.02.35 (150400-862924022):1351)
02-06 18:11:25.984  4438  3289 E AuthPII : 	at adna.b(:com.google.android.gms@260235022@26.02.35 (150400-862924022):26)
02-06 18:11:25.984  4438  3289 E AuthPII : 	at admy.a(:com.google.android.gms@260235022@26.02.35 (150400-862924022):764)
02-06 18:11:25.984  4438  3289 E AuthPII : 	at admx.b(:com.google.android.gms@260235022@26.02.35 (150400-862924022):142)
02-06 18:11:25.984  4438  3289 E AuthPII : 	at adca.a(:com.google.android.gms@260235022@26.02.35 (150400-862924022):328)
02-06 18:11:25.984  4438  3289 E AuthPII : 	at acxg.f(:com.google.android.gms@260235022@26.02.35 (150400-862924022):24)
02-06 18:11:25.984  4438  3289 E AuthPII : 	at cmku.fC(:com.google.android.gms@260235022@26.02.35 (150400-862924022):1)
02-06 18:11:25.984  4438  3289 E AuthPII : 	at cmky.run(:com.google.android.gms@260235022@26.02.35 (150400-862924022):118)
02-06 18:11:25.984  4438  3289 E AuthPII : 	at fjeu.run(:com.google.android.gms@260235022@26.02.35 (150400-862924022):19)
02-06 18:11:25.984  4438  3289 E AuthPII : 	at bcbg.c(:com.google.android.gms@260235022@26.02.35 (150400-862924022):50)
02-06 18:11:25.984  4438  3289 E AuthPII : 	at bcbg.run(:com.google.android.gms@260235022@26.02.35 (150400-862924022):73)
02-06 18:11:25.984  4438  3289 E AuthPII : 	at java.util.concurrent.ThreadPoolExecutor.runWorker(ThreadPoolExecutor.java:1167)
02-06 18:11:25.984  4438  3289 E AuthPII : 	at java.util.concurrent.ThreadPoolExecutor$Worker.run(ThreadPoolExecutor.java:641)
02-06 18:11:25.984  4438  3289 E AuthPII : 	at bcgx.run(:com.google.android.gms@260235022@26.02.35 (150400-862924022):8)
02-06 18:11:25.984  4438  3289 E AuthPII : 	at java.lang.Thread.run(Thread.java:923)
02-06 18:11:25.984 27313 27313 I MonitoringInstr: No JSBridge.
02-06 18:11:25.987 27313 27313 D LifecycleMonitor: Lifecycle status change: com.netease.open.pocoservice.TestActivity@be23a0d in: PAUSED
02-06 18:11:25.989  3012  7166 D MARsPolicyManager: onPackageResumedFG pkgName = com.kyowon.literacy.store, userId = 0
02-06 18:11:25.989  3012  3061 D GameManagerService: notePauseComponent(), received paused-component: com.netease.open.pocoservice
02-06 18:11:25.990  3012  4289 I SemDvfsHyPerManager: acquire hyper - AMS_APP_SWITCH/3012@20, type = -999
02-06 18:11:25.990  3012  7166 V WindowManager: Prepare app transition: transit=TRANSIT_TASK_OPEN mNextAppTransition=TRANSIT_TASK_OPEN alwaysKeepCurrent=false displayId=0 Callers=com.android.server.wm.DisplayContent.prepareAppTransition:5809 com.android.server.wm.DisplayContent.prepareAppTransition:5803 com.android.server.wm.ActivityStack.resumeTopActivityInnerLocked:2255 com.android.server.wm.ActivityStack.resumeTopActivityUncheckedLocked:1873 com.android.server.wm.RootWindowContainer.resumeFocusedStacksTopActivities:2677 
02-06 18:11:25.990  2594  2614 I HYPER-HAL: [RequestManager.cpp]acquire(): Acquired ID : 4598048  [3012 / 20]    HINT : AMS_ACT_SWITCH    list : 
02-06 18:11:25.991  3012  7166 D InputDispatcher: Focused application set to (0): 5b5ea2d
02-06 18:11:25.991  2594  2614 I HYPER-HAL: [ResourceManager.cpp]updateResource(): [CPULittleMinFreq] UpdateResource Request ID : 4598048    Value : 1804800
02-06 18:11:25.992  3012  7166 D GameManagerService: TaskStackListener.onTaskFocusChanged(), taskId=3538, focused=true
02-06 18:11:25.993  3012  4289 D ActivityManagerPerformance: AMP_acquire() APP_SWITCH
02-06 18:11:25.994  3012  3220 D GameManagerService: onLooperPrepared(), msg: MSG_TASK_FOCUSED, focusedComponent: ComponentInfo{com.kyowon.literacy.store/com.kyowon.literacy.ui.login.activity.LoginActivity}
02-06 18:11:25.994  3012  3220 D GameManagerService: handleTaskFocused().
02-06 18:11:25.994  3012  3220 D GameManagerService:   handleTaskFocused(), pkgName: com.kyowon.literacy.store, clsName: com.kyowon.literacy.ui.login.activity.LoginActivity, userID:0
02-06 18:11:25.994  2594  2614 I HYPER-HAL: [ResourceManager.cpp]updateResource(): [CPUMinFreq] UpdateResource Request ID : 4598048    Value : 2016000
02-06 18:11:25.994  3012  7166 V WindowManager: rotationForOrientation(orient=SCREEN_ORIENTATION_LANDSCAPE (0), last=ROTATION_90 (1)); user=ROTATION_0 (0) 
02-06 18:11:25.994  3012  7166 D WindowManager: rotationForOrientation, orientationSource=ActivityRecord{5b5ea2d u0 com.kyowon.literacy.store/com.kyowon.literacy.ui.login.activity.LoginActivity t3538}
02-06 18:11:25.994  3012  7166 V WindowOrientationListener: getProposedRotation: 1
02-06 18:11:25.995  3012  7166 V WindowManager: Computed rotation=ROTATION_90 (1) for display id=0 based on lastOrientation=SCREEN_ORIENTATION_LANDSCAPE (0) and oldRotation=ROTATION_90 (1), caller=com.android.server.wm.DisplayRotation.updateOrientation:394 com.android.server.wm.DisplayContent.updateOrientation:1698 com.android.server.wm.DisplayContent.updateOrientation:1626 com.android.server.wm.RootWindowContainer.ensureVisibilityAndConfig:2164 com.android.server.wm.ActivityStack.resumeTopActivityInnerLocked:2340 com.android.server.wm.ActivityStack.resumeTopActivityUncheckedLocked:1873 
02-06 18:11:25.995  3012  4289 E libprocessgroup: Failed to write 'FROZEN' to /dev/freezer/olaf/freezer.state: No such file or directory
02-06 18:11:25.995  3012  4289 W libprocessgroup: Failed to apply DoSomethingOlaf task profile: No such file or directory
02-06 18:11:25.995  3012  7166 D TspStateManager: updateCustomValue customSetting=
02-06 18:11:25.995  3012  7166 D TspStateManager: updateCustomValue customSetting=
02-06 18:11:25.998 27301 27301 I AndroidRuntime: Using default boot image
02-06 18:11:25.998 27301 27301 I AndroidRuntime: Leaving lock profiling enabled
02-06 18:11:25.999 27301 27301 D SecNativeFeatureCppIf: encoded
02-06 18:11:25.999 27301 27301 D SecNativeFeatureCppIf: decoding and unzip finish
02-06 18:11:25.999 27144 27144 D AndroidRuntime: Calling main entry com.android.commands.am.Am
02-06 18:11:25.999 27301 27301 D SecNativeFeatureCppIf: use unCompDataBuff. encoded
02-06 18:11:26.000 27301 27301 D SecNativeFeatureCppIf: Free unCompDataBuff
02-06 18:11:26.000 27301 27301 D SecNativeFeatureCppIf: encoded
02-06 18:11:26.000 27301 27301 D SecNativeFeatureCppIf: decoding and unzip finish
02-06 18:11:26.000 27301 27301 D SecNativeFeatureCppIf: use unCompDataBuff. encoded
02-06 18:11:26.001 27301 27301 D SecNativeFeatureCppIf: Free unCompDataBuff
02-06 18:11:26.001 27301 27301 D AndroidRuntime: addProductProperty: pBrand1 is not null
02-06 18:11:26.001 27301 27301 D AndroidRuntime: addProductProperty: not brand or 7
02-06 18:11:26.001 27274 27274 I SAEffectManager: SAEffectManager : mDolby = getNewDolbyInstance. AUDIOSESSION_ID = -3
02-06 18:11:26.001 27274 27274 I SAEffectManager: getNewDolbyInstance() : _dolbyType is 1
02-06 18:11:26.009  3012  7166 D MARsPolicyManager: onPackageResumedFG pkgName = com.kyowon.literacy.store, userId = 0
02-06 18:11:26.010  3012  7166 W WindowManager: Execute app transition: mNextAppTransition=TRANSIT_TASK_OPEN, displayId: 0 Callers=com.android.server.wm.RootWindowContainer.executeAppTransitionForAllDisplay:2598 com.android.server.wm.ActivityStackSupervisor.reportResumedActivityLocked:2267 com.android.server.wm.ActivityRecord.completeResumeLocked:5710 com.android.server.wm.ActivityStack.resumeTopActivityInnerLocked:2434 com.android.server.wm.ActivityStack.resumeTopActivityUncheckedLocked:1873 
02-06 18:11:26.014  3012  7166 V WindowManager: Setting visibility of Window{de3fccb u0 com.netease.open.pocoservice/com.netease.open.pocoservice.TestActivity}: false, caller=com.android.server.wm.WindowContainer.sendAppVisibilityToClients:1004 com.android.server.wm.ActivityRecord.setClientVisible:6391 com.android.server.wm.ActivityRecord.onAnimationFinished:7143 com.android.server.wm.ActivityRecord.postApplyAnimation:5013 com.android.server.wm.ActivityRecord.commitVisibility:4995 
02-06 18:11:26.015  3012  7166 D ActivityTaskManager: finishFixedRotationTransform, r=ActivityRecord{4d8059a u0 com.netease.open.pocoservice/.TestActivity t3548}, caller=com.android.server.wm.WindowToken.finishFixedRotationTransform:664 com.android.server.wm.DisplayContent$FixedRotationTransitionListener.onAppTransitionFinishedLocked:7026 com.android.server.wm.AppTransition.notifyAppTransitionFinishedLocked:543 com.android.server.wm.ActivityRecord.onAnimationFinished:7164 com.android.server.wm.ActivityRecord.postApplyAnimation:5013 
02-06 18:11:26.016  3012  7166 D WindowManager: isScreenshotDisabledLocked - win: Window{de3fccb u0 com.netease.open.pocoservice/com.netease.open.pocoservice.TestActivity}
02-06 18:11:26.016  3012  7166 D WindowManager: isScreenshotDisabledLocked: userId = 0, disabled =false
02-06 18:11:26.016  3012  7166 D ActivityTaskManager: finishFixedRotationTransform, r=ActivityRecord{5b5ea2d u0 com.kyowon.literacy.store/com.kyowon.literacy.ui.login.activity.LoginActivity t3538}, caller=com.android.server.wm.WindowToken.finishFixedRotationTransform:664 com.android.server.wm.DisplayContent$FixedRotationTransitionListener.onAppTransitionFinishedLocked:7026 com.android.server.wm.AppTransition.notifyAppTransitionFinishedLocked:543 com.android.server.wm.DisplayContent.handleAnimatingStoppedAndTransition:5836 com.android.server.wm.RootWindowContainer.checkAppTransitionReady:1264 
02-06 18:11:26.037 27272 27272 D SecNativeFeatureCppIf: encoded
02-06 18:11:26.037 27272 27272 D SecNativeFeatureCppIf: decoding and unzip finish
02-06 18:11:26.037 27272 27272 D SecNativeFeatureCppIf: use unCompDataBuff. encoded
02-06 18:11:26.037  3012  3080 I ActivityTaskManager: Displayed com.kyowon.literacy.store/com.kyowon.literacy.ui.login.activity.LoginActivity: +1s95ms
02-06 18:11:26.038 27272 27272 D SecNativeFeatureCppIf: Free unCompDataBuff
02-06 18:11:26.055  3012  8461 V WindowManager: Relayout Window{de3fccb u0 com.netease.open.pocoservice/com.netease.open.pocoservice.TestActivity}: viewVisibility=0 req=2000x1200
02-06 18:11:26.058  3012  8461 V WindowManager: Relayout hash=de3fccb, pid=27313: mAttrs={(0,0)(fillxfill) sim={adjust=pan forwardNavigation} ty=BASE_APPLICATION fmt=TRANSPARENT wanim=0x1030003
02-06 18:11:26.058  3012  8461 V WindowManager:   fl=81810102
02-06 18:11:26.058  3012  8461 V WindowManager:   pfl=12020000
02-06 18:11:26.058  3012  8461 V WindowManager:   apr=LIGHT_NAVIGATION_BARS
02-06 18:11:26.058  3012  8461 V WindowManager:   fitSides= dimAmount=0.6 naviIconColor=0
02-06 18:11:26.058  3012  8461 V WindowManager:   sfl=100000}
02-06 18:11:26.059 27272 27272 D SecNativeFeatureCppIf: encoded
02-06 18:11:26.060 27313 27313 I SurfaceControl: assignNativeObject: nativeObject = 0 Surface(name=null)/@0xac6d0cc / android.view.SurfaceControl.readFromParcel:1117 android.view.IWindowSession$Stub$Proxy.relayout:1810 android.view.ViewRootImpl.relayoutWindow:9005 android.view.ViewRootImpl.performTraversals:3360 android.view.ViewRootImpl.doTraversal:2618 android.view.ViewRootImpl$TraversalRunnable.run:9971 android.view.Choreographer$CallbackRecord.run:1010 android.view.Choreographer.doCallbacks:809 android.view.Choreographer.doFrame:744 android.view.Choreographer$FrameDisplayEventReceiver.run:995 
02-06 18:11:26.060 27272 27272 D SecNativeFeatureCppIf: decoding and unzip finish
02-06 18:11:26.060 27272 27272 D SecNativeFeatureCppIf: use unCompDataBuff. encoded
02-06 18:11:26.060 27272 27272 D SecNativeFeatureCppIf: Free unCompDataBuff
02-06 18:11:26.060 27313 27313 I SurfaceControl: assignNativeObject: nativeObject = 0 Surface(name=null)/@0x40d3f15 / android.view.SurfaceControl.readFromParcel:1117 android.view.IWindowSession$Stub$Proxy.relayout:1820 android.view.ViewRootImpl.relayoutWindow:9005 android.view.ViewRootImpl.performTraversals:3360 android.view.ViewRootImpl.doTraversal:2618 android.view.ViewRootImpl$TraversalRunnable.run:9971 android.view.Choreographer$CallbackRecord.run:1010 android.view.Choreographer.doCallbacks:809 android.view.Choreographer.doFrame:744 android.view.Choreographer$FrameDisplayEventReceiver.run:995 
02-06 18:11:26.062 27313 27313 I ViewRootImpl@2e1aaa0[TestActivity]: Relayout returned: old=(0,0,2000,1200) new=(0,0,2000,1200) req=(2000,1200)0 dur=29 res=0x1 s={false 0} ch=false fn=-1
02-06 18:11:26.062 27272 27272 D AndroidRuntime: addProductProperty: pBrand1 is not null
02-06 18:11:26.063 27272 27272 D AndroidRuntime: addProductProperty: not brand or 7
02-06 18:11:26.067 27313 27313 E ViewRootImpl@2e1aaa0[TestActivity]: Surface is not valid.
02-06 18:11:26.070 14118 14118 I ViewRootImpl@5d930a5[LoginActivity]: stopped(false) old=false
02-06 18:11:26.071 14118 14118 V MediaPlayer-JNI: native_setup
02-06 18:11:26.071 14118 14118 V MediaPlayerNative: constructor
02-06 18:11:26.072 14118 14118 V MediaPlayerNative: setListener
02-06 18:11:26.074 14118 14118 V MediaPlayer-JNI: setVolume: left 1.000000  right 1.000000
02-06 18:11:26.074 14118 14118 V MediaPlayerNative: MediaPlayer::setVolume(1.000000, 1.000000)
02-06 18:11:26.074 14118 14118 V MediaPlayer-JNI: setAuxEffectSendLevel: level 0.000000
02-06 18:11:26.075 14118 14118 V MediaPlayerNative: MediaPlayer::setAuxEffectSendLevel(0.000000)
02-06 18:11:26.075 14118 14118 V MediaPlayer-JNI: setParameter: key 1400
02-06 18:11:26.075 14118 14118 V MediaPlayerNative: MediaPlayer::setParameter(1400)
02-06 18:11:26.075 14118 14118 V MediaPlayer-JNI: set_session_id(): 8249
02-06 18:11:26.075 14118 14118 V MediaPlayerNative: MediaPlayer::setAudioSessionId(8249)
02-06 18:11:26.075 14118 14118 V MediaPlayer-JNI: setDataSourceFD: fd 90
02-06 18:11:26.075 14118 14118 V MediaPlayerNative: setDataSource(90, 80149264, 611808)
02-06 18:11:26.075  2588 15318 V MediaPlayerService: Create new client(266) from pid 14118, uid 10584, 
02-06 18:11:26.076  2588  3027 V MediaPlayerService: setDataSource fd=8, offset=80149264, length=611808
02-06 18:11:26.076  2588  3027 V MediaPlayerService: st_dev  = 66352
02-06 18:11:26.076  2588  3027 V MediaPlayerService: st_mode = 33188
02-06 18:11:26.076  2588  3027 V MediaPlayerService: st_uid  = 1000
02-06 18:11:26.076  2588  3027 V MediaPlayerService: st_gid  = 1000
02-06 18:11:26.076  2588  3027 V MediaPlayerService: st_size = 93400764
02-06 18:11:26.076  2588  3027 V MediaPlayerService: player type = 4
02-06 18:11:26.076  2588  3027 D NuPlayerDriver: NuPlayerDriver(0xf6f4ed80) created, clientPid(14118)
02-06 18:11:26.083  3012  7309 V WindowManager: Relayout Window{de3fccb u0 com.netease.open.pocoservice/com.netease.open.pocoservice.TestActivity}: viewVisibility=8 req=2000x1200
02-06 18:11:26.088  3012  7309 V WindowManager: Relayout hash=de3fccb, pid=27313: mAttrs={(0,0)(fillxfill) sim={adjust=pan forwardNavigation} ty=BASE_APPLICATION fmt=TRANSPARENT wanim=0x1030003
02-06 18:11:26.088  3012  7309 V WindowManager:   fl=81810102
02-06 18:11:26.088  3012  7309 V WindowManager:   pfl=12020000
02-06 18:11:26.088  3012  7309 V WindowManager:   apr=LIGHT_NAVIGATION_BARS
02-06 18:11:26.088  3012  7309 V WindowManager:   fitSides= dimAmount=0.6 naviIconColor=0
02-06 18:11:26.088  3012  7309 V WindowManager:   sfl=100000}
02-06 18:11:26.089 27313 27313 I SurfaceControl: assignNativeObject: nativeObject = 0 Surface(name=null)/@0xac6d0cc / android.view.SurfaceControl.readFromParcel:1117 android.view.IWindowSession$Stub$Proxy.relayout:1810 android.view.ViewRootImpl.relayoutWindow:9005 android.view.ViewRootImpl.performTraversals:3360 android.view.ViewRootImpl.doTraversal:2618 android.view.ViewRootImpl$TraversalRunnable.run:9971 android.view.Choreographer$CallbackRecord.run:1010 android.view.Choreographer.doCallbacks:809 android.view.Choreographer.doFrame:744 android.view.Choreographer$FrameDisplayEventReceiver.run:995 
02-06 18:11:26.090 27313 27313 I SurfaceControl: assignNativeObject: nativeObject = 0 Surface(name=null)/@0x40d3f15 / android.view.SurfaceControl.readFromParcel:1117 android.view.IWindowSession$Stub$Proxy.relayout:1820 android.view.ViewRootImpl.relayoutWindow:9005 android.view.ViewRootImpl.performTraversals:3360 android.view.ViewRootImpl.doTraversal:2618 android.view.ViewRootImpl$TraversalRunnable.run:9971 android.view.Choreographer$CallbackRecord.run:1010 android.view.Choreographer.doCallbacks:809 android.view.Choreographer.doFrame:744 android.view.Choreographer$FrameDisplayEventReceiver.run:995 
02-06 18:11:26.091  2588  3027 V AudioSink: AudioOutput(8249)
02-06 18:11:26.091  2588  3027 V NuPlayerDriver: setDataSource(0xf6f4ed80) file(8)
02-06 18:11:26.091  2588 27431 V NuPlayer: kWhatSetAudioSink
02-06 18:11:26.091  2588  3027 V NuPlayer: setDataSourceAsync fd 8/80149264/611808 source: 0xf6f9a680
02-06 18:11:26.091  2588 27431 V NuPlayer: kWhatSetDataSource
02-06 18:11:26.091 27313 27313 I ViewRootImpl@2e1aaa0[TestActivity]: Relayout returned: old=(0,0,2000,1200) new=(0,0,2000,1200) req=(2000,1200)8 dur=9 res=0x1 s={false 0} ch=false fn=-1
02-06 18:11:26.091 14118 14118 V MediaPlayerNative: setVideoSurfaceTexture
02-06 18:11:26.092   596   596 I io_stats: !@ 179,0 r 39045319 839484296 w 2873097 158282956 d 1702468 212469672 f 2288298 2725805 iot 20797850 0 th 51200 51200 40556 pt 3800 inp 0 0 800433.088
02-06 18:11:26.092  2588  3027 V MediaPlayerService: [266] setVideoSurfaceTexture(0x0)
02-06 18:11:26.092 14118 14118 V MediaPlayerNative: prepare
02-06 18:11:26.092  2588 15318 V MediaPlayerService: [266] setParameter(1400)
02-06 18:11:26.092  2588 15318 V MediaPlayerService: setAudioAttributes_l() usage=0 content=0 flags=0x800 tags=
02-06 18:11:26.093  2588 15318 E AudioSystem: invalid attributes { Content type: AUDIO_CONTENT_TYPE_UNKNOWN Usage: AUDIO_USAGE_UNKNOWN Source: -1 Flags: 0x800 Tags:  } when converting to stream
02-06 18:11:26.093  2588 28402 V MediaPlayerService: [266] prepareAsync
02-06 18:11:26.093  2588 28402 V NuPlayerDriver: prepareAsync(0xf6f4ed80)
02-06 18:11:26.093  2588 28402 V NuPlayer: prepareAsync
02-06 18:11:26.093  2588 27431 V NuPlayer: onMessageReceived kWhatPrepare
02-06 18:11:26.093  2588 27431 I MediaMonitor: MediaMonitor()
02-06 18:11:26.097 27313 27313 I ViewRootImpl@2e1aaa0[TestActivity]: stopped(true) old=false
