02-06 18:16:34.617 15428 15428 V MediaPlayer-JNI: stop
02-06 18:16:34.617 15428 15428 V MediaPlayerNative: stop
02-06 18:16:34.618 15428 17309 V MediaPlayerNative: message received msg=8, ext1=0, ext2=0
02-06 18:16:34.619 15428 15428 V MediaPlayer: resetDrmState:  mDrmInfo=null mDrmProvisioningThread=null mPrepareDrmInProgress=false mActiveDrmScheme=false
02-06 18:16:34.619 15428 15428 V MediaPlayer: cleanDrmObj: mDrmObj=null mDrmSessionId=null
02-06 18:16:34.620 15428 15428 V MediaPlayer-JNI: release
02-06 18:16:34.620 15428 15428 V MediaPlayerNative: setListener
02-06 18:16:34.620 15428 15428 V MediaPlayerNative: disconnect
02-06 18:16:34.621 15428 17309 V MediaPlayerNative: notify(8, 0, 0) callback on disconnected mediaplayer
02-06 18:16:34.621 15428 17309 V MediaPlayerNative: message received msg=211, ext1=0, ext2=0
02-06 18:16:34.621 15428 17309 V MediaPlayerNative: notify(211, 0, 0) callback on disconnected mediaplayer
02-06 18:16:34.652 15428 15428 V MediaPlayerNative: destructor
02-06 18:16:34.654 15428 15428 V MediaPlayerNative: disconnect
02-06 18:16:34.757 15428 15428 I ViewRootImpl@36d3ab1[LoginActivity]: MSG_WINDOW_FOCUS_CHANGED 0 1
02-06 18:16:35.138 15428 15428 I ViewRootImpl@36d3ab1[LoginActivity]: MSG_WINDOW_FOCUS_CHANGED 1 1
02-06 18:16:35.138 15428 15428 D InputMethodManager: prepareNavigationBarInfo() DecorView@9bb0f08[LoginActivity]
02-06 18:16:35.138 15428 15428 D InputMethodManager: getNavigationBarColor() -855310
02-06 18:16:35.145 15428 15428 D InputMethodManager: prepareNavigationBarInfo() DecorView@9bb0f08[LoginActivity]
02-06 18:16:35.146 15428 15428 D InputMethodManager: getNavigationBarColor() -855310
02-06 18:16:35.146 15428 15428 V InputMethodManager: Starting input: tba=com.kyowon.literacy.store ic=null mNaviBarColor -855310 mIsGetNaviBarColorSuccess true , NavVisible : true , NavTrans : false
02-06 18:16:35.146 15428 15428 D InputMethodManager: startInputInner - Id : 0
02-06 18:16:35.146 15428 15428 I InputMethodManager: startInputInner - mService.startInputOrWindowGainedFocus
02-06 18:16:35.169 15428 15428 D InputTransport: Input channel constructed: 'ClientS', fd=94
02-06 18:16:35.170 15428 15428 D InputTransport: Input channel destroyed: 'ClientS', fd=90
02-06 18:16:35.229 15428 15428 I ViewRootImpl@36d3ab1[LoginActivity]: stopped(false) old=false
02-06 18:16:35.231 15428 15428 V MediaPlayer-JNI: native_setup
02-06 18:16:35.231 15428 15428 V MediaPlayerNative: constructor
02-06 18:16:35.231 15428 15428 V MediaPlayerNative: setListener
02-06 18:16:35.235 15428 15428 V MediaPlayer-JNI: setVolume: left 1.000000  right 1.000000
02-06 18:16:35.235 15428 15428 V MediaPlayerNative: MediaPlayer::setVolume(1.000000, 1.000000)
02-06 18:16:35.235 15428 15428 V MediaPlayer-JNI: setAuxEffectSendLevel: level 0.000000
02-06 18:16:35.235 15428 15428 V MediaPlayerNative: MediaPlayer::setAuxEffectSendLevel(0.000000)
02-06 18:16:35.235 15428 15428 V MediaPlayer-JNI: setParameter: key 1400
02-06 18:16:35.235 15428 15428 V MediaPlayerNative: MediaPlayer::setParameter(1400)
02-06 18:16:35.235 15428 15428 V MediaPlayer-JNI: set_session_id(): 11337
02-06 18:16:35.235 15428 15428 V MediaPlayerNative: MediaPlayer::setAudioSessionId(11337)
02-06 18:16:35.235 15428 15428 V MediaPlayer-JNI: setDataSourceFD: fd 82
02-06 18:16:35.235 15428 15428 V MediaPlayerNative: setDataSource(82, 80149264, 611808)
02-06 18:16:35.252 15428 15428 V MediaPlayerNative: setVideoSurfaceTexture
02-06 18:16:35.253 15428 15428 V MediaPlayerNative: prepare
02-06 18:16:35.283 15428 17309 V MediaPlayerNative: message received msg=200, ext1=10973, ext2=0
02-06 18:16:35.283 15428 17309 W MediaPlayerNative: info/warning (10973, 0)
02-06 18:16:35.285 15428 17309 V MediaPlayerNative: message received msg=1, ext1=0, ext2=0
02-06 18:16:35.285 15428 17309 V MediaPlayerNative: MediaPlayer::notify() prepared
02-06 18:16:35.285 15428 17309 V MediaPlayerNative: signal application thread
02-06 18:16:35.285 15428 15428 V MediaPlayerNative: prepare complete - status=0
02-06 18:16:35.288 15428 15428 V MediaPlayerNative: invoke 76
02-06 18:16:35.289 15428 15428 V MediaPlayer-JNI: setLooping: 1
02-06 18:16:35.290 15428 15428 V MediaPlayerNative: MediaPlayer::setLooping
02-06 18:16:35.290 15428 15428 V MediaPlayer-JNI: setVolume: left 0.800000  right 0.800000
02-06 18:16:35.290 15428 15428 V MediaPlayerNative: MediaPlayer::setVolume(0.800000, 0.800000)
02-06 18:16:35.291 15428 15428 V MediaPlayer-JNI: start
02-06 18:16:35.291 15428 15428 V MediaPlayerNative: start
02-06 18:16:35.315 15428 15428 I SurfaceControl: nativeRelease nativeObject s[-5476376618277102208]
02-06 18:16:35.315 15428 15428 I SurfaceControl: nativeRelease nativeObject e[-5476376618277102208]
02-06 18:16:35.319 15428 15428 I SurfaceControl: assignNativeObject: nativeObject = 0 Surface(name=null)/@0x5e649cd / android.view.SurfaceControl.readFromParcel:1117 android.view.IWindowSession$Stub$Proxy.relayout:1820 android.view.ViewRootImpl.relayoutWindow:9005 android.view.ViewRootImpl.performTraversals:3360 android.view.ViewRootImpl.doTraversal:2618 android.view.ViewRootImpl$TraversalRunnable.run:9971 android.view.Choreographer$CallbackRecord.run:1010 android.view.Choreographer.doCallbacks:809 android.view.Choreographer.doFrame:744 android.view.Choreographer$FrameDisplayEventReceiver.run:995 
02-06 18:16:35.320 15428 15428 I SurfaceControl: nativeRelease nativeObject s[-5476376618202113376]
02-06 18:16:35.320 15428 15428 I SurfaceControl: nativeRelease nativeObject e[-5476376618202113376]
02-06 18:16:35.320 15428 15428 I SurfaceControl: nativeRelease nativeObject s[-5476376618202111616]
02-06 18:16:35.320 15428 15428 I SurfaceControl: nativeRelease nativeObject e[-5476376618202111616]
02-06 18:16:35.320 15428 15428 I SurfaceControl: nativeRelease nativeObject s[-5476376618202111936]
02-06 18:16:35.320 15428 15428 I SurfaceControl: nativeRelease nativeObject e[-5476376618202111936]
02-06 18:16:35.320 15428 15428 I ViewRootImpl@36d3ab1[LoginActivity]: Relayout returned: old=(0,0,2000,1200) new=(0,0,2000,1200) req=(2000,1200)0 dur=19 res=0x1 s={true -5476376618310496256} ch=false fn=134
02-06 18:16:35.324 15428 15428 V MediaPlayerNative: invoke 76
02-06 18:16:35.475 15428 17309 V MediaPlayerNative: message received msg=6, ext1=0, ext2=0
02-06 18:16:35.564 15428 17309 V MediaPlayerNative: message received msg=211, ext1=0, ext2=0
02-06 18:16:35.564 15428 15428 V MediaPlayer-JNI: getCurrentPosition: 37 (msec)
02-06 18:16:35.593 15428 17309 V MediaPlayerNative: message received msg=211, ext1=0, ext2=0
02-06 18:16:35.594 15428 17309 V MediaPlayerNative: message received msg=211, ext1=0, ext2=0
02-06 18:16:35.594 15428 17309 V MediaPlayerNative: message received msg=211, ext1=0, ext2=0
02-06 18:16:37.972 15428 15428 V MediaPlayer-JNI: stop
02-06 18:16:37.972 15428 15428 V MediaPlayerNative: stop
02-06 18:16:37.973 15428 16902 V MediaPlayerNative: message received msg=8, ext1=0, ext2=0
02-06 18:16:37.973 15428 16902 V MediaPlayerNative: message received msg=211, ext1=0, ext2=0
02-06 18:16:37.974 15428 15428 V MediaPlayer: resetDrmState:  mDrmInfo=null mDrmProvisioningThread=null mPrepareDrmInProgress=false mActiveDrmScheme=false
02-06 18:16:37.974 15428 15428 V MediaPlayer: cleanDrmObj: mDrmObj=null mDrmSessionId=null
02-06 18:16:37.974 15428 15428 V MediaPlayer-JNI: release
02-06 18:16:37.974 15428 15428 V MediaPlayerNative: setListener
02-06 18:16:37.974 15428 15428 V MediaPlayerNative: disconnect
02-06 18:16:38.006 15428 15428 V MediaPlayerNative: destructor
02-06 18:16:38.008 15428 15428 V MediaPlayerNative: disconnect
02-06 18:16:38.040 15428 15428 W MediaPlayer: mediaplayer went away with unhandled events
02-06 18:16:38.040 15428 15428 W MediaPlayer: mediaplayer went away with unhandled events
02-06 18:16:38.173 15428 15428 I ViewRootImpl@36d3ab1[LoginActivity]: MSG_WINDOW_FOCUS_CHANGED 0 1
02-06 18:16:38.426 15428 15428 I ViewRootImpl@36d3ab1[LoginActivity]: MSG_WINDOW_FOCUS_CHANGED 1 1
02-06 18:16:38.427 15428 15428 D InputMethodManager: prepareNavigationBarInfo() DecorView@9bb0f08[LoginActivity]
02-06 18:16:38.427 15428 15428 D InputMethodManager: getNavigationBarColor() -855310
02-06 18:16:38.428 15428 15428 D InputMethodManager: prepareNavigationBarInfo() DecorView@9bb0f08[LoginActivity]
02-06 18:16:38.428 15428 15428 D InputMethodManager: getNavigationBarColor() -855310
02-06 18:16:38.428 15428 15428 V InputMethodManager: Starting input: tba=com.kyowon.literacy.store ic=null mNaviBarColor -855310 mIsGetNaviBarColorSuccess true , NavVisible : true , NavTrans : false
02-06 18:16:38.428 15428 15428 D InputMethodManager: startInputInner - Id : 0
02-06 18:16:38.428 15428 15428 I InputMethodManager: startInputInner - mService.startInputOrWindowGainedFocus
02-06 18:16:38.459 15428 15428 D InputTransport: Input channel constructed: 'ClientS', fd=90
02-06 18:16:38.459 15428 15428 D InputTransport: Input channel destroyed: 'ClientS', fd=94
02-06 18:16:38.477 15428 15428 I ViewRootImpl@36d3ab1[LoginActivity]: stopped(false) old=false
02-06 18:16:38.478 15428 15428 V MediaPlayer-JNI: native_setup
02-06 18:16:38.478 15428 15428 V MediaPlayerNative: constructor
02-06 18:16:38.479 15428 15428 V MediaPlayerNative: setListener
02-06 18:16:38.485 15428 15428 V MediaPlayer-JNI: setVolume: left 1.000000  right 1.000000
02-06 18:16:38.485 15428 15428 V MediaPlayerNative: MediaPlayer::setVolume(1.000000, 1.000000)
02-06 18:16:38.485 15428 15428 V MediaPlayer-JNI: setAuxEffectSendLevel: level 0.000000
02-06 18:16:38.485 15428 15428 V MediaPlayerNative: MediaPlayer::setAuxEffectSendLevel(0.000000)
02-06 18:16:38.485 15428 15428 V MediaPlayer-JNI: setParameter: key 1400
02-06 18:16:38.485 15428 15428 V MediaPlayerNative: MediaPlayer::setParameter(1400)
02-06 18:16:38.485 15428 15428 V MediaPlayer-JNI: set_session_id(): 11353
02-06 18:16:38.485 15428 15428 V MediaPlayerNative: MediaPlayer::setAudioSessionId(11353)
02-06 18:16:38.485 15428 15428 V MediaPlayer-JNI: setDataSourceFD: fd 82
02-06 18:16:38.485 15428 15428 V MediaPlayerNative: setDataSource(82, 80149264, 611808)
02-06 18:16:38.547 15428 15428 V MediaPlayerNative: setVideoSurfaceTexture
02-06 18:16:38.548 15428 15428 V MediaPlayerNative: prepare
02-06 18:16:38.589 15428 17309 V MediaPlayerNative: message received msg=200, ext1=10973, ext2=0
02-06 18:16:38.589 15428 17309 W MediaPlayerNative: info/warning (10973, 0)
02-06 18:16:38.591 15428 17309 V MediaPlayerNative: message received msg=1, ext1=0, ext2=0
02-06 18:16:38.591 15428 17309 V MediaPlayerNative: MediaPlayer::notify() prepared
02-06 18:16:38.591 15428 17309 V MediaPlayerNative: signal application thread
02-06 18:16:38.592 15428 15428 V MediaPlayerNative: prepare complete - status=0
02-06 18:16:38.596 15428 15428 V MediaPlayerNative: invoke 76
02-06 18:16:38.602 15428 15428 V MediaPlayer-JNI: setLooping: 1
02-06 18:16:38.602 15428 15428 V MediaPlayerNative: MediaPlayer::setLooping
02-06 18:16:38.602 15428 15428 V MediaPlayer-JNI: setVolume: left 0.800000  right 0.800000
02-06 18:16:38.602 15428 15428 V MediaPlayerNative: MediaPlayer::setVolume(0.800000, 0.800000)
02-06 18:16:38.603 15428 15428 V MediaPlayer-JNI: start
02-06 18:16:38.603 15428 15428 V MediaPlayerNative: start
02-06 18:16:38.613 15428 15428 I SurfaceControl: nativeRelease nativeObject s[-5476376618202818624]
02-06 18:16:38.613 15428 15428 I SurfaceControl: nativeRelease nativeObject e[-5476376618202818624]
02-06 18:16:38.615 15428 15428 I SurfaceControl: assignNativeObject: nativeObject = 0 Surface(name=null)/@0x5e649cd / android.view.SurfaceControl.readFromParcel:1117 android.view.IWindowSession$Stub$Proxy.relayout:1820 android.view.ViewRootImpl.relayoutWindow:9005 android.view.ViewRootImpl.performTraversals:3360 android.view.ViewRootImpl.doTraversal:2618 android.view.ViewRootImpl$TraversalRunnable.run:9971 android.view.Choreographer$CallbackRecord.run:1010 android.view.Choreographer.doCallbacks:809 android.view.Choreographer.doFrame:744 android.view.Choreographer$FrameDisplayEventReceiver.run:995 
02-06 18:16:38.617 15428 15428 I SurfaceControl: nativeRelease nativeObject s[-5476376618277102208]
02-06 18:16:38.617 15428 15428 I SurfaceControl: nativeRelease nativeObject e[-5476376618277102208]
02-06 18:16:38.617 15428 15428 I SurfaceControl: nativeRelease nativeObject s[-5476376618215206752]
02-06 18:16:38.617 15428 15428 I SurfaceControl: nativeRelease nativeObject e[-5476376618215206752]
02-06 18:16:38.617 15428 15428 I SurfaceControl: nativeRelease nativeObject s[-5476376618277115968]
02-06 18:16:38.617 15428 15428 I SurfaceControl: nativeRelease nativeObject e[-5476376618277115968]
02-06 18:16:38.617 15428 15428 I ViewRootImpl@36d3ab1[LoginActivity]: Relayout returned: old=(0,0,2000,1200) new=(0,0,2000,1200) req=(2000,1200)0 dur=8 res=0x1 s={true -5476376618310496256} ch=false fn=206
02-06 18:16:38.626 15428 15428 V MediaPlayerNative: invoke 76
02-06 18:16:38.754 15428 17309 V MediaPlayerNative: message received msg=6, ext1=0, ext2=0
02-06 18:16:38.884 15428 17309 V MediaPlayerNative: message received msg=211, ext1=0, ext2=0
02-06 18:16:38.884 15428 15428 V MediaPlayer-JNI: getCurrentPosition: 59 (msec)
02-06 18:16:38.886 15428 17309 V MediaPlayerNative: message received msg=211, ext1=0, ext2=0
02-06 18:16:38.886 15428 17309 V MediaPlayerNative: message received msg=211, ext1=0, ext2=0
02-06 18:16:38.886 15428 17309 V MediaPlayerNative: message received msg=211, ext1=0, ext2=0
02-06 18:16:39.548 15428 15428 V MediaPlayer-JNI: stop
02-06 18:16:39.548 15428 15428 V MediaPlayerNative: stop
02-06 18:16:39.549 15428 15428 V MediaPlayer: resetDrmState:  mDrmInfo=null mDrmProvisioningThread=null mPrepareDrmInProgress=false mActiveDrmScheme=false
02-06 18:16:39.549 15428 15428 V MediaPlayer: cleanDrmObj: mDrmObj=null mDrmSessionId=null
02-06 18:16:39.549 15428 15428 V MediaPlayer-JNI: release
02-06 18:16:39.549 15428 15428 V MediaPlayerNative: setListener
02-06 18:16:39.549 15428 15428 V MediaPlayerNative: disconnect
02-06 18:16:39.551 15428 17309 V MediaPlayerNative: message received msg=8, ext1=0, ext2=0
02-06 18:16:39.551 15428 17309 V MediaPlayerNative: notify(8, 0, 0) callback on disconnected mediaplayer
02-06 18:16:39.551 15428 17309 V MediaPlayerNative: message received msg=211, ext1=0, ext2=0
02-06 18:16:39.551 15428 17309 V MediaPlayerNative: notify(211, 0, 0) callback on disconnected mediaplayer
02-06 18:16:39.568 15428 15428 V MediaPlayerNative: destructor
02-06 18:16:39.570 15428 15428 V MediaPlayerNative: disconnect
02-06 18:16:39.970 15428 15428 I ViewRootImpl@36d3ab1[LoginActivity]: stopped(false) old=false
02-06 18:16:39.972 15428 15428 V MediaPlayer-JNI: native_setup
02-06 18:16:39.972 15428 15428 V MediaPlayerNative: constructor
02-06 18:16:39.972 15428 15428 V MediaPlayerNative: setListener
02-06 18:16:39.975 15428 15428 V MediaPlayer-JNI: setVolume: left 1.000000  right 1.000000
02-06 18:16:39.975 15428 15428 V MediaPlayerNative: MediaPlayer::setVolume(1.000000, 1.000000)
02-06 18:16:39.975 15428 15428 V MediaPlayer-JNI: setAuxEffectSendLevel: level 0.000000
02-06 18:16:39.975 15428 15428 V MediaPlayerNative: MediaPlayer::setAuxEffectSendLevel(0.000000)
02-06 18:16:39.975 15428 15428 V MediaPlayer-JNI: setParameter: key 1400
02-06 18:16:39.975 15428 15428 V MediaPlayerNative: MediaPlayer::setParameter(1400)
02-06 18:16:39.975 15428 15428 V MediaPlayer-JNI: set_session_id(): 11369
02-06 18:16:39.975 15428 15428 V MediaPlayerNative: MediaPlayer::setAudioSessionId(11369)
02-06 18:16:39.976 15428 15428 V MediaPlayer-JNI: setDataSourceFD: fd 82
02-06 18:16:39.976 15428 15428 V MediaPlayerNative: setDataSource(82, 80149264, 611808)
02-06 18:16:39.985 15428 15428 V MediaPlayerNative: setVideoSurfaceTexture
02-06 18:16:39.985 15428 15428 V MediaPlayerNative: prepare
02-06 18:16:40.018 15428 16902 V MediaPlayerNative: message received msg=200, ext1=10973, ext2=0
02-06 18:16:40.018 15428 16902 W MediaPlayerNative: info/warning (10973, 0)
02-06 18:16:40.025 15428 16902 V MediaPlayerNative: message received msg=1, ext1=0, ext2=0
02-06 18:16:40.025 15428 16902 V MediaPlayerNative: MediaPlayer::notify() prepared
02-06 18:16:40.025 15428 16902 V MediaPlayerNative: signal application thread
02-06 18:16:40.025 15428 15428 V MediaPlayerNative: prepare complete - status=0
02-06 18:16:40.026 15428 15428 V MediaPlayerNative: invoke 76
02-06 18:16:40.027 15428 15428 V MediaPlayer-JNI: setLooping: 1
02-06 18:16:40.027 15428 15428 V MediaPlayerNative: MediaPlayer::setLooping
02-06 18:16:40.027 15428 15428 V MediaPlayer-JNI: setVolume: left 0.800000  right 0.800000
02-06 18:16:40.027 15428 15428 V MediaPlayerNative: MediaPlayer::setVolume(0.800000, 0.800000)
02-06 18:16:40.027 15428 15428 V MediaPlayer-JNI: start
02-06 18:16:40.027 15428 15428 V MediaPlayerNative: start
02-06 18:16:40.030 15428 15428 I ViewRootImpl@36d3ab1[LoginActivity]: MSG_WINDOW_FOCUS_CHANGED 1 1
02-06 18:16:40.030 15428 15428 D InputMethodManager: prepareNavigationBarInfo() DecorView@9bb0f08[LoginActivity]
02-06 18:16:40.030 15428 15428 D InputMethodManager: getNavigationBarColor() -855310
02-06 18:16:40.034 15428 15428 D InputMethodManager: prepareNavigationBarInfo() DecorView@9bb0f08[LoginActivity]
02-06 18:16:40.034 15428 15428 D InputMethodManager: getNavigationBarColor() -855310
02-06 18:16:40.034 15428 15428 V InputMethodManager: Starting input: tba=com.kyowon.literacy.store ic=null mNaviBarColor -855310 mIsGetNaviBarColorSuccess true , NavVisible : true , NavTrans : false
02-06 18:16:40.034 15428 15428 D InputMethodManager: startInputInner - Id : 0
02-06 18:16:40.034 15428 15428 I InputMethodManager: startInputInner - mService.startInputOrWindowGainedFocus
02-06 18:16:40.039 15428 15428 D InputTransport: Input channel constructed: 'ClientS', fd=95
02-06 18:16:40.039 15428 15428 D InputTransport: Input channel destroyed: 'ClientS', fd=90
02-06 18:16:40.042 15428 15428 I ViewRootImpl@36d3ab1[LoginActivity]: MSG_WINDOW_FOCUS_CHANGED 1 1
02-06 18:16:40.042 15428 15428 V MediaPlayerNative: invoke 76
02-06 18:16:40.137 15428 16902 V MediaPlayerNative: message received msg=6, ext1=0, ext2=0
02-06 18:16:40.280 15428 16902 V MediaPlayerNative: message received msg=211, ext1=0, ext2=0
02-06 18:16:40.280 15428 17309 V MediaPlayerNative: message received msg=211, ext1=0, ext2=0
02-06 18:16:40.289 15428 15428 V MediaPlayer-JNI: getCurrentPosition: 64 (msec)
02-06 18:16:41.377 15428 15428 V MediaPlayer-JNI: stop
02-06 18:16:41.378 15428 15428 V MediaPlayerNative: stop
02-06 18:16:41.378 15428 17309 V MediaPlayerNative: message received msg=8, ext1=0, ext2=0
02-06 18:16:41.380 15428 17309 V MediaPlayerNative: message received msg=211, ext1=0, ext2=0
02-06 18:16:41.382 15428 15428 V MediaPlayer: resetDrmState:  mDrmInfo=null mDrmProvisioningThread=null mPrepareDrmInProgress=false mActiveDrmScheme=false
02-06 18:16:41.382 15428 15428 V MediaPlayer: cleanDrmObj: mDrmObj=null mDrmSessionId=null
02-06 18:16:41.382 15428 15428 V MediaPlayer-JNI: release
02-06 18:16:41.382 15428 15428 V MediaPlayerNative: setListener
02-06 18:16:41.383 15428 15428 V MediaPlayerNative: disconnect
02-06 18:16:41.425 15428 15428 V MediaPlayerNative: destructor
02-06 18:16:41.426 15428 15428 V MediaPlayerNative: disconnect
02-06 18:16:41.470 15428 15428 W MediaPlayer: mediaplayer went away with unhandled events
02-06 18:16:41.470 15428 15428 W MediaPlayer: mediaplayer went away with unhandled events
02-06 18:16:41.470 15428 15428 I ViewRootImpl@36d3ab1[LoginActivity]: stopped(false) old=false
02-06 18:16:41.472 15428 15428 V MediaPlayer-JNI: native_setup
02-06 18:16:41.472 15428 15428 V MediaPlayerNative: constructor
02-06 18:16:41.472 15428 15428 V MediaPlayerNative: setListener
02-06 18:16:41.476 15428 15428 V MediaPlayer-JNI: setVolume: left 1.000000  right 1.000000
02-06 18:16:41.476 15428 15428 V MediaPlayerNative: MediaPlayer::setVolume(1.000000, 1.000000)
02-06 18:16:41.476 15428 15428 V MediaPlayer-JNI: setAuxEffectSendLevel: level 0.000000
02-06 18:16:41.476 15428 15428 V MediaPlayerNative: MediaPlayer::setAuxEffectSendLevel(0.000000)
02-06 18:16:41.476 15428 15428 V MediaPlayer-JNI: setParameter: key 1400
02-06 18:16:41.476 15428 15428 V MediaPlayerNative: MediaPlayer::setParameter(1400)
02-06 18:16:41.476 15428 15428 V MediaPlayer-JNI: set_session_id(): 11385
02-06 18:16:41.476 15428 15428 V MediaPlayerNative: MediaPlayer::setAudioSessionId(11385)
02-06 18:16:41.477 15428 15428 V MediaPlayer-JNI: setDataSourceFD: fd 89
02-06 18:16:41.477 15428 15428 V MediaPlayerNative: setDataSource(89, 80149264, 611808)
02-06 18:16:41.495 15428 15428 V MediaPlayerNative: setVideoSurfaceTexture
02-06 18:16:41.495 15428 15428 V MediaPlayerNative: prepare
02-06 18:16:41.535 15428 17309 V MediaPlayerNative: message received msg=200, ext1=10973, ext2=0
02-06 18:16:41.535 15428 17309 W MediaPlayerNative: info/warning (10973, 0)
02-06 18:16:41.537 15428 17309 V MediaPlayerNative: message received msg=1, ext1=0, ext2=0
02-06 18:16:41.537 15428 17309 V MediaPlayerNative: MediaPlayer::notify() prepared
02-06 18:16:41.537 15428 17309 V MediaPlayerNative: signal application thread
02-06 18:16:41.538 15428 15428 V MediaPlayerNative: prepare complete - status=0
02-06 18:16:41.560 15428 15428 V MediaPlayerNative: invoke 76
02-06 18:16:41.561 15428 15428 V MediaPlayer-JNI: setLooping: 1
02-06 18:16:41.561 15428 15428 V MediaPlayerNative: MediaPlayer::setLooping
02-06 18:16:41.561 15428 15428 V MediaPlayer-JNI: setVolume: left 0.800000  right 0.800000
02-06 18:16:41.561 15428 15428 V MediaPlayerNative: MediaPlayer::setVolume(0.800000, 0.800000)
02-06 18:16:41.562 15428 15428 V MediaPlayer-JNI: start
02-06 18:16:41.562 15428 15428 V MediaPlayerNative: start
02-06 18:16:41.608 15428 15428 I SurfaceControl: nativeRelease nativeObject s[-5476376618202111936]
02-06 18:16:41.608 15428 15428 I SurfaceControl: nativeRelease nativeObject e[-5476376618202111936]
02-06 18:16:41.610 15428 15428 I SurfaceControl: assignNativeObject: nativeObject = 0 Surface(name=null)/@0x5e649cd / android.view.SurfaceControl.readFromParcel:1117 android.view.IWindowSession$Stub$Proxy.relayout:1820 android.view.ViewRootImpl.relayoutWindow:9005 android.view.ViewRootImpl.performTraversals:3360 android.view.ViewRootImpl.doTraversal:2618 android.view.ViewRootImpl$TraversalRunnable.run:9971 android.view.Choreographer$CallbackRecord.run:1010 android.view.Choreographer.doCallbacks:809 android.view.Choreographer.doFrame:744 android.view.Choreographer$FrameDisplayEventReceiver.run:995 
02-06 18:16:41.612 15428 15428 I SurfaceControl: nativeRelease nativeObject s[-5476376618202818624]
02-06 18:16:41.612 15428 15428 I SurfaceControl: nativeRelease nativeObject e[-5476376618202818624]
02-06 18:16:41.612 15428 15428 I SurfaceControl: nativeRelease nativeObject s[-5476376618202113376]
02-06 18:16:41.612 15428 15428 I SurfaceControl: nativeRelease nativeObject e[-5476376618202113376]
02-06 18:16:41.613 15428 15428 I SurfaceControl: nativeRelease nativeObject s[-5476376618202111616]
02-06 18:16:41.613 15428 15428 I SurfaceControl: nativeRelease nativeObject e[-5476376618202111616]
02-06 18:16:41.613 15428 15428 I ViewRootImpl@36d3ab1[LoginActivity]: Relayout returned: old=(0,0,2000,1200) new=(0,0,2000,1200) req=(2000,1200)0 dur=10 res=0x1 s={true -5476376618310496256} ch=false fn=250
02-06 18:16:41.618 15428 15428 V MediaPlayerNative: invoke 76
02-06 18:16:41.686 15428 17309 V MediaPlayerNative: message received msg=6, ext1=0, ext2=0
02-06 18:16:41.854 15428 17309 V MediaPlayerNative: message received msg=211, ext1=0, ext2=0
02-06 18:16:41.854 15428 17309 V MediaPlayerNative: message received msg=211, ext1=0, ext2=0
02-06 18:16:41.870 15428 15428 V MediaPlayer-JNI: getCurrentPosition: 67 (msec)
02-06 18:16:44.894 15428 15428 V MediaPlayer-JNI: stop
02-06 18:16:44.894 15428 15428 V MediaPlayerNative: stop
02-06 18:16:44.895 15428 17309 V MediaPlayerNative: message received msg=8, ext1=0, ext2=0
02-06 18:16:44.895 15428 15428 V MediaPlayer: resetDrmState:  mDrmInfo=null mDrmProvisioningThread=null mPrepareDrmInProgress=false mActiveDrmScheme=false
02-06 18:16:44.896 15428 15428 V MediaPlayer: cleanDrmObj: mDrmObj=null mDrmSessionId=null
02-06 18:16:44.896 15428 17309 V MediaPlayerNative: message received msg=211, ext1=0, ext2=0
02-06 18:16:44.896 15428 15428 V MediaPlayer-JNI: release
02-06 18:16:44.896 15428 15428 V MediaPlayerNative: setListener
02-06 18:16:44.896 15428 15428 V MediaPlayerNative: disconnect
02-06 18:16:44.921 15428 15428 V MediaPlayerNative: destructor
02-06 18:16:44.921 15428 15428 V MediaPlayerNative: disconnect
02-06 18:16:44.945 15428 15428 W MediaPlayer: mediaplayer went away with unhandled events
02-06 18:16:44.945 15428 15428 W MediaPlayer: mediaplayer went away with unhandled events
02-06 18:16:45.097 15428 15428 I ViewRootImpl@36d3ab1[LoginActivity]: MSG_WINDOW_FOCUS_CHANGED 0 1
02-06 18:16:45.380 15428 15428 I ViewRootImpl@36d3ab1[LoginActivity]: MSG_WINDOW_FOCUS_CHANGED 1 1
02-06 18:16:45.381 15428 15428 D InputMethodManager: prepareNavigationBarInfo() DecorView@9bb0f08[LoginActivity]
02-06 18:16:45.381 15428 15428 D InputMethodManager: getNavigationBarColor() -855310
02-06 18:16:45.386 15428 15428 D InputMethodManager: prepareNavigationBarInfo() DecorView@9bb0f08[LoginActivity]
02-06 18:16:45.387 15428 15428 D InputMethodManager: getNavigationBarColor() -855310
02-06 18:16:45.387 15428 15428 V InputMethodManager: Starting input: tba=com.kyowon.literacy.store ic=null mNaviBarColor -855310 mIsGetNaviBarColorSuccess true , NavVisible : true , NavTrans : false
02-06 18:16:45.387 15428 15428 D InputMethodManager: startInputInner - Id : 0
02-06 18:16:45.387 15428 15428 I InputMethodManager: startInputInner - mService.startInputOrWindowGainedFocus
02-06 18:16:45.395 15428 15428 D InputTransport: Input channel constructed: 'ClientS', fd=91
02-06 18:16:45.395 15428 15428 D InputTransport: Input channel destroyed: 'ClientS', fd=95
02-06 18:16:45.479 15428 15428 I ViewRootImpl@36d3ab1[LoginActivity]: stopped(false) old=false
02-06 18:16:45.481 15428 15428 V MediaPlayer-JNI: native_setup
02-06 18:16:45.481 15428 15428 V MediaPlayerNative: constructor
02-06 18:16:45.481 15428 15428 V MediaPlayerNative: setListener
02-06 18:16:45.486 15428 15428 V MediaPlayer-JNI: setVolume: left 1.000000  right 1.000000
02-06 18:16:45.486 15428 15428 V MediaPlayerNative: MediaPlayer::setVolume(1.000000, 1.000000)
02-06 18:16:45.486 15428 15428 V MediaPlayer-JNI: setAuxEffectSendLevel: level 0.000000
02-06 18:16:45.486 15428 15428 V MediaPlayerNative: MediaPlayer::setAuxEffectSendLevel(0.000000)
02-06 18:16:45.486 15428 15428 V MediaPlayer-JNI: setParameter: key 1400
02-06 18:16:45.486 15428 15428 V MediaPlayerNative: MediaPlayer::setParameter(1400)
02-06 18:16:45.486 15428 15428 V MediaPlayer-JNI: set_session_id(): 11401
02-06 18:16:45.486 15428 15428 V MediaPlayerNative: MediaPlayer::setAudioSessionId(11401)
02-06 18:16:45.486 15428 15428 V MediaPlayer-JNI: setDataSourceFD: fd 82
02-06 18:16:45.486 15428 15428 V MediaPlayerNative: setDataSource(82, 80149264, 611808)
02-06 18:16:45.501 15428 15428 V MediaPlayerNative: setVideoSurfaceTexture
02-06 18:16:45.501 15428 15428 V MediaPlayerNative: prepare
02-06 18:16:45.524 15428 16902 V MediaPlayerNative: message received msg=200, ext1=10973, ext2=0
02-06 18:16:45.524 15428 16902 W MediaPlayerNative: info/warning (10973, 0)
02-06 18:16:45.533 15428 16902 V MediaPlayerNative: message received msg=1, ext1=0, ext2=0
02-06 18:16:45.533 15428 16902 V MediaPlayerNative: MediaPlayer::notify() prepared
02-06 18:16:45.533 15428 16902 V MediaPlayerNative: signal application thread
02-06 18:16:45.533 15428 15428 V MediaPlayerNative: prepare complete - status=0
02-06 18:16:45.534 15428 15428 V MediaPlayerNative: invoke 76
02-06 18:16:45.535 15428 15428 V MediaPlayer-JNI: setLooping: 1
02-06 18:16:45.535 15428 15428 V MediaPlayerNative: MediaPlayer::setLooping
02-06 18:16:45.535 15428 15428 V MediaPlayer-JNI: setVolume: left 0.800000  right 0.800000
02-06 18:16:45.535 15428 15428 V MediaPlayerNative: MediaPlayer::setVolume(0.800000, 0.800000)
02-06 18:16:45.536 15428 15428 V MediaPlayer-JNI: start
02-06 18:16:45.536 15428 15428 V MediaPlayerNative: start
02-06 18:16:45.602 15428 15428 I SurfaceControl: nativeRelease nativeObject s[-5476376618277115968]
02-06 18:16:45.602 15428 15428 I SurfaceControl: nativeRelease nativeObject e[-5476376618277115968]
02-06 18:16:45.604 15428 15428 I SurfaceControl: assignNativeObject: nativeObject = 0 Surface(name=null)/@0x5e649cd / android.view.SurfaceControl.readFromParcel:1117 android.view.IWindowSession$Stub$Proxy.relayout:1820 android.view.ViewRootImpl.relayoutWindow:9005 android.view.ViewRootImpl.performTraversals:3360 android.view.ViewRootImpl.doTraversal:2618 android.view.ViewRootImpl$TraversalRunnable.run:9971 android.view.Choreographer$CallbackRecord.run:1010 android.view.Choreographer.doCallbacks:809 android.view.Choreographer.doFrame:744 android.view.Choreographer$FrameDisplayEventReceiver.run:995 
02-06 18:16:45.605 15428 15428 I SurfaceControl: nativeRelease nativeObject s[-5476376618202111936]
02-06 18:16:45.605 15428 15428 I SurfaceControl: nativeRelease nativeObject e[-5476376618202111936]
02-06 18:16:45.605 15428 15428 I SurfaceControl: nativeRelease nativeObject s[-5476376618277102208]
02-06 18:16:45.605 15428 15428 I SurfaceControl: nativeRelease nativeObject e[-5476376618277102208]
02-06 18:16:45.605 15428 15428 I SurfaceControl: nativeRelease nativeObject s[-5476376618215206752]
02-06 18:16:45.605 15428 15428 I SurfaceControl: nativeRelease nativeObject e[-5476376618215206752]
02-06 18:16:45.605 15428 15428 I ViewRootImpl@36d3ab1[LoginActivity]: Relayout returned: old=(0,0,2000,1200) new=(0,0,2000,1200) req=(2000,1200)0 dur=8 res=0x1 s={true -5476376618310496256} ch=false fn=347
02-06 18:16:45.614 15428 15428 V MediaPlayerNative: invoke 76
02-06 18:16:45.676 15428 16902 V MediaPlayerNative: message received msg=6, ext1=0, ext2=0
02-06 18:16:45.812 15428 16902 V MediaPlayerNative: message received msg=211, ext1=0, ext2=0
02-06 18:16:45.812 15428 15428 V MediaPlayer-JNI: getCurrentPosition: 37 (msec)
02-06 18:16:45.819 15428 16902 V MediaPlayerNative: message received msg=211, ext1=0, ext2=0
02-06 18:16:45.819 15428 16902 V MediaPlayerNative: message received msg=211, ext1=0, ext2=0
02-06 18:16:45.819 15428 16902 V MediaPlayerNative: message received msg=211, ext1=0, ext2=0
02-06 18:16:46.754 15428 15428 V MediaPlayer-JNI: stop
02-06 18:16:46.754 15428 15428 V MediaPlayerNative: stop
02-06 18:16:46.754 15428 17309 V MediaPlayerNative: message received msg=8, ext1=0, ext2=0
02-06 18:16:46.755 15428 15428 V MediaPlayer: resetDrmState:  mDrmInfo=null mDrmProvisioningThread=null mPrepareDrmInProgress=false mActiveDrmScheme=false
02-06 18:16:46.755 15428 15428 V MediaPlayer: cleanDrmObj: mDrmObj=null mDrmSessionId=null
02-06 18:16:46.755 15428 15428 V MediaPlayer-JNI: release
02-06 18:16:46.755 15428 15428 V MediaPlayerNative: setListener
02-06 18:16:46.755 15428 15428 V MediaPlayerNative: disconnect
02-06 18:16:46.755 15428 17309 V MediaPlayerNative: message received msg=211, ext1=0, ext2=0
02-06 18:16:46.755 15428 17309 V MediaPlayerNative: notify(211, 0, 0) callback on disconnected mediaplayer
02-06 18:16:46.777 15428 15428 V MediaPlayerNative: destructor
02-06 18:16:46.777 15428 15428 V MediaPlayerNative: disconnect
02-06 18:16:46.810 15428 15428 W MediaPlayer: mediaplayer went away with unhandled events
02-06 18:16:46.952 15428 15428 I ViewRootImpl@36d3ab1[LoginActivity]: MSG_WINDOW_FOCUS_CHANGED 0 1
02-06 18:16:47.296 15428 15428 I ViewRootImpl@36d3ab1[LoginActivity]: MSG_WINDOW_FOCUS_CHANGED 1 1
02-06 18:16:47.297 15428 15428 D InputMethodManager: prepareNavigationBarInfo() DecorView@9bb0f08[LoginActivity]
02-06 18:16:47.297 15428 15428 D InputMethodManager: getNavigationBarColor() -855310
02-06 18:16:47.298 15428 15428 D InputMethodManager: prepareNavigationBarInfo() DecorView@9bb0f08[LoginActivity]
02-06 18:16:47.298 15428 15428 D InputMethodManager: getNavigationBarColor() -855310
02-06 18:16:47.298 15428 15428 V InputMethodManager: Starting input: tba=com.kyowon.literacy.store ic=null mNaviBarColor -855310 mIsGetNaviBarColorSuccess true , NavVisible : true , NavTrans : false
02-06 18:16:47.298 15428 15428 D InputMethodManager: startInputInner - Id : 0
02-06 18:16:47.298 15428 15428 I InputMethodManager: startInputInner - mService.startInputOrWindowGainedFocus
02-06 18:16:47.316 15428 15428 D InputTransport: Input channel constructed: 'ClientS', fd=94
02-06 18:16:47.316 15428 15428 D InputTransport: Input channel destroyed: 'ClientS', fd=91
02-06 18:16:47.510 15428 15428 I ViewRootImpl@36d3ab1[LoginActivity]: stopped(false) old=false
02-06 18:16:47.512 15428 15428 V MediaPlayer-JNI: native_setup
02-06 18:16:47.512 15428 15428 V MediaPlayerNative: constructor
02-06 18:16:47.512 15428 15428 V MediaPlayerNative: setListener
02-06 18:16:47.529 15428 15428 V MediaPlayer-JNI: setVolume: left 1.000000  right 1.000000
02-06 18:16:47.529 15428 15428 V MediaPlayerNative: MediaPlayer::setVolume(1.000000, 1.000000)
02-06 18:16:47.529 15428 15428 V MediaPlayer-JNI: setAuxEffectSendLevel: level 0.000000
02-06 18:16:47.529 15428 15428 V MediaPlayerNative: MediaPlayer::setAuxEffectSendLevel(0.000000)
02-06 18:16:47.529 15428 15428 V MediaPlayer-JNI: setParameter: key 1400
02-06 18:16:47.529 15428 15428 V MediaPlayerNative: MediaPlayer::setParameter(1400)
02-06 18:16:47.529 15428 15428 V MediaPlayer-JNI: set_session_id(): 11417
02-06 18:16:47.529 15428 15428 V MediaPlayerNative: MediaPlayer::setAudioSessionId(11417)
02-06 18:16:47.530 15428 15428 V MediaPlayer-JNI: setDataSourceFD: fd 82
02-06 18:16:47.530 15428 15428 V MediaPlayerNative: setDataSource(82, 80149264, 611808)
02-06 18:16:47.555 15428 15428 V MediaPlayerNative: setVideoSurfaceTexture
02-06 18:16:47.555 15428 15428 V MediaPlayerNative: prepare
02-06 18:16:47.589 15428 16902 V MediaPlayerNative: message received msg=200, ext1=10973, ext2=0
02-06 18:16:47.589 15428 16902 W MediaPlayerNative: info/warning (10973, 0)
02-06 18:16:47.592 15428 16902 V MediaPlayerNative: message received msg=1, ext1=0, ext2=0
02-06 18:16:47.592 15428 16902 V MediaPlayerNative: MediaPlayer::notify() prepared
02-06 18:16:47.592 15428 16902 V MediaPlayerNative: signal application thread
02-06 18:16:47.592 15428 15428 V MediaPlayerNative: prepare complete - status=0
02-06 18:16:47.595 15428 15428 V MediaPlayerNative: invoke 76
02-06 18:16:47.596 15428 15428 V MediaPlayer-JNI: setLooping: 1
02-06 18:16:47.596 15428 15428 V MediaPlayerNative: MediaPlayer::setLooping
02-06 18:16:47.597 15428 15428 V MediaPlayer-JNI: setVolume: left 0.800000  right 0.800000
02-06 18:16:47.597 15428 15428 V MediaPlayerNative: MediaPlayer::setVolume(0.800000, 0.800000)
02-06 18:16:47.597 15428 15428 V MediaPlayer-JNI: start
02-06 18:16:47.597 15428 15428 V MediaPlayerNative: start
02-06 18:16:47.609 15428 15428 I SurfaceControl: nativeRelease nativeObject s[-5476376618202111616]
02-06 18:16:47.609 15428 15428 I SurfaceControl: nativeRelease nativeObject e[-5476376618202111616]
02-06 18:16:47.610 15428 15428 I SurfaceControl: assignNativeObject: nativeObject = 0 Surface(name=null)/@0x5e649cd / android.view.SurfaceControl.readFromParcel:1117 android.view.IWindowSession$Stub$Proxy.relayout:1820 android.view.ViewRootImpl.relayoutWindow:9005 android.view.ViewRootImpl.performTraversals:3360 android.view.ViewRootImpl.doTraversal:2618 android.view.ViewRootImpl$TraversalRunnable.run:9971 android.view.Choreographer$CallbackRecord.run:1010 android.view.Choreographer.doCallbacks:809 android.view.Choreographer.doFrame:744 android.view.Choreographer$FrameDisplayEventReceiver.run:995 
02-06 18:16:47.611 15428 15428 I SurfaceControl: nativeRelease nativeObject s[-5476376618277115968]
02-06 18:16:47.611 15428 15428 I SurfaceControl: nativeRelease nativeObject e[-5476376618277115968]
02-06 18:16:47.611 15428 15428 I SurfaceControl: nativeRelease nativeObject s[-5476376618202818624]
02-06 18:16:47.611 15428 15428 I SurfaceControl: nativeRelease nativeObject e[-5476376618202818624]
02-06 18:16:47.611 15428 15428 I SurfaceControl: nativeRelease nativeObject s[-5476376618202113376]
02-06 18:16:47.611 15428 15428 I SurfaceControl: nativeRelease nativeObject e[-5476376618202113376]
02-06 18:16:47.611 15428 15428 I ViewRootImpl@36d3ab1[LoginActivity]: Relayout returned: old=(0,0,2000,1200) new=(0,0,2000,1200) req=(2000,1200)0 dur=9 res=0x1 s={true -5476376618310496256} ch=false fn=387
02-06 18:16:47.621 15428 15428 V MediaPlayerNative: invoke 76
02-06 18:16:47.743 15428 16902 V MediaPlayerNative: message received msg=6, ext1=0, ext2=0
02-06 18:16:47.855 15428 16902 V MediaPlayerNative: message received msg=211, ext1=0, ext2=0
02-06 18:16:47.856 15428 15428 V MediaPlayer-JNI: getCurrentPosition: 37 (msec)
02-06 18:16:47.956 15428 16902 V MediaPlayerNative: message received msg=211, ext1=0, ext2=0
02-06 18:16:47.957 15428 16902 V MediaPlayerNative: message received msg=211, ext1=0, ext2=0
02-06 18:16:47.957 15428 16902 V MediaPlayerNative: message received msg=211, ext1=0, ext2=0
02-06 18:16:50.009 15428 15428 V MediaPlayer-JNI: stop
02-06 18:16:50.009 15428 15428 V MediaPlayerNative: stop
02-06 18:16:50.009 15428 16893 V MediaPlayerNative: message received msg=8, ext1=0, ext2=0
02-06 18:16:50.010 15428 15428 V MediaPlayer: resetDrmState:  mDrmInfo=null mDrmProvisioningThread=null mPrepareDrmInProgress=false mActiveDrmScheme=false
02-06 18:16:50.010 15428 15428 V MediaPlayer: cleanDrmObj: mDrmObj=null mDrmSessionId=null
02-06 18:16:50.010 15428 15428 V MediaPlayer-JNI: release
02-06 18:16:50.010 15428 15428 V MediaPlayerNative: setListener
02-06 18:16:50.010 15428 15428 V MediaPlayerNative: disconnect
02-06 18:16:50.010 15428 16893 V MediaPlayerNative: message received msg=211, ext1=0, ext2=0
02-06 18:16:50.010 15428 16893 V MediaPlayerNative: notify(211, 0, 0) callback on disconnected mediaplayer
02-06 18:16:50.030 15428 15428 V MediaPlayerNative: destructor
02-06 18:16:50.031 15428 15428 V MediaPlayerNative: disconnect
02-06 18:16:50.078 15428 15428 W MediaPlayer: mediaplayer went away with unhandled events
02-06 18:16:50.156 15428 15428 I ViewRootImpl@36d3ab1[LoginActivity]: MSG_WINDOW_FOCUS_CHANGED 0 1
02-06 18:16:50.368 15428 15428 I ViewRootImpl@36d3ab1[LoginActivity]: stopped(false) old=false
02-06 18:16:50.381 15428 15428 V MediaPlayer-JNI: native_setup
02-06 18:16:50.381 15428 15428 V MediaPlayerNative: constructor
02-06 18:16:50.382 15428 15428 V MediaPlayerNative: setListener
02-06 18:16:50.402 15428 15428 V MediaPlayer-JNI: setVolume: left 1.000000  right 1.000000
02-06 18:16:50.403 15428 15428 V MediaPlayerNative: MediaPlayer::setVolume(1.000000, 1.000000)
02-06 18:16:50.403 15428 15428 V MediaPlayer-JNI: setAuxEffectSendLevel: level 0.000000
02-06 18:16:50.403 15428 15428 V MediaPlayerNative: MediaPlayer::setAuxEffectSendLevel(0.000000)
02-06 18:16:50.403 15428 15428 V MediaPlayer-JNI: setParameter: key 1400
02-06 18:16:50.403 15428 15428 V MediaPlayerNative: MediaPlayer::setParameter(1400)
02-06 18:16:50.403 15428 15428 V MediaPlayer-JNI: set_session_id(): 11433
02-06 18:16:50.403 15428 15428 V MediaPlayerNative: MediaPlayer::setAudioSessionId(11433)
02-06 18:16:50.403 15428 15428 V MediaPlayer-JNI: setDataSourceFD: fd 82
02-06 18:16:50.403 15428 15428 V MediaPlayerNative: setDataSource(82, 80149264, 611808)
02-06 18:16:50.423 15428 15428 V MediaPlayerNative: setVideoSurfaceTexture
02-06 18:16:50.423 15428 15428 V MediaPlayerNative: prepare
02-06 18:16:50.465 15428 16893 V MediaPlayerNative: message received msg=200, ext1=10973, ext2=0
02-06 18:16:50.465 15428 16893 W MediaPlayerNative: info/warning (10973, 0)
02-06 18:16:50.469 15428 16893 V MediaPlayerNative: message received msg=1, ext1=0, ext2=0
02-06 18:16:50.469 15428 16893 V MediaPlayerNative: MediaPlayer::notify() prepared
02-06 18:16:50.469 15428 16893 V MediaPlayerNative: signal application thread
02-06 18:16:50.469 15428 15428 V MediaPlayerNative: prepare complete - status=0
02-06 18:16:50.500 15428 15428 V MediaPlayerNative: invoke 76
02-06 18:16:50.501 15428 15428 V MediaPlayer-JNI: setLooping: 1
02-06 18:16:50.502 15428 15428 V MediaPlayerNative: MediaPlayer::setLooping
02-06 18:16:50.502 15428 15428 V MediaPlayer-JNI: setVolume: left 0.800000  right 0.800000
02-06 18:16:50.502 15428 15428 V MediaPlayerNative: MediaPlayer::setVolume(0.800000, 0.800000)
02-06 18:16:50.502 15428 15428 V MediaPlayer-JNI: start
02-06 18:16:50.502 15428 15428 V MediaPlayerNative: start
02-06 18:16:50.507 15428 15428 I ViewRootImpl@36d3ab1[LoginActivity]: MSG_WINDOW_FOCUS_CHANGED 1 1
02-06 18:16:50.508 15428 15428 D InputMethodManager: prepareNavigationBarInfo() DecorView@9bb0f08[LoginActivity]
02-06 18:16:50.508 15428 15428 D InputMethodManager: getNavigationBarColor() -855310
02-06 18:16:50.510 15428 15428 D InputMethodManager: prepareNavigationBarInfo() DecorView@9bb0f08[LoginActivity]
02-06 18:16:50.510 15428 15428 D InputMethodManager: getNavigationBarColor() -855310
02-06 18:16:50.510 15428 15428 V InputMethodManager: Starting input: tba=com.kyowon.literacy.store ic=null mNaviBarColor -855310 mIsGetNaviBarColorSuccess true , NavVisible : true , NavTrans : false
02-06 18:16:50.510 15428 15428 D InputMethodManager: startInputInner - Id : 0
02-06 18:16:50.510 15428 15428 I InputMethodManager: startInputInner - mService.startInputOrWindowGainedFocus
02-06 18:16:50.515 15428 15428 D InputTransport: Input channel constructed: 'ClientS', fd=96
02-06 18:16:50.515 15428 15428 D InputTransport: Input channel destroyed: 'ClientS', fd=94
02-06 18:16:50.524 15428 15428 V MediaPlayerNative: invoke 76
02-06 18:16:50.671 15428 16893 V MediaPlayerNative: message received msg=6, ext1=0, ext2=0
02-06 18:16:50.761 15428 16893 V MediaPlayerNative: message received msg=211, ext1=0, ext2=0
02-06 18:16:50.762 15428 16884 V MediaPlayerNative: message received msg=211, ext1=0, ext2=0
02-06 18:16:50.838 15428 15428 V MediaPlayer-JNI: getCurrentPosition: 133 (msec)
02-06 18:16:52.091 15428 15428 V MediaPlayer-JNI: stop
02-06 18:16:52.091 15428 15428 V MediaPlayerNative: stop
02-06 18:16:52.092 15428 16884 V MediaPlayerNative: message received msg=8, ext1=0, ext2=0
02-06 18:16:52.092 15428 15428 V MediaPlayer: resetDrmState:  mDrmInfo=null mDrmProvisioningThread=null mPrepareDrmInProgress=false mActiveDrmScheme=false
02-06 18:16:52.092 15428 15428 V MediaPlayer: cleanDrmObj: mDrmObj=null mDrmSessionId=null
02-06 18:16:52.092 15428 15428 V MediaPlayer-JNI: release
02-06 18:16:52.092 15428 15428 V MediaPlayerNative: setListener
02-06 18:16:52.092 15428 15428 V MediaPlayerNative: disconnect
02-06 18:16:52.092 15428 16884 V MediaPlayerNative: message received msg=211, ext1=0, ext2=0
02-06 18:16:52.092 15428 16884 V MediaPlayerNative: notify(211, 0, 0) callback on disconnected mediaplayer
02-06 18:16:52.114 15428 15428 V MediaPlayerNative: destructor
02-06 18:16:52.120 15428 15428 V MediaPlayerNative: disconnect
02-06 18:16:52.190 15428 15428 W MediaPlayer: mediaplayer went away with unhandled events
02-06 18:16:52.229 15428 15428 I ViewRootImpl@36d3ab1[LoginActivity]: MSG_WINDOW_FOCUS_CHANGED 0 1
02-06 18:16:52.558 15428 15428 I ViewRootImpl@36d3ab1[LoginActivity]: MSG_WINDOW_FOCUS_CHANGED 1 1
02-06 18:16:52.558 15428 15428 D InputMethodManager: prepareNavigationBarInfo() DecorView@9bb0f08[LoginActivity]
02-06 18:16:52.558 15428 15428 D InputMethodManager: getNavigationBarColor() -855310
02-06 18:16:52.559 15428 15428 D InputMethodManager: prepareNavigationBarInfo() DecorView@9bb0f08[LoginActivity]
02-06 18:16:52.559 15428 15428 D InputMethodManager: getNavigationBarColor() -855310
02-06 18:16:52.559 15428 15428 V InputMethodManager: Starting input: tba=com.kyowon.literacy.store ic=null mNaviBarColor -855310 mIsGetNaviBarColorSuccess true , NavVisible : true , NavTrans : false
02-06 18:16:52.559 15428 15428 D InputMethodManager: startInputInner - Id : 0
02-06 18:16:52.559 15428 15428 I InputMethodManager: startInputInner - mService.startInputOrWindowGainedFocus
02-06 18:16:52.565 15428 15428 D InputTransport: Input channel constructed: 'ClientS', fd=89
02-06 18:16:52.565 15428 15428 D InputTransport: Input channel destroyed: 'ClientS', fd=96
02-06 18:16:52.611 15428 15428 I ViewRootImpl@36d3ab1[LoginActivity]: stopped(false) old=false
02-06 18:16:52.613 15428 15428 V MediaPlayer-JNI: native_setup
02-06 18:16:52.613 15428 15428 V MediaPlayerNative: constructor
02-06 18:16:52.613 15428 15428 V MediaPlayerNative: setListener
02-06 18:16:52.617 15428 15428 V MediaPlayer-JNI: setVolume: left 1.000000  right 1.000000
02-06 18:16:52.617 15428 15428 V MediaPlayerNative: MediaPlayer::setVolume(1.000000, 1.000000)
02-06 18:16:52.617 15428 15428 V MediaPlayer-JNI: setAuxEffectSendLevel: level 0.000000
02-06 18:16:52.617 15428 15428 V MediaPlayerNative: MediaPlayer::setAuxEffectSendLevel(0.000000)
02-06 18:16:52.617 15428 15428 V MediaPlayer-JNI: setParameter: key 1400
02-06 18:16:52.617 15428 15428 V MediaPlayerNative: MediaPlayer::setParameter(1400)
02-06 18:16:52.617 15428 15428 V MediaPlayer-JNI: set_session_id(): 11449
02-06 18:16:52.617 15428 15428 V MediaPlayerNative: MediaPlayer::setAudioSessionId(11449)
02-06 18:16:52.618 15428 15428 V MediaPlayer-JNI: setDataSourceFD: fd 82
02-06 18:16:52.618 15428 15428 V MediaPlayerNative: setDataSource(82, 80149264, 611808)
02-06 18:16:52.632 15428 15428 V MediaPlayerNative: setVideoSurfaceTexture
02-06 18:16:52.633 15428 15428 V MediaPlayerNative: prepare
02-06 18:16:52.722 15428 16884 V MediaPlayerNative: message received msg=200, ext1=10973, ext2=0
02-06 18:16:52.722 15428 16884 W MediaPlayerNative: info/warning (10973, 0)
02-06 18:16:52.723 15428 16884 V MediaPlayerNative: message received msg=1, ext1=0, ext2=0
02-06 18:16:52.723 15428 16884 V MediaPlayerNative: MediaPlayer::notify() prepared
02-06 18:16:52.723 15428 16884 V MediaPlayerNative: signal application thread
02-06 18:16:52.723 15428 15428 V MediaPlayerNative: prepare complete - status=0
02-06 18:16:52.744 15428 15428 V MediaPlayerNative: invoke 76
02-06 18:16:52.745 15428 15428 V MediaPlayer-JNI: setLooping: 1
02-06 18:16:52.745 15428 15428 V MediaPlayerNative: MediaPlayer::setLooping
02-06 18:16:52.745 15428 15428 V MediaPlayer-JNI: setVolume: left 0.800000  right 0.800000
02-06 18:16:52.745 15428 15428 V MediaPlayerNative: MediaPlayer::setVolume(0.800000, 0.800000)
02-06 18:16:52.745 15428 15428 V MediaPlayer-JNI: start
02-06 18:16:52.745 15428 15428 V MediaPlayerNative: start
02-06 18:16:52.764 15428 15428 I SurfaceControl: nativeRelease nativeObject s[-5476376618215206752]
02-06 18:16:52.764 15428 15428 I SurfaceControl: nativeRelease nativeObject e[-5476376618215206752]
02-06 18:16:52.765 15428 15428 I SurfaceControl: assignNativeObject: nativeObject = 0 Surface(name=null)/@0x5e649cd / android.view.SurfaceControl.readFromParcel:1117 android.view.IWindowSession$Stub$Proxy.relayout:1820 android.view.ViewRootImpl.relayoutWindow:9005 android.view.ViewRootImpl.performTraversals:3360 android.view.ViewRootImpl.doTraversal:2618 android.view.ViewRootImpl$TraversalRunnable.run:9971 android.view.Choreographer$CallbackRecord.run:1010 android.view.Choreographer.doCallbacks:809 android.view.Choreographer.doFrame:744 android.view.Choreographer$FrameDisplayEventReceiver.run:995 
02-06 18:16:52.766 15428 15428 I SurfaceControl: nativeRelease nativeObject s[-5476376618202111616]
02-06 18:16:52.766 15428 15428 I SurfaceControl: nativeRelease nativeObject e[-5476376618202111616]
02-06 18:16:52.766 15428 15428 I SurfaceControl: nativeRelease nativeObject s[-5476376618202111936]
02-06 18:16:52.766 15428 15428 I SurfaceControl: nativeRelease nativeObject e[-5476376618202111936]
02-06 18:16:52.766 15428 15428 I SurfaceControl: nativeRelease nativeObject s[-5476376618277102208]
02-06 18:16:52.766 15428 15428 I SurfaceControl: nativeRelease nativeObject e[-5476376618277102208]
02-06 18:16:52.766 15428 15428 I ViewRootImpl@36d3ab1[LoginActivity]: Relayout returned: old=(0,0,2000,1200) new=(0,0,2000,1200) req=(2000,1200)0 dur=12 res=0x1 s={true -5476376618310496256} ch=false fn=502
02-06 18:16:52.768 15428 15428 V MediaPlayerNative: invoke 76
02-06 18:16:52.859 15428 16884 V MediaPlayerNative: message received msg=6, ext1=0, ext2=0
02-06 18:16:52.978 15428 16884 V MediaPlayerNative: message received msg=211, ext1=0, ext2=0
02-06 18:16:52.979 15428 16884 V MediaPlayerNative: message received msg=211, ext1=0, ext2=0
02-06 18:16:53.031 15428 15428 V MediaPlayer-JNI: getCurrentPosition: 105 (msec)
02-06 18:16:55.269 15428 15428 V MediaPlayer-JNI: stop
02-06 18:16:55.269 15428 15428 V MediaPlayerNative: stop
02-06 18:16:55.270 15428 16884 V MediaPlayerNative: message received msg=8, ext1=0, ext2=0
02-06 18:16:55.270 15428 15428 V MediaPlayer: resetDrmState:  mDrmInfo=null mDrmProvisioningThread=null mPrepareDrmInProgress=false mActiveDrmScheme=false
02-06 18:16:55.270 15428 15428 V MediaPlayer: cleanDrmObj: mDrmObj=null mDrmSessionId=null
02-06 18:16:55.270 15428 15428 V MediaPlayer-JNI: release
02-06 18:16:55.270 15428 15428 V MediaPlayerNative: setListener
02-06 18:16:55.270 15428 15428 V MediaPlayerNative: disconnect
02-06 18:16:55.294 15428 15428 V MediaPlayerNative: destructor
02-06 18:16:55.295 15428 15428 V MediaPlayerNative: disconnect
02-06 18:16:55.321 15428 15428 W MediaPlayer: mediaplayer went away with unhandled events
02-06 18:16:55.338 15428 15428 I ViewRootImpl@36d3ab1[LoginActivity]: MSG_WINDOW_FOCUS_CHANGED 0 1
02-06 18:16:55.852 15428 15428 I SurfaceControl: nativeRelease nativeObject s[-5476376618215206752]
02-06 18:16:55.852 15428 15428 I SurfaceControl: nativeRelease nativeObject e[-5476376618215206752]
02-06 18:16:55.852 15428 15428 I SurfaceControl: nativeRelease nativeObject s[-5476376618277115808]
02-06 18:16:55.852 15428 15428 I SurfaceControl: nativeRelease nativeObject e[-5476376618277115808]
02-06 18:16:55.852 15428 15428 I SurfaceControl: nativeRelease nativeObject s[-5476376618277115968]
