02-06 18:05:24.610  3012  3061 D GameManagerService: notePauseComponent(), received paused-component: com.kyowon.literacy.store
02-06 18:05:24.610  3012  7226 D WindowManager: rotationForOrientation, orientationSource=ActivityRecord{dc801fe u0 com.kyowon.literacy.store/com.kyowon.literacy.ui.tutorial.activity.TutorialActivity t3366}
02-06 18:05:24.612  3012  7226 D PkgDataHelper: notifyAppCreate(), pkgName: com.kyowon.literacy.store, sendRet: true
02-06 18:05:24.614  3012  3220 D GameManagerService: onLooperPrepared(), msg: MSG_APP_CREATE, pkgName: com.kyowon.literacy.store
02-06 18:05:24.615  3012  7226 V WindowManager: Changing focus from Window{f52afd3 u0 com.kyowon.literacy.store/com.kyowon.literacy.ui.main.activity.MainActivity} to null displayId=0 Callers=com.android.server.wm.RootWindowContainer.updateFocusedWindowLocked:566 com.android.server.wm.WindowManagerService.updateFocusedWindowLocked:6311 com.android.server.wm.DisplayContent.setFocusedApp:6776 com.android.server.wm.ActivityTaskManagerService.setResumedActivityUncheckLocked:6725 
02-06 18:05:24.615  3012  7226 D MARsPolicyManager: onPackageResumedFG pkgName = com.kyowon.literacy.store, userId = 0
02-06 18:05:24.727   862  1519 I SurfaceFlinger: id=106684 createSurf (0x0),-1 flag=80004, 29e5e98 com.kyowon.literacy.store/com.kyowon.literacy.ui.tutorial.activity.TutorialActivity#0
02-06 18:05:24.728  3012  7226 D WindowManager: isScreenshotDisabledLocked - win: Window{29e5e98 u0 com.kyowon.literacy.store/com.kyowon.literacy.ui.tutorial.activity.TutorialActivity}
02-06 18:05:24.731  3012  3061 D GameManagerService: noteResumeComponent(), received resumed-component: com.kyowon.literacy.store
02-06 18:05:24.731  3012  3061 I GameSDK@LifeCycle: noteResumeComponent(): package name  : com.kyowon.literacy.store
02-06 18:05:24.732  3012  3220 D GameManagerService: onLooperPrepared(), msg: MSG_APP_RESUME, resumeComponent: ComponentInfo{com.kyowon.literacy.store/com.kyowon.literacy.ui.tutorial.activity.TutorialActivity}
02-06 18:05:24.732 20609 20609 D InsetsSourceConsumer: setRequestedVisible: visible=false, type=2, host=com.kyowon.literacy.store/com.kyowon.literacy.ui.tutorial.activity.TutorialActivity, from=android.view.InsetsSourceConsumer.hide:236 android.view.InsetsController.collectSourceControls:1172 android.view.InsetsController.controlAnimationUnchecked:1049 android.view.InsetsController.applyAnimation:1417 android.view.InsetsController.hide:984 android.view.InsetsController.hide:967 android.view.PendingInsetsController$HideRequest.replay:238 android.view.PendingInsetsController.replayAndAttach:169 android.view.ViewRootImpl.setView:1544 android.view.WindowManagerGlobal.addView:469 
02-06 18:05:24.732 20609 20609 D InsetsSourceConsumer: setRequestedVisible: visible=false, type=1, host=com.kyowon.literacy.store/com.kyowon.literacy.ui.tutorial.activity.TutorialActivity, from=android.view.InsetsSourceConsumer.hide:236 android.view.InsetsController.collectSourceControls:1172 android.view.InsetsController.controlAnimationUnchecked:1049 android.view.InsetsController.applyAnimation:1417 android.view.InsetsController.hide:984 android.view.InsetsController.hide:967 android.view.PendingInsetsController$HideRequest.replay:238 android.view.PendingInsetsController.replayAndAttach:169 android.view.ViewRootImpl.setView:1544 android.view.WindowManagerGlobal.addView:469 
02-06 18:05:24.732 20609 20609 D InsetsSourceConsumer: setRequestedVisible: visible=false, type=0, host=com.kyowon.literacy.store/com.kyowon.literacy.ui.tutorial.activity.TutorialActivity, from=android.view.InsetsSourceConsumer.hide:236 android.view.InsetsController.collectSourceControls:1172 android.view.InsetsController.controlAnimationUnchecked:1049 android.view.InsetsController.applyAnimation:1417 android.view.InsetsController.hide:984 android.view.InsetsController.hide:967 android.view.PendingInsetsController$HideRequest.replay:238 android.view.PendingInsetsController.replayAndAttach:169 android.view.ViewRootImpl.setView:1544 android.view.WindowManagerGlobal.addView:469 
02-06 18:05:24.732  3012  3220 D GameManagerService:   handleResume(). pkgName: com.kyowon.literacy.store, isTunableApp: null
02-06 18:05:24.732  3012  3220 D GameManagerService: notifyFocusInOut(). of pkg: com.kyowon.literacy.store, type: 4, isMinimized: false, isTunableApp: false
02-06 18:05:24.752  3012  7226 V WindowManager: Relayout Window{29e5e98 u0 com.kyowon.literacy.store/com.kyowon.literacy.ui.tutorial.activity.TutorialActivity}: viewVisibility=0 req=2000x1200
02-06 18:05:24.756  3012  7226 D WindowManager: isScreenshotDisabledLocked - win: Window{29e5e98 u0 com.kyowon.literacy.store/com.kyowon.literacy.ui.tutorial.activity.TutorialActivity}
02-06 18:05:24.757   862   925 I SurfaceFlinger: id=106685 createSurf (2000x1200),1 flag=404, com.kyowon.literacy.store/com.kyowon.literacy.ui.tutorial.activity.TutorialActivity$_20609#0
02-06 18:05:24.759  3012  7226 D WindowManager: makeSurface duration=3 name=com.kyowon.literacy.store/com.kyowon.literacy.ui.tutorial.activity.TutorialActivity$_20609
02-06 18:05:24.761  3012  7226 V WindowManager: Changing focus from null to Window{29e5e98 u0 com.kyowon.literacy.store/com.kyowon.literacy.ui.tutorial.activity.TutorialActivity} displayId=0 Callers=com.android.server.wm.RootWindowContainer.updateFocusedWindowLocked:566 com.android.server.wm.WindowManagerService.updateFocusedWindowLocked:6311 com.android.server.wm.WindowManagerService.relayoutWindow:2713 com.android.server.wm.Session.relayout:219 
02-06 18:05:24.803  3012  7145 D WindowManager: finishDrawingWindow: Window{29e5e98 u0 com.kyowon.literacy.store/com.kyowon.literacy.ui.tutorial.activity.TutorialActivity} mDrawState=DRAW_PENDING
02-06 18:05:24.815  3012  3062 D WindowManager: prepareDimAnimOnAnimating owner = ActivityRecord{5448bac u0 com.kyowon.literacy.store/com.kyowon.literacy.ui.main.activity.MainActivity t3366}
02-06 18:05:24.816  3012  3062 I WindowManager: Reparenting to leash, surface=Surface(name=ActivityRecord{5448bac u0 com.kyowon.literacy.store/com.kyowon.literacy.ui.main.activity.MainActivity t3366})/@0x7bbba35, leashParent=Surface(name=Task=3366)/@0xa8ece2b
02-06 18:05:24.817   862   925 I SurfaceFlinger: id=106688 createSurf (0x0),-1 flag=24000, Surface(name=ActivityRecord{5448bac u0 com.kyowon.literacy.store/com.kyowon.literacy.ui.main.activity.MainActivity t3366})/@0x7bbba35 - animation-leash#0
02-06 18:05:24.817  3012  3062 D WindowManager: makeSurface duration=1 leash=Surface(name=Surface(name=ActivityRecord{5448bac u0 com.kyowon.literacy.store/com.kyowon.literacy.ui.main.activity.MainActivity t3366})/@0x7bbba35 - animation-leash)/@0xff308e5
02-06 18:05:24.817  3012  3062 D WindowManager: startDimAnimation owner = ActivityRecord{5448bac u0 com.kyowon.literacy.store/com.kyowon.literacy.ui.main.activity.MainActivity t3366}
02-06 18:05:24.828   862   924 I SurfaceFlinger: id=106691 createSurf (0x0),-1 flag=80004, Surface(name=ActivityRecord{5448bac u0 com.kyowon.literacy.store/com.kyowon.literacy.ui.main.activity.MainActivity t3366})/@0x7bbba35 - animation-bounds#0
02-06 18:05:24.837  3012  3062 I WindowManager: Reparenting to leash, surface=Surface(name=ActivityRecord{dc801fe u0 com.kyowon.literacy.store/com.kyowon.literacy.ui.tutorial.activity.TutorialActivity t3366})/@0x6d98c12, leashParent=Surface(name=Task=3366)/@0xa8ece2b
02-06 18:05:24.838   862  1520 I SurfaceFlinger: id=106692 createSurf (0x0),-1 flag=24004, Surface(name=ActivityRecord{dc801fe u0 com.kyowon.literacy.store/com.kyowon.literacy.ui.tutorial.activity.TutorialActivity t3366})/@0x6d98c12 - animation-leash#0
02-06 18:05:24.839  3012  3062 D WindowManager: makeSurface duration=2 leash=Surface(name=Surface(name=ActivityRecord{dc801fe u0 com.kyowon.literacy.store/com.kyowon.literacy.ui.tutorial.activity.TutorialActivity t3366})/@0x6d98c12 - animation-leash)/@0xb3a4fe3
02-06 18:05:24.843   862   925 I SurfaceFlinger: id=106693 createSurf (0x0),-1 flag=80004, Surface(name=ActivityRecord{dc801fe u0 com.kyowon.literacy.store/com.kyowon.literacy.ui.tutorial.activity.TutorialActivity t3366})/@0x6d98c12 - animation-bounds#0
02-06 18:05:24.845  3012  3062 D PkgPredictorService: pkg:com.kyowon.literacy.store activity:com.kyowon.literacy.ui.tutorial.activity.TutorialActivity thisTime:266
02-06 18:05:24.862  3012  3080 I ActivityTaskManager: Displayed com.kyowon.literacy.store/com.kyowon.literacy.ui.tutorial.activity.TutorialActivity: +266ms
02-06 18:05:24.926 20609 20609 V InputMethodManager: Starting input: tba=com.kyowon.literacy.store ic=null mNaviBarColor -855310 mIsGetNaviBarColorSuccess true , NavVisible : true , NavTrans : false
02-06 18:05:24.985   862   862 D SurfaceFlinger:      DEVICE | 0xb400007acfe20df0 | 0002 | RGBA_8888    |    0.0    0.0 1196.0 2000.0 |    4    0 1200 2000 | com.kyowon.literacy.store/com.kyowon[...].main.activity.MainActivity$_20609#0
02-06 18:05:24.985   862   862 D SurfaceFlinger:      CLIENT | 0xb400007acfe21020 | 0002 | RGBA_8888    |  201.0    0.0 1200.0 2000.0 |    0    0  999 2000 | com.kyowon.literacy.store/com.kyowon[...]l.activity.TutorialActivity$_20609#0
02-06 18:05:25.070   862   862 D SurfaceFlinger:      DEVICE | 0xb400007ac04d1b00 | 0002 | RGBA_8888    |    0.0    0.0 1191.0 2000.0 |    9    0 1200 2000 | com.kyowon.literacy.store/com.kyowon[...].main.activity.MainActivity$_20609#0
02-06 18:05:25.070   862   862 D SurfaceFlinger:      CLIENT | 0xb400007acfe21020 | 0002 | RGBA_8888    |  169.0    0.0 1200.0 2000.0 |    0    0 1031 2000 | com.kyowon.literacy.store/com.kyowon[...]l.activity.TutorialActivity$_20609#0
02-06 18:05:25.324  3012  3062 I WindowManager: Reparenting to original parent: Surface(name=Task=3366)/@0xa8ece2b, destroy=true, surface=Surface(name=ActivityRecord{5448bac u0 com.kyowon.literacy.store/com.kyowon.literacy.ui.main.activity.MainActivity t3366})/@0x7bbba35
02-06 18:05:25.325  3012  3062 D WindowManager: clearDimAnimation owner = ActivityRecord{5448bac u0 com.kyowon.literacy.store/com.kyowon.literacy.ui.main.activity.MainActivity t3366}
02-06 18:05:25.326  3012  3062 V WindowManager: Setting visibility of Window{f52afd3 u0 com.kyowon.literacy.store/com.kyowon.literacy.ui.main.activity.MainActivity}: false, caller=com.android.server.wm.WindowContainer.sendAppVisibilityToClients:1004 com.android.server.wm.ActivityRecord.setClientVisible:6391 com.android.server.wm.ActivityRecord.onAnimationFinished:7143 com.android.server.wm.-$$Lambda$dwJG8BAnLlvKNGuDY9U3-haNY4M.onAnimationFinished:2 com.android.server.wm.SurfaceAnimator.lambda$getFinishedCallback$0$SurfaceAnimator:112 
02-06 18:05:25.328  3012  3062 D ActivityTaskManager: finishFixedRotationTransform, r=ActivityRecord{5448bac u0 com.kyowon.literacy.store/com.kyowon.literacy.ui.main.activity.MainActivity t3366}, caller=com.android.server.wm.WindowToken.finishFixedRotationTransform:664 com.android.server.wm.DisplayContent$FixedRotationTransitionListener.onAppTransitionFinishedLocked:7026 com.android.server.wm.AppTransition.notifyAppTransitionFinishedLocked:543 com.android.server.wm.ActivityRecord.onAnimationFinished:7164 com.android.server.wm.-$$Lambda$dwJG8BAnLlvKNGuDY9U3-haNY4M.onAnimationFinished:2 
02-06 18:05:25.329  3012  3062 I WindowManager: Reparenting to original parent: Surface(name=Task=3366)/@0xa8ece2b, destroy=true, surface=Surface(name=ActivityRecord{dc801fe u0 com.kyowon.literacy.store/com.kyowon.literacy.ui.tutorial.activity.TutorialActivity t3366})/@0x6d98c12
02-06 18:05:25.333  3012  3062 D ActivityTaskManager: finishFixedRotationTransform, r=ActivityRecord{dc801fe u0 com.kyowon.literacy.store/com.kyowon.literacy.ui.tutorial.activity.TutorialActivity t3366}, caller=com.android.server.wm.WindowToken.finishFixedRotationTransform:664 com.android.server.wm.DisplayContent$FixedRotationTransitionListener.onAppTransitionFinishedLocked:7026 com.android.server.wm.AppTransition.notifyAppTransitionFinishedLocked:543 com.android.server.wm.ActivityRecord.onAnimationFinished:7164 com.android.server.wm.-$$Lambda$dwJG8BAnLlvKNGuDY9U3-haNY4M.onAnimationFinished:2 
02-06 18:05:25.342   862   925 I Layer   : id=106688 removeFromCurrentState Surface(name=ActivityRecord{5448bac u0 com.kyowon.literacy.store/com.kyowon.literacy.ui.main.activity.MainActivity t3366})/@0x7bbba35 - animation-leash#0 (89)
02-06 18:05:25.342   862   925 I Layer   : id=106691 removeFromCurrentState Surface(name=ActivityRecord{5448bac u0 com.kyowon.literacy.store/com.kyowon.literacy.ui.main.activity.MainActivity t3366})/@0x7bbba35 - animation-bounds#0 (89)
02-06 18:05:25.342   862   925 I Layer   : id=106692 removeFromCurrentState Surface(name=ActivityRecord{dc801fe u0 com.kyowon.literacy.store/com.kyowon.literacy.ui.tutorial.activity.TutorialActivity t3366})/@0x6d98c12 - animation-leash#0 (89)
02-06 18:05:25.343   862   925 I Layer   : id=106693 removeFromCurrentState Surface(name=ActivityRecord{dc801fe u0 com.kyowon.literacy.store/com.kyowon.literacy.ui.tutorial.activity.TutorialActivity t3366})/@0x6d98c12 - animation-bounds#0 (89)
02-06 18:05:25.345   862  1520 I SurfaceFlinger: id=106691 Removed Surface(name=ActivityRecord{5448bac u0 com.kyowon.literacy.store/com.kyowon.literacy.ui.main.activity.MainActivity t3366})/@0x7bbba35 - animation-bounds#0 (89)
02-06 18:05:25.345   862  1520 I SurfaceFlinger: id=106693 Removed Surface(name=ActivityRecord{dc801fe u0 com.kyowon.literacy.store/com.kyowon.literacy.ui.tutorial.activity.TutorialActivity t3366})/@0x6d98c12 - animation-bounds#0 (89)
02-06 18:05:25.347  3012  3062 D ActivityTaskManager: finishFixedRotationTransform, r=ActivityRecord{dc801fe u0 com.kyowon.literacy.store/com.kyowon.literacy.ui.tutorial.activity.TutorialActivity t3366}, caller=com.android.server.wm.WindowToken.finishFixedRotationTransform:664 com.android.server.wm.DisplayContent$FixedRotationTransitionListener.onAppTransitionFinishedLocked:7026 com.android.server.wm.AppTransition.notifyAppTransitionFinishedLocked:543 com.android.server.wm.DisplayContent.handleAnimatingStoppedAndTransition:5836 com.android.server.wm.RootWindowContainer.checkAppTransitionReady:1264 
02-06 18:05:25.374   862   862 I Layer   : id=106691[1] Destroyed Surface(name=ActivityRecord{5448bac u0 com.kyowon.literacy.store/com.kyowon.literacy.ui.main.activity.MainActivity t3366})/@0x7bbba35 - animation-bounds#0
02-06 18:05:25.374   862   862 I Layer   : id=106693[1] Destroyed Surface(name=ActivityRecord{dc801fe u0 com.kyowon.literacy.store/com.kyowon.literacy.ui.tutorial.activity.TutorialActivity t3366})/@0x6d98c12 - animation-bounds#0
02-06 18:05:25.375   862  1519 I SurfaceFlinger: id=106692 Removed Surface(name=ActivityRecord{dc801fe u0 com.kyowon.literacy.store/com.kyowon.literacy.ui.tutorial.activity.TutorialActivity t3366})/@0x6d98c12 - animation-leash#0 (87)
02-06 18:05:25.375   862  1519 I SurfaceFlinger: id=106688 Removed Surface(name=ActivityRecord{5448bac u0 com.kyowon.literacy.store/com.kyowon.literacy.ui.main.activity.MainActivity t3366})/@0x7bbba35 - animation-leash#0 (87)
02-06 18:05:25.424   862   862 D SurfaceFlinger:      DEVICE | 0xb400007acfe20840 | 0002 | RGBA_8888    |    0.0    0.0 1200.0 2000.0 |    0    0 1200 2000 | com.kyowon.literacy.store/com.kyowon[...]l.activity.TutorialActivity$_20609#0
02-06 18:05:25.427   862   862 I Layer   : id=106692[1] Destroyed Surface(name=ActivityRecord{dc801fe u0 com.kyowon.literacy.store/com.kyowon.literacy.ui.tutorial.activity.TutorialActivity t3366})/@0x6d98c12 - animation-leash#0
02-06 18:05:25.427   862   862 I Layer   : id=106688[1] Destroyed Surface(name=ActivityRecord{5448bac u0 com.kyowon.literacy.store/com.kyowon.literacy.ui.main.activity.MainActivity t3366})/@0x7bbba35 - animation-leash#0
02-06 18:05:25.466  3012  7145 V WindowManager: Relayout Window{f52afd3 u0 com.kyowon.literacy.store/com.kyowon.literacy.ui.main.activity.MainActivity}: viewVisibility=8 req=2000x1200
02-06 18:05:25.496  3012  7145 E WindowManager: win=Window{f52afd3 u0 com.kyowon.literacy.store/com.kyowon.literacy.ui.main.activity.MainActivity} destroySurfaces: appStopped=true win.mWindowRemovalAllowed=false win.mRemoveOnExit=false win.mViewVisibility=8 caller=com.android.server.wm.ActivityRecord.destroySurfaces:5251 com.android.server.wm.ActivityRecord.destroySurfaces:5232 com.android.server.wm.ActivityRecord.notifyAppStopped:5291 com.android.server.wm.ActivityRecord.activityStopped:5918 com.android.server.wm.ActivityTaskManagerService.activityStopped:2595 android.app.IActivityTaskManager$Stub.onTransact:2223 android.os.Binder.execTransactInternal:1190 
02-06 18:05:25.496  3012  7145 I WindowManager: Destroying surface Surface(name=com.kyowon.literacy.store/com.kyowon.literacy.ui.main.activity.MainActivity$_20609)/@0x1099f37 called by com.android.server.wm.WindowStateAnimator.destroySurface:1794 com.android.server.wm.WindowStateAnimator.destroySurfaceLocked:765 com.android.server.wm.WindowState.destroySurfaceUnchecked:3918 com.android.server.wm.WindowState.destroySurface:3892 com.android.server.wm.ActivityRecord.destroySurfaces:5251 com.android.server.wm.ActivityRecord.destroySurfaces:5232 com.android.server.wm.ActivityRecord.notifyAppStopped:5291 com.android.server.wm.ActivityRecord.activityStopped:5918 
02-06 18:05:25.502   862   925 I Layer   : id=106649 removeFromCurrentState com.kyowon.literacy.store/com.kyowon.literacy.ui.main.activity.MainActivity$_20609#0 (84)
02-06 18:05:25.524   862   925 I SurfaceFlinger: id=106649 Removed com.kyowon.literacy.store/com.kyowon.literacy.ui.main.activity.MainActivity$_20609#0 (84)
02-06 18:05:25.556   862   862 I Layer   : id=106649[1] Destroyed com.kyowon.literacy.store/com.kyowon.literacy.ui.main.activity.MainActivity$_20609#0
02-06 18:05:26.474 11530 11917 I System.out: {"id":"bda761c1-7803-4777-bc01-becbfd61230e","uri":"poco-uiautomation-framework","method":[["getattr","selector"],["getattr","select"],["call",[["",["and",[["attr=",["name","com.kyowon.literacy.store:id\/img_tuto"]]]]],["",false]]]],"session_id":"54862a4f-a7f6-4a6f-ab1e-a02f90ea0ef2"}
02-06 18:05:26.790 11530 11925 I System.out: {"id":"37fd8d02-cb0b-4440-99d1-e5856ab68b46","uri":"poco-uiautomation-framework","method":[["getattr","selector"],["getattr","select"],["call",[["",["and",[["attr=",["name","com.kyowon.literacy.store:id\/btn_next"]]]]],["",false]]]],"session_id":"54862a4f-a7f6-4a6f-ab1e-a02f90ea0ef2"}
02-06 18:05:29.049 11530 11949 I System.out: {"id":"5b744995-4aa5-446e-8798-85b9619b3a8b","uri":"poco-uiautomation-framework","method":[["getattr","selector"],["getattr","select"],["call",[["",["and",[["attr=",["name","com.kyowon.literacy.store:id\/btn_close"]]]]],["",false]]]],"session_id":"54862a4f-a7f6-4a6f-ab1e-a02f90ea0ef2"}
02-06 18:05:29.420  3012  7153 I ActivityTaskManager: START u0 {flg=0x24000000 cmp=com.kyowon.literacy.store/com.kyowon.literacy.ui.main.activity.MainActivity (has extras)} from uid 10584
02-06 18:05:29.422  3012  7153 D ActivityTaskManager: TaskLaunchParamsModifier:task=null activity=ActivityRecord{f17c596 u0 com.kyowon.literacy.store/com.kyowon.literacy.ui.main.activity.MainActivity display-area-from-source=DefaultTaskDisplayArea@168164836 task-display-area=DefaultTaskDisplayArea@168164836 display-area-windowing-mode=1
02-06 18:05:29.422  3012  7153 D ActivityTaskManager: TaskLaunchParamsModifier:task=Task{cfec07d #3366 visible=false type=standard mode=fullscreen translucent=true A=10584:com.kyowon.literacy.store U=0 StackId=3366 sz=2} activity=ActivityRecord{f17c596 u0 com.kyowon.literacy.store/com.kyowon.literacy.ui.main.activity.MainActivity t-1} display-from-task=0 task-display-area=DefaultTaskDisplayArea@168164836 display-area-windowing-mode=1 inherit-from-source=fullscreen activity-options-fullscreen=Rect(0, 0 - 0, 0) non-freeform-display maximized-bounds
02-06 18:05:29.426  3012  7153 V WindowManager: Changing focus from Window{29e5e98 u0 com.kyowon.literacy.store/com.kyowon.literacy.ui.tutorial.activity.TutorialActivity} to null displayId=0 Callers=com.android.server.wm.RootWindowContainer.updateFocusedWindowLocked:566 com.android.server.wm.WindowManagerService.updateFocusedWindowLocked:6311 com.android.server.wm.DisplayContent.layoutAndAssignWindowLayersIfNeeded:4201 com.android.server.wm.TaskDisplayArea.positionStackAt:1016 
02-06 18:05:29.430  3012  8461 W ActivityTaskManager: Duplicate finish request for r=ActivityRecord{dc801fe u0 com.kyowon.literacy.store/com.kyowon.literacy.ui.tutorial.activity.TutorialActivity t3366 f}}
02-06 18:05:29.435  3012  3061 D GameManagerService: notePauseComponent(), received paused-component: com.kyowon.literacy.store
02-06 18:05:29.436  3012  8461 D MARsPolicyManager: onPackageResumedFG pkgName = com.kyowon.literacy.store, userId = 0
02-06 18:05:29.436  3012  8461 V WindowManager: Setting visibility of Window{f52afd3 u0 com.kyowon.literacy.store/com.kyowon.literacy.ui.main.activity.MainActivity}: true, caller=com.android.server.wm.WindowContainer.sendAppVisibilityToClients:1004 com.android.server.wm.ActivityRecord.setClientVisible:6391 com.android.server.wm.ActivityRecord.setVisibility:4866 com.android.server.wm.ActivityRecord.setVisibility:4764 com.android.server.wm.ActivityStack.resumeTopActivityInnerLocked:2298 
02-06 18:05:29.438  3012  8461 D WindowManager: rotationForOrientation, orientationSource=ActivityRecord{5448bac u0 com.kyowon.literacy.store/com.kyowon.literacy.ui.main.activity.MainActivity t3366}
02-06 18:05:29.439  3012  8461 D MARsPolicyManager: onPackageResumedFG pkgName = com.kyowon.literacy.store, userId = 0
02-06 18:05:29.455   862   925 I SurfaceFlinger: id=106695 createSurf (0x0),-1 flag=80004, 6645d04 com.kyowon.literacy.store/com.kyowon.literacy.ui.main.activity.MainActivity#0
02-06 18:05:29.460 20609 20609 D InsetsSourceConsumer: setRequestedVisible: visible=false, type=2, host=com.kyowon.literacy.store/com.kyowon.literacy.ui.main.activity.MainActivity, from=android.view.InsetsSourceConsumer.hide:236 android.view.InsetsController.collectSourceControls:1172 android.view.InsetsController.controlAnimationUnchecked:1049 android.view.InsetsController.applyAnimation:1417 android.view.InsetsController.hide:984 android.view.InsetsController.hide:967 android.view.PendingInsetsController.hide:60 androidx.core.view.WindowInsetsControllerCompat$Impl30.hide:654 androidx.core.view.WindowInsetsControllerCompat.hide:189 com.kyowon.literacy.utils.SystemUiHelper.hideSystemUI:19 
02-06 18:05:29.461 20609 20609 D InsetsSourceConsumer: setRequestedVisible: visible=false, type=1, host=com.kyowon.literacy.store/com.kyowon.literacy.ui.main.activity.MainActivity, from=android.view.InsetsSourceConsumer.hide:236 android.view.InsetsController.collectSourceControls:1172 android.view.InsetsController.controlAnimationUnchecked:1049 android.view.InsetsController.applyAnimation:1417 android.view.InsetsController.hide:984 android.view.InsetsController.hide:967 android.view.PendingInsetsController.hide:60 androidx.core.view.WindowInsetsControllerCompat$Impl30.hide:654 androidx.core.view.WindowInsetsControllerCompat.hide:189 com.kyowon.literacy.utils.SystemUiHelper.hideSystemUI:19 
02-06 18:05:29.461 20609 20609 D InsetsSourceConsumer: setRequestedVisible: visible=false, type=0, host=com.kyowon.literacy.store/com.kyowon.literacy.ui.main.activity.MainActivity, from=android.view.InsetsSourceConsumer.hide:236 android.view.InsetsController.collectSourceControls:1172 android.view.InsetsController.controlAnimationUnchecked:1049 android.view.InsetsController.applyAnimation:1417 android.view.InsetsController.hide:984 android.view.InsetsController.hide:967 android.view.PendingInsetsController.hide:60 androidx.core.view.WindowInsetsControllerCompat$Impl30.hide:654 androidx.core.view.WindowInsetsControllerCompat.hide:189 com.kyowon.literacy.utils.SystemUiHelper.hideSystemUI:19 
02-06 18:05:29.468  3012  7153 V WindowManager: Relayout Window{f52afd3 u0 com.kyowon.literacy.store/com.kyowon.literacy.ui.main.activity.MainActivity}: viewVisibility=0 req=2000x1200
02-06 18:05:29.470  3012  7153 D WindowManager: isScreenshotDisabledLocked - win: Window{f52afd3 u0 com.kyowon.literacy.store/com.kyowon.literacy.ui.main.activity.MainActivity}
02-06 18:05:29.471   862   925 I SurfaceFlinger: id=106696 createSurf (2000x1200),1 flag=404, com.kyowon.literacy.store/com.kyowon.literacy.ui.main.activity.MainActivity$_20609#0
02-06 18:05:29.471  3012  7153 D WindowManager: makeSurface duration=2 name=com.kyowon.literacy.store/com.kyowon.literacy.ui.main.activity.MainActivity$_20609
02-06 18:05:29.473  3012  7153 V WindowManager: Changing focus from null to Window{f52afd3 u0 com.kyowon.literacy.store/com.kyowon.literacy.ui.main.activity.MainActivity} displayId=0 Callers=com.android.server.wm.RootWindowContainer.updateFocusedWindowLocked:566 com.android.server.wm.WindowManagerService.updateFocusedWindowLocked:6311 com.android.server.wm.WindowManagerService.relayoutWindow:2713 com.android.server.wm.Session.relayout:219 
02-06 18:05:29.508  3012  3061 D GameManagerService: noteResumeComponent(), received resumed-component: com.kyowon.literacy.store
02-06 18:05:29.508  3012  3061 I GameSDK@LifeCycle: noteResumeComponent(): package name  : com.kyowon.literacy.store
02-06 18:05:29.508  3012  3220 D GameManagerService: onLooperPrepared(), msg: MSG_APP_RESUME, resumeComponent: ComponentInfo{com.kyowon.literacy.store/com.kyowon.literacy.ui.main.activity.MainActivity}
02-06 18:05:29.509  3012  3220 D GameManagerService:   handleResume(). pkgName: com.kyowon.literacy.store, isTunableApp: null
02-06 18:05:29.509  3012  3220 D GameManagerService: notifyFocusInOut(). of pkg: com.kyowon.literacy.store, type: 4, isMinimized: false, isTunableApp: false
02-06 18:05:29.553  3012  7184 V WindowManager: Relayout Window{6645d04 u0 com.kyowon.literacy.store/com.kyowon.literacy.ui.main.activity.MainActivity}: viewVisibility=0 req=2000x1200
02-06 18:05:29.555  3012  7184 D WindowManager: isScreenshotDisabledLocked - win: Window{6645d04 u0 com.kyowon.literacy.store/com.kyowon.literacy.ui.main.activity.MainActivity}
02-06 18:05:29.556   862   924 I SurfaceFlinger: id=106699 createSurf (2000x1200),1 flag=4, com.kyowon.literacy.store/com.kyowon.literacy.ui.main.activity.MainActivity$_20609#1
02-06 18:05:29.557  3012  7184 D WindowManager: makeSurface duration=2 name=com.kyowon.literacy.store/com.kyowon.literacy.ui.main.activity.MainActivity$_20609
02-06 18:05:29.558  3012  7184 V WindowManager: Changing focus from Window{f52afd3 u0 com.kyowon.literacy.store/com.kyowon.literacy.ui.main.activity.MainActivity} to Window{6645d04 u0 com.kyowon.literacy.store/com.kyowon.literacy.ui.main.activity.MainActivity} displayId=0 Callers=com.android.server.wm.RootWindowContainer.updateFocusedWindowLocked:566 com.android.server.wm.WindowManagerService.updateFocusedWindowLocked:6311 com.android.server.wm.WindowManagerService.relayoutWindow:2713 com.android.server.wm.Session.relayout:219 
02-06 18:05:29.588  3012  3624 D WindowManager: finishDrawingWindow: Window{6645d04 u0 com.kyowon.literacy.store/com.kyowon.literacy.ui.main.activity.MainActivity} mDrawState=DRAW_PENDING
02-06 18:05:29.592  3012  3624 D WindowManager: finishDrawingWindow: Window{f52afd3 u0 com.kyowon.literacy.store/com.kyowon.literacy.ui.main.activity.MainActivity} mDrawState=DRAW_PENDING
02-06 18:05:29.598  3012  3062 I WindowManager: Reparenting to leash, surface=Surface(name=ActivityRecord{dc801fe u0 com.kyowon.literacy.store/com.kyowon.literacy.ui.tutorial.activity.TutorialActivity t3366})/@0x6d98c12, leashParent=Surface(name=Task=3366)/@0xa8ece2b
02-06 18:05:29.599   862  1519 I SurfaceFlinger: id=106702 createSurf (0x0),-1 flag=24000, Surface(name=ActivityRecord{dc801fe u0 com.kyowon.literacy.store/com.kyowon.literacy.ui.tutorial.activity.TutorialActivity t3366})/@0x6d98c12 - animation-leash#0
02-06 18:05:29.600  3012  3062 D WindowManager: makeSurface duration=2 leash=Surface(name=Surface(name=ActivityRecord{dc801fe u0 com.kyowon.literacy.store/com.kyowon.literacy.ui.tutorial.activity.TutorialActivity t3366})/@0x6d98c12 - animation-leash)/@0xccb921e
02-06 18:05:29.601   862  1519 I SurfaceFlinger: id=106703 createSurf (0x0),-1 flag=80004, Surface(name=ActivityRecord{dc801fe u0 com.kyowon.literacy.store/com.kyowon.literacy.ui.tutorial.activity.TutorialActivity t3366})/@0x6d98c12 - animation-bounds#0
02-06 18:05:29.602  3012  3062 I WindowManager: Reparenting to leash, surface=Surface(name=ActivityRecord{5448bac u0 com.kyowon.literacy.store/com.kyowon.literacy.ui.main.activity.MainActivity t3366})/@0x7bbba35, leashParent=Surface(name=Task=3366)/@0xa8ece2b
02-06 18:05:29.603   862   924 I SurfaceFlinger: id=106704 createSurf (0x0),-1 flag=24004, Surface(name=ActivityRecord{5448bac u0 com.kyowon.literacy.store/com.kyowon.literacy.ui.main.activity.MainActivity t3366})/@0x7bbba35 - animation-leash#0
02-06 18:05:29.603  3012  3062 D WindowManager: makeSurface duration=0 leash=Surface(name=Surface(name=ActivityRecord{5448bac u0 com.kyowon.literacy.store/com.kyowon.literacy.ui.main.activity.MainActivity t3366})/@0x7bbba35 - animation-leash)/@0xae67f15
02-06 18:05:29.604   862  1519 I SurfaceFlinger: id=106705 createSurf (0x0),-1 flag=80004, Surface(name=ActivityRecord{5448bac u0 com.kyowon.literacy.store/com.kyowon.literacy.ui.main.activity.MainActivity t3366})/@0x7bbba35 - animation-bounds#0
02-06 18:05:29.605  3012  3062 D PkgPredictorService: pkg:com.kyowon.literacy.store activity:com.kyowon.literacy.ui.main.activity.MainActivity thisTime:-1
02-06 18:05:29.691   862   862 D SurfaceFlinger:      DEVICE | 0xb400007acfe1e8c0 | 0002 | RGBA_8888    |    0.0    0.0 1163.0 2000.0 |   37    0 1200 2000 | com.kyowon.literacy.store/com.kyowon[...].main.activity.MainActivity$_20609#0
02-06 18:05:29.691   862   862 D SurfaceFlinger:      CLIENT | 0xb400007ac04cff00 | 0000 | RGBA_8888    |    0.0    0.0 1163.0 2000.0 |   37    0 1200 2000 | com.kyowon.literacy.store/com.kyowon[...].main.activity.MainActivity$_20609#1
02-06 18:05:29.691   862   862 D SurfaceFlinger:      CLIENT | 0xb400007acfe21020 | 0002 | RGBA_8888    |    1.0    0.0 1200.0 2000.0 |    0    0 1199 2000 | com.kyowon.literacy.store/com.kyowon[...]l.activity.TutorialActivity$_20609#0
02-06 18:05:29.739 20609 20609 V InputMethodManager: Starting input: tba=com.kyowon.literacy.store ic=null mNaviBarColor -855310 mIsGetNaviBarColorSuccess true , NavVisible : true , NavTrans : false
02-06 18:05:29.852   862   862 D SurfaceFlinger:      DEVICE | 0xb400007acfe1e690 | 0002 | RGBA_8888    |    0.0    0.0 1191.0 2000.0 |    9    0 1200 2000 | com.kyowon.literacy.store/com.kyowon[...].main.activity.MainActivity$_20609#0
02-06 18:05:29.852   862   862 D SurfaceFlinger:      CLIENT | 0xb400007ac04cff00 | 0000 | RGBA_8888    |    0.0    0.0 1191.0 2000.0 |    9    0 1200 2000 | com.kyowon.literacy.store/com.kyowon[...].main.activity.MainActivity$_20609#1
02-06 18:05:29.929  3012  3062 I WindowManager: Reparenting to original parent: Surface(name=Task=3366)/@0xa8ece2b, destroy=true, surface=Surface(name=ActivityRecord{dc801fe u0 com.kyowon.literacy.store/com.kyowon.literacy.ui.tutorial.activity.TutorialActivity t3366})/@0x6d98c12
02-06 18:05:29.930  3012  3062 V WindowManager: Setting visibility of Window{29e5e98 u0 com.kyowon.literacy.store/com.kyowon.literacy.ui.tutorial.activity.TutorialActivity}: false, caller=com.android.server.wm.WindowContainer.sendAppVisibilityToClients:1004 com.android.server.wm.ActivityRecord.setClientVisible:6391 com.android.server.wm.ActivityRecord.onAnimationFinished:7143 com.android.server.wm.-$$Lambda$dwJG8BAnLlvKNGuDY9U3-haNY4M.onAnimationFinished:2 com.android.server.wm.SurfaceAnimator.lambda$getFinishedCallback$0$SurfaceAnimator:112 
02-06 18:05:29.933  3012  3062 D ActivityTaskManager: finishFixedRotationTransform, r=ActivityRecord{dc801fe u0 com.kyowon.literacy.store/com.kyowon.literacy.ui.tutorial.activity.TutorialActivity t3366 f}}, caller=com.android.server.wm.WindowToken.finishFixedRotationTransform:664 com.android.server.wm.DisplayContent$FixedRotationTransitionListener.onAppTransitionFinishedLocked:7026 com.android.server.wm.AppTransition.notifyAppTransitionFinishedLocked:543 com.android.server.wm.ActivityRecord.onAnimationFinished:7164 com.android.server.wm.-$$Lambda$dwJG8BAnLlvKNGuDY9U3-haNY4M.onAnimationFinished:2 
02-06 18:05:29.933  3012  3062 I WindowManager: Reparenting to original parent: Surface(name=Task=3366)/@0xa8ece2b, destroy=true, surface=Surface(name=ActivityRecord{5448bac u0 com.kyowon.literacy.store/com.kyowon.literacy.ui.main.activity.MainActivity t3366})/@0x7bbba35
02-06 18:05:29.935  3012  3062 D ActivityTaskManager: finishFixedRotationTransform, r=ActivityRecord{5448bac u0 com.kyowon.literacy.store/com.kyowon.literacy.ui.main.activity.MainActivity t3366}, caller=com.android.server.wm.WindowToken.finishFixedRotationTransform:664 com.android.server.wm.DisplayContent$FixedRotationTransitionListener.onAppTransitionFinishedLocked:7026 com.android.server.wm.AppTransition.notifyAppTransitionFinishedLocked:543 com.android.server.wm.ActivityRecord.onAnimationFinished:7164 com.android.server.wm.-$$Lambda$dwJG8BAnLlvKNGuDY9U3-haNY4M.onAnimationFinished:2 
02-06 18:05:29.940   862  2572 I Layer   : id=106702 removeFromCurrentState Surface(name=ActivityRecord{dc801fe u0 com.kyowon.literacy.store/com.kyowon.literacy.ui.tutorial.activity.TutorialActivity t3366})/@0x6d98c12 - animation-leash#0 (90)
02-06 18:05:29.940   862  2572 I Layer   : id=106703 removeFromCurrentState Surface(name=ActivityRecord{dc801fe u0 com.kyowon.literacy.store/com.kyowon.literacy.ui.tutorial.activity.TutorialActivity t3366})/@0x6d98c12 - animation-bounds#0 (90)
02-06 18:05:29.941   862  2572 I Layer   : id=106705 removeFromCurrentState Surface(name=ActivityRecord{5448bac u0 com.kyowon.literacy.store/com.kyowon.literacy.ui.main.activity.MainActivity t3366})/@0x7bbba35 - animation-bounds#0 (90)
02-06 18:05:29.941   862  2572 I Layer   : id=106704 removeFromCurrentState Surface(name=ActivityRecord{5448bac u0 com.kyowon.literacy.store/com.kyowon.literacy.ui.main.activity.MainActivity t3366})/@0x7bbba35 - animation-leash#0 (90)
02-06 18:05:29.941   862  2572 I Layer   : id=106704 removeFromCurrentState Surface(name=ActivityRecord{5448bac u0 com.kyowon.literacy.store/com.kyowon.literacy.ui.main.activity.MainActivity t3366})/@0x7bbba35 - animation-leash#0 (90)
02-06 18:05:29.944   862  2572 I SurfaceFlinger: id=106703 Removed Surface(name=ActivityRecord{dc801fe u0 com.kyowon.literacy.store/com.kyowon.literacy.ui.tutorial.activity.TutorialActivity t3366})/@0x6d98c12 - animation-bounds#0 (90)
02-06 18:05:29.944   862   925 I SurfaceFlinger: id=106705 Removed Surface(name=ActivityRecord{5448bac u0 com.kyowon.literacy.store/com.kyowon.literacy.ui.main.activity.MainActivity t3366})/@0x7bbba35 - animation-bounds#0 (90)
02-06 18:05:29.945  3012  3062 D ActivityTaskManager: finishFixedRotationTransform, r=ActivityRecord{5448bac u0 com.kyowon.literacy.store/com.kyowon.literacy.ui.main.activity.MainActivity t3366}, caller=com.android.server.wm.WindowToken.finishFixedRotationTransform:664 com.android.server.wm.DisplayContent$FixedRotationTransitionListener.onAppTransitionFinishedLocked:7026 com.android.server.wm.AppTransition.notifyAppTransitionFinishedLocked:543 com.android.server.wm.DisplayContent.handleAnimatingStoppedAndTransition:5836 com.android.server.wm.RootWindowContainer.checkAppTransitionReady:1264 
02-06 18:05:29.959  3012  3624 I WindowManager: Destroying surface Surface(name=com.kyowon.literacy.store/com.kyowon.literacy.ui.main.activity.MainActivity$_20609)/@0x18e2383 called by com.android.server.wm.WindowStateAnimator.destroySurface:1794 com.android.server.wm.WindowStateAnimator.destroySurfaceLocked:765 com.android.server.wm.WindowState.removeImmediately:2665 com.android.server.wm.WindowState.removeIfPossible:2830 com.android.server.wm.WindowState.removeIfPossible:2688 com.android.server.wm.WindowManagerService.removeWindow:2186 com.android.server.wm.Session.remove:199 android.view.IWindowSession$Stub.onTransact:813 
02-06 18:05:29.960   862  2572 I Layer   : id=106699 removeFromCurrentState com.kyowon.literacy.store/com.kyowon.literacy.ui.main.activity.MainActivity$_20609#1 (91)
02-06 18:05:29.962   862  1520 I Layer   : id=106695 removeFromCurrentState 6645d04 com.kyowon.literacy.store/com.kyowon.literacy.ui.main.activity.MainActivity#0 (91)
02-06 18:05:29.963  3012  3624 V WindowManager: Changing focus from Window{6645d04 u0 com.kyowon.literacy.store/com.kyowon.literacy.ui.main.activity.MainActivity} to Window{f52afd3 u0 com.kyowon.literacy.store/com.kyowon.literacy.ui.main.activity.MainActivity} displayId=0 Callers=com.android.server.wm.RootWindowContainer.updateFocusedWindowLocked:566 com.android.server.wm.WindowManagerService.updateFocusedWindowLocked:6311 com.android.server.wm.WindowState.removeIfPossible:2839 com.android.server.wm.WindowState.removeIfPossible:2688 
02-06 18:05:29.964   862  2572 I SurfaceFlinger: id=106699 Removed com.kyowon.literacy.store/com.kyowon.literacy.ui.main.activity.MainActivity$_20609#1 (91)
02-06 18:05:29.965   862   862 I Layer   : id=106705[1] Destroyed Surface(name=ActivityRecord{5448bac u0 com.kyowon.literacy.store/com.kyowon.literacy.ui.main.activity.MainActivity t3366})/@0x7bbba35 - animation-bounds#0
02-06 18:05:29.965   862   862 I Layer   : id=106703[1] Destroyed Surface(name=ActivityRecord{dc801fe u0 com.kyowon.literacy.store/com.kyowon.literacy.ui.tutorial.activity.TutorialActivity t3366})/@0x6d98c12 - animation-bounds#0
02-06 18:05:29.967   862  1520 I SurfaceFlinger: id=106695 Removed 6645d04 com.kyowon.literacy.store/com.kyowon.literacy.ui.main.activity.MainActivity#0 (90)
02-06 18:05:29.968   862   924 I SurfaceFlinger: id=106704 Removed Surface(name=ActivityRecord{5448bac u0 com.kyowon.literacy.store/com.kyowon.literacy.ui.main.activity.MainActivity t3366})/@0x7bbba35 - animation-leash#0 (91)
02-06 18:05:29.968   862   924 I SurfaceFlinger: id=106702 Removed Surface(name=ActivityRecord{dc801fe u0 com.kyowon.literacy.store/com.kyowon.literacy.ui.tutorial.activity.TutorialActivity t3366})/@0x6d98c12 - animation-leash#0 (91)
02-06 18:05:29.973   862   862 I Layer   : id=106699[1] Destroyed com.kyowon.literacy.store/com.kyowon.literacy.ui.main.activity.MainActivity$_20609#1
02-06 18:05:30.008   862   862 D SurfaceFlinger:      DEVICE | 0xb400007acfe212c0 | 0002 | RGBA_8888    |    0.0    0.0 1200.0 2000.0 |    0    0 1200 2000 | com.kyowon.literacy.store/com.kyowon[...].main.activity.MainActivity$_20609#0
02-06 18:05:30.011   862   862 I Layer   : id=106695[1] Destroyed 6645d04 com.kyowon.literacy.store/com.kyowon.literacy.ui.main.activity.MainActivity#0
02-06 18:05:30.012   862   862 I Layer   : id=106702[1] Destroyed Surface(name=ActivityRecord{dc801fe u0 com.kyowon.literacy.store/com.kyowon.literacy.ui.tutorial.activity.TutorialActivity t3366})/@0x6d98c12 - animation-leash#0
02-06 18:05:30.012   862   862 I Layer   : id=106704[1] Destroyed Surface(name=ActivityRecord{5448bac u0 com.kyowon.literacy.store/com.kyowon.literacy.ui.main.activity.MainActivity t3366})/@0x7bbba35 - animation-leash#0
02-06 18:05:30.039   862   924 I SurfaceFlinger: id=106710 createSurf (0x0),-1 flag=80004, 1052bf5 com.kyowon.literacy.store/com.kyowon.literacy.ui.main.activity.MainActivity#0
02-06 18:05:30.043 20609 20609 D InsetsSourceConsumer: setRequestedVisible: visible=false, type=2, host=com.kyowon.literacy.store/com.kyowon.literacy.ui.main.activity.MainActivity, from=android.view.InsetsSourceConsumer.hide:236 android.view.InsetsController.collectSourceControls:1172 android.view.InsetsController.controlAnimationUnchecked:1049 android.view.InsetsController.applyAnimation:1417 android.view.InsetsController.hide:984 android.view.InsetsController.hide:967 android.view.PendingInsetsController.hide:60 androidx.core.view.WindowInsetsControllerCompat$Impl30.hide:654 androidx.core.view.WindowInsetsControllerCompat.hide:189 com.kyowon.literacy.utils.SystemUiHelper.hideSystemUI:19 
02-06 18:05:30.043 20609 20609 D InsetsSourceConsumer: setRequestedVisible: visible=false, type=1, host=com.kyowon.literacy.store/com.kyowon.literacy.ui.main.activity.MainActivity, from=android.view.InsetsSourceConsumer.hide:236 android.view.InsetsController.collectSourceControls:1172 android.view.InsetsController.controlAnimationUnchecked:1049 android.view.InsetsController.applyAnimation:1417 android.view.InsetsController.hide:984 android.view.InsetsController.hide:967 android.view.PendingInsetsController.hide:60 androidx.core.view.WindowInsetsControllerCompat$Impl30.hide:654 androidx.core.view.WindowInsetsControllerCompat.hide:189 com.kyowon.literacy.utils.SystemUiHelper.hideSystemUI:19 
02-06 18:05:30.043 20609 20609 D InsetsSourceConsumer: setRequestedVisible: visible=false, type=0, host=com.kyowon.literacy.store/com.kyowon.literacy.ui.main.activity.MainActivity, from=android.view.InsetsSourceConsumer.hide:236 android.view.InsetsController.collectSourceControls:1172 android.view.InsetsController.controlAnimationUnchecked:1049 android.view.InsetsController.applyAnimation:1417 android.view.InsetsController.hide:984 android.view.InsetsController.hide:967 android.view.PendingInsetsController.hide:60 androidx.core.view.WindowInsetsControllerCompat$Impl30.hide:654 androidx.core.view.WindowInsetsControllerCompat.hide:189 com.kyowon.literacy.utils.SystemUiHelper.hideSystemUI:19 
02-06 18:05:30.081  3012  7184 V WindowManager: Relayout Window{1052bf5 u0 com.kyowon.literacy.store/com.kyowon.literacy.ui.main.activity.MainActivity}: viewVisibility=0 req=2000x1200
02-06 18:05:30.086  3012  7184 D WindowManager: isScreenshotDisabledLocked - win: Window{1052bf5 u0 com.kyowon.literacy.store/com.kyowon.literacy.ui.main.activity.MainActivity}
02-06 18:05:30.087   862   925 I SurfaceFlinger: id=106711 createSurf (2000x1200),1 flag=4, com.kyowon.literacy.store/com.kyowon.literacy.ui.main.activity.MainActivity$_20609#1
02-06 18:05:30.089  3012  7184 D WindowManager: makeSurface duration=2 name=com.kyowon.literacy.store/com.kyowon.literacy.ui.main.activity.MainActivity$_20609
02-06 18:05:30.090  3012  7184 V WindowManager: Changing focus from Window{f52afd3 u0 com.kyowon.literacy.store/com.kyowon.literacy.ui.main.activity.MainActivity} to Window{1052bf5 u0 com.kyowon.literacy.store/com.kyowon.literacy.ui.main.activity.MainActivity} displayId=0 Callers=com.android.server.wm.RootWindowContainer.updateFocusedWindowLocked:566 com.android.server.wm.WindowManagerService.updateFocusedWindowLocked:6311 com.android.server.wm.WindowManagerService.relayoutWindow:2713 com.android.server.wm.Session.relayout:219 
02-06 18:05:30.161  3012  7184 D WindowManager: finishDrawingWindow: Window{1052bf5 u0 com.kyowon.literacy.store/com.kyowon.literacy.ui.main.activity.MainActivity} mDrawState=DRAW_PENDING
02-06 18:05:30.185  3012  7184 D WindowManager: isScreenshotDisabledLocked - win: Window{29e5e98 u0 com.kyowon.literacy.store/com.kyowon.literacy.ui.tutorial.activity.TutorialActivity}
02-06 18:05:30.185  3012  7184 I WindowManager: Destroying surface Surface(name=com.kyowon.literacy.store/com.kyowon.literacy.ui.tutorial.activity.TutorialActivity$_20609)/@0x1c0adc4 called by com.android.server.wm.WindowStateAnimator.destroySurface:1794 com.android.server.wm.WindowStateAnimator.destroySurfaceLocked:765 com.android.server.wm.WindowState.removeImmediately:2665 com.android.server.wm.WindowState.removeIfPossible:2830 com.android.server.wm.WindowState.removeIfPossible:2688 com.android.server.wm.WindowManagerService.removeWindow:2186 com.android.server.wm.Session.remove:199 android.view.IWindowSession$Stub.onTransact:813 
02-06 18:05:30.186   862  1519 I Layer   : id=106685 removeFromCurrentState com.kyowon.literacy.store/com.kyowon.literacy.ui.tutorial.activity.TutorialActivity$_20609#0 (91)
02-06 18:05:30.188   862  1519 I SurfaceFlinger: id=106685 Removed com.kyowon.literacy.store/com.kyowon.literacy.ui.tutorial.activity.TutorialActivity$_20609#0 (91)
02-06 18:05:30.191   862  1519 I Layer   : id=106684 removeFromCurrentState 29e5e98 com.kyowon.literacy.store/com.kyowon.literacy.ui.tutorial.activity.TutorialActivity#0 (91)
02-06 18:05:30.195  3012  7184 I ActivityTaskManager: Removing activity ActivityRecord{dc801fe u0 com.kyowon.literacy.store/com.kyowon.literacy.ui.tutorial.activity.TutorialActivity t3366 f}}(activityDestroyed)  from stack callers=com.android.server.wm.ActivityRecord.destroyed:3608 com.android.server.wm.ActivityTaskManagerService.activityDestroyed:2643 android.app.IActivityTaskManager$Stub.onTransact:2232 android.os.Binder.execTransactInternal:1195 android.os.Binder.execTransact:1159 
02-06 18:05:30.197   862   862 I Layer   : id=106685[1] Destroyed com.kyowon.literacy.store/com.kyowon.literacy.ui.tutorial.activity.TutorialActivity$_20609#0
02-06 18:05:30.198   862  2572 I Layer   : id=106683 removeFromCurrentState ActivityRecord{dc801fe u0 com.kyowon.literacy.store/com.kyowon.literacy.ui.tutorial.activity.TutorialActivity t3366}#0 (90)
02-06 18:05:30.199   862  1519 I SurfaceFlinger: id=106684 Removed 29e5e98 com.kyowon.literacy.store/com.kyowon.literacy.ui.tutorial.activity.TutorialActivity#0 (90)
02-06 18:05:30.199   862  1519 I SurfaceFlinger: id=106683 Removed ActivityRecord{dc801fe u0 com.kyowon.literacy.store/com.kyowon.literacy.ui.tutorial.activity.TutorialActivity t3366}#0 (90)
02-06 18:05:30.246   862   862 D SurfaceFlinger:      DEVICE | 0xb400007acfe1e8c0 | 0002 | RGBA_8888    |    0.0    0.0 1200.0 2000.0 |    0    0 1200 2000 | com.kyowon.literacy.store/com.kyowon[...].main.activity.MainActivity$_20609#0
02-06 18:05:30.246   862   862 D SurfaceFlinger:      CLIENT | 0xb400007ac04d1010 | 0000 | RGBA_8888    |    0.0    0.0 1200.0 2000.0 |    0    0 1200 2000 | com.kyowon.literacy.store/com.kyowon[...].main.activity.MainActivity$_20609#1
02-06 18:05:30.248   862   862 I Layer   : id=106684[1] Destroyed 29e5e98 com.kyowon.literacy.store/com.kyowon.literacy.ui.tutorial.activity.TutorialActivity#0
02-06 18:05:30.249   862   862 I Layer   : id=106683[1] Destroyed ActivityRecord{dc801fe u0 com.kyowon.literacy.store/com.kyowon.literacy.ui.tutorial.activity.TutorialActivity t3366}#0
02-06 18:05:30.250  3012  7184 I WindowManager: Destroying surface Surface(name=com.kyowon.literacy.store/com.kyowon.literacy.ui.main.activity.MainActivity$_20609)/@0xc8ef373 called by com.android.server.wm.WindowStateAnimator.destroySurface:1794 com.android.server.wm.WindowStateAnimator.destroySurfaceLocked:765 com.android.server.wm.WindowState.removeImmediately:2665 com.android.server.wm.WindowState.removeIfPossible:2830 com.android.server.wm.WindowState.removeIfPossible:2688 com.android.server.wm.WindowManagerService.removeWindow:2186 com.android.server.wm.Session.remove:199 android.view.IWindowSession$Stub.onTransact:813 
02-06 18:05:30.252   862   924 I Layer   : id=106711 removeFromCurrentState com.kyowon.literacy.store/com.kyowon.literacy.ui.main.activity.MainActivity$_20609#1 (86)
02-06 18:05:30.252   862   924 I SurfaceFlinger: id=106711 Removed com.kyowon.literacy.store/com.kyowon.literacy.ui.main.activity.MainActivity$_20609#1 (86)
02-06 18:05:30.254   862   924 I Layer   : id=106710 removeFromCurrentState 1052bf5 com.kyowon.literacy.store/com.kyowon.literacy.ui.main.activity.MainActivity#0 (86)
02-06 18:05:30.256  3012  7184 V WindowManager: Changing focus from Window{1052bf5 u0 com.kyowon.literacy.store/com.kyowon.literacy.ui.main.activity.MainActivity} to Window{f52afd3 u0 com.kyowon.literacy.store/com.kyowon.literacy.ui.main.activity.MainActivity} displayId=0 Callers=com.android.server.wm.RootWindowContainer.updateFocusedWindowLocked:566 com.android.server.wm.WindowManagerService.updateFocusedWindowLocked:6311 com.android.server.wm.WindowState.removeIfPossible:2839 com.android.server.wm.WindowState.removeIfPossible:2688 
02-06 18:05:30.256   862   924 I SurfaceFlinger: id=106710 Removed 1052bf5 com.kyowon.literacy.store/com.kyowon.literacy.ui.main.activity.MainActivity#0 (86)
02-06 18:05:30.271   862   924 I SurfaceFlinger: id=106716 createSurf (0x0),-1 flag=80004, db9fc65 com.kyowon.literacy.store/com.kyowon.literacy.ui.main.activity.MainActivity#0
02-06 18:05:30.278 20609 20609 D InsetsSourceConsumer: setRequestedVisible: visible=false, type=2, host=com.kyowon.literacy.store/com.kyowon.literacy.ui.main.activity.MainActivity, from=android.view.InsetsSourceConsumer.hide:236 android.view.InsetsController.collectSourceControls:1172 android.view.InsetsController.controlAnimationUnchecked:1049 android.view.InsetsController.applyAnimation:1417 android.view.InsetsController.hide:984 android.view.InsetsController.hide:967 android.view.PendingInsetsController.hide:60 androidx.core.view.WindowInsetsControllerCompat$Impl30.hide:654 androidx.core.view.WindowInsetsControllerCompat.hide:189 com.kyowon.literacy.utils.SystemUiHelper.hideSystemUI:19 
02-06 18:05:30.278 20609 20609 D InsetsSourceConsumer: setRequestedVisible: visible=false, type=1, host=com.kyowon.literacy.store/com.kyowon.literacy.ui.main.activity.MainActivity, from=android.view.InsetsSourceConsumer.hide:236 android.view.InsetsController.collectSourceControls:1172 android.view.InsetsController.controlAnimationUnchecked:1049 android.view.InsetsController.applyAnimation:1417 android.view.InsetsController.hide:984 android.view.InsetsController.hide:967 android.view.PendingInsetsController.hide:60 androidx.core.view.WindowInsetsControllerCompat$Impl30.hide:654 androidx.core.view.WindowInsetsControllerCompat.hide:189 com.kyowon.literacy.utils.SystemUiHelper.hideSystemUI:19 
