02-06 18:14:11.335  3012  3062 D ActivityTaskManager: finishFixedRotationTransform, r=ActivityRecord{23798b2 u0 com.kyowon.literacy.store/com.kyowon.literacy.ui.login.activity.LoginActivity t3648}, caller=com.android.server.wm.WindowToken.finishFixedRotationTransform:664 com.android.server.wm.DisplayContent$FixedRotationTransitionListener.onAppTransitionFinishedLocked:7026 com.android.server.wm.AppTransition.notifyAppTransitionFinishedLocked:543 com.android.server.wm.DisplayContent.handleAnimatingStoppedAndTransition:5836 com.android.server.wm.RootWindowContainer.checkAppTransitionReady:1264 
02-06 18:14:11.497  3012  3061 D SemGameManager: isGamePackage(), pkgName=com.kyowon.literacy.store
02-06 18:14:11.498  3012  3061 D GameManagerService: identifyGamePackage. com.kyowon.literacy.store, mCurrentUserId: 0, callerUserId: 0
02-06 18:14:11.498  3012  3061 D PkgDataHelper: getGamePkgData(). com.kyowon.literacy.store
02-06 18:14:11.498  3012  3061 D GameManagerService: noteResumeComponent(), received resumed-component: com.kyowon.literacy.store
02-06 18:14:11.499  3012  3061 I GameSDK@LifeCycle: noteResumeComponent(): package name  : com.kyowon.literacy.store
02-06 18:14:11.499  3012  3220 D GameManagerService: onLooperPrepared(), msg: MSG_APP_RESUME, resumeComponent: ComponentInfo{com.kyowon.literacy.store/com.kyowon.literacy.ui.login.activity.LoginActivity}
02-06 18:14:11.499  3012  3220 D GameManagerService:   handleResume(). pkgName: com.kyowon.literacy.store, isTunableApp: null
02-06 18:14:11.499  3012  3220 D GameManagerService: notifyFocusInOut(). of pkg: com.kyowon.literacy.store, type: 4, isMinimized: false, isTunableApp: false
02-06 18:14:11.527  3012  7156 V WindowManager: Relayout Window{9cfd3d3 u0 com.kyowon.literacy.store/com.kyowon.literacy.ui.login.activity.LoginActivity}: viewVisibility=0 req=2000x1200
02-06 18:14:11.547 31505 31505 V InputMethodManager: Starting input: tba=com.kyowon.literacy.store ic=null mNaviBarColor -855310 mIsGetNaviBarColorSuccess true , NavVisible : true , NavTrans : false
02-06 18:14:12.203  3012  3571 V ActivityManager: Changed top to 10584,ProcessRecord{e78f8f2 31505:com.kyowon.literacy.store/u0a584}
02-06 18:14:12.261  3012  7227 D MARsPolicyManager: onPackageResumedFG pkgName = com.kyowon.literacy.store, userId = 0
02-06 18:14:12.262  3012  7227 D WindowManager: rotationForOrientation, orientationSource=ActivityRecord{23798b2 u0 com.kyowon.literacy.store/com.kyowon.literacy.ui.login.activity.LoginActivity t3648}
02-06 18:14:12.264  3012  7227 D MARsPolicyManager: onPackageResumedFG pkgName = com.kyowon.literacy.store, userId = 0
02-06 18:14:12.272  3012  7227 D ActivityTaskManager: finishFixedRotationTransform, r=ActivityRecord{23798b2 u0 com.kyowon.literacy.store/com.kyowon.literacy.ui.login.activity.LoginActivity t3648}, caller=com.android.server.wm.WindowToken.finishFixedRotationTransform:664 com.android.server.wm.DisplayContent$FixedRotationTransitionListener.onAppTransitionFinishedLocked:7026 com.android.server.wm.AppTransition.notifyAppTransitionFinishedLocked:543 com.android.server.wm.DisplayContent.handleAnimatingStoppedAndTransition:5836 com.android.server.wm.RootWindowContainer.checkAppTransitionReady:1264 
02-06 18:14:12.297  3012  3061 D GameManagerService: notePauseComponent(), received paused-component: com.kyowon.literacy.store
02-06 18:14:12.374  3012  3061 D GameManagerService: noteResumeComponent(), received resumed-component: com.kyowon.literacy.store
02-06 18:14:12.375  3012  3061 I GameSDK@LifeCycle: noteResumeComponent(): package name  : com.kyowon.literacy.store
02-06 18:14:12.375  3012  3220 D GameManagerService: onLooperPrepared(), msg: MSG_APP_RESUME, resumeComponent: ComponentInfo{com.kyowon.literacy.store/com.kyowon.literacy.ui.login.activity.LoginActivity}
02-06 18:14:12.375  3012  3220 D GameManagerService:   handleResume(). pkgName: com.kyowon.literacy.store, isTunableApp: null
02-06 18:14:12.375  3012  3220 D GameManagerService: notifyFocusInOut(). of pkg: com.kyowon.literacy.store, type: 4, isMinimized: false, isTunableApp: false
02-06 18:14:12.410  3012  3029 V WindowManager: Relayout Window{9cfd3d3 u0 com.kyowon.literacy.store/com.kyowon.literacy.ui.login.activity.LoginActivity}: viewVisibility=0 req=2000x1200
02-06 18:14:13.834  3012  3061 D GameManagerService: notePauseComponent(), received paused-component: com.kyowon.literacy.store
02-06 18:14:13.835  3012  7150 D WindowManager: rotationForOrientation, orientationSource=ActivityRecord{23798b2 u0 com.kyowon.literacy.store/com.kyowon.literacy.ui.login.activity.LoginActivity t3648}
02-06 18:14:13.842  3012  7150 V WindowManager: Changing focus from Window{9cfd3d3 u0 com.kyowon.literacy.store/com.kyowon.literacy.ui.login.activity.LoginActivity} to null displayId=0 Callers=com.android.server.wm.RootWindowContainer.updateFocusedWindowLocked:566 com.android.server.wm.WindowManagerService.updateFocusedWindowLocked:6311 com.android.server.wm.DisplayContent.setFocusedApp:6776 com.android.server.wm.ActivityTaskManagerService.setResumedActivityUncheckLocked:6725 
02-06 18:14:13.865  3012  3323 D PkgPredictorService-NapClassifier: Predict result: 86.0,2.0,0.0, - [0_&_com.kyowon.literacy.store, 0_&_kr.co.kyowon.launcher, 0_&_com.android.vending]
02-06 18:14:13.881  3012  3029 V WindowManager: Changing focus from null to Window{9cfd3d3 u0 com.kyowon.literacy.store/com.kyowon.literacy.ui.login.activity.LoginActivity} displayId=0 Callers=com.android.server.wm.RootWindowContainer.updateFocusedWindowLocked:566 com.android.server.wm.WindowManagerService.updateFocusedWindowLocked:6311 com.android.server.wm.ActivityRecord.onRemovedFromDisplay:3878 com.android.server.wm.DisplayContent.removeAppToken:1434 
02-06 18:14:13.883  3012  3029 V ActivityManager: Changed top to 10584,ProcessRecord{e78f8f2 31505:com.kyowon.literacy.store/u0a584}
02-06 18:14:13.891  3012  3029 D MARsPolicyManager: onPackageResumedFG pkgName = com.kyowon.literacy.store, userId = 0
02-06 18:14:13.894  3012  3220 D GameManagerService: onLooperPrepared(), msg: MSG_TASK_FOCUSED, focusedComponent: ComponentInfo{com.kyowon.literacy.store/com.kyowon.literacy.ui.login.activity.LoginActivity}
02-06 18:14:13.894  3012  3220 D GameManagerService:   handleTaskFocused(), pkgName: com.kyowon.literacy.store, clsName: com.kyowon.literacy.ui.login.activity.LoginActivity, userID:0
02-06 18:14:13.894  3012  3029 D WindowManager: rotationForOrientation, orientationSource=ActivityRecord{23798b2 u0 com.kyowon.literacy.store/com.kyowon.literacy.ui.login.activity.LoginActivity t3648}
02-06 18:14:13.897  3012  3029 D MARsPolicyManager: onPackageResumedFG pkgName = com.kyowon.literacy.store, userId = 0
02-06 18:14:13.905  3012  3062 D ActivityTaskManager: finishFixedRotationTransform, r=ActivityRecord{23798b2 u0 com.kyowon.literacy.store/com.kyowon.literacy.ui.login.activity.LoginActivity t3648}, caller=com.android.server.wm.WindowToken.finishFixedRotationTransform:664 com.android.server.wm.DisplayContent$FixedRotationTransitionListener.onAppTransitionFinishedLocked:7026 com.android.server.wm.AppTransition.notifyAppTransitionFinishedLocked:543 com.android.server.wm.DisplayContent.handleAnimatingStoppedAndTransition:5836 com.android.server.wm.RootWindowContainer.checkAppTransitionReady:1264 
02-06 18:14:13.999  3012  3462 D MdnieScenarioControlService:  packageName : com.kyowon.literacy.store    className : com.kyowon.literacy.ui.login.activity.LoginActivity
02-06 18:14:14.091 31505 31505 V InputMethodManager: Starting input: tba=com.kyowon.literacy.store ic=null mNaviBarColor -855310 mIsGetNaviBarColorSuccess true , NavVisible : true , NavTrans : false
02-06 18:14:14.137  3012  3061 D GameManagerService: noteResumeComponent(), received resumed-component: com.kyowon.literacy.store
02-06 18:14:14.137  3012  3061 I GameSDK@LifeCycle: noteResumeComponent(): package name  : com.kyowon.literacy.store
02-06 18:14:14.137  3012  3220 D GameManagerService: onLooperPrepared(), msg: MSG_APP_RESUME, resumeComponent: ComponentInfo{com.kyowon.literacy.store/com.kyowon.literacy.ui.login.activity.LoginActivity}
02-06 18:14:14.137  3012  3220 D GameManagerService:   handleResume(). pkgName: com.kyowon.literacy.store, isTunableApp: null
02-06 18:14:14.137  3012  3220 D GameManagerService: notifyFocusInOut(). of pkg: com.kyowon.literacy.store, type: 4, isMinimized: false, isTunableApp: false
02-06 18:14:15.256  3012  3029 D WindowManager: rotationForOrientation, orientationSource=ActivityRecord{23798b2 u0 com.kyowon.literacy.store/com.kyowon.literacy.ui.login.activity.LoginActivity t3648}
02-06 18:14:15.272  3012  3029 V WindowManager: Changing focus from Window{9cfd3d3 u0 com.kyowon.literacy.store/com.kyowon.literacy.ui.login.activity.LoginActivity} to null displayId=0 Callers=com.android.server.wm.RootWindowContainer.updateFocusedWindowLocked:566 com.android.server.wm.WindowManagerService.updateFocusedWindowLocked:6311 com.android.server.wm.DisplayContent.setFocusedApp:6776 com.android.server.wm.ActivityTaskManagerService.setResumedActivityUncheckLocked:6725 
02-06 18:14:15.308  3012  3061 D GameManagerService: notePauseComponent(), received paused-component: com.kyowon.literacy.store
02-06 18:14:15.311  3012  3323 D PkgPredictorService-NapClassifier: Predict result: 86.0,2.0,0.0, - [0_&_com.kyowon.literacy.store, 0_&_kr.co.kyowon.launcher, 0_&_com.android.vending]
02-06 18:14:15.709  3012  7184 V WindowManager: Changing focus from null to Window{9cfd3d3 u0 com.kyowon.literacy.store/com.kyowon.literacy.ui.login.activity.LoginActivity} displayId=0 Callers=com.android.server.wm.RootWindowContainer.updateFocusedWindowLocked:566 com.android.server.wm.WindowManagerService.updateFocusedWindowLocked:6311 com.android.server.wm.DisplayContent.layoutAndAssignWindowLayersIfNeeded:4201 com.android.server.wm.TaskDisplayArea.positionStackAt:1016 
02-06 18:14:15.737  3012  7166 V ActivityManager: Changed top to 10584,ProcessRecord{e78f8f2 31505:com.kyowon.literacy.store/u0a584}
02-06 18:14:15.850 31505 31505 V InputMethodManager: Starting input: tba=com.kyowon.literacy.store ic=null mNaviBarColor -855310 mIsGetNaviBarColorSuccess true , NavVisible : true , NavTrans : false
02-06 18:14:15.858  3012  7166 D MARsPolicyManager: onPackageResumedFG pkgName = com.kyowon.literacy.store, userId = 0
02-06 18:14:15.861  3012  7166 D WindowManager: rotationForOrientation, orientationSource=ActivityRecord{23798b2 u0 com.kyowon.literacy.store/com.kyowon.literacy.ui.login.activity.LoginActivity t3648}
02-06 18:14:15.863  3012  7166 D MARsPolicyManager: onPackageResumedFG pkgName = com.kyowon.literacy.store, userId = 0
02-06 18:14:15.866  3012  3220 D GameManagerService: onLooperPrepared(), msg: MSG_TASK_FOCUSED, focusedComponent: ComponentInfo{com.kyowon.literacy.store/com.kyowon.literacy.ui.login.activity.LoginActivity}
02-06 18:14:15.866  3012  3220 D GameManagerService:   handleTaskFocused(), pkgName: com.kyowon.literacy.store, clsName: com.kyowon.literacy.ui.login.activity.LoginActivity, userID:0
02-06 18:14:15.880  3012  7166 D ActivityTaskManager: finishFixedRotationTransform, r=ActivityRecord{23798b2 u0 com.kyowon.literacy.store/com.kyowon.literacy.ui.login.activity.LoginActivity t3648}, caller=com.android.server.wm.WindowToken.finishFixedRotationTransform:664 com.android.server.wm.DisplayContent$FixedRotationTransitionListener.onAppTransitionFinishedLocked:7026 com.android.server.wm.AppTransition.notifyAppTransitionFinishedLocked:543 com.android.server.wm.DisplayContent.handleAnimatingStoppedAndTransition:5836 com.android.server.wm.RootWindowContainer.checkAppTransitionReady:1264 
02-06 18:14:15.992  3012  8461 V WindowManager: Relayout Window{9cfd3d3 u0 com.kyowon.literacy.store/com.kyowon.literacy.ui.login.activity.LoginActivity}: viewVisibility=0 req=2000x1200
02-06 18:14:16.063  3012  3061 D SemGameManager: isGamePackage(), pkgName=com.kyowon.literacy.store
02-06 18:14:16.063  3012  3061 D GameManagerService: identifyGamePackage. com.kyowon.literacy.store, mCurrentUserId: 0, callerUserId: 0
02-06 18:14:16.064  3012  3061 D PkgDataHelper: getGamePkgData(). com.kyowon.literacy.store
02-06 18:14:16.064  3012  3061 D GameManagerService: noteResumeComponent(), received resumed-component: com.kyowon.literacy.store
02-06 18:14:16.064  3012  3061 I GameSDK@LifeCycle: noteResumeComponent(): package name  : com.kyowon.literacy.store
02-06 18:14:16.064  3012  3220 D GameManagerService: onLooperPrepared(), msg: MSG_APP_RESUME, resumeComponent: ComponentInfo{com.kyowon.literacy.store/com.kyowon.literacy.ui.login.activity.LoginActivity}
02-06 18:14:16.065  3012  3220 D GameManagerService:   handleResume(). pkgName: com.kyowon.literacy.store, isTunableApp: null
02-06 18:14:16.065  3012  3220 D GameManagerService: notifyFocusInOut(). of pkg: com.kyowon.literacy.store, type: 4, isMinimized: false, isTunableApp: false
02-06 18:14:16.097  3012  3059 D SehCodecSolutionService: Update top [com.kyowon.literacy.store]
02-06 18:14:16.245  3012  3462 D MdnieScenarioControlService:  packageName : com.kyowon.literacy.store    className : com.kyowon.literacy.ui.login.activity.LoginActivity
02-06 18:14:16.270   862   862 D SurfaceFlinger:      DEVICE | 0xb400007ac04d1470 | 0002 | RGBA_8888    |    0.0    0.0 1200.0 2000.0 |    0    0 1200 2000 | com.kyowon.literacy.store/com.kyowon[...]ogin.activity.LoginActivity$_31505#0
02-06 18:14:16.493  3012  7166 V ActivityManager: Changed top to 10584,ProcessRecord{e78f8f2 31505:com.kyowon.literacy.store/u0a584}
02-06 18:14:16.736  3012  3061 D GameManagerService: notePauseComponent(), received paused-component: com.kyowon.literacy.store
02-06 18:14:16.737  3012  3185 D MARsPolicyManager: onPackageResumedFG pkgName = com.kyowon.literacy.store, userId = 0
02-06 18:14:16.739  3012  3185 D WindowManager: rotationForOrientation, orientationSource=ActivityRecord{23798b2 u0 com.kyowon.literacy.store/com.kyowon.literacy.ui.login.activity.LoginActivity t3648}
02-06 18:14:16.741  3012  3185 D MARsPolicyManager: onPackageResumedFG pkgName = com.kyowon.literacy.store, userId = 0
02-06 18:14:16.748  3012  3185 D ActivityTaskManager: finishFixedRotationTransform, r=ActivityRecord{23798b2 u0 com.kyowon.literacy.store/com.kyowon.literacy.ui.login.activity.LoginActivity t3648}, caller=com.android.server.wm.WindowToken.finishFixedRotationTransform:664 com.android.server.wm.DisplayContent$FixedRotationTransitionListener.onAppTransitionFinishedLocked:7026 com.android.server.wm.AppTransition.notifyAppTransitionFinishedLocked:543 com.android.server.wm.DisplayContent.handleAnimatingStoppedAndTransition:5836 com.android.server.wm.RootWindowContainer.checkAppTransitionReady:1264 
02-06 18:14:16.866  3012  3061 D GameManagerService: noteResumeComponent(), received resumed-component: com.kyowon.literacy.store
02-06 18:14:16.867  3012  3220 D GameManagerService: onLooperPrepared(), msg: MSG_APP_RESUME, resumeComponent: ComponentInfo{com.kyowon.literacy.store/com.kyowon.literacy.ui.login.activity.LoginActivity}
02-06 18:14:16.867  3012  3220 D GameManagerService:   handleResume(). pkgName: com.kyowon.literacy.store, isTunableApp: null
02-06 18:14:16.867  3012  3220 D GameManagerService: notifyFocusInOut(). of pkg: com.kyowon.literacy.store, type: 4, isMinimized: false, isTunableApp: false
02-06 18:14:16.867  3012  3061 I GameSDK@LifeCycle: noteResumeComponent(): package name  : com.kyowon.literacy.store
02-06 18:14:16.956  3012  3061 D GameManagerService: notePauseComponent(), received paused-component: com.kyowon.literacy.store
02-06 18:14:17.176  3012  3185 D WindowManager: rotationForOrientation, orientationSource=ActivityRecord{23798b2 u0 com.kyowon.literacy.store/com.kyowon.literacy.ui.login.activity.LoginActivity t3648}
02-06 18:14:17.214  3012  3185 V WindowManager: Changing focus from Window{9cfd3d3 u0 com.kyowon.literacy.store/com.kyowon.literacy.ui.login.activity.LoginActivity} to null displayId=0 Callers=com.android.server.wm.RootWindowContainer.updateFocusedWindowLocked:566 com.android.server.wm.WindowManagerService.updateFocusedWindowLocked:6311 com.android.server.wm.DisplayContent.setFocusedApp:6776 com.android.server.wm.ActivityTaskManagerService.setResumedActivityUncheckLocked:6725 
02-06 18:14:17.265  3012  3323 D PkgPredictorService-NapClassifier: Predict result: 86.0,2.0,0.0, - [0_&_com.kyowon.literacy.store, 0_&_kr.co.kyowon.launcher, 0_&_com.android.vending]
02-06 18:14:17.664  3012  3185 V WindowManager: Changing focus from null to Window{9cfd3d3 u0 com.kyowon.literacy.store/com.kyowon.literacy.ui.login.activity.LoginActivity} displayId=0 Callers=com.android.server.wm.RootWindowContainer.updateFocusedWindowLocked:566 com.android.server.wm.WindowManagerService.updateFocusedWindowLocked:6311 com.android.server.wm.DisplayContent.layoutAndAssignWindowLayersIfNeeded:4201 com.android.server.wm.TaskDisplayArea.positionStackAt:1016 
02-06 18:14:17.687  3012  8912 V ActivityManager: Changed top to 10584,ProcessRecord{e78f8f2 31505:com.kyowon.literacy.store/u0a584}
02-06 18:14:17.733  3012  3565 D MARsPolicyManager: onPackageResumedFG pkgName = com.kyowon.literacy.store, userId = 0
02-06 18:14:17.737  3012  3565 D WindowManager: rotationForOrientation, orientationSource=ActivityRecord{23798b2 u0 com.kyowon.literacy.store/com.kyowon.literacy.ui.login.activity.LoginActivity t3648}
02-06 18:14:17.739  3012  3565 D MARsPolicyManager: onPackageResumedFG pkgName = com.kyowon.literacy.store, userId = 0
02-06 18:14:17.744  3012  3220 D GameManagerService: onLooperPrepared(), msg: MSG_TASK_FOCUSED, focusedComponent: ComponentInfo{com.kyowon.literacy.store/com.kyowon.literacy.ui.login.activity.LoginActivity}
02-06 18:14:17.744  3012  3220 D GameManagerService:   handleTaskFocused(), pkgName: com.kyowon.literacy.store, clsName: com.kyowon.literacy.ui.login.activity.LoginActivity, userID:0
02-06 18:14:17.746  3012  3565 D ActivityTaskManager: finishFixedRotationTransform, r=ActivityRecord{23798b2 u0 com.kyowon.literacy.store/com.kyowon.literacy.ui.login.activity.LoginActivity t3648}, caller=com.android.server.wm.WindowToken.finishFixedRotationTransform:664 com.android.server.wm.DisplayContent$FixedRotationTransitionListener.onAppTransitionFinishedLocked:7026 com.android.server.wm.AppTransition.notifyAppTransitionFinishedLocked:543 com.android.server.wm.DisplayContent.handleAnimatingStoppedAndTransition:5836 com.android.server.wm.RootWindowContainer.checkAppTransitionReady:1264 
02-06 18:14:17.826 31505 31505 V InputMethodManager: Starting input: tba=com.kyowon.literacy.store ic=null mNaviBarColor -855310 mIsGetNaviBarColorSuccess true , NavVisible : true , NavTrans : false
02-06 18:14:17.881  3012  3061 D SemGameManager: isGamePackage(), pkgName=com.kyowon.literacy.store
02-06 18:14:17.882  3012  3061 D GameManagerService: identifyGamePackage. com.kyowon.literacy.store, mCurrentUserId: 0, callerUserId: 0
02-06 18:14:17.882  3012  3061 D PkgDataHelper: getGamePkgData(). com.kyowon.literacy.store
02-06 18:14:17.882  3012  3061 D GameManagerService: noteResumeComponent(), received resumed-component: com.kyowon.literacy.store
02-06 18:14:17.882  3012  3061 I GameSDK@LifeCycle: noteResumeComponent(): package name  : com.kyowon.literacy.store
02-06 18:14:17.882  3012  3220 D GameManagerService: onLooperPrepared(), msg: MSG_APP_RESUME, resumeComponent: ComponentInfo{com.kyowon.literacy.store/com.kyowon.literacy.ui.login.activity.LoginActivity}
02-06 18:14:17.883  3012  3220 D GameManagerService:   handleResume(). pkgName: com.kyowon.literacy.store, isTunableApp: null
02-06 18:14:17.883  3012  3220 D GameManagerService: notifyFocusInOut(). of pkg: com.kyowon.literacy.store, type: 4, isMinimized: false, isTunableApp: false
02-06 18:14:17.935  3012  7184 V WindowManager: Relayout Window{9cfd3d3 u0 com.kyowon.literacy.store/com.kyowon.literacy.ui.login.activity.LoginActivity}: viewVisibility=0 req=2000x1200
02-06 18:14:18.138  3012  8912 D MARsPolicyManager: onPackageResumedFG pkgName = com.kyowon.literacy.store, userId = 0
02-06 18:14:18.141  3012  8912 D WindowManager: rotationForOrientation, orientationSource=ActivityRecord{23798b2 u0 com.kyowon.literacy.store/com.kyowon.literacy.ui.login.activity.LoginActivity t3648}
02-06 18:14:18.145  3012  8912 D MARsPolicyManager: onPackageResumedFG pkgName = com.kyowon.literacy.store, userId = 0
02-06 18:14:18.153  3012  8912 D ActivityTaskManager: finishFixedRotationTransform, r=ActivityRecord{23798b2 u0 com.kyowon.literacy.store/com.kyowon.literacy.ui.login.activity.LoginActivity t3648}, caller=com.android.server.wm.WindowToken.finishFixedRotationTransform:664 com.android.server.wm.DisplayContent$FixedRotationTransitionListener.onAppTransitionFinishedLocked:7026 com.android.server.wm.AppTransition.notifyAppTransitionFinishedLocked:543 com.android.server.wm.DisplayContent.handleAnimatingStoppedAndTransition:5836 com.android.server.wm.RootWindowContainer.checkAppTransitionReady:1264 
02-06 18:14:18.199  3012  3061 D GameManagerService: notePauseComponent(), received paused-component: com.kyowon.literacy.store
02-06 18:14:18.300   862   862 D SurfaceFlinger:      DEVICE | 0xb400007ac04d1080 | 0002 | RGBA_8888    |    0.0    0.0 1200.0 2000.0 |    0    0 1200 2000 | com.kyowon.literacy.store/com.kyowon[...]ogin.activity.LoginActivity$_31505#0
02-06 18:14:18.305  3012  3061 D GameManagerService: noteResumeComponent(), received resumed-component: com.kyowon.literacy.store
02-06 18:14:18.305  3012  3220 D GameManagerService: onLooperPrepared(), msg: MSG_APP_RESUME, resumeComponent: ComponentInfo{com.kyowon.literacy.store/com.kyowon.literacy.ui.login.activity.LoginActivity}
02-06 18:14:18.305  3012  3220 D GameManagerService:   handleResume(). pkgName: com.kyowon.literacy.store, isTunableApp: null
02-06 18:14:18.305  3012  3220 D GameManagerService: notifyFocusInOut(). of pkg: com.kyowon.literacy.store, type: 4, isMinimized: false, isTunableApp: false
02-06 18:14:18.307  3012  3061 I GameSDK@LifeCycle: noteResumeComponent(): package name  : com.kyowon.literacy.store
02-06 18:14:18.429   862   862 D SurfaceFlinger:      DEVICE | 0xb400007ac04d1710 | 0002 | RGBA_8888    |    0.0    0.0 1200.0 2000.0 |    0    0 1200 2000 | com.kyowon.literacy.store/com.kyowon[...]ogin.activity.LoginActivity$_31505#0
02-06 18:14:18.515  3012  3061 D GameManagerService: notePauseComponent(), received paused-component: com.kyowon.literacy.store
02-06 18:14:18.730  3012  7145 D WindowManager: rotationForOrientation, orientationSource=ActivityRecord{23798b2 u0 com.kyowon.literacy.store/com.kyowon.literacy.ui.login.activity.LoginActivity t3648}
02-06 18:14:18.748  3012  7145 V WindowManager: Changing focus from Window{9cfd3d3 u0 com.kyowon.literacy.store/com.kyowon.literacy.ui.login.activity.LoginActivity} to null displayId=0 Callers=com.android.server.wm.RootWindowContainer.updateFocusedWindowLocked:566 com.android.server.wm.WindowManagerService.updateFocusedWindowLocked:6311 com.android.server.wm.DisplayContent.setFocusedApp:6776 com.android.server.wm.ActivityTaskManagerService.setResumedActivityUncheckLocked:6725 
02-06 18:14:18.772  3012  3323 D PkgPredictorService-NapClassifier: Predict result: 86.0,2.0,0.0, - [0_&_com.kyowon.literacy.store, 0_&_kr.co.kyowon.launcher, 0_&_com.android.vending]
02-06 18:14:19.349  3012  3936 V WindowManager: Changing focus from null to Window{9cfd3d3 u0 com.kyowon.literacy.store/com.kyowon.literacy.ui.login.activity.LoginActivity} displayId=0 Callers=com.android.server.wm.RootWindowContainer.updateFocusedWindowLocked:566 com.android.server.wm.WindowManagerService.updateFocusedWindowLocked:6311 com.android.server.wm.DisplayContent.layoutAndAssignWindowLayersIfNeeded:4201 com.android.server.wm.TaskDisplayArea.positionStackAt:1016 
02-06 18:14:19.379  3012  8909 V ActivityManager: Changed top to 10584,ProcessRecord{e78f8f2 31505:com.kyowon.literacy.store/u0a584}
02-06 18:14:19.415 31505 31505 V InputMethodManager: Starting input: tba=com.kyowon.literacy.store ic=null mNaviBarColor -855310 mIsGetNaviBarColorSuccess true , NavVisible : true , NavTrans : false
02-06 18:14:19.467  3012  8909 D MARsPolicyManager: onPackageResumedFG pkgName = com.kyowon.literacy.store, userId = 0
02-06 18:14:19.470  3012  8909 D WindowManager: rotationForOrientation, orientationSource=ActivityRecord{23798b2 u0 com.kyowon.literacy.store/com.kyowon.literacy.ui.login.activity.LoginActivity t3648}
02-06 18:14:19.473  3012  8909 D MARsPolicyManager: onPackageResumedFG pkgName = com.kyowon.literacy.store, userId = 0
02-06 18:14:19.476  3012  3220 D GameManagerService: onLooperPrepared(), msg: MSG_TASK_FOCUSED, focusedComponent: ComponentInfo{com.kyowon.literacy.store/com.kyowon.literacy.ui.login.activity.LoginActivity}
02-06 18:14:19.476  3012  3220 D GameManagerService:   handleTaskFocused(), pkgName: com.kyowon.literacy.store, clsName: com.kyowon.literacy.ui.login.activity.LoginActivity, userID:0
02-06 18:14:19.498  3012  8909 D ActivityTaskManager: finishFixedRotationTransform, r=ActivityRecord{23798b2 u0 com.kyowon.literacy.store/com.kyowon.literacy.ui.login.activity.LoginActivity t3648}, caller=com.android.server.wm.WindowToken.finishFixedRotationTransform:664 com.android.server.wm.DisplayContent$FixedRotationTransitionListener.onAppTransitionFinishedLocked:7026 com.android.server.wm.AppTransition.notifyAppTransitionFinishedLocked:543 com.android.server.wm.DisplayContent.handleAnimatingStoppedAndTransition:5836 com.android.server.wm.RootWindowContainer.checkAppTransitionReady:1264 
02-06 18:14:19.605  3012  7310 V WindowManager: Relayout Window{9cfd3d3 u0 com.kyowon.literacy.store/com.kyowon.literacy.ui.login.activity.LoginActivity}: viewVisibility=0 req=2000x1200
02-06 18:14:19.605  3012  3061 D GameManagerService: noteResumeComponent(), received resumed-component: com.kyowon.literacy.store
02-06 18:14:19.605  3012  3061 I GameSDK@LifeCycle: noteResumeComponent(): package name  : com.kyowon.literacy.store
02-06 18:14:19.605  3012  3220 D GameManagerService: onLooperPrepared(), msg: MSG_APP_RESUME, resumeComponent: ComponentInfo{com.kyowon.literacy.store/com.kyowon.literacy.ui.login.activity.LoginActivity}
02-06 18:14:19.606  3012  3220 D GameManagerService:   handleResume(). pkgName: com.kyowon.literacy.store, isTunableApp: null
02-06 18:14:19.606  3012  3220 D GameManagerService: notifyFocusInOut(). of pkg: com.kyowon.literacy.store, type: 4, isMinimized: false, isTunableApp: false
02-06 18:14:19.821  3012  8461 D WindowManager: rotationForOrientation, orientationSource=ActivityRecord{23798b2 u0 com.kyowon.literacy.store/com.kyowon.literacy.ui.login.activity.LoginActivity t3648}
02-06 18:14:19.825  3012  8461 V WindowManager: Changing focus from Window{9cfd3d3 u0 com.kyowon.literacy.store/com.kyowon.literacy.ui.login.activity.LoginActivity} to null displayId=0 Callers=com.android.server.wm.RootWindowContainer.updateFocusedWindowLocked:566 com.android.server.wm.WindowManagerService.updateFocusedWindowLocked:6311 com.android.server.wm.DisplayContent.setFocusedApp:6776 com.android.server.wm.ActivityTaskManagerService.setResumedActivityUncheckLocked:6725 
02-06 18:14:19.859  3012  3323 D PkgPredictorService-NapClassifier: Predict result: 86.0,2.0,0.0, - [0_&_com.kyowon.literacy.store, 0_&_kr.co.kyowon.launcher, 0_&_com.android.vending]
02-06 18:14:19.873  3012  3061 D GameManagerService: notePauseComponent(), received paused-component: com.kyowon.literacy.store
02-06 18:14:19.901  3012  8461 V WindowManager: Changing focus from null to Window{9cfd3d3 u0 com.kyowon.literacy.store/com.kyowon.literacy.ui.login.activity.LoginActivity} displayId=0 Callers=com.android.server.wm.RootWindowContainer.updateFocusedWindowLocked:566 com.android.server.wm.WindowManagerService.updateFocusedWindowLocked:6311 com.android.server.wm.DisplayContent.layoutAndAssignWindowLayersIfNeeded:4201 com.android.server.wm.TaskDisplayArea.positionStackAt:1016 
02-06 18:14:19.919  3012  3061 V ActivityManager: Changed top to 10584,ProcessRecord{e78f8f2 31505:com.kyowon.literacy.store/u0a584}
02-06 18:14:19.981  3012  3936 D MARsPolicyManager: onPackageResumedFG pkgName = com.kyowon.literacy.store, userId = 0
02-06 18:14:19.985  3012  3220 D GameManagerService: onLooperPrepared(), msg: MSG_TASK_FOCUSED, focusedComponent: ComponentInfo{com.kyowon.literacy.store/com.kyowon.literacy.ui.login.activity.LoginActivity}
02-06 18:14:19.985  3012  3220 D GameManagerService:   handleTaskFocused(), pkgName: com.kyowon.literacy.store, clsName: com.kyowon.literacy.ui.login.activity.LoginActivity, userID:0
02-06 18:14:19.988  3012  3936 D WindowManager: rotationForOrientation, orientationSource=ActivityRecord{23798b2 u0 com.kyowon.literacy.store/com.kyowon.literacy.ui.login.activity.LoginActivity t3648}
02-06 18:14:19.993  3012  3936 D MARsPolicyManager: onPackageResumedFG pkgName = com.kyowon.literacy.store, userId = 0
02-06 18:14:20.005  3012  3062 D ActivityTaskManager: finishFixedRotationTransform, r=ActivityRecord{23798b2 u0 com.kyowon.literacy.store/com.kyowon.literacy.ui.login.activity.LoginActivity t3648}, caller=com.android.server.wm.WindowToken.finishFixedRotationTransform:664 com.android.server.wm.DisplayContent$FixedRotationTransitionListener.onAppTransitionFinishedLocked:7026 com.android.server.wm.AppTransition.notifyAppTransitionFinishedLocked:543 com.android.server.wm.DisplayContent.handleAnimatingStoppedAndTransition:5836 com.android.server.wm.RootWindowContainer.checkAppTransitionReady:1264 
02-06 18:14:20.012  3012  3462 D MdnieScenarioControlService:  packageName : com.kyowon.literacy.store    className : com.kyowon.literacy.ui.login.activity.LoginActivity
02-06 18:14:20.126  3012  3061 D SemGameManager: isGamePackage(), pkgName=com.kyowon.literacy.store
02-06 18:14:20.127  3012  3061 D GameManagerService: identifyGamePackage. com.kyowon.literacy.store, mCurrentUserId: 0, callerUserId: 0
02-06 18:14:20.127  3012  3061 D PkgDataHelper: getGamePkgData(). com.kyowon.literacy.store
02-06 18:14:20.384  3012  3061 D GameManagerService: noteResumeComponent(), received resumed-component: com.kyowon.literacy.store
02-06 18:14:20.384  3012  3061 I GameSDK@LifeCycle: noteResumeComponent(): package name  : com.kyowon.literacy.store
02-06 18:14:20.384  3012  3220 D GameManagerService: onLooperPrepared(), msg: MSG_APP_RESUME, resumeComponent: ComponentInfo{com.kyowon.literacy.store/com.kyowon.literacy.ui.login.activity.LoginActivity}
02-06 18:14:20.385  3012  3220 D GameManagerService:   handleResume(). pkgName: com.kyowon.literacy.store, isTunableApp: null
02-06 18:14:20.385  3012  3220 D GameManagerService: notifyFocusInOut(). of pkg: com.kyowon.literacy.store, type: 4, isMinimized: false, isTunableApp: false
02-06 18:14:20.627   862   862 D SurfaceFlinger:      DEVICE | 0xb400007ac04d1710 | 0002 | RGBA_8888    |    0.0    0.0 1200.0 2000.0 |    0    0 1200 2000 | com.kyowon.literacy.store/com.kyowon[...]ogin.activity.LoginActivity$_31505#0
02-06 18:14:21.223  3012  3061 D GameManagerService: notePauseComponent(), received paused-component: com.kyowon.literacy.store
02-06 18:14:21.402  3012  3935 D MARsPolicyManager: onPackageResumedFG pkgName = com.kyowon.literacy.store, userId = 0
02-06 18:14:21.405  3012  3935 D WindowManager: rotationForOrientation, orientationSource=ActivityRecord{23798b2 u0 com.kyowon.literacy.store/com.kyowon.literacy.ui.login.activity.LoginActivity t3648}
02-06 18:14:21.409  3012  3935 D MARsPolicyManager: onPackageResumedFG pkgName = com.kyowon.literacy.store, userId = 0
02-06 18:14:21.442  3012  3935 D ActivityTaskManager: finishFixedRotationTransform, r=ActivityRecord{23798b2 u0 com.kyowon.literacy.store/com.kyowon.literacy.ui.login.activity.LoginActivity t3648}, caller=com.android.server.wm.WindowToken.finishFixedRotationTransform:664 com.android.server.wm.DisplayContent$FixedRotationTransitionListener.onAppTransitionFinishedLocked:7026 com.android.server.wm.AppTransition.notifyAppTransitionFinishedLocked:543 com.android.server.wm.DisplayContent.handleAnimatingStoppedAndTransition:5836 com.android.server.wm.RootWindowContainer.checkAppTransitionReady:1264 
02-06 18:14:21.456  3012  3935 V ActivityManager: Changed top to 10584,ProcessRecord{e78f8f2 31505:com.kyowon.literacy.store/u0a584}
02-06 18:14:21.736  3012  3061 D GameManagerService: noteResumeComponent(), received resumed-component: com.kyowon.literacy.store
02-06 18:14:21.736  3012  3061 I GameSDK@LifeCycle: noteResumeComponent(): package name  : com.kyowon.literacy.store
02-06 18:14:21.736  3012  3220 D GameManagerService: onLooperPrepared(), msg: MSG_APP_RESUME, resumeComponent: ComponentInfo{com.kyowon.literacy.store/com.kyowon.literacy.ui.login.activity.LoginActivity}
02-06 18:14:21.737  3012  3220 D GameManagerService:   handleResume(). pkgName: com.kyowon.literacy.store, isTunableApp: null
02-06 18:14:21.737  3012  3220 D GameManagerService: notifyFocusInOut(). of pkg: com.kyowon.literacy.store, type: 4, isMinimized: false, isTunableApp: false
02-06 18:14:22.592  3012  3061 D GameManagerService: notePauseComponent(), received paused-component: com.kyowon.literacy.store
02-06 18:14:22.609   862   862 D SurfaceFlinger:      DEVICE | 0xb400007ac04d1470 | 0002 | RGBA_8888    |    0.0    0.0 1200.0 2000.0 |    0    0 1200 2000 | com.kyowon.literacy.store/com.kyowon[...]ogin.activity.LoginActivity$_31505#0
02-06 18:14:22.736  3012  7145 D WindowManager: rotationForOrientation, orientationSource=ActivityRecord{23798b2 u0 com.kyowon.literacy.store/com.kyowon.literacy.ui.login.activity.LoginActivity t3648}
02-06 18:14:22.744  3012  7145 V WindowManager: Changing focus from Window{9cfd3d3 u0 com.kyowon.literacy.store/com.kyowon.literacy.ui.login.activity.LoginActivity} to null displayId=0 Callers=com.android.server.wm.RootWindowContainer.updateFocusedWindowLocked:566 com.android.server.wm.WindowManagerService.updateFocusedWindowLocked:6311 com.android.server.wm.DisplayContent.setFocusedApp:6776 com.android.server.wm.ActivityTaskManagerService.setResumedActivityUncheckLocked:6725 
02-06 18:14:22.800  3012  3323 D PkgPredictorService-NapClassifier: Predict result: 86.0,2.0,0.0, - [0_&_com.kyowon.literacy.store, 0_&_kr.co.kyowon.launcher, 0_&_com.android.vending]
02-06 18:14:23.202  3012  3935 V WindowManager: Changing focus from null to Window{9cfd3d3 u0 com.kyowon.literacy.store/com.kyowon.literacy.ui.login.activity.LoginActivity} displayId=0 Callers=com.android.server.wm.RootWindowContainer.updateFocusedWindowLocked:566 com.android.server.wm.WindowManagerService.updateFocusedWindowLocked:6311 com.android.server.wm.DisplayContent.layoutAndAssignWindowLayersIfNeeded:4201 com.android.server.wm.TaskDisplayArea.positionStackAt:1016 
02-06 18:14:23.229  3012  3185 V ActivityManager: Changed top to 10584,ProcessRecord{e78f8f2 31505:com.kyowon.literacy.store/u0a584}
02-06 18:14:23.323 31505 31505 V InputMethodManager: Starting input: tba=com.kyowon.literacy.store ic=null mNaviBarColor -855310 mIsGetNaviBarColorSuccess true , NavVisible : true , NavTrans : false
02-06 18:14:23.364  3012  7226 D MARsPolicyManager: onPackageResumedFG pkgName = com.kyowon.literacy.store, userId = 0
02-06 18:14:23.372  3012  3220 D GameManagerService: onLooperPrepared(), msg: MSG_TASK_FOCUSED, focusedComponent: ComponentInfo{com.kyowon.literacy.store/com.kyowon.literacy.ui.login.activity.LoginActivity}
02-06 18:14:23.372  3012  3220 D GameManagerService:   handleTaskFocused(), pkgName: com.kyowon.literacy.store, clsName: com.kyowon.literacy.ui.login.activity.LoginActivity, userID:0
02-06 18:14:23.373  3012  7226 D WindowManager: rotationForOrientation, orientationSource=ActivityRecord{23798b2 u0 com.kyowon.literacy.store/com.kyowon.literacy.ui.login.activity.LoginActivity t3648}
02-06 18:14:23.377  3012  7226 D MARsPolicyManager: onPackageResumedFG pkgName = com.kyowon.literacy.store, userId = 0
02-06 18:14:23.396  3012  3062 D ActivityTaskManager: finishFixedRotationTransform, r=ActivityRecord{23798b2 u0 com.kyowon.literacy.store/com.kyowon.literacy.ui.login.activity.LoginActivity t3648}, caller=com.android.server.wm.WindowToken.finishFixedRotationTransform:664 com.android.server.wm.DisplayContent$FixedRotationTransitionListener.onAppTransitionFinishedLocked:7026 com.android.server.wm.AppTransition.notifyAppTransitionFinishedLocked:543 com.android.server.wm.DisplayContent.handleAnimatingStoppedAndTransition:5836 com.android.server.wm.RootWindowContainer.checkAppTransitionReady:1264 
02-06 18:14:23.556  3012  3061 D SemGameManager: isGamePackage(), pkgName=com.kyowon.literacy.store
02-06 18:14:23.557  3012  3061 D GameManagerService: identifyGamePackage. com.kyowon.literacy.store, mCurrentUserId: 0, callerUserId: 0
02-06 18:14:23.557  3012  3061 D PkgDataHelper: getGamePkgData(). com.kyowon.literacy.store
02-06 18:14:23.558  3012  3061 D GameManagerService: noteResumeComponent(), received resumed-component: com.kyowon.literacy.store
02-06 18:14:23.558  3012  3061 I GameSDK@LifeCycle: noteResumeComponent(): package name  : com.kyowon.literacy.store
02-06 18:14:23.558  3012  3220 D GameManagerService: onLooperPrepared(), msg: MSG_APP_RESUME, resumeComponent: ComponentInfo{com.kyowon.literacy.store/com.kyowon.literacy.ui.login.activity.LoginActivity}
02-06 18:14:23.558  3012  3220 D GameManagerService:   handleResume(). pkgName: com.kyowon.literacy.store, isTunableApp: null
02-06 18:14:23.559  3012  3220 D GameManagerService: notifyFocusInOut(). of pkg: com.kyowon.literacy.store, type: 4, isMinimized: false, isTunableApp: false
02-06 18:14:23.632  3012  3935 V WindowManager: Relayout Window{9cfd3d3 u0 com.kyowon.literacy.store/com.kyowon.literacy.ui.login.activity.LoginActivity}: viewVisibility=0 req=2000x1200
02-06 18:14:24.100  3012  3061 D GameManagerService: notePauseComponent(), received paused-component: com.kyowon.literacy.store
02-06 18:14:24.103  3012  3185 D WindowManager: rotationForOrientation, orientationSource=ActivityRecord{23798b2 u0 com.kyowon.literacy.store/com.kyowon.literacy.ui.login.activity.LoginActivity t3648}
02-06 18:14:24.112  3012  3185 V WindowManager: Changing focus from Window{9cfd3d3 u0 com.kyowon.literacy.store/com.kyowon.literacy.ui.login.activity.LoginActivity} to null displayId=0 Callers=com.android.server.wm.RootWindowContainer.updateFocusedWindowLocked:566 com.android.server.wm.WindowManagerService.updateFocusedWindowLocked:6311 com.android.server.wm.DisplayContent.setFocusedApp:6776 com.android.server.wm.ActivityTaskManagerService.setResumedActivityUncheckLocked:6725 
02-06 18:14:24.139  3012  3323 D PkgPredictorService-NapClassifier: Predict result: 86.0,2.0,0.0, - [0_&_com.kyowon.literacy.store, 0_&_kr.co.kyowon.launcher, 0_&_com.android.vending]
02-06 18:14:24.270  3012  7224 V WindowManager: Changing focus from null to Window{9cfd3d3 u0 com.kyowon.literacy.store/com.kyowon.literacy.ui.login.activity.LoginActivity} displayId=0 Callers=com.android.server.wm.RootWindowContainer.updateFocusedWindowLocked:566 com.android.server.wm.WindowManagerService.updateFocusedWindowLocked:6311 com.android.server.wm.ActivityRecord.onRemovedFromDisplay:3878 com.android.server.wm.DisplayContent.removeAppToken:1434 
02-06 18:14:24.272  3012  7224 V ActivityManager: Changed top to 10584,ProcessRecord{e78f8f2 31505:com.kyowon.literacy.store/u0a584}
02-06 18:14:24.315  3012  7224 D MARsPolicyManager: onPackageResumedFG pkgName = com.kyowon.literacy.store, userId = 0
02-06 18:14:24.319  3012  3220 D GameManagerService: onLooperPrepared(), msg: MSG_TASK_FOCUSED, focusedComponent: ComponentInfo{com.kyowon.literacy.store/com.kyowon.literacy.ui.login.activity.LoginActivity}
02-06 18:14:24.319  3012  3220 D GameManagerService:   handleTaskFocused(), pkgName: com.kyowon.literacy.store, clsName: com.kyowon.literacy.ui.login.activity.LoginActivity, userID:0
02-06 18:14:24.320  3012  7224 D WindowManager: rotationForOrientation, orientationSource=ActivityRecord{23798b2 u0 com.kyowon.literacy.store/com.kyowon.literacy.ui.login.activity.LoginActivity t3648}
02-06 18:14:24.324  3012  7224 D MARsPolicyManager: onPackageResumedFG pkgName = com.kyowon.literacy.store, userId = 0
02-06 18:14:24.338  3012  3062 D ActivityTaskManager: finishFixedRotationTransform, r=ActivityRecord{23798b2 u0 com.kyowon.literacy.store/com.kyowon.literacy.ui.login.activity.LoginActivity t3648}, caller=com.android.server.wm.WindowToken.finishFixedRotationTransform:664 com.android.server.wm.DisplayContent$FixedRotationTransitionListener.onAppTransitionFinishedLocked:7026 com.android.server.wm.AppTransition.notifyAppTransitionFinishedLocked:543 com.android.server.wm.DisplayContent.handleAnimatingStoppedAndTransition:5836 com.android.server.wm.RootWindowContainer.checkAppTransitionReady:1264 
02-06 18:14:24.362  3012  3462 D MdnieScenarioControlService:  packageName : com.kyowon.literacy.store    className : com.kyowon.literacy.ui.login.activity.LoginActivity
