02-06 18:13:37.752 31505  5082 V MediaPlayerNative: message received msg=200, ext1=10973, ext2=0
02-06 18:13:37.752 31505  5082 W MediaPlayerNative: info/warning (10973, 0)
02-06 18:13:37.760 31505  5082 V MediaPlayerNative: message received msg=1, ext1=0, ext2=0
02-06 18:13:37.760 31505  5082 V MediaPlayerNative: MediaPlayer::notify() prepared
02-06 18:13:37.760 31505  5082 V MediaPlayerNative: signal application thread
02-06 18:13:37.760 31505 31505 V MediaPlayerNative: prepare complete - status=0
02-06 18:13:37.797 31505 31505 V MediaPlayerNative: invoke 76
02-06 18:13:37.798 31505 31505 V MediaPlayer-JNI: setLooping: 1
02-06 18:13:37.798 31505 31505 V MediaPlayerNative: MediaPlayer::setLooping
02-06 18:13:37.798 31505 31505 V MediaPlayer-JNI: setVolume: left 0.800000  right 0.800000
02-06 18:13:37.798 31505 31505 V MediaPlayerNative: MediaPlayer::setVolume(0.800000, 0.800000)
02-06 18:13:37.799 31505 31505 V MediaPlayer-JNI: start
02-06 18:13:37.799 31505 31505 V MediaPlayerNative: start
02-06 18:13:37.804 31505 31505 V MediaPlayer-JNI: stop
02-06 18:13:37.804 31505 31505 V MediaPlayerNative: stop
02-06 18:13:37.805 31505  5082 V MediaPlayerNative: message received msg=8, ext1=0, ext2=0
02-06 18:13:37.806 31505 31505 V MediaPlayer: resetDrmState:  mDrmInfo=null mDrmProvisioningThread=null mPrepareDrmInProgress=false mActiveDrmScheme=false
02-06 18:13:37.806 31505 31505 V MediaPlayer: cleanDrmObj: mDrmObj=null mDrmSessionId=null
02-06 18:13:37.806 31505 31505 V MediaPlayer-JNI: release
02-06 18:13:37.806 31505 31505 V MediaPlayerNative: setListener
02-06 18:13:37.806 31505 31505 V MediaPlayerNative: disconnect
02-06 18:13:37.807 31505  5082 V MediaPlayerNative: notify(8, 0, 0) callback on disconnected mediaplayer
02-06 18:13:37.821 31505 31505 V MediaPlayerNative: destructor
02-06 18:13:37.822 31505 31505 V MediaPlayerNative: disconnect
02-06 18:13:37.856 31505 31505 I ViewRootImpl@9ddb888[LoginActivity]: MSG_WINDOW_FOCUS_CHANGED 1 1
02-06 18:13:37.856 31505 31505 D InputMethodManager: prepareNavigationBarInfo() DecorView@cd2569b[LoginActivity]
02-06 18:13:37.856 31505 31505 D InputMethodManager: getNavigationBarColor() -855310
02-06 18:13:37.858 31505 31505 D InputMethodManager: prepareNavigationBarInfo() DecorView@cd2569b[LoginActivity]
02-06 18:13:37.858 31505 31505 D InputMethodManager: getNavigationBarColor() -855310
02-06 18:13:37.858 31505 31505 V InputMethodManager: Starting input: tba=com.kyowon.literacy.store ic=null mNaviBarColor -855310 mIsGetNaviBarColorSuccess true , NavVisible : true , NavTrans : false
02-06 18:13:37.858 31505 31505 D InputMethodManager: startInputInner - Id : 0
02-06 18:13:37.858 31505 31505 I InputMethodManager: startInputInner - mService.startInputOrWindowGainedFocus
02-06 18:13:37.912 31505 31505 W MediaPlayer: mediaplayer went away with unhandled events
02-06 18:13:37.912 31505 31505 W MediaPlayer: mediaplayer went away with unhandled events
02-06 18:13:37.912 31505 31505 I ViewRootImpl@9ddb888[LoginActivity]: stopped(false) old=false
02-06 18:13:37.913 31505 31505 V MediaPlayer-JNI: native_setup
02-06 18:13:37.913 31505 31505 V MediaPlayerNative: constructor
02-06 18:13:37.913 31505 31505 V MediaPlayerNative: setListener
02-06 18:13:37.917 31505 31505 V MediaPlayer-JNI: setVolume: left 1.000000  right 1.000000
02-06 18:13:37.917 31505 31505 V MediaPlayerNative: MediaPlayer::setVolume(1.000000, 1.000000)
02-06 18:13:37.917 31505 31505 V MediaPlayer-JNI: setAuxEffectSendLevel: level 0.000000
02-06 18:13:37.917 31505 31505 V MediaPlayerNative: MediaPlayer::setAuxEffectSendLevel(0.000000)
02-06 18:13:37.917 31505 31505 V MediaPlayer-JNI: setParameter: key 1400
02-06 18:13:37.917 31505 31505 V MediaPlayerNative: MediaPlayer::setParameter(1400)
02-06 18:13:37.917 31505 31505 V MediaPlayer-JNI: set_session_id(): 9937
02-06 18:13:37.917 31505 31505 V MediaPlayerNative: MediaPlayer::setAudioSessionId(9937)
02-06 18:13:37.918 31505 31505 V MediaPlayer-JNI: setDataSourceFD: fd 94
02-06 18:13:37.918 31505 31505 V MediaPlayerNative: setDataSource(94, 80149264, 611808)
02-06 18:13:37.929 31505 31505 V MediaPlayerNative: setVideoSurfaceTexture
02-06 18:13:37.929 31505 31505 V MediaPlayerNative: prepare
02-06 18:13:37.985 31505  4917 V MediaPlayerNative: message received msg=200, ext1=10973, ext2=0
02-06 18:13:37.986 31505  4917 W MediaPlayerNative: info/warning (10973, 0)
02-06 18:13:37.991 31505  4917 V MediaPlayerNative: message received msg=1, ext1=0, ext2=0
02-06 18:13:37.991 31505  4917 V MediaPlayerNative: MediaPlayer::notify() prepared
02-06 18:13:37.991 31505  4917 V MediaPlayerNative: signal application thread
02-06 18:13:37.991 31505 31505 V MediaPlayerNative: prepare complete - status=0
02-06 18:13:38.010 31505 31505 V MediaPlayerNative: invoke 76
02-06 18:13:38.011 31505 31505 V MediaPlayer-JNI: setLooping: 1
02-06 18:13:38.011 31505 31505 V MediaPlayerNative: MediaPlayer::setLooping
02-06 18:13:38.011 31505 31505 V MediaPlayer-JNI: setVolume: left 0.800000  right 0.800000
02-06 18:13:38.011 31505 31505 V MediaPlayerNative: MediaPlayer::setVolume(0.800000, 0.800000)
02-06 18:13:38.011 31505 31505 V MediaPlayer-JNI: start
02-06 18:13:38.011 31505 31505 V MediaPlayerNative: start
02-06 18:13:38.019 31505 31505 I SurfaceControl: nativeRelease nativeObject s[-5476376618202809824]
02-06 18:13:38.019 31505 31505 I SurfaceControl: nativeRelease nativeObject e[-5476376618202809824]
02-06 18:13:38.021 31505 31505 I SurfaceControl: assignNativeObject: nativeObject = 0 Surface(name=null)/@0xeffd94 / android.view.SurfaceControl.readFromParcel:1117 android.view.IWindowSession$Stub$Proxy.relayout:1820 android.view.ViewRootImpl.relayoutWindow:9005 android.view.ViewRootImpl.performTraversals:3360 android.view.ViewRootImpl.doTraversal:2618 android.view.ViewRootImpl$TraversalRunnable.run:9971 android.view.Choreographer$CallbackRecord.run:1010 android.view.Choreographer.doCallbacks:809 android.view.Choreographer.doFrame:744 android.view.Choreographer$FrameDisplayEventReceiver.run:995 
02-06 18:13:38.021 31505 31505 I SurfaceControl: nativeRelease nativeObject s[-5476376618279076384]
02-06 18:13:38.021 31505 31505 I SurfaceControl: nativeRelease nativeObject e[-5476376618279076384]
02-06 18:13:38.021 31505 31505 I SurfaceControl: nativeRelease nativeObject s[-5476376619811317664]
02-06 18:13:38.021 31505 31505 I SurfaceControl: nativeRelease nativeObject e[-5476376619811317664]
02-06 18:13:38.021 31505 31505 I ViewRootImpl@9ddb888[LoginActivity]: Relayout returned: old=(0,0,2000,1200) new=(0,0,2000,1200) req=(2000,1200)0 dur=6 res=0x1 s={true -5476376619769638912} ch=false fn=383
02-06 18:13:38.027 31505 31505 V MediaPlayerNative: invoke 76
02-06 18:13:38.171 31505  4917 V MediaPlayerNative: message received msg=6, ext1=0, ext2=0
02-06 18:13:38.336 31505  4917 V MediaPlayerNative: message received msg=211, ext1=0, ext2=0
02-06 18:13:38.336 31505  4917 V MediaPlayerNative: message received msg=211, ext1=0, ext2=0
02-06 18:13:38.360 31505 31505 V MediaPlayer-JNI: getCurrentPosition: 98 (msec)
02-06 18:13:38.814 31505 31505 V MediaPlayer-JNI: stop
02-06 18:13:38.814 31505 31505 V MediaPlayerNative: stop
02-06 18:13:38.815 31505  5082 V MediaPlayerNative: message received msg=211, ext1=0, ext2=0
02-06 18:13:38.826 31505  5082 V MediaPlayerNative: message received msg=8, ext1=0, ext2=0
02-06 18:13:38.827 31505 31505 V MediaPlayer: resetDrmState:  mDrmInfo=null mDrmProvisioningThread=null mPrepareDrmInProgress=false mActiveDrmScheme=false
02-06 18:13:38.827 31505 31505 V MediaPlayer: cleanDrmObj: mDrmObj=null mDrmSessionId=null
02-06 18:13:38.827 31505 31505 V MediaPlayer-JNI: release
02-06 18:13:38.827 31505 31505 V MediaPlayerNative: setListener
02-06 18:13:38.827 31505 31505 V MediaPlayerNative: disconnect
02-06 18:13:38.849 31505 31505 V MediaPlayerNative: destructor
02-06 18:13:38.850 31505 31505 V MediaPlayerNative: disconnect
02-06 18:13:38.896 31505 31505 W MediaPlayer: mediaplayer went away with unhandled events
02-06 18:13:38.896 31505 31505 W MediaPlayer: mediaplayer went away with unhandled events
02-06 18:13:39.026 31505 31505 I ViewRootImpl@9ddb888[LoginActivity]: MSG_WINDOW_FOCUS_CHANGED 0 1
02-06 18:13:39.748 31505 31505 I ViewRootImpl@9ddb888[LoginActivity]: stopped(false) old=false
02-06 18:13:39.750 31505 31505 V MediaPlayer-JNI: native_setup
02-06 18:13:39.750 31505 31505 V MediaPlayerNative: constructor
02-06 18:13:39.750 31505 31505 V MediaPlayerNative: setListener
02-06 18:13:39.755 31505 31505 V MediaPlayer-JNI: setVolume: left 1.000000  right 1.000000
02-06 18:13:39.755 31505 31505 V MediaPlayerNative: MediaPlayer::setVolume(1.000000, 1.000000)
02-06 18:13:39.755 31505 31505 V MediaPlayer-JNI: setAuxEffectSendLevel: level 0.000000
02-06 18:13:39.755 31505 31505 V MediaPlayerNative: MediaPlayer::setAuxEffectSendLevel(0.000000)
02-06 18:13:39.755 31505 31505 V MediaPlayer-JNI: setParameter: key 1400
02-06 18:13:39.755 31505 31505 V MediaPlayerNative: MediaPlayer::setParameter(1400)
02-06 18:13:39.756 31505 31505 V MediaPlayer-JNI: set_session_id(): 9953
02-06 18:13:39.756 31505 31505 V MediaPlayerNative: MediaPlayer::setAudioSessionId(9953)
02-06 18:13:39.756 31505 31505 V MediaPlayer-JNI: setDataSourceFD: fd 78
02-06 18:13:39.756 31505 31505 V MediaPlayerNative: setDataSource(78, 80149264, 611808)
02-06 18:13:39.777 31505 31505 V MediaPlayerNative: setVideoSurfaceTexture
02-06 18:13:39.778 31505 31505 V MediaPlayerNative: prepare
02-06 18:13:39.822 31505  5082 V MediaPlayerNative: message received msg=200, ext1=10973, ext2=0
02-06 18:13:39.822 31505  5082 W MediaPlayerNative: info/warning (10973, 0)
02-06 18:13:39.824 31505  5082 V MediaPlayerNative: message received msg=1, ext1=0, ext2=0
02-06 18:13:39.824 31505  5082 V MediaPlayerNative: MediaPlayer::notify() prepared
02-06 18:13:39.824 31505  5082 V MediaPlayerNative: signal application thread
02-06 18:13:39.824 31505 31505 V MediaPlayerNative: prepare complete - status=0
02-06 18:13:39.827 31505 31505 V MediaPlayerNative: invoke 76
02-06 18:13:39.828 31505 31505 V MediaPlayer-JNI: setLooping: 1
02-06 18:13:39.828 31505 31505 V MediaPlayerNative: MediaPlayer::setLooping
02-06 18:13:39.828 31505 31505 V MediaPlayer-JNI: setVolume: left 0.800000  right 0.800000
02-06 18:13:39.828 31505 31505 V MediaPlayerNative: MediaPlayer::setVolume(0.800000, 0.800000)
02-06 18:13:39.829 31505 31505 V MediaPlayer-JNI: start
02-06 18:13:39.829 31505 31505 V MediaPlayerNative: start
02-06 18:13:39.838 31505 31505 I ViewRootImpl@9ddb888[LoginActivity]: MSG_WINDOW_FOCUS_CHANGED 1 1
02-06 18:13:39.838 31505 31505 D InputMethodManager: prepareNavigationBarInfo() DecorView@cd2569b[LoginActivity]
02-06 18:13:39.838 31505 31505 D InputMethodManager: getNavigationBarColor() -855310
02-06 18:13:39.839 31505 31505 D InputMethodManager: prepareNavigationBarInfo() DecorView@cd2569b[LoginActivity]
02-06 18:13:39.839 31505 31505 D InputMethodManager: getNavigationBarColor() -855310
02-06 18:13:39.839 31505 31505 V InputMethodManager: Starting input: tba=com.kyowon.literacy.store ic=null mNaviBarColor -855310 mIsGetNaviBarColorSuccess true , NavVisible : true , NavTrans : false
02-06 18:13:39.839 31505 31505 D InputMethodManager: startInputInner - Id : 0
02-06 18:13:39.839 31505 31505 I InputMethodManager: startInputInner - mService.startInputOrWindowGainedFocus
02-06 18:13:39.846 31505 31505 V MediaPlayerNative: invoke 76
02-06 18:13:40.010 31505  5082 V MediaPlayerNative: message received msg=6, ext1=0, ext2=0
02-06 18:13:40.121 31505  5082 V MediaPlayerNative: message received msg=211, ext1=0, ext2=0
02-06 18:13:40.122 31505 31505 V MediaPlayer-JNI: getCurrentPosition: 61 (msec)
02-06 18:13:40.124 31505  4917 V MediaPlayerNative: message received msg=211, ext1=0, ext2=0
02-06 18:13:40.438 31505 31505 V MediaPlayer-JNI: stop
02-06 18:13:40.438 31505 31505 V MediaPlayerNative: stop
02-06 18:13:40.439 31505  5082 V MediaPlayerNative: message received msg=8, ext1=0, ext2=0
02-06 18:13:40.441 31505  5082 V MediaPlayerNative: message received msg=211, ext1=0, ext2=0
02-06 18:13:40.445 31505 31505 V MediaPlayer: resetDrmState:  mDrmInfo=null mDrmProvisioningThread=null mPrepareDrmInProgress=false mActiveDrmScheme=false
02-06 18:13:40.445 31505 31505 V MediaPlayer: cleanDrmObj: mDrmObj=null mDrmSessionId=null
02-06 18:13:40.445 31505 31505 V MediaPlayer-JNI: release
02-06 18:13:40.446 31505 31505 V MediaPlayerNative: setListener
02-06 18:13:40.446 31505 31505 V MediaPlayerNative: disconnect
02-06 18:13:40.483 31505 31505 V MediaPlayerNative: destructor
02-06 18:13:40.485 31505 31505 V MediaPlayerNative: disconnect
02-06 18:13:40.509 31505 31505 W MediaPlayer: mediaplayer went away with unhandled events
02-06 18:13:40.509 31505 31505 W MediaPlayer: mediaplayer went away with unhandled events
02-06 18:13:40.680 31505 31505 I ViewRootImpl@9ddb888[LoginActivity]: stopped(false) old=false
02-06 18:13:40.681 31505 31505 V MediaPlayer-JNI: native_setup
02-06 18:13:40.681 31505 31505 V MediaPlayerNative: constructor
02-06 18:13:40.682 31505 31505 V MediaPlayerNative: setListener
02-06 18:13:40.688 31505 31505 V MediaPlayer-JNI: setVolume: left 1.000000  right 1.000000
02-06 18:13:40.688 31505 31505 V MediaPlayerNative: MediaPlayer::setVolume(1.000000, 1.000000)
02-06 18:13:40.688 31505 31505 V MediaPlayer-JNI: setAuxEffectSendLevel: level 0.000000
02-06 18:13:40.688 31505 31505 V MediaPlayerNative: MediaPlayer::setAuxEffectSendLevel(0.000000)
02-06 18:13:40.688 31505 31505 V MediaPlayer-JNI: setParameter: key 1400
02-06 18:13:40.688 31505 31505 V MediaPlayerNative: MediaPlayer::setParameter(1400)
02-06 18:13:40.688 31505 31505 V MediaPlayer-JNI: set_session_id(): 9969
02-06 18:13:40.688 31505 31505 V MediaPlayerNative: MediaPlayer::setAudioSessionId(9969)
02-06 18:13:40.689 31505 31505 V MediaPlayer-JNI: setDataSourceFD: fd 78
02-06 18:13:40.689 31505 31505 V MediaPlayerNative: setDataSource(78, 80149264, 611808)
02-06 18:13:40.718 31505 31505 V MediaPlayerNative: setVideoSurfaceTexture
02-06 18:13:40.718 31505 31505 V MediaPlayerNative: prepare
02-06 18:13:40.783 31505  4917 V MediaPlayerNative: message received msg=200, ext1=10973, ext2=0
02-06 18:13:40.783 31505  4917 W MediaPlayerNative: info/warning (10973, 0)
02-06 18:13:40.786 31505  4917 V MediaPlayerNative: message received msg=1, ext1=0, ext2=0
02-06 18:13:40.786 31505  4917 V MediaPlayerNative: MediaPlayer::notify() prepared
02-06 18:13:40.786 31505  4917 V MediaPlayerNative: signal application thread
02-06 18:13:40.786 31505 31505 V MediaPlayerNative: prepare complete - status=0
02-06 18:13:40.814 31505 31505 V MediaPlayerNative: invoke 76
02-06 18:13:40.815 31505 31505 V MediaPlayer-JNI: setLooping: 1
02-06 18:13:40.815 31505 31505 V MediaPlayerNative: MediaPlayer::setLooping
02-06 18:13:40.816 31505 31505 V MediaPlayer-JNI: setVolume: left 0.800000  right 0.800000
02-06 18:13:40.816 31505 31505 V MediaPlayerNative: MediaPlayer::setVolume(0.800000, 0.800000)
02-06 18:13:40.816 31505 31505 V MediaPlayer-JNI: start
02-06 18:13:40.816 31505 31505 V MediaPlayerNative: start
02-06 18:13:40.826 31505 31505 I SurfaceControl: nativeRelease nativeObject s[-5476376618202812064]
02-06 18:13:40.826 31505 31505 I SurfaceControl: nativeRelease nativeObject e[-5476376618202812064]
02-06 18:13:40.828 31505 31505 I SurfaceControl: assignNativeObject: nativeObject = 0 Surface(name=null)/@0xeffd94 / android.view.SurfaceControl.readFromParcel:1117 android.view.IWindowSession$Stub$Proxy.relayout:1820 android.view.ViewRootImpl.relayoutWindow:9005 android.view.ViewRootImpl.performTraversals:3360 android.view.ViewRootImpl.doTraversal:2618 android.view.ViewRootImpl$TraversalRunnable.run:9971 android.view.Choreographer$CallbackRecord.run:1010 android.view.Choreographer.doCallbacks:809 android.view.Choreographer.doFrame:744 android.view.Choreographer$FrameDisplayEventReceiver.run:995 
02-06 18:13:40.830 31505 31505 I SurfaceControl: nativeRelease nativeObject s[-5476376618309964928]
02-06 18:13:40.830 31505 31505 I SurfaceControl: nativeRelease nativeObject e[-5476376618309964928]
02-06 18:13:40.830 31505 31505 I SurfaceControl: nativeRelease nativeObject s[-5476376618202809824]
02-06 18:13:40.830 31505 31505 I SurfaceControl: nativeRelease nativeObject e[-5476376618202809824]
02-06 18:13:40.830 31505 31505 I ViewRootImpl@9ddb888[LoginActivity]: Relayout returned: old=(0,0,2000,1200) new=(0,0,2000,1200) req=(2000,1200)0 dur=9 res=0x1 s={true -5476376619769638912} ch=false fn=435
02-06 18:13:40.840 31505 31505 V MediaPlayer-JNI: stop
02-06 18:13:40.840 31505 31505 V MediaPlayerNative: stop
02-06 18:13:40.841 31505  4917 V MediaPlayerNative: message received msg=8, ext1=0, ext2=0
02-06 18:13:40.842 31505 31505 V MediaPlayer: resetDrmState:  mDrmInfo=null mDrmProvisioningThread=null mPrepareDrmInProgress=false mActiveDrmScheme=false
02-06 18:13:40.842 31505 31505 V MediaPlayer: cleanDrmObj: mDrmObj=null mDrmSessionId=null
02-06 18:13:40.842 31505 31505 V MediaPlayer-JNI: release
02-06 18:13:40.842 31505 31505 V MediaPlayerNative: setListener
02-06 18:13:40.842 31505 31505 V MediaPlayerNative: disconnect
02-06 18:13:40.956 31505 31505 V MediaPlayerNative: destructor
02-06 18:13:40.957 31505 31505 V MediaPlayerNative: disconnect
02-06 18:13:41.053 31505 31505 W MediaPlayer: mediaplayer went away with unhandled events
02-06 18:13:41.053 31505 31505 W MediaPlayer: mediaplayer went away with unhandled events
02-06 18:13:41.053 31505 31505 I ViewRootImpl@9ddb888[LoginActivity]: MSG_WINDOW_FOCUS_CHANGED 1 1
02-06 18:13:41.053 31505 31505 D InputMethodManager: prepareNavigationBarInfo() DecorView@cd2569b[LoginActivity]
02-06 18:13:41.053 31505 31505 D InputMethodManager: getNavigationBarColor() -855310
02-06 18:13:41.055 31505 31505 D InputMethodManager: prepareNavigationBarInfo() DecorView@cd2569b[LoginActivity]
02-06 18:13:41.055 31505 31505 D InputMethodManager: getNavigationBarColor() -855310
02-06 18:13:41.055 31505 31505 V InputMethodManager: Starting input: tba=com.kyowon.literacy.store ic=null mNaviBarColor -855310 mIsGetNaviBarColorSuccess true , NavVisible : true , NavTrans : false
02-06 18:13:41.055 31505 31505 D InputMethodManager: startInputInner - Id : 0
02-06 18:13:41.055 31505 31505 I InputMethodManager: startInputInner - mService.startInputOrWindowGainedFocus
02-06 18:13:41.326 31505 31505 I ViewRootImpl@9ddb888[LoginActivity]: MSG_WINDOW_FOCUS_CHANGED 0 1
02-06 18:13:41.329 31505 31505 W MediaPlayer: mediaplayer went away with unhandled events
02-06 18:13:41.329 31505 31505 I ViewRootImpl@9ddb888[LoginActivity]: MSG_WINDOW_FOCUS_CHANGED 0 1
02-06 18:13:42.768 31505 31505 I ViewRootImpl@9ddb888[LoginActivity]: stopped(false) old=false
02-06 18:13:42.771 31505 31505 V MediaPlayer-JNI: native_setup
02-06 18:13:42.771 31505 31505 V MediaPlayerNative: constructor
02-06 18:13:42.772 31505 31505 V MediaPlayerNative: setListener
02-06 18:13:42.780 31505 31505 V MediaPlayer-JNI: setVolume: left 1.000000  right 1.000000
02-06 18:13:42.780 31505 31505 V MediaPlayerNative: MediaPlayer::setVolume(1.000000, 1.000000)
02-06 18:13:42.780 31505 31505 V MediaPlayer-JNI: setAuxEffectSendLevel: level 0.000000
02-06 18:13:42.780 31505 31505 V MediaPlayerNative: MediaPlayer::setAuxEffectSendLevel(0.000000)
02-06 18:13:42.780 31505 31505 V MediaPlayer-JNI: setParameter: key 1400
02-06 18:13:42.780 31505 31505 V MediaPlayerNative: MediaPlayer::setParameter(1400)
02-06 18:13:42.780 31505 31505 V MediaPlayer-JNI: set_session_id(): 9985
02-06 18:13:42.780 31505 31505 V MediaPlayerNative: MediaPlayer::setAudioSessionId(9985)
02-06 18:13:42.780 31505 31505 V MediaPlayer-JNI: setDataSourceFD: fd 78
02-06 18:13:42.780 31505 31505 V MediaPlayerNative: setDataSource(78, 80149264, 611808)
02-06 18:13:42.798 31505 31505 V MediaPlayerNative: setVideoSurfaceTexture
02-06 18:13:42.798 31505 31505 V MediaPlayerNative: prepare
02-06 18:13:42.849 31505  5082 V MediaPlayerNative: message received msg=200, ext1=10973, ext2=0
02-06 18:13:42.849 31505  5082 W MediaPlayerNative: info/warning (10973, 0)
02-06 18:13:42.851 31505  5082 V MediaPlayerNative: message received msg=1, ext1=0, ext2=0
02-06 18:13:42.851 31505  5082 V MediaPlayerNative: MediaPlayer::notify() prepared
02-06 18:13:42.851 31505  5082 V MediaPlayerNative: signal application thread
02-06 18:13:42.851 31505 31505 V MediaPlayerNative: prepare complete - status=0
02-06 18:13:42.862 31505 31505 V MediaPlayerNative: invoke 76
02-06 18:13:42.863 31505 31505 V MediaPlayer-JNI: setLooping: 1
02-06 18:13:42.863 31505 31505 V MediaPlayerNative: MediaPlayer::setLooping
02-06 18:13:42.864 31505 31505 V MediaPlayer-JNI: setVolume: left 0.800000  right 0.800000
02-06 18:13:42.864 31505 31505 V MediaPlayerNative: MediaPlayer::setVolume(0.800000, 0.800000)
02-06 18:13:42.864 31505 31505 V MediaPlayer-JNI: start
02-06 18:13:42.864 31505 31505 V MediaPlayerNative: start
02-06 18:13:42.868 31505 31505 I ViewRootImpl@9ddb888[LoginActivity]: MSG_WINDOW_FOCUS_CHANGED 1 1
02-06 18:13:42.868 31505 31505 D InputMethodManager: prepareNavigationBarInfo() DecorView@cd2569b[LoginActivity]
02-06 18:13:42.868 31505 31505 D InputMethodManager: getNavigationBarColor() -855310
02-06 18:13:42.870 31505 31505 D InputMethodManager: prepareNavigationBarInfo() DecorView@cd2569b[LoginActivity]
02-06 18:13:42.870 31505 31505 D InputMethodManager: getNavigationBarColor() -855310
02-06 18:13:42.870 31505 31505 V InputMethodManager: Starting input: tba=com.kyowon.literacy.store ic=null mNaviBarColor -855310 mIsGetNaviBarColorSuccess true , NavVisible : true , NavTrans : false
02-06 18:13:42.870 31505 31505 D InputMethodManager: startInputInner - Id : 0
02-06 18:13:42.870 31505 31505 I InputMethodManager: startInputInner - mService.startInputOrWindowGainedFocus
02-06 18:13:42.878 31505 31505 I SurfaceControl: nativeRelease nativeObject s[-5476376619811317664]
02-06 18:13:42.878 31505 31505 I SurfaceControl: nativeRelease nativeObject e[-5476376619811317664]
02-06 18:13:42.879 31505 31505 I SurfaceControl: assignNativeObject: nativeObject = 0 Surface(name=null)/@0xeffd94 / android.view.SurfaceControl.readFromParcel:1117 android.view.IWindowSession$Stub$Proxy.relayout:1820 android.view.ViewRootImpl.relayoutWindow:9005 android.view.ViewRootImpl.performTraversals:3360 android.view.ViewRootImpl.doTraversal:2618 android.view.ViewRootImpl$TraversalRunnable.run:9971 android.view.Choreographer$CallbackRecord.run:1010 android.view.Choreographer.doCallbacks:809 android.view.Choreographer.doFrame:744 android.view.Choreographer$FrameDisplayEventReceiver.run:995 
02-06 18:13:42.880 31505 31505 I SurfaceControl: nativeRelease nativeObject s[-5476376618279076384]
02-06 18:13:42.880 31505 31505 I SurfaceControl: nativeRelease nativeObject e[-5476376618279076384]
02-06 18:13:42.880 31505 31505 I SurfaceControl: nativeRelease nativeObject s[-5476376618202812064]
02-06 18:13:42.880 31505 31505 I SurfaceControl: nativeRelease nativeObject e[-5476376618202812064]
02-06 18:13:42.880 31505 31505 I ViewRootImpl@9ddb888[LoginActivity]: Relayout returned: old=(0,0,2000,1200) new=(0,0,2000,1200) req=(2000,1200)0 dur=8 res=0x1 s={true -5476376619769638912} ch=false fn=458
02-06 18:13:42.885 31505 31505 V MediaPlayerNative: invoke 76
02-06 18:13:43.022 31505  5082 V MediaPlayerNative: message received msg=6, ext1=0, ext2=0
02-06 18:13:43.131 31505  5082 V MediaPlayerNative: message received msg=211, ext1=0, ext2=0
02-06 18:13:43.131 31505  4917 V MediaPlayerNative: message received msg=211, ext1=0, ext2=0
02-06 18:13:43.177 31505 31505 V MediaPlayer-JNI: getCurrentPosition: 99 (msec)
02-06 18:13:43.955 31505 31505 V MediaPlayer-JNI: stop
02-06 18:13:43.955 31505 31505 V MediaPlayerNative: stop
02-06 18:13:43.957 31505  4560 V MediaPlayerNative: message received msg=8, ext1=0, ext2=0
02-06 18:13:43.958 31505 31505 V MediaPlayer: resetDrmState:  mDrmInfo=null mDrmProvisioningThread=null mPrepareDrmInProgress=false mActiveDrmScheme=false
02-06 18:13:43.958 31505 31505 V MediaPlayer: cleanDrmObj: mDrmObj=null mDrmSessionId=null
02-06 18:13:43.958 31505 31505 V MediaPlayer-JNI: release
02-06 18:13:43.958 31505 31505 V MediaPlayerNative: setListener
02-06 18:13:43.958 31505 31505 V MediaPlayerNative: disconnect
02-06 18:13:43.959 31505  4560 V MediaPlayerNative: notify(8, 0, 0) callback on disconnected mediaplayer
02-06 18:13:43.960 31505  4560 V MediaPlayerNative: message received msg=211, ext1=0, ext2=0
02-06 18:13:43.960 31505  4560 V MediaPlayerNative: notify(211, 0, 0) callback on disconnected mediaplayer
02-06 18:13:43.985 31505 31505 V MediaPlayerNative: destructor
02-06 18:13:43.986 31505 31505 V MediaPlayerNative: disconnect
02-06 18:13:44.194 31505 31505 I ViewRootImpl@9ddb888[LoginActivity]: stopped(false) old=false
02-06 18:13:44.196 31505 31505 V MediaPlayer-JNI: native_setup
02-06 18:13:44.197 31505 31505 V MediaPlayerNative: constructor
02-06 18:13:44.197 31505 31505 V MediaPlayerNative: setListener
02-06 18:13:44.665 31505 31505 V MediaPlayer-JNI: setVolume: left 1.000000  right 1.000000
02-06 18:13:44.665 31505 31505 V MediaPlayerNative: MediaPlayer::setVolume(1.000000, 1.000000)
02-06 18:13:44.665 31505 31505 V MediaPlayer-JNI: setAuxEffectSendLevel: level 0.000000
02-06 18:13:44.665 31505 31505 V MediaPlayerNative: MediaPlayer::setAuxEffectSendLevel(0.000000)
02-06 18:13:44.665 31505 31505 V MediaPlayer-JNI: setParameter: key 1400
02-06 18:13:44.665 31505 31505 V MediaPlayerNative: MediaPlayer::setParameter(1400)
02-06 18:13:44.665 31505 31505 V MediaPlayer-JNI: set_session_id(): 10001
02-06 18:13:44.665 31505 31505 V MediaPlayerNative: MediaPlayer::setAudioSessionId(10001)
02-06 18:13:44.666 31505 31505 V MediaPlayer-JNI: setDataSourceFD: fd 78
02-06 18:13:44.666 31505 31505 V MediaPlayerNative: setDataSource(78, 80149264, 611808)
02-06 18:13:44.710 31505 31505 V MediaPlayerNative: setVideoSurfaceTexture
02-06 18:13:44.710 31505 31505 V MediaPlayerNative: prepare
02-06 18:13:44.803 31505  8454 V MediaPlayerNative: message received msg=200, ext1=10973, ext2=0
02-06 18:13:44.803 31505  8454 W MediaPlayerNative: info/warning (10973, 0)
02-06 18:13:44.811 31505  8454 V MediaPlayerNative: message received msg=1, ext1=0, ext2=0
02-06 18:13:44.811 31505  8454 V MediaPlayerNative: MediaPlayer::notify() prepared
02-06 18:13:44.812 31505  8454 V MediaPlayerNative: signal application thread
02-06 18:13:44.812 31505 31505 V MediaPlayerNative: prepare complete - status=0
02-06 18:13:44.826 31505 31505 V MediaPlayerNative: invoke 76
02-06 18:13:44.827 31505 31505 V MediaPlayer-JNI: setLooping: 1
02-06 18:13:44.827 31505 31505 V MediaPlayerNative: MediaPlayer::setLooping
02-06 18:13:44.829 31505 31505 V MediaPlayer-JNI: setVolume: left 0.800000  right 0.800000
02-06 18:13:44.829 31505 31505 V MediaPlayerNative: MediaPlayer::setVolume(0.800000, 0.800000)
02-06 18:13:44.829 31505 31505 V MediaPlayer-JNI: start
02-06 18:13:44.829 31505 31505 V MediaPlayerNative: start
02-06 18:13:44.843 31505 31505 I Choreographer: Skipped 43 frames!  The application may be doing too much work on its main thread.
02-06 18:13:44.882 31505 31505 I SurfaceControl: nativeRelease nativeObject s[-5476376618202809824]
02-06 18:13:44.882 31505 31505 I SurfaceControl: nativeRelease nativeObject e[-5476376618202809824]
02-06 18:13:44.915 31505 31505 I SurfaceControl: assignNativeObject: nativeObject = 0 Surface(name=null)/@0xeffd94 / android.view.SurfaceControl.readFromParcel:1117 android.view.IWindowSession$Stub$Proxy.relayout:1820 android.view.ViewRootImpl.relayoutWindow:9005 android.view.ViewRootImpl.performTraversals:3360 android.view.ViewRootImpl.doTraversal:2618 android.view.ViewRootImpl$TraversalRunnable.run:9971 android.view.Choreographer$CallbackRecord.run:1010 android.view.Choreographer.doCallbacks:809 android.view.Choreographer.doFrame:744 android.view.Choreographer$FrameDisplayEventReceiver.run:995 
02-06 18:13:44.915 31505 31505 I SurfaceControl: nativeRelease nativeObject s[-5476376618309964928]
02-06 18:13:44.915 31505 31505 I SurfaceControl: nativeRelease nativeObject e[-5476376618309964928]
02-06 18:13:44.916 31505 31505 I SurfaceControl: nativeRelease nativeObject s[-5476376619811317664]
02-06 18:13:44.916 31505 31505 I SurfaceControl: nativeRelease nativeObject e[-5476376619811317664]
02-06 18:13:44.916 31505 31505 I ViewRootImpl@9ddb888[LoginActivity]: Relayout returned: old=(0,0,2000,1200) new=(0,0,2000,1200) req=(2000,1200)0 dur=71 res=0x1 s={true -5476376619769638912} ch=false fn=477
02-06 18:13:44.935 31505 31505 V MediaPlayer-JNI: stop
02-06 18:13:44.935 31505 31505 V MediaPlayerNative: stop
02-06 18:13:44.938 31505  8454 V MediaPlayerNative: message received msg=8, ext1=0, ext2=0
02-06 18:13:44.949 31505  4919 I OpenGLRenderer: Davey! duration=811ms; Flags=1, IntendedVsync=800571119270759, Vsync=800571835937397, OldestInputEvent=9223372036854775807, NewestInputEvent=0, HandleInputStart=800571849323561, AnimationStart=800571849327467, PerformTraversalsStart=800571849999707, DrawStart=800571922730696, SyncQueued=800571924036478, SyncStart=800571930786373, IssueDrawCommandsStart=800571931412467, SwapBuffers=800571935762623, FrameCompleted=800571937629134, DequeueBufferDuration=259843, QueueBufferDuration=565625, GpuCompleted=800563353263460, 
02-06 18:13:44.974 31505 31505 V MediaPlayer: resetDrmState:  mDrmInfo=null mDrmProvisioningThread=null mPrepareDrmInProgress=false mActiveDrmScheme=false
02-06 18:13:44.974 31505 31505 V MediaPlayer: cleanDrmObj: mDrmObj=null mDrmSessionId=null
02-06 18:13:44.974 31505 31505 V MediaPlayer-JNI: release
02-06 18:13:44.974 31505 31505 V MediaPlayerNative: setListener
02-06 18:13:44.974 31505 31505 V MediaPlayerNative: disconnect
02-06 18:13:45.073 31505 31505 V MediaPlayerNative: destructor
02-06 18:13:45.074 31505 31505 V MediaPlayerNative: disconnect
02-06 18:13:45.099 31505 31505 W MediaPlayer: mediaplayer went away with unhandled events
02-06 18:13:45.099 31505 31505 W MediaPlayer: mediaplayer went away with unhandled events
02-06 18:13:45.107 31505 31505 W MediaPlayer: mediaplayer went away with unhandled events
02-06 18:13:45.107 31505 31505 I ViewRootImpl@9ddb888[LoginActivity]: stopped(false) old=false
02-06 18:13:45.109 31505 31505 V MediaPlayer-JNI: native_setup
02-06 18:13:45.110 31505 31505 V MediaPlayerNative: constructor
02-06 18:13:45.110 31505 31505 V MediaPlayerNative: setListener
02-06 18:13:45.114 31505 31505 V MediaPlayer-JNI: setVolume: left 1.000000  right 1.000000
02-06 18:13:45.115 31505 31505 V MediaPlayerNative: MediaPlayer::setVolume(1.000000, 1.000000)
02-06 18:13:45.115 31505 31505 V MediaPlayer-JNI: setAuxEffectSendLevel: level 0.000000
02-06 18:13:45.115 31505 31505 V MediaPlayerNative: MediaPlayer::setAuxEffectSendLevel(0.000000)
02-06 18:13:45.115 31505 31505 V MediaPlayer-JNI: setParameter: key 1400
02-06 18:13:45.115 31505 31505 V MediaPlayerNative: MediaPlayer::setParameter(1400)
02-06 18:13:45.115 31505 31505 V MediaPlayer-JNI: set_session_id(): 10017
02-06 18:13:45.115 31505 31505 V MediaPlayerNative: MediaPlayer::setAudioSessionId(10017)
02-06 18:13:45.116 31505 31505 V MediaPlayer-JNI: setDataSourceFD: fd 89
02-06 18:13:45.116 31505 31505 V MediaPlayerNative: setDataSource(89, 80149264, 611808)
02-06 18:13:45.126 31505 31505 V MediaPlayerNative: setVideoSurfaceTexture
02-06 18:13:45.127 31505 31505 V MediaPlayerNative: prepare
02-06 18:13:45.185 31505  8454 V MediaPlayerNative: message received msg=200, ext1=10973, ext2=0
02-06 18:13:45.185 31505  8454 W MediaPlayerNative: info/warning (10973, 0)
02-06 18:13:45.206 31505  8454 V MediaPlayerNative: message received msg=1, ext1=0, ext2=0
02-06 18:13:45.206 31505  8454 V MediaPlayerNative: MediaPlayer::notify() prepared
02-06 18:13:45.206 31505  8454 V MediaPlayerNative: signal application thread
02-06 18:13:45.206 31505 31505 V MediaPlayerNative: prepare complete - status=0
02-06 18:13:45.258 31505 31505 V MediaPlayerNative: invoke 76
02-06 18:13:45.260 31505 31505 V MediaPlayer-JNI: setLooping: 1
02-06 18:13:45.260 31505 31505 V MediaPlayerNative: MediaPlayer::setLooping
02-06 18:13:45.260 31505 31505 V MediaPlayer-JNI: setVolume: left 0.800000  right 0.800000
02-06 18:13:45.260 31505 31505 V MediaPlayerNative: MediaPlayer::setVolume(0.800000, 0.800000)
02-06 18:13:45.261 31505 31505 V MediaPlayer-JNI: start
02-06 18:13:45.261 31505 31505 V MediaPlayerNative: start
02-06 18:13:45.266 31505 31505 V MediaPlayerNative: invoke 76
02-06 18:13:45.386 31505  8454 V MediaPlayerNative: message received msg=6, ext1=0, ext2=0
02-06 18:13:45.398 31505 31505 V MediaPlayer-JNI: stop
02-06 18:13:45.399 31505 31505 V MediaPlayerNative: stop
02-06 18:13:45.399 31505  8454 V MediaPlayerNative: message received msg=8, ext1=0, ext2=0
02-06 18:13:45.400 31505 31505 V MediaPlayer: resetDrmState:  mDrmInfo=null mDrmProvisioningThread=null mPrepareDrmInProgress=false mActiveDrmScheme=false
02-06 18:13:45.400 31505 31505 V MediaPlayer: cleanDrmObj: mDrmObj=null mDrmSessionId=null
02-06 18:13:45.400 31505 31505 V MediaPlayer-JNI: release
02-06 18:13:45.400 31505 31505 V MediaPlayerNative: setListener
02-06 18:13:45.400 31505 31505 V MediaPlayerNative: disconnect
02-06 18:13:45.427 31505 31505 V MediaPlayerNative: destructor
02-06 18:13:45.427 31505 31505 V MediaPlayerNative: disconnect
02-06 18:13:45.494 31505 31505 W MediaPlayer: mediaplayer went away with unhandled events
02-06 18:13:45.498 31505 31505 W MediaPlayer: mediaplayer went away with unhandled events
02-06 18:13:45.730 31505  4564 I .literacy.stor: Waiting for a blocking GC ProfileSaver
02-06 18:13:46.126 31505 31505 I ViewRootImpl@9ddb888[LoginActivity]: stopped(false) old=false
02-06 18:13:46.129 31505 31505 V MediaPlayer-JNI: native_setup
02-06 18:13:46.129 31505 31505 V MediaPlayerNative: constructor
02-06 18:13:46.130 31505 31505 V MediaPlayerNative: setListener
02-06 18:13:46.153 31505 31505 V MediaPlayer-JNI: setVolume: left 1.000000  right 1.000000
02-06 18:13:46.153 31505 31505 V MediaPlayerNative: MediaPlayer::setVolume(1.000000, 1.000000)
02-06 18:13:46.153 31505 31505 V MediaPlayer-JNI: setAuxEffectSendLevel: level 0.000000
02-06 18:13:46.153 31505 31505 V MediaPlayerNative: MediaPlayer::setAuxEffectSendLevel(0.000000)
02-06 18:13:46.153 31505 31505 V MediaPlayer-JNI: setParameter: key 1400
02-06 18:13:46.153 31505 31505 V MediaPlayerNative: MediaPlayer::setParameter(1400)
02-06 18:13:46.154 31505 31505 V MediaPlayer-JNI: set_session_id(): 10033
02-06 18:13:46.154 31505 31505 V MediaPlayerNative: MediaPlayer::setAudioSessionId(10033)
02-06 18:13:46.155 31505 31505 V MediaPlayer-JNI: setDataSourceFD: fd 78
02-06 18:13:46.155 31505 31505 V MediaPlayerNative: setDataSource(78, 80149264, 611808)
02-06 18:13:46.212 31505 31505 V MediaPlayerNative: setVideoSurfaceTexture
02-06 18:13:46.213 31505 31505 V MediaPlayerNative: prepare
02-06 18:13:46.260 31505  8454 V MediaPlayerNative: message received msg=200, ext1=10973, ext2=0
02-06 18:13:46.260 31505  8454 W MediaPlayerNative: info/warning (10973, 0)
02-06 18:13:46.261 31505  8454 V MediaPlayerNative: message received msg=1, ext1=0, ext2=0
02-06 18:13:46.262 31505  8454 V MediaPlayerNative: MediaPlayer::notify() prepared
02-06 18:13:46.262 31505  8454 V MediaPlayerNative: signal application thread
02-06 18:13:46.262 31505 31505 V MediaPlayerNative: prepare complete - status=0
02-06 18:13:46.268 31505 31505 V MediaPlayerNative: invoke 76
02-06 18:13:46.269 31505 31505 V MediaPlayer-JNI: setLooping: 1
02-06 18:13:46.269 31505 31505 V MediaPlayerNative: MediaPlayer::setLooping
02-06 18:13:46.269 31505 31505 V MediaPlayer-JNI: setVolume: left 0.800000  right 0.800000
02-06 18:13:46.269 31505 31505 V MediaPlayerNative: MediaPlayer::setVolume(0.800000, 0.800000)
02-06 18:13:46.269 31505 31505 V MediaPlayer-JNI: start
02-06 18:13:46.269 31505 31505 V MediaPlayerNative: start
02-06 18:13:46.279 31505 31505 V MediaPlayerNative: invoke 76
02-06 18:13:46.622 31505  8454 V MediaPlayerNative: message received msg=6, ext1=0, ext2=0
02-06 18:13:46.722 31505  8454 V MediaPlayerNative: message received msg=211, ext1=0, ext2=0
02-06 18:13:46.722 31505  8454 V MediaPlayerNative: message received msg=211, ext1=0, ext2=0
02-06 18:13:47.035 31505 31505 V MediaPlayer-JNI: stop
02-06 18:13:47.035 31505 31505 V MediaPlayerNative: stop
02-06 18:13:47.036 31505  5082 V MediaPlayerNative: message received msg=8, ext1=0, ext2=0
02-06 18:13:47.037 31505 31505 V MediaPlayer: resetDrmState:  mDrmInfo=null mDrmProvisioningThread=null mPrepareDrmInProgress=false mActiveDrmScheme=false
02-06 18:13:47.037 31505 31505 V MediaPlayer: cleanDrmObj: mDrmObj=null mDrmSessionId=null
02-06 18:13:47.037 31505 31505 V MediaPlayer-JNI: release
02-06 18:13:47.037 31505 31505 V MediaPlayerNative: setListener
02-06 18:13:47.037 31505 31505 V MediaPlayerNative: disconnect
02-06 18:13:47.044 31505  5082 V MediaPlayerNative: message received msg=211, ext1=0, ext2=0
02-06 18:13:47.044 31505  5082 V MediaPlayerNative: notify(211, 0, 0) callback on disconnected mediaplayer
02-06 18:13:47.064 31505 31505 V MediaPlayerNative: destructor
02-06 18:13:47.065 31505 31505 V MediaPlayerNative: disconnect
02-06 18:13:47.084 31505 31505 W MediaPlayer: mediaplayer went away with unhandled events
02-06 18:13:47.084 31505 31505 W MediaPlayer: mediaplayer went away with unhandled events
02-06 18:13:47.206 31505 31505 W MediaPlayer: mediaplayer went away with unhandled events
02-06 18:13:47.210 31505  4554 I .literacy.stor: Background young concurrent copying GC freed 129369(7635KB) AllocSpace objects, 0(0B) LOS objects, 48% free, 8159KB/15MB, paused 381us total 1.714s
02-06 18:13:47.210 31505  4564 I .literacy.stor: WaitForGcToComplete blocked ProfileSaver on HeapTrim for 1.480s
02-06 18:13:47.222 31505 31505 I ViewRootImpl@9ddb888[LoginActivity]: stopped(false) old=false
02-06 18:13:47.227 31505 31505 V MediaPlayer-JNI: native_setup
02-06 18:13:47.228 31505 31505 V MediaPlayerNative: constructor
02-06 18:13:47.230 31505 31505 V MediaPlayerNative: setListener
02-06 18:13:47.236 31505 31505 V MediaPlayer-JNI: setVolume: left 1.000000  right 1.000000
02-06 18:13:47.236 31505 31505 V MediaPlayerNative: MediaPlayer::setVolume(1.000000, 1.000000)
02-06 18:13:47.236 31505 31505 V MediaPlayer-JNI: setAuxEffectSendLevel: level 0.000000
02-06 18:13:47.236 31505 31505 V MediaPlayerNative: MediaPlayer::setAuxEffectSendLevel(0.000000)
02-06 18:13:47.236 31505 31505 V MediaPlayer-JNI: setParameter: key 1400
02-06 18:13:47.236 31505 31505 V MediaPlayerNative: MediaPlayer::setParameter(1400)
02-06 18:13:47.236 31505 31505 V MediaPlayer-JNI: set_session_id(): 10049
02-06 18:13:47.236 31505 31505 V MediaPlayerNative: MediaPlayer::setAudioSessionId(10049)
02-06 18:13:47.238 31505 31505 V MediaPlayer-JNI: setDataSourceFD: fd 93
02-06 18:13:47.238 31505 31505 V MediaPlayerNative: setDataSource(93, 80149264, 611808)
02-06 18:13:47.250 31505 31505 V MediaPlayerNative: setVideoSurfaceTexture
02-06 18:13:47.250 31505 31505 V MediaPlayerNative: prepare
02-06 18:13:47.318 31505  5082 V MediaPlayerNative: message received msg=200, ext1=10973, ext2=0
02-06 18:13:47.318 31505  5082 W MediaPlayerNative: info/warning (10973, 0)
02-06 18:13:47.320 31505  5082 V MediaPlayerNative: message received msg=1, ext1=0, ext2=0
02-06 18:13:47.320 31505  5082 V MediaPlayerNative: MediaPlayer::notify() prepared
02-06 18:13:47.320 31505  5082 V MediaPlayerNative: signal application thread
02-06 18:13:47.320 31505 31505 V MediaPlayerNative: prepare complete - status=0
02-06 18:13:47.325 31505 31505 V MediaPlayerNative: invoke 76
02-06 18:13:47.326 31505 31505 V MediaPlayer-JNI: setLooping: 1
02-06 18:13:47.326 31505 31505 V MediaPlayerNative: MediaPlayer::setLooping
02-06 18:13:47.327 31505 31505 V MediaPlayer-JNI: setVolume: left 0.800000  right 0.800000
02-06 18:13:47.327 31505 31505 V MediaPlayerNative: MediaPlayer::setVolume(0.800000, 0.800000)
02-06 18:13:47.327 31505 31505 V MediaPlayer-JNI: start
02-06 18:13:47.327 31505 31505 V MediaPlayerNative: start
02-06 18:13:47.333 31505 31505 V MediaPlayerNative: invoke 76
02-06 18:13:47.501 31505  5082 V MediaPlayerNative: message received msg=6, ext1=0, ext2=0
02-06 18:13:47.581 31505  5082 V MediaPlayerNative: message received msg=211, ext1=0, ext2=0
02-06 18:13:47.581 31505  5082 V MediaPlayerNative: message received msg=211, ext1=0, ext2=0
02-06 18:13:47.640 31505 31505 V MediaPlayer-JNI: stop
02-06 18:13:47.640 31505 31505 V MediaPlayerNative: stop
02-06 18:13:47.640 31505  8454 V MediaPlayerNative: message received msg=8, ext1=0, ext2=0
02-06 18:13:47.641 31505  8454 V MediaPlayerNative: message received msg=211, ext1=0, ext2=0
02-06 18:13:47.643 31505 31505 V MediaPlayer: resetDrmState:  mDrmInfo=null mDrmProvisioningThread=null mPrepareDrmInProgress=false mActiveDrmScheme=false
02-06 18:13:47.643 31505 31505 V MediaPlayer: cleanDrmObj: mDrmObj=null mDrmSessionId=null
02-06 18:13:47.643 31505 31505 V MediaPlayer-JNI: release
02-06 18:13:47.643 31505 31505 V MediaPlayerNative: setListener
02-06 18:13:47.643 31505 31505 V MediaPlayerNative: disconnect
02-06 18:13:47.659 31505 31505 V MediaPlayerNative: destructor
02-06 18:13:47.659 31505 31505 V MediaPlayerNative: disconnect
02-06 18:13:47.669 31505 31505 W MediaPlayer: mediaplayer went away with unhandled events
02-06 18:13:47.669 31505 31505 W MediaPlayer: mediaplayer went away with unhandled events
02-06 18:13:47.669 31505 31505 W MediaPlayer: mediaplayer went away with unhandled events
02-06 18:13:47.713 31505 31505 W MediaPlayer: mediaplayer went away with unhandled events
02-06 18:13:47.713 31505 31505 W MediaPlayer: mediaplayer went away with unhandled events
02-06 18:13:47.762 31505 31505 I ViewRootImpl@9ddb888[LoginActivity]: stopped(false) old=false
02-06 18:13:47.764 31505 31505 V MediaPlayer-JNI: native_setup
02-06 18:13:47.764 31505 31505 V MediaPlayerNative: constructor
02-06 18:13:47.765 31505 31505 V MediaPlayerNative: setListener
02-06 18:13:47.771 31505 31505 V MediaPlayer-JNI: setVolume: left 1.000000  right 1.000000
02-06 18:13:47.771 31505 31505 V MediaPlayerNative: MediaPlayer::setVolume(1.000000, 1.000000)
02-06 18:13:47.771 31505 31505 V MediaPlayer-JNI: setAuxEffectSendLevel: level 0.000000
02-06 18:13:47.771 31505 31505 V MediaPlayerNative: MediaPlayer::setAuxEffectSendLevel(0.000000)
02-06 18:13:47.771 31505 31505 V MediaPlayer-JNI: setParameter: key 1400
02-06 18:13:47.771 31505 31505 V MediaPlayerNative: MediaPlayer::setParameter(1400)
02-06 18:13:47.771 31505 31505 V MediaPlayer-JNI: set_session_id(): 10065
02-06 18:13:47.771 31505 31505 V MediaPlayerNative: MediaPlayer::setAudioSessionId(10065)
02-06 18:13:47.772 31505 31505 V MediaPlayer-JNI: setDataSourceFD: fd 87
02-06 18:13:47.772 31505 31505 V MediaPlayerNative: setDataSource(87, 80149264, 611808)
02-06 18:13:47.795 31505 31505 V MediaPlayerNative: setVideoSurfaceTexture
02-06 18:13:47.796 31505 31505 V MediaPlayerNative: prepare
02-06 18:13:47.833 31505  8454 V MediaPlayerNative: message received msg=200, ext1=10973, ext2=0
02-06 18:13:47.833 31505  8454 W MediaPlayerNative: info/warning (10973, 0)
02-06 18:13:47.842 31505  8454 V MediaPlayerNative: message received msg=1, ext1=0, ext2=0
02-06 18:13:47.842 31505  8454 V MediaPlayerNative: MediaPlayer::notify() prepared
02-06 18:13:47.842 31505  8454 V MediaPlayerNative: signal application thread
02-06 18:13:47.842 31505 31505 V MediaPlayerNative: prepare complete - status=0
02-06 18:13:47.846 31505 31505 V MediaPlayerNative: invoke 76
02-06 18:13:47.847 31505 31505 V MediaPlayer-JNI: setLooping: 1
02-06 18:13:47.847 31505 31505 V MediaPlayerNative: MediaPlayer::setLooping
02-06 18:13:47.847 31505 31505 V MediaPlayer-JNI: setVolume: left 0.800000  right 0.800000
02-06 18:13:47.847 31505 31505 V MediaPlayerNative: MediaPlayer::setVolume(0.800000, 0.800000)
02-06 18:13:47.847 31505 31505 V MediaPlayer-JNI: start
02-06 18:13:47.847 31505 31505 V MediaPlayerNative: start
02-06 18:13:47.856 31505 31505 D InputMethodManager: prepareNavigationBarInfo() DecorView@cd2569b[LoginActivity]
02-06 18:13:47.856 31505 31505 D InputMethodManager: getNavigationBarColor() -855310
02-06 18:13:47.856 31505 31505 V InputMethodManager: Starting input: tba=com.kyowon.literacy.store ic=null mNaviBarColor -855310 mIsGetNaviBarColorSuccess true , NavVisible : true , NavTrans : false
02-06 18:13:47.856 31505 31505 D InputMethodManager: startInputInner - Id : 0
02-06 18:13:47.856 31505 31505 I InputMethodManager: startInputInner - mService.startInputOrWindowGainedFocus
02-06 18:13:47.858 31505 31505 V MediaPlayerNative: invoke 76
02-06 18:13:47.863 31505 31505 D InputMethodManager: prepareNavigationBarInfo() DecorView@cd2569b[LoginActivity]
02-06 18:13:47.863 31505 31505 D InputMethodManager: getNavigationBarColor() -855310
02-06 18:13:47.863 31505 31505 V InputMethodManager: Starting input: tba=com.kyowon.literacy.store ic=null mNaviBarColor -855310 mIsGetNaviBarColorSuccess true , NavVisible : true , NavTrans : false
02-06 18:13:47.863 31505 31505 D InputMethodManager: startInputInner - Id : 0
02-06 18:13:47.863 31505 31505 I InputMethodManager: startInputInner - mService.startInputOrWindowGainedFocus
02-06 18:13:48.045 31505  8454 V MediaPlayerNative: message received msg=6, ext1=0, ext2=0
02-06 18:13:48.206 31505  8454 V MediaPlayerNative: message received msg=211, ext1=0, ext2=0
02-06 18:13:48.206 31505  8454 V MediaPlayerNative: message received msg=211, ext1=0, ext2=0
02-06 18:13:48.219 31505 31505 V MediaPlayer-JNI: getCurrentPosition: 68 (msec)
02-06 18:13:48.738 31505 31505 V MediaPlayer-JNI: stop
02-06 18:13:48.738 31505 31505 V MediaPlayerNative: stop
02-06 18:13:48.740 31505  8454 V MediaPlayerNative: message received msg=8, ext1=0, ext2=0
02-06 18:13:48.742 31505 31505 V MediaPlayer: resetDrmState:  mDrmInfo=null mDrmProvisioningThread=null mPrepareDrmInProgress=false mActiveDrmScheme=false
02-06 18:13:48.742 31505 31505 V MediaPlayer: cleanDrmObj: mDrmObj=null mDrmSessionId=null
02-06 18:13:48.742 31505 31505 V MediaPlayer-JNI: release
02-06 18:13:48.742 31505 31505 V MediaPlayerNative: setListener
02-06 18:13:48.742 31505 31505 V MediaPlayerNative: disconnect
02-06 18:13:48.742 31505  8454 V MediaPlayerNative: message received msg=211, ext1=0, ext2=0
02-06 18:13:48.742 31505  8454 V MediaPlayerNative: notify(211, 0, 0) callback on disconnected mediaplayer
02-06 18:13:48.762 31505 31505 V MediaPlayerNative: destructor
02-06 18:13:48.773 31505 31505 V MediaPlayerNative: disconnect
02-06 18:13:48.827 31505 31505 W MediaPlayer: mediaplayer went away with unhandled events
02-06 18:13:49.544 31505 31505 I ViewRootImpl@9ddb888[LoginActivity]: MSG_WINDOW_FOCUS_CHANGED 0 1
02-06 18:13:49.655 31505 31505 I ViewRootImpl@9ddb888[LoginActivity]: stopped(false) old=false
02-06 18:13:49.657 31505 31505 V MediaPlayer-JNI: native_setup
02-06 18:13:49.657 31505 31505 V MediaPlayerNative: constructor
02-06 18:13:49.657 31505 31505 V MediaPlayerNative: setListener
02-06 18:13:49.661 31505 31505 V MediaPlayer-JNI: setVolume: left 1.000000  right 1.000000
02-06 18:13:49.661 31505 31505 V MediaPlayerNative: MediaPlayer::setVolume(1.000000, 1.000000)
02-06 18:13:49.661 31505 31505 V MediaPlayer-JNI: setAuxEffectSendLevel: level 0.000000
02-06 18:13:49.661 31505 31505 V MediaPlayerNative: MediaPlayer::setAuxEffectSendLevel(0.000000)
02-06 18:13:49.661 31505 31505 V MediaPlayer-JNI: setParameter: key 1400
02-06 18:13:49.661 31505 31505 V MediaPlayerNative: MediaPlayer::setParameter(1400)
02-06 18:13:49.661 31505 31505 V MediaPlayer-JNI: set_session_id(): 10081
02-06 18:13:49.661 31505 31505 V MediaPlayerNative: MediaPlayer::setAudioSessionId(10081)
02-06 18:13:49.662 31505 31505 V MediaPlayer-JNI: setDataSourceFD: fd 78
02-06 18:13:49.662 31505 31505 V MediaPlayerNative: setDataSource(78, 80149264, 611808)
02-06 18:13:49.685 31505 31505 V MediaPlayerNative: setVideoSurfaceTexture
02-06 18:13:49.685 31505 31505 V MediaPlayerNative: prepare
02-06 18:13:49.758 31505  8454 V MediaPlayerNative: message received msg=200, ext1=10973, ext2=0
02-06 18:13:49.758 31505  8454 W MediaPlayerNative: info/warning (10973, 0)
02-06 18:13:49.759 31505  8454 V MediaPlayerNative: message received msg=1, ext1=0, ext2=0
02-06 18:13:49.760 31505  8454 V MediaPlayerNative: MediaPlayer::notify() prepared
02-06 18:13:49.760 31505  8454 V MediaPlayerNative: signal application thread
02-06 18:13:49.760 31505 31505 V MediaPlayerNative: prepare complete - status=0
02-06 18:13:49.825 31505 31505 V MediaPlayerNative: invoke 76
02-06 18:13:49.825 31505 31505 V MediaPlayer-JNI: setLooping: 1
02-06 18:13:49.825 31505 31505 V MediaPlayerNative: MediaPlayer::setLooping
02-06 18:13:49.826 31505 31505 V MediaPlayer-JNI: setVolume: left 0.800000  right 0.800000
02-06 18:13:49.826 31505 31505 V MediaPlayerNative: MediaPlayer::setVolume(0.800000, 0.800000)
02-06 18:13:49.826 31505 31505 V MediaPlayer-JNI: start
02-06 18:13:49.826 31505 31505 V MediaPlayerNative: start
02-06 18:13:49.856 31505 31505 V MediaPlayerNative: invoke 76
02-06 18:13:49.857 31505 31505 I ViewRootImpl@9ddb888[LoginActivity]: MSG_WINDOW_FOCUS_CHANGED 1 1
02-06 18:13:49.865 31505 31505 D InputMethodManager: prepareNavigationBarInfo() DecorView@cd2569b[LoginActivity]
02-06 18:13:49.865 31505 31505 D InputMethodManager: getNavigationBarColor() -855310
02-06 18:13:49.875 31505 31505 D InputMethodManager: prepareNavigationBarInfo() DecorView@cd2569b[LoginActivity]
02-06 18:13:49.875 31505 31505 D InputMethodManager: getNavigationBarColor() -855310
02-06 18:13:49.875 31505 31505 V InputMethodManager: Starting input: tba=com.kyowon.literacy.store ic=null mNaviBarColor -855310 mIsGetNaviBarColorSuccess true , NavVisible : true , NavTrans : false
02-06 18:13:49.875 31505 31505 D InputMethodManager: startInputInner - Id : 0
02-06 18:13:49.875 31505 31505 I InputMethodManager: startInputInner - mService.startInputOrWindowGainedFocus
02-06 18:13:50.809 31505  8454 V MediaPlayerNative: message received msg=6, ext1=0, ext2=0
