--------- beginning of system
02-06 17:43:15.515 20609 20609 D ActivityThread: handleBindApplication()++ app=com.kyowon.literacy.store
02-06 17:43:15.742 20609 20609 D LoadedApk: LoadedApk::makeApplication() appContext=android.app.ContextImpl@c24dd86 appContext.mOpPackageName=com.kyowon.literacy.store appContext.mBasePackageName=com.kyowon.literacy.store appContext.mPackageInfo=android.app.LoadedApk@2d55647
02-06 17:43:15.892 20609 20609 D ActivityThread: handleBindApplication() -- skipGraphicsSupport=false
02-06 17:43:40.308 20609 20609 E AccessibilityInteractionController: mViewRootImpl is invalid
02-06 17:43:40.308 20609 20609 E AccessibilityInteractionController: mViewRootImpl is invalid
02-06 17:43:41.923 20609 20609 E AccessibilityInteractionController: mViewRootImpl is invalid
--------- beginning of main
02-06 17:44:34.473 20609 20609 I ViewRootImpl@e805f7a[LearningActivity]: ViewPostIme pointer 0
02-06 17:44:34.492 20609 20609 I ViewRootImpl@e805f7a[LearningActivity]: ViewPostIme pointer 1
02-06 17:44:34.499 20609 20609 D DeferrableSurface: surface closed,  useCount=2 closed=true androidx.camera.core.SurfaceRequest$2@8555eb5
02-06 17:44:34.499 20609 20609 D DeferrableSurface: surface closed,  useCount=0 closed=true androidx.camera.core.processing.SurfaceEdge$SettableSurface@79fbf9
02-06 17:44:34.499 20609 20609 D DeferrableSurface: Surface terminated[total_surfaces=2, used_surfaces=2](androidx.camera.core.processing.SurfaceEdge$SettableSurface@79fbf9}
02-06 17:44:34.500 20609 20609 D DeferrableSurface: use count-1,  useCount=1 closed=true androidx.camera.core.SurfaceRequest$2@8555eb5
02-06 17:44:34.500 20609 20609 D DeferrableSurface: surface closed,  useCount=1 closed=true androidx.camera.core.impl.ImmediateSurface@37a1016
02-06 17:44:34.504 20609 25736 D Camera2CameraImpl: {Camera@140c78a[id=1]} Use cases [androidx.camera.core.Preview-a1d12e45-6d90-4011-9149-be4f6c266a02244090196, androidx.camera.core.ImageAnalysis-2a6acaa1-3608-44fc-ac12-ab4e9d85cab491000061] now DETACHED for camera
02-06 17:44:34.504 20609 25736 D UseCaseAttachState: All use case: [] for camera: 1
02-06 17:44:34.504 20609 25736 D Camera2CameraImpl: {Camera@140c78a[id=1]} Resetting Capture Session
02-06 17:44:34.505 20609 25736 D SyncCaptureSessionImpl: [androidx.camera.camera2.internal.SynchronizedCaptureSessionImpl@d2d684d] Session call close()
02-06 17:44:34.505 20609 20609 I Dialog  : mIsSamsungBasicInteraction = false, isMetaDataInActivity = false
02-06 17:44:34.505 20609 25736 D Camera2CameraImpl: {Camera@140c78a[id=1]} Releasing session in state OPENED
02-06 17:44:34.505 20609 25736 D Camera2CameraControlImp: setActive: isActive = false
02-06 17:44:34.505 20609 25736 D UseCaseAttachState: Active and attached use case: [] for camera: 1
02-06 17:44:34.506 20609 25736 D UseCaseAttachState: Active and attached use case: [] for camera: 1
02-06 17:44:34.506 20609 25736 D VideoUsageControl: resetDirectly: mVideoUsage reset!
02-06 17:44:34.507 20609 25736 D Camera2CameraImpl: {Camera@140c78a[id=1]} Closing camera.
02-06 17:44:34.507 20609 25736 D Camera2CameraImpl: {Camera@140c78a[id=1]} Transitioning camera internal state: OPENED --> CLOSING
02-06 17:44:34.507 20609 25736 D CameraStateRegistry: Recalculating open cameras:
02-06 17:44:34.507 20609 25736 D CameraStateRegistry: Camera                                       State                 
02-06 17:44:34.507 20609 25736 D CameraStateRegistry: -------------------------------------------------------------------
02-06 17:44:34.507 20609 25736 D CameraStateRegistry: Camera@6d7c300[id=0]                         UNKNOWN               
02-06 17:44:34.507 20609 25736 D CameraStateRegistry: Camera@140c78a[id=1]                         CLOSING               
02-06 17:44:34.507 20609 25736 D CameraStateRegistry: -------------------------------------------------------------------
02-06 17:44:34.507 20609 25736 D CameraStateRegistry: Open count: 1 (Max allowed: 1)
02-06 17:44:34.507 20609 25736 D CameraStateMachine: New public camera state CameraState{type=CLOSING, error=null} from CLOSING and null
02-06 17:44:34.507 20609 25736 D CameraStateMachine: Publishing new public camera state CameraState{type=CLOSING, error=null}
02-06 17:44:34.508 20609 25736 D Camera2CameraImpl: {Camera@140c78a[id=1]} Resetting Capture Session
02-06 17:44:34.508 20609 25736 D Camera2CameraImpl: {Camera@140c78a[id=1]} Skipping Capture Session state check due to current camera state: CLOSING and previous session status: false
02-06 17:44:34.508 20609 25736 D Camera2CameraImpl: {Camera@140c78a[id=1]} Releasing session in state CLOSING
02-06 17:44:34.508 20609 25736 D SyncCaptureSessionImpl: [androidx.camera.camera2.internal.SynchronizedCaptureSessionImpl@d2d684d] Session call super.close()
02-06 17:44:34.516 20609 25736 D UseCaseAttachState: Active and attached use case: [] for camera: 1
02-06 17:44:34.522 20609 20609 I DecorView: [INFO] isPopOver=false, config=false
02-06 17:44:34.522 20609 20609 I DecorView: updateCaptionType >> DecorView@323c11f[], isFloating=false, isApplication=true, hasWindowDecorCaption=false, hasWindowControllerCallback=false
02-06 17:44:34.522 20609 20609 D DecorView: setCaptionType = 0, this = DecorView@323c11f[]
02-06 17:44:34.533 20609 20609 D AudioTrack: setVolume(0.600000, 0.600000) pid : 20609
02-06 17:44:34.546 20609 25736 D CaptureSession: onSessionFinished()
02-06 17:44:34.546 20609 25736 D Camera2CameraImpl: {Camera@140c78a[id=1]} closing camera
02-06 17:44:34.558 20609 20609 D InputTransport: Input channel constructed: 'fd75a32', fd=249
02-06 17:44:34.565 20609 20609 I ViewRootImpl@a8d267a[LearningActivity]: setView = com.android.internal.policy.DecorView@323c11f TM=true
02-06 17:44:34.566 20609 20609 D InsetsSourceConsumer: setRequestedVisible: visible=false, type=2, host=com.kyowon.literacy.store/com.kyowon.literacy.ui.learning.activity.LearningActivity, from=android.view.InsetsSourceConsumer.hide:236 android.view.InsetsController.collectSourceControls:1172 android.view.InsetsController.controlAnimationUnchecked:1049 android.view.InsetsController.applyAnimation:1417 android.view.InsetsController.hide:984 android.view.InsetsController.hide:967 android.view.PendingInsetsController.hide:60 androidx.core.view.WindowInsetsControllerCompat$Impl30.hide:654 androidx.core.view.WindowInsetsControllerCompat.hide:189 com.kyowon.literacy.utils.SystemUiHelper.hideSystemUI:19 
02-06 17:44:34.566 20609 20609 D InsetsSourceConsumer: setRequestedVisible: visible=false, type=1, host=com.kyowon.literacy.store/com.kyowon.literacy.ui.learning.activity.LearningActivity, from=android.view.InsetsSourceConsumer.hide:236 android.view.InsetsController.collectSourceControls:1172 android.view.InsetsController.controlAnimationUnchecked:1049 android.view.InsetsController.applyAnimation:1417 android.view.InsetsController.hide:984 android.view.InsetsController.hide:967 android.view.PendingInsetsController.hide:60 androidx.core.view.WindowInsetsControllerCompat$Impl30.hide:654 androidx.core.view.WindowInsetsControllerCompat.hide:189 com.kyowon.literacy.utils.SystemUiHelper.hideSystemUI:19 
02-06 17:44:34.567 20609 20609 D InsetsSourceConsumer: setRequestedVisible: visible=false, type=0, host=com.kyowon.literacy.store/com.kyowon.literacy.ui.learning.activity.LearningActivity, from=android.view.InsetsSourceConsumer.hide:236 android.view.InsetsController.collectSourceControls:1172 android.view.InsetsController.controlAnimationUnchecked:1049 android.view.InsetsController.applyAnimation:1417 android.view.InsetsController.hide:984 android.view.InsetsController.hide:967 android.view.PendingInsetsController.hide:60 androidx.core.view.WindowInsetsControllerCompat$Impl30.hide:654 androidx.core.view.WindowInsetsControllerCompat.hide:189 com.kyowon.literacy.utils.SystemUiHelper.hideSystemUI:19 
02-06 17:44:34.607 20609 20609 I SurfaceControl: assignNativeObject: nativeObject = 0 Surface(name=null)/@0x27be1ef / android.view.SurfaceControl.readFromParcel:1117 android.view.IWindowSession$Stub$Proxy.relayout:1820 android.view.ViewRootImpl.relayoutWindow:9005 android.view.ViewRootImpl.performTraversals:3360 android.view.ViewRootImpl.doTraversal:2618 android.view.ViewRootImpl$TraversalRunnable.run:9971 android.view.Choreographer$CallbackRecord.run:1010 android.view.Choreographer.doCallbacks:809 android.view.Choreographer.doFrame:744 android.view.Choreographer$FrameDisplayEventReceiver.run:995 
02-06 17:44:34.608 20609 20609 I ViewRootImpl@a8d267a[LearningActivity]: Relayout returned: old=(0,0,2000,1200) new=(0,968,2000,1200) req=(1933,232)0 dur=24 res=0x7 s={true -5476376619788832768} ch=true fn=-1
02-06 17:44:34.640 20609 20609 V MediaPlayer-JNI: native_setup
02-06 17:44:34.641 20609 20609 V MediaPlayerNative: constructor
02-06 17:44:34.641 20609 20609 V MediaPlayerNative: setListener
02-06 17:44:34.645 20609 20609 V MediaHTTPService: MediaHTTPService(android.media.MediaHTTPService@85cd383): Cookies: null
02-06 17:44:34.659 20609 24667 I CameraManagerGlobal: Camera 1 facing CAMERA_FACING_FRONT state now CAMERA_STATE_IDLE for client com.kyowon.literacy.store API Level 2
02-06 17:44:34.664 20609 20609 V MediaPlayerNative: setVideoSurfaceTexture
02-06 17:44:34.664 20609 20609 V MediaPlayerNative: prepareAsync
02-06 17:44:34.668 20609 20609 D StreamStateObserver: Update Preview stream state to IDLE
02-06 17:44:34.669 20609 24667 V MediaHTTPService: makeHTTPConnection: CookieHandler (java.net.CookieManager@64b7b1) exists.
02-06 17:44:34.669 20609 24667 V MediaHTTPService: makeHTTPConnection(android.media.MediaHTTPService@85cd383): cookieHandler: java.net.CookieManager@64b7b1 Cookies: null
02-06 17:44:34.681 20609 20609 I SurfaceControl: nativeRelease nativeObject s[-5476376618353767392]
02-06 17:44:34.681 20609 20609 I SurfaceControl: nativeRelease nativeObject e[-5476376618353767392]
02-06 17:44:34.682 20609 20609 I SurfaceControl: assignNativeObject: nativeObject = 0 Surface(name=null)/@0x27be1ef / android.view.SurfaceControl.readFromParcel:1117 android.view.IWindowSession$Stub$Proxy.relayout:1820 android.view.ViewRootImpl.relayoutWindow:9005 android.view.ViewRootImpl.performTraversals:3360 android.view.ViewRootImpl.doTraversal:2618 android.view.ViewRootImpl$TraversalRunnable.run:9971 android.view.Choreographer$CallbackRecord.run:1010 android.view.Choreographer.doCallbacks:809 android.view.Choreographer.doFrame:744 android.view.Choreographer$FrameDisplayEventReceiver.run:995 
02-06 17:44:34.683 20609 20609 I ViewRootImpl@a8d267a[LearningActivity]: Relayout returned: old=(0,968,2000,1200) new=(0,968,2000,1200) req=(1933,232)0 dur=12 res=0x1 s={true -5476376619788832768} ch=false fn=2
02-06 17:44:34.689 20609 20609 I SurfaceControl: nativeRelease nativeObject s[-5476376618353767392]
02-06 17:44:34.689 20609 20609 I SurfaceControl: nativeRelease nativeObject e[-5476376618353767392]
02-06 17:44:34.690 20609 20609 I SurfaceControl: nativeRelease nativeObject s[-5476376618353858784]
02-06 17:44:34.690 20609 20609 I SurfaceControl: nativeRelease nativeObject e[-5476376618353858784]
02-06 17:44:34.690 20609 20609 I SurfaceControl: nativeRelease nativeObject s[-5476376618353844544]
02-06 17:44:34.690 20609 20609 I SurfaceControl: nativeRelease nativeObject e[-5476376618353844544]
02-06 17:44:34.690 20609 20609 I SurfaceControl: nativeRelease nativeObject s[-5476376618353844704]
02-06 17:44:34.690 20609 20609 I SurfaceControl: nativeRelease nativeObject e[-5476376618353844704]
02-06 17:44:34.690 20609 20609 I ViewRootImpl@e805f7a[LearningActivity]: MSG_WINDOW_FOCUS_CHANGED 0 1
02-06 17:44:34.691 20609 20609 I ViewRootImpl@a8d267a[LearningActivity]: MSG_WINDOW_FOCUS_CHANGED 1 1
02-06 17:44:34.691 20609 20609 D InputMethodManager: prepareNavigationBarInfo() DecorView@323c11f[LearningActivity]
02-06 17:44:34.691 20609 20609 D InputMethodManager: getNavigationBarColor() -855310
02-06 17:44:34.692 20609 20609 D InputMethodManager: prepareNavigationBarInfo() DecorView@323c11f[LearningActivity]
02-06 17:44:34.692 20609 20609 D InputMethodManager: getNavigationBarColor() -855310
02-06 17:44:34.692 20609 20609 V InputMethodManager: Starting input: tba=com.kyowon.literacy.store ic=null mNaviBarColor -855310 mIsGetNaviBarColorSuccess true , NavVisible : true , NavTrans : false
02-06 17:44:34.692 20609 20609 D InputMethodManager: startInputInner - Id : 0
02-06 17:44:34.692 20609 20609 I InputMethodManager: startInputInner - mService.startInputOrWindowGainedFocus
02-06 17:44:34.704 20609 20609 D InputTransport: Input channel constructed: 'ClientS', fd=252
02-06 17:44:34.705 20609 20609 D InputTransport: Input channel destroyed: 'ClientS', fd=222
02-06 17:44:34.718 20609 24667 I MediaHTTPConnection: setReadTimeout and setConnectTimeout with 8000ms
02-06 17:44:34.718 20609 24667 I System.out: (HTTPLog)-Static: isSBSettingEnabled false
02-06 17:44:34.719 20609 24667 I System.out: (HTTPLog)-Static: isSBSettingEnabled false
02-06 17:44:34.726 20609 20609 I SurfaceControl: nativeRelease nativeObject s[-5476376618353772192]
02-06 17:44:34.726 20609 20609 I SurfaceControl: nativeRelease nativeObject e[-5476376618353772192]
02-06 17:44:34.728 20609 20609 I SurfaceControl: nativeRelease nativeObject s[-5476376618353766912]
02-06 17:44:34.728 20609 20609 I SurfaceControl: nativeRelease nativeObject e[-5476376618353766912]
02-06 17:44:34.729 20609 20609 I SurfaceControl: nativeRelease nativeObject s[-5476376618353767072]
02-06 17:44:34.729 20609 20609 I SurfaceControl: nativeRelease nativeObject e[-5476376618353767072]
02-06 17:44:34.774 20609 24667 I MediaHTTPConnection: response code = 200
02-06 17:44:34.801 20609 25739 V MediaPlayerNative: message received msg=200, ext1=10973, ext2=0
02-06 17:44:34.801 20609 25739 W MediaPlayerNative: info/warning (10973, 0)
02-06 17:44:34.830 20609 24702 V MediaPlayerNative: message received msg=1, ext1=0, ext2=0
02-06 17:44:34.830 20609 24702 V MediaPlayerNative: MediaPlayer::notify() prepared
02-06 17:44:34.833 20609 20609 V MediaPlayerNative: invoke 76
02-06 17:44:34.835 20609 20609 V MediaPlayer-JNI: start
02-06 17:44:34.835 20609 20609 V MediaPlayerNative: start
02-06 17:44:34.901 20609 24667 V MediaPlayerNative: message received msg=3, ext1=100, ext2=0
02-06 17:44:34.901 20609 24667 V MediaPlayerNative: buffering 100
02-06 17:44:34.951 20609 24667 I CameraManagerGlobal: postSingleUpdate device: camera id 1 status STATUS_PRESENT
02-06 17:44:34.952 20609 24667 I CameraManagerGlobal: postSingleUpdate device: camera id 1 status STATUS_PRESENT
02-06 17:44:34.952 20609 24667 I CameraManagerGlobal: Camera 1 facing CAMERA_FACING_FRONT state now CAMERA_STATE_CLOSED for client com.kyowon.literacy.store API Level 2
02-06 17:44:34.960 20609 24667 V MediaPlayerNative: message received msg=6, ext1=0, ext2=0
02-06 17:44:34.960 20609 25287 W .literacy.stor: Long monitor contention with owner CameraX-core_camera_0 (25736) at void android.hardware.camera2.impl.CameraDeviceImpl.close()(CameraDeviceImpl.java:1334) waiters=0 in void android.hardware.camera2.impl.CameraDeviceImpl$CameraDeviceCallbacks.onResultReceived(android.hardware.camera2.impl.CameraMetadataNative, android.hardware.camera2.impl.CaptureResultExtras, android.hardware.camera2.impl.PhysicalCaptureResultInfo[]) for 411ms
02-06 17:44:34.961 20609 20609 V MediaPlayer-JNI: getCurrentPosition: 13 (msec)
02-06 17:44:34.961 20609 24667 V MediaPlayerNative: message received msg=211, ext1=0, ext2=0
02-06 17:44:34.964 20609 25736 D DeferrableSurface: use count-1,  useCount=0 closed=true androidx.camera.core.SurfaceRequest$2@8555eb5
02-06 17:44:34.964 20609 25736 D DeferrableSurface: Surface no longer in use[total_surfaces=2, used_surfaces=1](androidx.camera.core.SurfaceRequest$2@8555eb5}
02-06 17:44:34.965 20609 25736 D DeferrableSurface: Surface terminated[total_surfaces=1, used_surfaces=1](androidx.camera.core.SurfaceRequest$2@8555eb5}
02-06 17:44:34.965 20609 25736 D DeferrableSurface: use count-1,  useCount=0 closed=true androidx.camera.core.impl.ImmediateSurface@37a1016
02-06 17:44:34.966 20609 25736 D DeferrableSurface: Surface no longer in use[total_surfaces=1, used_surfaces=0](androidx.camera.core.impl.ImmediateSurface@37a1016}
02-06 17:44:34.966 20609 25736 D DeferrableSurface: Surface terminated[total_surfaces=0, used_surfaces=0](androidx.camera.core.impl.ImmediateSurface@37a1016}
02-06 17:44:34.966 20609 25736 D Camera2CameraImpl: {Camera@140c78a[id=1]} CameraDevice.onClosed()
02-06 17:44:34.967 20609 25736 D Camera2CameraImpl: {Camera@140c78a[id=1]} Transitioning camera internal state: CLOSING --> INITIALIZED
02-06 17:44:34.968 20609 20609 D SurfaceViewImpl: Safe to release surface.
02-06 17:44:34.973 20609 25736 D CameraStateRegistry: Recalculating open cameras:
02-06 17:44:34.973 20609 25736 D CameraStateRegistry: Camera                                       State                 
02-06 17:44:34.973 20609 25736 D CameraStateRegistry: -------------------------------------------------------------------
02-06 17:44:34.973 20609 25736 D CameraStateRegistry: Camera@6d7c300[id=0]                         UNKNOWN               
02-06 17:44:34.973 20609 25736 D CameraStateRegistry: Camera@140c78a[id=1]                         CLOSED                
02-06 17:44:34.973 20609 25736 D CameraStateRegistry: -------------------------------------------------------------------
02-06 17:44:34.973 20609 25736 D CameraStateRegistry: Open count: 0 (Max allowed: 1)
02-06 17:44:34.973 20609 25736 D CameraStateMachine: New public camera state CameraState{type=CLOSED, error=null} from CLOSED and null
02-06 17:44:34.974 20609 25736 D CameraStateMachine: Publishing new public camera state CameraState{type=CLOSED, error=null}
02-06 17:44:34.974 20609 25736 D SyncCaptureSessionImpl: [androidx.camera.camera2.internal.SynchronizedCaptureSessionImpl@d2d684d] onClosed()
02-06 17:44:35.040 20609 25938 V MediaPlayerNative: message received msg=211, ext1=0, ext2=0
02-06 17:44:35.040 20609 25938 V MediaPlayerNative: message received msg=211, ext1=0, ext2=0
02-06 17:44:35.040 20609 25938 V MediaPlayerNative: message received msg=211, ext1=0, ext2=0
02-06 17:44:36.198 20609 20609 I ViewRootImpl@a8d267a[LearningActivity]: ViewPostIme pointer 0
02-06 17:44:36.215 20609 20609 I ViewRootImpl@a8d267a[LearningActivity]: ViewPostIme pointer 1
02-06 17:44:36.228 20609 20609 I ViewRootImpl@a8d267a[LearningActivity]: dispatchDetachedFromWindow
02-06 17:44:36.228 20609 20609 I SurfaceControl: nativeRelease nativeObject s[-5476376618353762112]
02-06 17:44:36.228 20609 20609 I SurfaceControl: nativeRelease nativeObject e[-5476376618353762112]
02-06 17:44:36.250 20609 20609 D InputTransport: Input channel destroyed: 'fd75a32', fd=249
02-06 17:44:36.255 20609 20609 V MediaPlayer-JNI: stop
02-06 17:44:36.255 20609 20609 V MediaPlayerNative: stop
02-06 17:44:36.257 20609 20609 V MediaPlayer: resetDrmState:  mDrmInfo=null mDrmProvisioningThread=null mPrepareDrmInProgress=false mActiveDrmScheme=false
02-06 17:44:36.257 20609 20609 V MediaPlayer: cleanDrmObj: mDrmObj=null mDrmSessionId=null
02-06 17:44:36.257 20609 20609 V MediaPlayer-JNI: release
02-06 17:44:36.257 20609 20609 V MediaPlayerNative: setListener
02-06 17:44:36.257 20609 20609 V MediaPlayerNative: disconnect
02-06 17:44:36.260 20609 25938 V MediaPlayerNative: message received msg=8, ext1=0, ext2=0
02-06 17:44:36.260 20609 25938 V MediaPlayerNative: notify(8, 0, 0) callback on disconnected mediaplayer
02-06 17:44:36.260 20609 24623 V MediaPlayerNative: message received msg=211, ext1=0, ext2=0
02-06 17:44:36.260 20609 24623 V MediaPlayerNative: notify(211, 0, 0) callback on disconnected mediaplayer
02-06 17:44:36.268 20609 20609 V MediaPlayerNative: destructor
02-06 17:44:36.268 20609 20609 V MediaPlayerNative: disconnect
02-06 17:44:36.279 20609 20609 I SurfaceControl: nativeRelease nativeObject s[-5476376620296905376]
02-06 17:44:36.279 20609 20609 I SurfaceControl: nativeRelease nativeObject e[-5476376620296905376]
02-06 17:44:36.279 20609 20609 I SurfaceControl: nativeRelease nativeObject s[-5476376618353772032]
02-06 17:44:36.279 20609 20609 I SurfaceControl: nativeRelease nativeObject e[-5476376618353772032]
02-06 17:44:36.283 20609 20609 I SurfaceControl: nativeRelease nativeObject s[-5476376620296905216]
02-06 17:44:36.283 20609 20609 I SurfaceControl: nativeRelease nativeObject e[-5476376620296905216]
02-06 17:44:36.300 20609 25730 D TransportRuntime.SQLiteEventStore: Storing event with priority=DEFAULT, name=FIREBASE_ML_SDK for destination cct
02-06 17:44:36.304 20609 25730 D TransportRuntime.JobInfoScheduler: Upload for context TransportContext(cct, DEFAULT, MSRodHRwczovL2ZpcmViYXNlbG9nZ2luZy5nb29nbGVhcGlzLmNvbS92MGNjL2xvZy9iYXRjaD9mb3JtYXQ9anNvbl9wcm90bzNc) is already scheduled. Returning...
02-06 17:44:36.306 20609 20609 D DynamicRangeResolver: Resolved dynamic range for use case androidx.camera.core.Preview-01f605ba-20e1-4025-b8f6-d241eaecaee0 to no compatible HDR dynamic ranges.
02-06 17:44:36.306 20609 20609 D DynamicRangeResolver: DynamicRange@51dc619{encoding=UNSPECIFIED, bitDepth=0}
02-06 17:44:36.306 20609 20609 D DynamicRangeResolver: ->
02-06 17:44:36.306 20609 20609 D DynamicRangeResolver: DynamicRange@c20c160{encoding=SDR, bitDepth=8}
02-06 17:44:36.310 20609 20609 D CameraQuirks: camera2 CameraQuirks = AfRegionFlipHorizontallyQuirk
02-06 17:44:36.311 20609 20609 D CameraQuirks: camera2 CameraQuirks = AfRegionFlipHorizontallyQuirk
02-06 17:44:36.315 20609 20609 D DeferrableSurface: Surface created[total_surfaces=1, used_surfaces=0](androidx.camera.core.processing.SurfaceEdge$SettableSurface@e024f63}
02-06 17:44:36.317 20609 20609 D DeferrableSurface: Surface created[total_surfaces=2, used_surfaces=0](androidx.camera.core.SurfaceRequest$2@407ebf}
02-06 17:44:36.319 20609 20609 D DeferrableSurface: New surface in use[total_surfaces=2, used_surfaces=1](androidx.camera.core.SurfaceRequest$2@407ebf}
02-06 17:44:36.319 20609 20609 D DeferrableSurface: use count+1, useCount=1 androidx.camera.core.SurfaceRequest$2@407ebf
02-06 17:44:36.327 20609 20609 D DeferrableSurface: Surface created[total_surfaces=3, used_surfaces=1](androidx.camera.core.impl.ImmediateSurface@bcd8278}
02-06 17:44:36.330 20609 25745 D Camera2CameraImpl: {Camera@140c78a[id=1]} Use case androidx.camera.core.Preview-01f605ba-20e1-4025-b8f6-d241eaecaee07577031 ACTIVE
02-06 17:44:36.330 20609 25745 D UseCaseAttachState: Active and attached use case: [] for camera: 1
02-06 17:44:36.331 20609 20609 D PreviewView: Surface requested by Preview.
02-06 17:44:36.332 20609 25745 D Camera2CameraImpl: {Camera@140c78a[id=1]} Use case androidx.camera.core.ImageAnalysis-0bae5c73-7d74-4b88-a4d0-d3abb02f5d0a171376628 ACTIVE
02-06 17:44:36.333 20609 20609 I ViewRootImpl@e805f7a[LearningActivity]: MSG_WINDOW_FOCUS_CHANGED 1 1
02-06 17:44:36.333 20609 20609 D InputMethodManager: prepareNavigationBarInfo() DecorView@487a3c0[LearningActivity]
02-06 17:44:36.333 20609 20609 D InputMethodManager: getNavigationBarColor() -855310
02-06 17:44:36.333 20609 25745 D UseCaseAttachState: Active and attached use case: [] for camera: 1
02-06 17:44:36.335 20609 25745 D Camera2CameraImpl: {Camera@140c78a[id=1]} Use cases [androidx.camera.core.Preview-01f605ba-20e1-4025-b8f6-d241eaecaee07577031, androidx.camera.core.ImageAnalysis-0bae5c73-7d74-4b88-a4d0-d3abb02f5d0a171376628] now ATTACHED
02-06 17:44:36.335 20609 25745 D Camera2CameraControlImp: setActive: isActive = true
02-06 17:44:36.335 20609 20609 D InputMethodManager: prepareNavigationBarInfo() DecorView@487a3c0[LearningActivity]
02-06 17:44:36.335 20609 20609 D InputMethodManager: getNavigationBarColor() -855310
02-06 17:44:36.335 20609 20609 V InputMethodManager: Starting input: tba=com.kyowon.literacy.store ic=null mNaviBarColor -855310 mIsGetNaviBarColorSuccess true , NavVisible : true , NavTrans : false
02-06 17:44:36.335 20609 20609 D InputMethodManager: startInputInner - Id : 0
02-06 17:44:36.335 20609 20609 I InputMethodManager: startInputInner - mService.startInputOrWindowGainedFocus
02-06 17:44:36.337 20609 25745 D UseCaseAttachState: All use case: [androidx.camera.core.Preview-01f605ba-20e1-4025-b8f6-d241eaecaee07577031, androidx.camera.core.ImageAnalysis-0bae5c73-7d74-4b88-a4d0-d3abb02f5d0a171376628] for camera: 1
02-06 17:44:36.339 20609 25745 D UseCaseAttachState: Active and attached use case: [androidx.camera.core.Preview-01f605ba-20e1-4025-b8f6-d241eaecaee07577031, androidx.camera.core.ImageAnalysis-0bae5c73-7d74-4b88-a4d0-d3abb02f5d0a171376628] for camera: 1
02-06 17:44:36.339 20609 20609 D InputTransport: Input channel constructed: 'ClientS', fd=209
02-06 17:44:36.340 20609 20609 D InputTransport: Input channel destroyed: 'ClientS', fd=252
02-06 17:44:36.340 20609 20609 D PreviewView: Preview transformation info updated. TransformationInfo{getCropRect=Rect(0, 0 - 1600, 1200), getRotationDegrees=0, getTargetRotation=-1, hasCameraTransform=true, getSensorToBufferTransform=Matrix{[0.61728394, 0.0, -0.0][0.0, 0.61728394, -0.0][0.0, 0.0, 1.0]}, isMirroring=true}
02-06 17:44:36.340 20609 20609 D PreviewTransform: Transformation info set: TransformationInfo{getCropRect=Rect(0, 0 - 1600, 1200), getRotationDegrees=0, getTargetRotation=-1, hasCameraTransform=true, getSensorToBufferTransform=Matrix{[0.61728394, 0.0, -0.0][0.0, 0.61728394, -0.0][0.0, 0.0, 1.0]}, isMirroring=true} 1600x1200 true
02-06 17:44:36.344 20609 20609 D SurfaceViewImpl: Request canceled: androidx.camera.core.SurfaceRequest@ae32aec
02-06 17:44:36.344 20609 20609 D SurfaceViewImpl: Surface set on Preview.
02-06 17:44:36.345 20609 25745 D Camera2CameraImpl: {Camera@140c78a[id=1]} Resetting Capture Session
02-06 17:44:36.354 20609 25745 D Camera2CameraImpl: {Camera@140c78a[id=1]} Skipping Capture Session state check due to current camera state: INITIALIZED and previous session status: false
02-06 17:44:36.355 20609 25745 D Camera2CameraImpl: {Camera@140c78a[id=1]} Releasing session in state INITIALIZED
02-06 17:44:36.356 20609 25745 D Camera2CameraImpl: {Camera@140c78a[id=1]} Attempting to force open the camera.
02-06 17:44:36.357 20609 25745 D CameraStateRegistry: tryOpenCamera(Camera@140c78a[id=1]) [Available Cameras: 1, Already Open: false (Previous state: CLOSED)] --> SUCCESS
02-06 17:44:36.360 20609 25745 D CameraStateRegistry: Recalculating open cameras:
02-06 17:44:36.360 20609 25745 D CameraStateRegistry: Camera                                       State                 
02-06 17:44:36.360 20609 25745 D CameraStateRegistry: -------------------------------------------------------------------
02-06 17:44:36.360 20609 25745 D CameraStateRegistry: Camera@6d7c300[id=0]                         UNKNOWN               
02-06 17:44:36.360 20609 25745 D CameraStateRegistry: Camera@140c78a[id=1]                         OPENING               
02-06 17:44:36.360 20609 25745 D CameraStateRegistry: -------------------------------------------------------------------
02-06 17:44:36.360 20609 25745 D CameraStateRegistry: Open count: 1 (Max allowed: 1)
02-06 17:44:36.364 20609 25745 D Camera2CameraImpl: {Camera@140c78a[id=1]} Opening camera.
02-06 17:44:36.366 20609 25745 D Camera2CameraImpl: {Camera@140c78a[id=1]} Transitioning camera internal state: INITIALIZED --> OPENING
02-06 17:44:36.366 20609 25745 D CameraStateMachine: New public camera state CameraState{type=OPENING, error=null} from OPENING and null
02-06 17:44:36.367 20609 20609 I SurfaceControl: nativeRelease nativeObject s[-5476376620296897696]
02-06 17:44:36.367 20609 20609 I SurfaceControl: nativeRelease nativeObject e[-5476376620296897696]
02-06 17:44:36.368 20609 25745 D CameraStateMachine: Publishing new public camera state CameraState{type=OPENING, error=null}
02-06 17:44:36.369 20609 25745 D UseCaseAttachState: All use case: [androidx.camera.core.Preview-01f605ba-20e1-4025-b8f6-d241eaecaee07577031, androidx.camera.core.ImageAnalysis-0bae5c73-7d74-4b88-a4d0-d3abb02f5d0a171376628] for camera: 1
02-06 17:44:36.382 20609 20609 I SurfaceControl: nativeRelease nativeObject s[-5476376618353772672]
02-06 17:44:36.382 20609 20609 I SurfaceControl: nativeRelease nativeObject e[-5476376618353772672]
02-06 17:44:36.382 20609 20609 I SurfaceControl: nativeRelease nativeObject s[-5476376618353773632]
02-06 17:44:36.382 20609 20609 I SurfaceControl: nativeRelease nativeObject e[-5476376618353773632]
02-06 17:44:36.399 20609 25287 I CameraManagerGlobal: postSingleUpdate device: camera id 1 status STATUS_NOT_AVAILABLE
02-06 17:44:36.400 20609 25287 I CameraManagerGlobal: postSingleUpdate device: camera id 1 status STATUS_NOT_AVAILABLE
02-06 17:44:36.404 20609 25287 I CameraManagerGlobal: Camera 1 facing CAMERA_FACING_FRONT state now CAMERA_STATE_OPEN for client com.kyowon.literacy.store API Level 2
02-06 17:44:36.474 20609 25745 D Camera2CameraImpl: {Camera@140c78a[id=1]} Use case androidx.camera.core.Preview-01f605ba-20e1-4025-b8f6-d241eaecaee07577031 ACTIVE
02-06 17:44:36.476 20609 25745 D UseCaseAttachState: Active and attached use case: [androidx.camera.core.Preview-01f605ba-20e1-4025-b8f6-d241eaecaee07577031, androidx.camera.core.ImageAnalysis-0bae5c73-7d74-4b88-a4d0-d3abb02f5d0a171376628] for camera: 1
02-06 17:44:36.478 20609 25745 D Camera2CameraImpl: {Camera@140c78a[id=1]} Use case androidx.camera.core.ImageAnalysis-0bae5c73-7d74-4b88-a4d0-d3abb02f5d0a171376628 ACTIVE
02-06 17:44:36.479 20609 25745 D UseCaseAttachState: Active and attached use case: [androidx.camera.core.Preview-01f605ba-20e1-4025-b8f6-d241eaecaee07577031, androidx.camera.core.ImageAnalysis-0bae5c73-7d74-4b88-a4d0-d3abb02f5d0a171376628] for camera: 1
02-06 17:44:36.492 20609 25745 D Camera2CameraImpl: {Camera@140c78a[id=1]} CameraDevice.onOpened()
02-06 17:44:36.492 20609 25745 D Camera2CameraImpl: {Camera@140c78a[id=1]} Transitioning camera internal state: OPENING --> OPENED
02-06 17:44:36.493 20609 25745 D CameraStateRegistry: Recalculating open cameras:
02-06 17:44:36.493 20609 25745 D CameraStateRegistry: Camera                                       State                 
02-06 17:44:36.493 20609 25745 D CameraStateRegistry: -------------------------------------------------------------------
02-06 17:44:36.493 20609 25745 D CameraStateRegistry: Camera@6d7c300[id=0]                         UNKNOWN               
02-06 17:44:36.493 20609 25745 D CameraStateRegistry: Camera@140c78a[id=1]                         OPEN                  
02-06 17:44:36.493 20609 25745 D CameraStateRegistry: -------------------------------------------------------------------
02-06 17:44:36.493 20609 25745 D CameraStateRegistry: Open count: 1 (Max allowed: 1)
02-06 17:44:36.493 20609 25745 D CameraStateMachine: New public camera state CameraState{type=OPEN, error=null} from OPEN and null
02-06 17:44:36.493 20609 25745 D CameraStateMachine: Publishing new public camera state CameraState{type=OPEN, error=null}
02-06 17:44:36.494 20609 25745 D UseCaseAttachState: All use case: [androidx.camera.core.Preview-01f605ba-20e1-4025-b8f6-d241eaecaee07577031, androidx.camera.core.ImageAnalysis-0bae5c73-7d74-4b88-a4d0-d3abb02f5d0a171376628] for camera: 1
02-06 17:44:36.496 20609 25745 D UseCaseAttachState: Active and attached use case: [androidx.camera.core.Preview-01f605ba-20e1-4025-b8f6-d241eaecaee07577031, androidx.camera.core.ImageAnalysis-0bae5c73-7d74-4b88-a4d0-d3abb02f5d0a171376628] for camera: 1
02-06 17:44:36.497 20609 25745 D SyncCaptureSessionBase: [androidx.camera.camera2.internal.SynchronizedCaptureSessionImpl@f19423e] getSurface done with results: [Surface(name=null)/@0x90b6c3e, Surface(name=null)/@0x40bb2f9]
02-06 17:44:36.498 20609 25745 D CaptureSession: Opening capture session.
02-06 17:44:36.499 20609 25745 D Camera2CaptureRequestBuilder: template type = 1
02-06 17:44:36.501 20609 25745 D SyncCaptureSessionImpl: [androidx.camera.camera2.internal.SynchronizedCaptureSessionImpl@f19423e] start openCaptureSession
02-06 17:44:36.501 20609 25745 D DeferrableSurface: use count+1, useCount=2 androidx.camera.core.SurfaceRequest$2@407ebf
02-06 17:44:36.501 20609 25745 D DeferrableSurface: New surface in use[total_surfaces=3, used_surfaces=2](androidx.camera.core.impl.ImmediateSurface@bcd8278}
02-06 17:44:36.501 20609 25745 D DeferrableSurface: use count+1, useCount=1 androidx.camera.core.impl.ImmediateSurface@bcd8278
02-06 17:44:36.709 20609 25745 D SyncCaptureSessionImpl: [androidx.camera.camera2.internal.SynchronizedCaptureSessionImpl@f19423e] Session onConfigured()
02-06 17:44:36.709 20609 25745 D CaptureSession: Attempting to send capture request onConfigured
02-06 17:44:36.709 20609 25745 D CaptureSession: Issuing request for session.
02-06 17:44:36.710 20609 25745 D Camera2CaptureRequestBuilder: createCaptureRequest
02-06 17:44:36.715 20609 25745 D CaptureSession: CameraCaptureSession.onConfigured() mState=OPENED
02-06 17:44:36.716 20609 25745 D CaptureSession: CameraCaptureSession.onReady() OPENED
02-06 17:44:36.856 20609 25287 I CameraManagerGlobal: Camera 1 facing CAMERA_FACING_FRONT state now CAMERA_STATE_ACTIVE for client com.kyowon.literacy.store API Level 2
02-06 17:44:36.923 20609 25745 D StreamStateObserver: Update Preview stream state to STREAMING
02-06 17:44:40.522 20609 20609 I ViewRootImpl@e805f7a[LearningActivity]: ViewPostIme pointer 0
02-06 17:44:40.535 20609 20609 I ViewRootImpl@e805f7a[LearningActivity]: ViewPostIme pointer 1
02-06 17:44:40.538 20609 20609 D DeferrableSurface: surface closed,  useCount=2 closed=true androidx.camera.core.SurfaceRequest$2@407ebf
02-06 17:44:40.538 20609 20609 D DeferrableSurface: surface closed,  useCount=0 closed=true androidx.camera.core.processing.SurfaceEdge$SettableSurface@e024f63
02-06 17:44:40.538 20609 20609 D DeferrableSurface: Surface terminated[total_surfaces=2, used_surfaces=2](androidx.camera.core.processing.SurfaceEdge$SettableSurface@e024f63}
02-06 17:44:40.538 20609 20609 D DeferrableSurface: use count-1,  useCount=1 closed=true androidx.camera.core.SurfaceRequest$2@407ebf
02-06 17:44:40.539 20609 20609 D DeferrableSurface: surface closed,  useCount=1 closed=true androidx.camera.core.impl.ImmediateSurface@bcd8278
02-06 17:44:40.542 20609 20609 I Dialog  : mIsSamsungBasicInteraction = false, isMetaDataInActivity = false
02-06 17:44:40.542 20609 25736 D Camera2CameraImpl: {Camera@140c78a[id=1]} Use cases [androidx.camera.core.Preview-01f605ba-20e1-4025-b8f6-d241eaecaee07577031, androidx.camera.core.ImageAnalysis-0bae5c73-7d74-4b88-a4d0-d3abb02f5d0a171376628] now DETACHED for camera
02-06 17:44:40.542 20609 25736 D UseCaseAttachState: All use case: [] for camera: 1
02-06 17:44:40.543 20609 25736 D Camera2CameraImpl: {Camera@140c78a[id=1]} Resetting Capture Session
02-06 17:44:40.545 20609 25736 D SyncCaptureSessionImpl: [androidx.camera.camera2.internal.SynchronizedCaptureSessionImpl@f19423e] Session call close()
02-06 17:44:40.550 20609 20609 I DecorView: [INFO] isPopOver=false, config=false
02-06 17:44:40.550 20609 20609 I DecorView: updateCaptionType >> DecorView@f6cc55[], isFloating=false, isApplication=true, hasWindowDecorCaption=false, hasWindowControllerCallback=false
02-06 17:44:40.550 20609 20609 D DecorView: setCaptionType = 0, this = DecorView@f6cc55[]
02-06 17:44:40.550 20609 25736 D Camera2CameraImpl: {Camera@140c78a[id=1]} Releasing session in state OPENED
02-06 17:44:40.557 20609 25736 D Camera2CameraControlImp: setActive: isActive = false
02-06 17:44:40.558 20609 25736 D UseCaseAttachState: Active and attached use case: [] for camera: 1
02-06 17:44:40.560 20609 25736 D UseCaseAttachState: Active and attached use case: [] for camera: 1
02-06 17:44:40.562 20609 25736 D VideoUsageControl: resetDirectly: mVideoUsage reset!
02-06 17:44:40.563 20609 25736 D Camera2CameraImpl: {Camera@140c78a[id=1]} Closing camera.
02-06 17:44:40.570 20609 20609 D AudioTrack: setVolume(0.600000, 0.600000) pid : 20609
02-06 17:44:40.584 20609 25736 D Camera2CameraImpl: {Camera@140c78a[id=1]} Transitioning camera internal state: OPENED --> CLOSING
02-06 17:44:40.585 20609 25736 D CameraStateRegistry: Recalculating open cameras:
02-06 17:44:40.585 20609 25736 D CameraStateRegistry: Camera                                       State                 
02-06 17:44:40.585 20609 25736 D CameraStateRegistry: -------------------------------------------------------------------
02-06 17:44:40.585 20609 25736 D CameraStateRegistry: Camera@6d7c300[id=0]                         UNKNOWN               
02-06 17:44:40.585 20609 25736 D CameraStateRegistry: Camera@140c78a[id=1]                         CLOSING               
02-06 17:44:40.585 20609 25736 D CameraStateRegistry: -------------------------------------------------------------------
02-06 17:44:40.585 20609 25736 D CameraStateRegistry: Open count: 1 (Max allowed: 1)
02-06 17:44:40.585 20609 25736 D CameraStateMachine: New public camera state CameraState{type=CLOSING, error=null} from CLOSING and null
02-06 17:44:40.585 20609 25736 D CameraStateMachine: Publishing new public camera state CameraState{type=CLOSING, error=null}
02-06 17:44:40.586 20609 25736 D Camera2CameraImpl: {Camera@140c78a[id=1]} Resetting Capture Session
02-06 17:44:40.586 20609 20609 D InputTransport: Input channel constructed: '8067117', fd=222
02-06 17:44:40.586 20609 25736 D Camera2CameraImpl: {Camera@140c78a[id=1]} Skipping Capture Session state check due to current camera state: CLOSING and previous session status: false
02-06 17:44:40.587 20609 25736 D Camera2CameraImpl: {Camera@140c78a[id=1]} Releasing session in state CLOSING
02-06 17:44:40.587 20609 25736 D SyncCaptureSessionImpl: [androidx.camera.camera2.internal.SynchronizedCaptureSessionImpl@f19423e] Session call super.close()
02-06 17:44:40.589 20609 20609 I ViewRootImpl@3987d4b[LearningActivity]: setView = com.android.internal.policy.DecorView@f6cc55 TM=true
02-06 17:44:40.589 20609 20609 D InsetsSourceConsumer: setRequestedVisible: visible=false, type=2, host=com.kyowon.literacy.store/com.kyowon.literacy.ui.learning.activity.LearningActivity, from=android.view.InsetsSourceConsumer.hide:236 android.view.InsetsController.collectSourceControls:1172 android.view.InsetsController.controlAnimationUnchecked:1049 android.view.InsetsController.applyAnimation:1417 android.view.InsetsController.hide:984 android.view.InsetsController.hide:967 android.view.PendingInsetsController.hide:60 androidx.core.view.WindowInsetsControllerCompat$Impl30.hide:654 androidx.core.view.WindowInsetsControllerCompat.hide:189 com.kyowon.literacy.utils.SystemUiHelper.hideSystemUI:19 
02-06 17:44:40.589 20609 20609 D InsetsSourceConsumer: setRequestedVisible: visible=false, type=1, host=com.kyowon.literacy.store/com.kyowon.literacy.ui.learning.activity.LearningActivity, from=android.view.InsetsSourceConsumer.hide:236 android.view.InsetsController.collectSourceControls:1172 android.view.InsetsController.controlAnimationUnchecked:1049 android.view.InsetsController.applyAnimation:1417 android.view.InsetsController.hide:984 android.view.InsetsController.hide:967 android.view.PendingInsetsController.hide:60 androidx.core.view.WindowInsetsControllerCompat$Impl30.hide:654 androidx.core.view.WindowInsetsControllerCompat.hide:189 com.kyowon.literacy.utils.SystemUiHelper.hideSystemUI:19 
02-06 17:44:40.590 20609 20609 D InsetsSourceConsumer: setRequestedVisible: visible=false, type=0, host=com.kyowon.literacy.store/com.kyowon.literacy.ui.learning.activity.LearningActivity, from=android.view.InsetsSourceConsumer.hide:236 android.view.InsetsController.collectSourceControls:1172 android.view.InsetsController.controlAnimationUnchecked:1049 android.view.InsetsController.applyAnimation:1417 android.view.InsetsController.hide:984 android.view.InsetsController.hide:967 android.view.PendingInsetsController.hide:60 androidx.core.view.WindowInsetsControllerCompat$Impl30.hide:654 androidx.core.view.WindowInsetsControllerCompat.hide:189 com.kyowon.literacy.utils.SystemUiHelper.hideSystemUI:19 
02-06 17:44:40.599 20609 25736 D UseCaseAttachState: Active and attached use case: [] for camera: 1
02-06 17:44:40.601 20609 25736 D CaptureSession: onSessionFinished()
02-06 17:44:40.616 20609 25736 D Camera2CameraImpl: {Camera@140c78a[id=1]} closing camera
02-06 17:44:40.622 20609 20609 I SurfaceControl: assignNativeObject: nativeObject = 0 Surface(name=null)/@0xaefb9a5 / android.view.SurfaceControl.readFromParcel:1117 android.view.IWindowSession$Stub$Proxy.relayout:1820 android.view.ViewRootImpl.relayoutWindow:9005 android.view.ViewRootImpl.performTraversals:3360 android.view.ViewRootImpl.doTraversal:2618 android.view.ViewRootImpl$TraversalRunnable.run:9971 android.view.Choreographer$CallbackRecord.run:1010 android.view.Choreographer.doCallbacks:809 android.view.Choreographer.doFrame:744 android.view.Choreographer$FrameDisplayEventReceiver.run:995 
02-06 17:44:40.623 20609 20609 I ViewRootImpl@3987d4b[LearningActivity]: Relayout returned: old=(0,0,2000,1200) new=(0,968,2000,1200) req=(1933,232)0 dur=25 res=0x7 s={true -5476376619789316096} ch=true fn=-1
02-06 17:44:40.644 20609 20609 V MediaPlayer-JNI: native_setup
02-06 17:44:40.645 20609 20609 V MediaPlayerNative: constructor
02-06 17:44:40.645 20609 20609 V MediaPlayerNative: setListener
02-06 17:44:40.648 20609 20609 V MediaHTTPService: MediaHTTPService(android.media.MediaHTTPService@83d3d59): Cookies: null
02-06 17:44:40.666 20609 20609 V MediaPlayerNative: setVideoSurfaceTexture
02-06 17:44:40.667 20609 20609 V MediaPlayerNative: prepareAsync
02-06 17:44:40.669 20609 25938 V MediaHTTPService: makeHTTPConnection: CookieHandler (java.net.CookieManager@64b7b1) exists.
02-06 17:44:40.669 20609 25938 V MediaHTTPService: makeHTTPConnection(android.media.MediaHTTPService@83d3d59): cookieHandler: java.net.CookieManager@64b7b1 Cookies: null
02-06 17:44:40.685 20609 20609 I SurfaceControl: nativeRelease nativeObject s[-5476376620287557888]
02-06 17:44:40.685 20609 20609 I SurfaceControl: nativeRelease nativeObject e[-5476376620287557888]
02-06 17:44:40.686 20609 20609 I SurfaceControl: assignNativeObject: nativeObject = 0 Surface(name=null)/@0xaefb9a5 / android.view.SurfaceControl.readFromParcel:1117 android.view.IWindowSession$Stub$Proxy.relayout:1820 android.view.ViewRootImpl.relayoutWindow:9005 android.view.ViewRootImpl.performTraversals:3360 android.view.ViewRootImpl.doTraversal:2618 android.view.ViewRootImpl$TraversalRunnable.run:9971 android.view.Choreographer$CallbackRecord.run:1010 android.view.Choreographer.doCallbacks:809 android.view.Choreographer.doFrame:744 android.view.Choreographer$FrameDisplayEventReceiver.run:995 
02-06 17:44:40.688 20609 20609 I ViewRootImpl@3987d4b[LearningActivity]: Relayout returned: old=(0,968,2000,1200) new=(0,968,2000,1200) req=(1933,232)0 dur=15 res=0x1 s={true -5476376619789316096} ch=false fn=2
02-06 17:44:40.693 20609 20609 I SurfaceControl: nativeRelease nativeObject s[-5476376618202112896]
02-06 17:44:40.693 20609 20609 I SurfaceControl: nativeRelease nativeObject e[-5476376618202112896]
02-06 17:44:40.693 20609 20609 I SurfaceControl: nativeRelease nativeObject s[-5476376618202113216]
02-06 17:44:40.693 20609 20609 I SurfaceControl: nativeRelease nativeObject e[-5476376618202113216]
02-06 17:44:40.693 20609 20609 I SurfaceControl: nativeRelease nativeObject s[-5476376618202113376]
02-06 17:44:40.693 20609 20609 I SurfaceControl: nativeRelease nativeObject e[-5476376618202113376]
02-06 17:44:40.694 20609 20609 I SurfaceControl: nativeRelease nativeObject s[-5476376620287557888]
02-06 17:44:40.694 20609 20609 I SurfaceControl: nativeRelease nativeObject e[-5476376620287557888]
02-06 17:44:40.694 20609 20609 I ViewRootImpl@e805f7a[LearningActivity]: MSG_WINDOW_FOCUS_CHANGED 0 1
02-06 17:44:40.695 20609 20609 D StreamStateObserver: Update Preview stream state to IDLE
02-06 17:44:40.697 20609 25938 I MediaHTTPConnection: setReadTimeout and setConnectTimeout with 8000ms
02-06 17:44:40.697 20609 25938 I System.out: (HTTPLog)-Static: isSBSettingEnabled false
02-06 17:44:40.697 20609 25938 I System.out: (HTTPLog)-Static: isSBSettingEnabled false
02-06 17:44:40.719 20609 24623 I CameraManagerGlobal: Camera 1 facing CAMERA_FACING_FRONT state now CAMERA_STATE_IDLE for client com.kyowon.literacy.store API Level 2
02-06 17:44:40.724 20609 20609 I ViewRootImpl@3987d4b[LearningActivity]: MSG_WINDOW_FOCUS_CHANGED 1 1
02-06 17:44:40.724 20609 20609 D InputMethodManager: prepareNavigationBarInfo() DecorView@f6cc55[LearningActivity]
02-06 17:44:40.724 20609 20609 D InputMethodManager: getNavigationBarColor() -855310
02-06 17:44:40.724 20609 20609 D InputMethodManager: prepareNavigationBarInfo() DecorView@f6cc55[LearningActivity]
02-06 17:44:40.724 20609 20609 D InputMethodManager: getNavigationBarColor() -855310
02-06 17:44:40.724 20609 20609 V InputMethodManager: Starting input: tba=com.kyowon.literacy.store ic=null mNaviBarColor -855310 mIsGetNaviBarColorSuccess true , NavVisible : true , NavTrans : false
02-06 17:44:40.724 20609 20609 D InputMethodManager: startInputInner - Id : 0
02-06 17:44:40.724 20609 20609 I InputMethodManager: startInputInner - mService.startInputOrWindowGainedFocus
02-06 17:44:40.729 20609 20609 D InputTransport: Input channel constructed: 'ClientS', fd=251
02-06 17:44:40.730 20609 20609 D InputTransport: Input channel destroyed: 'ClientS', fd=209
02-06 17:44:40.742 20609 25938 I MediaHTTPConnection: response code = 200
02-06 17:44:40.749 20609 20609 I SurfaceControl: nativeRelease nativeObject s[-5476376620292583456]
02-06 17:44:40.750 20609 20609 I SurfaceControl: nativeRelease nativeObject e[-5476376620292583456]
02-06 17:44:40.750 20609 20609 I SurfaceControl: nativeRelease nativeObject s[-5476376620292585056]
02-06 17:44:40.750 20609 20609 I SurfaceControl: nativeRelease nativeObject e[-5476376620292585056]
02-06 17:44:40.754 20609 20609 I SurfaceControl: nativeRelease nativeObject s[-5476376620292577376]
02-06 17:44:40.754 20609 20609 I SurfaceControl: nativeRelease nativeObject e[-5476376620292577376]
02-06 17:44:40.791 20609 25938 V MediaPlayerNative: message received msg=200, ext1=10973, ext2=0
02-06 17:44:40.791 20609 25938 W MediaPlayerNative: info/warning (10973, 0)
02-06 17:44:40.845 20609 25938 V MediaPlayerNative: message received msg=1, ext1=0, ext2=0
02-06 17:44:40.845 20609 25938 V MediaPlayerNative: MediaPlayer::notify() prepared
02-06 17:44:40.850 20609 20609 V MediaPlayerNative: invoke 76
02-06 17:44:40.851 20609 20609 V MediaPlayer-JNI: start
02-06 17:44:40.851 20609 20609 V MediaPlayerNative: start
02-06 17:44:40.889 20609 25938 V MediaPlayerNative: message received msg=3, ext1=100, ext2=0
02-06 17:44:40.889 20609 25938 V MediaPlayerNative: buffering 100
02-06 17:44:40.959 20609 25938 V MediaPlayerNative: message received msg=6, ext1=0, ext2=0
02-06 17:44:40.960 20609 20609 V MediaPlayer-JNI: getCurrentPosition: 0 (msec)
02-06 17:44:41.031 20609 25938 I CameraManagerGlobal: postSingleUpdate device: camera id 1 status STATUS_PRESENT
02-06 17:44:41.031 20609 25938 I CameraManagerGlobal: postSingleUpdate device: camera id 1 status STATUS_PRESENT
02-06 17:44:41.033 20609 25938 I CameraManagerGlobal: Camera 1 facing CAMERA_FACING_FRONT state now CAMERA_STATE_CLOSED for client com.kyowon.literacy.store API Level 2
02-06 17:44:41.039 20609 25287 W .literacy.stor: Long monitor contention with owner CameraX-core_camera_0 (25736) at void android.hardware.camera2.impl.CameraDeviceImpl.close()(CameraDeviceImpl.java:1334) waiters=0 in void android.hardware.camera2.impl.CameraDeviceImpl$CameraDeviceCallbacks.onCaptureStarted(android.hardware.camera2.impl.CaptureResultExtras, long) for 410ms
02-06 17:44:41.046 20609 25736 D DeferrableSurface: use count-1,  useCount=0 closed=true androidx.camera.core.SurfaceRequest$2@407ebf
02-06 17:44:41.047 20609 25736 D DeferrableSurface: Surface no longer in use[total_surfaces=2, used_surfaces=1](androidx.camera.core.SurfaceRequest$2@407ebf}
02-06 17:44:41.047 20609 25736 D DeferrableSurface: Surface terminated[total_surfaces=1, used_surfaces=1](androidx.camera.core.SurfaceRequest$2@407ebf}
02-06 17:44:41.048 20609 25736 D DeferrableSurface: use count-1,  useCount=0 closed=true androidx.camera.core.impl.ImmediateSurface@bcd8278
02-06 17:44:41.048 20609 25736 D DeferrableSurface: Surface no longer in use[total_surfaces=1, used_surfaces=0](androidx.camera.core.impl.ImmediateSurface@bcd8278}
02-06 17:44:41.049 20609 20609 D SurfaceViewImpl: Safe to release surface.
02-06 17:44:41.049 20609 25736 D DeferrableSurface: Surface terminated[total_surfaces=0, used_surfaces=0](androidx.camera.core.impl.ImmediateSurface@bcd8278}
02-06 17:44:41.050 20609 25736 D Camera2CameraImpl: {Camera@140c78a[id=1]} CameraDevice.onClosed()
02-06 17:44:41.051 20609 25736 D Camera2CameraImpl: {Camera@140c78a[id=1]} Transitioning camera internal state: CLOSING --> INITIALIZED
02-06 17:44:41.052 20609 25736 D CameraStateRegistry: Recalculating open cameras:
02-06 17:44:41.052 20609 25736 D CameraStateRegistry: Camera                                       State                 
02-06 17:44:41.052 20609 25736 D CameraStateRegistry: -------------------------------------------------------------------
02-06 17:44:41.052 20609 25736 D CameraStateRegistry: Camera@6d7c300[id=0]                         UNKNOWN               
02-06 17:44:41.052 20609 25736 D CameraStateRegistry: Camera@140c78a[id=1]                         CLOSED                
02-06 17:44:41.052 20609 25736 D CameraStateRegistry: -------------------------------------------------------------------
02-06 17:44:41.052 20609 25736 D CameraStateRegistry: Open count: 0 (Max allowed: 1)
02-06 17:44:41.053 20609 25287 V MediaPlayerNative: message received msg=211, ext1=0, ext2=0
02-06 17:44:41.053 20609 25736 D CameraStateMachine: New public camera state CameraState{type=CLOSED, error=null} from CLOSED and null
02-06 17:44:41.053 20609 25736 D CameraStateMachine: Publishing new public camera state CameraState{type=CLOSED, error=null}
02-06 17:44:41.053 20609 25287 V MediaPlayerNative: message received msg=211, ext1=0, ext2=0
