02-06 18:14:15.212  2588 11248 D CCodecBuffers: [c2.sec.mp3.decoder#351:1D-Output.Impl[N]] Client returned a buffer it does not own according to our record: 0
02-06 18:14:15.212  2588 11248 D CCodecBuffers: [c2.sec.mp3.decoder#351:1D-Output.Impl[N]] Client returned a buffer it does not own according to our record: 1
02-06 18:14:15.212  2588 11248 D CCodecBuffers: [c2.sec.mp3.decoder#351:1D-Output.Impl[N]] Client returned a buffer it does not own according to our record: 2
02-06 18:14:15.213  2588 11230 V NuPlayer: decoder audio flush completed
02-06 18:14:15.213  2588 11230 V NuPlayer: initiating audio decoder shutdown
02-06 18:14:15.213  2588 11248 I CCodec  : state->set(RELEASING)
02-06 18:14:15.214  2588 11334 I CCodec  : [c2.sec.mp3.decoder] release(1)
02-06 18:14:15.215  2588 11334 I CCodec  : state->set(RELEASED)
02-06 18:14:15.217  2588 11248 I MediaCodec: Codec shutdown complete
02-06 18:14:15.218  2588 11247 I NuPlayerDecoder: onShutdown notifyComplete : Yes
02-06 18:14:15.218  1093  1608 I hw-BpHwBinder: onLastStrongRef automatically unlinking death recipients
02-06 18:14:15.218  2588 11230 V NuPlayer: audio shutdown completed
02-06 18:14:15.220  2588 11230 V NuPlayer: both audio and video are flushed now.
02-06 18:14:15.220  2588 11230 V NuPlayer: performReset
02-06 18:14:15.220  2588 11230 V NuPlayer: updatePlaybackTimer(stop)  time                    0 (performReset)
02-06 18:14:15.220  2588 11230 V NuPlayer: updateRebufferingTimer(stop)  time                    0 (exiting 1)
02-06 18:14:15.220  2588 11334 I hw-BpHwBinder: onLastStrongRef automatically unlinking death recipients
02-06 18:14:15.222  2588 11230 D NuPlayerDriver: notifyResetComplete(0xf756f380)
02-06 18:14:15.223  2588 26811 V NuPlayerDriver: ~NuPlayerDriver(0xf756f380)
02-06 18:14:15.224  1093  1608 I C2SecMp3Dec: in DestroyCodec2Factory
02-06 18:14:15.224  2588 26811 V NuPlayerDriver: updateMetrics(0xf756f380) from destructor at state 0
02-06 18:14:15.224  2588 26811 V NuPlayer: updateInternalTimers()
02-06 18:14:15.224  2588 26811 V NuPlayer: updatePlaybackTimer(snap)  time                    0 (updateInternalTimers)
02-06 18:14:15.224  2588 26811 V NuPlayer: updateRebufferingTimer(snap)  time                    0 (exiting 0)
02-06 18:14:15.224  2588 26811 V NuPlayerDriver: logMetrics(0xf756f380) from destructor at state 0
02-06 18:14:15.224  2588 26811 V NuPlayerDriver: nothing to record (only 3 fields)
02-06 18:14:15.224  2588 26811 W AMessage: failed to post message as target looper for handler 0 is gone.
02-06 18:14:15.226 31505 31505 V MediaPlayerNative: destructor
02-06 18:14:15.226 31505 31505 V MediaPlayerNative: disconnect
02-06 18:14:15.231  3012  3081 I SemDvfsHyPerManager: acquire hyper - APP_LAUNCH/3012@19, type = -999
02-06 18:14:15.233  2588 26811 V MediaPlayerService: Client(393) destructor pid = 31505
02-06 18:14:15.233  2588 26811 V AudioSink: +++ close
02-06 18:14:15.233  2588 26811 V AudioSink: --- close
02-06 18:14:15.234  2594  2614 I HYPER-HAL: [RequestManager.cpp]acquire(): Acquired ID : 4595015  [3012 / 19]    HINT : APP_LAUNCH    list : 
02-06 18:14:15.234  2594  2614 I HYPER-HAL: [ResourceManager.cpp]updateResource(): [CPULittleMinFreq] UpdateResource Request ID : 4595015    Value : 1804800
02-06 18:14:15.236  2588 26811 E AudioSystem: invalid attributes { Content type: AUDIO_CONTENT_TYPE_UNKNOWN Usage: AUDIO_USAGE_UNKNOWN Source: -1 Flags: 0x800 Tags:  } when converting to stream
02-06 18:14:15.237  2594  2614 E HYPER-HAL: [HandlerSysfs.cpp]doResourceHandling(): Couldn't Open Sysfs - /sys/class/scsi_host/host0/../../../clkscale_enable
02-06 18:14:15.238  2588 26811 V MediaPlayerService: disconnect(393) from pid 31505
02-06 18:14:15.238  2594  2614 I HYPER-HAL: [ResourceManager.cpp]updateResource(): [CPUMinFreq] UpdateResource Request ID : 4595015    Value : 2016000
02-06 18:14:15.241  3012  3934 I ActivityTaskManager: START u0 {flg=0x10000000 cmp=com.netease.open.pocoservice/.TestActivity} from uid 2000
02-06 18:14:15.244  3012  3934 D ActivityTaskManager: TaskLaunchParamsModifier:task=null activity=ActivityRecord{97732ad u0 com.netease.open.pocoservice/.TestActivity task-display-area=DefaultTaskDisplayArea@168164836 display-area-windowing-mode=1
02-06 18:14:15.244  3012  3934 D ActivityTaskManager: TaskLaunchParamsModifier:task=Task{42e2339 #3711 visible=false type=standard mode=fullscreen translucent=true A=10499:com.netease.open.pocoservice U=0 StackId=3711 sz=1} activity=ActivityRecord{97732ad u0 com.netease.open.pocoservice/.TestActivity t-1} display-from-task=0 task-display-area=DefaultTaskDisplayArea@168164836 display-area-windowing-mode=1 non-freeform-display maximized-bounds
02-06 18:14:15.254  3012  3029 D MARsPolicyManager: onPackageResumedFG pkgName = com.netease.open.pocoservice, userId = 0
02-06 18:14:15.255  3012  3029 V WindowManager: Prepare app transition: transit=TRANSIT_TASK_OPEN mNextAppTransition=TRANSIT_TASK_OPEN alwaysKeepCurrent=false displayId=0 Callers=com.android.server.wm.DisplayContent.prepareAppTransition:5809 com.android.server.wm.DisplayContent.prepareAppTransition:5803 com.android.server.wm.ActivityStack.resumeTopActivityInnerLocked:2255 com.android.server.wm.ActivityStack.resumeTopActivityUncheckedLocked:1873 com.android.server.wm.RootWindowContainer.resumeFocusedStacksTopActivities:2677 
02-06 18:14:15.256  3012  3029 V WindowManager: rotationForOrientation(orient=SCREEN_ORIENTATION_LANDSCAPE (0), last=ROTATION_90 (1)); user=ROTATION_0 (0) 
02-06 18:14:15.256  3012  3029 D WindowManager: rotationForOrientation, orientationSource=ActivityRecord{23798b2 u0 com.kyowon.literacy.store/com.kyowon.literacy.ui.login.activity.LoginActivity t3648}
02-06 18:14:15.256  3012  3029 V WindowOrientationListener: getProposedRotation: 1
02-06 18:14:15.265  3012  3029 V WindowManager: Computed rotation=ROTATION_90 (1) for display id=0 based on lastOrientation=SCREEN_ORIENTATION_LANDSCAPE (0) and oldRotation=ROTATION_90 (1), caller=com.android.server.wm.DisplayRotation.updateOrientation:394 com.android.server.wm.DisplayContent.updateOrientation:1698 com.android.server.wm.DisplayContent.updateOrientation:1626 com.android.server.wm.RootWindowContainer.ensureVisibilityAndConfig:2164 com.android.server.wm.ActivityStackSupervisor.realStartActivityLocked:926 com.android.server.wm.ActivityStackSupervisor.startSpecificActivity:1241 
02-06 18:14:15.266  3012  3029 D TspStateManager: updateCustomValue customSetting=
02-06 18:14:15.266  3012  3029 D TspStateManager: updateCustomValue customSetting=
02-06 18:14:15.269  3012  3029 D PkgDataHelper: notifyAppCreate(), pkgName: com.netease.open.pocoservice, sendRet: true
02-06 18:14:15.269  3012  3220 D GameManagerService: onLooperPrepared(), msg: MSG_APP_CREATE, pkgName: com.netease.open.pocoservice
02-06 18:14:15.270  3012  3029 D InputDispatcher: Focused application set to (0): f31df00
02-06 18:14:15.272  3012  3029 V WindowManager: Changing focus from Window{9cfd3d3 u0 com.kyowon.literacy.store/com.kyowon.literacy.ui.login.activity.LoginActivity} to null displayId=0 Callers=com.android.server.wm.RootWindowContainer.updateFocusedWindowLocked:566 com.android.server.wm.WindowManagerService.updateFocusedWindowLocked:6311 com.android.server.wm.DisplayContent.setFocusedApp:6776 com.android.server.wm.ActivityTaskManagerService.setResumedActivityUncheckLocked:6725 
02-06 18:14:15.273  3012  3029 D StatusBarManagerService: notifyRequestedSystemKey recent=false home=false
02-06 18:14:15.273  3012  3029 D GameManagerService: TaskStackListener.onTaskFocusChanged(), taskId=3711, focused=true
02-06 18:14:15.275  3012  3220 D GameManagerService: onLooperPrepared(), msg: MSG_TASK_FOCUSED, focusedComponent: ComponentInfo{com.netease.open.pocoservice/com.netease.open.pocoservice.TestActivity}
02-06 18:14:15.275  3012  3220 D GameManagerService: handleTaskFocused().
02-06 18:14:15.275  3012  3220 D GameManagerService: sendFocusOutConditionally() - mPrevNotiPackage: (unknown)
02-06 18:14:15.275  3012  3220 D GameManagerService:   handleTaskFocused(), pkgName: com.netease.open.pocoservice, clsName: com.netease.open.pocoservice.TestActivity, userID:0
02-06 18:14:15.275  3012  3220 D GameManagerService: handleResume().
02-06 18:14:15.276  3012  3220 D GameManagerService: sendFocusOutConditionally() - mPrevNotiPackage: (unknown)
02-06 18:14:15.276  3012  3220 D GameManagerService:   handleResume(). pkgName: com.netease.open.pocoservice, isTunableApp: null
02-06 18:14:15.276  3012  3220 D GameManagerService: notifyFocusInOut(). of pkg: com.netease.open.pocoservice, type: 4, isMinimized: false, isTunableApp: false
02-06 18:14:15.276  3012  3220 D GameManagerService:   notifyFocusInOut(). unexpected mPrevNotiType: -1
02-06 18:14:15.276  3012  3220 D GameManagerService:NetworkLimit: callRelease
02-06 18:14:15.276  3012  3220 D GM:SystemHelper: callReleaseBlock needReleaseBlock:false
02-06 18:14:15.276  3012  3029 D MARsPolicyManager: onPackageResumedFG pkgName = com.netease.open.pocoservice, userId = 0
02-06 18:14:15.277  3012  3029 W WindowManager: Execute app transition: mNextAppTransition=TRANSIT_TASK_OPEN, displayId: 0 Callers=com.android.server.wm.RootWindowContainer.executeAppTransitionForAllDisplay:2598 com.android.server.wm.ActivityStackSupervisor.reportResumedActivityLocked:2267 com.android.server.wm.ActivityRecord.completeResumeLocked:5710 com.android.server.wm.ActivityStack.minimalResumeActivityLocked:1225 com.android.server.wm.ActivityStackSupervisor.realStartActivityLocked:1154 
02-06 18:14:15.293  3012  3094 V ActivityManager: Changed top to 10499,ProcessRecord{d900fef 11302:com.netease.open.pocoservice/u0a499}
02-06 18:14:15.302  3012  3061 I ActivityManager: Changes in 10499 4 to 2, 6 to 7 Caller=com.android.server.am.OomAdjuster.updateOomAdjLocked:399 com.android.server.am.OomAdjuster.updateOomAdjLocked:446 com.android.server.am.ActivityManagerService.updateOomAdjLocked:21491 com.android.server.am.ProcessRecord.updateProcessInfo:1618 com.android.server.am.ProcessRecord.onStartActivity:1650 com.android.server.wm.-$$Lambda$VY87MmFWaCLMkNa2qHGaPrThyrI.accept:27 com.android.internal.util.function.pooled.PooledLambdaImpl.doInvoke:324 
02-06 18:14:15.302  3012  3061 I AppOps  : updateUidProcState uid: 10499 procState: 2 capability:7
02-06 18:14:15.303  3012  3061 I AppOps  : commitUidPendingStateLocked() :: UID - 10499, 400 > 200, 6 > 7
02-06 18:14:15.302  8119  8691 I FASProvider: makeValuesForFasUpdate contentValues = package_name=com.netease.open.pocoservice extras=0 reason=deleted_from_mars_auto disableReason=deleted_from_mars_auto uid=10499 mode=0 level=1 resetTime=0
02-06 18:14:15.308  3012  3061 D GameManagerService: notePauseComponent(), received paused-component: com.kyowon.literacy.store
02-06 18:14:15.309  3012  3323 D PkgPredictorService: com.netease.open.pocoservice go to foreground!
02-06 18:14:15.309  3012  3323 E PkgPredictorService-Collector: record changed bt=1  wifi=1 screen=1
02-06 18:14:15.309  3012  3323 D PkgPredictorService: previous pkgs: com.netease.open.pocoservice,com.netease.open.pocoservice,com.netease.open.pocoservice running pkg: com.netease.open.pocoservice, uid: 0 is system: false
02-06 18:14:15.310  3012  3323 D PkgPredictorService-Collector: save record...
02-06 18:14:15.310  3012  3323 D PkgPredictorService-Collector:  (hour:18 day:6 previous:[com.netease.open.pocoservice, com.netease.open.pocoservice, com.netease.open.pocoservice] activityName:unknown running:com.netease.open.pocoservice userId:0 screenOrientation:1 wifi:1 bt:1 predictTime:1 apkVersion:1.0.0.68 consumeTime:-1 preloaded:false>)
02-06 18:14:15.310  3012  3323 D PkgPredictorService-NapPreloadController: User using: com.netease.open.pocoservice
02-06 18:14:15.310  3012  3323 I PkgPredictorService-NapClassifier: RF predict version:0
02-06 18:14:15.311  3012  3323 D PkgPredictorService-NapClassifier: Predict result: 86.0,2.0,0.0, - [0_&_com.kyowon.literacy.store, 0_&_kr.co.kyowon.launcher, 0_&_com.android.vending]
02-06 18:14:15.315 31505 31505 W MediaPlayer: mediaplayer went away with unhandled events
02-06 18:14:15.315 31505 31505 W MediaPlayer: mediaplayer went away with unhandled events
02-06 18:14:15.317  2589  2631 E Netd    : getNetworkForDns: getNetId from enterpriseCtrl is netid 0
02-06 18:14:15.318  3012  3059 D SehCodecSolutionService: Update top [com.netease.open.pocoservice]
02-06 18:14:15.320  2589  2631 E Netd    : getNetworkForDns: getNetId from enterpriseCtrl is netid 0
02-06 18:14:15.324  7990  7990 E adbd    : failed to connect to socket 'tcp:10080': Connection refused
02-06 18:14:15.325  2586 20376 D DlbDap2Process: setParam(preg = #1[-2080])
02-06 18:14:15.328  2586  2703 I HiddenSound: unregisterSession : session=10385
02-06 18:14:15.329  3012  3571 I system_server: oneway function results will be dropped but finished with status OK and parcel size 4
02-06 18:14:15.330  2586  2703 I AudioPolicyEffectException: clearEffectReference_l after clear size 0
02-06 18:14:15.330  2583 12579 W MySpaceEffect: MySpaceEffect_setEnabled() MySpace is already disabled
02-06 18:14:15.331  2583 12579 D MySpaceEffect: EffectRelease : All effects are no longer instantiated
02-06 18:14:15.331  2583 12579 D MySpace : MySpace::Close 
02-06 18:14:15.331  2583 12579 D MySpaceEffect: MySpaceEffect::~MySpaceEffect 
02-06 18:14:15.331  2583 12579 D MySpace : MySpace::~MySpace() -
02-06 18:14:15.332  2586  2703 V APM_AudioPolicyManager: stopOutput portId 906
02-06 18:14:15.332  2586  2703 V APM_AudioPolicyManager: stopOutput() output 53, stream 3, session 10385
02-06 18:14:15.332  2586  2703 V APM_AudioPolicyManager: setBeaconMute(1) mBeaconMuteRefCount=0 mBeaconPlayingRefCount=0
02-06 18:14:15.332  2586  2703 V APM_AudioPolicyManager: getNewOutputDevices selected devices AUDIO_DEVICE_NONE
02-06 18:14:15.332  2586  2703 V APM_AudioPolicyManager: setOutputDevices device AUDIO_DEVICE_NONE delayMs 170
02-06 18:14:15.332  2586  2703 V APM_AudioPolicyManager: setOutputDevices() prevDevice {type:0x8000,@:0}
02-06 18:14:15.333  2586  2703 V APM_AudioPolicyManager: setOutputDevices setting same device AUDIO_DEVICE_NONE or null device, force=0, patch handle=392
02-06 18:14:15.333  2586  2703 W APM::AudioPolicyEngine: getDevicesForStrategy() unknown strategy: -1
02-06 18:14:15.333  2586  2703 W APM::AudioPolicyEngine: getDevicesForStrategy() unknown strategy: -1
02-06 18:14:15.334  2586  2703 V APM_AudioPolicyManager: selectOutputForMusicEffects selected output 53
02-06 18:14:15.334  2586  2703 V APM_AudioPolicyManager: releaseOutput portId 906
02-06 18:14:15.334  2586  2703 V APM_AudioPolicyManager: releaseOutput() 53
02-06 18:14:15.354  3012  3029 I InputDispatcher: Focus left window (31505): 9cfd3d3 in display 0 0
02-06 18:14:15.364 11302 11302 W pen.pocoservic: Accessing hidden method Landroid/app/Instrumentation;->execStartActivity(Landroid/content/Context;Landroid/os/IBinder;Landroid/os/IBinder;Landroid/app/Activity;Landroid/content/Intent;ILandroid/os/Bundle;)Landroid/app/Instrumentation$ActivityResult; (greylist, linking, allowed)
02-06 18:14:15.365 11302 11302 W pen.pocoservic: Accessing hidden method Landroid/app/Instrumentation;->execStartActivity(Landroid/content/Context;Landroid/os/IBinder;Landroid/os/IBinder;Ljava/lang/String;Landroid/content/Intent;ILandroid/os/Bundle;)Landroid/app/Instrumentation$ActivityResult; (greylist, linking, allowed)
02-06 18:14:15.380  3012  3061 D EnterpriseDeviceManagerService: isMdmAdminPresentInternal() : MDM Admin Found - com.sec.enterprise.knox.cloudmdm.smdms
02-06 18:14:15.389 11302 11302 D LoadedApk: LoadedApk::makeApplication() appContext=android.app.ContextImpl@c24dd86 appContext.mOpPackageName=com.netease.open.pocoservice appContext.mBasePackageName=com.netease.open.pocoservice appContext.mPackageInfo=android.app.LoadedApk@2d55647
02-06 18:14:15.389 11302 11302 D NetworkSecurityConfig: No Network Security Config specified, using platform default
02-06 18:14:15.389  3012  3061 D SemGameManager: getGMSBinder(), begin
02-06 18:14:15.391  3012  3061 D SemGameManager: getGMSBinder(), successful: true
02-06 18:14:15.391  3012  3061 D SemGameManager: isAvailable(), ret=true
02-06 18:14:15.391  3012  3061 D SemGameManager: isGamePackage(), pkgName=com.netease.open.pocoservice
02-06 18:14:15.391  3012  3061 D SemGameManager: getGMSBinder(), begin
02-06 18:14:15.392  3012  3061 D SemGameManager: getGMSBinder(), successful: true
02-06 18:14:15.392  3012  3061 D GameManagerService: identifyGamePackage. com.netease.open.pocoservice, mCurrentUserId: 0, callerUserId: 0
02-06 18:14:15.392  3012  3061 D PkgDataHelper: getGamePkgData(). com.netease.open.pocoservice
02-06 18:14:15.392  3012  3061 D SemGameManager: isGamePackage(), ret=false
02-06 18:14:15.392  3012  3061 D GameManagerService: noteResumeComponent(), received resumed-component: com.netease.open.pocoservice
02-06 18:14:15.392  3012  3061 I GameSDK@LifeCycle: noteResumeComponent(): package name  : com.netease.open.pocoservice
02-06 18:14:15.393  3012  3220 D GameManagerService: onLooperPrepared(), msg: MSG_APP_RESUME, resumeComponent: ComponentInfo{com.netease.open.pocoservice/com.netease.open.pocoservice.TestActivity}
02-06 18:14:15.393  3012  3220 D GameManagerService: handleResume().
02-06 18:14:15.393  3012  3220 D GameManagerService: sendFocusOutConditionally() - mPrevNotiPackage: (unknown)
02-06 18:14:15.393  3012  3220 D GameManagerService:   handleResume(). pkgName: com.netease.open.pocoservice, isTunableApp: null
02-06 18:14:15.393  3012  3220 D GameManagerService: notifyFocusInOut(). of pkg: com.netease.open.pocoservice, type: 4, isMinimized: false, isTunableApp: false
02-06 18:14:15.394  3012  3220 D GameManagerService:   notifyFocusInOut(). unexpected mPrevNotiType: -1
02-06 18:14:15.394  3012  3220 D GameManagerService:NetworkLimit: callRelease
02-06 18:14:15.394  3012  3220 D GM:SystemHelper: callReleaseBlock needReleaseBlock:false
02-06 18:14:15.394  2586 16725 V APM_AudioPolicyManager: setAppState(portId:387, state:2)
02-06 18:14:15.399  8119  8691 I FASProvider: makeValuesForFasUpdate contentValues = package_name=com.netease.open.pocoservice extras=0 reason=deleted_from_mars_auto disableReason=deleted_from_mars_auto uid=10499 mode=0 level=1 resetTime=0
02-06 18:14:15.442 31505 31505 I ViewRootImpl@9ddb888[LoginActivity]: MSG_WINDOW_FOCUS_CHANGED 0 1
02-06 18:14:15.443  3012  3462 D MdnieScenarioControlService:  packageName : com.netease.open.pocoservice    className : com.netease.open.pocoservice.TestActivity
02-06 18:14:15.443  3012  3462 V MdnieScenarioControlService: setUIMode from UI function(3)
02-06 18:14:15.467 11302 11302 D NetworkSecurityConfig: No Network Security Config specified, using platform default
02-06 18:14:15.467 11302 11302 I MonitoringInstr: newApplication called!
02-06 18:14:15.469 11302 11302 I MultiDex: VM with version 2.1.0 has multidex support
02-06 18:14:15.469 11302 11302 I MultiDex: Installing application
02-06 18:14:15.470 11302 11302 I MultiDex: VM has multidex support, MultiDex support library is disabled.
02-06 18:14:15.519 11302 11302 D ActivityThread: handleBindApplication() -- skipGraphicsSupport=false
02-06 18:14:15.519 11302 11302 I MonitoringInstr: Instrumentation started!
02-06 18:14:15.530 11302 11302 I AndroidJUnitRunner: onCreate Bundle[{class=com.netease.open.pocoservice.InstrumentedTestAsLauncher, debug=false}]
02-06 18:14:15.531 11302 11302 V TestEventClient: No service name argument was given (testDiscoveryService, testRunEventService or orchestratorService)
02-06 18:14:15.545  3012  3462 V MdnieScenarioControlService: mAclOffEnabled : false mAclPreviewState : false mAclCompensationState : false
02-06 18:14:15.572 11302 11341 D AndroidJUnitRunner: onStart is called.
02-06 18:14:15.576 10400 10673 I angw    : #getOobeStatus: OptedIn [CONTEXT ratelimit_period="10 SECONDS" ]
02-06 18:14:15.583 11302 11302 D AppCompatDelegate: Checking for metadata for AppLocalesMetadataHolderService : Service not found
02-06 18:14:15.591  2588 12570 D BufferPoolAccessor2.0: bufferpool2 0xf6c7c0d8 : 0(0 size) total buffers - 0(0 size) used buffers - 43/51 (recycle/alloc) - 8/100 (fetch/transfer)
02-06 18:14:15.592  2588 12570 D BufferPoolAccessor2.0: evictor expired: 2, evicted: 1
02-06 18:14:15.600  3012  3454 I GenerationRegistry: mBackingStore.isClosed() : false
02-06 18:14:15.608 11302 11302 D LifecycleMonitor: Lifecycle status change: com.netease.open.pocoservice.TestActivity@be23a0d in: PRE_ON_CREATE
02-06 18:14:15.612  1093  1586 D BufferPoolAccessor2.0: bufferpool2 0xf32e2098 : 0(0 size) total buffers - 0(0 size) used buffers - 43/47 (recycle/alloc) - 4/47 (fetch/transfer)
02-06 18:14:15.612  1093  1586 D BufferPoolAccessor2.0: evictor expired: 2, evicted: 1
02-06 18:14:15.623 11196 11196 D app_process: Time zone APEX ICU file found: /apex/com.android.tzdata/etc/icu/icu_tzdata.dat
02-06 18:14:15.623 11196 11196 D app_process: I18n APEX ICU file found: /apex/com.android.i18n/etc/icu/icudt66l.dat
02-06 18:14:15.650 11302 11302 I DecorView: [INFO] isPopOver=false, config=true
02-06 18:14:15.651 11302 11302 I DecorView: updateCaptionType >> DecorView@6119dc5[], isFloating=false, isApplication=true, hasWindowDecorCaption=false, hasWindowControllerCallback=true
02-06 18:14:15.651 11302 11302 D DecorView: setCaptionType = 0, this = DecorView@6119dc5[]
02-06 18:14:15.680 11302 11302 W pen.pocoservic: Accessing hidden method Landroid/view/View;->computeFitSystemWindows(Landroid/graphics/Rect;Landroid/graphics/Rect;)Z (greylist, reflection, allowed)
02-06 18:14:15.682 11302 11302 W pen.pocoservic: Accessing hidden method Landroid/view/ViewGroup;->makeOptionalFitsSystemWindows()V (greylist, reflection, allowed)
02-06 18:14:15.697 11302 11302 D LifecycleMonitor: Lifecycle status change: com.netease.open.pocoservice.TestActivity@be23a0d in: CREATED
02-06 18:14:15.698   862  1520 W DisplayIdentification: Invalid EDID: falling back to serial number due to missing display name.
02-06 18:14:15.698   862  1520 W DisplayIdentification: Invalid EDID: falling back to ASCII text due to missing serial number.
02-06 18:14:15.701 11302 11342 I AdrenoGLES-0: QUALCOMM build                   : 02e24b95a5, I0bf67f5349
02-06 18:14:15.701 11302 11342 I AdrenoGLES-0: Build Date                       : 11/06/20
02-06 18:14:15.701 11302 11342 I AdrenoGLES-0: OpenGL ES Shader Compiler Version: EV031.32.02.06
02-06 18:14:15.701 11302 11342 I AdrenoGLES-0: Local Branch                     : 
02-06 18:14:15.701 11302 11342 I AdrenoGLES-0: Remote Branch                    : 
02-06 18:14:15.701 11302 11342 I AdrenoGLES-0: Remote Branch                    : 
02-06 18:14:15.701 11302 11342 I AdrenoGLES-0: Reconstruct Branch               : 
02-06 18:14:15.701 11302 11342 I AdrenoGLES-0: Build Config                     : S P 10.0.7 AArch64
02-06 18:14:15.701 11302 11342 I AdrenoGLES-0: Driver Path                      : /vendor/lib64/egl/libGLESv2_adreno.so
02-06 18:14:15.703 11302 11302 D LifecycleMonitor: Lifecycle status change: com.netease.open.pocoservice.TestActivity@be23a0d in: STARTED
02-06 18:14:15.706  2589  2631 E Netd    : getNetworkForDns: getNetId from enterpriseCtrl is netid 0
02-06 18:14:15.707 11302 11302 I PocoService: onResume
02-06 18:14:15.708  3012  7184 I ActivityTaskManager: moveTaskToBack: Task{42e2339 #3711 visible=false type=standard mode=fullscreen translucent=true A=10499:com.netease.open.pocoservice U=0 StackId=3711 sz=1}
02-06 18:14:15.708  3012  7184 V WindowManager: Prepare app transition: transit=TRANSIT_TASK_TO_BACK mNextAppTransition=TRANSIT_TASK_OPEN alwaysKeepCurrent=false displayId=0 Callers=com.android.server.wm.DisplayContent.prepareAppTransition:5809 com.android.server.wm.DisplayContent.prepareAppTransition:5803 com.android.server.wm.ActivityStack.moveTaskToBack:3202 com.android.server.wm.ActivityStack.moveTaskToBack:3133 com.android.server.wm.ActivityStack.moveTaskToBack:3126 
02-06 18:14:15.709  3012  7184 V WindowManager: Changing focus from null to Window{9cfd3d3 u0 com.kyowon.literacy.store/com.kyowon.literacy.ui.login.activity.LoginActivity} displayId=0 Callers=com.android.server.wm.RootWindowContainer.updateFocusedWindowLocked:566 com.android.server.wm.WindowManagerService.updateFocusedWindowLocked:6311 com.android.server.wm.DisplayContent.layoutAndAssignWindowLayersIfNeeded:4201 com.android.server.wm.TaskDisplayArea.positionStackAt:1016 
02-06 18:14:15.709  3012  7184 D StatusBarManagerService: notifyRequestedSystemKey recent=false home=false
02-06 18:14:15.710  2589  2631 E Netd    : getNetworkForDns: getNetId from enterpriseCtrl is netid 0
02-06 18:14:15.712  7990  7990 E adbd    : failed to connect to socket 'tcp:10080': Connection refused
02-06 18:14:15.715 11302 11342 I AdrenoGLES-0: PFP: 0x016ee190, ME: 0x00000000
02-06 18:14:15.717 11302 11302 D CompatibilityChangeReporter: Compat change id reported: 147798919; UID 10499; state: ENABLED
02-06 18:14:15.725  3012  7153 I GenerationRegistry: mBackingStore.isClosed() : false
02-06 18:14:15.726 11302 11302 D Toast   : show: caller = com.netease.open.pocoservice.TestActivity.onResume:38 
02-06 18:14:15.726 11302 11302 I Toast   : show: focusDisplayId = 0, isFocusInDesktop = false mCustomDisplayId=-1 isDexDualMode=false
02-06 18:14:15.726 11302 11302 I Toast   : show: isActivityContext = false
02-06 18:14:15.733  3012  7166 D EdgeLightingManager: isCallingUserSupported : callingUserId=0, mUserId=0, isDualAppId=false, isKnoxId=false
02-06 18:14:15.733  3012  7166 D EdgeLightingManager: showForToast : packageName = com.netease.open.pocoservice
02-06 18:14:15.733  3012  7166 D EdgeLightingClientManager: isAvailableEdgeLighting: condition=1 mCondition=1 mIsConnected=false0
02-06 18:14:15.733  3012  7166 D EdgeLightingManager: showForToast : return false by isAvailableEdgeLighting.
02-06 18:14:15.734  3012  7166 W ContextImpl: Calling a method in the system process without a qualified user: android.app.ContextImpl.sendBroadcast:1162 com.android.server.notification.sec.DisplayToast.sendIntentForToastDumpLog:156 com.android.server.notification.sec.DisplayToast.outFile:106 com.android.server.notification.sec.DisplayToast.out:62 com.android.server.notification.NotificationManagerService$12.enqueueToastForDex:3502 
02-06 18:14:15.736   862  1520 I SurfaceFlinger: id=110115 createSurf (0x0),-1 flag=80004, WindowToken{737906 android.os.Binder@374e7e1}#0
02-06 18:14:15.737  3012  7166 V ActivityManager: Changed top to 10584,ProcessRecord{e78f8f2 31505:com.kyowon.literacy.store/u0a584}
02-06 18:14:15.739 11302 11302 D LifecycleMonitor: Lifecycle status change: com.netease.open.pocoservice.TestActivity@be23a0d in: RESUMED
02-06 18:14:15.741 10400 10673 I afeq    : (REDACTED) #FCF: Managed profile check status : %s
02-06 18:14:15.758  3435  3435 V ToastPresenter: Text: qoco in android.widget.ToastPresenter@cb868b9
02-06 18:14:15.765  3012  7184 I InputDispatcher: Focus entered window (31505): 9cfd3d3 in display 0 0
02-06 18:14:15.784  3012  7184 D InputTransport: Input channel constructed: '3b8dd60', fd=609
02-06 18:14:15.784  3012  7184 D InputTransport: Input channel constructed: '3b8dd60', fd=613
02-06 18:14:15.785   862  1520 I SurfaceFlinger: id=110116 createSurf (0x0),-1 flag=80004, 3b8dd60 Toast#0
02-06 18:14:15.786  3012  7184 D InputTransport: Input channel destroyed: '3b8dd60', fd=613
02-06 18:14:15.794  3435  3435 D InputTransport: Input channel constructed: '3b8dd60', fd=134
02-06 18:14:15.800  3435  3435 I ViewRootImpl@4a30eac[Toast]: setView = android.widget.LinearLayout@cedd775 TM=true
02-06 18:14:15.802  3012  3454 V WindowManager: Relayout Window{3b8dd60 u0 Toast}: viewVisibility=0 req=313x59
02-06 18:14:15.812  3012  3454 D WindowManager: isScreenshotDisabledLocked - win: Window{3b8dd60 u0 Toast}
02-06 18:14:15.812  3012  3454 D WindowManager: isScreenshotDisabledLocked: userId = 0, disabled =false
02-06 18:14:15.814   862   924 I SurfaceFlinger: id=110117 createSurf (313x59),1 flag=4, Toast$_3435#0
02-06 18:14:15.815  3012  3454 D WindowManager: makeSurface duration=2 name=Toast$_3435
02-06 18:14:15.819  3012  8912 D InputTransport: Input channel constructed: '85a56d5', fd=613
02-06 18:14:15.819  3012  8912 D InputTransport: Input channel constructed: '85a56d5', fd=614
02-06 18:14:15.821   862  1520 I SurfaceFlinger: id=110118 createSurf (0x0),-1 flag=80004, 85a56d5 com.netease.open.pocoservice/com.netease.open.pocoservice.TestActivity#0
02-06 18:14:15.822  3012  8912 D WindowManager: isScreenshotDisabledLocked - win: Window{85a56d5 u0 com.netease.open.pocoservice/com.netease.open.pocoservice.TestActivity}
02-06 18:14:15.822  3012  8912 D WindowManager: isScreenshotDisabledLocked: userId = 0, disabled =false
02-06 18:14:15.825  3012  8912 D InputTransport: Input channel destroyed: '85a56d5', fd=614
02-06 18:14:15.826 11196 11196 I app_process: The ClassLoaderContext is a special shared library.
02-06 18:14:15.826 11302 11302 D InputTransport: Input channel constructed: '85a56d5', fd=81
02-06 18:14:15.837   821   907 E ANDR-PERF-UTIL: Failed to update node /proc/11175/sched_boost with value 0
02-06 18:14:15.838   821   907 E ANDR-PERF-OPTSHANDLER: can't reset task 11175
02-06 18:14:15.838   821   907 E ANDR-PERF-RESOURCEQS: Failed to reset optimization [3, 32]
02-06 18:14:15.838 11302 11302 I ViewRootImpl@2e1aaa0[TestActivity]: setView = com.android.internal.policy.DecorView@6119dc5 TM=true
02-06 18:14:15.846 31505 31505 I ViewRootImpl@9ddb888[LoginActivity]: MSG_WINDOW_FOCUS_CHANGED 1 1
02-06 18:14:15.847 31505 31505 D InputMethodManager: prepareNavigationBarInfo() DecorView@cd2569b[LoginActivity]
02-06 18:14:15.847 31505 31505 D InputMethodManager: getNavigationBarColor() -855310
02-06 18:14:15.850 11302 11302 I MonitoringInstr: No JSBridge.
02-06 18:14:15.850 31505 31505 D InputMethodManager: prepareNavigationBarInfo() DecorView@cd2569b[LoginActivity]
02-06 18:14:15.850 31505 31505 D InputMethodManager: getNavigationBarColor() -855310
02-06 18:14:15.850 31505 31505 V InputMethodManager: Starting input: tba=com.kyowon.literacy.store ic=null mNaviBarColor -855310 mIsGetNaviBarColorSuccess true , NavVisible : true , NavTrans : false
02-06 18:14:15.850 31505 31505 D InputMethodManager: startInputInner - Id : 0
02-06 18:14:15.850 31505 31505 I InputMethodManager: startInputInner - mService.startInputOrWindowGainedFocus
02-06 18:14:15.851  3012  8461 D InputMethodManagerService: mSecureKeypadEnabled = false
02-06 18:14:15.852  3012  8461 D InputMethodManagerService: mDesktopModeManager null!
02-06 18:14:15.852  3012  8461 V InputMethodManagerService: getDisplayIdOfInputMethodWindowToBeAdded : 0
02-06 18:14:15.853  3012  8461 D InputMethodManagerService: checkDisplayOfStartInputAndUpdateKeyboard display Id 0last 0
02-06 18:14:15.854  3012  3454 V WindowManager: Relayout hash=3b8dd60, pid=3435: mAttrs={(0,96)(wrapxwrap) gr=BOTTOM CENTER sim={adjust=pan} ty=TOAST fmt=TRANSLUCENT wanim=0x1030004
02-06 18:14:15.854  3012  3454 V WindowManager:   fl=1000098
02-06 18:14:15.854  3012  3454 V WindowManager:   pfl=12000000
02-06 18:14:15.854  3012  3454 V WindowManager:   fitTypes=STATUS_BARS NAVIGATION_BARS CAPTION_BAR
02-06 18:14:15.854  3012  3454 V WindowManager:   fitIgnoreVis naviIconColor=0}
02-06 18:14:15.854  3012  8461 D InputTransport: Input channel constructed: 'ClientS', fd=614
02-06 18:14:15.854  3012  3454 I SurfaceControl: nativeRelease nativeObject s[-5476376620415580352]
02-06 18:14:15.854  3012  8461 D InputTransport: Input channel destroyed: 'ClientS', fd=614
02-06 18:14:15.855 31505 31505 D InputTransport: Input channel constructed: 'ClientS', fd=88
02-06 18:14:15.855 31505 31505 D InputTransport: Input channel destroyed: 'ClientS', fd=94
02-06 18:14:15.856 11302 11302 D LifecycleMonitor: Lifecycle status change: com.netease.open.pocoservice.TestActivity@be23a0d in: PAUSED
02-06 18:14:15.858  3012  7166 D MARsPolicyManager: onPackageResumedFG pkgName = com.kyowon.literacy.store, userId = 0
02-06 18:14:15.858  3012  3061 D GameManagerService: notePauseComponent(), received paused-component: com.netease.open.pocoservice
02-06 18:14:15.858  3012  3454 I SurfaceControl: nativeRelease nativeObject e[-5476376620415580352]
02-06 18:14:15.858  3012  4289 I SemDvfsHyPerManager: acquire hyper - AMS_APP_SWITCH/3012@20, type = -999
02-06 18:14:15.859  9774  9774 D InputMethodService: checkDisplayOfStartInputAndUpdateKeyboard display Id 0last 0
02-06 18:14:15.859  3012  7166 V WindowManager: Prepare app transition: transit=TRANSIT_TASK_OPEN mNextAppTransition=TRANSIT_TASK_OPEN alwaysKeepCurrent=false displayId=0 Callers=com.android.server.wm.DisplayContent.prepareAppTransition:5809 com.android.server.wm.DisplayContent.prepareAppTransition:5803 com.android.server.wm.ActivityStack.resumeTopActivityInnerLocked:2255 com.android.server.wm.ActivityStack.resumeTopActivityUncheckedLocked:1873 com.android.server.wm.RootWindowContainer.resumeFocusedStacksTopActivities:2677 
02-06 18:14:15.859  2594  2614 I HYPER-HAL: [RequestManager.cpp]acquire(): Acquired ID : 4598048  [3012 / 20]    HINT : AMS_ACT_SWITCH    list : 
02-06 18:14:15.859  2594  2614 I HYPER-HAL: [ResourceManager.cpp]updateResource(): [CPULittleMinFreq] UpdateResource Request ID : 4598048    Value : 1804800
02-06 18:14:15.859  3012  7166 D InputDispatcher: Focused application set to (0): 23798b2
02-06 18:14:15.860  3012  7166 D GameManagerService: TaskStackListener.onTaskFocusChanged(), taskId=3648, focused=true
02-06 18:14:15.861  3012  4289 D ActivityManagerPerformance: AMP_acquire() APP_SWITCH
02-06 18:14:15.861  3012  7166 V WindowManager: rotationForOrientation(orient=SCREEN_ORIENTATION_LANDSCAPE (0), last=ROTATION_90 (1)); user=ROTATION_0 (0) 
02-06 18:14:15.861  3012  7166 D WindowManager: rotationForOrientation, orientationSource=ActivityRecord{23798b2 u0 com.kyowon.literacy.store/com.kyowon.literacy.ui.login.activity.LoginActivity t3648}
02-06 18:14:15.861  3012  7166 V WindowOrientationListener: getProposedRotation: 1
02-06 18:14:15.861  3012  7166 V WindowManager: Computed rotation=ROTATION_90 (1) for display id=0 based on lastOrientation=SCREEN_ORIENTATION_LANDSCAPE (0) and oldRotation=ROTATION_90 (1), caller=com.android.server.wm.DisplayRotation.updateOrientation:394 com.android.server.wm.DisplayContent.updateOrientation:1698 com.android.server.wm.DisplayContent.updateOrientation:1626 com.android.server.wm.RootWindowContainer.ensureVisibilityAndConfig:2164 com.android.server.wm.ActivityStack.resumeTopActivityInnerLocked:2340 com.android.server.wm.ActivityStack.resumeTopActivityUncheckedLocked:1873 
02-06 18:14:15.862  3012  7166 D TspStateManager: updateCustomValue customSetting=
02-06 18:14:15.862  3012  7166 D TspStateManager: updateCustomValue customSetting=
02-06 18:14:15.863  3012  7166 D MARsPolicyManager: onPackageResumedFG pkgName = com.kyowon.literacy.store, userId = 0
02-06 18:14:15.864  3012  7166 W WindowManager: Execute app transition: mNextAppTransition=TRANSIT_TASK_OPEN, displayId: 0 Callers=com.android.server.wm.RootWindowContainer.executeAppTransitionForAllDisplay:2598 com.android.server.wm.ActivityStackSupervisor.reportResumedActivityLocked:2267 com.android.server.wm.ActivityRecord.completeResumeLocked:5710 com.android.server.wm.ActivityStack.resumeTopActivityInnerLocked:2434 com.android.server.wm.ActivityStack.resumeTopActivityUncheckedLocked:1873 
02-06 18:14:15.865  2594  2614 I HYPER-HAL: [ResourceManager.cpp]updateResource(): [CPUMinFreq] UpdateResource Request ID : 4598048    Value : 2016000
02-06 18:14:15.866  3012  3220 D GameManagerService: onLooperPrepared(), msg: MSG_TASK_FOCUSED, focusedComponent: ComponentInfo{com.kyowon.literacy.store/com.kyowon.literacy.ui.login.activity.LoginActivity}
02-06 18:14:15.866  3012  3220 D GameManagerService: handleTaskFocused().
02-06 18:14:15.866  3012  3220 D GameManagerService:   handleTaskFocused(), pkgName: com.kyowon.literacy.store, clsName: com.kyowon.literacy.ui.login.activity.LoginActivity, userID:0
02-06 18:14:15.866  3012  4289 E libprocessgroup: Failed to write 'FROZEN' to /dev/freezer/olaf/freezer.state: No such file or directory
02-06 18:14:15.866  3012  4289 W libprocessgroup: Failed to apply DoSomethingOlaf task profile: No such file or directory
02-06 18:14:15.877  3012  7166 V WindowManager: Setting visibility of Window{85a56d5 u0 com.netease.open.pocoservice/com.netease.open.pocoservice.TestActivity}: false, caller=com.android.server.wm.WindowContainer.sendAppVisibilityToClients:1004 com.android.server.wm.ActivityRecord.setClientVisible:6391 com.android.server.wm.ActivityRecord.onAnimationFinished:7143 com.android.server.wm.ActivityRecord.postApplyAnimation:5013 com.android.server.wm.ActivityRecord.commitVisibility:4995 
02-06 18:14:15.878  3012  7166 D ActivityTaskManager: finishFixedRotationTransform, r=ActivityRecord{f31df00 u0 com.netease.open.pocoservice/.TestActivity t3711}, caller=com.android.server.wm.WindowToken.finishFixedRotationTransform:664 com.android.server.wm.DisplayContent$FixedRotationTransitionListener.onAppTransitionFinishedLocked:7026 com.android.server.wm.AppTransition.notifyAppTransitionFinishedLocked:543 com.android.server.wm.ActivityRecord.onAnimationFinished:7164 com.android.server.wm.ActivityRecord.postApplyAnimation:5013 
02-06 18:14:15.879  3012  7166 D WindowManager: isScreenshotDisabledLocked - win: Window{85a56d5 u0 com.netease.open.pocoservice/com.netease.open.pocoservice.TestActivity}
02-06 18:14:15.879  3012  7166 D WindowManager: isScreenshotDisabledLocked: userId = 0, disabled =false
02-06 18:14:15.880  3012  7166 D ActivityTaskManager: finishFixedRotationTransform, r=ActivityRecord{23798b2 u0 com.kyowon.literacy.store/com.kyowon.literacy.ui.login.activity.LoginActivity t3648}, caller=com.android.server.wm.WindowToken.finishFixedRotationTransform:664 com.android.server.wm.DisplayContent$FixedRotationTransitionListener.onAppTransitionFinishedLocked:7026 com.android.server.wm.AppTransition.notifyAppTransitionFinishedLocked:543 com.android.server.wm.DisplayContent.handleAnimatingStoppedAndTransition:5836 com.android.server.wm.RootWindowContainer.checkAppTransitionReady:1264 
02-06 18:14:15.895  3012  7166 V WindowManager: Relayout Window{85a56d5 u0 com.netease.open.pocoservice/com.netease.open.pocoservice.TestActivity}: viewVisibility=0 req=2000x1200
02-06 18:14:15.899  3435  3435 I SurfaceControl: assignNativeObject: nativeObject = 0 Surface(name=null)/@0x268930a / android.view.SurfaceControl.readFromParcel:1117 android.view.IWindowSession$Stub$Proxy.relayout:1820 android.view.ViewRootImpl.relayoutWindow:9005 android.view.ViewRootImpl.performTraversals:3360 android.view.ViewRootImpl.doTraversal:2618 android.view.ViewRootImpl$TraversalRunnable.run:9971 android.view.Choreographer$CallbackRecord.run:1010 android.view.Choreographer.doCallbacks:809 android.view.Choreographer.doFrame:744 android.view.Choreographer$FrameDisplayEventReceiver.run:995 
02-06 18:14:15.902  3012  7166 V WindowManager: Relayout hash=85a56d5, pid=11302: mAttrs={(0,0)(fillxfill) sim={adjust=pan forwardNavigation} ty=BASE_APPLICATION fmt=TRANSPARENT wanim=0x1030003
02-06 18:14:15.902  3012  7166 V WindowManager:   fl=81810102
02-06 18:14:15.902  3012  7166 V WindowManager:   pfl=12020000
02-06 18:14:15.902  3012  7166 V WindowManager:   apr=LIGHT_NAVIGATION_BARS
02-06 18:14:15.902  3012  7166 V WindowManager:   fitSides= dimAmount=0.6 naviIconColor=0
02-06 18:14:15.902  3012  7166 V WindowManager:   sfl=100000}
02-06 18:14:15.904 11302 11302 I SurfaceControl: assignNativeObject: nativeObject = 0 Surface(name=null)/@0xac6d0cc / android.view.SurfaceControl.readFromParcel:1117 android.view.IWindowSession$Stub$Proxy.relayout:1810 android.view.ViewRootImpl.relayoutWindow:9005 android.view.ViewRootImpl.performTraversals:3360 android.view.ViewRootImpl.doTraversal:2618 android.view.ViewRootImpl$TraversalRunnable.run:9971 android.view.Choreographer$CallbackRecord.run:1010 android.view.Choreographer.doCallbacks:809 android.view.Choreographer.doFrame:744 android.view.Choreographer$FrameDisplayEventReceiver.run:995 
02-06 18:14:15.905 11302 11302 I SurfaceControl: assignNativeObject: nativeObject = 0 Surface(name=null)/@0x40d3f15 / android.view.SurfaceControl.readFromParcel:1117 android.view.IWindowSession$Stub$Proxy.relayout:1820 android.view.ViewRootImpl.relayoutWindow:9005 android.view.ViewRootImpl.performTraversals:3360 android.view.ViewRootImpl.doTraversal:2618 android.view.ViewRootImpl$TraversalRunnable.run:9971 android.view.Choreographer$CallbackRecord.run:1010 android.view.Choreographer.doCallbacks:809 android.view.Choreographer.doFrame:744 android.view.Choreographer$FrameDisplayEventReceiver.run:995 
02-06 18:14:15.906 11302 11302 I ViewRootImpl@2e1aaa0[TestActivity]: Relayout returned: old=(0,0,2000,1200) new=(0,0,2000,1200) req=(2000,1200)0 dur=12 res=0x1 s={false 0} ch=false fn=-1
02-06 18:14:15.914 11302 11302 E ViewRootImpl@2e1aaa0[TestActivity]: Surface is not valid.
02-06 18:14:15.916 31505 31505 I ViewRootImpl@9ddb888[LoginActivity]: stopped(false) old=false
02-06 18:14:15.917  3435  3435 I ViewRootImpl@4a30eac[Toast]: Relayout returned: old=(0,36,2000,1128) new=(843,973,1156,1032) req=(313,59)0 dur=98 res=0x7 s={true -5476376620258910208} ch=true fn=-1
02-06 18:14:15.918 31505 31505 V MediaPlayer-JNI: native_setup
02-06 18:14:15.918 31505 31505 V MediaPlayerNative: constructor
02-06 18:14:15.919 31505 31505 V MediaPlayerNative: setListener
02-06 18:14:15.926 31505 31505 V MediaPlayer-JNI: setVolume: left 1.000000  right 1.000000
02-06 18:14:15.926 31505 31505 V MediaPlayerNative: MediaPlayer::setVolume(1.000000, 1.000000)
02-06 18:14:15.926 31505 31505 V MediaPlayer-JNI: setAuxEffectSendLevel: level 0.000000
02-06 18:14:15.926 31505 31505 V MediaPlayerNative: MediaPlayer::setAuxEffectSendLevel(0.000000)
02-06 18:14:15.926 31505 31505 V MediaPlayer-JNI: setParameter: key 1400
02-06 18:14:15.926 31505 31505 V MediaPlayerNative: MediaPlayer::setParameter(1400)
02-06 18:14:15.926 31505 31505 V MediaPlayer-JNI: set_session_id(): 10401
02-06 18:14:15.926 31505 31505 V MediaPlayerNative: MediaPlayer::setAudioSessionId(10401)
02-06 18:14:15.927 31505 31505 V MediaPlayer-JNI: setDataSourceFD: fd 78
02-06 18:14:15.927 31505 31505 V MediaPlayerNative: setDataSource(78, 80149264, 611808)
02-06 18:14:15.927  3012 14608 I ActivityManager: Failure reporting to instrumentation watcher: comp=ComponentInfo{com.netease.open.pocoservice/androidx.test.runner.AndroidJUnitRunner} results=Bundle[{shortMsg=Process crashed.}]
02-06 18:14:15.927  2588 26811 V MediaPlayerService: Create new client(394) from pid 31505, uid 10584, 
02-06 18:14:15.927  2588  3027 V MediaPlayerService: setDataSource fd=8, offset=80149264, length=611808
02-06 18:14:15.927  2588  3027 V MediaPlayerService: st_dev  = 66352
02-06 18:14:15.927  2588  3027 V MediaPlayerService: st_mode = 33188
02-06 18:14:15.927  2588  3027 V MediaPlayerService: st_uid  = 1000
02-06 18:14:15.927  2588  3027 V MediaPlayerService: st_gid  = 1000
02-06 18:14:15.927  2588  3027 V MediaPlayerService: st_size = 93400764
02-06 18:14:15.927  2588  3027 V MediaPlayerService: player type = 4
02-06 18:14:15.928  2588  3027 D NuPlayerDriver: NuPlayerDriver(0xf6f4ef00) created, clientPid(31505)
02-06 18:14:15.932  3012  8912 V WindowManager: Relayout Window{85a56d5 u0 com.netease.open.pocoservice/com.netease.open.pocoservice.TestActivity}: viewVisibility=8 req=2000x1200
02-06 18:14:15.933 10827 10827 D AndroidRuntime: Shutting down VM
02-06 18:14:15.937  3012  8912 V WindowManager: Relayout hash=85a56d5, pid=11302: mAttrs={(0,0)(fillxfill) sim={adjust=pan forwardNavigation} ty=BASE_APPLICATION fmt=TRANSPARENT wanim=0x1030003
02-06 18:14:15.937  3012  8912 V WindowManager:   fl=81810102
02-06 18:14:15.937  3012  8912 V WindowManager:   pfl=12020000
02-06 18:14:15.937  3012  8912 V WindowManager:   apr=LIGHT_NAVIGATION_BARS
02-06 18:14:15.937  3012  8912 V WindowManager:   fitSides= dimAmount=0.6 naviIconColor=0
02-06 18:14:15.937  3012  8912 V WindowManager:   sfl=100000}
02-06 18:14:15.939 11302 11302 I SurfaceControl: assignNativeObject: nativeObject = 0 Surface(name=null)/@0xac6d0cc / android.view.SurfaceControl.readFromParcel:1117 android.view.IWindowSession$Stub$Proxy.relayout:1810 android.view.ViewRootImpl.relayoutWindow:9005 android.view.ViewRootImpl.performTraversals:3360 android.view.ViewRootImpl.doTraversal:2618 android.view.ViewRootImpl$TraversalRunnable.run:9971 android.view.Choreographer$CallbackRecord.run:1010 android.view.Choreographer.doCallbacks:809 android.view.Choreographer.doFrame:744 android.view.Choreographer$FrameDisplayEventReceiver.run:995 
02-06 18:14:15.940 11302 11302 I SurfaceControl: assignNativeObject: nativeObject = 0 Surface(name=null)/@0x40d3f15 / android.view.SurfaceControl.readFromParcel:1117 android.view.IWindowSession$Stub$Proxy.relayout:1820 android.view.ViewRootImpl.relayoutWindow:9005 android.view.ViewRootImpl.performTraversals:3360 android.view.ViewRootImpl.doTraversal:2618 android.view.ViewRootImpl$TraversalRunnable.run:9971 android.view.Choreographer$CallbackRecord.run:1010 android.view.Choreographer.doCallbacks:809 android.view.Choreographer.doFrame:744 android.view.Choreographer$FrameDisplayEventReceiver.run:995 
02-06 18:14:15.940  2588  3027 V AudioSink: AudioOutput(10401)
02-06 18:14:15.940  2588  3027 V NuPlayerDriver: setDataSource(0xf6f4ef00) file(8)
02-06 18:14:15.940  2588  3027 V NuPlayer: setDataSourceAsync fd 8/80149264/611808 source: 0xf6f9c200
02-06 18:14:15.941 11026 11026 D AndroidRuntime: Shutting down VM
02-06 18:14:15.941 11302 11302 I ViewRootImpl@2e1aaa0[TestActivity]: Relayout returned: old=(0,0,2000,1200) new=(0,0,2000,1200) req=(2000,1200)8 dur=9 res=0x1 s={false 0} ch=false fn=-1
02-06 18:14:15.943  2588 11357 V NuPlayer: kWhatSetAudioSink
02-06 18:14:15.943  2588 11357 V NuPlayer: kWhatSetDataSource
02-06 18:14:15.944 31505 31505 V MediaPlayerNative: setVideoSurfaceTexture
02-06 18:14:15.947  2588  3027 V MediaPlayerService: [394] setVideoSurfaceTexture(0x0)
02-06 18:14:15.947 31505 31505 V MediaPlayerNative: prepare
02-06 18:14:15.947  2588 26811 V MediaPlayerService: [394] setParameter(1400)
02-06 18:14:15.947  2588 26811 V MediaPlayerService: setAudioAttributes_l() usage=0 content=0 flags=0x800 tags=
02-06 18:14:15.948  2588 26811 E AudioSystem: invalid attributes { Content type: AUDIO_CONTENT_TYPE_UNKNOWN Usage: AUDIO_USAGE_UNKNOWN Source: -1 Flags: 0x800 Tags:  } when converting to stream
02-06 18:14:15.948  2588  3026 V MediaPlayerService: [394] prepareAsync
02-06 18:14:15.948  2588  3026 V NuPlayerDriver: prepareAsync(0xf6f4ef00)
02-06 18:14:15.948  2588  3026 V NuPlayer: prepareAsync
02-06 18:14:15.949  2588 11357 V NuPlayer: onMessageReceived kWhatPrepare
02-06 18:14:15.949  2588 11357 I MediaMonitor: MediaMonitor()
02-06 18:14:15.951 11302 11302 I ViewRootImpl@2e1aaa0[TestActivity]: stopped(true) old=false
02-06 18:14:15.952 11302 11302 D LifecycleMonitor: Lifecycle status change: com.netease.open.pocoservice.TestActivity@be23a0d in: STOPPED
02-06 18:14:15.954 10909 10909 D AndroidRuntime: Shutting down VM
02-06 18:14:15.957  3012  7184 D WindowManager: finishDrawingWindow: Window{3b8dd60 u0 Toast} mDrawState=DRAW_PENDING
02-06 18:14:15.957  9774 10600 E NIO     : wtf
02-06 18:14:15.957  9774 10600 E NIO     : java.net.BindException: Address already in use
02-06 18:14:15.957  9774 10600 E NIO     : 	at sun.nio.ch.Net.bind0(Native Method)
02-06 18:14:15.957  9774 10600 E NIO     : 	at sun.nio.ch.Net.bind(Net.java:442)
02-06 18:14:15.957  9774 10600 E NIO     : 	at sun.nio.ch.Net.bind(Net.java:434)
02-06 18:14:15.957  9774 10600 E NIO     : 	at sun.nio.ch.ServerSocketChannelImpl.bind(ServerSocketChannelImpl.java:223)
02-06 18:14:15.957  9774 10600 E NIO     : 	at sun.nio.ch.ServerSocketAdaptor.bind(ServerSocketAdaptor.java:74)
02-06 18:14:15.957  9774 10600 E NIO     : 	at sun.nio.ch.ServerSocketAdaptor.bind(ServerSocketAdaptor.java:67)
02-06 18:14:15.957  9774 10600 E NIO     : 	at com.koushikdutta.async.AsyncServer$5.run(AsyncServer.java:316)
02-06 18:14:15.957  9774 10600 E NIO     : 	at com.koushikdutta.async.AsyncServer$3.run(AsyncServer.java:211)
02-06 18:14:15.957  9774 10600 E NIO     : 	at com.koushikdutta.async.AsyncServer.lockAndRunQueue(AsyncServer.java:740)
02-06 18:14:15.957  9774 10600 E NIO     : 	at com.koushikdutta.async.AsyncServer.runLoop(AsyncServer.java:758)
02-06 18:14:15.957  9774 10600 E NIO     : 	at com.koushikdutta.async.AsyncServer.run(AsyncServer.java:658)
02-06 18:14:15.957  9774 10600 E NIO     : 	at com.koushikdutta.async.AsyncServer.access$800(AsyncServer.java:44)
02-06 18:14:15.957  9774 10600 E NIO     : 	at com.koushikdutta.async.AsyncServer$14.run(AsyncServer.java:600)
02-06 18:14:15.959  1061  1061 I DrmManagerService(Native): value of perm = 2
02-06 18:14:15.959  1061  1061 E SEC_DRM_PLUGIN_Omafl: OmaPlugin::onOpenDecryptSession(fd)::Drm2IsDrmFileByExtFd::file is NOT DRM by extension
02-06 18:14:15.960  3012  3062 I WindowManager: Reparenting to leash, surface=Surface(name=3b8dd60 Toast)/@0x3b12424, leashParent=Surface(name=WindowToken{737906 android.os.Binder@374e7e1})/@0x3478b8d
02-06 18:14:15.960  2588 11359 D GenericSource: FileSource remote
02-06 18:14:15.961   862  1520 I SurfaceFlinger: id=110119 createSurf (0x0),-1 flag=24004, Surface(name=3b8dd60 Toast)/@0x3b12424 - animation-leash#0
02-06 18:14:15.962  3012  3062 D WindowManager: makeSurface duration=1 leash=Surface(name=Surface(name=3b8dd60 Toast)/@0x3b12424 - animation-leash)/@0xe099142
02-06 18:14:15.965  1076  2031 I MediaExtractorFactory: Created an extractor 'SECMP3Extractor' with confidence 0.21
02-06 18:14:15.979  2588 11359 I AnotherPacketSource: setFormat() audio
02-06 18:14:15.979  2588 11357 V NuPlayer: onSourceNotify() kWhatFlagsChanged  FLAG_CAN_PAUSE: 1  FLAG_CAN_SEEK_BACKWARD: 1 
02-06 18:14:15.979  2588 11357 V NuPlayer: 				 FLAG_CAN_SEEK_FORWARD: 1  FLAG_CAN_SEEK: 1  FLAG_DYNAMIC_DURATION: 0 
