02-06 18:11:26.747  3012  7144 V WindowManager: Prepare app transition: transit=TRANSIT_TASK_OPEN mNextAppTransition=TRANSIT_UNSET alwaysKeepCurrent=false displayId=0 Callers=com.android.server.wm.DisplayContent.prepareAppTransition:5809 com.android.server.wm.DisplayContent.prepareAppTransition:5803 com.android.server.wm.ActivityStack.startActivityLocked:2595 com.android.server.wm.ActivityStarter.startActivityInner:2674 com.android.server.wm.ActivityStarter.startActivityUnchecked:2205 
02-06 18:11:26.748  2594 27442 I HYPER-HAL: [ResourceManager.cpp]removeResource(): [CPUMinFreq] RemoveResource Request ID : 4601082
02-06 18:11:26.748  2594 27442 I HYPER-HAL: [RequestManager.cpp]releaseLocked(): Released ID : 4601082
02-06 18:11:26.750  3012  4289 E libprocessgroup: Failed to write 'FROZEN' to /dev/freezer/olaf/freezer.state: No such file or directory
02-06 18:11:26.750  3012  4289 W libprocessgroup: Failed to apply DoSomethingOlaf task profile: No such file or directory
02-06 18:11:26.751  3012  7144 I SemDvfsHyPerManager: acquire hyper - AMS_APP_LAUNCH/3012@23, type = -999
02-06 18:11:26.751  2594  2614 I HYPER-HAL: [RequestManager.cpp]acquire(): Acquired ID : 4607153  [3012 / 23]    HINT : AMS_APP_LAUNCH    list : 
02-06 18:11:26.751  2594  2614 I HYPER-HAL: [ResourceManager.cpp]updateResource(): [CPULittleMinFreq] UpdateResource Request ID : 4607153    Value : 1804800
02-06 18:11:26.752 27447 27450 I cmd     : oneway function results will be dropped but finished with status OK and parcel size 4
02-06 18:11:26.754  2594  2614 E HYPER-HAL: [HandlerSysfs.cpp]doResourceHandling(): Couldn't Open Sysfs - /sys/class/scsi_host/host0/../../../clkscale_enable
02-06 18:11:26.756  2594  2614 I HYPER-HAL: [ResourceManager.cpp]updateResource(): [CPUMinFreq] UpdateResource Request ID : 4607153    Value : 2016000
02-06 18:11:26.756  3012  7166 V ActivityManager: Changed top to -1,null
02-06 18:11:26.757  3012  7166 D StorageManagerService: getExternalStorageMountMode: uid=10499 packageName=com.netease.open.pocoservice
02-06 18:11:26.758  3012  7166 D CompatibilityChangeReporter: Compat change id reported: 135634846; UID 10499; state: DISABLED
02-06 18:11:26.759  3012  7166 D CompatibilityChangeReporter: Compat change id reported: 135754954; UID 10499; state: ENABLED
02-06 18:11:26.763  3435  3435 I ViewRootImpl@4035ce7[Toast]: setView = android.widget.LinearLayout@d672094 TM=true
02-06 18:11:26.765  3435  3435 I Choreographer: Skipped 30 frames!  The application may be doing too much work on its main thread.
02-06 18:11:26.768  3012  3084 E libprocessgroup: Failed to kill process cgroup uid 10499 pid 27313 in 614ms, 1 processes remain
02-06 18:11:26.771  3012  4292 I AS.AudioService: uid:10584is using audio
02-06 18:11:26.771  3012  7309 V WindowManager: Relayout Window{96d13e0 u0 Toast}: viewVisibility=0 req=313x59
02-06 18:11:26.772  3012 27456 D DexPreloader: /data/app/~~fkxe-PwEwpS3aOAmL9X4_A==/com.netease.open.pocoservice-JE6kp9AlGetf5MSP_9m6gQ==/oat/arm64/base.odex is already preloaded
02-06 18:11:26.778  3012  7309 D WindowManager: isScreenshotDisabledLocked - win: Window{96d13e0 u0 Toast}
02-06 18:11:26.778  3012  7309 D WindowManager: isScreenshotDisabledLocked: userId = 0, disabled =false
02-06 18:11:26.782   862  1519 I SurfaceFlinger: id=109560 createSurf (313x59),1 flag=4, Toast$_3435#0
02-06 18:11:26.791  3012  7309 D WindowManager: makeSurface duration=13 name=Toast$_3435
02-06 18:11:26.795  3012  3082 D CompatibilityChangeReporter: Compat change id reported: 143937733; UID 10499; state: ENABLED
02-06 18:11:26.795  3012  8461 I ActivityManager: Force stopping com.netease.open.pocoservice appid=10499 user=0: start instr
02-06 18:11:26.797  3012  8461 I ActivityManager: Killing 0:com.netease.open.pocoservice/u0a499 (adj -10000): stop com.netease.open.pocoservice due to start instr
02-06 18:11:26.797  3012  8461 D ActivityManager: proc ProcessRecord{3001d99 0:com.netease.open.pocoservice/u0a499} already removed. so we skip next process.
02-06 18:11:26.797  3012  8461 W ActivityManager: Crash of app com.netease.open.pocoservice running instrumentation ComponentInfo{com.netease.open.pocoservice/androidx.test.runner.AndroidJUnitRunner}
02-06 18:11:26.798 14118 14118 V MediaPlayer-JNI: stop
02-06 18:11:26.798 14118 14118 V MediaPlayerNative: stop
02-06 18:11:26.798  3012  8461 I ActivityManager: Force stopping com.netease.open.pocoservice appid=10499 user=0: finished inst
02-06 18:11:26.798  2588  3027 V MediaPlayerService: [266] stop
02-06 18:11:26.798  2588  3027 D NuPlayerDriver: stop(0xf6f4ed80)
02-06 18:11:26.798  2588  3027 V MediaPlayerService: [266] notify (8, 0, 0)
02-06 18:11:26.798  2588 27431 V NuPlayer: updatePlaybackTimer(stop)  time      800433186823718 (onPause)
02-06 18:11:26.798  2588 27431 V NuPlayer: updatePlaybackTimer()  log             617943333
02-06 18:11:26.798  2588 27431 I GenericSource: pause
02-06 18:11:26.798  2588 27433 I GenericSource: kWhatPause
02-06 18:11:26.798  2588 27437 I NuPlayerRenderer: onPause
02-06 18:11:26.798 14118 26820 V MediaPlayerNative: message received msg=8, ext1=0, ext2=0
02-06 18:11:26.798  2588 27437 I MediaClock: setPlaybackRate rate : 0.000000
02-06 18:11:26.798  2588 27437 V AudioSink: pause
02-06 18:11:26.798  2588 27431 V MediaPlayerService: [266] notify (211, 0, 0)
02-06 18:11:26.798 14118 26820 V MediaPlayerNative: message received msg=211, ext1=0, ext2=0
02-06 18:11:26.800  3012  8461 I WindowManager:   Force finishing activity ActivityRecord{bbbed9e u0 com.netease.open.pocoservice/.TestActivity t3549}
02-06 18:11:26.800  3012  8461 I WindowManager: Add to removeList. it will finish after. ActivityRecord{bbbed9e u0 com.netease.open.pocoservice/.TestActivity t3549}
02-06 18:11:26.802  3012  8461 I ActivityTaskManager: Removing activity ActivityRecord{bbbed9e u0 com.netease.open.pocoservice/.TestActivity t3549 f}}(finish-imm:finishIfPossible hadNoApp)  from stack callers=com.android.server.wm.ActivityRecord.destroyImmediately:3521 com.android.server.wm.ActivityRecord.destroyIfPossible:3390 com.android.server.wm.ActivityRecord.completeFinishing:3349 com.android.server.wm.ActivityRecord.finishIfPossible:3224 com.android.server.wm.ActivityRecord.finishIfPossible:3053 
02-06 18:11:26.802 14118 14118 V MediaPlayer: resetDrmState:  mDrmInfo=null mDrmProvisioningThread=null mPrepareDrmInProgress=false mActiveDrmScheme=false
02-06 18:11:26.802 14118 14118 V MediaPlayer: cleanDrmObj: mDrmObj=null mDrmSessionId=null
02-06 18:11:26.802 14118 14118 V MediaPlayer-JNI: release
02-06 18:11:26.802 14118 14118 V MediaPlayerNative: setListener
02-06 18:11:26.802 14118 14118 V MediaPlayerNative: disconnect
02-06 18:11:26.802  2588  3027 V MediaPlayerService: disconnect(266) from pid 14118
02-06 18:11:26.802  2588  3027 D NuPlayerDriver: reset(0xf6f4ed80) at state 8
02-06 18:11:26.802  2588  3027 V NuPlayerDriver: updateMetrics(0xf6f4ed80) from reset at state 8
02-06 18:11:26.803  2588  3027 V NuPlayer: updateInternalTimers()
02-06 18:11:26.803  2588  3027 V NuPlayer: updatePlaybackTimer(snap)  time                    0 (updateInternalTimers)
02-06 18:11:26.803  2588  3027 V NuPlayer: updateRebufferingTimer(snap)  time                    0 (exiting 0)
02-06 18:11:26.803  2588  3027 V NuPlayerDriver: logMetrics(0xf6f4ed80) from reset at state 8
02-06 18:11:26.803  3012  8461 I SurfaceControl: nativeRelease nativeObject s[-5476376620519237952]
02-06 18:11:26.803  3012  8461 I SurfaceControl: nativeRelease nativeObject e[-5476376620519237952]
02-06 18:11:26.803  3012  8461 I SurfaceControl: nativeRelease nativeObject s[-5476376620519238272]
02-06 18:11:26.803  3012  8461 I SurfaceControl: nativeRelease nativeObject e[-5476376620519238272]
02-06 18:11:26.804  2588 27431 V NuPlayer: kWhatReset
02-06 18:11:26.804  2588 27431 V NuPlayer: setDecoderBooster enable = No
02-06 18:11:26.804  2588 27431 V NuPlayer: updatePlaybackTimer(stop)  time                    0 (kWhatReset)
02-06 18:11:26.804  2588 27431 V NuPlayer: updateRebufferingTimer(stop)  time                    0 (exiting 1)
02-06 18:11:26.804  2588 27431 V NuPlayer: performDecoderFlush audio=2, video=2
02-06 18:11:26.804  2588 27431 V NuPlayer: [audio] flushDecoder needShutdown=1
02-06 18:11:26.804  2588 27431 V NuPlayer: postponing action mFlushingAudio=2, mFlushingVideo=0
02-06 18:11:26.806   862  1520 I Layer   : id=109558 removeFromCurrentState Task=3549#0 (56)
02-06 18:11:26.806   862  1520 I Layer   : id=109559 removeFromCurrentState ActivityRecord{bbbed9e u0 com.netease.open.pocoservice/.TestActivity t3549}#0 (56)
02-06 18:11:26.806   862  1520 I Layer   : id=109559 removeFromCurrentState ActivityRecord{bbbed9e u0 com.netease.open.pocoservice/.TestActivity t3549}#0 (56)
02-06 18:11:26.807  3012  7309 V WindowManager: Relayout hash=96d13e0, pid=3435: mAttrs={(0,96)(wrapxwrap) gr=BOTTOM CENTER sim={adjust=pan} ty=TOAST fmt=TRANSLUCENT wanim=0x1030004
02-06 18:11:26.807  3012  7309 V WindowManager:   fl=1000098
02-06 18:11:26.807  3012  7309 V WindowManager:   pfl=12000000
02-06 18:11:26.807  3012  7309 V WindowManager:   fitTypes=STATUS_BARS NAVIGATION_BARS CAPTION_BAR
02-06 18:11:26.807  3012  7309 V WindowManager:   fitIgnoreVis naviIconColor=0}
02-06 18:11:26.808  3012  7309 I SurfaceControl: nativeRelease nativeObject s[-5476376620413490720]
02-06 18:11:26.808  3012  7309 I SurfaceControl: nativeRelease nativeObject e[-5476376620413490720]
02-06 18:11:26.808   862  2572 I SurfaceFlinger: id=109558 Removed Task=3549#0 (56)
02-06 18:11:26.808   862  2572 I SurfaceFlinger: id=109559 Removed ActivityRecord{bbbed9e u0 com.netease.open.pocoservice/.TestActivity t3549}#0 (56)
02-06 18:11:26.810  3012  8461 V ActivityManager: Changed top to 10584,ProcessRecord{7c67056 14118:com.kyowon.literacy.store/u0a584}
02-06 18:11:26.813  2588 27439 I NuPlayerRenderer: flush audio, notifyComplete 1, shutdown Yes
02-06 18:11:26.813  2588 27437 I NuPlayerRenderer: flushing audio
02-06 18:11:26.813  2588 27437 I NuPlayerRenderer: onFlush mAudioDrainGeneration : 2
02-06 18:11:26.813  3012  8461 D StorageManagerService: getExternalStorageMountMode: uid=10499 packageName=com.netease.open.pocoservice
02-06 18:11:26.813  2588 27437 V AudioSink: flush
02-06 18:11:26.813  2588 27437 V AudioSink: stop
02-06 18:11:26.814  2588 27431 V NuPlayer: renderer audio flush completed.
02-06 18:11:26.814  2588 27439 D NuPlayerRenderer: signalTimeDiscontinuity() mHasAudio = 0 , mHasVideo = 0
02-06 18:11:26.814  2588 27440 I CCodec  : state->set(FLUSHING)
02-06 18:11:26.814  2588 27440 I CCodec  : state->set(FLUSHED)
02-06 18:11:26.814  2588 27440 D CCodecBuffers: [c2.sec.mp3.decoder#643:1D-Output.Impl[N]] Client returned a buffer it does not own according to our record: 0
02-06 18:11:26.814  2588 27440 D CCodecBuffers: [c2.sec.mp3.decoder#643:1D-Output.Impl[N]] Client returned a buffer it does not own according to our record: 1
02-06 18:11:26.814  2588 27440 D CCodecBuffers: [c2.sec.mp3.decoder#643:1D-Output.Impl[N]] Client returned a buffer it does not own according to our record: 2
02-06 18:11:26.814  2588 27431 V NuPlayer: decoder audio flush completed
02-06 18:11:26.815  2588 27431 V NuPlayer: initiating audio decoder shutdown
02-06 18:11:26.815  2588 27440 I CCodec  : state->set(RELEASING)
02-06 18:11:26.817  2588 27459 I CCodec  : [c2.sec.mp3.decoder] release(1)
02-06 18:11:26.818 27297 27297 D AndroidRuntime: Shutting down VM
02-06 18:11:26.818  2588 27459 I CCodec  : state->set(RELEASED)
02-06 18:11:26.819  2588 27440 I MediaCodec: Codec shutdown complete
02-06 18:11:26.820  1093 15440 I hw-BpHwBinder: onLastStrongRef automatically unlinking death recipients
02-06 18:11:26.820  2588 27439 I NuPlayerDecoder: onShutdown notifyComplete : Yes
02-06 18:11:26.821  1093 15440 I C2SecMp3Dec: in DestroyCodec2Factory
02-06 18:11:26.821  2588 27431 V NuPlayer: audio shutdown completed
02-06 18:11:26.821  2584  2584 D Zygote  : Forked child process 27461
02-06 18:11:26.822  2588 27431 V NuPlayer: both audio and video are flushed now.
02-06 18:11:26.822  2588 27431 V NuPlayer: performReset
02-06 18:11:26.822  2588 27431 V NuPlayer: updatePlaybackTimer(stop)  time                    0 (performReset)
02-06 18:11:26.822  2588 27431 V NuPlayer: updateRebufferingTimer(stop)  time                    0 (exiting 1)
02-06 18:11:26.822  2588 27459 I hw-BpHwBinder: onLastStrongRef automatically unlinking death recipients
02-06 18:11:26.822  2589  2631 E Netd    : getNetworkForDns: getNetId from enterpriseCtrl is netid 0
02-06 18:11:26.823  2588 27431 D NuPlayerDriver: notifyResetComplete(0xf6f4ed80)
02-06 18:11:26.824  2588  3027 V NuPlayerDriver: ~NuPlayerDriver(0xf6f4ed80)
02-06 18:11:26.824  3012  3059 W Looper  : Slow dispatch took 769ms android.ui h=com.android.server.am.ActivityManagerService$UiHandler c=null m=31
02-06 18:11:26.824  2588  3027 V NuPlayerDriver: updateMetrics(0xf6f4ed80) from destructor at state 0
02-06 18:11:26.824  2588  3027 V NuPlayer: updateInternalTimers()
02-06 18:11:26.824  2588  3027 V NuPlayer: updatePlaybackTimer(snap)  time                    0 (updateInternalTimers)
02-06 18:11:26.824  2588  3027 V NuPlayer: updateRebufferingTimer(snap)  time                    0 (exiting 0)
02-06 18:11:26.824  2588  3027 V NuPlayerDriver: logMetrics(0xf6f4ed80) from destructor at state 0
02-06 18:11:26.824  2588  3027 V NuPlayerDriver: nothing to record (only 3 fields)
02-06 18:11:26.824  2588  3027 W AMessage: failed to post message as target looper for handler 0 is gone.
02-06 18:11:26.825  2586 20491 V APM_AudioPolicyManager: setAppState(portId:387, state:2)
02-06 18:11:26.825  3012  3624 I ActivityManager: Force stopping com.netease.open.pocoservice appid=10499 user=0: start instr
02-06 18:11:26.825  3012  3624 I ActivityManager: Killing 0:com.netease.open.pocoservice/u0a499 (adj -10000): stop com.netease.open.pocoservice due to start instr
02-06 18:11:26.825 14118 14118 V MediaPlayerNative: destructor
02-06 18:11:26.826  3012  3624 D ActivityManager: proc ProcessRecord{f7b7d0f 0:com.netease.open.pocoservice/u0a499} already removed. so we skip next process.
02-06 18:11:26.826  2588 28402 V MediaPlayerService: Client(266) destructor pid = 14118
02-06 18:11:26.826  2588 28402 V AudioSink: +++ close
02-06 18:11:26.826  2588 28402 V AudioSink: --- close
02-06 18:11:26.826  3012  3624 W ActivityManager: Crash of app com.netease.open.pocoservice running instrumentation ComponentInfo{com.netease.open.pocoservice/androidx.test.runner.AndroidJUnitRunner}
02-06 18:11:26.826 14118 14118 V MediaPlayerNative: disconnect
02-06 18:11:26.827  2588 28402 E AudioSystem: invalid attributes { Content type: AUDIO_CONTENT_TYPE_UNKNOWN Usage: AUDIO_USAGE_UNKNOWN Source: -1 Flags: 0x800 Tags:  } when converting to stream
02-06 18:11:26.827  2587  8053 I CameraService: UidPolicy: No processes running for a uid=10499 disabled=0
02-06 18:11:26.827  2588 28402 V MediaPlayerService: disconnect(266) from pid 14118
02-06 18:11:26.827  2587  8053 I CameraService: UidPolicy: No processes running for a uid=10499 disabled=0
02-06 18:11:26.828  3012  3082 W ActivityManager: Slow operation: 71ms so far, now at startProcess: returned from zygote!
02-06 18:11:26.828  3012  3624 I ActivityManager: Force stopping com.netease.open.pocoservice appid=10499 user=0: finished inst
02-06 18:11:26.829  2589  2631 E Netd    : getNetworkForDns: getNetId from enterpriseCtrl is netid 0
02-06 18:11:26.830 27144 27144 D AndroidRuntime: Shutting down VM
02-06 18:11:26.830  3435  3435 I SurfaceControl: assignNativeObject: nativeObject = 0 Surface(name=null)/@0x74e273d / android.view.SurfaceControl.readFromParcel:1117 android.view.IWindowSession$Stub$Proxy.relayout:1820 android.view.ViewRootImpl.relayoutWindow:9005 android.view.ViewRootImpl.performTraversals:3360 android.view.ViewRootImpl.doTraversal:2618 android.view.ViewRootImpl$TraversalRunnable.run:9971 android.view.Choreographer$CallbackRecord.run:1010 android.view.Choreographer.doCallbacks:809 android.view.Choreographer.doFrame:744 android.view.Choreographer$FrameDisplayEventReceiver.run:995 
02-06 18:11:26.830  8119  9164 I FASProvider: makeValuesForFasUpdate contentValues = package_name=com.google.android.gm extras=0 reason=deleted_from_mars_auto disableReason=added_from_mars_auto uid=10187 mode=0 level=1 resetTime=0
02-06 18:11:26.833  3435  3435 I ViewRootImpl@4035ce7[Toast]: Relayout returned: old=(0,36,2000,1128) new=(843,973,1156,1032) req=(313,59)0 dur=61 res=0x7 s={true -5476376620284293120} ch=true fn=-1
02-06 18:11:26.834  7990  7990 E adbd    : failed to connect to socket 'tcp:10080': Connection refused
02-06 18:11:26.847  3012  7166 D MARsPolicyManager: onPackageResumedFG pkgName = com.kyowon.literacy.store, userId = 0
02-06 18:11:26.847  3012  7166 I SemDvfsHyPerManager: acquire hyper - AMS_ACT_RESUME/3012@35, type = -999
02-06 18:11:26.847  3012  7166 D ActivityManagerPerformance: AMP_acquire() ACT_RESUME
02-06 18:11:26.848  2594  2614 I HYPER-HAL: [RequestManager.cpp]acquire(): Acquired ID : 4643663  [3012 / 35]    HINT : AMS_ACT_RESUME    list : 
02-06 18:11:26.848  3012  7166 V WindowManager: Prepare app transition: transit=TRANSIT_ACTIVITY_OPEN mNextAppTransition=TRANSIT_TASK_OPEN alwaysKeepCurrent=false displayId=0 Callers=com.android.server.wm.DisplayContent.prepareAppTransition:5809 com.android.server.wm.DisplayContent.prepareAppTransition:5803 com.android.server.wm.ActivityStack.resumeTopActivityInnerLocked:2255 com.android.server.wm.ActivityStack.resumeTopActivityUncheckedLocked:1873 com.android.server.wm.RootWindowContainer.resumeFocusedStacksTopActivities:2677 
02-06 18:11:26.850  3012  7166 V WindowManager: rotationForOrientation(orient=SCREEN_ORIENTATION_LANDSCAPE (0), last=ROTATION_90 (1)); user=ROTATION_0 (0) 
02-06 18:11:26.850  3012  7166 D WindowManager: rotationForOrientation, orientationSource=ActivityRecord{5b5ea2d u0 com.kyowon.literacy.store/com.kyowon.literacy.ui.login.activity.LoginActivity t3538}
02-06 18:11:26.850  3012  7166 V WindowOrientationListener: getProposedRotation: 1
02-06 18:11:26.852  3012  7166 V WindowManager: Computed rotation=ROTATION_90 (1) for display id=0 based on lastOrientation=SCREEN_ORIENTATION_LANDSCAPE (0) and oldRotation=ROTATION_90 (1), caller=com.android.server.wm.DisplayRotation.updateOrientation:394 com.android.server.wm.DisplayContent.updateOrientation:1698 com.android.server.wm.DisplayContent.updateOrientation:1626 com.android.server.wm.RootWindowContainer.ensureVisibilityAndConfig:2164 com.android.server.wm.ActivityStack.resumeTopActivityInnerLocked:2340 com.android.server.wm.ActivityStack.resumeTopActivityUncheckedLocked:1873 
02-06 18:11:26.852  2594  2614 I HYPER-HAL: [ResourceManager.cpp]updateResource(): [CPUMinFreq] UpdateResource Request ID : 4643663    Value : 1401600
02-06 18:11:26.852  3012  7166 D TspStateManager: updateCustomValue customSetting=
02-06 18:11:26.853  3012  7166 D TspStateManager: updateCustomValue customSetting=
02-06 18:11:26.856  3012  7166 D MARsPolicyManager: onPackageResumedFG pkgName = com.kyowon.literacy.store, userId = 0
02-06 18:11:26.857   862   862 I Layer   : id=109558[1] Destroyed Task=3549#0
02-06 18:11:26.857   862   862 I Layer   : id=109559[1] Destroyed ActivityRecord{bbbed9e u0 com.netease.open.pocoservice/.TestActivity t3549}#0
02-06 18:11:26.857  3012  7166 W WindowManager: Execute app transition: mNextAppTransition=TRANSIT_TASK_OPEN, displayId: 0 Callers=com.android.server.wm.RootWindowContainer.executeAppTransitionForAllDisplay:2598 com.android.server.wm.ActivityStackSupervisor.reportResumedActivityLocked:2267 com.android.server.wm.ActivityRecord.completeResumeLocked:5710 com.android.server.wm.ActivityStack.resumeTopActivityInnerLocked:2434 com.android.server.wm.ActivityStack.resumeTopActivityUncheckedLocked:1873 
02-06 18:11:26.861 20284 20322 D CCodecBufferChannel: [c2.android.opus.encoder#378] DEBUG: elapsed: n=4 [in=0 pipeline=0 out=0 smoothness=4]
02-06 18:11:26.861 20284 20322 D PipelineWatcher: DEBUG: elapsed 1 / 4
02-06 18:11:26.863 27461 27461 I pen.pocoservic: Late-enabling -Xcheck:jni
02-06 18:11:26.872  3012  7166 D ActivityTaskManager: finishFixedRotationTransform, r=ActivityRecord{5b5ea2d u0 com.kyowon.literacy.store/com.kyowon.literacy.ui.login.activity.LoginActivity t3538}, caller=com.android.server.wm.WindowToken.finishFixedRotationTransform:664 com.android.server.wm.DisplayContent$FixedRotationTransitionListener.onAppTransitionFinishedLocked:7026 com.android.server.wm.AppTransition.notifyAppTransitionFinishedLocked:543 com.android.server.wm.DisplayContent.handleAnimatingStoppedAndTransition:5836 com.android.server.wm.RootWindowContainer.checkAppTransitionReady:1264 
02-06 18:11:26.877 27421 27421 D AndroidRuntime: >>>>>> START com.android.internal.os.RuntimeInit uid 2000 <<<<<<
02-06 18:11:26.887 14118 14118 W MediaPlayer: mediaplayer went away with unhandled events
02-06 18:11:26.887 14118 14118 W MediaPlayer: mediaplayer went away with unhandled events
02-06 18:11:26.887 14118 14118 I ViewRootImpl@5d930a5[LoginActivity]: stopped(false) old=false
02-06 18:11:26.888  3012  3624 D StorageManagerService: getExternalStorageMountMode: uid=10499 packageName=com.netease.open.pocoservice
02-06 18:11:26.889 14118 14118 V MediaPlayer-JNI: native_setup
02-06 18:11:26.889 14118 14118 V MediaPlayerNative: constructor
02-06 18:11:26.890 14118 14118 V MediaPlayerNative: setListener
02-06 18:11:26.893  3012  3059 W Looper  : Slow delivery took 686ms android.ui h=com.android.server.am.ActivityManagerService$UiHandler c=null m=53
02-06 18:11:26.895 14118 14118 V MediaPlayer-JNI: setVolume: left 1.000000  right 1.000000
02-06 18:11:26.896 14118 14118 V MediaPlayerNative: MediaPlayer::setVolume(1.000000, 1.000000)
02-06 18:11:26.896 14118 14118 V MediaPlayer-JNI: setAuxEffectSendLevel: level 0.000000
02-06 18:11:26.896 14118 14118 V MediaPlayerNative: MediaPlayer::setAuxEffectSendLevel(0.000000)
02-06 18:11:26.896 14118 14118 V MediaPlayer-JNI: setParameter: key 1400
02-06 18:11:26.896 14118 14118 V MediaPlayerNative: MediaPlayer::setParameter(1400)
02-06 18:11:26.896 14118 14118 V MediaPlayer-JNI: set_session_id(): 8273
02-06 18:11:26.896 14118 14118 V MediaPlayerNative: MediaPlayer::setAudioSessionId(8273)
02-06 18:11:26.896 14118 14118 V MediaPlayer-JNI: setDataSourceFD: fd 80
02-06 18:11:26.896 14118 14118 V MediaPlayerNative: setDataSource(80, 80149264, 611808)
02-06 18:11:26.896  2588 28402 V MediaPlayerService: Create new client(267) from pid 14118, uid 10584, 
02-06 18:11:26.897  2588 15318 V MediaPlayerService: setDataSource fd=8, offset=80149264, length=611808
02-06 18:11:26.897  2588 15318 V MediaPlayerService: st_dev  = 66352
02-06 18:11:26.897  2588 15318 V MediaPlayerService: st_mode = 33188
02-06 18:11:26.897  2588 15318 V MediaPlayerService: st_uid  = 1000
02-06 18:11:26.897  2588 15318 V MediaPlayerService: st_gid  = 1000
02-06 18:11:26.897  2588 15318 V MediaPlayerService: st_size = 93400764
02-06 18:11:26.897  2588 15318 V MediaPlayerService: player type = 4
02-06 18:11:26.897  2588 15318 D NuPlayerDriver: NuPlayerDriver(0xf6f4fec0) created, clientPid(14118)
02-06 18:11:26.900  3012  3082 W ActivityManager: ProcessRecord{3001d99 0:com.netease.open.pocoservice/u0a499} start not valid, killing pid=27461, killedByAm=true;No entry in mProcessNames;pendingStart=false;
02-06 18:11:26.901  3012  3082 I libprocessgroup: Successfully killed process cgroup uid 10499 pid 0 in 0ms
02-06 18:11:26.901  3012  3082 W ActivityManager: Slow operation: 89ms so far, now at startProcess: asking zygote to start proc
02-06 18:11:26.901  2586 20491 V APM_AudioPolicyManager: setAppState(portId:387, state:2)
02-06 18:11:26.905  2588 15318 V AudioSink: AudioOutput(8273)
02-06 18:11:26.905  2588 15318 V NuPlayerDriver: setDataSource(0xf6f4fec0) file(8)
02-06 18:11:26.906  2588 15318 V NuPlayer: setDataSourceAsync fd 8/80149264/611808 source: 0xf6f9bf80
02-06 18:11:26.907 27297 27297 W app_process: Suspending all threads took: 6.998ms
02-06 18:11:26.908  2586 20491 V APM_AudioPolicyManager: setAppState(portId:387, state:2)
02-06 18:11:26.908  2586  3947 V APM_AudioPolicyManager: setAppState(portId:387, state:2)
02-06 18:11:26.910  3012  3012 W Looper  : Slow dispatch took 816ms main h=com.android.server.job.JobSchedulerService$JobHandler c=null m=1
02-06 18:11:26.911  3012  3012 W Looper  : Slow delivery took 783ms main h=android.media.AudioManager$ServiceEventHandlerDelegate$1 c=null m=2
02-06 18:11:26.911  2587  4390 I CameraService: UidPolicy: No processes running for a uid=10499 disabled=0
02-06 18:11:26.912  3012  3012 D SehCodecSolutionService: handleMessage : 900
02-06 18:11:26.912  3012  3012 D SehCodecSolutionService: event : ADEC
02-06 18:11:26.912  3012  3012 D CodecSolution_Logging: dma : true, feature: ADEC, extra: SEC_SW_MP3, value: -1
02-06 18:11:26.912  3012  3012 D CodecSolution_Logging: insert diagmon log
02-06 18:11:26.912  3012  3012 D CodecSolution_Logging: permission granted
02-06 18:11:26.913  3012  3012 W ContextImpl: Calling a method in the system process without a qualified user: android.app.ContextImpl.sendBroadcast:1162 vendor.samsung.frameworks.codecsolution.Logging.insertDiagmonLog:78 vendor.samsung.frameworks.codecsolution.Logging.insertLog:54 vendor.samsung.frameworks.codecsolution.Logging.insertLog:46 vendor.samsung.frameworks.codecsolution.SehCodecSolutionService$1.handleMessage:307 
02-06 18:11:26.913  2586 20376 D DlbDap2Process: setParam(preg = #1[-2080])
02-06 18:11:26.915  3012  3934 D WindowManager: finishDrawingWindow: Window{96d13e0 u0 Toast} mDrawState=DRAW_PENDING
02-06 18:11:26.915  2586  2703 I HiddenSound: unregisterSession : session=8249
02-06 18:11:26.916  2586  2703 I AudioPolicyEffectException: clearEffectReference_l after clear size 0
02-06 18:11:26.916  3435  3435 I ViewRootImpl@4035ce7[Toast]: MSG_RESIZED_REPORT: frame=(843,973,1156,1032) ci=(0,0,0,0) vi=(0,0,0,0) or=2
02-06 18:11:26.917  2583 23140 W MySpaceEffect: MySpaceEffect_setEnabled() MySpace is already disabled
02-06 18:11:26.917  2583 23140 D MySpaceEffect: EffectRelease : All effects are no longer instantiated
02-06 18:11:26.917  2583 23140 D MySpace : MySpace::Close 
02-06 18:11:26.917  2583 23140 D MySpaceEffect: MySpaceEffect::~MySpaceEffect 
02-06 18:11:26.917  3012  3062 I WindowManager: Reparenting to leash, surface=Surface(name=96d13e0 Toast)/@0x7939bd2, leashParent=Surface(name=WindowToken{6532c89 android.os.Binder@22afb90})/@0x9bf84a3
02-06 18:11:26.917  2583 23140 D MySpace : MySpace::~MySpace() -
02-06 18:11:26.917  3012  7309 I system_server: oneway function results will be dropped but finished with status OK and parcel size 4
02-06 18:11:26.918  2586  2703 V APM_AudioPolicyManager: stopOutput portId 804
02-06 18:11:26.918  2586  2703 V APM_AudioPolicyManager: stopOutput() output 53, stream 3, session 8249
02-06 18:11:26.918  2586  2703 V APM_AudioPolicyManager: setBeaconMute(1) mBeaconMuteRefCount=0 mBeaconPlayingRefCount=0
02-06 18:11:26.919  2586  2703 V APM_AudioPolicyManager: getNewOutputDevices selected devices AUDIO_DEVICE_NONE
02-06 18:11:26.919  2586  2703 V APM_AudioPolicyManager: setOutputDevices device AUDIO_DEVICE_NONE delayMs 170
02-06 18:11:26.919  2586  2703 V APM_AudioPolicyManager: setOutputDevices() prevDevice {type:0x8000,@:0}
02-06 18:11:26.920  2586  2703 V APM_AudioPolicyManager: setOutputDevices setting same device AUDIO_DEVICE_NONE or null device, force=0, patch handle=392
02-06 18:11:26.921  2586  2703 W APM::AudioPolicyEngine: getDevicesForStrategy() unknown strategy: -1
02-06 18:11:26.921  2586  2703 W APM::AudioPolicyEngine: getDevicesForStrategy() unknown strategy: -1
02-06 18:11:26.922  2586  2703 V APM_AudioPolicyManager: selectOutputForMusicEffects selected output 53
02-06 18:11:26.922  2586  2703 V APM_AudioPolicyManager: releaseOutput portId 804
02-06 18:11:26.922  2586  2703 V APM_AudioPolicyManager: releaseOutput() 53
02-06 18:11:26.924   862  2572 I SurfaceFlinger: id=109561 createSurf (0x0),-1 flag=24004, Surface(name=96d13e0 Toast)/@0x7939bd2 - animation-leash#0
02-06 18:11:26.926  3012  3062 D WindowManager: makeSurface duration=9 leash=Surface(name=Surface(name=96d13e0 Toast)/@0x7939bd2 - animation-leash)/@0xa0753a0
02-06 18:11:26.935  2588 27472 V NuPlayer: kWhatSetAudioSink
02-06 18:11:26.935  2588 27472 V NuPlayer: kWhatSetDataSource
02-06 18:11:26.936 14118 14118 V MediaPlayerNative: setVideoSurfaceTexture
02-06 18:11:26.936  2588 15318 V MediaPlayerService: [267] setVideoSurfaceTexture(0x0)
02-06 18:11:26.936 14118 14118 V MediaPlayerNative: prepare
02-06 18:11:26.936  3012  3934 V WindowManager: Relayout Window{96d13e0 u0 Toast}: viewVisibility=0 req=313x59
02-06 18:11:26.936  2588 28402 V MediaPlayerService: [267] setParameter(1400)
02-06 18:11:26.936  2588 28402 V MediaPlayerService: setAudioAttributes_l() usage=0 content=0 flags=0x800 tags=
02-06 18:11:26.938  2588 28402 E AudioSystem: invalid attributes { Content type: AUDIO_CONTENT_TYPE_UNKNOWN Usage: AUDIO_USAGE_UNKNOWN Source: -1 Flags: 0x800 Tags:  } when converting to stream
02-06 18:11:26.938  2588  3027 V MediaPlayerService: [267] prepareAsync
02-06 18:11:26.938  2588  3027 V NuPlayerDriver: prepareAsync(0xf6f4fec0)
02-06 18:11:26.938  2588  3027 V NuPlayer: prepareAsync
02-06 18:11:26.941  3012  3934 V WindowManager: Relayout hash=96d13e0, pid=3435: mAttrs={(0,96)(wrapxwrap) gr=BOTTOM CENTER sim={adjust=pan} ty=TOAST fmt=TRANSLUCENT wanim=0x1030004
02-06 18:11:26.941  3012  3934 V WindowManager:   fl=1000098
02-06 18:11:26.941  3012  3934 V WindowManager:   pfl=12000000
02-06 18:11:26.941  3012  3934 V WindowManager:   fitTypes=STATUS_BARS NAVIGATION_BARS CAPTION_BAR
02-06 18:11:26.941  3012  3934 V WindowManager:   fitIgnoreVis naviIconColor=0}
02-06 18:11:26.941  3012  3934 I SurfaceControl: nativeRelease nativeObject s[-5476376620519234912]
02-06 18:11:26.941  3012  3934 I SurfaceControl: nativeRelease nativeObject e[-5476376620519234912]
02-06 18:11:26.943  3435  3435 I SurfaceControl: nativeRelease nativeObject s[-5476376618310533248]
02-06 18:11:26.943  3435  3435 I SurfaceControl: nativeRelease nativeObject e[-5476376618310533248]
02-06 18:11:26.943  2588 27472 V NuPlayer: onMessageReceived kWhatPrepare
02-06 18:11:26.943  2588 27472 I MediaMonitor: MediaMonitor()
02-06 18:11:26.944  3435  3435 I SurfaceControl: assignNativeObject: nativeObject = 0 Surface(name=null)/@0x74e273d / android.view.SurfaceControl.readFromParcel:1117 android.view.IWindowSession$Stub$Proxy.relayout:1820 android.view.ViewRootImpl.relayoutWindow:9005 android.view.ViewRootImpl.performTraversals:3360 android.view.ViewRootImpl.doTraversal:2618 android.view.ViewRootImpl$TraversalRunnable.run:9971 android.view.Choreographer$CallbackRecord.run:1010 android.view.Choreographer.doCallbacks:809 android.view.Choreographer.doFrame:744 android.view.Choreographer$FrameDisplayEventReceiver.run:995 
02-06 18:11:26.946  1061  1061 I DrmManagerService(Native): value of perm = 2
02-06 18:11:26.946  1061  1061 E SEC_DRM_PLUGIN_Omafl: OmaPlugin::onOpenDecryptSession(fd)::Drm2IsDrmFileByExtFd::file is NOT DRM by extension
02-06 18:11:26.947  3435  3435 I ViewRootImpl@4035ce7[Toast]: Relayout returned: old=(843,973,1156,1032) new=(843,973,1156,1032) req=(313,59)0 dur=17 res=0x1 s={true -5476376620284293120} ch=false fn=2
02-06 18:11:26.948  3012  3012 W Looper  : Drained
02-06 18:11:26.955  2588 27478 D GenericSource: FileSource remote
02-06 18:11:26.958 27421 27421 I AndroidRuntime: Using default boot image
02-06 18:11:26.958 27421 27421 I AndroidRuntime: Leaving lock profiling enabled
02-06 18:11:26.959 27421 27421 D SecNativeFeatureCppIf: encoded
02-06 18:11:26.959 27421 27421 D SecNativeFeatureCppIf: decoding and unzip finish
02-06 18:11:26.959 27421 27421 D SecNativeFeatureCppIf: use unCompDataBuff. encoded
02-06 18:11:26.959  1076  9967 I MediaExtractorFactory: Created an extractor 'SECMP3Extractor' with confidence 0.21
02-06 18:11:26.960 27421 27421 D SecNativeFeatureCppIf: Free unCompDataBuff
02-06 18:11:26.960 27421 27421 D SecNativeFeatureCppIf: encoded
02-06 18:11:26.960 27421 27421 D SecNativeFeatureCppIf: decoding and unzip finish
02-06 18:11:26.960 27421 27421 D SecNativeFeatureCppIf: use unCompDataBuff. encoded
02-06 18:11:26.961 27421 27421 D SecNativeFeatureCppIf: Free unCompDataBuff
02-06 18:11:26.961 27421 27421 D AndroidRuntime: addProductProperty: pBrand1 is not null
02-06 18:11:26.961 27421 27421 D AndroidRuntime: addProductProperty: not brand or 7
02-06 18:11:26.975  3012  3934 D WindowManager: finishDrawingWindow: Window{96d13e0 u0 Toast} mDrawState=HAS_DRAWN
02-06 18:11:26.975  8094  8094 W ContextImpl: Calling a method in the system process without a qualified user: android.app.ContextImpl.startService:1739 android.content.ContextWrapper.startService:738 android.content.ContextWrapper.startService:738 com.sec.android.diagmonagent.sa.receiver.CFLogReceiver.sendCFLog:26 com.sec.android.diagmonagent.sa.receiver.CFLogReceiver.onReceive:18 
02-06 18:11:26.978 27404 27404 D AndroidRuntime: >>>>>> START com.android.internal.os.RuntimeInit uid 2000 <<<<<<
02-06 18:11:26.986  2588 27478 I AnotherPacketSource: setFormat() audio
02-06 18:11:26.987  2588 27472 V NuPlayer: onSourceNotify() kWhatFlagsChanged  FLAG_CAN_PAUSE: 1  FLAG_CAN_SEEK_BACKWARD: 1 
02-06 18:11:26.987  2588 27472 V NuPlayer: 				 FLAG_CAN_SEEK_FORWARD: 1  FLAG_CAN_SEEK: 1  FLAG_DYNAMIC_DURATION: 0 
02-06 18:11:26.987  2588 27472 V NuPlayer: 				 FLAG_SECURE: 0  FLAG_PROTECTED: 0
02-06 18:11:26.987  2588 27472 V NuPlayer: prepare posted successfully.
02-06 18:11:26.987  2588 27472 I NuPlayer: ORmode enabled : unsupportedAudio = 0, unsupportedVideo = 0, mHaveAudioTrack = 1, mHaveVideoTrack = 0
02-06 18:11:26.987  2588 27472 V MediaPlayerService: [267] notify (200, 10973, 0)
02-06 18:11:26.987  2588 27478 V NuPlayer: Source::notifyPrepared 0
02-06 18:11:26.987  2588 27472 V NuPlayer: NuPlayer::onSourceNotify Source::kWhatPrepared source: 0xf6f9bf80
02-06 18:11:26.987 14118 26819 V MediaPlayerNative: message received msg=200, ext1=10973, ext2=0
02-06 18:11:26.988 14118 26819 W MediaPlayerNative: info/warning (10973, 0)
02-06 18:11:26.988  2588 27472 V NuPlayer: extractMetadata Tracks : 1
02-06 18:11:26.994  3012  3059 W Looper  : Drained
02-06 18:11:26.998  2586 20491 V APM_AudioPolicyManager: setAppState(portId:387, state:2)
02-06 18:11:26.998  2586  3947 V APM_AudioPolicyManager: setAppState(portId:387, state:2)
02-06 18:11:27.008  3012  7166 I system_server: oneway function results will be dropped but finished with status OK and parcel size 4
02-06 18:11:27.011  3012  7166 I system_server: oneway function results will be dropped but finished with status OK and parcel size 4
02-06 18:11:27.014  2588 27472 V NuPlayer: enableInbandTextFromExtr
02-06 18:11:27.014  2588 27472 V NuPlayerDriver: notifyPrepareCompleted 0
02-06 18:11:27.014  2588 27472 V MediaPlayerService: [267] notify (1, 0, 0)
02-06 18:11:27.014 14118 26819 V MediaPlayerNative: message received msg=1, ext1=0, ext2=0
02-06 18:11:27.015 14118 26819 V MediaPlayerNative: MediaPlayer::notify() prepared
02-06 18:11:27.015 14118 26819 V MediaPlayerNative: signal application thread
02-06 18:11:27.015 14118 14118 V MediaPlayerNative: prepare complete - status=0
02-06 18:11:27.015  3012  7166 I system_server: oneway function results will be dropped but finished with status OK and parcel size 4
02-06 18:11:27.024 27404 27404 I AndroidRuntime: Using default boot image
02-06 18:11:27.024 27404 27404 I AndroidRuntime: Leaving lock profiling enabled
02-06 18:11:27.031 27404 27404 D SecNativeFeatureCppIf: encoded
02-06 18:11:27.032 27404 27404 D SecNativeFeatureCppIf: decoding and unzip finish
02-06 18:11:27.032 27404 27404 D SecNativeFeatureCppIf: use unCompDataBuff. encoded
02-06 18:11:27.033 27404 27404 D SecNativeFeatureCppIf: Free unCompDataBuff
02-06 18:11:27.039 27404 27404 D SecNativeFeatureCppIf: encoded
02-06 18:11:27.039 27404 27404 D SecNativeFeatureCppIf: decoding and unzip finish
02-06 18:11:27.039 27404 27404 D SecNativeFeatureCppIf: use unCompDataBuff. encoded
02-06 18:11:27.041 27404 27404 D SecNativeFeatureCppIf: Free unCompDataBuff
02-06 18:11:27.041 27404 27404 D AndroidRuntime: addProductProperty: pBrand1 is not null
02-06 18:11:27.041 27404 27404 D AndroidRuntime: addProductProperty: not brand or 7
02-06 18:11:27.044  4438  3289 I Auth    : (REDACTED) [GetToken] GetToken failed for app=%s with userRecoverable status: %s 
02-06 18:11:27.045  4438  3289 W Auth    : [GetTokenOperation] exception while trying to fetch auth tokens for app=com.google.android.gms [CONTEXT service_id=343 ]
02-06 18:11:27.045  4438  3289 W Auth    : adms: GetToken failed with status code and recovery intent: BadAuthentication
02-06 18:11:27.045  4438  3289 W Auth    : 	at admx.b(:com.google.android.gms@260235022@26.02.35 (150400-862924022):338)
02-06 18:11:27.045  4438  3289 W Auth    : 	at adca.a(:com.google.android.gms@260235022@26.02.35 (150400-862924022):328)
02-06 18:11:27.045  4438  3289 W Auth    : 	at acxg.f(:com.google.android.gms@260235022@26.02.35 (150400-862924022):24)
02-06 18:11:27.045  4438  3289 W Auth    : 	at cmku.fC(:com.google.android.gms@260235022@26.02.35 (150400-862924022):1)
02-06 18:11:27.045  4438  3289 W Auth    : 	at cmky.run(:com.google.android.gms@260235022@26.02.35 (150400-862924022):118)
02-06 18:11:27.045  4438  3289 W Auth    : 	at fjeu.run(:com.google.android.gms@260235022@26.02.35 (150400-862924022):19)
02-06 18:11:27.045  4438  3289 W Auth    : 	at bcbg.c(:com.google.android.gms@260235022@26.02.35 (150400-862924022):50)
02-06 18:11:27.045  4438  3289 W Auth    : 	at bcbg.run(:com.google.android.gms@260235022@26.02.35 (150400-862924022):73)
02-06 18:11:27.045  4438  3289 W Auth    : 	at java.util.concurrent.ThreadPoolExecutor.runWorker(ThreadPoolExecutor.java:1167)
02-06 18:11:27.045  4438  3289 W Auth    : 	at java.util.concurrent.ThreadPoolExecutor$Worker.run(ThreadPoolExecutor.java:641)
02-06 18:11:27.045  4438  3289 W Auth    : 	at bcgx.run(:com.google.android.gms@260235022@26.02.35 (150400-862924022):8)
02-06 18:11:27.045  4438  3289 W Auth    : 	at java.lang.Thread.run(Thread.java:923)
02-06 18:11:27.045  3012  3061 D GameManagerService: notePauseComponent(), received paused-component: com.kyowon.literacy.store
02-06 18:11:27.046  4438 24457 I CCTUploader: Failed to get auth token due to class com.google.android.gms.auth.UserRecoverableAuthException
02-06 18:11:27.075  2584  2584 D Zygote  : Forked child process 27487
02-06 18:11:27.076  2584  2584 I Zygote  : Process 27461 exited due to signal 9 (Killed)
02-06 18:11:27.078  3012  3082 W ActivityManager: Slow operation: 266ms so far, now at startProcess: returned from zygote!
02-06 18:11:27.093 27487 27487 I pen.pocoservic: Late-enabling -Xcheck:jni
02-06 18:11:27.100   862   862 D SurfaceFlinger: Display 19260469778534273 HWC layers:
02-06 18:11:27.100   862   862 D SurfaceFlinger:      DEVICE | 0xb400007ac04d1f60 | 0002 | RGBA_8888    |    0.0    0.0 1200.0 2000.0 |    0    0 1200 2000 | com.kyowon.literacy.store/com.kyowon[...]ogin.activity.LoginActivity$_14118#0
02-06 18:11:27.100   862   862 D SurfaceFlinger:      CLIENT | 0xb400007ac04cef40 | 0000 | RGBA_8888    |    0.0    0.0   59.0  313.0 |  168  843  227 1156 | Toast$_3435#0
02-06 18:11:27.100   862   862 D SurfaceFlinger:      CLIENT | 0xb400007ac04d0fa0 | 0008 | RGBA_8888    |    0.0    0.0 1200.0 2000.0 |    0    0 1200 2000 | $_3435#0
02-06 18:11:27.100   862   862 D SurfaceFlinger: 
02-06 18:11:27.099  3012  3061 D EnterpriseDeviceManagerService: isMdmAdminPresentInternal() : MDM Admin Found - com.sec.enterprise.knox.cloudmdm.smdms
02-06 18:11:27.102  3012  7310 W WindowManager: Cannot find window which accessibility connection is added to
02-06 18:11:27.104 14118 14118 V MediaPlayerNative: invoke 76
02-06 18:11:27.104  2588 15318 V NuPlayer: getTrackInfo
02-06 18:11:27.104  2588 27472 W NuPlayer: no name
02-06 18:11:27.104 14118 14118 V MediaPlayer-JNI: setLooping: 1
02-06 18:11:27.104 14118 14118 V MediaPlayerNative: MediaPlayer::setLooping
02-06 18:11:27.105  2588 28402 V MediaPlayerService: [267] setLooping(1)
02-06 18:11:27.105 14118 14118 V MediaPlayer-JNI: setVolume: left 0.800000  right 0.800000
02-06 18:11:27.105 14118 14118 V MediaPlayerNative: MediaPlayer::setVolume(0.800000, 0.800000)
02-06 18:11:27.105  2588 28402 V MediaPlayerService: [267] setVolume(0.800000, 0.800000)
02-06 18:11:27.105  2588 28402 V AudioSink: setVolume(0.800000, 0.800000)
02-06 18:11:27.105 14118 14118 V MediaPlayer-JNI: start
02-06 18:11:27.105 14118 14118 V MediaPlayerNative: start
02-06 18:11:27.105  2588 28402 V MediaPlayerService: [267] setLooping(1)
02-06 18:11:27.106  2588 28402 V MediaPlayerService: [267] setVolume(0.800000, 0.800000)
02-06 18:11:27.106  2588 28402 V AudioSink: setVolume(0.800000, 0.800000)
02-06 18:11:27.106  2588 28402 V MediaPlayerService: [267] setAuxEffectSendLevel(0.000000)
02-06 18:11:27.106  2588 28402 V AudioSink: setAuxEffectSendLevel(0.000000)
02-06 18:11:27.106  3012  3012 D AudioPlayerStateMonitor: Found a new active media playback. AudioPlaybackConfiguration piid:2455 type:android.media.MediaPlayer u/pid:10584/14118 state:started attr:AudioAttributes: usage=USAGE_UNKNOWN content=CONTENT_TYPE_UNKNOWN flags=0x800 tags= bundle=null
02-06 18:11:27.106  2588 28402 V MediaPlayerService: [267] start
02-06 18:11:27.106  2588 28402 V NuPlayerDriver: start(0xf6f4fec0), state is 4, eos is 0
02-06 18:11:27.106  2588 27472 V NuPlayer: kWhatStart
02-06 18:11:27.106  2588 27472 V NuPlayer: onStart: mCrypto: 0x0 (0)
02-06 18:11:27.106  2588 27472 I GenericSource: start
02-06 18:11:27.106  3012  3012 D MediaSessionService: Audio playback is changed, config=AudioPlaybackConfiguration piid:2455 type:android.media.MediaPlayer u/pid:10584/14118 state:started attr:AudioAttributes: usage=USAGE_UNKNOWN content=CONTENT_TYPE_UNKNOWN flags=0x800 tags= bundle=null, removed=false
02-06 18:11:27.106  2588 27472 V NuPlayer: checkOffloadExceptions is true, call canOffloadStream
02-06 18:11:27.106  2586  3947 V APM_AudioPolicyManager: isOffloadSupported: SR=48000, CM=0x3, Format=0x1000000, StreamType=3, BitRate=320000, duration=20616000 us, has_video=0
02-06 18:11:27.107  2586  3947 V APM_AudioPolicyManager: Offload denied by duration < default min(=40)
02-06 18:11:27.107  2588 27472 I MediaClock: setPlaybackRate rate : 1.000000
02-06 18:11:27.107  3012  3012 D MediaSessionStack: updateMediaButtonSessionIfNeeded, callers=com.android.server.media.MediaSessionService.lambda$onStart$0$MediaSessionService:214 com.android.server.media.-$$Lambda$MediaSessionService$za_9dlUSlnaiZw6eCdPVEZq0XLw.onAudioPlayerActiveStateChanged:2 
02-06 18:11:27.107  3012  3012 D MediaSessionStack: updateMediaButtonSessionIfNeeded, skipping uid=10584
02-06 18:11:27.107  3012  3012 D MediaSessionStack: updateMediaButtonSessionIfNeeded, skipping uid=10099
02-06 18:11:27.110  3012  7310 V WindowManager: Relayout Window{7bf8cb3 u0 com.kyowon.literacy.store/com.kyowon.literacy.ui.login.activity.LoginActivity}: viewVisibility=0 req=2000x1200
02-06 18:11:27.113  3012  7310 V WindowManager: Relayout hash=7bf8cb3, pid=14118: mAttrs={(0,0)(fillxfill) sim={state=hidden adjust=pan forwardNavigation} ty=BASE_APPLICATION wanim=0x1030304
02-06 18:11:27.113  3012  7310 V WindowManager:   fl=81810580
02-06 18:11:27.113  3012  7310 V WindowManager:   pfl=1a020000
02-06 18:11:27.113  3012  7310 V WindowManager:   apr=LIGHT_NAVIGATION_BARS
02-06 18:11:27.113  3012  7310 V WindowManager:   bhv=SHOW_TRANSIENT_BARS_BY_SWIPE
02-06 18:11:27.113  3012  7310 V WindowManager:   fitSides= naviIconColor=0
02-06 18:11:27.113  3012  7310 V WindowManager:   sfl=100000}
02-06 18:11:27.114  3012  7310 I SurfaceControl: nativeRelease nativeObject s[-5476376620415584032]
02-06 18:11:27.114  3012  7310 I SurfaceControl: nativeRelease nativeObject e[-5476376620415584032]
02-06 18:11:27.115 14118 14118 I SurfaceControl: nativeRelease nativeObject s[-5476376618312515072]
02-06 18:11:27.115 14118 14118 I SurfaceControl: nativeRelease nativeObject e[-5476376618312515072]
02-06 18:11:27.117 14118 14118 I SurfaceControl: assignNativeObject: nativeObject = 0 Surface(name=null)/@0x46e5501 / android.view.SurfaceControl.readFromParcel:1117 android.view.IWindowSession$Stub$Proxy.relayout:1820 android.view.ViewRootImpl.relayoutWindow:9005 android.view.ViewRootImpl.performTraversals:3360 android.view.ViewRootImpl.doTraversal:2618 android.view.ViewRootImpl$TraversalRunnable.run:9971 android.view.Choreographer$CallbackRecord.run:1010 android.view.Choreographer.doCallbacks:809 android.view.Choreographer.doFrame:744 android.view.Choreographer$FrameDisplayEventReceiver.run:995 
02-06 18:11:27.118 14118 14118 I SurfaceControl: nativeRelease nativeObject s[-5476376618312508032]
02-06 18:11:27.118 14118 14118 I SurfaceControl: nativeRelease nativeObject e[-5476376618312508032]
02-06 18:11:27.118 14118 14118 I SurfaceControl: nativeRelease nativeObject s[-5476376618312514912]
02-06 18:11:27.118 14118 14118 I SurfaceControl: nativeRelease nativeObject e[-5476376618312514912]
02-06 18:11:27.118 14118 14118 I SurfaceControl: nativeRelease nativeObject s[-5476376619841152192]
02-06 18:11:27.118 14118 14118 I SurfaceControl: nativeRelease nativeObject e[-5476376619841152192]
02-06 18:11:27.118 14118 14118 I ViewRootImpl@5d930a5[LoginActivity]: Relayout returned: old=(0,0,2000,1200) new=(0,0,2000,1200) req=(2000,1200)0 dur=8 res=0x1 s={true -5476376618214567936} ch=false fn=34
02-06 18:11:27.118  3012  3081 I SemDvfsHyPerManager: acquire hyper - APP_LAUNCH/3012@19, type = -999
02-06 18:11:27.122  2594  2614 I HYPER-HAL: [RequestManager.cpp]acquire(): Acquired ID : 4595015  [3012 / 19]    HINT : APP_LAUNCH    list : 
02-06 18:11:27.123  2594  2614 I HYPER-HAL: [ResourceManager.cpp]updateResource(): [CPULittleMinFreq] UpdateResource Request ID : 4595015    Value : 1804800
02-06 18:11:27.125 14118 14118 V MediaPlayerNative: invoke 76
02-06 18:11:27.125  2588 28402 V NuPlayer: getTrackInfo
02-06 18:11:27.129  3012  3624 I ActivityTaskManager: START u0 {flg=0x10000000 cmp=com.netease.open.pocoservice/.TestActivity} from uid 2000
02-06 18:11:27.131  2594  2614 E HYPER-HAL: [HandlerSysfs.cpp]doResourceHandling(): Couldn't Open Sysfs - /sys/class/scsi_host/host0/../../../clkscale_enable
02-06 18:11:27.132  3012  3624 D ActivityTaskManager: TaskLaunchParamsModifier:task=null activity=ActivityRecord{fd69d82 u0 com.netease.open.pocoservice/.TestActivity task-display-area=DefaultTaskDisplayArea@168164836 display-area-windowing-mode=1
02-06 18:11:27.132  2594  2614 I HYPER-HAL: [ResourceManager.cpp]updateResource(): [CPUMinFreq] UpdateResource Request ID : 4595015    Value : 2016000
02-06 18:11:27.134  3012  3624 D ActivityTaskManager: TaskLaunchParamsModifier:task=null activity=ActivityRecord{fd69d82 u0 com.netease.open.pocoservice/.TestActivity t-1} task-display-area=DefaultTaskDisplayArea@168164836 display-area-windowing-mode=1 non-freeform-display maximized-bounds
02-06 18:11:27.137   862   925 I SurfaceFlinger: id=109562 createSurf (0x0),-1 flag=24004, Task=3550#0
02-06 18:11:27.140  2588 27496 I NuPlayerRenderer: onConfigPlayback
02-06 18:11:27.140  2588 27496 I MediaClock: setPlaybackRate rate : 1.000000
02-06 18:11:27.140  2588 27496 I MediaClock: setSpeedAjust mSASpeed (0), mMinClockModificationTimeUs (80000)
02-06 18:11:27.140  2588 27472 I NuPlayerRenderer: setLooping (1)
02-06 18:11:27.140  2588 27472 I NuPlayerRenderer: setDuration (20616000)
02-06 18:11:27.140  2588 27472 V NuPlayer: startPlaybackTimer() time      800434146784030 (onstart)
02-06 18:11:27.140  2588 27472 W NuPlayer: no name
02-06 18:11:27.140  2588 27472 V NuPlayer: scanning sources haveAudio=0, haveVideo=0
02-06 18:11:27.140  2588 27472 V NuPlayer: checkOffloadExceptions is true, call canOffloadStream
02-06 18:11:27.140  2586  3947 V APM_AudioPolicyManager: isOffloadSupported: SR=48000, CM=0x3, Format=0x1000000, StreamType=3, BitRate=320000, duration=20616000 us, has_video=0
02-06 18:11:27.140  2586  3947 V APM_AudioPolicyManager: Offload denied by duration < default min(=40)
02-06 18:11:27.141  2588 27472 V NuPlayer: make Decoder (audio)
02-06 18:11:27.141  2588 27472 V NuPlayer: instantiateDecoder audio Decoder
02-06 18:11:27.141  2588 27496 I NuPlayerRenderer: kWhatSetRefRate - refRate(1.000000)
02-06 18:11:27.151  3012  3624 D ActivityTaskManager: TaskLaunchParamsModifier:task=Task{6eadc93 #3550 visible=false type=standard mode=fullscreen translucent=true A=10499:com.netease.open.pocoservice U=0 StackId=3550 sz=0} activity=ActivityRecord{fd69d82 u0 com.netease.open.pocoservice/.TestActivity t-1} display-from-task=0 task-display-area=DefaultTaskDisplayArea@168164836 display-area-windowing-mode=1 non-freeform-display maximized-bounds
02-06 18:11:27.152   862   925 I SurfaceFlinger: id=109563 createSurf (0x0),-1 flag=80004, ActivityRecord{fd69d82 u0 com.netease.open.pocoservice/.TestActivity t3550}#0
02-06 18:11:27.156  2588 27499 I CCodec  : state->set(ALLOCATING)
02-06 18:11:27.156  2588 27499 I CCodec  : allocate(c2.sec.mp3.decoder)
02-06 18:11:27.160  2588 27499 I CCodec  : setting up 'default' as default (vendor) store
02-06 18:11:27.162  1093  1608 I C2SecMp3Dec: in CreateCodec2Factory
02-06 18:11:27.162  1093  1608 I SEC_componentStore: GetCodec2SecComponentStore+++++++++++++
02-06 18:11:27.162  1093  1608 I SEC_componentStore: GetCodec2SecComponentStore--------------default
02-06 18:11:27.165  3012  3624 V WindowManager: Prepare app transition: transit=TRANSIT_TASK_OPEN mNextAppTransition=TRANSIT_UNSET alwaysKeepCurrent=false displayId=0 Callers=com.android.server.wm.DisplayContent.prepareAppTransition:5809 com.android.server.wm.DisplayContent.prepareAppTransition:5803 com.android.server.wm.ActivityStack.startActivityLocked:2595 com.android.server.wm.ActivityStarter.startActivityInner:2674 com.android.server.wm.ActivityStarter.startActivityUnchecked:2205 
