02-06 18:13:02.447  2594  2614 I HYPER-HAL: [ResourceManager.cpp]updateResource(): [CPULittleMinFreq] UpdateResource Request ID : 4598048    Value : 1804800
02-06 18:13:02.448  3012  4289 D ActivityManagerPerformance: AMP_acquire() APP_SWITCH
02-06 18:13:02.450  2594  2614 I HYPER-HAL: [ResourceManager.cpp]updateResource(): [CPUMinFreq] UpdateResource Request ID : 4598048    Value : 2016000
02-06 18:13:02.451   862  1519 I SurfaceFlinger: id=109876 createSurf (0x0),-1 flag=24004, Task=3645#0
02-06 18:13:02.453  3012  3932 D ActivityTaskManager: TaskLaunchParamsModifier:task=Task{8ff2712 #3645 visible=false type=standard mode=fullscreen translucent=true A=10499:com.netease.open.pocoservice U=0 StackId=3645 sz=0} activity=ActivityRecord{a01969d u0 com.netease.open.pocoservice/.TestActivity t-1} display-from-task=0 task-display-area=DefaultTaskDisplayArea@168164836 display-area-windowing-mode=1 non-freeform-display maximized-bounds
02-06 18:13:02.454   862  1519 I SurfaceFlinger: id=109877 createSurf (0x0),-1 flag=80004, ActivityRecord{a01969d u0 com.netease.open.pocoservice/.TestActivity t3645}#0
02-06 18:13:02.457  3012  3932 V WindowManager: Prepare app transition: transit=TRANSIT_TASK_OPEN mNextAppTransition=TRANSIT_UNSET alwaysKeepCurrent=false displayId=0 Callers=com.android.server.wm.DisplayContent.prepareAppTransition:5809 com.android.server.wm.DisplayContent.prepareAppTransition:5803 com.android.server.wm.ActivityStack.startActivityLocked:2595 com.android.server.wm.ActivityStarter.startActivityInner:2674 com.android.server.wm.ActivityStarter.startActivityUnchecked:2205 
02-06 18:13:02.461  3012  3932 I SemDvfsHyPerManager: acquire hyper - AMS_APP_LAUNCH/3012@23, type = -999
02-06 18:13:02.461  2594  2614 I HYPER-HAL: [RequestManager.cpp]acquire(): Acquired ID : 4607153  [3012 / 23]    HINT : AMS_APP_LAUNCH    list : 
02-06 18:13:02.461  2594  2614 I HYPER-HAL: [ResourceManager.cpp]updateResource(): [CPULittleMinFreq] UpdateResource Request ID : 4607153    Value : 1804800
02-06 18:13:02.461  2594  2614 E HYPER-HAL: [HandlerSysfs.cpp]doResourceHandling(): Couldn't Open Sysfs - /sys/class/scsi_host/host0/../../../clkscale_enable
02-06 18:13:02.462  2594  2614 I HYPER-HAL: [ResourceManager.cpp]updateResource(): [CPUMinFreq] UpdateResource Request ID : 4607153    Value : 2016000
02-06 18:13:02.463  3905  3905 I DragController: endDrag
02-06 18:13:02.464  3905  3905 I SPayUpdater: updateSpayHandler launcher activity is paused false
02-06 18:13:02.465  3012  7150 D MARsPolicyManager: onPackageResumedFG pkgName = com.netease.open.pocoservice, userId = 0
02-06 18:13:02.466  3012  7150 V WindowManager: Prepare app transition: transit=TRANSIT_TASK_OPEN mNextAppTransition=TRANSIT_TASK_OPEN alwaysKeepCurrent=false displayId=0 Callers=com.android.server.wm.DisplayContent.prepareAppTransition:5809 com.android.server.wm.DisplayContent.prepareAppTransition:5803 com.android.server.wm.ActivityStack.resumeTopActivityInnerLocked:2255 com.android.server.wm.ActivityStack.resumeTopActivityUncheckedLocked:1873 com.android.server.wm.RootWindowContainer.resumeFocusedStacksTopActivities:2677 
02-06 18:13:02.466  3012  7150 V WindowManager: rotationForOrientation(orient=SCREEN_ORIENTATION_UNSPECIFIED (-1), last=ROTATION_90 (1)); user=ROTATION_0 (0) 
02-06 18:13:02.466  3012  7150 D WindowManager: rotationForOrientation, orientationSource=ActivityRecord{2ef51a5 u0 com.sec.android.app.launcher/.activities.LauncherActivity t3331}
02-06 18:13:02.466  3012  7150 V WindowOrientationListener: getProposedRotation: 1
02-06 18:13:02.467  3012  7150 V WindowManager: Computed rotation=ROTATION_90 (1) for display id=0 based on lastOrientation=SCREEN_ORIENTATION_UNSPECIFIED (-1) and oldRotation=ROTATION_90 (1), caller=com.android.server.wm.DisplayRotation.updateOrientation:394 com.android.server.wm.DisplayContent.updateOrientation:1698 com.android.server.wm.DisplayContent.updateOrientation:1626 com.android.server.wm.RootWindowContainer.ensureVisibilityAndConfig:2164 com.android.server.wm.ActivityStackSupervisor.realStartActivityLocked:926 com.android.server.wm.ActivityStackSupervisor.startSpecificActivity:1241 
02-06 18:13:02.467  3012  7150 D TspStateManager: updateCustomValue customSetting=
02-06 18:13:02.467  3012  7150 D TspStateManager: updateCustomValue customSetting=
02-06 18:13:02.468  3012  7150 D PkgDataHelper: notifyAppCreate(), pkgName: com.netease.open.pocoservice, sendRet: true
02-06 18:13:02.469  3012  3220 D GameManagerService: onLooperPrepared(), msg: MSG_APP_CREATE, pkgName: com.netease.open.pocoservice
02-06 18:13:02.469  3012  7150 D InputDispatcher: Focused application set to (0): a01969d
02-06 18:13:02.470  3012  7150 V WindowManager: Changing focus from Window{eef1fa7 u0 com.sec.android.app.launcher/com.sec.android.app.launcher.activities.LauncherActivity} to null displayId=0 Callers=com.android.server.wm.RootWindowContainer.updateFocusedWindowLocked:566 com.android.server.wm.WindowManagerService.updateFocusedWindowLocked:6311 com.android.server.wm.DisplayContent.setFocusedApp:6776 com.android.server.wm.ActivityTaskManagerService.setResumedActivityUncheckLocked:6725 
02-06 18:13:02.470  3012  7150 D StatusBarManagerService: notifyRequestedSystemKey recent=false home=false
02-06 18:13:02.471  3012  7150 D GameManagerService: TaskStackListener.onTaskFocusChanged(), taskId=3645, focused=true
02-06 18:13:02.471  3012  3220 D GameManagerService: onLooperPrepared(), msg: MSG_TASK_FOCUSED, focusedComponent: ComponentInfo{com.netease.open.pocoservice/com.netease.open.pocoservice.TestActivity}
02-06 18:13:02.471  3012  3220 D GameManagerService: handleTaskFocused().
02-06 18:13:02.471  3012  3220 D GameManagerService: sendFocusOutConditionally() - mPrevNotiPackage: (unknown)
02-06 18:13:02.471  3012  3220 D GameManagerService:   handleTaskFocused(), pkgName: com.netease.open.pocoservice, clsName: com.netease.open.pocoservice.TestActivity, userID:0
02-06 18:13:02.471  3012  3220 D GameManagerService: handleResume().
02-06 18:13:02.471  3012  7150 D MARsPolicyManager: onPackageResumedFG pkgName = com.netease.open.pocoservice, userId = 0
02-06 18:13:02.471  3012  3220 D GameManagerService: sendFocusOutConditionally() - mPrevNotiPackage: (unknown)
02-06 18:13:02.471  3012  3220 D GameManagerService:   handleResume(). pkgName: com.netease.open.pocoservice, isTunableApp: null
02-06 18:13:02.471  3012  3220 D GameManagerService: notifyFocusInOut(). of pkg: com.netease.open.pocoservice, type: 4, isMinimized: false, isTunableApp: false
02-06 18:13:02.472  3012  3220 D GameManagerService:   notifyFocusInOut(). unexpected mPrevNotiType: -1
02-06 18:13:02.472  3012  3220 D GameManagerService:NetworkLimit: callRelease
02-06 18:13:02.472  3012  3220 D GM:SystemHelper: callReleaseBlock needReleaseBlock:false
02-06 18:13:02.472  4593  4600 I cmd     : oneway function results will be dropped but finished with status OK and parcel size 4
02-06 18:13:02.477  3012  4289 E libprocessgroup: Failed to write 'FROZEN' to /dev/freezer/olaf/freezer.state: No such file or directory
02-06 18:13:02.477  3012  4289 W libprocessgroup: Failed to apply DoSomethingOlaf task profile: No such file or directory
02-06 18:13:02.478  3012  7150 W WindowManager: Execute app transition: mNextAppTransition=TRANSIT_TASK_OPEN, displayId: 0 Callers=com.android.server.wm.RootWindowContainer.executeAppTransitionForAllDisplay:2598 com.android.server.wm.ActivityStackSupervisor.reportResumedActivityLocked:2267 com.android.server.wm.ActivityRecord.completeResumeLocked:5710 com.android.server.wm.ActivityStack.minimalResumeActivityLocked:1225 com.android.server.wm.ActivityStackSupervisor.realStartActivityLocked:1154 
02-06 18:13:02.481  4362  4362 I app_process: The ClassLoaderContext is a special shared library.
02-06 18:13:02.484 13536 13536 I Finsky  : [2] Memory trim requested to level 80
02-06 18:13:02.485  2586  9814 V APM_AudioPolicyManager: setAppState(portId:387, state:2)
02-06 18:13:02.485  3012  3222 V ActivityManager: Changed top to 10499,ProcessRecord{7aab96f 4563:com.netease.open.pocoservice/u0a499}
02-06 18:13:02.486 13536 13536 I Finsky  : [2] Flushing in-memory image cache
02-06 18:13:02.486  8119  8691 I FASProvider: makeValuesForFasUpdate contentValues = package_name=com.netease.open.pocoservice extras=0 reason=deleted_from_mars_auto disableReason=deleted_from_mars_auto uid=10499 mode=0 level=1 resetTime=0
02-06 18:13:02.488  3012  3932 V WindowManager: Relayout Window{eef1fa7 u0 com.sec.android.app.launcher/com.sec.android.app.launcher.activities.LauncherActivity}: viewVisibility=0 req=2000x1200
02-06 18:13:02.492   596   596 I io_stats: !@ 179,0 r 39092757 840506368 w 2874276 158310284 d 1703416 212515336 f 2289371 2727085 iot 20813490 0 th 51200 51200 40556 pt 3800 inp 2 0 800529.496
02-06 18:13:02.492 20284 20323 D BufferPoolAccessor2.0: bufferpool2 0xb40000728f1fba28 : 5(19200 size) total buffers - 4(15360 size) used buffers - 114530/114535 (recycle/alloc) - 164/229062 (fetch/transfer)
02-06 18:13:02.493  3012  3932 V WindowManager: Relayout hash=eef1fa7, pid=3905: mAttrs={(0,0)(fillxfill) sim={adjust=nothing} layoutInDisplayCutoutMode=shortEdges ty=BASE_APPLICATION fmt=TRANSPARENT wanim=0x10302f2
02-06 18:13:02.493  3012  3932 V WindowManager:   fl=81910100
02-06 18:13:02.493  3012  3932 V WindowManager:   pfl=16020000
02-06 18:13:02.493  3012  3932 V WindowManager:   vsysui=1700
02-06 18:13:02.493  3012  3932 V WindowManager:   apr=LIGHT_STATUS_BARS LIGHT_NAVIGATION_BARS
02-06 18:13:02.493  3012  3932 V WindowManager:   bhv=SHOW_TRANSIENT_BARS_BY_SWIPE
02-06 18:13:02.493  3012  3932 V WindowManager:   fitSides= naviIconColor=0}
02-06 18:13:02.493  3012  3932 I SurfaceControl: nativeRelease nativeObject s[-5476376622944714432]
02-06 18:13:02.493  3012  3932 I SurfaceControl: nativeRelease nativeObject e[-5476376622944714432]
02-06 18:13:02.494  3012  3061 I ActivityManager: Changes in 10499 4 to 2, 6 to 7 Caller=com.android.server.am.OomAdjuster.updateOomAdjLocked:399 com.android.server.am.OomAdjuster.updateOomAdjLocked:446 com.android.server.am.ActivityManagerService.updateOomAdjLocked:21491 com.android.server.am.ProcessRecord.updateProcessInfo:1618 com.android.server.am.ProcessRecord.onStartActivity:1650 com.android.server.wm.-$$Lambda$VY87MmFWaCLMkNa2qHGaPrThyrI.accept:27 com.android.internal.util.function.pooled.PooledLambdaImpl.doInvoke:324 
02-06 18:13:02.494  3012  3061 I AppOps  : updateUidProcState uid: 10499 procState: 2 capability:7
02-06 18:13:02.494  3905  3905 I SurfaceControl: nativeRelease nativeObject s[-5476376619840379808]
02-06 18:13:02.494  3905  3905 I SurfaceControl: nativeRelease nativeObject e[-5476376619840379808]
02-06 18:13:02.495  3905  3905 I SurfaceControl: assignNativeObject: nativeObject = 0 Surface(name=null)/@0x194b3cc / android.view.SurfaceControl.readFromParcel:1117 android.view.IWindowSession$Stub$Proxy.relayout:1820 android.view.ViewRootImpl.relayoutWindow:9005 android.view.ViewRootImpl.performTraversals:3360 android.view.ViewRootImpl.doTraversal:2618 android.view.ViewRootImpl$TraversalRunnable.run:9971 android.view.Choreographer$CallbackRecord.run:1010 android.view.Choreographer.doCallbacks:809 android.view.Choreographer.doFrame:744 android.view.Choreographer$FrameDisplayEventReceiver.run:995 
02-06 18:13:02.495  3012  3323 D PkgPredictorService: com.netease.open.pocoservice go to foreground!
02-06 18:13:02.496  3012  3323 E PkgPredictorService-Collector: record changed bt=1  wifi=1 screen=1
02-06 18:13:02.496  3012  3323 D PkgPredictorService: previous pkgs: com.netease.open.pocoservice,com.netease.open.pocoservice,com.netease.open.pocoservice running pkg: com.netease.open.pocoservice, uid: 0 is system: false
02-06 18:13:02.496  3905  3905 I SurfaceControl: nativeRelease nativeObject s[-5476376619840379648]
02-06 18:13:02.496  3905  3905 I SurfaceControl: nativeRelease nativeObject e[-5476376619840379648]
02-06 18:13:02.496  3905  3905 I SurfaceControl: nativeRelease nativeObject s[-5476376618258235488]
02-06 18:13:02.496  3905  3905 I SurfaceControl: nativeRelease nativeObject e[-5476376618258235488]
02-06 18:13:02.496  3905  3905 I ViewRootImpl@fca7672[LauncherActivity]: Relayout returned: old=(0,0,2000,1200) new=(0,0,2000,1200) req=(2000,1200)0 dur=12 res=0x1 s={true -5476376619836227584} ch=false fn=9
02-06 18:13:02.496  3012  3323 D PkgPredictorService-Collector: save record...
02-06 18:13:02.496  3012  3323 D PkgPredictorService-Collector:  (hour:18 day:6 previous:[com.netease.open.pocoservice, com.netease.open.pocoservice, com.netease.open.pocoservice] activityName:unknown running:com.netease.open.pocoservice userId:0 screenOrientation:1 wifi:1 bt:1 predictTime:21 apkVersion:1.0.0.68 consumeTime:-1 preloaded:false>)
02-06 18:13:02.496  3012  3323 D PkgPredictorService-NapPreloadController: User using: com.netease.open.pocoservice
02-06 18:13:02.496  3012  3323 I PkgPredictorService-NapClassifier: RF predict version:0
02-06 18:13:02.498  3012  3323 D PkgPredictorService-NapClassifier: Predict result: 86.0,2.0,0.0, - [0_&_com.kyowon.literacy.store, 0_&_kr.co.kyowon.launcher, 0_&_com.android.vending]
02-06 18:13:02.502  3012  3061 D GameManagerService: notePauseComponent(), received paused-component: com.sec.android.app.launcher
02-06 18:13:02.502  3012  3059 D SehCodecSolutionService: Update top [com.netease.open.pocoservice]
02-06 18:13:02.517  3738  3738 I IpcDispatcher<0>: handleMessage: EVENT_SEC_CHANNEL_PROXY_DEAD cookie = 11245 mSecChannelProxyCookie = 11245
02-06 18:13:02.518   542   542 I hwservicemanager: getTransport: Cannot find entry vendor.samsung.hardware.radio.channel@2.0::ISehChannel/imsd in either framework or device manifest.
02-06 18:13:02.519  3738  3738 E IpcDispatcher<0>: SecChannelProxy getService/setCallback: java.util.NoSuchElementException
02-06 18:13:02.529  4563  4563 W pen.pocoservic: Accessing hidden method Landroid/app/Instrumentation;->execStartActivity(Landroid/content/Context;Landroid/os/IBinder;Landroid/os/IBinder;Landroid/app/Activity;Landroid/content/Intent;ILandroid/os/Bundle;)Landroid/app/Instrumentation$ActivityResult; (greylist, linking, allowed)
02-06 18:13:02.530  4563  4563 W pen.pocoservic: Accessing hidden method Landroid/app/Instrumentation;->execStartActivity(Landroid/content/Context;Landroid/os/IBinder;Landroid/os/IBinder;Ljava/lang/String;Landroid/content/Intent;ILandroid/os/Bundle;)Landroid/app/Instrumentation$ActivityResult; (greylist, linking, allowed)
02-06 18:13:02.538  4563  4563 D LoadedApk: LoadedApk::makeApplication() appContext=android.app.ContextImpl@c24dd86 appContext.mOpPackageName=com.netease.open.pocoservice appContext.mBasePackageName=com.netease.open.pocoservice appContext.mPackageInfo=android.app.LoadedApk@2d55647
02-06 18:13:02.539  4563  4563 D NetworkSecurityConfig: No Network Security Config specified, using platform default
02-06 18:13:02.540  4295  4295 I AndroidRuntime: Using default boot image
02-06 18:13:02.540  4295  4295 I AndroidRuntime: Leaving lock profiling enabled
02-06 18:13:02.541  4295  4295 D SecNativeFeatureCppIf: encoded
02-06 18:13:02.541  4295  4295 D SecNativeFeatureCppIf: decoding and unzip finish
02-06 18:13:02.541  4295  4295 D SecNativeFeatureCppIf: use unCompDataBuff. encoded
02-06 18:13:02.542  4295  4295 D SecNativeFeatureCppIf: Free unCompDataBuff
02-06 18:13:02.542  4295  4295 D SecNativeFeatureCppIf: encoded
02-06 18:13:02.542  4295  4295 D SecNativeFeatureCppIf: decoding and unzip finish
02-06 18:13:02.542  4295  4295 D SecNativeFeatureCppIf: use unCompDataBuff. encoded
02-06 18:13:02.542  4295  4295 D SecNativeFeatureCppIf: Free unCompDataBuff
02-06 18:13:02.543  4295  4295 D AndroidRuntime: addProductProperty: pBrand1 is not null
02-06 18:13:02.543  4295  4295 D AndroidRuntime: addProductProperty: not brand or 7
02-06 18:13:02.587  3012  3081 I SemDvfsHyPerManager: acquire hyper - APP_LAUNCH/3012@19, type = -999
02-06 18:13:02.588  2594  2614 I HYPER-HAL: [RequestManager.cpp]acquire(): Acquired ID : 4595015  [3012 / 19]    HINT : APP_LAUNCH    list : 
02-06 18:13:02.588  2594  2614 I HYPER-HAL: [ResourceManager.cpp]updateResource(): [CPULittleMinFreq] UpdateResource Request ID : 4595015    Value : 1804800
02-06 18:13:02.589  2594  2614 E HYPER-HAL: [HandlerSysfs.cpp]doResourceHandling(): Couldn't Open Sysfs - /sys/class/scsi_host/host0/../../../clkscale_enable
02-06 18:13:02.590  2594  2614 I HYPER-HAL: [ResourceManager.cpp]updateResource(): [CPUMinFreq] UpdateResource Request ID : 4595015    Value : 2016000
02-06 18:13:02.590  4563  4563 D NetworkSecurityConfig: No Network Security Config specified, using platform default
02-06 18:13:02.590  4563  4563 I MonitoringInstr: newApplication called!
02-06 18:13:02.591  3012  3932 I ActivityTaskManager: START u0 {flg=0x10000000 cmp=com.netease.open.pocoservice/.TestActivity} from uid 2000
02-06 18:13:02.592  4563  4563 I MultiDex: VM with version 2.1.0 has multidex support
02-06 18:13:02.592  4563  4563 I MultiDex: Installing application
02-06 18:13:02.592  4563  4563 I MultiDex: VM has multidex support, MultiDex support library is disabled.
02-06 18:13:02.592  3012  3932 D ActivityTaskManager: TaskLaunchParamsModifier:task=null activity=ActivityRecord{65bdfa4 u0 com.netease.open.pocoservice/.TestActivity task-display-area=DefaultTaskDisplayArea@168164836 display-area-windowing-mode=1
02-06 18:13:02.592  3012  3932 D ActivityTaskManager: TaskLaunchParamsModifier:task=Task{8ff2712 #3645 visible=false type=standard mode=fullscreen translucent=true A=10499:com.netease.open.pocoservice U=0 StackId=3645 sz=1} activity=ActivityRecord{65bdfa4 u0 com.netease.open.pocoservice/.TestActivity t-1} display-from-task=0 task-display-area=DefaultTaskDisplayArea@168164836 display-area-windowing-mode=1 non-freeform-display maximized-bounds
02-06 18:13:02.594  3012  3932 W WindowManager: Execute app transition: mNextAppTransition=TRANSIT_TASK_OPEN, displayId: 0 Callers=com.android.server.wm.ActivityStack.executeAppTransition:4054 com.android.server.wm.ActivityStack.resumeTopActivityInnerLocked:1994 com.android.server.wm.ActivityStack.resumeTopActivityUncheckedLocked:1873 com.android.server.wm.RootWindowContainer.resumeFocusedStacksTopActivities:2677 com.android.server.wm.ActivityStarter.resumeTargetStackIfNeeded:3797 
02-06 18:13:02.594  3012  3932 W WindowManager: Execute app transition: mNextAppTransition=TRANSIT_TASK_OPEN, displayId: 0 Callers=com.android.server.wm.ActivityStack.executeAppTransition:4054 com.android.server.wm.ActivityStack.resumeTopActivityInnerLocked:1994 com.android.server.wm.ActivityStack.resumeTopActivityUncheckedLocked:1873 com.android.server.wm.RootWindowContainer.resumeFocusedStacksTopActivities:2731 com.android.server.wm.ActivityStarter.resumeTargetStackIfNeeded:3797 
02-06 18:13:02.599  3012  7153 I InputDispatcher: Focus left window (3905): eef1fa7 in display 0 0
02-06 18:13:02.602  3905  3905 I ViewRootImpl@fca7672[LauncherActivity]: MSG_WINDOW_FOCUS_CHANGED 0 1
02-06 18:13:02.626  4438 10754 E AuthPII : [RequestTokenManager] getToken() -> BAD_AUTHENTICATION. App: com.google.android.gms, Service: oauth2:https://www.googleapis.com/auth/cclog
02-06 18:13:02.626  4438 10754 E AuthPII : bauw: Long live credential not available.
02-06 18:13:02.626  4438 10754 E AuthPII : 	at admt.a(:com.google.android.gms@260235022@26.02.35 (150400-862924022):1351)
02-06 18:13:02.626  4438 10754 E AuthPII : 	at adna.b(:com.google.android.gms@260235022@26.02.35 (150400-862924022):26)
02-06 18:13:02.626  4438 10754 E AuthPII : 	at admy.a(:com.google.android.gms@260235022@26.02.35 (150400-862924022):764)
02-06 18:13:02.626  4438 10754 E AuthPII : 	at admx.b(:com.google.android.gms@260235022@26.02.35 (150400-862924022):142)
02-06 18:13:02.626  4438 10754 E AuthPII : 	at adca.a(:com.google.android.gms@260235022@26.02.35 (150400-862924022):328)
02-06 18:13:02.626  4438 10754 E AuthPII : 	at acxg.f(:com.google.android.gms@260235022@26.02.35 (150400-862924022):24)
02-06 18:13:02.626  4438 10754 E AuthPII : 	at cmku.fC(:com.google.android.gms@260235022@26.02.35 (150400-862924022):1)
02-06 18:13:02.626  4438 10754 E AuthPII : 	at cmky.run(:com.google.android.gms@260235022@26.02.35 (150400-862924022):118)
02-06 18:13:02.626  4438 10754 E AuthPII : 	at fjeu.run(:com.google.android.gms@260235022@26.02.35 (150400-862924022):19)
02-06 18:13:02.626  4438 10754 E AuthPII : 	at bcbg.c(:com.google.android.gms@260235022@26.02.35 (150400-862924022):50)
02-06 18:13:02.626  4438 10754 E AuthPII : 	at bcbg.run(:com.google.android.gms@260235022@26.02.35 (150400-862924022):73)
02-06 18:13:02.626  4438 10754 E AuthPII : 	at java.util.concurrent.ThreadPoolExecutor.runWorker(ThreadPoolExecutor.java:1167)
02-06 18:13:02.626  4438 10754 E AuthPII : 	at java.util.concurrent.ThreadPoolExecutor$Worker.run(ThreadPoolExecutor.java:641)
02-06 18:13:02.626  4438 10754 E AuthPII : 	at bcgx.run(:com.google.android.gms@260235022@26.02.35 (150400-862924022):8)
02-06 18:13:02.626  4438 10754 E AuthPII : 	at java.lang.Thread.run(Thread.java:923)
02-06 18:13:02.626  4438 10754 E AuthPII : Message is Long live credential not available.
02-06 18:13:02.626  4438 10754 E AuthPII : bauw: Long live credential not available.
02-06 18:13:02.626  4438 10754 E AuthPII : 	at admt.a(:com.google.android.gms@260235022@26.02.35 (150400-862924022):1351)
02-06 18:13:02.626  4438 10754 E AuthPII : 	at adna.b(:com.google.android.gms@260235022@26.02.35 (150400-862924022):26)
02-06 18:13:02.626  4438 10754 E AuthPII : 	at admy.a(:com.google.android.gms@260235022@26.02.35 (150400-862924022):764)
02-06 18:13:02.626  4438 10754 E AuthPII : 	at admx.b(:com.google.android.gms@260235022@26.02.35 (150400-862924022):142)
02-06 18:13:02.626  4438 10754 E AuthPII : 	at adca.a(:com.google.android.gms@260235022@26.02.35 (150400-862924022):328)
02-06 18:13:02.626  4438 10754 E AuthPII : 	at acxg.f(:com.google.android.gms@260235022@26.02.35 (150400-862924022):24)
02-06 18:13:02.626  4438 10754 E AuthPII : 	at cmku.fC(:com.google.android.gms@260235022@26.02.35 (150400-862924022):1)
02-06 18:13:02.626  4438 10754 E AuthPII : 	at cmky.run(:com.google.android.gms@260235022@26.02.35 (150400-862924022):118)
02-06 18:13:02.626  4438 10754 E AuthPII : 	at fjeu.run(:com.google.android.gms@260235022@26.02.35 (150400-862924022):19)
02-06 18:13:02.626  4438 10754 E AuthPII : 	at bcbg.c(:com.google.android.gms@260235022@26.02.35 (150400-862924022):50)
02-06 18:13:02.626  4438 10754 E AuthPII : 	at bcbg.run(:com.google.android.gms@260235022@26.02.35 (150400-862924022):73)
02-06 18:13:02.626  4438 10754 E AuthPII : 	at java.util.concurrent.ThreadPoolExecutor.runWorker(ThreadPoolExecutor.java:1167)
02-06 18:13:02.626  4438 10754 E AuthPII : 	at java.util.concurrent.ThreadPoolExecutor$Worker.run(ThreadPoolExecutor.java:641)
02-06 18:13:02.626  4438 10754 E AuthPII : 	at bcgx.run(:com.google.android.gms@260235022@26.02.35 (150400-862924022):8)
02-06 18:13:02.626  4438 10754 E AuthPII : 	at java.lang.Thread.run(Thread.java:923)
02-06 18:13:02.632  3012  3462 D MdnieScenarioControlService:  packageName : com.netease.open.pocoservice    className : com.netease.open.pocoservice.TestActivity
02-06 18:13:02.633  3012  3462 V MdnieScenarioControlService: setUIMode from UI function(3)
02-06 18:13:02.638  2589  2631 E Netd    : getNetworkForDns: getNetId from enterpriseCtrl is netid 0
02-06 18:13:02.642  2589  2631 E Netd    : getNetworkForDns: getNetId from enterpriseCtrl is netid 0
02-06 18:13:02.645  7990  7990 E adbd    : failed to connect to socket 'tcp:10080': Connection refused
02-06 18:13:02.669  3012  3061 D EnterpriseDeviceManagerService: isMdmAdminPresentInternal() : MDM Admin Found - com.sec.enterprise.knox.cloudmdm.smdms
02-06 18:13:02.705  3012  3061 D SemGameManager: getGMSBinder(), begin
02-06 18:13:02.714  3012  3061 D SemGameManager: getGMSBinder(), successful: true
02-06 18:13:02.714  3012  3061 D SemGameManager: isAvailable(), ret=true
02-06 18:13:02.714  3012  3061 D SemGameManager: isGamePackage(), pkgName=com.netease.open.pocoservice
02-06 18:13:02.714  3012  3061 D SemGameManager: getGMSBinder(), begin
02-06 18:13:02.716  3012  3061 D SemGameManager: getGMSBinder(), successful: true
02-06 18:13:02.716  3012  3061 D GameManagerService: identifyGamePackage. com.netease.open.pocoservice, mCurrentUserId: 0, callerUserId: 0
02-06 18:13:02.716  3012  3061 D PkgDataHelper: getGamePkgData(). com.netease.open.pocoservice
02-06 18:13:02.716  3012  3061 D SemGameManager: isGamePackage(), ret=false
02-06 18:13:02.717  3012  3061 D GameManagerService: noteResumeComponent(), received resumed-component: com.netease.open.pocoservice
02-06 18:13:02.717  3012  3061 I GameSDK@LifeCycle: noteResumeComponent(): package name  : com.netease.open.pocoservice
02-06 18:13:02.717  3012  3220 D GameManagerService: onLooperPrepared(), msg: MSG_APP_RESUME, resumeComponent: ComponentInfo{com.netease.open.pocoservice/com.netease.open.pocoservice.TestActivity}
02-06 18:13:02.717  3012  3220 D GameManagerService: handleResume().
02-06 18:13:02.717  3012  3220 D GameManagerService: sendFocusOutConditionally() - mPrevNotiPackage: (unknown)
02-06 18:13:02.717  3012  3220 D GameManagerService:   handleResume(). pkgName: com.netease.open.pocoservice, isTunableApp: null
02-06 18:13:02.718  3012  3220 D GameManagerService: notifyFocusInOut(). of pkg: com.netease.open.pocoservice, type: 4, isMinimized: false, isTunableApp: false
02-06 18:13:02.718  3012  3220 D GameManagerService:   notifyFocusInOut(). unexpected mPrevNotiType: -1
02-06 18:13:02.718  3012  3220 D GameManagerService:NetworkLimit: callRelease
02-06 18:13:02.718  3012  3220 D GM:SystemHelper: callReleaseBlock needReleaseBlock:false
02-06 18:13:02.724  3012  3059 W Looper  : Slow dispatch took 238ms android.ui h=com.android.server.am.ActivityManagerService$UiHandler c=null m=31
02-06 18:13:02.728  4563  4563 D ActivityThread: handleBindApplication() -- skipGraphicsSupport=false
02-06 18:13:02.728  4563  4563 I MonitoringInstr: Instrumentation started!
02-06 18:13:02.728  2586  9814 V APM_AudioPolicyManager: setAppState(portId:387, state:2)
02-06 18:13:02.728  3012  3059 W Looper  : Slow delivery took 230ms android.ui h=com.android.server.am.ActivityManagerService$UiHandler c=null m=53
02-06 18:13:02.731  8119  8691 I FASProvider: makeValuesForFasUpdate contentValues = package_name=com.netease.open.pocoservice extras=0 reason=deleted_from_mars_auto disableReason=deleted_from_mars_auto uid=10499 mode=0 level=1 resetTime=0
02-06 18:13:02.734  3012  3462 V MdnieScenarioControlService: mAclOffEnabled : false mAclPreviewState : false mAclCompensationState : false
02-06 18:13:02.734  3012  3932 D ActivityTaskManager: getRecentPairTasks() maxNum :3 from 10071
02-06 18:13:02.737  3012  3932 D RecentTaskItemController: getRecentPairTasksImpl() maxNum :3 from 10071
02-06 18:13:02.737 31505  4595 D LicenseClient: Request to licensing reporting service sent.
02-06 18:13:02.743  4563  4563 I AndroidJUnitRunner: onCreate Bundle[{class=com.netease.open.pocoservice.InstrumentedTestAsLauncher, debug=false}]
02-06 18:13:02.745  4563  4563 V TestEventClient: No service name argument was given (testDiscoveryService, testRunEventService or orchestratorService)
02-06 18:13:02.772  4563  4630 D AndroidJUnitRunner: onStart is called.
02-06 18:13:02.810  4563  4563 D AppCompatDelegate: Checking for metadata for AppLocalesMetadataHolderService : Service not found
02-06 18:13:02.813   862  1519 W DisplayIdentification: Invalid EDID: falling back to serial number due to missing display name.
02-06 18:13:02.813   862  1519 W DisplayIdentification: Invalid EDID: falling back to ASCII text due to missing serial number.
02-06 18:13:02.827  3012  7150 I GenerationRegistry: mBackingStore.isClosed() : false
02-06 18:13:02.835  4362  4362 E SemDvfsManager_JNI: SemDvfsManager: registerfunction enter
02-06 18:13:02.835  4362  4362 E SemAffinityControl: SemAffinityControl: registerfunction enter
02-06 18:13:02.838  4362  4362 W app_process: JNI RegisterNativeMethods: attempt to register 0 native methods for android.media.AudioAttributes
02-06 18:13:02.845  4563  4563 D LifecycleMonitor: Lifecycle status change: com.netease.open.pocoservice.TestActivity@be23a0d in: PRE_ON_CREATE
02-06 18:13:02.866  2583  2615 I r_submix: out_standby()
02-06 18:13:02.875  3012  3932 I system_server: oneway function results will be dropped but finished with status OK and parcel size 4
02-06 18:13:02.884  4563  4632 I AdrenoGLES-0: QUALCOMM build                   : 02e24b95a5, I0bf67f5349
02-06 18:13:02.884  4563  4632 I AdrenoGLES-0: Build Date                       : 11/06/20
02-06 18:13:02.884  4563  4632 I AdrenoGLES-0: OpenGL ES Shader Compiler Version: EV031.32.02.06
02-06 18:13:02.884  4563  4632 I AdrenoGLES-0: Local Branch                     : 
02-06 18:13:02.884  4563  4632 I AdrenoGLES-0: Remote Branch                    : 
02-06 18:13:02.884  4563  4632 I AdrenoGLES-0: Remote Branch                    : 
02-06 18:13:02.884  4563  4632 I AdrenoGLES-0: Reconstruct Branch               : 
02-06 18:13:02.884  4563  4632 I AdrenoGLES-0: Build Config                     : S P 10.0.7 AArch64
02-06 18:13:02.884  4563  4632 I AdrenoGLES-0: Driver Path                      : /vendor/lib64/egl/libGLESv2_adreno.so
02-06 18:13:02.886  3012  3081 I SemDvfsHyPerManager: acquire hyper - APP_LAUNCH/3012@19, type = -999
02-06 18:13:02.886  2594  2614 I HYPER-HAL: [RequestManager.cpp]acquire(): Acquired ID : 4595015  [3012 / 19]    HINT : APP_LAUNCH    list : 
02-06 18:13:02.886  2594  2614 I HYPER-HAL: [ResourceManager.cpp]updateResource(): [CPULittleMinFreq] UpdateResource Request ID : 4595015    Value : 1804800
02-06 18:13:02.887  3012  7150 I ActivityTaskManager: START u0 {flg=0x10000000 cmp=com.netease.open.pocoservice/.TestActivity} from uid 2000
02-06 18:13:02.888  3012  7150 D ActivityTaskManager: TaskLaunchParamsModifier:task=null activity=ActivityRecord{e9d5f40 u0 com.netease.open.pocoservice/.TestActivity task-display-area=DefaultTaskDisplayArea@168164836 display-area-windowing-mode=1
02-06 18:13:02.888  3012  7150 D ActivityTaskManager: TaskLaunchParamsModifier:task=Task{8ff2712 #3645 visible=false type=standard mode=fullscreen translucent=true A=10499:com.netease.open.pocoservice U=0 StackId=3645 sz=1} activity=ActivityRecord{e9d5f40 u0 com.netease.open.pocoservice/.TestActivity t-1} display-from-task=0 task-display-area=DefaultTaskDisplayArea@168164836 display-area-windowing-mode=1 non-freeform-display maximized-bounds
02-06 18:13:02.889  3012  7150 W WindowManager: Execute app transition: mNextAppTransition=TRANSIT_TASK_OPEN, displayId: 0 Callers=com.android.server.wm.ActivityStack.executeAppTransition:4054 com.android.server.wm.ActivityStack.resumeTopActivityInnerLocked:1994 com.android.server.wm.ActivityStack.resumeTopActivityUncheckedLocked:1873 com.android.server.wm.RootWindowContainer.resumeFocusedStacksTopActivities:2677 com.android.server.wm.ActivityStarter.resumeTargetStackIfNeeded:3797 
02-06 18:13:02.890  3012  7150 W WindowManager: Execute app transition: mNextAppTransition=TRANSIT_TASK_OPEN, displayId: 0 Callers=com.android.server.wm.ActivityStack.executeAppTransition:4054 com.android.server.wm.ActivityStack.resumeTopActivityInnerLocked:1994 com.android.server.wm.ActivityStack.resumeTopActivityUncheckedLocked:1873 com.android.server.wm.RootWindowContainer.resumeFocusedStacksTopActivities:2731 com.android.server.wm.ActivityStarter.resumeTargetStackIfNeeded:3797 
02-06 18:13:02.906  2594  2614 E HYPER-HAL: [HandlerSysfs.cpp]doResourceHandling(): Couldn't Open Sysfs - /sys/class/scsi_host/host0/../../../clkscale_enable
02-06 18:13:02.909  2594  2614 I HYPER-HAL: [ResourceManager.cpp]updateResource(): [CPUMinFreq] UpdateResource Request ID : 4595015    Value : 2016000
02-06 18:13:02.916  4563  4563 I DecorView: [INFO] isPopOver=false, config=true
02-06 18:13:02.916  4634  4636 I cmd     : oneway function results will be dropped but finished with status OK and parcel size 4
02-06 18:13:02.916  4563  4563 I DecorView: updateCaptionType >> DecorView@6119dc5[], isFloating=false, isApplication=true, hasWindowDecorCaption=false, hasWindowControllerCallback=true
02-06 18:13:02.916  4563  4563 D DecorView: setCaptionType = 0, this = DecorView@6119dc5[]
02-06 18:13:02.934  6144  6144 I wpa_supplicant: Heartbeat 30293
02-06 18:13:02.938  1093 13961 I OMX-VENC: venc_dev: stats: avg. fps 12.76, bitrate 504220
02-06 18:13:02.951  4563  4563 W pen.pocoservic: Accessing hidden method Landroid/view/View;->computeFitSystemWindows(Landroid/graphics/Rect;Landroid/graphics/Rect;)Z (greylist, reflection, allowed)
02-06 18:13:02.952  4563  4563 W pen.pocoservic: Accessing hidden method Landroid/view/ViewGroup;->makeOptionalFitsSystemWindows()V (greylist, reflection, allowed)
02-06 18:13:02.955  4362  4362 D AndroidRuntime: Calling main entry com.android.commands.am.Am
02-06 18:13:02.956  2589  2631 E Netd    : getNetworkForDns: getNetId from enterpriseCtrl is netid 0
02-06 18:13:02.960  2589  2631 E Netd    : getNetworkForDns: getNetId from enterpriseCtrl is netid 0
02-06 18:13:02.961  7990  7990 E adbd    : failed to connect to socket 'tcp:10080': Connection refused
02-06 18:13:02.967  3012  3059 W Looper  : Drained
02-06 18:13:02.969  4438 10754 I Auth    : (REDACTED) [GetToken] GetToken failed for app=%s with userRecoverable status: %s 
02-06 18:13:02.969  4438 10754 W Auth    : [GetTokenOperation] exception while trying to fetch auth tokens for app=com.google.android.gms [CONTEXT service_id=343 ]
02-06 18:13:02.969  4438 10754 W Auth    : adms: GetToken failed with status code and recovery intent: BadAuthentication
02-06 18:13:02.969  4438 10754 W Auth    : 	at admx.b(:com.google.android.gms@260235022@26.02.35 (150400-862924022):338)
02-06 18:13:02.969  4438 10754 W Auth    : 	at adca.a(:com.google.android.gms@260235022@26.02.35 (150400-862924022):328)
02-06 18:13:02.969  4438 10754 W Auth    : 	at acxg.f(:com.google.android.gms@260235022@26.02.35 (150400-862924022):24)
02-06 18:13:02.969  4438 10754 W Auth    : 	at cmku.fC(:com.google.android.gms@260235022@26.02.35 (150400-862924022):1)
02-06 18:13:02.969  4438 10754 W Auth    : 	at cmky.run(:com.google.android.gms@260235022@26.02.35 (150400-862924022):118)
02-06 18:13:02.969  4438 10754 W Auth    : 	at fjeu.run(:com.google.android.gms@260235022@26.02.35 (150400-862924022):19)
02-06 18:13:02.969  4438 10754 W Auth    : 	at bcbg.c(:com.google.android.gms@260235022@26.02.35 (150400-862924022):50)
02-06 18:13:02.969  4438 10754 W Auth    : 	at bcbg.run(:com.google.android.gms@260235022@26.02.35 (150400-862924022):73)
02-06 18:13:02.969  4438 10754 W Auth    : 	at java.util.concurrent.ThreadPoolExecutor.runWorker(ThreadPoolExecutor.java:1167)
02-06 18:13:02.969  4438 10754 W Auth    : 	at java.util.concurrent.ThreadPoolExecutor$Worker.run(ThreadPoolExecutor.java:641)
02-06 18:13:02.969  4438 10754 W Auth    : 	at bcgx.run(:com.google.android.gms@260235022@26.02.35 (150400-862924022):8)
02-06 18:13:02.969  4438 10754 W Auth    : 	at java.lang.Thread.run(Thread.java:923)
02-06 18:13:02.970  4438 24457 I CCTUploader: Failed to get auth token due to class com.google.android.gms.auth.UserRecoverableAuthException
02-06 18:13:02.975  4563  4563 D LifecycleMonitor: Lifecycle status change: com.netease.open.pocoservice.TestActivity@be23a0d in: CREATED
02-06 18:13:02.986  4563  4563 D LifecycleMonitor: Lifecycle status change: com.netease.open.pocoservice.TestActivity@be23a0d in: STARTED
02-06 18:13:02.992  3012  7153 I ActivityManager: Force stopping com.netease.open.pocoservice appid=10499 user=0: start instr
02-06 18:13:02.997  4563  4563 I PocoService: onResume
02-06 18:13:03.040  4563  4632 I AdrenoGLES-0: PFP: 0x016ee190, ME: 0x00000000
02-06 18:13:03.042  4537  4537 D AndroidRuntime: >>>>>> START com.android.internal.os.RuntimeInit uid 2000 <<<<<<
02-06 18:13:03.047  4537  4537 I AndroidRuntime: Using default boot image
02-06 18:13:03.047  4537  4537 I AndroidRuntime: Leaving lock profiling enabled
02-06 18:13:03.047  4537  4537 D SecNativeFeatureCppIf: encoded
02-06 18:13:03.047  4537  4537 D SecNativeFeatureCppIf: decoding and unzip finish
02-06 18:13:03.048  4537  4537 D SecNativeFeatureCppIf: use unCompDataBuff. encoded
02-06 18:13:03.049  4537  4537 D SecNativeFeatureCppIf: Free unCompDataBuff
02-06 18:13:03.049  4537  4537 D SecNativeFeatureCppIf: encoded
02-06 18:13:03.049  4537  4537 D SecNativeFeatureCppIf: decoding and unzip finish
02-06 18:13:03.049  4537  4537 D SecNativeFeatureCppIf: use unCompDataBuff. encoded
02-06 18:13:03.049  4537  4537 D SecNativeFeatureCppIf: Free unCompDataBuff
02-06 18:13:03.049  4537  4537 D AndroidRuntime: addProductProperty: pBrand1 is not null
02-06 18:13:03.049  4537  4537 D AndroidRuntime: addProductProperty: not brand or 7
02-06 18:13:03.115  3012  3932 I ActivityTaskManager: moveTaskToBack: Task{8ff2712 #3645 visible=false type=standard mode=fullscreen translucent=true A=10499:com.netease.open.pocoservice U=0 StackId=3645 sz=1}
02-06 18:13:03.119  3012  3932 V WindowManager: Prepare app transition: transit=TRANSIT_TASK_TO_BACK mNextAppTransition=TRANSIT_TASK_OPEN alwaysKeepCurrent=false displayId=0 Callers=com.android.server.wm.DisplayContent.prepareAppTransition:5809 com.android.server.wm.DisplayContent.prepareAppTransition:5803 com.android.server.wm.ActivityStack.moveTaskToBack:3202 com.android.server.wm.ActivityStack.moveTaskToBack:3133 com.android.server.wm.ActivityStack.moveTaskToBack:3126 
02-06 18:13:03.123  3012  3932 V WindowManager: Changing focus from null to Window{eef1fa7 u0 com.sec.android.app.launcher/com.sec.android.app.launcher.activities.LauncherActivity} displayId=0 Callers=com.android.server.wm.RootWindowContainer.updateFocusedWindowLocked:566 com.android.server.wm.WindowManagerService.updateFocusedWindowLocked:6311 com.android.server.wm.DisplayContent.layoutAndAssignWindowLayersIfNeeded:4201 com.android.server.wm.TaskDisplayArea.positionStackAt:1016 
02-06 18:13:03.124  3012  3932 D StatusBarManagerService: notifyRequestedSystemKey recent=false home=false
02-06 18:13:03.130  4508  4508 D AndroidRuntime: >>>>>> START com.android.internal.os.RuntimeInit uid 2000 <<<<<<
02-06 18:13:03.132  2588 12570 D BufferPoolAccessor2.0: bufferpool2 0xf6978298 : 0(0 size) total buffers - 0(0 size) used buffers - 44/52 (recycle/alloc) - 8/102 (fetch/transfer)
02-06 18:13:03.132  2588 12570 D BufferPoolAccessor2.0: evictor expired: 2, evicted: 1
02-06 18:13:03.133  3012  3932 D MARsPolicyManager: onPackageResumedFG pkgName = com.sec.android.app.launcher, userId = 0
02-06 18:13:03.133  3012  3932 V MARsPolicyManager: Current Home Package com.sec.android.app.launcher Resumed
02-06 18:13:03.133  3012  3932 I SemDvfsHyPerManager: acquire hyper - AMS_APP_HOME/3012@26, type = -999
02-06 18:13:03.134  2594  2614 I HYPER-HAL: [RequestManager.cpp]acquire(): Acquired ID : 4616267  [3012 / 26]    HINT : AMS_APP_HOME    list : 
02-06 18:13:03.134  1093  1586 D BufferPoolAccessor2.0: bufferpool2 0xf3f95fd8 : 0(0 size) total buffers - 0(0 size) used buffers - 47/51 (recycle/alloc) - 4/51 (fetch/transfer)
02-06 18:13:03.134  1093  1586 D BufferPoolAccessor2.0: evictor expired: 2, evicted: 1
02-06 18:13:03.134  2594  2614 I HYPER-HAL: [ResourceManager.cpp]updateResource(): [CPULittleMinFreq] UpdateResource Request ID : 4616267    Value : 1017600
02-06 18:13:03.134  3012  3932 D ActivityManagerPerformance: AMP_acquire() HOME
02-06 18:13:03.135  3012  3932 V WindowManager: Prepare app transition: transit=TRANSIT_ACTIVITY_OPEN mNextAppTransition=TRANSIT_TASK_OPEN alwaysKeepCurrent=false displayId=0 Callers=com.android.server.wm.DisplayContent.prepareAppTransition:5809 com.android.server.wm.DisplayContent.prepareAppTransition:5803 com.android.server.wm.ActivityStack.resumeTopActivityInnerLocked:2267 com.android.server.wm.ActivityStack.resumeTopActivityUncheckedLocked:1873 com.android.server.wm.ActivityRecord.makeActiveIfNeeded:5510 
02-06 18:13:03.136  3012  3932 D InputDispatcher: Focused application set to (0): 2ef51a5
02-06 18:13:03.137  3012  3932 D GameManagerService: TaskStackListener.onTaskFocusChanged(), taskId=3331, focused=true
02-06 18:13:03.138  3012  3220 D GameManagerService: onLooperPrepared(), msg: MSG_TASK_FOCUSED, focusedComponent: ComponentInfo{com.sec.android.app.launcher/com.sec.android.app.launcher.activities.LauncherActivity}
02-06 18:13:03.138  3012  3220 D GameManagerService: handleTaskFocused().
02-06 18:13:03.138  3012  3220 D GameManagerService: sendFocusOutConditionally() - mPrevNotiPackage: (unknown)
02-06 18:13:03.138  3012  3220 D GameManagerService:   handleTaskFocused(), pkgName: com.sec.android.app.launcher, clsName: com.sec.android.app.launcher.activities.LauncherActivity, userID:0
02-06 18:13:03.139  3012  3932 V WindowManager: rotationForOrientation(orient=SCREEN_ORIENTATION_UNSPECIFIED (-1), last=ROTATION_90 (1)); user=ROTATION_0 (0) 
02-06 18:13:03.139  3012  3932 D WindowManager: rotationForOrientation, orientationSource=ActivityRecord{2ef51a5 u0 com.sec.android.app.launcher/.activities.LauncherActivity t3331}
02-06 18:13:03.139  3012  3932 V WindowOrientationListener: getProposedRotation: 1
02-06 18:13:03.140  3012  3932 V WindowManager: Computed rotation=ROTATION_90 (1) for display id=0 based on lastOrientation=SCREEN_ORIENTATION_UNSPECIFIED (-1) and oldRotation=ROTATION_90 (1), caller=com.android.server.wm.DisplayRotation.updateOrientation:394 com.android.server.wm.DisplayContent.updateOrientation:1698 com.android.server.wm.DisplayContent.updateOrientation:1626 com.android.server.wm.RootWindowContainer.ensureVisibilityAndConfig:2164 com.android.server.wm.ActivityStack.resumeTopActivityInnerLocked:2340 com.android.server.wm.ActivityStack.resumeTopActivityUncheckedLocked:1873 
02-06 18:13:03.141  4508  4508 I AndroidRuntime: Using default boot image
02-06 18:13:03.141  4508  4508 I AndroidRuntime: Leaving lock profiling enabled
02-06 18:13:03.141  3012  3932 D TspStateManager: updateCustomValue customSetting=
02-06 18:13:03.141  4508  4508 D SecNativeFeatureCppIf: encoded
02-06 18:13:03.142  4508  4508 D SecNativeFeatureCppIf: decoding and unzip finish
02-06 18:13:03.142  4508  4508 D SecNativeFeatureCppIf: use unCompDataBuff. encoded
02-06 18:13:03.142  3012  3932 D TspStateManager: updateCustomValue customSetting=
02-06 18:13:03.143  4508  4508 D SecNativeFeatureCppIf: Free unCompDataBuff
02-06 18:13:03.143  4508  4508 D SecNativeFeatureCppIf: encoded
02-06 18:13:03.143  4508  4508 D SecNativeFeatureCppIf: decoding and unzip finish
02-06 18:13:03.143  4508  4508 D SecNativeFeatureCppIf: use unCompDataBuff. encoded
02-06 18:13:03.144  3012  3932 D MARsPolicyManager: onPackageResumedFG pkgName = com.sec.android.app.launcher, userId = 0
02-06 18:13:03.144  3012  3932 V MARsPolicyManager: Current Home Package com.sec.android.app.launcher Resumed
02-06 18:13:03.144  3905  3905 I ViewRootImpl@fca7672[LauncherActivity]: stopped(false) old=false
02-06 18:13:03.144  3905  3905 I Launcher: !@Boot_DEBUG: Launcher.onResume()
02-06 18:13:03.145  3905  3905 I Launcher: !@Boot_EBS_D: Launcher.onResume()
02-06 18:13:03.145  3012  3932 W WindowManager: Execute app transition: mNextAppTransition=TRANSIT_TASK_OPEN, displayId: 0 Callers=com.android.server.wm.RootWindowContainer.executeAppTransitionForAllDisplay:2598 com.android.server.wm.ActivityStackSupervisor.reportResumedActivityLocked:2267 com.android.server.wm.ActivityRecord.completeResumeLocked:5710 com.android.server.wm.ActivityStack.resumeTopActivityInnerLocked:2434 com.android.server.wm.ActivityStack.resumeTopActivityUncheckedLocked:1873 
02-06 18:13:03.151  2594  2614 I HYPER-HAL: [ResourceManager.cpp]updateResource(): [CPUMinFreq] UpdateResource Request ID : 4616267    Value : 2016000
02-06 18:13:03.156  4563  4563 D CompatibilityChangeReporter: Compat change id reported: 147798919; UID 10499; state: ENABLED
02-06 18:13:03.162  3012  7153 I ActivityManager: Killing 4563:com.netease.open.pocoservice/u0a499 (adj 0): stop com.netease.open.pocoservice due to start instr
02-06 18:13:03.163  3012  7153 D ActivityManager: proc ProcessRecord{7aab96f 4563:com.netease.open.pocoservice/u0a499} already removed. so we skip next process.
02-06 18:13:03.175  3012  3062 D ActivityTaskManager: finishFixedRotationTransform, r=ActivityRecord{a01969d u0 com.netease.open.pocoservice/.TestActivity t3645}, caller=com.android.server.wm.WindowToken.finishFixedRotationTransform:664 com.android.server.wm.DisplayContent$FixedRotationTransitionListener.onAppTransitionFinishedLocked:7026 com.android.server.wm.AppTransition.notifyAppTransitionFinishedLocked:543 com.android.server.wm.ActivityRecord.onAnimationFinished:7164 com.android.server.wm.ActivityRecord.postApplyAnimation:5013 
02-06 18:13:03.179  3012  3062 D ActivityTaskManager: finishFixedRotationTransform, r=ActivityRecord{2ef51a5 u0 com.sec.android.app.launcher/.activities.LauncherActivity t3331}, caller=com.android.server.wm.WindowToken.finishFixedRotationTransform:664 com.android.server.wm.DisplayContent$FixedRotationTransitionListener.onAppTransitionFinishedLocked:7026 com.android.server.wm.AppTransition.notifyAppTransitionFinishedLocked:543 com.android.server.wm.DisplayContent.handleAnimatingStoppedAndTransition:5836 com.android.server.wm.RootWindowContainer.checkAppTransitionReady:1264 
02-06 18:13:03.184  3012  7153 W ActivityTaskManager: Force removing ActivityRecord{a01969d u0 com.netease.open.pocoservice/.TestActivity t3645 f}}: app died, no saved state
02-06 18:13:03.184  3012  7153 I ActivityTaskManager: Removing activity ActivityRecord{a01969d u0 com.netease.open.pocoservice/.TestActivity t3645 f}}(appDied)  from stack callers=com.android.server.wm.ActivityStack$RemoveHistoryRecordsForApp.processActivity:565 com.android.server.wm.ActivityStack$RemoveHistoryRecordsForApp.process:480 com.android.server.wm.ActivityStack.handleAppDied:3379 com.android.server.wm.RootWindowContainer.handleAppDied:3653 com.android.server.wm.ActivityTaskManagerService$LocalService.handleAppDied:8304 
02-06 18:13:03.185  3012  7153 I SurfaceControl: nativeRelease nativeObject s[-5476376622944714592]
02-06 18:13:03.185  3012  7153 I SurfaceControl: nativeRelease nativeObject e[-5476376622944714592]
02-06 18:13:03.185  3012  7153 I SurfaceControl: nativeRelease nativeObject s[-5476376622945441344]
02-06 18:13:03.185  3012  7153 I SurfaceControl: nativeRelease nativeObject e[-5476376622945441344]
02-06 18:13:03.187  3012  7153 W ActivityManager: Crash of app com.netease.open.pocoservice running instrumentation ComponentInfo{com.netease.open.pocoservice/androidx.test.runner.AndroidJUnitRunner}
02-06 18:13:03.187  3012  7153 I ActivityManager: Force stopping com.netease.open.pocoservice appid=10499 user=0: finished inst
02-06 18:13:03.189  3012  7153 V ActivityManager: Changed top to 10071,ProcessRecord{8a6b8a7 3905:com.sec.android.app.launcher/u0a71}
02-06 18:13:03.190  3012  7227 I InputDispatcher: Focus entered window (3905): eef1fa7 in display 0 0
02-06 18:13:03.193  4102  4102 D AndroidRuntime: Shutting down VM
02-06 18:13:03.196   862   925 I Layer   : id=109877 removeFromCurrentState ActivityRecord{a01969d u0 com.netease.open.pocoservice/.TestActivity t3645}#0 (54)
02-06 18:13:03.196   862   925 I Layer   : id=109876 removeFromCurrentState Task=3645#0 (54)
02-06 18:13:03.196  3905  3956 I Launcher.NotificationListener: notificationIsValidForUI : com.google.android.gm missingTitleAndText : false isGroupHeader : true
02-06 18:13:03.196  3905  3956 I Launcher.NotificationListener: notificationIsValidForUI : com.google.android.gm missingTitleAndText : false isGroupHeader : false
02-06 18:13:03.196  3905  3956 I Launcher.NotificationListener: notificationIsValidForUI : com.google.android.gm missingTitleAndText : false isGroupHeader : false
02-06 18:13:03.196  3905  3956 I Launcher.NotificationListener: notificationIsValidForUI : com.google.android.gm missingTitleAndText : false isGroupHeader : false
02-06 18:13:03.197  3905  3956 I Launcher.NotificationListener: notificationIsValidForUI : com.google.android.gm missingTitleAndText : false isGroupHeader : false
02-06 18:13:03.197  3905  3956 I Launcher.NotificationListener: notificationIsValidForUI : com.google.android.gm missingTitleAndText : false isGroupHeader : false
02-06 18:13:03.197  3905  3956 I Launcher.NotificationListener: notificationIsValidForUI : com.google.android.gm missingTitleAndText : false isGroupHeader : false
02-06 18:13:03.197  3905  3956 I Launcher.NotificationListener: notificationIsValidForUI : com.google.android.gm missingTitleAndText : false isGroupHeader : false
02-06 18:13:03.197  3905  3956 I Launcher.NotificationListener: notificationIsValidForUI : com.google.android.gm missingTitleAndText : false isGroupHeader : false
02-06 18:13:03.197  3905  3956 I Launcher.NotificationListener: notificationIsValidForUI : com.google.android.gm missingTitleAndText : false isGroupHeader : false
02-06 18:13:03.197  3905  3956 I Launcher.NotificationListener: notificationIsValidForUI : com.google.android.gm missingTitleAndText : false isGroupHeader : false
02-06 18:13:03.197  3905  3956 I Launcher.NotificationListener: notificationIsValidForUI : com.google.android.gm missingTitleAndText : false isGroupHeader : true
02-06 18:13:03.197  3905  3956 I Launcher.NotificationListener: notificationIsValidForUI : com.google.android.gm missingTitleAndText : false isGroupHeader : false
02-06 18:13:03.197  3905  3956 I Launcher.NotificationListener: notificationIsValidForUI : com.google.android.gm missingTitleAndText : false isGroupHeader : false
02-06 18:13:03.197  3905  3956 I Launcher.NotificationListener: notificationIsValidForUI : com.google.android.gms missingTitleAndText : false isGroupHeader : false
02-06 18:13:03.197  3905  3956 I Launcher.NotificationListener: notificationIsValidForUI : com.google.android.apps.docs missingTitleAndText : false isGroupHeader : false
