--------- beginning of main
02-06 18:13:01.807 31505 31505 E .literacy.stor: Not starting debugger since process cannot load the jdwp agent.
02-06 18:13:01.814 31505 31505 D ActivityThread: setConscryptValidator
02-06 18:13:01.814 31505 31505 D ActivityThread: setConscryptValidator - put
--------- beginning of system
02-06 18:13:01.865 31505 31505 D ActivityThread: handleBindApplication()++ app=com.kyowon.literacy.store
02-06 18:13:01.980 31505 31505 W .literacy.stor: JIT profile information will not be recorded: profile file does not exist.
02-06 18:13:01.980 31505 31505 W .literacy.stor: JIT profile information will not be recorded: profile file does not exist.
02-06 18:13:01.980 31505 31505 W .literacy.stor: JIT profile information will not be recorded: profile file does not exist.
02-06 18:13:02.021 31505 31505 D LoadedApk: LoadedApk::makeApplication() appContext=android.app.ContextImpl@c24dd86 appContext.mOpPackageName=com.kyowon.literacy.store appContext.mBasePackageName=com.kyowon.literacy.store appContext.mPackageInfo=android.app.LoadedApk@2d55647
02-06 18:13:02.021 31505 31505 D NetworkSecurityConfig: Using Network Security Config from resource network_security_config debugBuild: false
02-06 18:13:02.036 31505 31505 D NetworkSecurityConfig: Using Network Security Config from resource network_security_config debugBuild: false
02-06 18:13:02.055 31505 31505 I MultiDex: VM with version 2.1.0 has multidex support
02-06 18:13:02.056 31505 31505 I MultiDex: Installing application
02-06 18:13:02.056 31505 31505 I MultiDex: VM has multidex support, MultiDex support library is disabled.
02-06 18:13:02.170 31505 31505 D ActivityThread: handleBindApplication() -- skipGraphicsSupport=false
02-06 18:13:02.239 31505 31505 D LicenseClient: Connecting to the licensing service...
02-06 18:13:02.357 31505 31505 D LicenseClient: Connected to the licensing service.
02-06 18:13:02.375 31505  4595 D LicenseClient: Sending request to license reporting service...
02-06 18:13:02.737 31505  4595 D LicenseClient: Request to licensing reporting service sent.
02-06 18:13:13.296 31505 31505 I SurfaceControl: nativeRelease nativeObject s[-5476376619811316544]
02-06 18:13:13.296 31505 31505 I SurfaceControl: nativeRelease nativeObject e[-5476376619811316544]
02-06 18:13:13.675 31505  4554 I .literacy.stor: Background concurrent copying GC freed 16008(974KB) AllocSpace objects, 0(0B) LOS objects, 49% free, 7963KB/15MB, paused 153us total 934.811ms
02-06 18:13:13.676 31505  4555 W JavaBinder: BinderProxy is being destroyed but the application did not call unlinkToDeath to unlink all of its death recipients beforehand.  Releasing leaked death recipient: com.google.android.play.core.appupdate.internal.zzp
02-06 18:13:13.676 31505  4555 I BpBinder: onLastStrongRef automatically unlinking death recipients: <uncached descriptor>
02-06 18:13:13.682 31505 31505 I SurfaceControl: nativeRelease nativeObject s[-5476376618202814304]
02-06 18:13:13.682 31505 31505 I SurfaceControl: nativeRelease nativeObject e[-5476376618202814304]
02-06 18:13:13.682 31505 31505 I SurfaceControl: nativeRelease nativeObject s[-5476376619811316064]
02-06 18:13:13.682 31505 31505 I SurfaceControl: nativeRelease nativeObject e[-5476376619811316064]
02-06 18:13:13.682 31505 31505 I SurfaceControl: nativeRelease nativeObject s[-5476376619811316384]
02-06 18:13:13.682 31505 31505 I SurfaceControl: nativeRelease nativeObject e[-5476376619811316384]
02-06 18:13:13.683 31505 31505 I SurfaceControl: nativeRelease nativeObject s[-5476376619811318304]
02-06 18:13:13.683 31505 31505 I SurfaceControl: nativeRelease nativeObject e[-5476376619811318304]
02-06 18:13:13.683 31505 31505 I SurfaceControl: nativeRelease nativeObject s[-5476376619811322464]
02-06 18:13:13.683 31505 31505 I SurfaceControl: nativeRelease nativeObject e[-5476376619811322464]
02-06 18:13:13.684 31505 31505 I SurfaceControl: nativeRelease nativeObject s[-5476376618202812224]
02-06 18:13:13.684 31505 31505 I SurfaceControl: nativeRelease nativeObject e[-5476376618202812224]
02-06 18:13:13.687 31505  4556 V MediaPlayer-JNI: native_finalize
02-06 18:13:13.692 31505  4556 V MediaPlayer-JNI: release
02-06 18:13:13.728 31505 31505 I SurfaceControl: nativeRelease nativeObject s[-5476376618202812064]
02-06 18:13:13.728 31505 31505 I SurfaceControl: nativeRelease nativeObject e[-5476376618202812064]
02-06 18:13:13.728 31505 31505 I SurfaceControl: nativeRelease nativeObject s[-5476376618202811424]
02-06 18:13:13.728 31505 31505 I SurfaceControl: nativeRelease nativeObject e[-5476376618202811424]
02-06 18:13:13.729 31505 31505 I SurfaceControl: nativeRelease nativeObject s[-5476376618202811744]
02-06 18:13:13.729 31505 31505 I SurfaceControl: nativeRelease nativeObject e[-5476376618202811744]
02-06 18:13:13.820 31505 31505 I ViewRootImpl@9ddb888[LoginActivity]: MSG_RESIZED_REPORT: frame=(0,0,2000,1200) ci=(0,36,0,72) vi=(0,36,0,72) or=2
02-06 18:13:13.861 31505 31505 I SurfaceControl: nativeRelease nativeObject s[-5476376619809323296]
02-06 18:13:13.861 31505 31505 I SurfaceControl: nativeRelease nativeObject e[-5476376619809323296]
02-06 18:13:13.862 31505 31505 I SurfaceControl: assignNativeObject: nativeObject = 0 Surface(name=null)/@0xeffd94 / android.view.SurfaceControl.readFromParcel:1117 android.view.IWindowSession$Stub$Proxy.relayout:1820 android.view.ViewRootImpl.relayoutWindow:9005 android.view.ViewRootImpl.performTraversals:3360 android.view.ViewRootImpl.doTraversal:2618 android.view.ViewRootImpl$TraversalRunnable.run:9971 android.view.Choreographer$CallbackRecord.run:1010 android.view.Choreographer.doCallbacks:809 android.view.Choreographer.doFrame:744 android.view.Choreographer$FrameDisplayEventReceiver.run:995 
02-06 18:13:13.864 31505 31505 I ViewRootImpl@9ddb888[LoginActivity]: Relayout returned: old=(0,0,2000,1200) new=(0,0,2000,1200) req=(2000,1200)0 dur=17 res=0x1 s={true -5476376619769638912} ch=false fn=25
02-06 18:13:14.300 31505 31505 I ViewRootImpl@9ddb888[LoginActivity]: MSG_WINDOW_FOCUS_CHANGED 1 1
02-06 18:13:14.300 31505 31505 D InputMethodManager: prepareNavigationBarInfo() DecorView@cd2569b[LoginActivity]
02-06 18:13:14.300 31505 31505 D InputMethodManager: getNavigationBarColor() -855310
02-06 18:13:14.303 31505 31505 D EmergencyMode: [EmergencyManager] android createPackageContext successful: com.kyowon.literacy.store
02-06 18:13:14.319 31505 31505 D InputMethodManager: prepareNavigationBarInfo() DecorView@cd2569b[LoginActivity]
02-06 18:13:14.319 31505 31505 D InputMethodManager: getNavigationBarColor() -855310
02-06 18:13:14.319 31505 31505 V InputMethodManager: Starting input: tba=com.kyowon.literacy.store ic=null mNaviBarColor -855310 mIsGetNaviBarColorSuccess true , NavVisible : true , NavTrans : false
02-06 18:13:14.320 31505 31505 D InputMethodManager: startInputInner - Id : 0
02-06 18:13:14.320 31505 31505 I InputMethodManager: startInputInner - mService.startInputOrWindowGainedFocus
02-06 18:13:14.344 31505 31505 D InputTransport: Input channel constructed: 'ClientS', fd=101
02-06 18:13:14.345 31505 31505 D InputTransport: Input channel destroyed: 'ClientS', fd=87
02-06 18:13:14.426 31505 31505 I SurfaceControl: nativeRelease nativeObject s[-5476376618202811264]
02-06 18:13:14.426 31505 31505 I SurfaceControl: nativeRelease nativeObject e[-5476376618202811264]
02-06 18:13:14.457 31505 31505 I SurfaceControl: nativeRelease nativeObject s[-5476376618202812544]
02-06 18:13:14.457 31505 31505 I SurfaceControl: nativeRelease nativeObject e[-5476376618202812544]
02-06 18:13:14.457 31505 31505 I SurfaceControl: nativeRelease nativeObject s[-5476376618202814304]
02-06 18:13:14.457 31505 31505 I SurfaceControl: nativeRelease nativeObject e[-5476376618202814304]
02-06 18:13:14.464 31505 31505 I SurfaceControl: nativeRelease nativeObject s[-5476376618202810624]
02-06 18:13:14.464 31505 31505 I SurfaceControl: nativeRelease nativeObject e[-5476376618202810624]
02-06 18:13:14.464 31505 31505 I SurfaceControl: nativeRelease nativeObject s[-5476376618202810944]
02-06 18:13:14.464 31505 31505 I SurfaceControl: nativeRelease nativeObject e[-5476376618202810944]
02-06 18:13:14.465 31505 31505 I SurfaceControl: nativeRelease nativeObject s[-5476376618202812384]
02-06 18:13:14.465 31505 31505 I SurfaceControl: nativeRelease nativeObject e[-5476376618202812384]
02-06 18:13:14.472 31505  4994 I SurfaceControl: nativeRelease nativeObject s[-5476376618202811904]
02-06 18:13:14.472 31505  4994 I SurfaceControl: nativeRelease nativeObject e[-5476376618202811904]
02-06 18:13:14.473 31505  4994 I SurfaceControl: nativeRelease nativeObject s[-5476376619809323296]
02-06 18:13:14.473 31505  4994 I SurfaceControl: nativeRelease nativeObject e[-5476376619809323296]
02-06 18:13:14.545 31505 31505 I ViewRootImpl@9ddb888[LoginActivity]: MSG_WINDOW_FOCUS_CHANGED 0 1
02-06 18:13:14.822 31505 31505 I SurfaceControl: nativeRelease nativeObject s[-5476376619811323584]
02-06 18:13:14.822 31505 31505 I SurfaceControl: nativeRelease nativeObject e[-5476376619811323584]
02-06 18:13:14.823 31505 31505 I SurfaceControl: assignNativeObject: nativeObject = 0 Surface(name=null)/@0xdd5cee / android.view.SurfaceControl.readFromParcel:1117 android.view.IWindowSession$Stub$Proxy.relayout:1810 android.view.ViewRootImpl.relayoutWindow:9005 android.view.ViewRootImpl.performTraversals:3360 android.view.ViewRootImpl.doTraversal:2618 android.view.ViewRootImpl$TraversalRunnable.run:9971 android.view.Choreographer$CallbackRecord.run:1010 android.view.Choreographer.doCallbacks:809 android.view.Choreographer.doFrame:744 android.view.Choreographer$FrameDisplayEventReceiver.run:995 
02-06 18:13:14.823 31505 31505 I SurfaceControl: assignNativeObject: nativeObject = 0 Surface(name=null)/@0xa1c09f7 / android.view.SurfaceControl.readFromParcel:1117 android.view.IWindowSession$Stub$Proxy.relayout:1820 android.view.ViewRootImpl.relayoutWindow:9005 android.view.ViewRootImpl.performTraversals:3360 android.view.ViewRootImpl.doTraversal:2618 android.view.ViewRootImpl$TraversalRunnable.run:9971 android.view.Choreographer$CallbackRecord.run:1010 android.view.Choreographer.doCallbacks:809 android.view.Choreographer.doFrame:744 android.view.Choreographer$FrameDisplayEventReceiver.run:995 
02-06 18:13:14.824 31505 31505 I ViewRootImpl@1848b46[IntroActivity]: Relayout returned: old=(0,0,2000,1200) new=(0,0,2000,1200) req=(2000,1200)8 dur=135 res=0x5 s={false 0} ch=true fn=59
02-06 18:13:14.854 31505 31505 I SurfaceControl: nativeRelease nativeObject s[-5476376618202810464]
02-06 18:13:14.854 31505 31505 I SurfaceControl: nativeRelease nativeObject e[-5476376618202810464]
02-06 18:13:14.868 31505 31505 I ViewRootImpl@9ddb888[LoginActivity]: stopped(false) old=false
02-06 18:13:14.870 31505 31505 V MediaPlayer-JNI: native_setup
02-06 18:13:14.870 31505 31505 V MediaPlayerNative: constructor
02-06 18:13:14.871 31505 31505 V MediaPlayerNative: setListener
02-06 18:13:14.879 31505 31505 V MediaPlayer-JNI: setVolume: left 1.000000  right 1.000000
02-06 18:13:14.879 31505 31505 V MediaPlayerNative: MediaPlayer::setVolume(1.000000, 1.000000)
02-06 18:13:14.880 31505 31505 V MediaPlayer-JNI: setAuxEffectSendLevel: level 0.000000
02-06 18:13:14.880 31505 31505 V MediaPlayerNative: MediaPlayer::setAuxEffectSendLevel(0.000000)
02-06 18:13:14.880 31505 31505 V MediaPlayer-JNI: setParameter: key 1400
02-06 18:13:14.880 31505 31505 V MediaPlayerNative: MediaPlayer::setParameter(1400)
02-06 18:13:14.880 31505 31505 V MediaPlayer-JNI: set_session_id(): 9601
02-06 18:13:14.880 31505 31505 V MediaPlayerNative: MediaPlayer::setAudioSessionId(9601)
02-06 18:13:14.880 31505 31505 V MediaPlayer-JNI: setDataSourceFD: fd 86
02-06 18:13:14.880 31505 31505 V MediaPlayerNative: setDataSource(86, 80149264, 611808)
02-06 18:13:14.906 31505 31505 V MediaPlayerNative: setVideoSurfaceTexture
02-06 18:13:14.907 31505 31505 V MediaPlayerNative: prepare
02-06 18:13:14.947 31505  4917 V MediaPlayerNative: message received msg=200, ext1=10973, ext2=0
02-06 18:13:14.948 31505  4917 W MediaPlayerNative: info/warning (10973, 0)
02-06 18:13:14.952 31505  4917 V MediaPlayerNative: message received msg=1, ext1=0, ext2=0
02-06 18:13:14.952 31505  4917 V MediaPlayerNative: MediaPlayer::notify() prepared
02-06 18:13:14.952 31505  4917 V MediaPlayerNative: signal application thread
02-06 18:13:14.952 31505 31505 V MediaPlayerNative: prepare complete - status=0
02-06 18:13:14.953 31505 31505 V MediaPlayerNative: invoke 76
02-06 18:13:14.954 31505 31505 V MediaPlayer-JNI: setLooping: 1
02-06 18:13:14.954 31505 31505 V MediaPlayerNative: MediaPlayer::setLooping
02-06 18:13:14.954 31505 31505 V MediaPlayer-JNI: setVolume: left 0.800000  right 0.800000
02-06 18:13:14.954 31505 31505 V MediaPlayerNative: MediaPlayer::setVolume(0.800000, 0.800000)
02-06 18:13:14.974 31505 31505 V MediaPlayer-JNI: start
02-06 18:13:14.974 31505 31505 V MediaPlayerNative: start
02-06 18:13:14.989 31505 31505 I SurfaceControl: nativeRelease nativeObject s[-5476376618202811744]
02-06 18:13:14.989 31505 31505 I SurfaceControl: nativeRelease nativeObject e[-5476376618202811744]
02-06 18:13:14.990 31505 31505 I SurfaceControl: assignNativeObject: nativeObject = 0 Surface(name=null)/@0xeffd94 / android.view.SurfaceControl.readFromParcel:1117 android.view.IWindowSession$Stub$Proxy.relayout:1820 android.view.ViewRootImpl.relayoutWindow:9005 android.view.ViewRootImpl.performTraversals:3360 android.view.ViewRootImpl.doTraversal:2618 android.view.ViewRootImpl$TraversalRunnable.run:9971 android.view.Choreographer$CallbackRecord.run:1010 android.view.Choreographer.doCallbacks:809 android.view.Choreographer.doFrame:744 android.view.Choreographer$FrameDisplayEventReceiver.run:995 
02-06 18:13:14.991 31505 31505 I SurfaceControl: nativeRelease nativeObject s[-5476376618202810304]
02-06 18:13:14.991 31505 31505 I SurfaceControl: nativeRelease nativeObject e[-5476376618202810304]
02-06 18:13:14.991 31505 31505 I SurfaceControl: nativeRelease nativeObject s[-5476376618202809824]
02-06 18:13:14.991 31505 31505 I SurfaceControl: nativeRelease nativeObject e[-5476376618202809824]
02-06 18:13:14.991 31505 31505 I SurfaceControl: nativeRelease nativeObject s[-5476376618202812064]
02-06 18:13:14.991 31505 31505 I SurfaceControl: nativeRelease nativeObject e[-5476376618202812064]
02-06 18:13:14.991 31505 31505 I ViewRootImpl@9ddb888[LoginActivity]: Relayout returned: old=(0,0,2000,1200) new=(0,0,2000,1200) req=(2000,1200)0 dur=10 res=0x1 s={true -5476376619769638912} ch=false fn=39
02-06 18:13:14.993 31505 31505 I ViewRootImpl@9ddb888[LoginActivity]: MSG_WINDOW_FOCUS_CHANGED 1 1
02-06 18:13:14.993 31505 31505 D InputMethodManager: prepareNavigationBarInfo() DecorView@cd2569b[LoginActivity]
02-06 18:13:14.993 31505 31505 D InputMethodManager: getNavigationBarColor() -855310
02-06 18:13:14.994 31505 31505 D InputMethodManager: prepareNavigationBarInfo() DecorView@cd2569b[LoginActivity]
02-06 18:13:14.994 31505 31505 D InputMethodManager: getNavigationBarColor() -855310
02-06 18:13:14.994 31505 31505 V InputMethodManager: Starting input: tba=com.kyowon.literacy.store ic=null mNaviBarColor -855310 mIsGetNaviBarColorSuccess true , NavVisible : true , NavTrans : false
02-06 18:13:14.994 31505 31505 D InputMethodManager: startInputInner - Id : 0
02-06 18:13:14.995 31505 31505 I InputMethodManager: startInputInner - mService.startInputOrWindowGainedFocus
02-06 18:13:15.014 31505 31505 D InputTransport: Input channel constructed: 'ClientS', fd=89
02-06 18:13:15.014 31505 31505 D InputTransport: Input channel destroyed: 'ClientS', fd=101
02-06 18:13:15.015 31505 31505 V MediaPlayerNative: invoke 76
02-06 18:13:15.066 31505  4917 V MediaPlayerNative: message received msg=6, ext1=0, ext2=0
02-06 18:13:15.144 31505  4917 V MediaPlayerNative: message received msg=211, ext1=0, ext2=0
02-06 18:13:15.145 31505  4917 V MediaPlayerNative: message received msg=211, ext1=0, ext2=0
02-06 18:13:15.148 31505 31505 V MediaPlayer-JNI: stop
02-06 18:13:15.148 31505 31505 V MediaPlayerNative: stop
02-06 18:13:15.148 31505  4560 V MediaPlayerNative: message received msg=8, ext1=0, ext2=0
02-06 18:13:15.148 31505  4560 V MediaPlayerNative: message received msg=211, ext1=0, ext2=0
02-06 18:13:15.149 31505 31505 V MediaPlayer: resetDrmState:  mDrmInfo=null mDrmProvisioningThread=null mPrepareDrmInProgress=false mActiveDrmScheme=false
02-06 18:13:15.149 31505 31505 V MediaPlayer: cleanDrmObj: mDrmObj=null mDrmSessionId=null
02-06 18:13:15.149 31505 31505 V MediaPlayer-JNI: release
02-06 18:13:15.149 31505 31505 V MediaPlayerNative: setListener
02-06 18:13:15.149 31505 31505 V MediaPlayerNative: disconnect
02-06 18:13:15.168 31505 31505 V MediaPlayerNative: destructor
02-06 18:13:15.169 31505 31505 V MediaPlayerNative: disconnect
02-06 18:13:15.252 31505 31505 W MediaPlayer: mediaplayer went away with unhandled events
02-06 18:13:15.252 31505 31505 W MediaPlayer: mediaplayer went away with unhandled events
02-06 18:13:15.252 31505 31505 W MediaPlayer: mediaplayer went away with unhandled events
02-06 18:13:15.252 31505 31505 W MediaPlayer: mediaplayer went away with unhandled events
02-06 18:13:15.252 31505 31505 W MediaPlayer: mediaplayer went away with unhandled events
02-06 18:13:15.573 31505 31505 I ViewRootImpl@1848b46[IntroActivity]: stopped(true) old=false
02-06 18:13:15.638 31505 31505 I PlayCore: UID: [10584]  PID: [31505] AppUpdateListenerRegistry : unregisterListener
02-06 18:13:15.677 31505 31505 I ViewRootImpl@1848b46[IntroActivity]: dispatchDetachedFromWindow
02-06 18:13:15.685 31505 31505 D InputTransport: Input channel destroyed: '1f21cca', fd=78
02-06 18:13:15.690 31505 31505 I ViewRootImpl@9ddb888[LoginActivity]: stopped(false) old=false
02-06 18:13:15.692 31505 31505 V MediaPlayer-JNI: native_setup
02-06 18:13:15.692 31505 31505 V MediaPlayerNative: constructor
02-06 18:13:15.692 31505 31505 V MediaPlayerNative: setListener
02-06 18:13:15.695 31505 31505 V MediaPlayer-JNI: setVolume: left 1.000000  right 1.000000
02-06 18:13:15.695 31505 31505 V MediaPlayerNative: MediaPlayer::setVolume(1.000000, 1.000000)
02-06 18:13:15.695 31505 31505 V MediaPlayer-JNI: setAuxEffectSendLevel: level 0.000000
02-06 18:13:15.695 31505 31505 V MediaPlayerNative: MediaPlayer::setAuxEffectSendLevel(0.000000)
02-06 18:13:15.695 31505 31505 V MediaPlayer-JNI: setParameter: key 1400
02-06 18:13:15.695 31505 31505 V MediaPlayerNative: MediaPlayer::setParameter(1400)
02-06 18:13:15.695 31505 31505 V MediaPlayer-JNI: set_session_id(): 9617
02-06 18:13:15.695 31505 31505 V MediaPlayerNative: MediaPlayer::setAudioSessionId(9617)
02-06 18:13:15.696 31505 31505 V MediaPlayer-JNI: setDataSourceFD: fd 78
02-06 18:13:15.696 31505 31505 V MediaPlayerNative: setDataSource(78, 80149264, 611808)
02-06 18:13:15.711 31505 31505 V MediaPlayerNative: setVideoSurfaceTexture
02-06 18:13:15.711 31505 31505 V MediaPlayerNative: prepare
02-06 18:13:15.774 31505  5082 V MediaPlayerNative: message received msg=200, ext1=10973, ext2=0
02-06 18:13:15.774 31505  5082 W MediaPlayerNative: info/warning (10973, 0)
02-06 18:13:15.774 31505  5082 V MediaPlayerNative: message received msg=1, ext1=0, ext2=0
02-06 18:13:15.774 31505  5082 V MediaPlayerNative: MediaPlayer::notify() prepared
02-06 18:13:15.774 31505  5082 V MediaPlayerNative: signal application thread
02-06 18:13:15.774 31505 31505 V MediaPlayerNative: prepare complete - status=0
02-06 18:13:15.783 31505 31505 V MediaPlayerNative: invoke 76
02-06 18:13:15.784 31505 31505 V MediaPlayer-JNI: setLooping: 1
02-06 18:13:15.784 31505 31505 V MediaPlayerNative: MediaPlayer::setLooping
02-06 18:13:15.785 31505 31505 V MediaPlayer-JNI: setVolume: left 0.800000  right 0.800000
02-06 18:13:15.785 31505 31505 V MediaPlayerNative: MediaPlayer::setVolume(0.800000, 0.800000)
02-06 18:13:15.786 31505 31505 V MediaPlayer-JNI: start
02-06 18:13:15.786 31505 31505 V MediaPlayerNative: start
02-06 18:13:15.807 31505 31505 I SurfaceControl: nativeRelease nativeObject s[-5476376618309962848]
02-06 18:13:15.807 31505 31505 I SurfaceControl: nativeRelease nativeObject e[-5476376618309962848]
02-06 18:13:15.808 31505 31505 I SurfaceControl: assignNativeObject: nativeObject = 0 Surface(name=null)/@0xeffd94 / android.view.SurfaceControl.readFromParcel:1117 android.view.IWindowSession$Stub$Proxy.relayout:1820 android.view.ViewRootImpl.relayoutWindow:9005 android.view.ViewRootImpl.performTraversals:3360 android.view.ViewRootImpl.doTraversal:2618 android.view.ViewRootImpl$TraversalRunnable.run:9971 android.view.Choreographer$CallbackRecord.run:1010 android.view.Choreographer.doCallbacks:809 android.view.Choreographer.doFrame:744 android.view.Choreographer$FrameDisplayEventReceiver.run:995 
02-06 18:13:15.811 31505 31505 I SurfaceControl: nativeRelease nativeObject s[-5476376618202811744]
02-06 18:13:15.811 31505 31505 I SurfaceControl: nativeRelease nativeObject e[-5476376618202811744]
02-06 18:13:15.811 31505 31505 I SurfaceControl: nativeRelease nativeObject s[-5476376618202810944]
02-06 18:13:15.811 31505 31505 I SurfaceControl: nativeRelease nativeObject e[-5476376618202810944]
02-06 18:13:15.811 31505 31505 I SurfaceControl: nativeRelease nativeObject s[-5476376618202812384]
02-06 18:13:15.811 31505 31505 I SurfaceControl: nativeRelease nativeObject e[-5476376618202812384]
02-06 18:13:15.811 31505 31505 I ViewRootImpl@9ddb888[LoginActivity]: Relayout returned: old=(0,0,2000,1200) new=(0,0,2000,1200) req=(2000,1200)0 dur=12 res=0x1 s={true -5476376619769638912} ch=false fn=49
02-06 18:13:15.814 31505 31505 V MediaPlayerNative: invoke 76
02-06 18:13:15.944 31505  4917 V MediaPlayerNative: message received msg=6, ext1=0, ext2=0
02-06 18:13:16.045 31505 31505 V MediaPlayer-JNI: getCurrentPosition: 37 (msec)
02-06 18:13:16.046 31505  4917 V MediaPlayerNative: message received msg=211, ext1=0, ext2=0
02-06 18:13:16.067 31505  4917 V MediaPlayerNative: message received msg=211, ext1=0, ext2=0
02-06 18:13:16.068 31505  4917 V MediaPlayerNative: message received msg=211, ext1=0, ext2=0
02-06 18:13:16.068 31505  4917 V MediaPlayerNative: message received msg=211, ext1=0, ext2=0
02-06 18:13:16.300 31505 31505 V MediaPlayer-JNI: stop
02-06 18:13:16.300 31505 31505 V MediaPlayerNative: stop
02-06 18:13:16.301 31505  5082 V MediaPlayerNative: message received msg=8, ext1=0, ext2=0
02-06 18:13:16.301 31505  5082 V MediaPlayerNative: message received msg=211, ext1=0, ext2=0
02-06 18:13:16.302 31505 31505 V MediaPlayer: resetDrmState:  mDrmInfo=null mDrmProvisioningThread=null mPrepareDrmInProgress=false mActiveDrmScheme=false
02-06 18:13:16.302 31505 31505 V MediaPlayer: cleanDrmObj: mDrmObj=null mDrmSessionId=null
02-06 18:13:16.302 31505 31505 V MediaPlayer-JNI: release
02-06 18:13:16.302 31505 31505 V MediaPlayerNative: setListener
02-06 18:13:16.302 31505 31505 V MediaPlayerNative: disconnect
02-06 18:13:16.320 31505 31505 V MediaPlayerNative: destructor
02-06 18:13:16.321 31505 31505 V MediaPlayerNative: disconnect
02-06 18:13:16.391 31505 31505 W MediaPlayer: mediaplayer went away with unhandled events
02-06 18:13:16.391 31505 31505 W MediaPlayer: mediaplayer went away with unhandled events
02-06 18:13:16.391 31505 31505 I ViewRootImpl@9ddb888[LoginActivity]: stopped(false) old=false
02-06 18:13:16.392 31505 31505 V MediaPlayer-JNI: native_setup
02-06 18:13:16.392 31505 31505 V MediaPlayerNative: constructor
02-06 18:13:16.393 31505 31505 V MediaPlayerNative: setListener
02-06 18:13:16.398 31505 31505 V MediaPlayer-JNI: setVolume: left 1.000000  right 1.000000
02-06 18:13:16.398 31505 31505 V MediaPlayerNative: MediaPlayer::setVolume(1.000000, 1.000000)
02-06 18:13:16.398 31505 31505 V MediaPlayer-JNI: setAuxEffectSendLevel: level 0.000000
02-06 18:13:16.398 31505 31505 V MediaPlayerNative: MediaPlayer::setAuxEffectSendLevel(0.000000)
02-06 18:13:16.398 31505 31505 V MediaPlayer-JNI: setParameter: key 1400
02-06 18:13:16.398 31505 31505 V MediaPlayerNative: MediaPlayer::setParameter(1400)
02-06 18:13:16.398 31505 31505 V MediaPlayer-JNI: set_session_id(): 9633
02-06 18:13:16.398 31505 31505 V MediaPlayerNative: MediaPlayer::setAudioSessionId(9633)
02-06 18:13:16.399 31505 31505 V MediaPlayer-JNI: setDataSourceFD: fd 78
02-06 18:13:16.399 31505 31505 V MediaPlayerNative: setDataSource(78, 80149264, 611808)
02-06 18:13:16.422 31505 31505 V MediaPlayerNative: setVideoSurfaceTexture
02-06 18:13:16.422 31505 31505 V MediaPlayerNative: prepare
02-06 18:13:16.498 31505  4917 V MediaPlayerNative: message received msg=200, ext1=10973, ext2=0
02-06 18:13:16.498 31505  4917 W MediaPlayerNative: info/warning (10973, 0)
02-06 18:13:16.507 31505  4917 V MediaPlayerNative: message received msg=1, ext1=0, ext2=0
02-06 18:13:16.507 31505  4917 V MediaPlayerNative: MediaPlayer::notify() prepared
02-06 18:13:16.507 31505  4917 V MediaPlayerNative: signal application thread
02-06 18:13:16.507 31505 31505 V MediaPlayerNative: prepare complete - status=0
02-06 18:13:16.514 31505 31505 V MediaPlayerNative: invoke 76
02-06 18:13:16.516 31505 31505 V MediaPlayer-JNI: setLooping: 1
02-06 18:13:16.516 31505 31505 V MediaPlayerNative: MediaPlayer::setLooping
02-06 18:13:16.517 31505 31505 V MediaPlayer-JNI: setVolume: left 0.800000  right 0.800000
02-06 18:13:16.517 31505 31505 V MediaPlayerNative: MediaPlayer::setVolume(0.800000, 0.800000)
02-06 18:13:16.518 31505 31505 V MediaPlayer-JNI: start
02-06 18:13:16.518 31505 31505 V MediaPlayerNative: start
02-06 18:13:16.530 31505 31505 V MediaPlayerNative: invoke 76
02-06 18:13:16.622 31505  5082 V MediaPlayerNative: message received msg=6, ext1=0, ext2=0
02-06 18:13:16.664 31505 31505 V MediaPlayer-JNI: stop
02-06 18:13:16.664 31505 31505 V MediaPlayerNative: stop
02-06 18:13:16.665 31505  5082 V MediaPlayerNative: message received msg=8, ext1=0, ext2=0
02-06 18:13:16.668 31505 31505 V MediaPlayer: resetDrmState:  mDrmInfo=null mDrmProvisioningThread=null mPrepareDrmInProgress=false mActiveDrmScheme=false
02-06 18:13:16.668 31505 31505 V MediaPlayer: cleanDrmObj: mDrmObj=null mDrmSessionId=null
02-06 18:13:16.668 31505 31505 V MediaPlayer-JNI: release
02-06 18:13:16.669 31505 31505 V MediaPlayerNative: setListener
02-06 18:13:16.669 31505 31505 V MediaPlayerNative: disconnect
02-06 18:13:16.678 31505 31505 V MediaPlayerNative: destructor
02-06 18:13:16.681 31505 31505 V MediaPlayerNative: disconnect
02-06 18:13:16.787 31505 31505 W MediaPlayer: mediaplayer went away with unhandled events
02-06 18:13:16.787 31505 31505 W MediaPlayer: mediaplayer went away with unhandled events
02-06 18:13:16.880 31505 31505 I ViewRootImpl@9ddb888[LoginActivity]: MSG_WINDOW_FOCUS_CHANGED 0 1
02-06 18:13:17.114 31505 31505 I ViewRootImpl@9ddb888[LoginActivity]: stopped(false) old=false
02-06 18:13:17.115 31505 31505 V MediaPlayer-JNI: native_setup
02-06 18:13:17.115 31505 31505 V MediaPlayerNative: constructor
02-06 18:13:17.116 31505 31505 V MediaPlayerNative: setListener
02-06 18:13:17.120 31505 31505 V MediaPlayer-JNI: setVolume: left 1.000000  right 1.000000
02-06 18:13:17.120 31505 31505 V MediaPlayerNative: MediaPlayer::setVolume(1.000000, 1.000000)
02-06 18:13:17.120 31505 31505 V MediaPlayer-JNI: setAuxEffectSendLevel: level 0.000000
02-06 18:13:17.120 31505 31505 V MediaPlayerNative: MediaPlayer::setAuxEffectSendLevel(0.000000)
02-06 18:13:17.120 31505 31505 V MediaPlayer-JNI: setParameter: key 1400
02-06 18:13:17.120 31505 31505 V MediaPlayerNative: MediaPlayer::setParameter(1400)
02-06 18:13:17.120 31505 31505 V MediaPlayer-JNI: set_session_id(): 9649
02-06 18:13:17.120 31505 31505 V MediaPlayerNative: MediaPlayer::setAudioSessionId(9649)
02-06 18:13:17.121 31505 31505 V MediaPlayer-JNI: setDataSourceFD: fd 78
02-06 18:13:17.121 31505 31505 V MediaPlayerNative: setDataSource(78, 80149264, 611808)
02-06 18:13:17.146 31505 31505 V MediaPlayerNative: setVideoSurfaceTexture
02-06 18:13:17.147 31505 31505 V MediaPlayerNative: prepare
02-06 18:13:17.171 31505  4917 V MediaPlayerNative: message received msg=200, ext1=10973, ext2=0
02-06 18:13:17.171 31505  4917 W MediaPlayerNative: info/warning (10973, 0)
02-06 18:13:17.186 31505  4917 V MediaPlayerNative: message received msg=1, ext1=0, ext2=0
02-06 18:13:17.186 31505  4917 V MediaPlayerNative: MediaPlayer::notify() prepared
02-06 18:13:17.187 31505  4917 V MediaPlayerNative: signal application thread
02-06 18:13:17.187 31505 31505 V MediaPlayerNative: prepare complete - status=0
02-06 18:13:17.216 31505 31505 V MediaPlayerNative: invoke 76
02-06 18:13:17.218 31505 31505 V MediaPlayer-JNI: setLooping: 1
02-06 18:13:17.218 31505 31505 V MediaPlayerNative: MediaPlayer::setLooping
02-06 18:13:17.219 31505 31505 V MediaPlayer-JNI: setVolume: left 0.800000  right 0.800000
02-06 18:13:17.219 31505 31505 V MediaPlayerNative: MediaPlayer::setVolume(0.800000, 0.800000)
02-06 18:13:17.220 31505 31505 V MediaPlayer-JNI: start
02-06 18:13:17.220 31505 31505 V MediaPlayerNative: start
02-06 18:13:17.230 31505 31505 V MediaPlayerNative: invoke 76
02-06 18:13:17.245 31505 31505 I ViewRootImpl@9ddb888[LoginActivity]: MSG_WINDOW_FOCUS_CHANGED 1 1
02-06 18:13:17.245 31505 31505 D InputMethodManager: prepareNavigationBarInfo() DecorView@cd2569b[LoginActivity]
02-06 18:13:17.245 31505 31505 D InputMethodManager: getNavigationBarColor() -855310
02-06 18:13:17.248 31505 31505 D InputMethodManager: prepareNavigationBarInfo() DecorView@cd2569b[LoginActivity]
02-06 18:13:17.248 31505 31505 D InputMethodManager: getNavigationBarColor() -855310
02-06 18:13:17.248 31505 31505 V InputMethodManager: Starting input: tba=com.kyowon.literacy.store ic=null mNaviBarColor -855310 mIsGetNaviBarColorSuccess true , NavVisible : true , NavTrans : false
02-06 18:13:17.248 31505 31505 D InputMethodManager: startInputInner - Id : 0
02-06 18:13:17.249 31505 31505 I InputMethodManager: startInputInner - mService.startInputOrWindowGainedFocus
02-06 18:13:17.252 31505 31505 D InputTransport: Input channel constructed: 'ClientS', fd=91
02-06 18:13:17.252 31505 31505 D InputTransport: Input channel destroyed: 'ClientS', fd=89
02-06 18:13:17.419 31505  4917 V MediaPlayerNative: message received msg=6, ext1=0, ext2=0
02-06 18:13:17.560 31505  4917 V MediaPlayerNative: message received msg=211, ext1=0, ext2=0
02-06 18:13:17.560 31505  4917 V MediaPlayerNative: message received msg=211, ext1=0, ext2=0
02-06 18:13:17.684 31505 31505 V MediaPlayer-JNI: getCurrentPosition: 177 (msec)
02-06 18:13:17.890 31505 31505 V MediaPlayer-JNI: stop
02-06 18:13:17.890 31505 31505 V MediaPlayerNative: stop
02-06 18:13:17.891 31505  5082 V MediaPlayerNative: message received msg=8, ext1=0, ext2=0
02-06 18:13:17.892 31505  5082 V MediaPlayerNative: message received msg=211, ext1=0, ext2=0
02-06 18:13:17.894 31505 31505 V MediaPlayer: resetDrmState:  mDrmInfo=null mDrmProvisioningThread=null mPrepareDrmInProgress=false mActiveDrmScheme=false
02-06 18:13:17.894 31505 31505 V MediaPlayer: cleanDrmObj: mDrmObj=null mDrmSessionId=null
02-06 18:13:17.894 31505 31505 V MediaPlayer-JNI: release
02-06 18:13:17.894 31505 31505 V MediaPlayerNative: setListener
02-06 18:13:17.894 31505 31505 V MediaPlayerNative: disconnect
02-06 18:13:17.920 31505 31505 V MediaPlayerNative: destructor
02-06 18:13:17.921 31505 31505 V MediaPlayerNative: disconnect
02-06 18:13:18.007 31505 31505 W MediaPlayer: mediaplayer went away with unhandled events
02-06 18:13:18.007 31505 31505 W MediaPlayer: mediaplayer went away with unhandled events
02-06 18:13:18.287 31505 31505 I ViewRootImpl@9ddb888[LoginActivity]: MSG_WINDOW_FOCUS_CHANGED 0 1
02-06 18:13:18.576 31505 31505 I ViewRootImpl@9ddb888[LoginActivity]: MSG_WINDOW_FOCUS_CHANGED 1 1
02-06 18:13:18.576 31505 31505 D InputMethodManager: prepareNavigationBarInfo() DecorView@cd2569b[LoginActivity]
02-06 18:13:18.576 31505 31505 D InputMethodManager: getNavigationBarColor() -855310
02-06 18:13:18.577 31505 31505 D InputMethodManager: prepareNavigationBarInfo() DecorView@cd2569b[LoginActivity]
02-06 18:13:18.577 31505 31505 D InputMethodManager: getNavigationBarColor() -855310
02-06 18:13:18.577 31505 31505 V InputMethodManager: Starting input: tba=com.kyowon.literacy.store ic=null mNaviBarColor -855310 mIsGetNaviBarColorSuccess true , NavVisible : true , NavTrans : false
02-06 18:13:18.577 31505 31505 D InputMethodManager: startInputInner - Id : 0
02-06 18:13:18.577 31505 31505 I InputMethodManager: startInputInner - mService.startInputOrWindowGainedFocus
02-06 18:13:18.604 31505 31505 D InputTransport: Input channel constructed: 'ClientS', fd=89
02-06 18:13:18.604 31505 31505 D InputTransport: Input channel destroyed: 'ClientS', fd=91
02-06 18:13:18.636 31505 31505 I ViewRootImpl@9ddb888[LoginActivity]: stopped(false) old=false
02-06 18:13:18.804 31505 31505 V MediaPlayer-JNI: native_setup
02-06 18:13:18.804 31505 31505 V MediaPlayerNative: constructor
02-06 18:13:18.808 31505 31505 V MediaPlayerNative: setListener
02-06 18:13:18.814 31505 31505 V MediaPlayer-JNI: setVolume: left 1.000000  right 1.000000
02-06 18:13:18.814 31505 31505 V MediaPlayerNative: MediaPlayer::setVolume(1.000000, 1.000000)
02-06 18:13:18.814 31505 31505 V MediaPlayer-JNI: setAuxEffectSendLevel: level 0.000000
02-06 18:13:18.814 31505 31505 V MediaPlayerNative: MediaPlayer::setAuxEffectSendLevel(0.000000)
02-06 18:13:18.814 31505 31505 V MediaPlayer-JNI: setParameter: key 1400
02-06 18:13:18.814 31505 31505 V MediaPlayerNative: MediaPlayer::setParameter(1400)
02-06 18:13:18.814 31505 31505 V MediaPlayer-JNI: set_session_id(): 9665
02-06 18:13:18.814 31505 31505 V MediaPlayerNative: MediaPlayer::setAudioSessionId(9665)
02-06 18:13:18.818 31505 31505 V MediaPlayer-JNI: setDataSourceFD: fd 78
02-06 18:13:18.818 31505 31505 V MediaPlayerNative: setDataSource(78, 80149264, 611808)
02-06 18:13:18.879 31505 31505 V MediaPlayerNative: setVideoSurfaceTexture
02-06 18:13:18.879 31505 31505 V MediaPlayerNative: prepare
02-06 18:13:18.925 31505  5082 V MediaPlayerNative: message received msg=200, ext1=10973, ext2=0
02-06 18:13:18.925 31505  5082 W MediaPlayerNative: info/warning (10973, 0)
02-06 18:13:18.959 31505  5082 V MediaPlayerNative: message received msg=1, ext1=0, ext2=0
02-06 18:13:18.959 31505  5082 V MediaPlayerNative: MediaPlayer::notify() prepared
02-06 18:13:18.959 31505  5082 V MediaPlayerNative: signal application thread
02-06 18:13:18.959 31505 31505 V MediaPlayerNative: prepare complete - status=0
02-06 18:13:18.980 31505 31505 V MediaPlayerNative: invoke 76
02-06 18:13:18.981 31505 31505 V MediaPlayer-JNI: setLooping: 1
02-06 18:13:18.981 31505 31505 V MediaPlayerNative: MediaPlayer::setLooping
02-06 18:13:18.982 31505 31505 V MediaPlayer-JNI: setVolume: left 0.800000  right 0.800000
02-06 18:13:18.982 31505 31505 V MediaPlayerNative: MediaPlayer::setVolume(0.800000, 0.800000)
02-06 18:13:18.982 31505 31505 V MediaPlayer-JNI: start
02-06 18:13:18.982 31505 31505 V MediaPlayerNative: start
02-06 18:13:19.112 31505  5082 V MediaPlayerNative: message received msg=6, ext1=0, ext2=0
02-06 18:13:19.194 31505  5082 V MediaPlayerNative: message received msg=211, ext1=0, ext2=0
02-06 18:13:19.194 31505  5082 V MediaPlayerNative: message received msg=211, ext1=0, ext2=0
02-06 18:13:19.226 31505 31505 V MediaPlayer-JNI: stop
02-06 18:13:19.226 31505 31505 V MediaPlayerNative: stop
02-06 18:13:19.228 31505 31505 V MediaPlayer: resetDrmState:  mDrmInfo=null mDrmProvisioningThread=null mPrepareDrmInProgress=false mActiveDrmScheme=false
02-06 18:13:19.228 31505 31505 V MediaPlayer: cleanDrmObj: mDrmObj=null mDrmSessionId=null
02-06 18:13:19.228 31505 31505 V MediaPlayer-JNI: release
02-06 18:13:19.228 31505 31505 V MediaPlayerNative: setListener
02-06 18:13:19.228 31505 31505 V MediaPlayerNative: disconnect
02-06 18:13:19.228 31505  4917 V MediaPlayerNative: message received msg=8, ext1=0, ext2=0
02-06 18:13:19.228 31505  4917 V MediaPlayerNative: notify(8, 0, 0) callback on disconnected mediaplayer
02-06 18:13:19.228 31505  4917 V MediaPlayerNative: message received msg=211, ext1=0, ext2=0
02-06 18:13:19.228 31505  4917 V MediaPlayerNative: notify(211, 0, 0) callback on disconnected mediaplayer
02-06 18:13:19.254 31505 31505 V MediaPlayerNative: destructor
02-06 18:13:19.254 31505 31505 V MediaPlayerNative: disconnect
02-06 18:13:19.266 31505 31505 I Choreographer: Skipped 39 frames!  The application may be doing too much work on its main thread.
02-06 18:13:19.303 31505 31505 I SurfaceControl: nativeRelease nativeObject s[-5476376619811323584]
02-06 18:13:19.303 31505 31505 I SurfaceControl: nativeRelease nativeObject e[-5476376619811323584]
02-06 18:13:19.305 31505 31505 I SurfaceControl: assignNativeObject: nativeObject = 0 Surface(name=null)/@0xeffd94 / android.view.SurfaceControl.readFromParcel:1117 android.view.IWindowSession$Stub$Proxy.relayout:1820 android.view.ViewRootImpl.relayoutWindow:9005 android.view.ViewRootImpl.performTraversals:3360 android.view.ViewRootImpl.doTraversal:2618 android.view.ViewRootImpl$TraversalRunnable.run:9971 android.view.Choreographer$CallbackRecord.run:1010 android.view.Choreographer.doCallbacks:809 android.view.Choreographer.doFrame:744 android.view.Choreographer$FrameDisplayEventReceiver.run:995 
02-06 18:13:19.307 31505 31505 I SurfaceControl: nativeRelease nativeObject s[-5476376618309962848]
02-06 18:13:19.307 31505 31505 I SurfaceControl: nativeRelease nativeObject e[-5476376618309962848]
02-06 18:13:19.307 31505 31505 I SurfaceControl: nativeRelease nativeObject s[-5476376618202809824]
02-06 18:13:19.307 31505 31505 I SurfaceControl: nativeRelease nativeObject e[-5476376618202809824]
02-06 18:13:19.307 31505 31505 I SurfaceControl: nativeRelease nativeObject s[-5476376618202812064]
02-06 18:13:19.307 31505 31505 I SurfaceControl: nativeRelease nativeObject e[-5476376618202812064]
02-06 18:13:19.307 31505 31505 I ViewRootImpl@9ddb888[LoginActivity]: Relayout returned: old=(0,0,2000,1200) new=(0,0,2000,1200) req=(2000,1200)0 dur=37 res=0x1 s={true -5476376619769638912} ch=false fn=95
02-06 18:13:19.310 31505 31505 W MediaPlayer: mediaplayer went away with unhandled events
02-06 18:13:19.310 31505 31505 W MediaPlayer: mediaplayer went away with unhandled events
02-06 18:13:19.310 31505 31505 W MediaPlayer: mediaplayer went away with unhandled events
02-06 18:13:19.310 31505 31505 W MediaPlayer: mediaplayer went away with unhandled events
02-06 18:13:19.310 31505 31505 W MediaPlayer: mediaplayer went away with unhandled events
02-06 18:13:19.322 31505  4919 I OpenGLRenderer: Davey! duration=708ms; Flags=1, IntendedVsync=800545619236133, Vsync=800546269236107, OldestInputEvent=9223372036854775807, NewestInputEvent=0, HandleInputStart=800546273280602, AnimationStart=800546273286487, PerformTraversalsStart=800546274155654, DrawStart=800546313855185, SyncQueued=800546314886071, SyncStart=800546315471383, IssueDrawCommandsStart=800546315799039, SwapBuffers=800546325905758, FrameCompleted=800546328631956, DequeueBufferDuration=478021, QueueBufferDuration=1959427, GpuCompleted=0, 
02-06 18:13:20.079 31505 31505 I ViewRootImpl@9ddb888[LoginActivity]: stopped(false) old=false
02-06 18:13:20.081 31505 31505 V MediaPlayer-JNI: native_setup
02-06 18:13:20.081 31505 31505 V MediaPlayerNative: constructor
02-06 18:13:20.081 31505 31505 V MediaPlayerNative: setListener
02-06 18:13:20.086 31505 31505 V MediaPlayer-JNI: setVolume: left 1.000000  right 1.000000
02-06 18:13:20.086 31505 31505 V MediaPlayerNative: MediaPlayer::setVolume(1.000000, 1.000000)
02-06 18:13:20.086 31505 31505 V MediaPlayer-JNI: setAuxEffectSendLevel: level 0.000000
02-06 18:13:20.086 31505 31505 V MediaPlayerNative: MediaPlayer::setAuxEffectSendLevel(0.000000)
02-06 18:13:20.086 31505 31505 V MediaPlayer-JNI: setParameter: key 1400
02-06 18:13:20.086 31505 31505 V MediaPlayerNative: MediaPlayer::setParameter(1400)
02-06 18:13:20.086 31505 31505 V MediaPlayer-JNI: set_session_id(): 9681
02-06 18:13:20.086 31505 31505 V MediaPlayerNative: MediaPlayer::setAudioSessionId(9681)
02-06 18:13:20.088 31505 31505 V MediaPlayer-JNI: setDataSourceFD: fd 78
02-06 18:13:20.088 31505 31505 V MediaPlayerNative: setDataSource(78, 80149264, 611808)
02-06 18:13:20.105 31505 31505 V MediaPlayerNative: setVideoSurfaceTexture
02-06 18:13:20.105 31505 31505 V MediaPlayerNative: prepare
02-06 18:13:20.125 31505  5082 V MediaPlayerNative: message received msg=200, ext1=10973, ext2=0
02-06 18:13:20.125 31505  5082 W MediaPlayerNative: info/warning (10973, 0)
02-06 18:13:20.125 31505  5082 V MediaPlayerNative: message received msg=1, ext1=0, ext2=0
02-06 18:13:20.125 31505  5082 V MediaPlayerNative: MediaPlayer::notify() prepared
02-06 18:13:20.125 31505  5082 V MediaPlayerNative: signal application thread
02-06 18:13:20.125 31505 31505 V MediaPlayerNative: prepare complete - status=0
02-06 18:13:20.139 31505 31505 V MediaPlayerNative: invoke 76
02-06 18:13:20.142 31505 31505 V MediaPlayer-JNI: setLooping: 1
02-06 18:13:20.142 31505 31505 V MediaPlayerNative: MediaPlayer::setLooping
02-06 18:13:20.142 31505 31505 V MediaPlayer-JNI: setVolume: left 0.800000  right 0.800000
02-06 18:13:20.142 31505 31505 V MediaPlayerNative: MediaPlayer::setVolume(0.800000, 0.800000)
02-06 18:13:20.143 31505 31505 V MediaPlayer-JNI: start
02-06 18:13:20.143 31505 31505 V MediaPlayerNative: start
02-06 18:13:20.147 31505 31505 I ViewRootImpl@9ddb888[LoginActivity]: MSG_WINDOW_FOCUS_CHANGED 1 1
02-06 18:13:20.148 31505 31505 D InputMethodManager: prepareNavigationBarInfo() DecorView@cd2569b[LoginActivity]
02-06 18:13:20.148 31505 31505 D InputMethodManager: getNavigationBarColor() -855310
02-06 18:13:20.149 31505 31505 D InputMethodManager: prepareNavigationBarInfo() DecorView@cd2569b[LoginActivity]
02-06 18:13:20.149 31505 31505 D InputMethodManager: getNavigationBarColor() -855310
02-06 18:13:20.149 31505 31505 V InputMethodManager: Starting input: tba=com.kyowon.literacy.store ic=null mNaviBarColor -855310 mIsGetNaviBarColorSuccess true , NavVisible : true , NavTrans : false
02-06 18:13:20.149 31505 31505 D InputMethodManager: startInputInner - Id : 0
02-06 18:13:20.149 31505 31505 I InputMethodManager: startInputInner - mService.startInputOrWindowGainedFocus
02-06 18:13:20.205 31505 31505 D InputTransport: Input channel constructed: 'ClientS', fd=88
02-06 18:13:20.205 31505 31505 D InputTransport: Input channel destroyed: 'ClientS', fd=89
02-06 18:13:20.215 31505 31505 V MediaPlayer-JNI: stop
02-06 18:13:20.215 31505 31505 V MediaPlayerNative: stop
02-06 18:13:20.215 31505 31505 V MediaPlayer: resetDrmState:  mDrmInfo=null mDrmProvisioningThread=null mPrepareDrmInProgress=false mActiveDrmScheme=false
02-06 18:13:20.216 31505 31505 V MediaPlayer: cleanDrmObj: mDrmObj=null mDrmSessionId=null
02-06 18:13:20.216 31505 31505 V MediaPlayer-JNI: release
02-06 18:13:20.216 31505 31505 V MediaPlayerNative: setListener
02-06 18:13:20.216 31505 31505 V MediaPlayerNative: disconnect
02-06 18:13:20.217 31505  5082 V MediaPlayerNative: message received msg=8, ext1=0, ext2=0
02-06 18:13:20.217 31505  5082 V MediaPlayerNative: notify(8, 0, 0) callback on disconnected mediaplayer
02-06 18:13:20.283 31505 31505 V MediaPlayerNative: destructor
02-06 18:13:20.284 31505 31505 V MediaPlayerNative: disconnect
02-06 18:13:20.307 31505 31505 I ViewRootImpl@9ddb888[LoginActivity]: MSG_WINDOW_FOCUS_CHANGED 1 1
02-06 18:13:20.307 31505 31505 W MediaPlayer: mediaplayer went away with unhandled events
02-06 18:13:20.307 31505 31505 W MediaPlayer: mediaplayer went away with unhandled events
02-06 18:13:20.829 31505 31505 I ViewRootImpl@9ddb888[LoginActivity]: MSG_WINDOW_FOCUS_CHANGED 0 1
02-06 18:13:24.000 31505 31505 I ViewRootImpl@9ddb888[LoginActivity]: stopped(false) old=false
02-06 18:13:24.013 31505 31505 V MediaPlayer-JNI: native_setup
02-06 18:13:24.013 31505 31505 V MediaPlayerNative: constructor
02-06 18:13:24.014 31505 31505 V MediaPlayerNative: setListener
02-06 18:13:24.028 31505 31505 V MediaPlayer-JNI: setVolume: left 1.000000  right 1.000000
02-06 18:13:24.028 31505 31505 V MediaPlayerNative: MediaPlayer::setVolume(1.000000, 1.000000)
02-06 18:13:24.028 31505 31505 V MediaPlayer-JNI: setAuxEffectSendLevel: level 0.000000
02-06 18:13:24.028 31505 31505 V MediaPlayerNative: MediaPlayer::setAuxEffectSendLevel(0.000000)
02-06 18:13:24.028 31505 31505 V MediaPlayer-JNI: setParameter: key 1400
02-06 18:13:24.028 31505 31505 V MediaPlayerNative: MediaPlayer::setParameter(1400)
02-06 18:13:24.028 31505 31505 V MediaPlayer-JNI: set_session_id(): 9697
02-06 18:13:24.028 31505 31505 V MediaPlayerNative: MediaPlayer::setAudioSessionId(9697)
02-06 18:13:24.030 31505 31505 V MediaPlayer-JNI: setDataSourceFD: fd 78
02-06 18:13:24.030 31505 31505 V MediaPlayerNative: setDataSource(78, 80149264, 611808)
02-06 18:13:24.049 31505 31505 V MediaPlayerNative: setVideoSurfaceTexture
02-06 18:13:24.049 31505 31505 V MediaPlayerNative: prepare
02-06 18:13:24.107 31505  5082 V MediaPlayerNative: message received msg=200, ext1=10973, ext2=0
02-06 18:13:24.107 31505  5082 W MediaPlayerNative: info/warning (10973, 0)
02-06 18:13:24.113 31505  5082 V MediaPlayerNative: message received msg=1, ext1=0, ext2=0
02-06 18:13:24.114 31505  5082 V MediaPlayerNative: MediaPlayer::notify() prepared
02-06 18:13:24.114 31505  5082 V MediaPlayerNative: signal application thread
02-06 18:13:24.114 31505 31505 V MediaPlayerNative: prepare complete - status=0
02-06 18:13:24.123 31505 31505 V MediaPlayerNative: invoke 76
02-06 18:13:24.127 31505 31505 V MediaPlayer-JNI: setLooping: 1
02-06 18:13:24.127 31505 31505 V MediaPlayerNative: MediaPlayer::setLooping
02-06 18:13:24.132 31505 31505 V MediaPlayer-JNI: setVolume: left 0.800000  right 0.800000
02-06 18:13:24.132 31505 31505 V MediaPlayerNative: MediaPlayer::setVolume(0.800000, 0.800000)
02-06 18:13:24.133 31505 31505 V MediaPlayer-JNI: start
02-06 18:13:24.133 31505 31505 V MediaPlayerNative: start
02-06 18:13:24.322 31505  5082 V MediaPlayerNative: message received msg=6, ext1=0, ext2=0
02-06 18:13:24.350 31505 31505 I SurfaceControl: nativeRelease nativeObject s[-5476376618309963488]
02-06 18:13:24.350 31505 31505 I SurfaceControl: nativeRelease nativeObject e[-5476376618309963488]
02-06 18:13:24.369 31505 31505 I SurfaceControl: assignNativeObject: nativeObject = 0 Surface(name=null)/@0xeffd94 / android.view.SurfaceControl.readFromParcel:1117 android.view.IWindowSession$Stub$Proxy.relayout:1820 android.view.ViewRootImpl.relayoutWindow:9005 android.view.ViewRootImpl.performTraversals:3360 android.view.ViewRootImpl.doTraversal:2618 android.view.ViewRootImpl$TraversalRunnable.run:9971 android.view.Choreographer$CallbackRecord.run:1010 android.view.Choreographer.doCallbacks:809 android.view.Choreographer.doFrame:744 android.view.Choreographer$FrameDisplayEventReceiver.run:995 
02-06 18:13:24.377 31505 31505 I SurfaceControl: nativeRelease nativeObject s[-5476376619811323584]
02-06 18:13:24.377 31505 31505 I SurfaceControl: nativeRelease nativeObject e[-5476376619811323584]
02-06 18:13:24.377 31505 31505 I SurfaceControl: nativeRelease nativeObject s[-5476376618309964928]
02-06 18:13:24.377 31505 31505 I SurfaceControl: nativeRelease nativeObject e[-5476376618309964928]
02-06 18:13:24.377 31505 31505 I SurfaceControl: nativeRelease nativeObject s[-5476376618279076384]
02-06 18:13:24.377 31505 31505 I SurfaceControl: nativeRelease nativeObject e[-5476376618279076384]
02-06 18:13:24.377 31505 31505 I ViewRootImpl@9ddb888[LoginActivity]: Relayout returned: old=(0,0,2000,1200) new=(0,0,2000,1200) req=(2000,1200)0 dur=169 res=0x1 s={true -5476376619769638912} ch=false fn=190
02-06 18:13:24.427 31505  4917 V MediaPlayerNative: message received msg=211, ext1=0, ext2=0
02-06 18:13:24.427 31505  4917 V MediaPlayerNative: message received msg=211, ext1=0, ext2=0
02-06 18:13:25.374 31505 31505 V MediaPlayer-JNI: stop
02-06 18:13:25.374 31505 31505 V MediaPlayerNative: stop
02-06 18:13:25.375 31505  4917 V MediaPlayerNative: message received msg=8, ext1=0, ext2=0
02-06 18:13:25.375 31505  4917 V MediaPlayerNative: message received msg=211, ext1=0, ext2=0
02-06 18:13:25.376 31505 31505 V MediaPlayer: resetDrmState:  mDrmInfo=null mDrmProvisioningThread=null mPrepareDrmInProgress=false mActiveDrmScheme=false
02-06 18:13:25.376 31505 31505 V MediaPlayer: cleanDrmObj: mDrmObj=null mDrmSessionId=null
02-06 18:13:25.377 31505 31505 V MediaPlayer-JNI: release
02-06 18:13:25.377 31505 31505 V MediaPlayerNative: setListener
02-06 18:13:25.377 31505 31505 V MediaPlayerNative: disconnect
02-06 18:13:25.427 31505 31505 V MediaPlayerNative: destructor
02-06 18:13:25.427 31505 31505 V MediaPlayerNative: disconnect
02-06 18:13:25.688 31505 31505 W MediaPlayer: mediaplayer went away with unhandled events
02-06 18:13:25.688 31505 31505 W MediaPlayer: mediaplayer went away with unhandled events
02-06 18:13:25.692 31505 31505 I ViewRootImpl@9ddb888[LoginActivity]: MSG_WINDOW_FOCUS_CHANGED 1 1
02-06 18:13:25.693 31505 31505 D InputMethodManager: prepareNavigationBarInfo() DecorView@cd2569b[LoginActivity]
02-06 18:13:25.693 31505 31505 D InputMethodManager: getNavigationBarColor() -855310
02-06 18:13:25.776 31505 31505 D InputMethodManager: prepareNavigationBarInfo() DecorView@cd2569b[LoginActivity]
02-06 18:13:25.776 31505 31505 D InputMethodManager: getNavigationBarColor() -855310
02-06 18:13:25.777 31505 31505 V InputMethodManager: Starting input: tba=com.kyowon.literacy.store ic=null mNaviBarColor -855310 mIsGetNaviBarColorSuccess true , NavVisible : true , NavTrans : false
02-06 18:13:25.777 31505 31505 D InputMethodManager: startInputInner - Id : 0
02-06 18:13:25.777 31505 31505 I InputMethodManager: startInputInner - mService.startInputOrWindowGainedFocus
02-06 18:13:25.859 31505 31505 D InputTransport: Input channel constructed: 'ClientS', fd=87
02-06 18:13:25.859 31505 31505 D InputTransport: Input channel destroyed: 'ClientS', fd=88
02-06 18:13:25.860 31505 31505 I Choreographer: Skipped 98 frames!  The application may be doing too much work on its main thread.
