02-06 18:14:15.979  2588 11357 V NuPlayer: 				 FLAG_SECURE: 0  FLAG_PROTECTED: 0
02-06 18:14:15.980  2588 11359 V NuPlayer: Source::notifyPrepared 0
02-06 18:14:15.980  2588 11357 V NuPlayer: prepare posted successfully.
02-06 18:14:15.980  2588 11357 I NuPlayer: ORmode enabled : unsupportedAudio = 0, unsupportedVideo = 0, mHaveAudioTrack = 1, mHaveVideoTrack = 0
02-06 18:14:15.980  2588 11357 V MediaPlayerService: [394] notify (200, 10973, 0)
02-06 18:14:15.980  2588 11357 V NuPlayer: NuPlayer::onSourceNotify Source::kWhatPrepared source: 0xf6f9c200
02-06 18:14:15.980 31505  4917 V MediaPlayerNative: message received msg=200, ext1=10973, ext2=0
02-06 18:14:15.980 31505  4917 W MediaPlayerNative: info/warning (10973, 0)
02-06 18:14:15.980  2588 11357 V NuPlayer: extractMetadata Tracks : 1
02-06 18:14:15.981  2588 11357 V NuPlayer: enableInbandTextFromExtr
02-06 18:14:15.982  2588 11357 V NuPlayerDriver: notifyPrepareCompleted 0
02-06 18:14:15.982  2588 11357 V MediaPlayerService: [394] notify (1, 0, 0)
02-06 18:14:15.982 31505  4917 V MediaPlayerNative: message received msg=1, ext1=0, ext2=0
02-06 18:14:15.982 31505  4917 V MediaPlayerNative: MediaPlayer::notify() prepared
02-06 18:14:15.982 31505  4917 V MediaPlayerNative: signal application thread
02-06 18:14:15.982 31505 31505 V MediaPlayerNative: prepare complete - status=0
02-06 18:14:15.984 31505 31505 V MediaPlayerNative: invoke 76
02-06 18:14:15.984  2588  3027 V NuPlayer: getTrackInfo
02-06 18:14:15.984  2588 11357 W NuPlayer: no name
02-06 18:14:15.985 31505 31505 V MediaPlayer-JNI: setLooping: 1
02-06 18:14:15.985 31505 31505 V MediaPlayerNative: MediaPlayer::setLooping
02-06 18:14:15.986  2588 26811 V MediaPlayerService: [394] setLooping(1)
02-06 18:14:15.988 31505 31505 V MediaPlayer-JNI: setVolume: left 0.800000  right 0.800000
02-06 18:14:15.988 31505 31505 V MediaPlayerNative: MediaPlayer::setVolume(0.800000, 0.800000)
02-06 18:14:15.988  2588 26811 V MediaPlayerService: [394] setVolume(0.800000, 0.800000)
02-06 18:14:15.988  2588 26811 V AudioSink: setVolume(0.800000, 0.800000)
02-06 18:14:15.988 31505 31505 V MediaPlayer-JNI: start
02-06 18:14:15.988 31505 31505 V MediaPlayerNative: start
02-06 18:14:15.989  2588  3027 V MediaPlayerService: [394] setLooping(1)
02-06 18:14:15.989  2588  3027 V MediaPlayerService: [394] setVolume(0.800000, 0.800000)
02-06 18:14:15.989  2588  3027 V AudioSink: setVolume(0.800000, 0.800000)
02-06 18:14:15.989  2588 26811 V MediaPlayerService: [394] setAuxEffectSendLevel(0.000000)
02-06 18:14:15.989  2588 26811 V AudioSink: setAuxEffectSendLevel(0.000000)
02-06 18:14:15.989  2588  3026 V MediaPlayerService: [394] start
02-06 18:14:15.989  2588  3026 V NuPlayerDriver: start(0xf6f4ef00), state is 4, eos is 0
02-06 18:14:15.989  2588 11357 V NuPlayer: kWhatStart
02-06 18:14:15.989  2588 11357 V NuPlayer: onStart: mCrypto: 0x0 (0)
02-06 18:14:15.989  2588 11357 I GenericSource: start
02-06 18:14:15.989  2588 11357 V NuPlayer: checkOffloadExceptions is true, call canOffloadStream
02-06 18:14:15.990  3012  3061 D EnterpriseDeviceManagerService: isMdmAdminPresentInternal() : MDM Admin Found - com.sec.enterprise.knox.cloudmdm.smdms
02-06 18:14:15.991 11196 11196 E SemDvfsManager_JNI: SemDvfsManager: registerfunction enter
02-06 18:14:15.991 11196 11196 E SemAffinityControl: SemAffinityControl: registerfunction enter
02-06 18:14:15.991  3012  3012 D AudioPlayerStateMonitor: Found a new active media playback. AudioPlaybackConfiguration piid:3471 type:android.media.MediaPlayer u/pid:10584/31505 state:started attr:AudioAttributes: usage=USAGE_UNKNOWN content=CONTENT_TYPE_UNKNOWN flags=0x800 tags= bundle=null
02-06 18:14:15.991  3012  3012 D MediaSessionService: Audio playback is changed, config=AudioPlaybackConfiguration piid:3471 type:android.media.MediaPlayer u/pid:10584/31505 state:started attr:AudioAttributes: usage=USAGE_UNKNOWN content=CONTENT_TYPE_UNKNOWN flags=0x800 tags= bundle=null, removed=false
02-06 18:14:15.992  3012  8461 V WindowManager: Relayout Window{9cfd3d3 u0 com.kyowon.literacy.store/com.kyowon.literacy.ui.login.activity.LoginActivity}: viewVisibility=0 req=2000x1200
02-06 18:14:15.992  3012  3012 D MediaSessionStack: updateMediaButtonSessionIfNeeded, callers=com.android.server.media.MediaSessionService.lambda$onStart$0$MediaSessionService:214 com.android.server.media.-$$Lambda$MediaSessionService$za_9dlUSlnaiZw6eCdPVEZq0XLw.onAudioPlayerActiveStateChanged:2 
02-06 18:14:15.992  3012  3012 D MediaSessionStack: updateMediaButtonSessionIfNeeded, skipping uid=10584
02-06 18:14:15.992  3012  3012 D MediaSessionStack: updateMediaButtonSessionIfNeeded, skipping uid=10099
02-06 18:14:15.993  2586 25314 V APM_AudioPolicyManager: isOffloadSupported: SR=48000, CM=0x3, Format=0x1000000, StreamType=3, BitRate=320000, duration=20616000 us, has_video=0
02-06 18:14:15.993  2586 25314 V APM_AudioPolicyManager: Offload denied by duration < default min(=40)
02-06 18:14:15.994  2588 11357 I MediaClock: setPlaybackRate rate : 1.000000
02-06 18:14:15.994  3012  3273 D AS.SoundAliveHelper: notify dvfs state : 2, screen : true
02-06 18:14:15.996  3012  8461 V WindowManager: Relayout hash=9cfd3d3, pid=31505: mAttrs={(0,0)(fillxfill) sim={state=hidden adjust=pan forwardNavigation} ty=BASE_APPLICATION wanim=0x1030304
02-06 18:14:15.996  3012  8461 V WindowManager:   fl=81810580
02-06 18:14:15.996  3012  8461 V WindowManager:   pfl=1a020000
02-06 18:14:15.996  3012  8461 V WindowManager:   apr=LIGHT_NAVIGATION_BARS
02-06 18:14:15.996  3012  8461 V WindowManager:   bhv=SHOW_TRANSIENT_BARS_BY_SWIPE
02-06 18:14:15.996  3012  8461 V WindowManager:   fitSides= naviIconColor=0
02-06 18:14:15.996  3012  8461 V WindowManager:   sfl=100000}
02-06 18:14:15.997  3012  8461 I SurfaceControl: nativeRelease nativeObject s[-5476376620424416320]
02-06 18:14:15.997  3012  8461 I SurfaceControl: nativeRelease nativeObject e[-5476376620424416320]
02-06 18:14:15.999 31505 31505 I SurfaceControl: nativeRelease nativeObject s[-5476376619811321824]
02-06 18:14:15.999 31505 31505 I SurfaceControl: nativeRelease nativeObject e[-5476376619811321824]
02-06 18:14:16.000 31505 31505 I SurfaceControl: assignNativeObject: nativeObject = 0 Surface(name=null)/@0xeffd94 / android.view.SurfaceControl.readFromParcel:1117 android.view.IWindowSession$Stub$Proxy.relayout:1820 android.view.ViewRootImpl.relayoutWindow:9005 android.view.ViewRootImpl.performTraversals:3360 android.view.ViewRootImpl.doTraversal:2618 android.view.ViewRootImpl$TraversalRunnable.run:9971 android.view.Choreographer$CallbackRecord.run:1010 android.view.Choreographer.doCallbacks:809 android.view.Choreographer.doFrame:744 android.view.Choreographer$FrameDisplayEventReceiver.run:995 
02-06 18:14:16.001 31505 31505 I SurfaceControl: nativeRelease nativeObject s[-5476376619811319424]
02-06 18:14:16.001 31505 31505 I SurfaceControl: nativeRelease nativeObject e[-5476376619811319424]
02-06 18:14:16.001 31505 31505 I SurfaceControl: nativeRelease nativeObject s[-5476376619811321664]
02-06 18:14:16.001 31505 31505 I SurfaceControl: nativeRelease nativeObject e[-5476376619811321664]
02-06 18:14:16.001 31505 31505 I SurfaceControl: nativeRelease nativeObject s[-5476376618202809824]
02-06 18:14:16.001 31505 31505 I SurfaceControl: nativeRelease nativeObject e[-5476376618202809824]
02-06 18:14:16.001 31505 31505 I ViewRootImpl@9ddb888[LoginActivity]: Relayout returned: old=(0,0,2000,1200) new=(0,0,2000,1200) req=(2000,1200)0 dur=9 res=0x1 s={true -5476376619769638912} ch=false fn=972
02-06 18:14:16.003 31505 31505 V MediaPlayerNative: invoke 76
02-06 18:14:16.004  2588  3027 V NuPlayer: getTrackInfo
02-06 18:14:16.008  1093 13961 I OMX-VENC: venc_dev: stats: avg. fps 12.58, bitrate 1383046
02-06 18:14:16.008  2588 11362 I NuPlayerRenderer: onConfigPlayback
02-06 18:14:16.008  2588 11362 I MediaClock: setPlaybackRate rate : 1.000000
02-06 18:14:16.008  2588 11362 I MediaClock: setSpeedAjust mSASpeed (0), mMinClockModificationTimeUs (80000)
02-06 18:14:16.013  2588 11357 I NuPlayerRenderer: setLooping (1)
02-06 18:14:16.013  2588 11357 I NuPlayerRenderer: setDuration (20616000)
02-06 18:14:16.013  2588 11357 V NuPlayer: startPlaybackTimer() time      800603019406986 (onstart)
02-06 18:14:16.013  2588 11357 W NuPlayer: no name
02-06 18:14:16.013  2588 11357 V NuPlayer: scanning sources haveAudio=0, haveVideo=0
02-06 18:14:16.013  2588 11357 V NuPlayer: checkOffloadExceptions is true, call canOffloadStream
02-06 18:14:16.014  2586 25314 V APM_AudioPolicyManager: isOffloadSupported: SR=48000, CM=0x3, Format=0x1000000, StreamType=3, BitRate=320000, duration=20616000 us, has_video=0
02-06 18:14:16.014  2586 25314 V APM_AudioPolicyManager: Offload denied by duration < default min(=40)
02-06 18:14:16.014  2588 11357 V NuPlayer: make Decoder (audio)
02-06 18:14:16.015  2588 11357 V NuPlayer: instantiateDecoder audio Decoder
02-06 18:14:16.015  2588 11362 I NuPlayerRenderer: kWhatSetRefRate - refRate(1.000000)
02-06 18:14:16.018  2588 11364 I CCodec  : state->set(ALLOCATING)
02-06 18:14:16.018  2588 11364 I CCodec  : allocate(c2.sec.mp3.decoder)
02-06 18:14:16.019 11196 11196 W app_process: JNI RegisterNativeMethods: attempt to register 0 native methods for android.media.AudioAttributes
02-06 18:14:16.021  2588 11364 I CCodec  : setting up 'default' as default (vendor) store
02-06 18:14:16.022  3012  7184 I SemDvfsHyPerManager: acquire hyper - AMS_RESUME_TAIL/3012@21, type = -999
02-06 18:14:16.022  3012  7184 I SemDvfsHyPerManager: acquire hyper - AMS_ACT_LAZY/3012@22, type = -999
02-06 18:14:16.022  3012  7184 D ActivityManagerPerformance: AMP_acquire() TAIL
02-06 18:14:16.022  3012  7184 D ActivityManagerPerformance: AMP_release() APP_SWITCH
02-06 18:14:16.022  2594  2614 I HYPER-HAL: [RequestManager.cpp]acquire(): Acquired ID : 4601082  [3012 / 21]    HINT : AMS_RESUME_TAIL    list : 
02-06 18:14:16.023  1093  1608 I C2SecMp3Dec: in CreateCodec2Factory
02-06 18:14:16.023  1093  1608 I SEC_componentStore: GetCodec2SecComponentStore+++++++++++++
02-06 18:14:16.023  1093  1608 I SEC_componentStore: GetCodec2SecComponentStore--------------default
02-06 18:14:16.023  2594  2614 I HYPER-HAL: [ResourceManager.cpp]updateResource(): [CPULittleMinFreq] UpdateResource Request ID : 4601082    Value : 1017600
02-06 18:14:16.024  3012  4289 E libprocessgroup: Failed to write 'THAWED' to /dev/freezer/olaf/freezer.state: No such file or directory
02-06 18:14:16.024  3012  4289 W libprocessgroup: Failed to apply DoNothingOlaf task profile: No such file or directory
02-06 18:14:16.027  2594  2614 I HYPER-HAL: [ResourceManager.cpp]updateResource(): [CPUMinFreq] UpdateResource Request ID : 4601082    Value : 1401600
02-06 18:14:16.029  2594  2614 I HYPER-HAL: [RequestManager.cpp]acquire(): Acquired ID : 4604117  [3012 / 22]    HINT : AMS_ACT_LAZY    list : 
02-06 18:14:16.030  2594  2614 I HYPER-HAL: [ResourceManager.cpp]removeResource(): [CPULittleMinFreq] RemoveResource Request ID : 4598048
02-06 18:14:16.033  2588 11364 I CCodec  : Created component [c2.sec.mp3.decoder]
02-06 18:14:16.033  2588 11364 I CCodec  : state->set(ALLOCATED)
02-06 18:14:16.034  2588 11364 D CCodecConfig: read media type: audio/mpeg
02-06 18:14:16.035  2594  2614 I HYPER-HAL: [ResourceManager.cpp]removeResource(): [CPUMinFreq] RemoveResource Request ID : 4598048
02-06 18:14:16.037  2594  2614 I HYPER-HAL: [RequestManager.cpp]releaseLocked(): Released ID : 4598048
02-06 18:14:16.041  2588 11364 D ReflectedParamUpdater: extent() != 1 for single value type: algo.buffers.max-count.values
02-06 18:14:16.042  2588 11364 D ReflectedParamUpdater: extent() != 1 for single value type: output.subscribed-indices.values
02-06 18:14:16.042  2588 11364 D ReflectedParamUpdater: extent() != 1 for single value type: input.buffers.allocator-ids.values
02-06 18:14:16.042  2588 11364 D ReflectedParamUpdater: extent() != 1 for single value type: output.buffers.allocator-ids.values
02-06 18:14:16.042  2588 11364 D ReflectedParamUpdater: extent() != 1 for single value type: algo.buffers.allocator-ids.values
02-06 18:14:16.043  2588 11364 D ReflectedParamUpdater: extent() != 1 for single value type: output.buffers.pool-ids.values
02-06 18:14:16.043  2588 11364 D ReflectedParamUpdater: extent() != 1 for single value type: algo.buffers.pool-ids.values
02-06 18:14:16.056  2588 11364 I CCodecConfig: query failed after returning 7 values (BAD_INDEX)
02-06 18:14:16.057  2588 11364 D CCodecConfig: c2 config diff is Dict {
02-06 18:14:16.057  2588 11364 D CCodecConfig:   c2::u32 coded.bitrate.value = 64000
02-06 18:14:16.057  2588 11364 D CCodecConfig:   c2::u32 input.buffers.max-size.value = 8192
02-06 18:14:16.057  2588 11364 D CCodecConfig:   c2::u32 input.delay.value = 0
02-06 18:14:16.057  2588 11364 D CCodecConfig:   string input.media-type.value = "audio/mpeg"
02-06 18:14:16.057  2588 11364 D CCodecConfig:   string output.media-type.value = "audio/raw"
02-06 18:14:16.057  2588 11364 D CCodecConfig:   c2::u32 raw.channel-count.value = 2
02-06 18:14:16.057  2588 11364 D CCodecConfig:   c2::u32 raw.sample-rate.value = 44100
02-06 18:14:16.057  2588 11364 D CCodecConfig: }
02-06 18:14:16.060  2588 11364 D CCodec  : [c2.sec.mp3.decoder] buffers are bound to CCodec for this session
02-06 18:14:16.060  2588 11364 D CCodecConfig: no c2 equivalents for durationUs
02-06 18:14:16.060  2588 11364 D CCodecConfig: no c2 equivalents for bits-per-sample
02-06 18:14:16.060  2588 11364 D CCodecConfig: no c2 equivalents for encoder-delay
02-06 18:14:16.060  2588 11364 D CCodecConfig: no c2 equivalents for encoder-padding
02-06 18:14:16.060  2588 11364 D CCodecConfig: no c2 equivalents for app-pid
02-06 18:14:16.061  2588 11364 D CCodecConfig: no c2 equivalents for flags
02-06 18:14:16.061  3012  3061 D SemGameManager: getGMSBinder(), begin
02-06 18:14:16.062  2588 11364 D CCodecConfig: c2 config diff is   c2::u32 raw.sample-rate.value = 48000
02-06 18:14:16.062  3012  3061 D SemGameManager: getGMSBinder(), successful: true
02-06 18:14:16.063  3012  3061 D SemGameManager: isAvailable(), ret=true
02-06 18:14:16.063  3012  3061 D SemGameManager: isGamePackage(), pkgName=com.kyowon.literacy.store
02-06 18:14:16.063  3012  3061 D SemGameManager: getGMSBinder(), begin
02-06 18:14:16.063  3012  3061 D SemGameManager: getGMSBinder(), successful: true
02-06 18:14:16.063  3012  3061 D GameManagerService: identifyGamePackage. com.kyowon.literacy.store, mCurrentUserId: 0, callerUserId: 0
02-06 18:14:16.064  3012  3061 D PkgDataHelper: getGamePkgData(). com.kyowon.literacy.store
02-06 18:14:16.064  3012  3061 D SemGameManager: isGamePackage(), ret=false
02-06 18:14:16.064  3012  3061 D GameManagerService: noteResumeComponent(), received resumed-component: com.kyowon.literacy.store
02-06 18:14:16.064  3012  3061 I GameSDK@LifeCycle: noteResumeComponent(): package name  : com.kyowon.literacy.store
02-06 18:14:16.064  3012  3220 D GameManagerService: onLooperPrepared(), msg: MSG_APP_RESUME, resumeComponent: ComponentInfo{com.kyowon.literacy.store/com.kyowon.literacy.ui.login.activity.LoginActivity}
02-06 18:14:16.064  3012  3220 D GameManagerService: handleResume().
02-06 18:14:16.065  3012  3220 D GameManagerService: sendFocusOutConditionally() - mPrevNotiPackage: (unknown)
02-06 18:14:16.065  2588 11364 W Codec2Client: query -- param skipped: index = 1107298332.
02-06 18:14:16.065  3012  3220 D GameManagerService:   handleResume(). pkgName: com.kyowon.literacy.store, isTunableApp: null
02-06 18:14:16.065  3012  3220 D GameManagerService: notifyFocusInOut(). of pkg: com.kyowon.literacy.store, type: 4, isMinimized: false, isTunableApp: false
02-06 18:14:16.065  3012  3220 D GameManagerService:   notifyFocusInOut(). unexpected mPrevNotiType: -1
02-06 18:14:16.065  3012  3220 D GameManagerService:NetworkLimit: callRelease
02-06 18:14:16.065  3012  3220 D GM:SystemHelper: callReleaseBlock needReleaseBlock:false
02-06 18:14:16.065  2588 11364 D CCodec  : setup formats input: AMessage(what = 0x00000000) = {
02-06 18:14:16.065  2588 11364 D CCodec  :   int32_t channel-count = 2
02-06 18:14:16.065  2588 11364 D CCodec  :   int32_t max-input-size = 8192
02-06 18:14:16.065  2588 11364 D CCodec  :   string mime = "audio/mpeg"
02-06 18:14:16.065  2588 11364 D CCodec  :   int32_t sample-rate = 48000
02-06 18:14:16.065  2588 11364 D CCodec  :   int64_t durationUs = 20616000
02-06 18:14:16.065  2588 11364 D CCodec  : } and output: AMessage(what = 0x00000000) = {
02-06 18:14:16.065  2588 11364 D CCodec  :   int32_t channel-count = 2
02-06 18:14:16.065  2588 11364 D CCodec  :   string mime = "audio/raw"
02-06 18:14:16.065  2588 11364 D CCodec  :   int32_t sample-rate = 48000
02-06 18:14:16.065  2588 11364 D CCodec  :   int32_t encoder-delay = 576
02-06 18:14:16.065  2588 11364 D CCodec  :   int32_t encoder-padding = 1564
02-06 18:14:16.065  2588 11364 D CCodec  : }
02-06 18:14:16.065   541  1113 I servicemanager: Found vendor.samsung.frameworks.codecsolution.ISehCodecSolution/default in framework VINTF manifest.
02-06 18:14:16.067  3012  7184 D SehCodecSolutionService: updateMediaStatisticsData: (action=1@1986621044;category=4@1986621044;label=1936945203@1986621044)
02-06 18:14:16.067  3012  7184 D CodecSolution_MediaStatisticsData: MediaStatisticsData: action=1@1986621044;category=4@1986621044;label=1936945203@1986621044
02-06 18:14:16.067  3012  7184 D CodecSolution_MediaStatisticsData: Category.valueOf: 4
02-06 18:14:16.067  3012  7184 D CodecSolution_MediaStatisticsData: Action.valueOf: 1
02-06 18:14:16.067  3012  7184 D CodecSolution_MediaStatisticsData: Label.valueOf: 0x73737033
02-06 18:14:16.067  3012  7184 D CodecSolution_MediaStatisticsData: category: ADEC
02-06 18:14:16.067  3012  7184 D CodecSolution_MediaStatisticsData: action: INSTANTIATE
02-06 18:14:16.067  3012  7184 D CodecSolution_MediaStatisticsData: label: SEC_SW_MP3
02-06 18:14:16.067  3012  3012 D SehCodecSolutionService: handleMessage : 900
02-06 18:14:16.067  3012  3012 D SehCodecSolutionService: event : ADEC
02-06 18:14:16.067  3012  3012 D CodecSolution_Logging: dma : true, feature: ADEC, extra: SEC_SW_MP3, value: -1
02-06 18:14:16.067  3012  3012 D CodecSolution_Logging: insert diagmon log
02-06 18:14:16.067  3012  3012 D CodecSolution_Logging: permission granted
02-06 18:14:16.068  3012  3012 W ContextImpl: Calling a method in the system process without a qualified user: android.app.ContextImpl.sendBroadcast:1162 vendor.samsung.frameworks.codecsolution.Logging.insertDiagmonLog:78 vendor.samsung.frameworks.codecsolution.Logging.insertLog:54 vendor.samsung.frameworks.codecsolution.Logging.insertLog:46 vendor.samsung.frameworks.codecsolution.SehCodecSolutionService$1.handleMessage:307 
02-06 18:14:16.068  2588 11364 I MediaCodec: MediaCodec will operate in async mode
02-06 18:14:16.068  2588 11363 W MediaCodec: keep callback message for reclaim
02-06 18:14:16.073  2588 11364 I CCodec  : state->set(STARTING)
02-06 18:14:16.078  3012  3454 I ActivityManager: Changes in 10499 2 to 4, 7 to 6 Caller=com.android.server.am.OomAdjuster.updateOomAdjLockedInner:669 com.android.server.am.OomAdjuster.updateOomAdjLocked:413 com.android.server.am.ActivityManagerService.updateOomAdjLocked:21481 com.android.server.am.ActivityManagerService.trimApplicationsLocked:21752 com.android.server.am.ActivityManagerService.trimApplications:21702 com.android.server.am.ActivityManagerService$LocalService.trimApplications:22606 com.android.server.wm.ActivityTaskManagerService.activityStopped:2629 
02-06 18:14:16.078  3012  3454 I AppOps  : updateUidProcState uid: 10499 procState: 4 capability:6
02-06 18:14:16.078  2588 11364 W Codec2Client: query -- param skipped: index = 1342179345.
02-06 18:14:16.078  2588 11364 W Codec2Client: query -- param skipped: index = 2415921170.
02-06 18:14:16.081  8740  8778 I SAContentProvider: Player/Screen Callback in R OS
02-06 18:14:16.084 11302 11341 D TestRequestBuilder: Skipping class path scanning and directly running [com.netease.open.pocoservice.InstrumentedTestAsLauncher]
02-06 18:14:16.085  8094  8094 W ContextImpl: Calling a method in the system process without a qualified user: android.app.ContextImpl.startService:1739 android.content.ContextWrapper.startService:738 android.content.ContextWrapper.startService:738 com.sec.android.diagmonagent.sa.receiver.CFLogReceiver.sendCFLog:26 com.sec.android.diagmonagent.sa.receiver.CFLogReceiver.onReceive:18 
02-06 18:14:16.087  2586 25314 V APM_AudioPolicyManager: setAppState(portId:387, state:2)
02-06 18:14:16.087  2586 16725 V APM_AudioPolicyManager: setAppState(portId:387, state:2)
02-06 18:14:16.088 31505  4554 I .literacy.stor: Background young concurrent copying GC freed 128685(7694KB) AllocSpace objects, 1(20KB) LOS objects, 50% free, 7924KB/15MB, paused 167us total 104.325ms
02-06 18:14:16.093  2588 11364 E FMQ     : grantorIdx must be less than 3
02-06 18:14:16.093  2588 11364 E FMQ     : grantorIdx must be less than 3
02-06 18:14:16.094  1093 19367 D BufferPoolAccessor2.0: Destruction - bufferpool2 0xf32e2098 cached: 0/0M, 0/0% in use; allocs: 47, 91% recycled; transfers: 47, 91% unfetched
02-06 18:14:16.094 31505  4556 V MediaPlayer-JNI: native_finalize
02-06 18:14:16.094 31505  4556 V MediaPlayer-JNI: release
02-06 18:14:16.094  2588 11364 D CCodecBufferChannel: [c2.sec.mp3.decoder#351] Created input block pool with allocatorID 16 => poolID 397 - OK (0)
02-06 18:14:16.095 31505  4556 V MediaPlayer-JNI: native_finalize
02-06 18:14:16.095 31505  4556 V MediaPlayer-JNI: release
02-06 18:14:16.095  1093 19367 E FMQ     : grantorIdx must be less than 3
02-06 18:14:16.096  1093 19367 E FMQ     : grantorIdx must be less than 3
02-06 18:14:16.096 31505  4556 V MediaPlayer-JNI: native_finalize
02-06 18:14:16.096 31505  4556 V MediaPlayer-JNI: release
02-06 18:14:16.096 31505  4556 V MediaPlayer-JNI: native_finalize
02-06 18:14:16.096 31505  4556 V MediaPlayer-JNI: release
02-06 18:14:16.096  2588  3370 D BufferPoolAccessor2.0: Destruction - bufferpool2 0xf6c7c0d8 cached: 0/0M, 0/0% in use; allocs: 51, 84% recycled; transfers: 100, 92% unfetched
02-06 18:14:16.097 31505  4556 V MediaPlayer-JNI: native_finalize
02-06 18:14:16.097 31505  4556 V MediaPlayer-JNI: release
02-06 18:14:16.097  3012  3059 D SehCodecSolutionService: Update top [com.kyowon.literacy.store]
02-06 18:14:16.097 31505  4556 V MediaPlayer-JNI: native_finalize
02-06 18:14:16.097 31505  4556 V MediaPlayer-JNI: release
02-06 18:14:16.097  2588 11364 I CCodecBufferChannel: [c2.sec.mp3.decoder#351] Created output block pool with allocatorID 16 => poolID 4125 - OK
02-06 18:14:16.097  2586 16725 V APM_AudioPolicyManager: setAppState(portId:387, state:2)
02-06 18:14:16.097  2588 11364 D CCodecBufferChannel: [c2.sec.mp3.decoder#351] Configured output block pool ids 4125 => OK
02-06 18:14:16.098 31505  4556 V MediaPlayer-JNI: native_finalize
02-06 18:14:16.098 31505  4556 V MediaPlayer-JNI: release
02-06 18:14:16.098  2588 11364 D CCodecBufferChannel: [c2.sec.mp3.decoder#351] start: updating output delay 0
02-06 18:14:16.098  2588 11364 I CCodec  : state->set(RUNNING)
02-06 18:14:16.098  1093  5651 I SEC_componentStore: >>SEC Codec2's2 SetIonUsage : 33554432
02-06 18:14:16.098  1093  5651 I SEC_componentStore: >>SEC Codec2's SetIonUsage
02-06 18:14:16.100  1093 11366 D SimpleC2Component: Using output block pool with poolID 4125 => got 4125 - 0
02-06 18:14:16.102  2588 11364 E FMQ     : grantorIdx must be less than 3
02-06 18:14:16.103  1093 19367 E FMQ     : grantorIdx must be less than 3
02-06 18:14:16.103 31505  4556 V MediaPlayer-JNI: native_finalize
02-06 18:14:16.104 31505  4556 V MediaPlayer-JNI: release
02-06 18:14:16.104  1093 11366 I SEC_componentStore: >>SEC Codec2's2 SetIonUsage : 33554432
02-06 18:14:16.104  1093 11366 I SEC_componentStore: >>SEC Codec2's SetIonUsage
02-06 18:14:16.105  1093 11366 I C2SecMp3Dec: Reconfiguring decoder: 0->48000 Hz, 0->2 channels
02-06 18:14:16.106  1093 11366 E FMQ     : grantorIdx must be less than 3
02-06 18:14:16.106  2588  3370 E FMQ     : grantorIdx must be less than 3
02-06 18:14:16.113 31505  4556 V MediaPlayer-JNI: native_finalize
02-06 18:14:16.114 31505  4556 V MediaPlayer-JNI: release
02-06 18:14:16.116  2588 11362 I NuPlayerRenderer: openAudioSink: open AudioSink in NON-offload mode audioFormat : 1, flags : 8
02-06 18:14:16.116  2588 11362 V AudioSink: +++ close
02-06 18:14:16.116  2588 11362 V AudioSink: --- close
02-06 18:14:16.118  2586 16725 V APM_AudioPolicyManager: getOutput() stream 3 selected devices {type:0x8000,@:0}, output 53
02-06 18:14:16.119  2586 25314 V APM_AudioPolicyManager: getOutput() stream 3 selected devices {type:0x8000,@:0}, output 53
02-06 18:14:16.120  2586 13582 V APM_AudioPolicyManager: getOutput() stream 3 selected devices {type:0x8000,@:0}, output 53
02-06 18:14:16.120  2588 11362 I NuPlayerRenderer: checkAudioSinkPcmMsSetting 500
02-06 18:14:16.120  2588 11362 V AudioSink: open(48000, 2, 0x0, 0x1, 0, 10401 0x8)
02-06 18:14:16.121  2586  9814 V APM_AudioPolicyManager: getOutput() stream 3 selected devices {type:0x8000,@:0}, output 53
02-06 18:14:16.122  2586 25314 V APM_AudioPolicyManager: getOutput() stream 3 selected devices {type:0x8000,@:0}, output 53
02-06 18:14:16.122  2588 11362 V AudioSink: no track available to recycle
02-06 18:14:16.122  2588 11362 V AudioSink: creating new AudioTrack
02-06 18:14:16.128  2586 13582 V APM_AudioPolicyManager: getOutputForAttrInt() attributes={ Content type: AUDIO_CONTENT_TYPE_UNKNOWN Usage: AUDIO_USAGE_UNKNOWN Source: -1 Flags: 0x800 Tags:  } stream=AUDIO_STREAM_MUSIC session 10401 selectedDeviceId 0
02-06 18:14:16.128  2586 13582 D APM::MultiSoundManager: getDevice, uid = 10584, device = 0
02-06 18:14:16.128  2586 13582 I APM_AudioPolicyManager: selectOutputFlags: remove ULL flag for dolby
02-06 18:14:16.128  2586 13582 V APM_AudioPolicyManager: getOutputForAttrInt() device {type:0x8000,@:0}, sampling rate 48000, format 0x1, channel mask 0x3, flags 0x200008 stream AUDIO_STREAM_MUSIC
02-06 18:14:16.128  2586 13582 V APM_AudioPolicyManager: selectOutput new bestOutput 53 criteria 0 0 0 0 0 0 4 0 
02-06 18:14:16.128  2586 13582 V APM_AudioPolicyManager: getOutputForAttrInt returns output 53 selectedDeviceId 389
02-06 18:14:16.128  2586 13582 V APM_AudioPolicyManager: getOutputForAttr() returns output 53 requestedPortId 0 selectedDeviceId 389 for port ID 907
02-06 18:14:16.129  2586 13582 I AudioFlinger: nonSecFlag 8, secFlag 200000, outputFlags 0
02-06 18:14:16.129  2586 13582 W AudioFlinger: createTrack_l(): mismatch between requested flags (00000008) and output flags (00000000)
02-06 18:14:16.129  2586 13582 D AudioFlinger: Client defaulted notificationFrames to 8192 for frameCount 24576
02-06 18:14:16.130  2586 13582 I AF::Track: setMixerOutConfig return default condition, mixer key 2002, thread key 202
02-06 18:14:16.133 31505  4556 V MediaPlayer-JNI: native_finalize
02-06 18:14:16.134 31505  4556 V MediaPlayer-JNI: release
02-06 18:14:16.134  2588 11362 E AudioSystem: invalid attributes { Content type: AUDIO_CONTENT_TYPE_UNKNOWN Usage: AUDIO_USAGE_UNKNOWN Source: -1 Flags: 0x800 Tags:  } when converting to stream
02-06 18:14:16.134  2588 11362 V AudioSink: deleteRecycledTrack_l
02-06 18:14:16.134  2588 11362 V AudioSink: setVolume
02-06 18:14:16.134  2588 11362 D AudioTrack: setVolume(0.800000, 0.800000) pid : 31505
02-06 18:14:16.134  2588 11362 V AudioSink: updateTrack() DONE status 0
02-06 18:14:16.134 31505  4556 V MediaPlayer-JNI: native_finalize
02-06 18:14:16.134 31505  4556 V MediaPlayer-JNI: release
02-06 18:14:16.134  2588 11362 V AudioSink: setPlaybackRate(1.000000 1.000000 2 0)
02-06 18:14:16.134  2588 11362 V AudioSink: start
02-06 18:14:16.135  2588 11362 D AudioTrack: setVolume(0.800000, 0.800000) pid : 31505
02-06 18:14:16.135 31505  4556 V MediaPlayer-JNI: native_finalize
02-06 18:14:16.135 31505  4556 V MediaPlayer-JNI: release
02-06 18:14:16.136 31505  4556 V MediaPlayer-JNI: native_finalize
02-06 18:14:16.136 31505  4556 V MediaPlayer-JNI: release
02-06 18:14:16.136  2588 11362 I SAG_VOR_a32: VoiceActivityDetectionInit() Version Samsung VAD v3.0 a32 2020.06.22)
02-06 18:14:16.136  2586  2744 I AF::Track: setMixerOutConfig return default condition, mixer key 2002, thread key 202
02-06 18:14:16.137  2586  2744 I HiddenSound: registerSession : session=10401, pid=31505, uid=10584, ref=1
02-06 18:14:16.137  2586  2744 I AudioPolicyEffectException: MySpaceHandler::checkDetachCondition media 1, ring 0, mp 1
02-06 18:14:16.137  2586  2744 I AudioPolicyEffectException: MySpace detach value 0
02-06 18:14:16.137  2586  2744 I AudioPolicyEffectException: Nxp detach value 0
02-06 18:14:16.137 31505  4556 V MediaPlayer-JNI: native_finalize
02-06 18:14:16.137 31505  4556 V MediaPlayer-JNI: release
02-06 18:14:16.138 31505  4556 V MediaPlayer-JNI: native_finalize
02-06 18:14:16.138 31505  4556 V MediaPlayer-JNI: release
02-06 18:14:16.138 31505  4556 V MediaPlayer-JNI: native_finalize
02-06 18:14:16.138 31505  4556 V MediaPlayer-JNI: release
02-06 18:14:16.139 31505  4556 V MediaPlayer-JNI: native_finalize
02-06 18:14:16.139 31505  4556 V MediaPlayer-JNI: release
02-06 18:14:16.143  2583 23140 I EffectsFactory: EffectCreate() create_effect
02-06 18:14:16.143  2583 23140 D MySpaceEffect: MySpace EffectCreate start - session 10401
02-06 18:14:16.143  2583 23140 D MySpaceEffect: MS EffectCreate - Allocating SessionNo 0 for SessionId 10401
02-06 18:14:16.144  2583 23140 D MySpaceEffect: MS EffectCreate - This is the first effect in current sessionId 10401 sessionNo 0
02-06 18:14:16.144  2583 23140 D MySpaceEffect: MySpaceEffect::MySpaceEffect ctor
02-06 18:14:16.144  2583 12579 D MySpace : MySpace::Init, mSampleRate = 48000
02-06 18:14:16.144  2583 12579 I MySpace : SoundAlive_3DPosisiton_Factory Create
02-06 18:14:16.145  2583 12579 D MySpace : MySpace Initialize mPreset = 0
02-06 18:14:16.145 11196 11196 D AndroidRuntime: Calling main entry com.android.commands.am.Am
02-06 18:14:16.146  2583  3047 D MySpace : MySpace::Init, mSampleRate = 48000
02-06 18:14:16.146  2583  3047 D MySpace : MySpace Initialize mPreset = 0
02-06 18:14:16.146  2583 12580 I MySpace : MySpace setDevice 8000, 0
02-06 18:14:16.146  2586  2744 I AudioPolicyEffectException: MySpace setPreset fadein skip by no cmd
02-06 18:14:16.147  2586  2744 V APM_AudioPolicyManager: startOutput portId 907
02-06 18:14:16.147  2586  2744 V APM_AudioPolicyManager: startOutput() output 53, stream 3, session 10401
02-06 18:14:16.147  2586  2744 V APM_AudioPolicyManager: setBeaconMute(1) mBeaconMuteRefCount=1 mBeaconPlayingRefCount=0
02-06 18:14:16.147  2586  2744 D APM::MultiSoundManager: getDevice, uid = 10584, device = 0
02-06 18:14:16.147  2586  2744 V APM_AudioPolicyManager: selectOutputForMusicEffects activeOnly 1 output 53 flags 0x00000000
02-06 18:14:16.147  2586  2744 V APM_AudioPolicyManager: selectOutputForMusicEffects selected output 53
02-06 18:14:16.148  2586  2744 V APM_AudioPolicyManager: getNewOutputDevices selected devices {type:0x8000,@:0}
02-06 18:14:16.148  2586  2744 V APM_AudioPolicyManager: setOutputDevices device {type:0x8000,@:0} delayMs 0
02-06 18:14:16.148  2586  2744 V APM_AudioPolicyManager: setOutputDevices() prevDevice {type:0x8000,@:0}
02-06 18:14:16.148  2586  2744 V APM_AudioPolicyManager: setOutputDevices: suppressing checkDeviceMuteStrategies
02-06 18:14:16.148  2586  2744 V APM_AudioPolicyManager: setOutputDevices setting same device {type:0x8000,@:0} or null device, force=0, patch handle=392
02-06 18:14:16.148  2586  2744 V APM_AudioPolicyManager: computeVolume: stream 3, index 9, volume 0.114815, deviceTypes 0x8000
02-06 18:14:16.148 11302 11341 D AndroidJUnitRunner: Use the raw file system for managing file I/O.
02-06 18:14:16.148  2586  2744 V APM_AudioPolicyManager: computeVolume: stream 3, index 10, volume 0.147911, deviceTypes 0x8000
02-06 18:14:16.149  2586  2744 W APM::AudioPolicyEngine: getDevicesForStrategy() unknown strategy: -1
02-06 18:14:16.149  2586  2744 W APM::AudioPolicyEngine: getDevicesForStrategy() unknown strategy: -1
02-06 18:14:16.150  2586  2744 I AudioFlinger: updateStageIndex new -5302
02-06 18:14:16.155  2586 20376 D DlbDap2Process: setParam(preg = #1[0])
02-06 18:14:16.156  3012  3454 I system_server: oneway function results will be dropped but finished with status OK and parcel size 4
02-06 18:14:16.157  2588 11362 I MediaClock: setThreshold mThresholdTimeUsForAnchor(500000), mMinClockModificationTimeUs(80000), mMaxCorrectionTimeUs(30000)
02-06 18:14:16.157  2588 11362 I MediaClock: setPlaybackRate rate : 0.000000
02-06 18:14:16.157  2588 11362 D AudioTrack: getTimestamp_l(907): device stall time corrected using current time 800603163811049
02-06 18:14:16.157  2588 11362 I NuPlayerRenderer: onDrainAudioQueue() send kWhatPollingAudioStarted audio_out : 0
02-06 18:14:16.157  2588 11362 I NuPlayerRenderer: setAudioFirstAnchorTime mAudioFirstAnchorTimeMediaUs : -1, new mediaTimeUs : 36979
02-06 18:14:16.157  2588 11362 I MediaClock: getMediaTime_l - mAnchorTimeRealUs is '-1'
02-06 18:14:16.157  2588 11362 I MediaClock: getMediaTime_l - mAnchorTimeRealUs is '-1'
02-06 18:14:16.158  2588 11357 V NuPlayer: media rendering started
02-06 18:14:16.158  2588 11357 V MediaPlayerService: [394] notify (6, 0, 0)
02-06 18:14:16.158 31505  4917 V MediaPlayerNative: message received msg=6, ext1=0, ext2=0
02-06 18:14:16.159  2588 11362 I MediaClock: getMediaTime_l - mAnchorTimeRealUs is '-1'
02-06 18:14:16.159  2588 11362 I MediaClock: getMediaTime_l - mAnchorTimeRealUs is '-1'
02-06 18:14:16.159  2588 11362 I MediaClock: getMediaTime_l - mAnchorTimeRealUs is '-1'
02-06 18:14:16.160 11302 11341 D TestExecutor: Adding listener androidx.test.internal.runner.listener.LogRunListener
02-06 18:14:16.161 11302 11341 D TestExecutor: Adding listener androidx.test.internal.runner.listener.InstrumentationResultPrinter
02-06 18:14:16.161 11302 11341 D TestExecutor: Adding listener androidx.test.internal.runner.listener.ActivityFinisherRunListener
02-06 18:14:16.161 11302 11341 D TestExecutor: Adding listener androidx.test.internal.runner.listener.TraceRunListener
02-06 18:14:16.165  2588 11362 I MediaClock: getMediaTime_l - mAnchorTimeRealUs is '-1'
02-06 18:14:16.166  2588 11362 I MediaClock: getMediaTime_l - mAnchorTimeRealUs is '-1'
02-06 18:14:16.170  2588 11362 I MediaClock: getMediaTime_l - mAnchorTimeRealUs is '-1'
02-06 18:14:16.172 11210 11210 D app_process: Time zone APEX ICU file found: /apex/com.android.tzdata/etc/icu/icu_tzdata.dat
02-06 18:14:16.172 11210 11210 D app_process: I18n APEX ICU file found: /apex/com.android.i18n/etc/icu/icudt66l.dat
02-06 18:14:16.172  2588 11362 I MediaClock: getMediaTime_l - mAnchorTimeRealUs is '-1'
02-06 18:14:16.173  2588 11362 I MediaClock: getMediaTime_l - mAnchorTimeRealUs is '-1'
02-06 18:14:16.174  2588 11362 I MediaClock: getMediaTime_l - mAnchorTimeRealUs is '-1'
02-06 18:14:16.178  2588 11362 I MediaClock: getMediaTime_l - mAnchorTimeRealUs is '-1'
02-06 18:14:16.180  2588 11362 I MediaClock: getMediaTime_l - mAnchorTimeRealUs is '-1'
02-06 18:14:16.181  2588 11362 I MediaClock: getMediaTime_l - mAnchorTimeRealUs is '-1'
02-06 18:14:16.182  2588 11362 I MediaClock: getMediaTime_l - mAnchorTimeRealUs is '-1'
02-06 18:14:16.190  2588 11362 I MediaClock: getMediaTime_l - mAnchorTimeRealUs is '-1'
02-06 18:14:16.190  3012  7166 I ActivityManager: Force stopping com.netease.open.pocoservice appid=10499 user=0: start instr
02-06 18:14:16.191  3012  7166 I ActivityManager: Killing 11302:com.netease.open.pocoservice/u0a499 (adj 0): stop com.netease.open.pocoservice due to start instr
02-06 18:14:16.192  2588 11362 I MediaClock: getMediaTime_l - mAnchorTimeRealUs is '-1'
02-06 18:14:16.192  2588 11362 I MediaClock: getMediaTime_l - mAnchorTimeRealUs is '-1'
02-06 18:14:16.192  2588 11362 I MediaClock: getMediaTime_l - mAnchorTimeRealUs is '-1'
02-06 18:14:16.194  3012  7166 D ActivityManager: proc ProcessRecord{d900fef 11302:com.netease.open.pocoservice/u0a499} already removed. so we skip next process.
02-06 18:14:16.195  3012  7166 W ActivityTaskManager: Force removing ActivityRecord{f31df00 u0 com.netease.open.pocoservice/.TestActivity t3711 f}}: app died, no saved state
02-06 18:14:16.195  3012  7166 I ActivityTaskManager: Removing activity ActivityRecord{f31df00 u0 com.netease.open.pocoservice/.TestActivity t3711 f}}(appDied)  from stack callers=com.android.server.wm.ActivityStack$RemoveHistoryRecordsForApp.processActivity:565 com.android.server.wm.ActivityStack$RemoveHistoryRecordsForApp.process:480 com.android.server.wm.ActivityStack.handleAppDied:3379 com.android.server.wm.RootWindowContainer.handleAppDied:3653 com.android.server.wm.ActivityTaskManagerService$LocalService.handleAppDied:8304 
02-06 18:14:16.196  3012  7166 D InputTransport: Input channel destroyed: '85a56d5', fd=613
02-06 18:14:16.196  3012  7166 I SurfaceControl: nativeRelease nativeObject s[-5476376620415578432]
02-06 18:14:16.196  3012  7166 I SurfaceControl: nativeRelease nativeObject e[-5476376620415578432]
02-06 18:14:16.196  3012  7166 D WindowManager: isScreenshotDisabledLocked - win: Window{85a56d5 u0 com.netease.open.pocoservice/com.netease.open.pocoservice.TestActivity}
02-06 18:14:16.196  3012  7166 D WindowManager: isScreenshotDisabledLocked: userId = 0, disabled =false
02-06 18:14:16.199   862  1520 I Layer   : id=110118 removeFromCurrentState 85a56d5 com.netease.open.pocoservice/com.netease.open.pocoservice.TestActivity#0 (57)
02-06 18:14:16.202  3012  7166 I SurfaceControl: nativeRelease nativeObject s[-5476376620522446336]
02-06 18:14:16.202  3012  7166 I SurfaceControl: nativeRelease nativeObject e[-5476376620522446336]
02-06 18:14:16.202  3012  7166 I SurfaceControl: nativeRelease nativeObject s[-5476376620522447616]
02-06 18:14:16.202  3012  7166 I SurfaceControl: nativeRelease nativeObject e[-5476376620522447616]
02-06 18:14:16.203   862  1520 I SurfaceFlinger: id=110118 Removed 85a56d5 com.netease.open.pocoservice/com.netease.open.pocoservice.TestActivity#0 (57)
02-06 18:14:16.203  3012  7166 W ActivityManager: Crash of app com.netease.open.pocoservice running instrumentation ComponentInfo{com.netease.open.pocoservice/androidx.test.runner.AndroidJUnitRunner}
02-06 18:14:16.204  3012  7166 I ActivityManager: Force stopping com.netease.open.pocoservice appid=10499 user=0: finished inst
02-06 18:14:16.207  2588 11362 I MediaClock: getMediaTime_l - mAnchorTimeRealUs is '-1'
02-06 18:14:16.207  2588 11362 I MediaClock: getMediaTime_l - mAnchorTimeRealUs is '-1'
02-06 18:14:16.212  2588 11362 I MediaClock: getMediaTime_l - mAnchorTimeRealUs is '-1'
02-06 18:14:16.233  2588 11362 I NuPlayerRenderer: kWhatPollingAudioStarted clock running played_out : 21878 us, audio_out : 0 us, gap : 21878 us
02-06 18:14:16.233  2588 11362 I NuPlayerRenderer: kWhatPollingAudioStarted update nowMediaUs : 50857 us
02-06 18:14:16.233  2588 11362 I MediaClock: setPlaybackRate rate : 1.000000
02-06 18:14:16.233  2588 11362 I MediaClock: setSpeedAjust mSASpeed (0), mMinClockModificationTimeUs (80000)
02-06 18:14:16.233  2588 11357 V MediaPlayerService: [394] notify (211, 0, 0)
02-06 18:14:16.234  2588 11357 V MediaPlayerService: [394] notify (211, 0, 0)
02-06 18:14:16.234 31505  4917 V MediaPlayerNative: message received msg=211, ext1=0, ext2=0
02-06 18:14:16.234 31505  8454 V MediaPlayerNative: message received msg=211, ext1=0, ext2=0
02-06 18:14:16.237   862  1520 I Layer   : id=110114 removeFromCurrentState ActivityRecord{f31df00 u0 com.netease.open.pocoservice/.TestActivity t3711}#0 (57)
02-06 18:14:16.237   862  1520 I Layer   : id=110113 removeFromCurrentState Task=3711#0 (57)
02-06 18:14:16.238   862   925 I SurfaceFlinger: id=110114 Removed ActivityRecord{f31df00 u0 com.netease.open.pocoservice/.TestActivity t3711}#0 (57)
02-06 18:14:16.238   862   925 I SurfaceFlinger: id=110113 Removed Task=3711#0 (57)
02-06 18:14:16.245  3012  3462 D MdnieScenarioControlService:  packageName : com.kyowon.literacy.store    className : com.kyowon.literacy.ui.login.activity.LoginActivity
02-06 18:14:16.246  3012  3462 V MdnieScenarioControlService: setUIMode from UI function(3)
02-06 18:14:16.251  3012  7166 D StorageManagerService: getExternalStorageMountMode: uid=10499 packageName=com.netease.open.pocoservice
02-06 18:14:16.252  3012  7166 D CompatibilityChangeReporter: Compat change id reported: 135634846; UID 10499; state: DISABLED
02-06 18:14:16.253  3012  7166 D CompatibilityChangeReporter: Compat change id reported: 135754954; UID 10499; state: ENABLED
02-06 18:14:16.264  3012  3082 D CompatibilityChangeReporter: Compat change id reported: 143937733; UID 10499; state: ENABLED
02-06 18:14:16.264  2587  8194 I CameraService: UidPolicy: No processes running for a uid=10499 disabled=0
02-06 18:14:16.265  2586  2744 V APM_AudioPolicyManager: setAppState(portId:387, state:2)
02-06 18:14:16.266 11210 11210 I app_process: The ClassLoaderContext is a special shared library.
02-06 18:14:16.270   862   862 D SurfaceFlinger: Display 19260469778534273 HWC layers:
02-06 18:14:16.270   862   862 D SurfaceFlinger:      DEVICE | 0xb400007ac04d1470 | 0002 | RGBA_8888    |    0.0    0.0 1200.0 2000.0 |    0    0 1200 2000 | com.kyowon.literacy.store/com.kyowon[...]ogin.activity.LoginActivity$_31505#0
02-06 18:14:16.270   862   862 D SurfaceFlinger:      CLIENT | 0xb400007ac04d1c50 | 0000 | RGBA_8888    |    0.0    0.0   59.0  313.0 |  168  843  227 1156 | Toast$_3435#0
02-06 18:14:16.270   862   862 D SurfaceFlinger:      CLIENT | 0xb400007ac04d0fa0 | 0008 | RGBA_8888    |    0.0    0.0 1200.0 2000.0 |    0    0 1200 2000 | $_3435#0
02-06 18:14:16.270   862   862 D SurfaceFlinger: 
02-06 18:14:16.273   862   862 I Layer   : id=110113[1] Destroyed Task=3711#0
02-06 18:14:16.273   862   862 I Layer   : id=110114[1] Destroyed ActivityRecord{f31df00 u0 com.netease.open.pocoservice/.TestActivity t3711}#0
02-06 18:14:16.273   862   862 I Layer   : id=110118[1] Destroyed 85a56d5 com.netease.open.pocoservice/com.netease.open.pocoservice.TestActivity#0
02-06 18:14:16.279  2586 13582 V APM_AudioPolicyManager: setAppState(portId:387, state:2)
02-06 18:14:16.322  2584  2584 D Zygote  : Forked child process 11387
02-06 18:14:16.325  3012  3082 W ActivityManager: Slow operation: 74ms so far, now at startProcess: returned from zygote!
02-06 18:14:16.326  3012  3082 W ActivityManager: Slow operation: 75ms so far, now at startProcess: done updating battery stats
02-06 18:14:16.326  3012  3082 W ActivityManager: Slow operation: 75ms so far, now at startProcess: building log message
02-06 18:14:16.326  3012  3082 I ActivityManager: Start proc 11387:com.netease.open.pocoservice/u0a499 for added application com.netease.open.pocoservice
02-06 18:14:16.326  3012  3082 W ActivityManager: Slow operation: 75ms so far, now at startProcess: starting to update pids map
02-06 18:14:16.328  3012  3082 W ActivityManager: Slow operation: 77ms so far, now at startProcess: done updating pids map
02-06 18:14:16.332 11214 11214 D app_process: Time zone APEX ICU file found: /apex/com.android.tzdata/etc/icu/icu_tzdata.dat
02-06 18:14:16.332 11214 11214 D app_process: I18n APEX ICU file found: /apex/com.android.i18n/etc/icu/icudt66l.dat
02-06 18:14:16.333 31505 31505 V MediaPlayer-JNI: getCurrentPosition: 150 (msec)
02-06 18:14:16.347  3012  3462 V MdnieScenarioControlService: mAclOffEnabled : false mAclPreviewState : false mAclCompensationState : false
02-06 18:14:16.349 11210 11210 E SemDvfsManager_JNI: SemDvfsManager: registerfunction enter
02-06 18:14:16.349 11210 11210 E SemAffinityControl: SemAffinityControl: registerfunction enter
02-06 18:14:16.353 11210 11210 W app_process: JNI RegisterNativeMethods: attempt to register 0 native methods for android.media.AudioAttributes
02-06 18:14:16.356 11387 11387 I pen.pocoservic: Late-enabling -Xcheck:jni
02-06 18:14:16.371  3012  3081 I SemDvfsHyPerManager: acquire hyper - APP_LAUNCH/3012@19, type = -999
02-06 18:14:16.373  2594  2614 I HYPER-HAL: [RequestManager.cpp]acquire(): Acquired ID : 4595015  [3012 / 19]    HINT : APP_LAUNCH    list : 
02-06 18:14:16.373  2594  2614 I HYPER-HAL: [ResourceManager.cpp]updateResource(): [CPULittleMinFreq] UpdateResource Request ID : 4595015    Value : 1804800
02-06 18:14:16.375  3012  7166 I ActivityTaskManager: START u0 {flg=0x10000000 cmp=com.netease.open.pocoservice/.TestActivity} from uid 2000
02-06 18:14:16.375  2594  2614 E HYPER-HAL: [HandlerSysfs.cpp]doResourceHandling(): Couldn't Open Sysfs - /sys/class/scsi_host/host0/../../../clkscale_enable
02-06 18:14:16.376  2594  2614 I HYPER-HAL: [ResourceManager.cpp]updateResource(): [CPUMinFreq] UpdateResource Request ID : 4595015    Value : 2016000
02-06 18:14:16.380  3012  4289 I SemDvfsHyPerManager: acquire hyper - AMS_APP_SWITCH/3012@20, type = -999
02-06 18:14:16.380  3012  7166 D ActivityTaskManager: TaskLaunchParamsModifier:task=null activity=ActivityRecord{141b2dd u0 com.netease.open.pocoservice/.TestActivity task-display-area=DefaultTaskDisplayArea@168164836 display-area-windowing-mode=1
02-06 18:14:16.380  3012  7166 D ActivityTaskManager: TaskLaunchParamsModifier:task=null activity=ActivityRecord{141b2dd u0 com.netease.open.pocoservice/.TestActivity t-1} task-display-area=DefaultTaskDisplayArea@168164836 display-area-windowing-mode=1 non-freeform-display maximized-bounds
02-06 18:14:16.381  3012  4289 D ActivityManagerPerformance: AMP_acquire() APP_SWITCH
02-06 18:14:16.382   862  1520 I SurfaceFlinger: id=110120 createSurf (0x0),-1 flag=24004, Task=3712#0
02-06 18:14:16.384  3012  7166 D ActivityTaskManager: TaskLaunchParamsModifier:task=Task{166ae52 #3712 visible=false type=standard mode=fullscreen translucent=true A=10499:com.netease.open.pocoservice U=0 StackId=3712 sz=0} activity=ActivityRecord{141b2dd u0 com.netease.open.pocoservice/.TestActivity t-1} display-from-task=0 task-display-area=DefaultTaskDisplayArea@168164836 display-area-windowing-mode=1 non-freeform-display maximized-bounds
02-06 18:14:16.385  3012  4289 E libprocessgroup: Failed to write 'FROZEN' to /dev/freezer/olaf/freezer.state: No such file or directory
02-06 18:14:16.385   862  1520 I SurfaceFlinger: id=110121 createSurf (0x0),-1 flag=80004, ActivityRecord{141b2dd u0 com.netease.open.pocoservice/.TestActivity t3712}#0
02-06 18:14:16.385  3012  4289 W libprocessgroup: Failed to apply DoSomethingOlaf task profile: No such file or directory
02-06 18:14:16.385  2594  2614 I HYPER-HAL: [RequestManager.cpp]acquire(): Acquired ID : 4598048  [3012 / 20]    HINT : AMS_ACT_SWITCH    list : 
02-06 18:14:16.385  2594  2614 I HYPER-HAL: [ResourceManager.cpp]updateResource(): [CPULittleMinFreq] UpdateResource Request ID : 4598048    Value : 1804800
02-06 18:14:16.386  2594  2614 I HYPER-HAL: [ResourceManager.cpp]updateResource(): [CPUMinFreq] UpdateResource Request ID : 4598048    Value : 2016000
02-06 18:14:16.392 11332 11332 D AndroidRuntime: >>>>>> START com.android.internal.os.RuntimeInit uid 2000 <<<<<<
02-06 18:14:16.405  3012  7166 V WindowManager: Prepare app transition: transit=TRANSIT_TASK_OPEN mNextAppTransition=TRANSIT_UNSET alwaysKeepCurrent=false displayId=0 Callers=com.android.server.wm.DisplayContent.prepareAppTransition:5809 com.android.server.wm.DisplayContent.prepareAppTransition:5803 com.android.server.wm.ActivityStack.startActivityLocked:2595 com.android.server.wm.ActivityStarter.startActivityInner:2674 com.android.server.wm.ActivityStarter.startActivityUnchecked:2205 
02-06 18:14:16.411 11214 11214 I app_process: The ClassLoaderContext is a special shared library.
02-06 18:14:16.422 11210 11210 D AndroidRuntime: Calling main entry com.android.commands.am.Am
02-06 18:14:16.424  3012  7166 I SemDvfsHyPerManager: acquire hyper - AMS_APP_LAUNCH/3012@23, type = -999
02-06 18:14:16.428 11384 11397 I cmd     : oneway function results will be dropped but finished with status OK and parcel size 4
02-06 18:14:16.430  2594  2614 I HYPER-HAL: [RequestManager.cpp]acquire(): Acquired ID : 4607153  [3012 / 23]    HINT : AMS_APP_LAUNCH    list : 
02-06 18:14:16.430  2594  2614 I HYPER-HAL: [ResourceManager.cpp]updateResource(): [CPULittleMinFreq] UpdateResource Request ID : 4607153    Value : 1804800
02-06 18:14:16.431  2594  2614 E HYPER-HAL: [HandlerSysfs.cpp]doResourceHandling(): Couldn't Open Sysfs - /sys/class/scsi_host/host0/../../../clkscale_enable
02-06 18:14:16.432  2594  2614 I HYPER-HAL: [ResourceManager.cpp]updateResource(): [CPUMinFreq] UpdateResource Request ID : 4607153    Value : 2016000
02-06 18:14:16.433  3012  3012 V ActivityManager: Changed top to -1,null
02-06 18:14:16.444 11339 11339 D AndroidRuntime: >>>>>> START com.android.internal.os.RuntimeInit uid 2000 <<<<<<
02-06 18:14:16.449  3012  4292 I AS.AudioService: uid:10584is using audio
02-06 18:14:16.457 11332 11332 I AndroidRuntime: Using default boot image
02-06 18:14:16.457 11332 11332 I AndroidRuntime: Leaving lock profiling enabled
02-06 18:14:16.459 11339 11339 I AndroidRuntime: Using default boot image
02-06 18:14:16.459 11339 11339 I AndroidRuntime: Leaving lock profiling enabled
02-06 18:14:16.462 11339 11339 D SecNativeFeatureCppIf: encoded
02-06 18:14:16.463 11339 11339 D SecNativeFeatureCppIf: decoding and unzip finish
02-06 18:14:16.463 11339 11339 D SecNativeFeatureCppIf: use unCompDataBuff. encoded
02-06 18:14:16.463 11332 11332 D SecNativeFeatureCppIf: encoded
02-06 18:14:16.465 11339 11339 D SecNativeFeatureCppIf: Free unCompDataBuff
02-06 18:14:16.465 11332 11332 D SecNativeFeatureCppIf: decoding and unzip finish
02-06 18:14:16.465 11332 11332 D SecNativeFeatureCppIf: use unCompDataBuff. encoded
02-06 18:14:16.466 11339 11339 D SecNativeFeatureCppIf: encoded
02-06 18:14:16.466 11339 11339 D SecNativeFeatureCppIf: decoding and unzip finish
02-06 18:14:16.466 11339 11339 D SecNativeFeatureCppIf: use unCompDataBuff. encoded
02-06 18:14:16.467 11339 11339 D SecNativeFeatureCppIf: Free unCompDataBuff
