02-06 17:46:26.681 20609 20609 D AnimationSetter: set animation listener
02-06 17:46:26.706 20609 20609 D SurfaceViewImpl: Safe to release surface.
02-06 17:46:26.707 20609 20609 I ViewRootImpl@e805f7a[LearningActivity]: MSG_WINDOW_FOCUS_CHANGED 1 1
02-06 17:46:26.707 20609 20609 D InputMethodManager: prepareNavigationBarInfo() DecorView@487a3c0[LearningActivity]
02-06 17:46:26.707 20609 20609 D InputMethodManager: getNavigationBarColor() -855310
02-06 17:46:26.710 20609 20609 D InputMethodManager: prepareNavigationBarInfo() DecorView@487a3c0[LearningActivity]
02-06 17:46:26.710 20609 20609 D InputMethodManager: getNavigationBarColor() -855310
02-06 17:46:26.710 20609 20609 V InputMethodManager: Starting input: tba=com.kyowon.literacy.store ic=null mNaviBarColor -855310 mIsGetNaviBarColorSuccess true , NavVisible : true , NavTrans : false
02-06 17:46:26.710 20609 20609 D InputMethodManager: startInputInner - Id : 0
02-06 17:46:26.710 20609 20609 I InputMethodManager: startInputInner - mService.startInputOrWindowGainedFocus
02-06 17:46:26.724 20609 20609 D InputTransport: Input channel constructed: 'ClientS', fd=222
02-06 17:46:26.724 20609 20609 D InputTransport: Input channel destroyed: 'ClientS', fd=214
02-06 17:46:26.785 20609 20609 D AnimationSetter: Correction: 450.0px -> 435px (Target DP: 300.0)
02-06 17:46:26.792 20609 20609 D AnimationSetter: Correction: 705.0px -> 681px (Target DP: 470.0)
02-06 17:46:26.796 20609 20609 I SurfaceControl: nativeRelease nativeObject s[-5476376618201519648]
02-06 17:46:26.796 20609 20609 I SurfaceControl: nativeRelease nativeObject e[-5476376618201519648]
02-06 17:46:26.796 20609 20609 I SurfaceControl: nativeRelease nativeObject s[-5476376618201526528]
02-06 17:46:26.796 20609 20609 I SurfaceControl: nativeRelease nativeObject e[-5476376618201526528]
02-06 17:46:26.807 20609 20609 D AnimationSetter: Correction: 345.0px -> 333px (Target DP: 230.0)
02-06 17:46:26.813 20609 20609 D AnimationSetter: Correction: 210.0px -> 203px (Target DP: 140.0)
02-06 17:46:26.835 20609 20609 D AnimationSetter: Correction: 195.0px -> 188px (Target DP: 130.0)
02-06 17:46:26.887 20609 25278 I System.out: (HTTPLog)-Static: isSBSettingEnabled false
02-06 17:46:26.888 20609 25278 I System.out: (HTTPLog)-Static: isSBSettingEnabled false
02-06 17:46:26.889 20609 25250 I System.out: (HTTPLog)-Static: isSBSettingEnabled false
02-06 17:46:26.889 20609 25250 I System.out: (HTTPLog)-Static: isSBSettingEnabled false
02-06 17:46:26.916 20609 25264 I System.out: (HTTPLog)-Static: isSBSettingEnabled false
02-06 17:46:26.916 20609 25264 I System.out: (HTTPLog)-Static: isSBSettingEnabled false
02-06 17:46:26.937 20609 25275 I System.out: (HTTPLog)-Static: isSBSettingEnabled false
02-06 17:46:26.938 20609 25275 I System.out: (HTTPLog)-Static: isSBSettingEnabled false
02-06 17:46:26.992 20609 25278 I System.out: (HTTPLog)-Static: isSBSettingEnabled false
02-06 17:46:26.992 20609 25278 I System.out: (HTTPLog)-Static: isSBSettingEnabled false
02-06 17:46:27.078 20609 20609 D AnimationSetter: Correction: 1680.0px -> 1624px (Target DP: 1120.0)
02-06 17:46:27.429 20609 24618 I .literacy.stor: NativeAlloc concurrent copying GC freed 510338(16MB) AllocSpace objects, 9(644KB) LOS objects, 36% free, 42MB/66MB, paused 266us total 742.733ms
02-06 17:46:27.537 20609 24620 V MediaPlayer-JNI: native_finalize
02-06 17:46:27.537 20609 24620 V MediaPlayer-JNI: release
02-06 17:46:27.537 20609 24620 W System  : A resource failed to call release. 
02-06 17:46:27.537 20609 24620 I SurfaceControl: nativeRelease nativeObject s[-5476376618201526848]
02-06 17:46:27.537 20609 24620 I SurfaceControl: nativeRelease nativeObject e[-5476376618201526848]
02-06 17:46:27.537 20609 24620 W System  : A resource failed to call release. 
02-06 17:46:27.537 20609 24620 I SurfaceControl: nativeRelease nativeObject s[-5476376618202804864]
02-06 17:46:27.537 20609 24620 I SurfaceControl: nativeRelease nativeObject e[-5476376618202804864]
02-06 17:46:27.538 20609 24620 W System  : A resource failed to call release. 
02-06 17:46:27.538 20609 24620 I SurfaceControl: nativeRelease nativeObject s[-5476376618311342880]
02-06 17:46:27.538 20609 24620 I SurfaceControl: nativeRelease nativeObject e[-5476376618311342880]
02-06 17:46:27.538 20609 24620 W System  : A resource failed to call release. 
02-06 17:46:27.538 20609 24620 I SurfaceControl: nativeRelease nativeObject s[-5476376620275760032]
02-06 17:46:27.538 20609 24620 I SurfaceControl: nativeRelease nativeObject e[-5476376620275760032]
02-06 17:46:27.538 20609 24620 W System  : A resource failed to call release. 
02-06 17:46:27.538 20609 24620 I SurfaceControl: nativeRelease nativeObject s[-5476376620275760512]
02-06 17:46:27.538 20609 24620 I SurfaceControl: nativeRelease nativeObject e[-5476376620275760512]
02-06 17:46:27.538 20609 24620 W System  : A resource failed to call release. 
02-06 17:46:27.538 20609 24620 I SurfaceControl: nativeRelease nativeObject s[-5476376620275760672]
02-06 17:46:27.538 20609 24620 I SurfaceControl: nativeRelease nativeObject e[-5476376620275760672]
02-06 17:46:27.555 20609 24620 V MediaPlayer-JNI: native_finalize
02-06 17:46:27.555 20609 24620 V MediaPlayer-JNI: release
02-06 17:46:35.899 20609 20609 I ViewRootImpl@e805f7a[LearningActivity]: ViewPostIme pointer 0
02-06 17:46:35.922 20609 20609 I ViewRootImpl@e805f7a[LearningActivity]: ViewPostIme pointer 1
02-06 17:46:35.956 20609 20609 V MediaPlayer-JNI: native_setup
02-06 17:46:35.956 20609 20609 V MediaPlayerNative: constructor
02-06 17:46:35.956 20609 20609 V MediaPlayerNative: setListener
02-06 17:46:35.971 20609 20609 V MediaPlayer-JNI: setVolume: left 1.000000  right 1.000000
02-06 17:46:35.971 20609 20609 V MediaPlayerNative: MediaPlayer::setVolume(1.000000, 1.000000)
02-06 17:46:35.971 20609 20609 V MediaPlayer-JNI: setAuxEffectSendLevel: level 0.000000
02-06 17:46:35.971 20609 20609 V MediaPlayerNative: MediaPlayer::setAuxEffectSendLevel(0.000000)
02-06 17:46:35.971 20609 20609 V MediaPlayer-JNI: setParameter: key 1400
02-06 17:46:35.971 20609 20609 V MediaPlayerNative: MediaPlayer::setParameter(1400)
02-06 17:46:35.971 20609 20609 V MediaPlayer-JNI: set_session_id(): 4073
02-06 17:46:35.971 20609 20609 V MediaPlayerNative: MediaPlayer::setAudioSessionId(4073)
02-06 17:46:35.971 20609 20609 V MediaPlayer-JNI: setDataSourceFD: fd 233
02-06 17:46:35.971 20609 20609 V MediaPlayerNative: setDataSource(233, 81991264, 184752)
02-06 17:46:35.987 20609 20609 V MediaPlayerNative: setVideoSurfaceTexture
02-06 17:46:35.987 20609 20609 V MediaPlayerNative: prepare
02-06 17:46:36.017 20609 27977 V MediaPlayerNative: message received msg=200, ext1=10973, ext2=0
02-06 17:46:36.017 20609 27977 W MediaPlayerNative: info/warning (10973, 0)
02-06 17:46:36.024 20609 27977 V MediaPlayerNative: message received msg=1, ext1=0, ext2=0
02-06 17:46:36.024 20609 27977 V MediaPlayerNative: MediaPlayer::notify() prepared
02-06 17:46:36.024 20609 27977 V MediaPlayerNative: signal application thread
02-06 17:46:36.024 20609 20609 V MediaPlayerNative: prepare complete - status=0
02-06 17:46:36.026 20609 20609 V MediaPlayerNative: invoke 76
02-06 17:46:36.027 20609 20609 V MediaPlayer-JNI: setLooping: 1
02-06 17:46:36.027 20609 20609 V MediaPlayerNative: MediaPlayer::setLooping
02-06 17:46:36.028 20609 20609 V MediaPlayer-JNI: setVolume: left 0.800000  right 0.800000
02-06 17:46:36.028 20609 20609 V MediaPlayerNative: MediaPlayer::setVolume(0.800000, 0.800000)
02-06 17:46:36.028 20609 20609 V MediaPlayer-JNI: start
02-06 17:46:36.028 20609 20609 V MediaPlayerNative: start
02-06 17:46:36.030 20609 20609 I DecorView: [INFO] isPopOver=false, config=true
02-06 17:46:36.030 20609 20609 I DecorView: updateCaptionType >> DecorView@610c479[LearningActivity], isFloating=false, isApplication=true, hasWindowDecorCaption=false, hasWindowControllerCallback=false
02-06 17:46:36.030 20609 20609 D DecorView: setCaptionType = 0, this = DecorView@610c479[LearningActivity]
02-06 17:46:36.040 20609 20609 D InputTransport: Input channel constructed: 'c3a18fb', fd=220
02-06 17:46:36.044 20609 20609 I ViewRootImpl@4182f95[LearningActivity]: setView = com.android.internal.policy.DecorView@610c479 TM=true
02-06 17:46:36.044 20609 20609 D InsetsSourceConsumer: setRequestedVisible: visible=false, type=2, host=com.kyowon.literacy.store/com.kyowon.literacy.ui.learning.activity.LearningActivity, from=android.view.InsetsSourceConsumer.hide:236 android.view.InsetsController.collectSourceControls:1172 android.view.InsetsController.controlAnimationUnchecked:1049 android.view.InsetsController.applyAnimation:1417 android.view.InsetsController.hide:984 android.view.InsetsController.hide:967 android.view.PendingInsetsController.hide:60 androidx.core.view.WindowInsetsControllerCompat$Impl30.hide:654 androidx.core.view.WindowInsetsControllerCompat.hide:189 com.kyowon.literacy.utils.SystemUiHelper.hideSystemUI:19 
02-06 17:46:36.045 20609 20609 D InsetsSourceConsumer: setRequestedVisible: visible=false, type=1, host=com.kyowon.literacy.store/com.kyowon.literacy.ui.learning.activity.LearningActivity, from=android.view.InsetsSourceConsumer.hide:236 android.view.InsetsController.collectSourceControls:1172 android.view.InsetsController.controlAnimationUnchecked:1049 android.view.InsetsController.applyAnimation:1417 android.view.InsetsController.hide:984 android.view.InsetsController.hide:967 android.view.PendingInsetsController.hide:60 androidx.core.view.WindowInsetsControllerCompat$Impl30.hide:654 androidx.core.view.WindowInsetsControllerCompat.hide:189 com.kyowon.literacy.utils.SystemUiHelper.hideSystemUI:19 
02-06 17:46:36.045 20609 20609 D InsetsSourceConsumer: setRequestedVisible: visible=false, type=0, host=com.kyowon.literacy.store/com.kyowon.literacy.ui.learning.activity.LearningActivity, from=android.view.InsetsSourceConsumer.hide:236 android.view.InsetsController.collectSourceControls:1172 android.view.InsetsController.controlAnimationUnchecked:1049 android.view.InsetsController.applyAnimation:1417 android.view.InsetsController.hide:984 android.view.InsetsController.hide:967 android.view.PendingInsetsController.hide:60 androidx.core.view.WindowInsetsControllerCompat$Impl30.hide:654 androidx.core.view.WindowInsetsControllerCompat.hide:189 com.kyowon.literacy.utils.SystemUiHelper.hideSystemUI:19 
02-06 17:46:36.056 20609 20609 D AudioTrack: createTrack_l(123): AUDIO_OUTPUT_FLAG_FAST denied by server; frameCount 0 -> 12143
02-06 17:46:36.056 20609 20609 D AudioTrack: setVolume(0.600000, 0.600000) pid : 20609
02-06 17:46:36.099 20609 20609 D ViewRootImpl@4182f95[LearningActivity]: controlInsetsForCompatibility: hideByFlags=0x1, showByFlags=0x0, flags=0x1810500, sysUiVis=0x0, matchParent=true, nonAttachedAppWindow=true
02-06 17:46:36.144 20609 24667 V MediaPlayerNative: message received msg=6, ext1=0, ext2=0
02-06 17:46:36.184 20609 20609 I SurfaceControl: assignNativeObject: nativeObject = 0 Surface(name=null)/@0xf09d8aa / android.view.SurfaceControl.readFromParcel:1117 android.view.IWindowSession$Stub$Proxy.relayout:1820 android.view.ViewRootImpl.relayoutWindow:9005 android.view.ViewRootImpl.performTraversals:3360 android.view.ViewRootImpl.doTraversal:2618 android.view.ViewRootImpl$TraversalRunnable.run:9971 android.view.Choreographer$CallbackRecord.run:1010 android.view.Choreographer.doCallbacks:809 android.view.Choreographer.doFrame:744 android.view.Choreographer$FrameDisplayEventReceiver.run:995 
02-06 17:46:36.185 20609 20609 I ViewRootImpl@4182f95[LearningActivity]: Relayout returned: old=(0,0,2000,1200) new=(0,0,2000,1200) req=(2000,1200)0 dur=74 res=0x7 s={true -5476376619786121216} ch=true fn=-1
02-06 17:46:36.209 20609 20609 V MediaPlayerNative: invoke 76
02-06 17:46:36.218 20609 20609 I SurfaceControl: nativeRelease nativeObject s[-5476376618201527648]
02-06 17:46:36.218 20609 20609 I SurfaceControl: nativeRelease nativeObject e[-5476376618201527648]
02-06 17:46:36.219 20609 20609 I SurfaceControl: nativeRelease nativeObject s[-5476376618201518848]
02-06 17:46:36.219 20609 20609 I SurfaceControl: nativeRelease nativeObject e[-5476376618201518848]
02-06 17:46:36.219 20609 20609 I SurfaceControl: nativeRelease nativeObject s[-5476376618353845984]
02-06 17:46:36.219 20609 20609 I SurfaceControl: nativeRelease nativeObject e[-5476376618353845984]
02-06 17:46:36.230 20609 25938 V MediaPlayerNative: message received msg=211, ext1=0, ext2=0
02-06 17:46:36.230 20609 25938 V MediaPlayerNative: message received msg=211, ext1=0, ext2=0
02-06 17:46:36.236 20609 20609 V MediaPlayer-JNI: getCurrentPosition: 15 (msec)
02-06 17:46:36.247 20609 20609 I ViewRootImpl@e805f7a[LearningActivity]: MSG_WINDOW_FOCUS_CHANGED 0 1
02-06 17:46:36.249 20609 20609 I ViewRootImpl@4182f95[LearningActivity]: MSG_WINDOW_FOCUS_CHANGED 1 1
02-06 17:46:36.249 20609 20609 D InputMethodManager: prepareNavigationBarInfo() DecorView@610c479[LearningActivity]
02-06 17:46:36.249 20609 20609 D InputMethodManager: getNavigationBarColor() -855310
02-06 17:46:36.249 20609 20609 D InputMethodManager: prepareNavigationBarInfo() DecorView@610c479[LearningActivity]
02-06 17:46:36.249 20609 20609 D InputMethodManager: getNavigationBarColor() -855310
02-06 17:46:36.249 20609 20609 V InputMethodManager: Starting input: tba=com.kyowon.literacy.store ic=null mNaviBarColor -855310 mIsGetNaviBarColorSuccess true , NavVisible : true , NavTrans : false
02-06 17:46:36.250 20609 20609 D InputMethodManager: startInputInner - Id : 0
02-06 17:46:36.250 20609 20609 I InputMethodManager: startInputInner - mService.startInputOrWindowGainedFocus
02-06 17:46:36.252 20609 20609 D InputTransport: Input channel constructed: 'ClientS', fd=226
02-06 17:46:36.252 20609 20609 D InputTransport: Input channel destroyed: 'ClientS', fd=222
02-06 17:46:36.314 20609 20609 I SurfaceControl: nativeRelease nativeObject s[-5476376620275753152]
02-06 17:46:36.314 20609 20609 I SurfaceControl: nativeRelease nativeObject e[-5476376620275753152]
02-06 17:46:36.320 20609 20609 I SurfaceControl: nativeRelease nativeObject s[-5476376618311343840]
02-06 17:46:36.320 20609 20609 I SurfaceControl: nativeRelease nativeObject e[-5476376618311343840]
02-06 17:46:36.320 20609 20609 I SurfaceControl: nativeRelease nativeObject s[-5476376618277766048]
02-06 17:46:36.320 20609 20609 I SurfaceControl: nativeRelease nativeObject e[-5476376618277766048]
02-06 17:46:36.567 20609 20609 I ViewRootImpl@4182f95[LearningActivity]: dispatchDetachedFromWindow
02-06 17:46:36.567 20609 20609 I SurfaceControl: nativeRelease nativeObject s[-5476376618210096736]
02-06 17:46:36.567 20609 20609 I SurfaceControl: nativeRelease nativeObject e[-5476376618210096736]
02-06 17:46:36.581 20609 20609 D InputTransport: Input channel destroyed: 'c3a18fb', fd=220
02-06 17:46:36.630 20609 20609 I ViewRootImpl@e805f7a[LearningActivity]: MSG_WINDOW_FOCUS_CHANGED 1 1
02-06 17:46:36.630 20609 20609 D InputMethodManager: prepareNavigationBarInfo() DecorView@487a3c0[LearningActivity]
02-06 17:46:36.630 20609 20609 D InputMethodManager: getNavigationBarColor() -855310
02-06 17:46:36.631 20609 20609 D InputMethodManager: prepareNavigationBarInfo() DecorView@487a3c0[LearningActivity]
02-06 17:46:36.631 20609 20609 D InputMethodManager: getNavigationBarColor() -855310
02-06 17:46:36.631 20609 20609 V InputMethodManager: Starting input: tba=com.kyowon.literacy.store ic=null mNaviBarColor -855310 mIsGetNaviBarColorSuccess true , NavVisible : true , NavTrans : false
02-06 17:46:36.631 20609 20609 D InputMethodManager: startInputInner - Id : 0
02-06 17:46:36.631 20609 20609 I InputMethodManager: startInputInner - mService.startInputOrWindowGainedFocus
02-06 17:46:36.636 20609 20609 D InputTransport: Input channel constructed: 'ClientS', fd=222
02-06 17:46:36.636 20609 20609 D InputTransport: Input channel destroyed: 'ClientS', fd=226
02-06 17:46:36.740 20609 20609 I SurfaceControl: nativeRelease nativeObject s[-5476376618311335680]
02-06 17:46:36.741 20609 20609 I SurfaceControl: nativeRelease nativeObject e[-5476376618311335680]
02-06 17:46:36.741 20609 20609 I SurfaceControl: nativeRelease nativeObject s[-5476376618311342720]
02-06 17:46:36.741 20609 20609 I SurfaceControl: nativeRelease nativeObject e[-5476376618311342720]
02-06 17:46:44.069 20609 20609 I ViewRootImpl@e805f7a[LearningActivity]: ViewPostIme pointer 0
02-06 17:46:44.090 20609 20609 I ViewRootImpl@e805f7a[LearningActivity]: ViewPostIme pointer 1
02-06 17:46:44.111 20609 20609 I AudioStreamPlayer: stopStream : IDLE - null
02-06 17:46:44.111 20609 20609 V MediaPlayer-JNI: reset
02-06 17:46:44.111 20609 20609 V MediaPlayerNative: reset
02-06 17:46:44.112 20609 20609 V MediaPlayer: resetDrmState:  mDrmInfo=null mDrmProvisioningThread=null mPrepareDrmInProgress=false mActiveDrmScheme=false
02-06 17:46:44.112 20609 20609 V MediaPlayer: cleanDrmObj: mDrmObj=null mDrmSessionId=null
02-06 17:46:44.112 20609 20609 V MediaPlayer-JNI: setVolume: left 0.800000  right 0.800000
02-06 17:46:44.112 20609 20609 V MediaPlayerNative: MediaPlayer::setVolume(0.800000, 0.800000)
02-06 17:46:44.121 20609 20609 D AudioTrack: createTrack_l(123): AUDIO_OUTPUT_FLAG_FAST denied by server; frameCount 0 -> 45504
02-06 17:46:44.122 20609 20609 D AudioTrack: setVolume(0.600000, 0.600000) pid : 20609
02-06 17:46:44.130 20609 20609 D AnimationSetter: Correction: 345.0px -> 333px (Target DP: 230.0)
02-06 17:46:44.137 20609 20609 D AnimationSetter: Correction: 345.0px -> 333px (Target DP: 230.0)
02-06 17:46:45.419 20609 20609 D AnimationSetter: Correction: 345.0px -> 333px (Target DP: 230.0)
02-06 17:46:45.422 20609 20609 D AnimationSetter: Correction: 345.0px -> 333px (Target DP: 230.0)
02-06 17:46:46.272 20609 27977 V MediaPlayerNative: message received msg=211, ext1=0, ext2=0
02-06 17:46:46.291 20609 27977 V MediaPlayerNative: message received msg=6, ext1=0, ext2=0
02-06 17:46:46.359 20609 20609 V MediaPlayer-JNI: getCurrentPosition: 13 (msec)
02-06 17:46:46.360 20609 27977 V MediaPlayerNative: message received msg=211, ext1=0, ext2=0
02-06 17:46:46.365 20609 24667 V MediaPlayerNative: message received msg=211, ext1=0, ext2=0
02-06 17:46:46.365 20609 24667 V MediaPlayerNative: message received msg=211, ext1=0, ext2=0
02-06 17:46:46.365 20609 24667 V MediaPlayerNative: message received msg=211, ext1=0, ext2=0
02-06 17:46:51.903 20609 20609 I ViewRootImpl@e805f7a[LearningActivity]: ViewPostIme pointer 0
02-06 17:46:51.927 20609 20609 I ViewRootImpl@e805f7a[LearningActivity]: ViewPostIme pointer 1
02-06 17:46:51.950 20609 20609 I AudioStreamPlayer: stopStream : IDLE - null
02-06 17:46:51.950 20609 20609 V MediaPlayer-JNI: reset
02-06 17:46:51.950 20609 20609 V MediaPlayerNative: reset
02-06 17:46:51.950 20609 20609 V MediaPlayer: resetDrmState:  mDrmInfo=null mDrmProvisioningThread=null mPrepareDrmInProgress=false mActiveDrmScheme=false
02-06 17:46:51.950 20609 20609 V MediaPlayer: cleanDrmObj: mDrmObj=null mDrmSessionId=null
02-06 17:46:51.951 20609 20609 V MediaPlayer-JNI: setVolume: left 0.800000  right 0.800000
02-06 17:46:51.951 20609 20609 V MediaPlayerNative: MediaPlayer::setVolume(0.800000, 0.800000)
02-06 17:46:51.962 20609 20609 D AudioTrack: createTrack_l(123): AUDIO_OUTPUT_FLAG_FAST denied by server; frameCount 0 -> 47424
02-06 17:46:51.963 20609 20609 D AudioTrack: setVolume(0.600000, 0.600000) pid : 20609
02-06 17:46:51.966 20609 20609 W System.err: Lottie ID: [I@f193011 is not in cache. Please call preloadLotties() first.
02-06 17:46:51.967 20609 20609 D AnimationSetter: Correction: 300.0px -> 290px (Target DP: 200.0)
02-06 17:46:51.971 20609 20609 D AnimationSetter: Correction: 300.0px -> 290px (Target DP: 200.0)
02-06 17:46:51.972 20609 20609 D AnimationSetter: Correction: 345.0px -> 333px (Target DP: 230.0)
02-06 17:46:51.979 20609 20609 D AnimationSetter: Correction: 345.0px -> 333px (Target DP: 230.0)
02-06 17:46:51.981 20609 20609 D AnimationSetter: set animation listener
02-06 17:46:53.019 20609 20609 V MediaPlayer-JNI: setVolume: left 0.200000  right 0.200000
02-06 17:46:53.020 20609 20609 V MediaPlayerNative: MediaPlayer::setVolume(0.200000, 0.200000)
02-06 17:46:53.021 20609 20609 D AnimationSetter: Correction: 1680.0px -> 1624px (Target DP: 1120.0)
02-06 17:46:53.029 20609 20609 D AnimationSetter: Correction: 1680.0px -> 1624px (Target DP: 1120.0)
02-06 17:46:53.030 20609 20609 D AnimationSetter: set animation listener
02-06 17:46:54.546 20609 20609 D AudioTrack: createTrack_l(123): AUDIO_OUTPUT_FLAG_FAST denied by server; frameCount 0 -> 23852
02-06 17:46:54.546 20609 20609 D AudioTrack: setVolume(0.600000, 0.600000) pid : 20609
02-06 17:46:55.341 20609 20609 D AudioTrack: createTrack_l(123): AUDIO_OUTPUT_FLAG_FAST denied by server; frameCount 0 -> 28224
02-06 17:46:55.342 20609 20609 D AudioTrack: setVolume(0.600000, 0.600000) pid : 20609
02-06 17:46:55.347 20609 20609 D AnimationSetter: Correction: 1680.0px -> 1624px (Target DP: 1120.0)
02-06 17:46:55.352 20609 20609 D AnimationSetter: Correction: 1680.0px -> 1624px (Target DP: 1120.0)
02-06 17:46:55.384 20609 20609 I Dialog  : mIsSamsungBasicInteraction = false, isMetaDataInActivity = false
02-06 17:46:55.414 20609 20609 I DecorView: [INFO] isPopOver=false, config=false
02-06 17:46:55.415 20609 20609 I DecorView: updateCaptionType >> DecorView@7a175fe[], isFloating=false, isApplication=true, hasWindowDecorCaption=false, hasWindowControllerCallback=false
02-06 17:46:55.415 20609 20609 D DecorView: setCaptionType = 0, this = DecorView@7a175fe[]
02-06 17:46:55.431 20609 20609 D InputTransport: Input channel constructed: '3790181', fd=220
02-06 17:46:55.434 20609 20609 I ViewRootImpl@1b0226b[LearningActivity]: setView = com.android.internal.policy.DecorView@7a175fe TM=true
02-06 17:46:55.434 20609 20609 D InsetsSourceConsumer: setRequestedVisible: visible=false, type=2, host=com.kyowon.literacy.store/com.kyowon.literacy.ui.learning.activity.LearningActivity, from=android.view.InsetsSourceConsumer.hide:236 android.view.InsetsController.collectSourceControls:1172 android.view.InsetsController.controlAnimationUnchecked:1049 android.view.InsetsController.applyAnimation:1417 android.view.InsetsController.hide:984 android.view.InsetsController.hide:967 android.view.PendingInsetsController.hide:60 androidx.core.view.WindowInsetsControllerCompat$Impl30.hide:654 androidx.core.view.WindowInsetsControllerCompat.hide:189 com.kyowon.literacy.utils.SystemUiHelper.hideSystemUI:19 
02-06 17:46:55.435 20609 20609 D InsetsSourceConsumer: setRequestedVisible: visible=false, type=1, host=com.kyowon.literacy.store/com.kyowon.literacy.ui.learning.activity.LearningActivity, from=android.view.InsetsSourceConsumer.hide:236 android.view.InsetsController.collectSourceControls:1172 android.view.InsetsController.controlAnimationUnchecked:1049 android.view.InsetsController.applyAnimation:1417 android.view.InsetsController.hide:984 android.view.InsetsController.hide:967 android.view.PendingInsetsController.hide:60 androidx.core.view.WindowInsetsControllerCompat$Impl30.hide:654 androidx.core.view.WindowInsetsControllerCompat.hide:189 com.kyowon.literacy.utils.SystemUiHelper.hideSystemUI:19 
02-06 17:46:55.435 20609 20609 D InsetsSourceConsumer: setRequestedVisible: visible=false, type=0, host=com.kyowon.literacy.store/com.kyowon.literacy.ui.learning.activity.LearningActivity, from=android.view.InsetsSourceConsumer.hide:236 android.view.InsetsController.collectSourceControls:1172 android.view.InsetsController.controlAnimationUnchecked:1049 android.view.InsetsController.applyAnimation:1417 android.view.InsetsController.hide:984 android.view.InsetsController.hide:967 android.view.PendingInsetsController.hide:60 androidx.core.view.WindowInsetsControllerCompat$Impl30.hide:654 androidx.core.view.WindowInsetsControllerCompat.hide:189 com.kyowon.literacy.utils.SystemUiHelper.hideSystemUI:19 
02-06 17:46:55.455 20609 20609 D ViewRootImpl@1b0226b[LearningActivity]: controlInsetsForCompatibility: hideByFlags=0x1, showByFlags=0x0, flags=0x81810500, sysUiVis=0x0, matchParent=true, nonAttachedAppWindow=true
02-06 17:46:55.472 20609 20609 I SurfaceControl: assignNativeObject: nativeObject = 0 Surface(name=null)/@0x6d1f955 / android.view.SurfaceControl.readFromParcel:1117 android.view.IWindowSession$Stub$Proxy.relayout:1820 android.view.ViewRootImpl.relayoutWindow:9005 android.view.ViewRootImpl.performTraversals:3360 android.view.ViewRootImpl.doTraversal:2618 android.view.ViewRootImpl$TraversalRunnable.run:9971 android.view.Choreographer$CallbackRecord.run:1010 android.view.Choreographer.doCallbacks:809 android.view.Choreographer.doFrame:744 android.view.Choreographer$FrameDisplayEventReceiver.run:995 
02-06 17:46:55.474 20609 20609 I ViewRootImpl@1b0226b[LearningActivity]: Relayout returned: old=(0,0,2000,1200) new=(0,0,2000,1200) req=(2000,1200)0 dur=17 res=0x7 s={true -5476376618214690816} ch=true fn=-1
02-06 17:46:55.564 20609 20609 I SurfaceControl: nativeRelease nativeObject s[-5476376618210093376]
02-06 17:46:55.564 20609 20609 I SurfaceControl: nativeRelease nativeObject e[-5476376618210093376]
02-06 17:46:55.564 20609 20609 I SurfaceControl: nativeRelease nativeObject s[-5476376618210093696]
02-06 17:46:55.564 20609 20609 I SurfaceControl: nativeRelease nativeObject e[-5476376618210093696]
02-06 17:46:55.564 20609 20609 I SurfaceControl: nativeRelease nativeObject s[-5476376618210096576]
02-06 17:46:55.564 20609 20609 I SurfaceControl: nativeRelease nativeObject e[-5476376618210096576]
02-06 17:46:55.566 20609 20609 I ViewRootImpl@e805f7a[LearningActivity]: MSG_WINDOW_FOCUS_CHANGED 0 1
02-06 17:46:55.592 20609 20609 I ViewRootImpl@1b0226b[LearningActivity]: MSG_WINDOW_FOCUS_CHANGED 1 1
02-06 17:46:55.593 20609 20609 D InputMethodManager: prepareNavigationBarInfo() DecorView@7a175fe[LearningActivity]
02-06 17:46:55.593 20609 20609 D InputMethodManager: getNavigationBarColor() -855310
02-06 17:46:55.595 20609 20609 D InputMethodManager: prepareNavigationBarInfo() DecorView@7a175fe[LearningActivity]
02-06 17:46:55.595 20609 20609 D InputMethodManager: getNavigationBarColor() -855310
02-06 17:46:55.595 20609 20609 V InputMethodManager: Starting input: tba=com.kyowon.literacy.store ic=null mNaviBarColor -855310 mIsGetNaviBarColorSuccess true , NavVisible : true , NavTrans : false
02-06 17:46:55.595 20609 20609 D InputMethodManager: startInputInner - Id : 0
02-06 17:46:55.595 20609 20609 I InputMethodManager: startInputInner - mService.startInputOrWindowGainedFocus
02-06 17:46:55.608 20609 20609 D InputTransport: Input channel constructed: 'ClientS', fd=236
02-06 17:46:55.608 20609 20609 D InputTransport: Input channel destroyed: 'ClientS', fd=222
02-06 17:46:55.672 20609 20609 I SurfaceControl: nativeRelease nativeObject s[-5476376620292584096]
02-06 17:46:55.672 20609 20609 I SurfaceControl: nativeRelease nativeObject e[-5476376620292584096]
02-06 17:46:55.672 20609 20609 I SurfaceControl: nativeRelease nativeObject s[-5476376618353858464]
02-06 17:46:55.672 20609 20609 I SurfaceControl: nativeRelease nativeObject e[-5476376618353858464]
02-06 17:46:55.672 20609 20609 I SurfaceControl: nativeRelease nativeObject s[-5476376618202100256]
02-06 17:46:55.672 20609 20609 I SurfaceControl: nativeRelease nativeObject e[-5476376618202100256]
02-06 17:46:55.900 20609 20609 D AudioStreamPlayer: new playList : 1
02-06 17:46:55.901 20609 20609 V MediaPlayer-JNI: reset
02-06 17:46:55.901 20609 20609 V MediaPlayerNative: reset
02-06 17:46:55.901 20609 20609 V MediaPlayer: resetDrmState:  mDrmInfo=null mDrmProvisioningThread=null mPrepareDrmInProgress=false mActiveDrmScheme=false
02-06 17:46:55.901 20609 20609 V MediaPlayer: cleanDrmObj: mDrmObj=null mDrmSessionId=null
02-06 17:46:55.902 20609 20609 V MediaHTTPService: MediaHTTPService(android.media.MediaHTTPService@b47c80e): Cookies: null
02-06 17:46:55.921 20609 20609 V MediaPlayerNative: setVideoSurfaceTexture
02-06 17:46:55.921 20609 20609 V MediaPlayerNative: prepareAsync
02-06 17:46:55.922 20609 20609 D AudioStreamPlayer: MediaPlayer  ... URL: https://cdn.redpenliteracy.co.kr/prod/LT-DA-12/LT-DA-12101237/file20250918134128JuDOl.mp3
02-06 17:46:55.925 20609 27977 V MediaHTTPService: makeHTTPConnection: CookieHandler (java.net.CookieManager@64b7b1) exists.
02-06 17:46:55.925 20609 27977 V MediaHTTPService: makeHTTPConnection(android.media.MediaHTTPService@b47c80e): cookieHandler: java.net.CookieManager@64b7b1 Cookies: null
02-06 17:46:55.928 20609 27977 I MediaHTTPConnection: setReadTimeout and setConnectTimeout with 8000ms
02-06 17:46:55.929 20609 27977 I System.out: (HTTPLog)-Static: isSBSettingEnabled false
02-06 17:46:55.929 20609 27977 I System.out: (HTTPLog)-Static: isSBSettingEnabled false
02-06 17:46:55.968 20609 27977 I MediaHTTPConnection: response code = 200
02-06 17:46:56.053 20609 27977 V MediaPlayerNative: message received msg=200, ext1=10973, ext2=0
02-06 17:46:56.053 20609 27977 W MediaPlayerNative: info/warning (10973, 0)
02-06 17:46:56.087 20609 27977 V MediaPlayerNative: message received msg=1, ext1=0, ext2=0
02-06 17:46:56.087 20609 27977 V MediaPlayerNative: MediaPlayer::notify() prepared
02-06 17:46:56.131 20609 20609 V MediaPlayer-JNI: getCurrentPosition: 0 (msec)
02-06 17:46:56.135 20609 20609 V MediaPlayerNative: invoke 76
02-06 17:46:56.138 20609 20609 V MediaPlayer-JNI: setVolume: left 0.200000  right 0.200000
02-06 17:46:56.138 20609 20609 V MediaPlayerNative: MediaPlayer::setVolume(0.200000, 0.200000)
02-06 17:46:56.138 20609 20609 D AudioStreamPlayer: onPrepared: [UNKNOWN] : https://cdn.redpenliteracy.co.kr/prod/LT-DA-12/LT-DA-12101237/file20250918134128JuDOl.mp3, SoundID: -1
02-06 17:46:56.138 20609 20609 D AudioStreamPlayer: onPrepared [UNKNOWN] : 3da14787-a877-4747-b765-31ea1170dc19 - -1
02-06 17:46:56.139 20609 20609 V MediaPlayer-JNI: start
02-06 17:46:56.139 20609 20609 V MediaPlayerNative: start
02-06 17:46:56.152 20609 27977 V MediaPlayerNative: message received msg=3, ext1=100, ext2=0
02-06 17:46:56.152 20609 27977 V MediaPlayerNative: buffering 100
02-06 17:46:56.197 20609 20609 D AudioStreamPlayer: onPrepared for my session: 3da14787-a877-4747-b765-31ea1170dc19
02-06 17:46:56.253 20609 27977 V MediaPlayerNative: message received msg=6, ext1=0, ext2=0
02-06 17:46:56.340 20609 20609 V MediaPlayer-JNI: getCurrentPosition: 0 (msec)
02-06 17:46:56.341 20609 27977 V MediaPlayerNative: message received msg=211, ext1=0, ext2=0
02-06 17:46:56.368 20609 27977 V MediaPlayerNative: message received msg=211, ext1=0, ext2=0
02-06 17:46:56.368 20609 27977 V MediaPlayerNative: message received msg=211, ext1=0, ext2=0
02-06 17:46:56.369 20609 27977 V MediaPlayerNative: message received msg=211, ext1=0, ext2=0
02-06 17:46:56.399 20609 24667 V MediaPlayerNative: message received msg=211, ext1=0, ext2=0
02-06 17:46:56.414 20609 24667 V MediaPlayerNative: message received msg=6, ext1=0, ext2=0
02-06 17:46:56.499 20609 24667 V MediaPlayerNative: message received msg=211, ext1=0, ext2=0
02-06 17:46:56.499 20609 24667 V MediaPlayerNative: message received msg=211, ext1=0, ext2=0
02-06 17:46:56.554 20609 20609 V MediaPlayer-JNI: getCurrentPosition: 91 (msec)
02-06 17:46:57.166 20609 24618 I .literacy.stor: Background young concurrent copying GC freed 440526(22MB) AllocSpace objects, 0(0B) LOS objects, 35% free, 42MB/66MB, paused 349us total 121.857ms
02-06 17:46:57.206 20609 24620 W System  : A resource failed to call release. 
02-06 17:46:57.206 20609 24620 I SurfaceControl: nativeRelease nativeObject s[-5476376618210094176]
02-06 17:46:57.206 20609 24620 I SurfaceControl: nativeRelease nativeObject e[-5476376618210094176]
02-06 17:46:57.206 20609 24620 W System  : A resource failed to call release. 
02-06 17:46:57.206 20609 24620 I SurfaceControl: nativeRelease nativeObject s[-5476376618210096256]
02-06 17:46:57.206 20609 24620 I SurfaceControl: nativeRelease nativeObject e[-5476376618210096256]
02-06 17:46:57.206 20609 24620 W System  : A resource failed to call release. 
02-06 17:46:57.206 20609 24620 I SurfaceControl: nativeRelease nativeObject s[-5476376620275752992]
02-06 17:46:57.206 20609 24620 I SurfaceControl: nativeRelease nativeObject e[-5476376620275752992]
02-06 17:47:00.036 20609 20609 I ViewRootImpl@1b0226b[LearningActivity]: ViewPostIme pointer 0
02-06 17:47:00.107 20609 20609 I ViewRootImpl@1b0226b[LearningActivity]: ViewPostIme pointer 1
02-06 17:47:00.189 20609 20609 I ViewRootImpl@1b0226b[LearningActivity]: dispatchDetachedFromWindow
02-06 17:47:00.189 20609 20609 I SurfaceControl: nativeRelease nativeObject s[-5476376618353754592]
02-06 17:47:00.189 20609 20609 I SurfaceControl: nativeRelease nativeObject e[-5476376618353754592]
02-06 17:47:00.199 20609 20609 D InputTransport: Input channel destroyed: '3790181', fd=220
02-06 17:47:00.199 20609 20609 I AudioStreamPlayer: stopStream : PLAYING - 3da14787-a877-4747-b765-31ea1170dc19
02-06 17:47:00.199 20609 20609 V MediaPlayer-JNI: stop
02-06 17:47:00.199 20609 20609 V MediaPlayerNative: stop
02-06 17:47:00.201 20609 27977 V MediaPlayerNative: message received msg=8, ext1=0, ext2=0
02-06 17:47:00.202 20609 27977 V MediaPlayerNative: message received msg=211, ext1=0, ext2=0
02-06 17:47:00.202 20609 20609 V MediaPlayer-JNI: reset
02-06 17:47:00.202 20609 20609 V MediaPlayerNative: reset
02-06 17:47:00.231 20609 20609 V MediaPlayer: resetDrmState:  mDrmInfo=null mDrmProvisioningThread=null mPrepareDrmInProgress=false mActiveDrmScheme=false
02-06 17:47:00.231 20609 20609 V MediaPlayer: cleanDrmObj: mDrmObj=null mDrmSessionId=null
02-06 17:47:00.232 20609 20609 V MediaPlayer-JNI: setVolume: left 0.800000  right 0.800000
02-06 17:47:00.232 20609 20609 V MediaPlayerNative: MediaPlayer::setVolume(0.800000, 0.800000)
02-06 17:47:00.242 20609 20609 D AudioTrack: createTrack_l(123): AUDIO_OUTPUT_FLAG_FAST denied by server; frameCount 0 -> 4079
02-06 17:47:00.244 20609 20609 D AudioTrack: setVolume(0.600000, 0.600000) pid : 20609
02-06 17:47:00.255 20609 20609 E AccessibilityInteractionController: mViewRootImpl is invalid
02-06 17:47:00.267 20609 20609 I SurfaceControl: nativeRelease nativeObject s[-5476376618311343520]
02-06 17:47:00.267 20609 20609 I SurfaceControl: nativeRelease nativeObject e[-5476376618311343520]
02-06 17:47:00.267 20609 20609 I SurfaceControl: nativeRelease nativeObject s[-5476376618311344160]
02-06 17:47:00.267 20609 20609 I SurfaceControl: nativeRelease nativeObject e[-5476376618311344160]
02-06 17:47:00.267 20609 20609 I SurfaceControl: nativeRelease nativeObject s[-5476376618311348320]
02-06 17:47:00.267 20609 20609 I SurfaceControl: nativeRelease nativeObject e[-5476376618311348320]
02-06 17:47:00.267 20609 20609 D AudioStreamPlayer: onPlaylistCanceled for my session: 3da14787-a877-4747-b765-31ea1170dc19
02-06 17:47:00.267 20609 20609 I ViewRootImpl@e805f7a[LearningActivity]: MSG_WINDOW_FOCUS_CHANGED 1 1
02-06 17:47:00.268 20609 20609 D InputMethodManager: prepareNavigationBarInfo() DecorView@487a3c0[LearningActivity]
02-06 17:47:00.268 20609 20609 D InputMethodManager: getNavigationBarColor() -855310
02-06 17:47:00.269 20609 20609 D InputMethodManager: prepareNavigationBarInfo() DecorView@487a3c0[LearningActivity]
02-06 17:47:00.269 20609 20609 D InputMethodManager: getNavigationBarColor() -855310
02-06 17:47:00.269 20609 20609 V InputMethodManager: Starting input: tba=com.kyowon.literacy.store ic=null mNaviBarColor -855310 mIsGetNaviBarColorSuccess true , NavVisible : true , NavTrans : false
02-06 17:47:00.269 20609 20609 D InputMethodManager: startInputInner - Id : 0
02-06 17:47:00.269 20609 20609 I InputMethodManager: startInputInner - mService.startInputOrWindowGainedFocus
02-06 17:47:00.271 20609 20609 D InputTransport: Input channel constructed: 'ClientS', fd=233
02-06 17:47:00.271 20609 20609 D InputTransport: Input channel destroyed: 'ClientS', fd=236
02-06 17:47:00.304 20609 20609 I SurfaceControl: nativeRelease nativeObject s[-5476376618311349920]
02-06 17:47:00.304 20609 20609 I SurfaceControl: nativeRelease nativeObject e[-5476376618311349920]
02-06 17:47:00.306 20609 20609 I SurfaceControl: nativeRelease nativeObject s[-5476376618279080384]
02-06 17:47:00.306 20609 20609 I SurfaceControl: nativeRelease nativeObject e[-5476376618279080384]
02-06 17:47:00.306 20609 20609 I SurfaceControl: nativeRelease nativeObject s[-5476376618279082784]
02-06 17:47:00.306 20609 20609 I SurfaceControl: nativeRelease nativeObject e[-5476376618279082784]
02-06 17:47:03.200 20609 20609 I ViewRootImpl@e805f7a[LearningActivity]: ViewPostIme pointer 0
02-06 17:47:03.202 20609 20609 I ViewRootImpl@e805f7a[LearningActivity]: ViewPostIme pointer 1
02-06 17:47:03.228 20609 20609 I DecorView: [INFO] isPopOver=false, config=true
02-06 17:47:03.229 20609 20609 I DecorView: updateCaptionType >> DecorView@610c479[LearningActivity], isFloating=false, isApplication=true, hasWindowDecorCaption=false, hasWindowControllerCallback=false
02-06 17:47:03.229 20609 20609 D DecorView: setCaptionType = 0, this = DecorView@610c479[LearningActivity]
02-06 17:47:03.259 20609 20609 D InputTransport: Input channel constructed: 'd016298', fd=234
02-06 17:47:03.262 20609 20609 I ViewRootImpl@e3c50be[LearningActivity]: setView = com.android.internal.policy.DecorView@610c479 TM=true
02-06 17:47:03.262 20609 20609 D InsetsSourceConsumer: setRequestedVisible: visible=false, type=2, host=com.kyowon.literacy.store/com.kyowon.literacy.ui.learning.activity.LearningActivity, from=android.view.InsetsSourceConsumer.hide:236 android.view.InsetsController.collectSourceControls:1172 android.view.InsetsController.controlAnimationUnchecked:1049 android.view.InsetsController.applyAnimation:1417 android.view.InsetsController.hide:984 android.view.InsetsController.hide:967 android.view.PendingInsetsController.hide:60 androidx.core.view.WindowInsetsControllerCompat$Impl30.hide:654 androidx.core.view.WindowInsetsControllerCompat.hide:189 com.kyowon.literacy.utils.SystemUiHelper.hideSystemUI:19 
02-06 17:47:03.263 20609 20609 D InsetsSourceConsumer: setRequestedVisible: visible=false, type=1, host=com.kyowon.literacy.store/com.kyowon.literacy.ui.learning.activity.LearningActivity, from=android.view.InsetsSourceConsumer.hide:236 android.view.InsetsController.collectSourceControls:1172 android.view.InsetsController.controlAnimationUnchecked:1049 android.view.InsetsController.applyAnimation:1417 android.view.InsetsController.hide:984 android.view.InsetsController.hide:967 android.view.PendingInsetsController.hide:60 androidx.core.view.WindowInsetsControllerCompat$Impl30.hide:654 androidx.core.view.WindowInsetsControllerCompat.hide:189 com.kyowon.literacy.utils.SystemUiHelper.hideSystemUI:19 
02-06 17:47:03.263 20609 20609 D InsetsSourceConsumer: setRequestedVisible: visible=false, type=0, host=com.kyowon.literacy.store/com.kyowon.literacy.ui.learning.activity.LearningActivity, from=android.view.InsetsSourceConsumer.hide:236 android.view.InsetsController.collectSourceControls:1172 android.view.InsetsController.controlAnimationUnchecked:1049 android.view.InsetsController.applyAnimation:1417 android.view.InsetsController.hide:984 android.view.InsetsController.hide:967 android.view.PendingInsetsController.hide:60 androidx.core.view.WindowInsetsControllerCompat$Impl30.hide:654 androidx.core.view.WindowInsetsControllerCompat.hide:189 com.kyowon.literacy.utils.SystemUiHelper.hideSystemUI:19 
02-06 17:47:03.274 20609 20609 D AudioTrack: createTrack_l(123): AUDIO_OUTPUT_FLAG_FAST denied by server; frameCount 0 -> 12143
02-06 17:47:03.274 20609 20609 D AudioTrack: setVolume(0.600000, 0.600000) pid : 20609
02-06 17:47:03.287 20609 20609 D ViewRootImpl@e3c50be[LearningActivity]: controlInsetsForCompatibility: hideByFlags=0x1, showByFlags=0x0, flags=0x1810500, sysUiVis=0x0, matchParent=true, nonAttachedAppWindow=true
02-06 17:47:03.331 20609 20609 I SurfaceControl: assignNativeObject: nativeObject = 0 Surface(name=null)/@0x13c751f / android.view.SurfaceControl.readFromParcel:1117 android.view.IWindowSession$Stub$Proxy.relayout:1820 android.view.ViewRootImpl.relayoutWindow:9005 android.view.ViewRootImpl.performTraversals:3360 android.view.ViewRootImpl.doTraversal:2618 android.view.ViewRootImpl$TraversalRunnable.run:9971 android.view.Choreographer$CallbackRecord.run:1010 android.view.Choreographer.doCallbacks:809 android.view.Choreographer.doFrame:744 android.view.Choreographer$FrameDisplayEventReceiver.run:995 
02-06 17:47:03.332 20609 20609 I ViewRootImpl@e3c50be[LearningActivity]: Relayout returned: old=(0,0,2000,1200) new=(0,0,2000,1200) req=(2000,1200)0 dur=32 res=0x7 s={true -5476376619786584064} ch=true fn=-1
02-06 17:47:03.373 20609 20609 I SurfaceControl: nativeRelease nativeObject s[-5476376618202811904]
02-06 17:47:03.373 20609 20609 I SurfaceControl: nativeRelease nativeObject e[-5476376618202811904]
02-06 17:47:03.373 20609 20609 I SurfaceControl: nativeRelease nativeObject s[-5476376621029546144]
02-06 17:47:03.373 20609 20609 I SurfaceControl: nativeRelease nativeObject e[-5476376621029546144]
02-06 17:47:03.373 20609 20609 I SurfaceControl: nativeRelease nativeObject s[-5476376621029546304]
02-06 17:47:03.373 20609 20609 I SurfaceControl: nativeRelease nativeObject e[-5476376621029546304]
02-06 17:47:03.376 20609 20609 I ViewRootImpl@e805f7a[LearningActivity]: MSG_WINDOW_FOCUS_CHANGED 0 1
02-06 17:47:03.468 20609 20609 I ViewRootImpl@e3c50be[LearningActivity]: MSG_WINDOW_FOCUS_CHANGED 1 1
02-06 17:47:03.468 20609 20609 D InputMethodManager: prepareNavigationBarInfo() DecorView@610c479[LearningActivity]
02-06 17:47:03.468 20609 20609 D InputMethodManager: getNavigationBarColor() -855310
02-06 17:47:03.469 20609 20609 D InputMethodManager: prepareNavigationBarInfo() DecorView@610c479[LearningActivity]
02-06 17:47:03.469 20609 20609 D InputMethodManager: getNavigationBarColor() -855310
02-06 17:47:03.469 20609 20609 V InputMethodManager: Starting input: tba=com.kyowon.literacy.store ic=null mNaviBarColor -855310 mIsGetNaviBarColorSuccess true , NavVisible : true , NavTrans : false
02-06 17:47:03.469 20609 20609 D InputMethodManager: startInputInner - Id : 0
02-06 17:47:03.469 20609 20609 I InputMethodManager: startInputInner - mService.startInputOrWindowGainedFocus
02-06 17:47:03.473 20609 20609 D InputTransport: Input channel constructed: 'ClientS', fd=237
02-06 17:47:03.474 20609 20609 D InputTransport: Input channel destroyed: 'ClientS', fd=233
02-06 17:47:03.577 20609 20609 I SurfaceControl: nativeRelease nativeObject s[-5476376618353854464]
02-06 17:47:03.577 20609 20609 I SurfaceControl: nativeRelease nativeObject e[-5476376618353854464]
02-06 17:47:03.580 20609 20609 I SurfaceControl: nativeRelease nativeObject s[-5476376618202809344]
02-06 17:47:03.580 20609 20609 I SurfaceControl: nativeRelease nativeObject e[-5476376618202809344]
02-06 17:47:03.580 20609 20609 I SurfaceControl: nativeRelease nativeObject s[-5476376618202810944]
02-06 17:47:03.580 20609 20609 I SurfaceControl: nativeRelease nativeObject e[-5476376618202810944]
02-06 17:47:03.908 20609 20609 I ViewRootImpl@e3c50be[LearningActivity]: dispatchDetachedFromWindow
02-06 17:47:03.909 20609 20609 I SurfaceControl: nativeRelease nativeObject s[-5476376618353862304]
02-06 17:47:03.909 20609 20609 I SurfaceControl: nativeRelease nativeObject e[-5476376618353862304]
02-06 17:47:03.922 20609 20609 D InputTransport: Input channel destroyed: 'd016298', fd=234
02-06 17:47:03.924 20609 20609 I DecorView: [INFO] isPopOver=false, config=true
02-06 17:47:03.924 20609 20609 I DecorView: updateCaptionType >> DecorView@610c479[LearningActivity], isFloating=false, isApplication=true, hasWindowDecorCaption=false, hasWindowControllerCallback=false
02-06 17:47:03.924 20609 20609 D DecorView: setCaptionType = 0, this = DecorView@610c479[LearningActivity]
02-06 17:47:03.933 20609 20609 D InputTransport: Input channel constructed: 'fc67b5e', fd=220
02-06 17:47:03.936 20609 20609 I ViewRootImpl@ce8baca[LearningActivity]: setView = com.android.internal.policy.DecorView@610c479 TM=true
02-06 17:47:03.937 20609 20609 D InsetsSourceConsumer: setRequestedVisible: visible=false, type=2, host=com.kyowon.literacy.store/com.kyowon.literacy.ui.learning.activity.LearningActivity, from=android.view.InsetsSourceConsumer.hide:236 android.view.InsetsController.collectSourceControls:1172 android.view.InsetsController.controlAnimationUnchecked:1049 android.view.InsetsController.applyAnimation:1417 android.view.InsetsController.hide:984 android.view.InsetsController.hide:967 android.view.PendingInsetsController.hide:60 androidx.core.view.WindowInsetsControllerCompat$Impl30.hide:654 androidx.core.view.WindowInsetsControllerCompat.hide:189 com.kyowon.literacy.utils.SystemUiHelper.hideSystemUI:19 
02-06 17:47:03.937 20609 20609 D InsetsSourceConsumer: setRequestedVisible: visible=false, type=1, host=com.kyowon.literacy.store/com.kyowon.literacy.ui.learning.activity.LearningActivity, from=android.view.InsetsSourceConsumer.hide:236 android.view.InsetsController.collectSourceControls:1172 android.view.InsetsController.controlAnimationUnchecked:1049 android.view.InsetsController.applyAnimation:1417 android.view.InsetsController.hide:984 android.view.InsetsController.hide:967 android.view.PendingInsetsController.hide:60 androidx.core.view.WindowInsetsControllerCompat$Impl30.hide:654 androidx.core.view.WindowInsetsControllerCompat.hide:189 com.kyowon.literacy.utils.SystemUiHelper.hideSystemUI:19 
02-06 17:47:03.937 20609 20609 D InsetsSourceConsumer: setRequestedVisible: visible=false, type=0, host=com.kyowon.literacy.store/com.kyowon.literacy.ui.learning.activity.LearningActivity, from=android.view.InsetsSourceConsumer.hide:236 android.view.InsetsController.collectSourceControls:1172 android.view.InsetsController.controlAnimationUnchecked:1049 android.view.InsetsController.applyAnimation:1417 android.view.InsetsController.hide:984 android.view.InsetsController.hide:967 android.view.PendingInsetsController.hide:60 androidx.core.view.WindowInsetsControllerCompat$Impl30.hide:654 androidx.core.view.WindowInsetsControllerCompat.hide:189 com.kyowon.literacy.utils.SystemUiHelper.hideSystemUI:19 
02-06 17:47:03.944 20609 20609 D ViewRootImpl@ce8baca[LearningActivity]: controlInsetsForCompatibility: hideByFlags=0x1, showByFlags=0x0, flags=0x1810500, sysUiVis=0x0, matchParent=true, nonAttachedAppWindow=true
02-06 17:47:03.958 20609 20609 I SurfaceControl: assignNativeObject: nativeObject = 0 Surface(name=null)/@0xa3d443b / android.view.SurfaceControl.readFromParcel:1117 android.view.IWindowSession$Stub$Proxy.relayout:1820 android.view.ViewRootImpl.relayoutWindow:9005 android.view.ViewRootImpl.performTraversals:3360 android.view.ViewRootImpl.doTraversal:2618 android.view.ViewRootImpl$TraversalRunnable.run:9971 android.view.Choreographer$CallbackRecord.run:1010 android.view.Choreographer.doCallbacks:809 android.view.Choreographer.doFrame:744 android.view.Choreographer$FrameDisplayEventReceiver.run:995 
02-06 17:47:03.959 20609 20609 I ViewRootImpl@ce8baca[LearningActivity]: Relayout returned: old=(0,0,2000,1200) new=(0,0,2000,1200) req=(2000,1200)0 dur=14 res=0x7 s={true -5476376619786584064} ch=true fn=-1
02-06 17:47:03.996 20609 20609 E AccessibilityInteractionController: mViewRootImpl is invalid
02-06 17:47:03.997 20609 20609 E AccessibilityInteractionController: mViewRootImpl is invalid
02-06 17:47:04.019 20609 20609 I SurfaceControl: nativeRelease nativeObject s[-5476376618202114656]
02-06 17:47:04.019 20609 20609 I SurfaceControl: nativeRelease nativeObject e[-5476376618202114656]
02-06 17:47:04.019 20609 20609 I SurfaceControl: nativeRelease nativeObject s[-5476376618202812224]
02-06 17:47:04.019 20609 20609 I SurfaceControl: nativeRelease nativeObject e[-5476376618202812224]
02-06 17:47:04.022 20609 20609 I ViewRootImpl@e805f7a[LearningActivity]: MSG_WINDOW_FOCUS_CHANGED 0 1
02-06 17:47:04.026 20609 20609 I ViewRootImpl@e805f7a[LearningActivity]: MSG_WINDOW_FOCUS_CHANGED 0 1
02-06 17:47:04.045 20609 20609 I ViewRootImpl@ce8baca[LearningActivity]: MSG_WINDOW_FOCUS_CHANGED 1 1
02-06 17:47:04.045 20609 20609 D InputMethodManager: prepareNavigationBarInfo() DecorView@610c479[LearningActivity]
02-06 17:47:04.045 20609 20609 D InputMethodManager: getNavigationBarColor() -855310
02-06 17:47:04.045 20609 20609 D InputMethodManager: prepareNavigationBarInfo() DecorView@610c479[LearningActivity]
02-06 17:47:04.045 20609 20609 D InputMethodManager: getNavigationBarColor() -855310
02-06 17:47:04.045 20609 20609 V InputMethodManager: Starting input: tba=com.kyowon.literacy.store ic=null mNaviBarColor -855310 mIsGetNaviBarColorSuccess true , NavVisible : true , NavTrans : false
02-06 17:47:04.045 20609 20609 D InputMethodManager: startInputInner - Id : 0
02-06 17:47:04.045 20609 20609 I InputMethodManager: startInputInner - mService.startInputOrWindowGainedFocus
02-06 17:47:04.047 20609 20609 D InputTransport: Input channel constructed: 'ClientS', fd=233
02-06 17:47:04.047 20609 20609 D InputTransport: Input channel destroyed: 'ClientS', fd=237
02-06 17:47:04.123 20609 20609 I SurfaceControl: nativeRelease nativeObject s[-5476376618202112896]
02-06 17:47:04.123 20609 20609 I SurfaceControl: nativeRelease nativeObject e[-5476376618202112896]
02-06 17:47:04.123 20609 20609 I SurfaceControl: nativeRelease nativeObject s[-5476376618202113696]
02-06 17:47:04.123 20609 20609 I SurfaceControl: nativeRelease nativeObject e[-5476376618202113696]
02-06 17:47:04.835 20609 20609 I ViewRootImpl@ce8baca[LearningActivity]: dispatchDetachedFromWindow
02-06 17:47:04.835 20609 20609 I SurfaceControl: nativeRelease nativeObject s[-5476376618311335520]
02-06 17:47:04.835 20609 20609 I SurfaceControl: nativeRelease nativeObject e[-5476376618311335520]
02-06 17:47:04.863 20609 20609 D InputTransport: Input channel destroyed: 'fc67b5e', fd=220
02-06 17:47:04.866 20609 20609 I AudioStreamPlayer: stopStream : IDLE - null
02-06 17:47:04.867 20609 20609 V MediaPlayer-JNI: reset
02-06 17:47:04.867 20609 20609 V MediaPlayerNative: reset
