02-06 18:12:59.797  2586  2739 V APM_AudioPolicyManager: setOutputDevices device {type:0x8000,@:0} delayMs 0
02-06 18:12:59.797  2586  2739 V APM_AudioPolicyManager: setOutputDevices() prevDevice {type:0x8000,@:0}
02-06 18:12:59.797  2586  2739 V APM_AudioPolicyManager: setOutputDevices: suppressing checkDeviceMuteStrategies
02-06 18:12:59.798  2586  2739 V APM_AudioPolicyManager: setOutputDevices setting same device {type:0x8000,@:0} or null device, force=0, patch handle=392
02-06 18:12:59.798  2586  2739 V APM_AudioPolicyManager: computeVolume: stream 3, index 9, volume 0.114815, deviceTypes 0x8000
02-06 18:12:59.798  2586  2739 V APM_AudioPolicyManager: computeVolume: stream 3, index 10, volume 0.147911, deviceTypes 0x8000
02-06 18:12:59.798  4193  4193 D AndroidRuntime: >>>>>> START com.android.internal.os.RuntimeInit uid 2000 <<<<<<
02-06 18:12:59.799  2586  2739 W APM::AudioPolicyEngine: getDevicesForStrategy() unknown strategy: -1
02-06 18:12:59.799  2586  2739 W APM::AudioPolicyEngine: getDevicesForStrategy() unknown strategy: -1
02-06 18:12:59.799  2586  2739 I AudioFlinger: updateStageIndex new -5302
02-06 18:12:59.804  1093 13961 I OMX-VENC: venc_dev: stats: avg. fps 20.79, bitrate 2371289
02-06 18:12:59.809  3012  3061 D GameManagerService: noteResumeComponent(), received resumed-component: com.netease.open.pocoservice
02-06 18:12:59.809  3012  3061 I GameSDK@LifeCycle: noteResumeComponent(): package name  : com.netease.open.pocoservice
02-06 18:12:59.810 27108 27108 V MediaPlayer-JNI: stop
02-06 18:12:59.810 27108 27108 V MediaPlayerNative: stop
02-06 18:12:59.810  2588 15318 V MediaPlayerService: [344] stop
02-06 18:12:59.810  2588 15318 D NuPlayerDriver: stop(0xf6f4e480)
02-06 18:12:59.810  2588 15318 V MediaPlayerService: [344] notify (8, 0, 0)
02-06 18:12:59.810  2588  4276 V NuPlayer: updatePlaybackTimer(stop)  time      800526717182068 (onPause)
02-06 18:12:59.810  2588  4276 V NuPlayer: updatePlaybackTimer()  log             100006614
02-06 18:12:59.810  2588  4276 I GenericSource: pause
02-06 18:12:59.811  3012  3059 W Looper  : Slow dispatch took 145ms android.ui h=com.android.server.am.ActivityManagerService$UiHandler c=null m=31
02-06 18:12:59.811 27108 31456 V MediaPlayerNative: message received msg=8, ext1=0, ext2=0
02-06 18:12:59.811  2588  4277 I GenericSource: kWhatPause
02-06 18:12:59.812  4193  4193 I AndroidRuntime: Using default boot image
02-06 18:12:59.812  4193  4193 I AndroidRuntime: Leaving lock profiling enabled
02-06 18:12:59.813  2586  3948 V APM_AudioPolicyManager: setAppState(portId:387, state:2)
02-06 18:12:59.813  4193  4193 D SecNativeFeatureCppIf: encoded
02-06 18:12:59.814  4193  4193 D SecNativeFeatureCppIf: decoding and unzip finish
02-06 18:12:59.814  4193  4193 D SecNativeFeatureCppIf: use unCompDataBuff. encoded
02-06 18:12:59.815  3012  3012 D MediaSessionService: Audio playback is changed, config=AudioPlaybackConfiguration piid:3071 type:android.media.MediaPlayer u/pid:10584/27108 state:released attr:AudioAttributes: usage=USAGE_UNKNOWN content=CONTENT_TYPE_UNKNOWN flags=0x800 tags= bundle=null, removed=false
02-06 18:12:59.816  3012  3012 D MediaSessionStack: updateMediaButtonSessionIfNeeded, callers=com.android.server.media.MediaSessionService.lambda$onStart$0$MediaSessionService:214 com.android.server.media.-$$Lambda$MediaSessionService$za_9dlUSlnaiZw6eCdPVEZq0XLw.onAudioPlayerActiveStateChanged:2 
02-06 18:12:59.816  4193  4193 D SecNativeFeatureCppIf: Free unCompDataBuff
02-06 18:12:59.816  3012  3012 D MediaSessionStack: updateMediaButtonSessionIfNeeded, skipping uid=10584
02-06 18:12:59.816  3012  3012 D MediaSessionStack: updateMediaButtonSessionIfNeeded, skipping uid=10099
02-06 18:12:59.816  4193  4193 D SecNativeFeatureCppIf: encoded
02-06 18:12:59.816  4193  4193 D SecNativeFeatureCppIf: decoding and unzip finish
02-06 18:12:59.816  4193  4193 D SecNativeFeatureCppIf: use unCompDataBuff. encoded
02-06 18:12:59.817  4193  4193 D SecNativeFeatureCppIf: Free unCompDataBuff
02-06 18:12:59.817  4193  4193 D AndroidRuntime: addProductProperty: pBrand1 is not null
02-06 18:12:59.817  4193  4193 D AndroidRuntime: addProductProperty: not brand or 7
02-06 18:12:59.820 27108 27108 V MediaPlayer: resetDrmState:  mDrmInfo=null mDrmProvisioningThread=null mPrepareDrmInProgress=false mActiveDrmScheme=false
02-06 18:12:59.820 27108 27108 V MediaPlayer: cleanDrmObj: mDrmObj=null mDrmSessionId=null
02-06 18:12:59.820 27108 27108 V MediaPlayer-JNI: release
02-06 18:12:59.820 27108 27108 V MediaPlayerNative: setListener
02-06 18:12:59.820 27108 27108 V MediaPlayerNative: disconnect
02-06 18:12:59.820  2588 15318 V MediaPlayerService: disconnect(344) from pid 27108
02-06 18:12:59.820  2588 15318 D NuPlayerDriver: reset(0xf6f4e480) at state 8
02-06 18:12:59.820  2588 15318 V NuPlayerDriver: updateMetrics(0xf6f4e480) from reset at state 8
02-06 18:12:59.820  2588 15318 V NuPlayer: updateInternalTimers()
02-06 18:12:59.820  2588 15318 V NuPlayer: updatePlaybackTimer(snap)  time                    0 (updateInternalTimers)
02-06 18:12:59.820  2588 15318 V NuPlayer: updateRebufferingTimer(snap)  time                    0 (exiting 0)
02-06 18:12:59.820  2588 15318 V NuPlayerDriver: logMetrics(0xf6f4e480) from reset at state 8
02-06 18:12:59.821  2588  4276 V NuPlayer: kWhatReset
02-06 18:12:59.821  2588  4276 V NuPlayer: setDecoderBooster enable = No
02-06 18:12:59.821  2588  4276 V NuPlayer: updatePlaybackTimer(stop)  time                    0 (kWhatReset)
02-06 18:12:59.821  2588  4276 V NuPlayer: updateRebufferingTimer(stop)  time                    0 (exiting 1)
02-06 18:12:59.821  2588  4276 V NuPlayer: performDecoderFlush audio=2, video=2
02-06 18:12:59.821  2588  4276 V NuPlayer: [audio] flushDecoder needShutdown=1
02-06 18:12:59.822  2588  4276 V NuPlayer: postponing action mFlushingAudio=2, mFlushingVideo=0
02-06 18:12:59.822  2588  4297 I NuPlayerRenderer: flush audio, notifyComplete 1, shutdown Yes
02-06 18:12:59.824  8094  8094 W ContextImpl: Calling a method in the system process without a qualified user: android.app.ContextImpl.startService:1739 android.content.ContextWrapper.startService:738 android.content.ContextWrapper.startService:738 com.sec.android.diagmonagent.sa.receiver.CFLogReceiver.sendCFLog:26 com.sec.android.diagmonagent.sa.receiver.CFLogReceiver.onReceive:18 
02-06 18:12:59.824  7990  7997 I adbd    : jdwp connection from 4279
02-06 18:12:59.839  3012  3082 W ActivityManager: Slow operation: 187ms so far, now at startProcess: returned from zygote!
02-06 18:12:59.840  3012  4273 D DexPreloader: /data/app/~~fkxe-PwEwpS3aOAmL9X4_A==/com.netease.open.pocoservice-JE6kp9AlGetf5MSP_9m6gQ==/oat/arm64/base.odex is already preloaded
02-06 18:12:59.842  3012  3059 W Looper  : Drained
02-06 18:12:59.845  2588  4296 I MediaClock: setThreshold mThresholdTimeUsForAnchor(500000), mMinClockModificationTimeUs(80000), mMaxCorrectionTimeUs(30000)
02-06 18:12:59.845  2588  4296 I NuPlayerRenderer: onAudioSinkChanged() getPosition : 0
02-06 18:12:59.845  2588  4296 I NuPlayerRenderer: onPause
02-06 18:12:59.846  2588  4296 I MediaClock: setPlaybackRate rate : 0.000000
02-06 18:12:59.846  2586 20376 D DlbDap2Process: setParam(preg = #1[0])
02-06 18:12:59.846  2588  4296 D AudioTrack: getTimestamp_l(866): device stall time corrected using current time 800526852313005
02-06 18:12:59.846  2588  4296 V AudioSink: pause
02-06 18:12:59.846  2588  4297 D NuPlayerRenderer: signalTimeDiscontinuity() mHasAudio = 0 , mHasVideo = 0
02-06 18:12:59.847  2588  4299 I CCodec  : state->set(FLUSHING)
02-06 18:12:59.847  2586  3948 V APM_AudioPolicyManager: setAppState(portId:387, state:2)
02-06 18:12:59.847  2586  3948 V APM_AudioPolicyManager: setAppState(portId:387, state:2)
02-06 18:12:59.848  2588  4299 I CCodec  : state->set(FLUSHED)
02-06 18:12:59.848  2588  4299 D CCodecBuffers: [c2.sec.mp3.decoder#347:1D-Output.Impl[N]] Client returned a buffer it does not own according to our record: 0
02-06 18:12:59.848  2588  4299 D CCodecBuffers: [c2.sec.mp3.decoder#347:1D-Output.Impl[N]] Client returned a buffer it does not own according to our record: 1
02-06 18:12:59.848  3012  3029 I system_server: oneway function results will be dropped but finished with status OK and parcel size 4
02-06 18:12:59.848  2588  4299 D CCodecBuffers: [c2.sec.mp3.decoder#347:1D-Output.Impl[N]] Client returned a buffer it does not own according to our record: 2
02-06 18:12:59.848  2588  4276 V NuPlayer: decoder audio flush completed
02-06 18:12:59.854  2588  4296 I NuPlayerRenderer: flushing audio
02-06 18:12:59.854  2588  4296 I NuPlayerRenderer: onFlush mAudioDrainGeneration : 2
02-06 18:12:59.854  2588  4296 V AudioSink: flush
02-06 18:12:59.854  2588  4296 V AudioSink: stop
02-06 18:12:59.855  2588  4276 V NuPlayer: renderer audio flush completed.
02-06 18:12:59.855  2588  4276 V NuPlayer: initiating audio decoder shutdown
02-06 18:12:59.855  2588  4299 I CCodec  : state->set(RELEASING)
02-06 18:12:59.859  2588  4339 I CCodec  : [c2.sec.mp3.decoder] release(1)
02-06 18:12:59.860  2588  4339 I CCodec  : state->set(RELEASED)
02-06 18:12:59.861  2588  4299 I MediaCodec: Codec shutdown complete
02-06 18:12:59.862  1093 25056 I hw-BpHwBinder: onLastStrongRef automatically unlinking death recipients
02-06 18:12:59.862  2588  4297 I NuPlayerDecoder: onShutdown notifyComplete : Yes
02-06 18:12:59.862  2588  4276 V NuPlayer: audio shutdown completed
02-06 18:12:59.863  2588  4276 V NuPlayer: both audio and video are flushed now.
02-06 18:12:59.863  2588  4276 V NuPlayer: performReset
02-06 18:12:59.863  2588  4276 V NuPlayer: updatePlaybackTimer(stop)  time                    0 (performReset)
02-06 18:12:59.863  2588  4276 V NuPlayer: updateRebufferingTimer(stop)  time                    0 (exiting 1)
02-06 18:12:59.864  1093 25056 I C2SecMp3Dec: in DestroyCodec2Factory
02-06 18:12:59.865  2588  4339 I hw-BpHwBinder: onLastStrongRef automatically unlinking death recipients
02-06 18:12:59.865  2588  4276 D NuPlayerDriver: notifyResetComplete(0xf6f4e480)
02-06 18:12:59.865  2588 15318 V NuPlayerDriver: ~NuPlayerDriver(0xf6f4e480)
02-06 18:12:59.866  2588 15318 V NuPlayerDriver: updateMetrics(0xf6f4e480) from destructor at state 0
02-06 18:12:59.866  2588 15318 V NuPlayer: updateInternalTimers()
02-06 18:12:59.866  2588 15318 V NuPlayer: updatePlaybackTimer(snap)  time                    0 (updateInternalTimers)
02-06 18:12:59.866  2588 15318 V NuPlayer: updateRebufferingTimer(snap)  time                    0 (exiting 0)
02-06 18:12:59.866  2588 15318 V NuPlayerDriver: logMetrics(0xf6f4e480) from destructor at state 0
02-06 18:12:59.866  2588 15318 V NuPlayerDriver: nothing to record (only 3 fields)
02-06 18:12:59.866  2588 15318 W AMessage: failed to post message as target looper for handler 0 is gone.
02-06 18:12:59.866 27108 27108 V MediaPlayerNative: destructor
02-06 18:12:59.867  2588 15318 V MediaPlayerService: Client(344) destructor pid = 27108
02-06 18:12:59.867  2588 15318 V AudioSink: +++ close
02-06 18:12:59.867  2588 15318 V AudioSink: --- close
02-06 18:12:59.867 27108 27108 V MediaPlayerNative: disconnect
02-06 18:12:59.868  3012  7150 D MARsPolicyManager: onPackageResumedFG pkgName = com.kyowon.literacy.store, userId = 0
02-06 18:12:59.869  3012  7150 I SemDvfsHyPerManager: acquire hyper - AMS_ACT_RESUME/3012@35, type = -999
02-06 18:12:59.869  3012  7150 D ActivityManagerPerformance: AMP_acquire() ACT_RESUME
02-06 18:12:59.869  3012  7150 V WindowManager: Prepare app transition: transit=TRANSIT_ACTIVITY_OPEN mNextAppTransition=TRANSIT_TASK_OPEN alwaysKeepCurrent=false displayId=0 Callers=com.android.server.wm.DisplayContent.prepareAppTransition:5809 com.android.server.wm.DisplayContent.prepareAppTransition:5803 com.android.server.wm.ActivityStack.resumeTopActivityInnerLocked:2255 com.android.server.wm.ActivityStack.resumeTopActivityUncheckedLocked:1873 com.android.server.wm.RootWindowContainer.resumeFocusedStacksTopActivities:2677 
02-06 18:12:59.871  2588 15318 E AudioSystem: invalid attributes { Content type: AUDIO_CONTENT_TYPE_UNKNOWN Usage: AUDIO_USAGE_UNKNOWN Source: -1 Flags: 0x800 Tags:  } when converting to stream
02-06 18:12:59.871  3012  7150 V WindowManager: rotationForOrientation(orient=SCREEN_ORIENTATION_LANDSCAPE (0), last=ROTATION_90 (1)); user=ROTATION_0 (0) 
02-06 18:12:59.871  3012  7150 D WindowManager: rotationForOrientation, orientationSource=ActivityRecord{afefb55 u0 com.kyowon.literacy.store/com.kyowon.literacy.ui.login.activity.LoginActivity t3593}
02-06 18:12:59.871  2594  2614 I HYPER-HAL: [RequestManager.cpp]acquire(): Acquired ID : 4643663  [3012 / 35]    HINT : AMS_ACT_RESUME    list : 
02-06 18:12:59.871  3012  7150 V WindowOrientationListener: getProposedRotation: 1
02-06 18:12:59.871  3012  7150 V WindowManager: Computed rotation=ROTATION_90 (1) for display id=0 based on lastOrientation=SCREEN_ORIENTATION_LANDSCAPE (0) and oldRotation=ROTATION_90 (1), caller=com.android.server.wm.DisplayRotation.updateOrientation:394 com.android.server.wm.DisplayContent.updateOrientation:1698 com.android.server.wm.DisplayContent.updateOrientation:1626 com.android.server.wm.RootWindowContainer.ensureVisibilityAndConfig:2164 com.android.server.wm.ActivityStack.resumeTopActivityInnerLocked:2340 com.android.server.wm.ActivityStack.resumeTopActivityUncheckedLocked:1873 
02-06 18:12:59.872  3012  7150 D TspStateManager: updateCustomValue customSetting=
02-06 18:12:59.872  3012  7150 D TspStateManager: updateCustomValue customSetting=
02-06 18:12:59.873  2594  2614 I HYPER-HAL: [ResourceManager.cpp]updateResource(): [CPUMinFreq] UpdateResource Request ID : 4643663    Value : 1401600
02-06 18:12:59.873  3012  7150 D MARsPolicyManager: onPackageResumedFG pkgName = com.kyowon.literacy.store, userId = 0
02-06 18:12:59.873  2588 15318 V MediaPlayerService: disconnect(344) from pid 27108
02-06 18:12:59.874  3012  7150 W WindowManager: Execute app transition: mNextAppTransition=TRANSIT_TASK_OPEN, displayId: 0 Callers=com.android.server.wm.RootWindowContainer.executeAppTransitionForAllDisplay:2598 com.android.server.wm.ActivityStackSupervisor.reportResumedActivityLocked:2267 com.android.server.wm.ActivityRecord.completeResumeLocked:5710 com.android.server.wm.ActivityStack.resumeTopActivityInnerLocked:2434 com.android.server.wm.ActivityStack.resumeTopActivityUncheckedLocked:1873 
02-06 18:12:59.879  3012  7150 D ActivityTaskManager: finishFixedRotationTransform, r=ActivityRecord{afefb55 u0 com.kyowon.literacy.store/com.kyowon.literacy.ui.login.activity.LoginActivity t3593}, caller=com.android.server.wm.WindowToken.finishFixedRotationTransform:664 com.android.server.wm.DisplayContent$FixedRotationTransitionListener.onAppTransitionFinishedLocked:7026 com.android.server.wm.AppTransition.notifyAppTransitionFinishedLocked:543 com.android.server.wm.DisplayContent.handleAnimatingStoppedAndTransition:5836 com.android.server.wm.RootWindowContainer.checkAppTransitionReady:1264 
02-06 18:12:59.882 27108 27108 W MediaPlayer: mediaplayer went away with unhandled events
02-06 18:12:59.882 27108 27108 W MediaPlayer: mediaplayer went away with unhandled events
02-06 18:12:59.882 27108 27108 I ViewRootImpl@dd268ff[LoginActivity]: MSG_WINDOW_FOCUS_CHANGED 1 1
02-06 18:12:59.883 27108 27108 D InputMethodManager: prepareNavigationBarInfo() DecorView@dd6bf4e[LoginActivity]
02-06 18:12:59.883 27108 27108 D InputMethodManager: getNavigationBarColor() -855310
02-06 18:12:59.895 27108 27108 D InputMethodManager: prepareNavigationBarInfo() DecorView@dd6bf4e[LoginActivity]
02-06 18:12:59.895 27108 27108 D InputMethodManager: getNavigationBarColor() -855310
02-06 18:12:59.895 27108 27108 V InputMethodManager: Starting input: tba=com.kyowon.literacy.store ic=null mNaviBarColor -855310 mIsGetNaviBarColorSuccess true , NavVisible : true , NavTrans : false
02-06 18:12:59.895 27108 27108 D InputMethodManager: startInputInner - Id : 0
02-06 18:12:59.895 27108 27108 I InputMethodManager: startInputInner - mService.startInputOrWindowGainedFocus
02-06 18:12:59.896  3012  7150 D InputMethodManagerService: mSecureKeypadEnabled = false
02-06 18:12:59.896  3012  7150 D InputMethodManagerService: mDesktopModeManager null!
02-06 18:12:59.896  3012  7150 V InputMethodManagerService: getDisplayIdOfInputMethodWindowToBeAdded : 0
02-06 18:12:59.902  3012  3061 D EnterpriseDeviceManagerService: isMdmAdminPresentInternal() : MDM Admin Found - com.sec.enterprise.knox.cloudmdm.smdms
02-06 18:12:59.903  4438 10754 I Auth    : (REDACTED) [GetToken] GetToken failed for app=%s with userRecoverable status: %s 
02-06 18:12:59.906  4279  4279 D ActivityThread: setConscryptValidator
02-06 18:12:59.906  3912  3912 E SemDvfsManager_JNI: SemDvfsManager: registerfunction enter
02-06 18:12:59.906  3912  3912 E SemAffinityControl: SemAffinityControl: registerfunction enter
02-06 18:12:59.907  4279  4279 D ActivityThread: setConscryptValidator - put
02-06 18:12:59.932  2586 20376 D DlbDap2Process: setParam(preg = #1[-2080])
02-06 18:12:59.934  2586  2703 I HiddenSound: unregisterSession : session=9569
02-06 18:12:59.936  2586  2703 I AudioPolicyEffectException: clearEffectReference_l after clear size 0
02-06 18:12:59.936  2583 12580 W MySpaceEffect: MySpaceEffect_setEnabled() MySpace is already disabled
02-06 18:12:59.936  2583 12580 D MySpaceEffect: EffectRelease : All effects are no longer instantiated
02-06 18:12:59.936  2583 12580 D MySpace : MySpace::Close 
02-06 18:12:59.936  2583 12580 D MySpaceEffect: MySpaceEffect::~MySpaceEffect 
02-06 18:12:59.936  2583 12580 D MySpace : MySpace::~MySpace() -
02-06 18:12:59.937  2586  2703 V APM_AudioPolicyManager: stopOutput portId 866
02-06 18:12:59.937  2586  2703 V APM_AudioPolicyManager: stopOutput() output 53, stream 3, session 9569
02-06 18:12:59.937  2586  2703 V APM_AudioPolicyManager: setBeaconMute(1) mBeaconMuteRefCount=0 mBeaconPlayingRefCount=0
02-06 18:12:59.937  2586  2703 V APM_AudioPolicyManager: getNewOutputDevices selected devices AUDIO_DEVICE_NONE
02-06 18:12:59.937  2586  2703 V APM_AudioPolicyManager: setOutputDevices device AUDIO_DEVICE_NONE delayMs 170
02-06 18:12:59.937  2586  2703 V APM_AudioPolicyManager: setOutputDevices() prevDevice {type:0x8000,@:0}
02-06 18:12:59.938  2586  2703 V APM_AudioPolicyManager: setOutputDevices setting same device AUDIO_DEVICE_NONE or null device, force=0, patch handle=392
02-06 18:12:59.938  2586  2703 W APM::AudioPolicyEngine: getDevicesForStrategy() unknown strategy: -1
02-06 18:12:59.938  2586  2703 W APM::AudioPolicyEngine: getDevicesForStrategy() unknown strategy: -1
02-06 18:12:59.938  2586  2703 V APM_AudioPolicyManager: selectOutputForMusicEffects selected output 53
02-06 18:12:59.938  2586  2703 V APM_AudioPolicyManager: releaseOutput portId 866
02-06 18:12:59.938  2586  2703 V APM_AudioPolicyManager: releaseOutput() 53
02-06 18:12:59.940  3912  3912 W app_process: JNI RegisterNativeMethods: attempt to register 0 native methods for android.media.AudioAttributes
02-06 18:12:59.944  3012  3624 I system_server: oneway function results will be dropped but finished with status OK and parcel size 4
02-06 18:12:59.947  3012  3061 D GameManagerService: noteResumeComponent(), received resumed-component: com.kyowon.literacy.store
02-06 18:12:59.947  3012  3061 I GameSDK@LifeCycle: noteResumeComponent(): package name  : com.kyowon.literacy.store
02-06 18:12:59.948  3012  3220 D GameManagerService: onLooperPrepared(), msg: MSG_APP_RESUME, resumeComponent: ComponentInfo{com.kyowon.literacy.store/com.kyowon.literacy.ui.login.activity.LoginActivity}
02-06 18:12:59.948  3012  3220 D GameManagerService: handleResume().
02-06 18:12:59.949  3012  3082 W ActivityManager: Slow operation: 296ms so far, now at startProcess: done updating battery stats
02-06 18:12:59.949  3012  3082 W ActivityManager: Slow operation: 297ms so far, now at startProcess: building log message
02-06 18:12:59.949  3012  3082 I ActivityManager: Start proc 4279:com.netease.open.pocoservice/u0a499 for added application com.netease.open.pocoservice
02-06 18:12:59.949  3012  3082 W ActivityManager: Slow operation: 297ms so far, now at startProcess: starting to update pids map
02-06 18:12:59.949  3012  3220 D GameManagerService: sendFocusOutConditionally() - mPrevNotiPackage: (unknown)
02-06 18:12:59.949  4438 10754 W Auth    : [GetTokenOperation] exception while trying to fetch auth tokens for app=com.google.android.gms [CONTEXT service_id=343 ]
02-06 18:12:59.949  4438 10754 W Auth    : adms: GetToken failed with status code and recovery intent: BadAuthentication
02-06 18:12:59.949  4438 10754 W Auth    : 	at admx.b(:com.google.android.gms@260235022@26.02.35 (150400-862924022):338)
02-06 18:12:59.949  4438 10754 W Auth    : 	at adca.a(:com.google.android.gms@260235022@26.02.35 (150400-862924022):328)
02-06 18:12:59.949  4438 10754 W Auth    : 	at acxg.f(:com.google.android.gms@260235022@26.02.35 (150400-862924022):24)
02-06 18:12:59.949  4438 10754 W Auth    : 	at cmku.fC(:com.google.android.gms@260235022@26.02.35 (150400-862924022):1)
02-06 18:12:59.949  4438 10754 W Auth    : 	at cmky.run(:com.google.android.gms@260235022@26.02.35 (150400-862924022):118)
02-06 18:12:59.949  4438 10754 W Auth    : 	at fjeu.run(:com.google.android.gms@260235022@26.02.35 (150400-862924022):19)
02-06 18:12:59.949  4438 10754 W Auth    : 	at bcbg.c(:com.google.android.gms@260235022@26.02.35 (150400-862924022):50)
02-06 18:12:59.949  4438 10754 W Auth    : 	at bcbg.run(:com.google.android.gms@260235022@26.02.35 (150400-862924022):73)
02-06 18:12:59.949  4438 10754 W Auth    : 	at java.util.concurrent.ThreadPoolExecutor.runWorker(ThreadPoolExecutor.java:1167)
02-06 18:12:59.949  4438 10754 W Auth    : 	at java.util.concurrent.ThreadPoolExecutor$Worker.run(ThreadPoolExecutor.java:641)
02-06 18:12:59.949  4438 10754 W Auth    : 	at bcgx.run(:com.google.android.gms@260235022@26.02.35 (150400-862924022):8)
02-06 18:12:59.949  4438 10754 W Auth    : 	at java.lang.Thread.run(Thread.java:923)
02-06 18:12:59.949  3012  3220 D GameManagerService:   handleResume(). pkgName: com.kyowon.literacy.store, isTunableApp: null
02-06 18:12:59.949  3012  3220 D GameManagerService: notifyFocusInOut(). of pkg: com.kyowon.literacy.store, type: 4, isMinimized: false, isTunableApp: false
02-06 18:12:59.949  3012  3220 D GameManagerService:   notifyFocusInOut(). unexpected mPrevNotiType: -1
02-06 18:12:59.949  3012  3220 D GameManagerService:NetworkLimit: callRelease
02-06 18:12:59.949  3012  3220 D GM:SystemHelper: callReleaseBlock needReleaseBlock:false
02-06 18:12:59.950  3012  3082 W ActivityManager: Slow operation: 298ms so far, now at startProcess: done updating pids map
02-06 18:12:59.950  3012  3029 I ActivityManager: DSS OFF for com.netease.open.pocoservice
02-06 18:12:59.955  4438 24457 I CCTUploader: Failed to get auth token due to class com.google.android.gms.auth.UserRecoverableAuthException
02-06 18:12:59.961  3012  3029 D ActivityManager: attachApplicationLocked() app=ProcessRecord{8d23af7 4279:com.netease.open.pocoservice/u0a499} app.isolatedEntryPoint=null instr2=ActiveInstrumentation{bddd539 {com.netease.open.pocoservice/androidx.test.runner.AndroidJUnitRunner} 1 procs}
02-06 18:12:59.971  3012  3029 I ActivityManager: Changes in 10499 19 to 4, 0 to 6 Caller=com.android.server.am.OomAdjuster.updateOomAdjLocked:399 com.android.server.am.OomAdjuster.updateOomAdjLocked:446 com.android.server.am.ActivityManagerService.updateOomAdjLocked:21491 com.android.server.am.ActivityManagerService.attachApplicationLocked:6680 com.android.server.am.ActivityManagerService.attachApplication:6715 android.app.IActivityManager$Stub.onTransact:2779 com.android.server.am.ActivityManagerService.onTransact:3621 
02-06 18:12:59.971  3012  3029 I AppOps  : updateUidProcState uid: 10499 procState: 4 capability:6
02-06 18:12:59.971  3012  3029 I AppOps  : commitUidPendingStateLocked() :: UID - 10499, 700 > 400, 0 > 6
02-06 18:12:59.972  3012  7150 V InputMethodManagerService: Removing window token: android.os.Binder@7a8acdb for display: 0
02-06 18:12:59.974  3012  7150 I SurfaceControl: nativeRelease nativeObject s[-5476376623276014560]
02-06 18:12:59.974  3012  7150 I SurfaceControl: nativeRelease nativeObject e[-5476376623276014560]
02-06 18:12:59.974  3012  7150 D SamsungIMMSHWKeyboard: isConnectedDexOnPC false
02-06 18:12:59.974  3012  7150 D InputMethodManagerService: isImeSwitcherDisabledPackage : false
02-06 18:12:59.981   862   925 I Layer   : id=109517 removeFromCurrentState WindowToken{72632b6 android.os.Binder@7a8acdb}#0 (51)
02-06 18:12:59.982   862   925 I SurfaceFlinger: id=109517 Removed WindowToken{72632b6 android.os.Binder@7a8acdb}#0 (51)
02-06 18:12:59.997   862   862 I Layer   : id=109517[1] Destroyed WindowToken{72632b6 android.os.Binder@7a8acdb}#0
02-06 18:13:00.000  3012  3200 D SamsungAlarmManager: Expired : 8
02-06 18:13:00.004  3012  3200 V SamsungAlarmManager: Sending to uid : 1000 L=9dd7c32:TIME_TICK alarm=Alarm{42ed4df type 3 when 2193159226 android}
02-06 18:13:00.017  3012  3453 I ActivityManager: Force stopping com.kyowon.literacy.store appid=10584 user=0: from pid 4274
02-06 18:13:00.019  3012  3453 I ActivityManager: Killing 27108:com.kyowon.literacy.store/u0a584 (adj 0): stop com.kyowon.literacy.store due to from pid 4274
02-06 18:13:00.031  3012  3081 I SemDvfsHyPerManager: acquire hyper - APP_LAUNCH/3012@19, type = -999
02-06 18:13:00.032  2594  2614 I HYPER-HAL: [RequestManager.cpp]acquire(): Acquired ID : 4595015  [3012 / 19]    HINT : APP_LAUNCH    list : 
02-06 18:13:00.032  2594  2614 I HYPER-HAL: [ResourceManager.cpp]updateResource(): [CPULittleMinFreq] UpdateResource Request ID : 4595015    Value : 1804800
02-06 18:13:00.035  2594  2614 E HYPER-HAL: [HandlerSysfs.cpp]doResourceHandling(): Couldn't Open Sysfs - /sys/class/scsi_host/host0/../../../clkscale_enable
02-06 18:13:00.036  2594  2614 I HYPER-HAL: [ResourceManager.cpp]updateResource(): [CPUMinFreq] UpdateResource Request ID : 4595015    Value : 2016000
02-06 18:13:00.038  1126 20326 D BufferPoolAccessor2.0: bufferpool2 0xb400007d96b96228 : 4(96000 size) total buffers - 1(24000 size) used buffers - 114399/114406 (recycle/alloc) - 234/114404 (fetch/transfer)
02-06 18:13:00.039  3012  3932 I ActivityTaskManager: START u0 {flg=0x10000000 cmp=com.netease.open.pocoservice/.TestActivity} from uid 2000
02-06 18:13:00.041  3012  3932 D ActivityTaskManager: TaskLaunchParamsModifier:task=null activity=ActivityRecord{df10818 u0 com.netease.open.pocoservice/.TestActivity task-display-area=DefaultTaskDisplayArea@168164836 display-area-windowing-mode=1
02-06 18:13:00.041  3012  3932 D ActivityTaskManager: TaskLaunchParamsModifier:task=null activity=ActivityRecord{df10818 u0 com.netease.open.pocoservice/.TestActivity t-1} task-display-area=DefaultTaskDisplayArea@168164836 display-area-windowing-mode=1 non-freeform-display maximized-bounds
02-06 18:13:00.046   862   925 I SurfaceFlinger: id=109865 createSurf (0x0),-1 flag=24004, Task=3643#0
02-06 18:13:00.047  4279  4279 D ActivityThread: handleBindApplication()++ app=com.netease.open.pocoservice
02-06 18:13:00.050  3012  3932 D ActivityTaskManager: TaskLaunchParamsModifier:task=Task{aa7f271 #3643 visible=false type=standard mode=fullscreen translucent=true A=10499:com.netease.open.pocoservice U=0 StackId=3643 sz=0} activity=ActivityRecord{df10818 u0 com.netease.open.pocoservice/.TestActivity t-1} display-from-task=0 task-display-area=DefaultTaskDisplayArea@168164836 display-area-windowing-mode=1 non-freeform-display maximized-bounds
02-06 18:13:00.051   862   925 I SurfaceFlinger: id=109866 createSurf (0x0),-1 flag=80004, ActivityRecord{df10818 u0 com.netease.open.pocoservice/.TestActivity t3643}#0
02-06 18:13:00.056  3012  3932 V WindowManager: Prepare app transition: transit=TRANSIT_TASK_OPEN mNextAppTransition=TRANSIT_UNSET alwaysKeepCurrent=false displayId=0 Callers=com.android.server.wm.DisplayContent.prepareAppTransition:5809 com.android.server.wm.DisplayContent.prepareAppTransition:5803 com.android.server.wm.ActivityStack.startActivityLocked:2595 com.android.server.wm.ActivityStarter.startActivityInner:2674 com.android.server.wm.ActivityStarter.startActivityUnchecked:2205 
02-06 18:13:00.058  3012  3932 D MARsPolicyManager: onPackageResumedFG pkgName = com.netease.open.pocoservice, userId = 0
02-06 18:13:00.058  3012  3932 V WindowManager: Prepare app transition: transit=TRANSIT_ACTIVITY_OPEN mNextAppTransition=TRANSIT_TASK_OPEN alwaysKeepCurrent=false displayId=0 Callers=com.android.server.wm.DisplayContent.prepareAppTransition:5809 com.android.server.wm.DisplayContent.prepareAppTransition:5803 com.android.server.wm.ActivityStack.resumeTopActivityInnerLocked:2255 com.android.server.wm.ActivityStack.resumeTopActivityUncheckedLocked:1873 com.android.server.wm.RootWindowContainer.resumeFocusedStacksTopActivities:2677 
02-06 18:13:00.064  3012  3932 V WindowManager: rotationForOrientation(orient=SCREEN_ORIENTATION_LANDSCAPE (0), last=ROTATION_90 (1)); user=ROTATION_0 (0) 
02-06 18:13:00.064  3012  3932 D WindowManager: rotationForOrientation, orientationSource=ActivityRecord{afefb55 u0 com.kyowon.literacy.store/com.kyowon.literacy.ui.login.activity.LoginActivity t3593}
02-06 18:13:00.064  3012  3932 V WindowOrientationListener: getProposedRotation: 1
02-06 18:13:00.080  3012  3932 V WindowManager: Computed rotation=ROTATION_90 (1) for display id=0 based on lastOrientation=SCREEN_ORIENTATION_LANDSCAPE (0) and oldRotation=ROTATION_90 (1), caller=com.android.server.wm.DisplayRotation.updateOrientation:394 com.android.server.wm.DisplayContent.updateOrientation:1698 com.android.server.wm.DisplayContent.updateOrientation:1626 com.android.server.wm.RootWindowContainer.ensureVisibilityAndConfig:2164 com.android.server.wm.ActivityStackSupervisor.realStartActivityLocked:926 com.android.server.wm.ActivityStackSupervisor.startSpecificActivity:1241 
02-06 18:13:00.080  3012  3932 D TspStateManager: updateCustomValue customSetting=
02-06 18:13:00.082  3012  3932 D TspStateManager: updateCustomValue customSetting=
02-06 18:13:00.084  3012  3932 D PkgDataHelper: notifyAppCreate(), pkgName: com.netease.open.pocoservice, sendRet: true
02-06 18:13:00.085  3012  3220 D GameManagerService: onLooperPrepared(), msg: MSG_APP_CREATE, pkgName: com.netease.open.pocoservice
02-06 18:13:00.085  3012  3932 D InputDispatcher: Focused application set to (0): df10818
02-06 18:13:00.086  3012  3932 V WindowManager: Changing focus from Window{e637b04 u0 com.kyowon.literacy.store/com.kyowon.literacy.ui.login.activity.LoginActivity} to null displayId=0 Callers=com.android.server.wm.RootWindowContainer.updateFocusedWindowLocked:566 com.android.server.wm.WindowManagerService.updateFocusedWindowLocked:6311 com.android.server.wm.DisplayContent.setFocusedApp:6776 com.android.server.wm.ActivityTaskManagerService.setResumedActivityUncheckLocked:6725 
02-06 18:13:00.086  3012  3932 D StatusBarManagerService: notifyRequestedSystemKey recent=false home=false
02-06 18:13:00.087  3012  3932 D GameManagerService: TaskStackListener.onTaskFocusChanged(), taskId=3643, focused=true
02-06 18:13:00.087  3012  3220 D GameManagerService: onLooperPrepared(), msg: MSG_TASK_FOCUSED, focusedComponent: ComponentInfo{com.netease.open.pocoservice/com.netease.open.pocoservice.TestActivity}
02-06 18:13:00.087  3012  3220 D GameManagerService: handleTaskFocused().
02-06 18:13:00.087  3012  3220 D GameManagerService: sendFocusOutConditionally() - mPrevNotiPackage: (unknown)
02-06 18:13:00.087  3012  3220 D GameManagerService:   handleTaskFocused(), pkgName: com.netease.open.pocoservice, clsName: com.netease.open.pocoservice.TestActivity, userID:0
02-06 18:13:00.087  3012  3220 D GameManagerService: handleResume().
02-06 18:13:00.088  3012  3220 D GameManagerService: sendFocusOutConditionally() - mPrevNotiPackage: (unknown)
02-06 18:13:00.088  3012  3220 D GameManagerService:   handleResume(). pkgName: com.netease.open.pocoservice, isTunableApp: null
02-06 18:13:00.088  3012  3220 D GameManagerService: notifyFocusInOut(). of pkg: com.netease.open.pocoservice, type: 4, isMinimized: false, isTunableApp: false
02-06 18:13:00.088  3012  3220 D GameManagerService:   notifyFocusInOut(). unexpected mPrevNotiType: -1
02-06 18:13:00.088  3012  3220 D GameManagerService:NetworkLimit: callRelease
02-06 18:13:00.088  3012  3220 D GM:SystemHelper: callReleaseBlock needReleaseBlock:false
02-06 18:13:00.088  3012  3084 E libprocessgroup: Failed to kill process cgroup uid 10499 pid 4216 in 639ms, 1 processes remain
02-06 18:13:00.092  3012  3932 D MARsPolicyManager: onPackageResumedFG pkgName = com.netease.open.pocoservice, userId = 0
02-06 18:13:00.093  3012  3932 W WindowManager: Execute app transition: mNextAppTransition=TRANSIT_TASK_OPEN, displayId: 0 Callers=com.android.server.wm.RootWindowContainer.executeAppTransitionForAllDisplay:2598 com.android.server.wm.ActivityStackSupervisor.reportResumedActivityLocked:2267 com.android.server.wm.ActivityRecord.completeResumeLocked:5710 com.android.server.wm.ActivityStack.minimalResumeActivityLocked:1225 com.android.server.wm.ActivityStackSupervisor.realStartActivityLocked:1154 
02-06 18:13:00.096  3012  3932 I SemDvfsHyPerManager: acquire hyper - AMS_APP_LAUNCH/3012@23, type = -999
02-06 18:13:00.097  2594  2614 I HYPER-HAL: [RequestManager.cpp]acquire(): Acquired ID : 4607153  [3012 / 23]    HINT : AMS_APP_LAUNCH    list : 
02-06 18:13:00.097  2594  2614 I HYPER-HAL: [ResourceManager.cpp]updateResource(): [CPULittleMinFreq] UpdateResource Request ID : 4607153    Value : 1804800
02-06 18:13:00.098  3912  3912 D AndroidRuntime: Calling main entry com.android.commands.am.Am
02-06 18:13:00.098  4348  4351 I cmd     : oneway function results will be dropped but finished with status OK and parcel size 4
02-06 18:13:00.099  3012  3453 V ActivityManager: Changed top to 10499,ProcessRecord{8d23af7 4279:com.netease.open.pocoservice/u0a499}
02-06 18:13:00.101  3012  3453 D ActivityManager: proc ProcessRecord{505cc94 27108:com.kyowon.literacy.store/u0a584} already removed. so we skip next process.
02-06 18:13:00.101  2594  2614 E HYPER-HAL: [HandlerSysfs.cpp]doResourceHandling(): Couldn't Open Sysfs - /sys/class/scsi_host/host0/../../../clkscale_enable
02-06 18:13:00.105  2594  2614 I HYPER-HAL: [ResourceManager.cpp]updateResource(): [CPUMinFreq] UpdateResource Request ID : 4607153    Value : 2016000
02-06 18:13:00.105  3012  3453 W ActivityTaskManager: Force removing ActivityRecord{afefb55 u0 com.kyowon.literacy.store/com.kyowon.literacy.ui.login.activity.LoginActivity t3593 f}}: app died, no saved state
02-06 18:13:00.113  3012  3453 I ActivityTaskManager: Removing activity ActivityRecord{afefb55 u0 com.kyowon.literacy.store/com.kyowon.literacy.ui.login.activity.LoginActivity t3593 f}}(appDied)  from stack callers=com.android.server.wm.ActivityStack$RemoveHistoryRecordsForApp.processActivity:565 com.android.server.wm.ActivityStack$RemoveHistoryRecordsForApp.process:480 com.android.server.wm.ActivityStack.handleAppDied:3379 com.android.server.wm.RootWindowContainer.handleAppDied:3653 com.android.server.wm.ActivityTaskManagerService$LocalService.handleAppDied:8304 
02-06 18:13:00.127 20284 20322 D CCodecBufferChannel: [c2.android.opus.encoder#378] DEBUG: elapsed: n=4 [in=0 pipeline=0 out=0 smoothness=4]
02-06 18:13:00.127 20284 20322 D PipelineWatcher: DEBUG: elapsed 1 / 4
02-06 18:13:00.128  2588 12570 D BufferPoolAccessor2.0: bufferpool2 0xf704e698 : 0(0 size) total buffers - 0(0 size) used buffers - 70/78 (recycle/alloc) - 8/154 (fetch/transfer)
02-06 18:13:00.128  2588 12570 D BufferPoolAccessor2.0: evictor expired: 1, evicted: 1
02-06 18:13:00.132  1093  1586 D BufferPoolAccessor2.0: bufferpool2 0xf3d26118 : 0(0 size) total buffers - 0(0 size) used buffers - 73/77 (recycle/alloc) - 4/77 (fetch/transfer)
02-06 18:13:00.132  1093  1586 D BufferPoolAccessor2.0: evictor expired: 1, evicted: 1
02-06 18:13:00.136  3012  3932 I InputDispatcher: Focus left window (27108): e637b04 in display 0 0
02-06 18:13:00.142  3012  3453 D PowerManagerService: [api] release WakeLock SCREEN_BRIGHT_WAKE_LOCK        'WindowManager' ON_AFTER_RELEASE ACQ=-49s793ms (uid=1000 pid=3012 pkg=android ws=WorkSource{10584})
02-06 18:13:00.143  3012  3453 D EdgeLightingManager: hideForWakeLock packageName=android
02-06 18:13:00.143  3012  3453 D EdgeLightingManager: isCallingUserSupported : callingUserId=0, mUserId=0, isDualAppId=false, isKnoxId=false
02-06 18:13:00.149  3012  3453 D EdgeLightingClientManager: isAvailableEdgeLighting: condition=2 mCondition=1 mIsConnected=false0
02-06 18:13:00.152  3012  3453 D EdgeLightingManager: hideForWakeLockInternal : return false by isAvailableEdgeLighting.
02-06 18:13:00.156  3012  3453 D PowerManagerService: [api] applyWakeLockFlagsOnReleaseLocked : userActivityNoUpdateLocked is called : SCREEN_BRIGHT_WAKE_LOCK        'WindowManager' ON_AFTER_RELEASE (uid=1000 pid=3012 pkg=android ws=WorkSource{10584})
02-06 18:13:00.172  2584  2584 I Zygote  : Process 27108 exited due to signal 9 (Killed)
02-06 18:13:00.197  3012  3084 I libprocessgroup: Successfully killed process cgroup uid 10584 pid 27108 in 87ms
02-06 18:13:00.199  2584  2584 I Zygote  : Process 4216 exited due to signal 9 (Killed)
02-06 18:13:00.207  2589  2631 E Netd    : getNetworkForDns: getNetId from enterpriseCtrl is netid 0
02-06 18:13:00.213  2589  2631 E Netd    : getNetworkForDns: getNetId from enterpriseCtrl is netid 0
02-06 18:13:00.214   862   862 D SurfaceFlinger: Display 19260469778534273 HWC layers:
02-06 18:13:00.214   862   862 D SurfaceFlinger:      DEVICE | 0xb400007ac04d0fa0 | 0008 | RGBA_8888    |    0.0    0.0 1200.0 2000.0 |    0    0 1200 2000 | $_3435#0
02-06 18:13:00.214   862   862 D SurfaceFlinger: 
02-06 18:13:00.215  7990  7990 E adbd    : failed to connect to socket 'tcp:10080': Connection refused
02-06 18:13:00.218  3012  3453 V WindowManager: Setting visibility of Window{e637b04 u0 com.kyowon.literacy.store/com.kyowon.literacy.ui.login.activity.LoginActivity}: false, caller=com.android.server.wm.WindowContainer.sendAppVisibilityToClients:1004 com.android.server.wm.ActivityRecord.setClientVisible:6391 com.android.server.wm.ActivityRecord.onAnimationFinished:7143 com.android.server.wm.ActivityRecord.postApplyAnimation:5013 com.android.server.wm.ActivityRecord.commitVisibility:4995 
02-06 18:13:00.225  4279  4279 W pen.pocoservic: Accessing hidden method Landroid/app/Instrumentation;->execStartActivity(Landroid/content/Context;Landroid/os/IBinder;Landroid/os/IBinder;Landroid/app/Activity;Landroid/content/Intent;ILandroid/os/Bundle;)Landroid/app/Instrumentation$ActivityResult; (greylist, linking, allowed)
02-06 18:13:00.225  4279  4279 W pen.pocoservic: Accessing hidden method Landroid/app/Instrumentation;->execStartActivity(Landroid/content/Context;Landroid/os/IBinder;Landroid/os/IBinder;Ljava/lang/String;Landroid/content/Intent;ILandroid/os/Bundle;)Landroid/app/Instrumentation$ActivityResult; (greylist, linking, allowed)
02-06 18:13:00.226  3012  3453 D WindowManager: isScreenshotDisabledLocked - win: Window{e637b04 u0 com.kyowon.literacy.store/com.kyowon.literacy.ui.login.activity.LoginActivity}
02-06 18:13:00.230  3012  3453 D WindowManager: isScreenshotDisabledLocked: userId = 0, disabled =false
02-06 18:13:00.246  3012  3453 W WindowManager: Execute app transition: mNextAppTransition=TRANSIT_TASK_OPEN, displayId: 0 Callers=com.android.server.wm.ActivityStack.executeAppTransition:4054 com.android.server.wm.RootWindowContainer.resumeFocusedStacksTopActivities:2702 com.android.server.wm.RootWindowContainer.resumeFocusedStacksTopActivities:2664 com.android.server.wm.ActivityTaskManagerService$LocalService.handleAppDied:8326 com.android.server.am.ActivityManagerService.handleAppDiedLocked:4627 
02-06 18:13:00.247  3012  3453 W WindowManager: Execute app transition: mNextAppTransition=TRANSIT_TASK_OPEN, displayId: 0 Callers=com.android.server.wm.ActivityStack.executeAppTransition:4054 com.android.server.wm.ActivityStack.resumeTopActivityInnerLocked:1994 com.android.server.wm.ActivityStack.resumeTopActivityUncheckedLocked:1873 com.android.server.wm.RootWindowContainer.resumeFocusedStacksTopActivities:2731 com.android.server.wm.RootWindowContainer.resumeFocusedStacksTopActivities:2664 
02-06 18:13:00.250  4110  4110 D app_process: Time zone APEX ICU file found: /apex/com.android.tzdata/etc/icu/icu_tzdata.dat
02-06 18:13:00.251  4110  4110 D app_process: I18n APEX ICU file found: /apex/com.android.i18n/etc/icu/icudt66l.dat
02-06 18:13:00.251  4279  4279 D LoadedApk: LoadedApk::makeApplication() appContext=android.app.ContextImpl@c24dd86 appContext.mOpPackageName=com.netease.open.pocoservice appContext.mBasePackageName=com.netease.open.pocoservice appContext.mPackageInfo=android.app.LoadedApk@2d55647
02-06 18:13:00.251  4279  4279 D NetworkSecurityConfig: No Network Security Config specified, using platform default
02-06 18:13:00.278  4110  4110 I app_process: The ClassLoaderContext is a special shared library.
02-06 18:13:00.303  4279  4279 D NetworkSecurityConfig: No Network Security Config specified, using platform default
02-06 18:13:00.303  4279  4279 I MonitoringInstr: newApplication called!
02-06 18:13:00.305  4279  4279 I MultiDex: VM with version 2.1.0 has multidex support
02-06 18:13:00.305  4279  4279 I MultiDex: Installing application
02-06 18:13:00.305  4279  4279 I MultiDex: VM has multidex support, MultiDex support library is disabled.
02-06 18:13:00.335  3012  3453 V WindowManager: Setting visibility of Window{eef1fa7 u0 com.sec.android.app.launcher/com.sec.android.app.launcher.activities.LauncherActivity}: true, caller=com.android.server.wm.WindowContainer.sendAppVisibilityToClients:1004 com.android.server.wm.ActivityRecord.setClientVisible:6391 com.android.server.wm.ActivityRecord.setVisibility:4866 com.android.server.wm.ActivityRecord.setVisibility:4764 com.android.server.wm.ActivityRecord.makeVisibleIfNeeded:5409 
02-06 18:13:00.341  3905  3905 I ViewRootImpl@fca7672[LauncherActivity]: stopped(false) old=true
02-06 18:13:00.343  3012  3453 D PowerManagerService: [api] acquire WakeLock SCREEN_BRIGHT_WAKE_LOCK        'WindowManager' ON_AFTER_RELEASE (uid=1000 pid=3012 pkg=android ws=WorkSource{10584})
02-06 18:13:00.346  3012  3211 W InputDispatcher: channel 'e637b04 com.kyowon.literacy.store/com.kyowon.literacy.ui.login.activity.LoginActivity (server)' ~ Consumer closed input channel or an error occurred.  events=0x9, fd=648
02-06 18:13:00.346  3012  3211 E InputDispatcher: channel 'e637b04 com.kyowon.literacy.store/com.kyowon.literacy.ui.login.activity.LoginActivity (server)' ~ Channel is unrecoverably broken and will be disposed!
02-06 18:13:00.349  3905  3905 W LauncherAppWidgetHost: setListenIfResumed, mFlags = 2
02-06 18:13:00.356  3012  3565 I WindowManager: WIN DEATH: Window{e637b04 u0 com.kyowon.literacy.store/com.kyowon.literacy.ui.login.activity.LoginActivity}
02-06 18:13:00.356  3012  3565 W InputDispatcher: Attempted to unregister already unregistered input channel 'e637b04 com.kyowon.literacy.store/com.kyowon.literacy.ui.login.activity.LoginActivity (server)'
02-06 18:13:00.356  3012  3565 D InputTransport: Input channel destroyed: 'e637b04', fd=648
02-06 18:13:00.356  3012  3565 I SurfaceControl: nativeRelease nativeObject s[-5476376620521494016]
02-06 18:13:00.357  3012  3565 I SurfaceControl: nativeRelease nativeObject e[-5476376620521494016]
02-06 18:13:00.357  3012  3565 D WindowManager: isScreenshotDisabledLocked - win: Window{e637b04 u0 com.kyowon.literacy.store/com.kyowon.literacy.ui.login.activity.LoginActivity}
02-06 18:13:00.357  3012  3565 D WindowManager: isScreenshotDisabledLocked: userId = 0, disabled =false
02-06 18:13:00.359  3012  7159 I AppWidgetServiceImpl: startListening callbacks : com.android.internal.appwidget.IAppWidgetHost$Stub$Proxy@3817ea9
02-06 18:13:00.368  3012  3565 I WindowManager: Destroying surface Surface(name=com.kyowon.literacy.store/com.kyowon.literacy.ui.login.activity.LoginActivity$_27108)/@0x3f4c230 called by com.android.server.wm.WindowStateAnimator.destroySurface:1794 com.android.server.wm.WindowStateAnimator.destroySurfaceLocked:765 com.android.server.wm.WindowState.removeImmediately:2665 com.android.server.wm.WindowState.removeIfPossible:2830 com.android.server.wm.WindowState.access$300:294 com.android.server.wm.WindowState$DeathRecipient.binderDied:3407 android.os.IBinder$DeathRecipient.binderDied:311 android.os.BinderProxy.sendDeathNotice:719 
02-06 18:13:00.369  3012  3565 I SurfaceControl: nativeRelease nativeObject s[-5476376620415584512]
02-06 18:13:00.369  3012  3565 I SurfaceControl: nativeRelease nativeObject e[-5476376620415584512]
02-06 18:13:00.370   862   925 I Layer   : id=109759 removeFromCurrentState com.kyowon.literacy.store/com.kyowon.literacy.ui.login.activity.LoginActivity$_27108#0 (52)
02-06 18:13:00.375   862   925 I Layer   : id=109758 removeFromCurrentState e637b04 com.kyowon.literacy.store/com.kyowon.literacy.ui.login.activity.LoginActivity#0 (52)
02-06 18:13:00.376  3012  3565 D PowerManagerService: [api] release WakeLock SCREEN_BRIGHT_WAKE_LOCK        'WindowManager' ON_AFTER_RELEASE ACQ=-32ms (uid=1000 pid=3012 pkg=android ws=WorkSource{10584})
02-06 18:13:00.376  3012  3565 D EdgeLightingManager: hideForWakeLock packageName=android
02-06 18:13:00.376  3012  3565 D EdgeLightingManager: isCallingUserSupported : callingUserId=0, mUserId=0, isDualAppId=false, isKnoxId=false
02-06 18:13:00.376  3012  3565 D EdgeLightingClientManager: isAvailableEdgeLighting: condition=2 mCondition=1 mIsConnected=false0
02-06 18:13:00.376  3012  3565 D EdgeLightingManager: hideForWakeLockInternal : return false by isAvailableEdgeLighting.
02-06 18:13:00.377  3012  3565 D PowerManagerService: [api] applyWakeLockFlagsOnReleaseLocked : userActivityNoUpdateLocked is called : SCREEN_BRIGHT_WAKE_LOCK        'WindowManager' ON_AFTER_RELEASE (uid=1000 pid=3012 pkg=android ws=WorkSource{10584})
02-06 18:13:00.378  3012  3565 V WindowManager: rotationForOrientation(orient=SCREEN_ORIENTATION_UNSPECIFIED (-1), last=ROTATION_90 (1)); user=ROTATION_0 (0) 
02-06 18:13:00.378  3012  3565 D WindowManager: rotationForOrientation, orientationSource=ActivityRecord{2ef51a5 u0 com.sec.android.app.launcher/.activities.LauncherActivity t3331}
02-06 18:13:00.378  3012  3565 V WindowOrientationListener: getProposedRotation: 1
02-06 18:13:00.381  3012  3565 V WindowManager: rotationForOrientation(orient=SCREEN_ORIENTATION_UNSPECIFIED (-1), last=ROTATION_90 (1)); user=ROTATION_0 (0) 
02-06 18:13:00.381  3012  3565 D WindowManager: rotationForOrientation, orientationSource=ActivityRecord{2ef51a5 u0 com.sec.android.app.launcher/.activities.LauncherActivity t3331}
02-06 18:13:00.381  3012  3565 V WindowOrientationListener: getProposedRotation: 1
02-06 18:13:00.382  3012  3565 V WindowManager: Computed rotation=ROTATION_90 (1) for display id=0 based on lastOrientation=SCREEN_ORIENTATION_UNSPECIFIED (-1) and oldRotation=ROTATION_90 (1), caller=com.android.server.wm.DisplayRotation.updateOrientation:394 com.android.server.wm.DisplayContent.updateOrientation:1698 com.android.server.wm.DisplayContent.updateOrientation:1603 com.android.server.wm.WindowState.removeIfPossible:2835 com.android.server.wm.WindowState.access$300:294 com.android.server.wm.WindowState$DeathRecipient.binderDied:3407 
02-06 18:13:00.383   862   925 I SurfaceFlinger: id=109759 Removed com.kyowon.literacy.store/com.kyowon.literacy.ui.login.activity.LoginActivity$_27108#0 (52)
02-06 18:13:00.383   862   925 I SurfaceFlinger: id=109758 Removed e637b04 com.kyowon.literacy.store/com.kyowon.literacy.ui.login.activity.LoginActivity#0 (52)
02-06 18:13:00.386   862   862 I Layer   : id=109758[1] Destroyed e637b04 com.kyowon.literacy.store/com.kyowon.literacy.ui.login.activity.LoginActivity#0
02-06 18:13:00.386  2731  2731 I SoundAliveApplication: registerAudioPlaybackCallback : isRunningGameWhiteList : false
02-06 18:13:00.386  2731  2731 I SADVFSHelper: Either heavy-duty effect is Off or Music playback is not active
02-06 18:13:00.386   862   862 I Layer   : id=109759[1] Destroyed com.kyowon.literacy.store/com.kyowon.literacy.ui.login.activity.LoginActivity$_27108#0
02-06 18:13:00.393  4110  4110 E SemDvfsManager_JNI: SemDvfsManager: registerfunction enter
02-06 18:13:00.393  4110  4110 E SemAffinityControl: SemAffinityControl: registerfunction enter
02-06 18:13:00.394 13536 13536 I Finsky  : [2] Memory trim requested to level 5
02-06 18:13:00.395  8094  8094 W DMASA[U]: [AppLogData]onTrimMemory(5):1770369180394
02-06 18:13:00.395  8094  8094 W DMASA[C]: [DiagMonAgentApplication]onTrimMemory (5)
02-06 18:13:00.396  3012 14608 I ActivityManager: Failure reporting to instrumentation watcher: comp=ComponentInfo{com.netease.open.pocoservice/androidx.test.runner.AndroidJUnitRunner} results=Bundle[{shortMsg=Process crashed.}]
02-06 18:13:00.398  3773  3773 D AndroidRuntime: Shutting down VM
02-06 18:13:00.400  3012  3453 I ActivityManager: Changes in 10499 4 to 2, 6 to 7 Caller=com.android.server.am.OomAdjuster.updateOomAdjLockedInner:669 com.android.server.am.OomAdjuster.updateOomAdjLocked:413 com.android.server.am.ActivityManagerService.updateOomAdjLocked:21481 com.android.server.am.ProcessList.killPackageProcessesLocked:3362 com.android.server.am.ActivityManagerService.forceStopPackageLocked:5988 com.android.server.am.ActivityManagerService.forceStopPackageLocked:5832 com.android.server.am.ActivityManagerService.forceStopPackage:5547 
02-06 18:13:00.400  3012  3453 I AppOps  : updateUidProcState uid: 10499 procState: 2 capability:7
02-06 18:13:00.400  3012  3453 I AppOps  : commitUidPendingStateLocked() :: UID - 10499, 400 > 200, 6 > 7
