02-06 18:12:04.878  3012  8461 W ActivityTaskManager: Force removing ActivityRecord{5b5ea2d u0 com.kyowon.literacy.store/com.kyowon.literacy.ui.login.activity.LoginActivity t3538 f}}: app died, no saved state
02-06 18:12:04.881  3012  8461 I ActivityTaskManager: Removing activity ActivityRecord{5b5ea2d u0 com.kyowon.literacy.store/com.kyowon.literacy.ui.login.activity.LoginActivity t3538 f}}(appDied)  from stack callers=com.android.server.wm.ActivityStack$RemoveHistoryRecordsForApp.processActivity:565 com.android.server.wm.ActivityStack$RemoveHistoryRecordsForApp.process:480 com.android.server.wm.ActivityStack.handleAppDied:3379 com.android.server.wm.RootWindowContainer.handleAppDied:3653 com.android.server.wm.ActivityTaskManagerService$LocalService.handleAppDied:8304 
02-06 18:12:04.884  3012  8461 V WindowManager: Changing focus from Window{7bf8cb3 u0 com.kyowon.literacy.store/com.kyowon.literacy.ui.login.activity.LoginActivity} to null displayId=0 Callers=com.android.server.wm.RootWindowContainer.updateFocusedWindowLocked:566 com.android.server.wm.WindowManagerService.updateFocusedWindowLocked:6311 com.android.server.wm.ActivityRecord.commitVisibility:4988 com.android.server.wm.ActivityRecord.onRemovedFromDisplay:3813 
02-06 18:12:04.900  3012  8461 V WindowManager: Setting visibility of Window{7bf8cb3 u0 com.kyowon.literacy.store/com.kyowon.literacy.ui.login.activity.LoginActivity}: false, caller=com.android.server.wm.WindowContainer.sendAppVisibilityToClients:1004 com.android.server.wm.ActivityRecord.setClientVisible:6391 com.android.server.wm.ActivityRecord.onAnimationFinished:7143 com.android.server.wm.ActivityRecord.postApplyAnimation:5013 com.android.server.wm.ActivityRecord.commitVisibility:4995 
02-06 18:12:04.900  3012  8461 D WindowManager: isScreenshotDisabledLocked - win: Window{7bf8cb3 u0 com.kyowon.literacy.store/com.kyowon.literacy.ui.login.activity.LoginActivity}
02-06 18:12:04.901  3012  8461 D WindowManager: isScreenshotDisabledLocked - win: Window{7bf8cb3 u0 com.kyowon.literacy.store/com.kyowon.literacy.ui.login.activity.LoginActivity}
02-06 18:12:04.916  3012  8461 I WindowManager: Destroying surface Surface(name=com.kyowon.literacy.store/com.kyowon.literacy.ui.login.activity.LoginActivity$_14118)/@0xf181c3b called by com.android.server.wm.WindowStateAnimator.destroySurface:1794 com.android.server.wm.WindowStateAnimator.destroySurfaceLocked:765 com.android.server.wm.WindowState.removeImmediately:2665 com.android.server.wm.WindowState.removeIfPossible:2830 com.android.server.wm.WindowState.removeIfPossible:2688 com.android.server.wm.WindowToken.removeAllWindowsIfPossible:306 com.android.server.wm.ActivityRecord.removeIfPossible:3793 com.android.server.wm.ActivityRecord.onRemovedFromDisplay:3867 
02-06 18:12:04.916   862   924 I Layer   : id=109539 removeFromCurrentState com.kyowon.literacy.store/com.kyowon.literacy.ui.login.activity.LoginActivity$_14118#0 (56)
02-06 18:12:04.920   862   924 I Layer   : id=109538 removeFromCurrentState 7bf8cb3 com.kyowon.literacy.store/com.kyowon.literacy.ui.login.activity.LoginActivity#0 (56)
02-06 18:12:04.924   862   924 I SurfaceFlinger: id=109538 Removed 7bf8cb3 com.kyowon.literacy.store/com.kyowon.literacy.ui.login.activity.LoginActivity#0 (56)
02-06 18:12:04.956   862  1519 I Layer   : id=109533 removeFromCurrentState ActivityRecord{5b5ea2d u0 com.kyowon.literacy.store/com.kyowon.literacy.ui.login.activity.LoginActivity t3538}#0 (56)
02-06 18:12:04.986   862  1520 I SurfaceFlinger: id=109533 Removed ActivityRecord{5b5ea2d u0 com.kyowon.literacy.store/com.kyowon.literacy.ui.login.activity.LoginActivity t3538}#0 (56)
02-06 18:12:05.017   862   862 I Layer   : id=109533[1] Destroyed ActivityRecord{5b5ea2d u0 com.kyowon.literacy.store/com.kyowon.literacy.ui.login.activity.LoginActivity t3538}#0
02-06 18:12:05.017   862   862 I Layer   : id=109538[1] Destroyed 7bf8cb3 com.kyowon.literacy.store/com.kyowon.literacy.ui.login.activity.LoginActivity#0
02-06 18:12:05.037  3012  3012 D SamsungAlarmManager: Remove alarm for next reason : android.intent.action.PACKAGE_RESTARTED / pkg:com.kyowon.literacy.store
02-06 18:12:05.621  3012  3323 D PkgPredictorService-NapClassifier: Predict result: 86.0,2.0,0.0, - [0_&_com.kyowon.literacy.store, 0_&_kr.co.kyowon.launcher, 0_&_com.android.vending]
02-06 18:12:06.249   862  1520 I SurfaceFlinger: id=109539 Removed com.kyowon.literacy.store/com.kyowon.literacy.ui.login.activity.LoginActivity$_14118#0 (57)
02-06 18:12:06.255   862   862 I Layer   : id=109539[1] Destroyed com.kyowon.literacy.store/com.kyowon.literacy.ui.login.activity.LoginActivity$_14118#0
02-06 18:12:06.752  3012  3323 D PkgPredictorService-NapClassifier: Predict result: 86.0,2.0,0.0, - [0_&_com.kyowon.literacy.store, 0_&_kr.co.kyowon.launcher, 0_&_com.android.vending]
02-06 18:12:07.477  3012  3323 D PkgPredictorService-NapClassifier: Predict result: 86.0,2.0,0.0, - [0_&_com.kyowon.literacy.store, 0_&_kr.co.kyowon.launcher, 0_&_com.android.vending]
02-06 18:12:07.644 30892 30892 W Monkey  : args: [-p, com.kyowon.literacy.store, -c, android.intent.category.LAUNCHER, 1]
02-06 18:12:07.655 30892 30892 W Monkey  :  arg: "com.kyowon.literacy.store"
02-06 18:12:07.664 30892 30892 W Monkey  : data="com.kyowon.literacy.store"
02-06 18:12:08.833  3012  3030 I ActivityTaskManager: START u0 {act=android.intent.action.MAIN cat=[android.intent.category.LAUNCHER] flg=0x10200000 cmp=com.kyowon.literacy.store/com.kyowon.literacy.ui.intro.activity.IntroActivity} from uid 2000
02-06 18:12:08.835  3012  3030 D ActivityTaskManager: TaskLaunchParamsModifier:task=null activity=ActivityRecord{ed45335 u0 com.kyowon.literacy.store/com.kyowon.literacy.ui.intro.activity.IntroActivity task-display-area=DefaultTaskDisplayArea@168164836 display-area-windowing-mode=1
02-06 18:12:08.835  3012  3030 D ActivityTaskManager: TaskLaunchParamsModifier:task=null activity=ActivityRecord{ed45335 u0 com.kyowon.literacy.store/com.kyowon.literacy.ui.intro.activity.IntroActivity t-1} task-display-area=DefaultTaskDisplayArea@168164836 display-area-windowing-mode=1 non-freeform-display maximized-bounds
02-06 18:12:08.836  3012  3323 D DexPreloader: create a new DexPreloadTask pkg:com.kyowon.literacy.store  path:/data/app/~~bz24Z11dQ2Xi_RRUIxaE-w==/com.kyowon.literacy.store-5Ap0wLZSDCIjM2LGdCZKXQ==
02-06 18:12:08.840  3012  3030 D ActivityTaskManager: TaskLaunchParamsModifier:task=Task{1bfc3ca #3593 visible=false type=standard mode=fullscreen translucent=true A=10584:com.kyowon.literacy.store U=0 StackId=3593 sz=0} activity=ActivityRecord{ed45335 u0 com.kyowon.literacy.store/com.kyowon.literacy.ui.intro.activity.IntroActivity t-1} display-from-task=0 task-display-area=DefaultTaskDisplayArea@168164836 display-area-windowing-mode=1 non-freeform-display maximized-bounds
02-06 18:12:08.840   862  1520 I SurfaceFlinger: id=109713 createSurf (0x0),-1 flag=80004, ActivityRecord{ed45335 u0 com.kyowon.literacy.store/com.kyowon.literacy.ui.intro.activity.IntroActivity t3593}#0
02-06 18:12:08.847  3012 31161 D DexPreloader: /data/app/~~bz24Z11dQ2Xi_RRUIxaE-w==/com.kyowon.literacy.store-5Ap0wLZSDCIjM2LGdCZKXQ==/oat/arm64/base.art size 733184
02-06 18:12:08.939   862  1520 I SurfaceFlinger: id=109714 createSurf (0x0),-1 flag=80004, a4173a5 Splash Screen com.kyowon.literacy.store#0
02-06 18:12:08.961  3012  3062 D InsetsSourceConsumer: setRequestedVisible: visible=false, type=0, host=Splash Screen com.kyowon.literacy.store, from=android.view.InsetsSourceConsumer.hide:236 android.view.InsetsController.collectSourceControls:1172 android.view.InsetsController.controlAnimationUnchecked:1049 android.view.InsetsController.applyAnimation:1417 android.view.InsetsController.hide:984 android.view.InsetsController.hide:967 android.view.ViewRootImpl.controlInsetsForCompatibility:2852 android.view.ViewRootImpl.performTraversals:3314 android.view.ViewRootImpl.doTraversal:2618 android.view.ViewRootImpl$TraversalRunnable.run:9971 
02-06 18:12:08.962  3012  3062 V WindowManager: Relayout Window{a4173a5 u0 Splash Screen com.kyowon.literacy.store}: viewVisibility=0 req=2000x1200
02-06 18:12:08.964  3012  3062 D WindowManager: isScreenshotDisabledLocked - win: Window{a4173a5 u0 Splash Screen com.kyowon.literacy.store}
02-06 18:12:08.964   862  1520 I SurfaceFlinger: id=109715 createSurf (2000x1200),1 flag=404, Splash Screen com.kyowon.literacy.store#0
02-06 18:12:08.965  3012  3062 D WindowManager: makeSurface duration=2 name=Splash Screen com.kyowon.literacy.store
02-06 18:12:09.013  3012  3062 D WindowManager: finishDrawingWindow: Window{a4173a5 u0 Splash Screen com.kyowon.literacy.store} mDrawState=DRAW_PENDING
02-06 18:12:09.099  3012  3030 D MARsPolicyManager: onPackageResumedFG pkgName = com.kyowon.literacy.store, userId = 0
02-06 18:12:09.122  3012  3936 D WindowManager: rotationForOrientation, orientationSource=ActivityRecord{ed45335 u0 com.kyowon.literacy.store/com.kyowon.literacy.ui.intro.activity.IntroActivity t3593}
02-06 18:12:09.191  3012  3061 D SemGameManager: isGamePackage(), pkgName=com.kyowon.literacy.store
02-06 18:12:09.192  3012  3061 D GameManagerService: identifyGamePackage. com.kyowon.literacy.store, mCurrentUserId: 0, callerUserId: 0
02-06 18:12:09.192  3012  3061 D PkgDataHelper: getGamePkgData(). com.kyowon.literacy.store
02-06 18:12:09.263  3012  3061 D StorageManagerService: getExternalStorageMountMode: uid=10584 packageName=com.kyowon.literacy.store
02-06 18:12:09.279  3012  3082 I ActivityManager: Start proc 27108:com.kyowon.literacy.store/u0a584 for pre-top-activity {com.kyowon.literacy.store/com.kyowon.literacy.ui.intro.activity.IntroActivity}
02-06 18:12:09.355  3012  3934 I ActivityManager: DSS OFF for com.kyowon.literacy.store
02-06 18:12:09.358  3012  3934 D ActivityManager: attachApplicationLocked() app=ProcessRecord{505cc94 27108:com.kyowon.literacy.store/u0a584} app.isolatedEntryPoint=null instr2=null
02-06 18:12:09.364  3012  3934 D WindowManager: rotationForOrientation, orientationSource=ActivityRecord{ed45335 u0 com.kyowon.literacy.store/com.kyowon.literacy.ui.intro.activity.IntroActivity t3593}
02-06 18:12:09.366  3012  3934 D PkgDataHelper: notifyAppCreate(), pkgName: com.kyowon.literacy.store, sendRet: true
02-06 18:12:09.366  3012  3220 D GameManagerService: onLooperPrepared(), msg: MSG_APP_CREATE, pkgName: com.kyowon.literacy.store
02-06 18:12:09.371  3012  3220 D GameManagerService: onLooperPrepared(), msg: MSG_TASK_FOCUSED, focusedComponent: ComponentInfo{com.kyowon.literacy.store/com.kyowon.literacy.ui.intro.activity.IntroActivity}
02-06 18:12:09.372  3012  3220 D GameManagerService:   handleTaskFocused(), pkgName: com.kyowon.literacy.store, clsName: com.kyowon.literacy.ui.intro.activity.IntroActivity, userID:0
02-06 18:12:09.372  3012  3220 D GameManagerService:   handleResume(). pkgName: com.kyowon.literacy.store, isTunableApp: null
02-06 18:12:09.372  3012  3220 D GameManagerService: notifyFocusInOut(). of pkg: com.kyowon.literacy.store, type: 4, isMinimized: false, isTunableApp: false
02-06 18:12:09.377  3012  3934 D MARsPolicyManager: onPackageResumedFG pkgName = com.kyowon.literacy.store, userId = 0
02-06 18:12:09.380 27108 27108 D ActivityThread: handleBindApplication()++ app=com.kyowon.literacy.store
02-06 18:12:09.452  3012  3061 V ActivityManager: Changed top to 10584,ProcessRecord{505cc94 27108:com.kyowon.literacy.store/u0a584}
02-06 18:12:09.467  3012  3323 D PkgPredictorService: com.kyowon.literacy.store go to foreground!
02-06 18:12:09.467  3012  3323 D PkgPredictorService: previous pkgs: com.kyowon.literacy.store,com.netease.open.pocoservice,com.netease.open.pocoservice running pkg: com.kyowon.literacy.store, uid: 0 is system: false
02-06 18:12:09.467  3012  3323 D PkgPredictorService-Collector:  (hour:18 day:6 previous:[com.kyowon.literacy.store, com.netease.open.pocoservice, com.netease.open.pocoservice] activityName:unknown running:com.kyowon.literacy.store userId:0 screenOrientation:1 wifi:1 bt:1 predictTime:2 apkVersion:1.0.3 consumeTime:-1 preloaded:false>)
02-06 18:12:09.467  3012  3323 D PkgPredictorService-NapPreloadController: User using: com.kyowon.literacy.store
02-06 18:12:09.468 27108 27108 D LoadedApk: LoadedApk::makeApplication() appContext=android.app.ContextImpl@c24dd86 appContext.mOpPackageName=com.kyowon.literacy.store appContext.mBasePackageName=com.kyowon.literacy.store appContext.mPackageInfo=android.app.LoadedApk@2d55647
02-06 18:12:09.470  3012  3323 D PkgPredictorService-NapClassifier: Predict result: 0.0,86.0,63.0, - [0_&_com.android.vending, 0_&_com.kyowon.literacy.store, 0_&_com.netease.open.pocoservice]
02-06 18:12:09.493  3012  3059 D SehCodecSolutionService: Update top [com.kyowon.literacy.store]
02-06 18:12:09.493  3012  3062 D InsetsSourceProvider: updateVisibility: serverVisible=true, clientVisible=false, source=InsetsSource: {mType=ITYPE_STATUS_BAR, mFrame=[0,0][2000,36], mVisible=false}, controlTarget=Window{a4173a5 u0 Splash Screen com.kyowon.literacy.store}, from=com.android.server.wm.InsetsSourceProvider.setClientVisible:378 com.android.server.wm.InsetsSourceProvider.onInsetsModified:363 com.android.server.wm.InsetsStateController.onInsetsModified:416 com.android.server.wm.InsetsPolicy.onInsetsModified:320 com.android.server.wm.Session.insetsModified:512 android.view.ViewRootInsetsControllerHost.onInsetsModified:152 android.view.InsetsController.updateRequestedState:1399 android.view.InsetsController.notifyVisibilityChanged:1309 android.view.InsetsSourceConsumer.setRequestedVisible:397 android.view.InsetsSourceConsumer.hide:236 
02-06 18:12:09.549  3012  3062 V WindowManager: Relayout Window{a4173a5 u0 Splash Screen com.kyowon.literacy.store}: viewVisibility=0 req=2000x1200
02-06 18:12:09.599  3012  3062 D WindowManager: finishDrawingWindow: Window{a4173a5 u0 Splash Screen com.kyowon.literacy.store} mDrawState=HAS_DRAWN
02-06 18:12:09.670  3012  3061 D GameManagerService: noteResumeComponent(), received resumed-component: com.kyowon.literacy.store
02-06 18:12:09.670  3012  3061 I GameSDK@LifeCycle: noteResumeComponent(): package name  : com.kyowon.literacy.store
02-06 18:12:09.670  3012  3220 D GameManagerService: onLooperPrepared(), msg: MSG_APP_RESUME, resumeComponent: ComponentInfo{com.kyowon.literacy.store/com.kyowon.literacy.ui.intro.activity.IntroActivity}
02-06 18:12:09.671  3012  3220 D GameManagerService:   handleResume(). pkgName: com.kyowon.literacy.store, isTunableApp: null
02-06 18:12:09.671  3012  3220 D GameManagerService: notifyFocusInOut(). of pkg: com.kyowon.literacy.store, type: 4, isMinimized: false, isTunableApp: false
02-06 18:12:09.713   862   862 D SurfaceFlinger:      CLIENT | 0xb400007acfe20c30 | 0002 | RGBA_8888    |    0.0    0.0 2000.0 1200.0 |   84  140 1116 1860 | Splash Screen com.kyowon.literacy.store#0
02-06 18:12:09.841  3012  3062 D ActivityTaskManager: finishFixedRotationTransform, r=ActivityRecord{ed45335 u0 com.kyowon.literacy.store/com.kyowon.literacy.ui.intro.activity.IntroActivity t3593}, caller=com.android.server.wm.WindowToken.finishFixedRotationTransform:664 com.android.server.wm.DisplayContent$FixedRotationTransitionListener.onAppTransitionFinishedLocked:7026 com.android.server.wm.AppTransition.notifyAppTransitionFinishedLocked:543 com.android.server.wm.ActivityRecord.onAnimationFinished:7164 com.android.server.wm.WindowContainer.doAnimationFinished:2626 
02-06 18:12:09.928  3012  7226 V ActivityManager: Changed top to 10584,ProcessRecord{505cc94 27108:com.kyowon.literacy.store/u0a584}
02-06 18:12:09.961 27108 27108 I PlayCore: UID: [10584]  PID: [27108] AppUpdateService : requestUpdateInfo(com.kyowon.literacy.store)
02-06 18:12:09.976   862   862 D SurfaceFlinger:      CLIENT | 0xb400007acfe20c30 | 0002 | RGBA_8888    |    0.0    0.0 2000.0 1200.0 |    0    0 1200 2000 | Splash Screen com.kyowon.literacy.store#0
02-06 18:12:09.997   862   925 I SurfaceFlinger: id=109724 createSurf (0x0),-1 flag=80004, d8b108f com.kyowon.literacy.store/com.kyowon.literacy.ui.intro.activity.IntroActivity#0
02-06 18:12:09.999  3012  7226 D WindowManager: isScreenshotDisabledLocked - win: Window{d8b108f u0 com.kyowon.literacy.store/com.kyowon.literacy.ui.intro.activity.IntroActivity}
02-06 18:12:10.007 27108 27108 D InsetsSourceConsumer: setRequestedVisible: visible=false, type=2, host=com.kyowon.literacy.store/com.kyowon.literacy.ui.intro.activity.IntroActivity, from=android.view.InsetsSourceConsumer.hide:236 android.view.InsetsController.collectSourceControls:1172 android.view.InsetsController.controlAnimationUnchecked:1049 android.view.InsetsController.applyAnimation:1417 android.view.InsetsController.hide:984 android.view.InsetsController.hide:967 android.view.PendingInsetsController$HideRequest.replay:238 android.view.PendingInsetsController.replayAndAttach:169 android.view.ViewRootImpl.setView:1544 android.view.WindowManagerGlobal.addView:469 
02-06 18:12:10.007 27108 27108 D InsetsSourceConsumer: setRequestedVisible: visible=false, type=1, host=com.kyowon.literacy.store/com.kyowon.literacy.ui.intro.activity.IntroActivity, from=android.view.InsetsSourceConsumer.hide:236 android.view.InsetsController.collectSourceControls:1172 android.view.InsetsController.controlAnimationUnchecked:1049 android.view.InsetsController.applyAnimation:1417 android.view.InsetsController.hide:984 android.view.InsetsController.hide:967 android.view.PendingInsetsController$HideRequest.replay:238 android.view.PendingInsetsController.replayAndAttach:169 android.view.ViewRootImpl.setView:1544 android.view.WindowManagerGlobal.addView:469 
02-06 18:12:10.008 27108 27108 D InsetsSourceConsumer: setRequestedVisible: visible=false, type=0, host=com.kyowon.literacy.store/com.kyowon.literacy.ui.intro.activity.IntroActivity, from=android.view.InsetsSourceConsumer.hide:236 android.view.InsetsController.collectSourceControls:1172 android.view.InsetsController.controlAnimationUnchecked:1049 android.view.InsetsController.applyAnimation:1417 android.view.InsetsController.hide:984 android.view.InsetsController.hide:967 android.view.PendingInsetsController$HideRequest.replay:238 android.view.PendingInsetsController.replayAndAttach:169 android.view.ViewRootImpl.setView:1544 android.view.WindowManagerGlobal.addView:469 
02-06 18:12:10.013  3012  3030 D MARsPolicyManager: onPackageResumedFG pkgName = com.kyowon.literacy.store, userId = 0
02-06 18:12:10.015  3012  3030 D WindowManager: rotationForOrientation, orientationSource=ActivityRecord{ed45335 u0 com.kyowon.literacy.store/com.kyowon.literacy.ui.intro.activity.IntroActivity t3593}
02-06 18:12:10.018  3012  3030 D MARsPolicyManager: onPackageResumedFG pkgName = com.kyowon.literacy.store, userId = 0
02-06 18:12:10.024  3012  3030 D ActivityTaskManager: finishFixedRotationTransform, r=ActivityRecord{ed45335 u0 com.kyowon.literacy.store/com.kyowon.literacy.ui.intro.activity.IntroActivity t3593}, caller=com.android.server.wm.WindowToken.finishFixedRotationTransform:664 com.android.server.wm.DisplayContent$FixedRotationTransitionListener.onAppTransitionFinishedLocked:7026 com.android.server.wm.AppTransition.notifyAppTransitionFinishedLocked:543 com.android.server.wm.DisplayContent.handleAnimatingStoppedAndTransition:5836 com.android.server.wm.RootWindowContainer.checkAppTransitionReady:1264 
02-06 18:12:10.154  3012  7226 V WindowManager: Relayout Window{d8b108f u0 com.kyowon.literacy.store/com.kyowon.literacy.ui.intro.activity.IntroActivity}: viewVisibility=0 req=2000x1200
02-06 18:12:10.157  3012  7226 D WindowManager: isScreenshotDisabledLocked - win: Window{d8b108f u0 com.kyowon.literacy.store/com.kyowon.literacy.ui.intro.activity.IntroActivity}
02-06 18:12:10.157   862   925 I SurfaceFlinger: id=109725 createSurf (2000x1200),1 flag=404, com.kyowon.literacy.store/com.kyowon.literacy.ui.intro.activity.IntroActivity$_27108#0
02-06 18:12:10.159  3012  7226 D WindowManager: makeSurface duration=2 name=com.kyowon.literacy.store/com.kyowon.literacy.ui.intro.activity.IntroActivity$_27108
02-06 18:12:10.160  3012  7226 V WindowManager: Changing focus from null to Window{d8b108f u0 com.kyowon.literacy.store/com.kyowon.literacy.ui.intro.activity.IntroActivity} displayId=0 Callers=com.android.server.wm.RootWindowContainer.updateFocusedWindowLocked:566 com.android.server.wm.WindowManagerService.updateFocusedWindowLocked:6311 com.android.server.wm.WindowManagerService.relayoutWindow:2713 com.android.server.wm.Session.relayout:219 
02-06 18:12:10.174  3012  7145 D InsetsSourceProvider: updateVisibility: serverVisible=true, clientVisible=false, source=InsetsSource: {mType=ITYPE_NAVIGATION_BAR, mFrame=[0,1128][2000,1200], mVisible=false}, controlTarget=Window{d8b108f u0 com.kyowon.literacy.store/com.kyowon.literacy.ui.intro.activity.IntroActivity}, from=com.android.server.wm.InsetsSourceProvider.setClientVisible:378 com.android.server.wm.InsetsSourceProvider.onInsetsModified:363 com.android.server.wm.InsetsStateController.onInsetsModified:416 com.android.server.wm.InsetsPolicy.onInsetsModified:320 com.android.server.wm.Session.insetsModified:512 android.view.IWindowSession$Stub.onTransact:1398 com.android.server.wm.Session.onTransact:145 android.os.Binder.execTransactInternal:1195 android.os.Binder.execTransact:1159 <bottom of call stack> 
02-06 18:12:10.201  3012  8461 D WindowManager: finishDrawingWindow: Window{d8b108f u0 com.kyowon.literacy.store/com.kyowon.literacy.ui.intro.activity.IntroActivity} mDrawState=DRAW_PENDING
02-06 18:12:10.202 27108 27108 I PlayCore: UID: [10584]  PID: [27108] AppUpdateService : requestUpdateInfo(com.kyowon.literacy.store)
02-06 18:12:10.203  3012  3061 D GameManagerService: notePauseComponent(), received paused-component: com.kyowon.literacy.store
02-06 18:12:10.319  3012  8461 D InsetsSourceProvider: updateVisibility: serverVisible=true, clientVisible=false, source=InsetsSource: {mType=ITYPE_NAVIGATION_BAR, mFrame=[0,1128][2000,1200], mVisible=false}, controlTarget=Window{d8b108f u0 com.kyowon.literacy.store/com.kyowon.literacy.ui.intro.activity.IntroActivity}, from=com.android.server.wm.InsetsSourceProvider.setServerVisible:384 com.android.server.wm.InsetsSourceProvider.onPostLayout:237 com.android.server.wm.InsetsStateController.onPostLayout:390 com.android.server.wm.DisplayContent.applySurfaceChangesTransaction:4881 com.android.server.wm.RootWindowContainer.applySurfaceChangesTransaction:1302 com.android.server.wm.RootWindowContainer.performSurfacePlacementNoTrace:1019 com.android.server.wm.RootWindowContainer.performSurfacePlacement:957 com.android.server.wm.WindowSurfacePlacer.performSurfacePlacementLoop:182 com.android.server.wm.WindowSurfacePlacer.performSurfacePlacement:131 com.android.server.wm.WindowSurfacePlacer.performSurfacePlacement:120 
02-06 18:12:10.328  3012  8461 D PkgPredictorService: pkg:com.kyowon.literacy.store activity:com.kyowon.literacy.ui.intro.activity.IntroActivity thisTime:1494
02-06 18:12:10.343  3012  3062 I WindowManager: Reparenting to leash, surface=Surface(name=a4173a5 Splash Screen com.kyowon.literacy.store)/@0xa0086bd, leashParent=Surface(name=ActivityRecord{ed45335 u0 com.kyowon.literacy.store/com.kyowon.literacy.ui.intro.activity.IntroActivity t3593})/@0xe7524b2
02-06 18:12:10.343   862  1519 I SurfaceFlinger: id=109730 createSurf (0x0),-1 flag=24000, Surface(name=a4173a5 Splash Screen com.kyowon.literacy.store)/@0xa0086bd - animation-leash#0
02-06 18:12:10.344  3012  3062 D WindowManager: makeSurface duration=1 leash=Surface(name=Surface(name=a4173a5 Splash Screen com.kyowon.literacy.store)/@0xa0086bd - animation-leash)/@0xcbb0c03
02-06 18:12:10.376  3012  3061 D GameManagerService: noteResumeComponent(), received resumed-component: com.kyowon.literacy.store
02-06 18:12:10.376  3012  3061 I GameSDK@LifeCycle: noteResumeComponent(): package name  : com.kyowon.literacy.store
02-06 18:12:10.376  3012  3220 D GameManagerService: onLooperPrepared(), msg: MSG_APP_RESUME, resumeComponent: ComponentInfo{com.kyowon.literacy.store/com.kyowon.literacy.ui.intro.activity.IntroActivity}
02-06 18:12:10.376  3012  3220 D GameManagerService:   handleResume(). pkgName: com.kyowon.literacy.store, isTunableApp: null
02-06 18:12:10.376  3012  3220 D GameManagerService: notifyFocusInOut(). of pkg: com.kyowon.literacy.store, type: 4, isMinimized: false, isTunableApp: false
02-06 18:12:10.443  3012  7226 D WindowManager: rotationForOrientation, orientationSource=ActivityRecord{ed45335 u0 com.kyowon.literacy.store/com.kyowon.literacy.ui.intro.activity.IntroActivity t3593}
02-06 18:12:10.480   862  2572 I Layer   : id=109715 removeFromCurrentState Splash Screen com.kyowon.literacy.store#0 (66)
02-06 18:12:10.486   862   925 I Layer   : id=109714 removeFromCurrentState a4173a5 Splash Screen com.kyowon.literacy.store#0 (68)
02-06 18:12:10.486   862   925 I Layer   : id=109730 removeFromCurrentState Surface(name=a4173a5 Splash Screen com.kyowon.literacy.store)/@0xa0086bd - animation-leash#0 (68)
02-06 18:12:10.490   862   925 I SurfaceFlinger: id=109714 Removed a4173a5 Splash Screen com.kyowon.literacy.store#0 (68)
02-06 18:12:10.490   862   925 I SurfaceFlinger: id=109715 Removed Splash Screen com.kyowon.literacy.store#0 (68)
02-06 18:12:10.559   862   862 D SurfaceFlinger:      DEVICE | 0xb400007acfe20a00 | 0002 | RGBA_8888    |    0.0    0.0 1200.0 2000.0 |    0    0 1200 2000 | com.kyowon.literacy.store/com.kyowon[...]ntro.activity.IntroActivity$_27108#0
02-06 18:12:10.559   862   862 D SurfaceFlinger:      CLIENT | 0xb400007acfe200d0 | 0002 | RGBA_8888    |    0.0    0.0 2000.0 1200.0 |    0    0 1200 2000 | Splash Screen com.kyowon.literacy.store#0
02-06 18:12:10.566   862   862 I Layer   : id=109714[1] Destroyed a4173a5 Splash Screen com.kyowon.literacy.store#0
02-06 18:12:10.568   862  1520 I SurfaceFlinger: id=109730 Removed Surface(name=a4173a5 Splash Screen com.kyowon.literacy.store)/@0xa0086bd - animation-leash#0 (67)
02-06 18:12:10.595   862   862 I Layer   : id=109715[1] Destroyed Splash Screen com.kyowon.literacy.store#0
02-06 18:12:10.647   862   862 D SurfaceFlinger:      DEVICE | 0xb400007ac04d2a50 | 0002 | RGBA_8888    |    0.0    0.0 1200.0 2000.0 |    0    0 1200 2000 | com.kyowon.literacy.store/com.kyowon[...]ntro.activity.IntroActivity$_27108#0
02-06 18:12:10.655   862   862 I Layer   : id=109730[1] Destroyed Surface(name=a4173a5 Splash Screen com.kyowon.literacy.store)/@0xa0086bd - animation-leash#0
02-06 18:12:10.700   862   862 D SurfaceFlinger:      DEVICE | 0xb400007acfe1e2a0 | 0002 | RGBA_8888    |    0.0    0.0 1200.0 2000.0 |    0    0 1200 2000 | com.kyowon.literacy.store/com.kyowon[...]ntro.activity.IntroActivity$_27108#0
02-06 18:12:10.839   862   862 D SurfaceFlinger:      DEVICE | 0xb400007acfe1f810 | 0002 | RGBA_8888    |    0.0    0.0 1200.0 2000.0 |    0    0 1200 2000 | com.kyowon.literacy.store/com.kyowon[...]ntro.activity.IntroActivity$_27108#0
02-06 18:12:10.842 27108 27108 I PlayCore: UID: [10584]  PID: [27108] AppUpdateService : requestUpdateInfo(com.kyowon.literacy.store)
02-06 18:12:13.409 27108 27108 V InputMethodManager: Starting input: tba=com.kyowon.literacy.store ic=null mNaviBarColor -855310 mIsGetNaviBarColorSuccess true , NavVisible : true , NavTrans : false
02-06 18:12:13.424  3012  3811 V WindowManager: Changing focus from null to Window{d8b108f u0 com.kyowon.literacy.store/com.kyowon.literacy.ui.intro.activity.IntroActivity} displayId=0 Callers=com.android.server.wm.RootWindowContainer.updateFocusedWindowLocked:566 com.android.server.wm.WindowManagerService.updateFocusedWindowLocked:6311 com.android.server.wm.ActivityRecord.onRemovedFromDisplay:3878 com.android.server.wm.DisplayContent.removeAppToken:1434 
02-06 18:12:13.426  3012  3811 V ActivityManager: Changed top to 10584,ProcessRecord{505cc94 27108:com.kyowon.literacy.store/u0a584}
02-06 18:12:13.458  3012  3811 D MARsPolicyManager: onPackageResumedFG pkgName = com.kyowon.literacy.store, userId = 0
02-06 18:12:13.461  3012  3811 D WindowManager: rotationForOrientation, orientationSource=ActivityRecord{ed45335 u0 com.kyowon.literacy.store/com.kyowon.literacy.ui.intro.activity.IntroActivity t3593}
02-06 18:12:13.468 27108 27108 I PlayCore: UID: [10584]  PID: [27108] AppUpdateService : requestUpdateInfo(com.kyowon.literacy.store)
02-06 18:12:18.924  3012  8912 V WindowManager: Changing focus from null to Window{e637b04 u0 com.kyowon.literacy.store/com.kyowon.literacy.ui.login.activity.LoginActivity} displayId=0 Callers=com.android.server.wm.RootWindowContainer.updateFocusedWindowLocked:566 com.android.server.wm.WindowManagerService.updateFocusedWindowLocked:6311 com.android.server.wm.ActivityRecord.onRemovedFromDisplay:3878 com.android.server.wm.DisplayContent.removeAppToken:1434 
02-06 18:12:18.925  3012  8912 V ActivityManager: Changed top to 10584,ProcessRecord{505cc94 27108:com.kyowon.literacy.store/u0a584}
02-06 18:12:18.974  3012  8912 D MARsPolicyManager: onPackageResumedFG pkgName = com.kyowon.literacy.store, userId = 0
02-06 18:12:18.976  3012  3220 D GameManagerService: onLooperPrepared(), msg: MSG_TASK_FOCUSED, focusedComponent: ComponentInfo{com.kyowon.literacy.store/com.kyowon.literacy.ui.login.activity.LoginActivity}
02-06 18:12:18.976  3012  3220 D GameManagerService:   handleTaskFocused(), pkgName: com.kyowon.literacy.store, clsName: com.kyowon.literacy.ui.login.activity.LoginActivity, userID:0
02-06 18:12:18.977  3012  8912 D WindowManager: rotationForOrientation, orientationSource=ActivityRecord{afefb55 u0 com.kyowon.literacy.store/com.kyowon.literacy.ui.login.activity.LoginActivity t3593}
02-06 18:12:18.979  3012  8912 D MARsPolicyManager: onPackageResumedFG pkgName = com.kyowon.literacy.store, userId = 0
02-06 18:12:18.987  3012  3062 D ActivityTaskManager: finishFixedRotationTransform, r=ActivityRecord{afefb55 u0 com.kyowon.literacy.store/com.kyowon.literacy.ui.login.activity.LoginActivity t3593}, caller=com.android.server.wm.WindowToken.finishFixedRotationTransform:664 com.android.server.wm.DisplayContent$FixedRotationTransitionListener.onAppTransitionFinishedLocked:7026 com.android.server.wm.AppTransition.notifyAppTransitionFinishedLocked:543 com.android.server.wm.DisplayContent.handleAnimatingStoppedAndTransition:5836 com.android.server.wm.RootWindowContainer.checkAppTransitionReady:1264 
02-06 18:12:18.991  3012  3462 D MdnieScenarioControlService:  packageName : com.kyowon.literacy.store    className : com.kyowon.literacy.ui.login.activity.LoginActivity
02-06 18:12:19.157  3012  3061 D GameManagerService: noteResumeComponent(), received resumed-component: com.kyowon.literacy.store
02-06 18:12:19.158  3012  3061 I GameSDK@LifeCycle: noteResumeComponent(): package name  : com.kyowon.literacy.store
02-06 18:12:19.163  3012  3220 D GameManagerService: onLooperPrepared(), msg: MSG_APP_RESUME, resumeComponent: ComponentInfo{com.kyowon.literacy.store/com.kyowon.literacy.ui.login.activity.LoginActivity}
02-06 18:12:19.163  3012  3220 D GameManagerService:   handleResume(). pkgName: com.kyowon.literacy.store, isTunableApp: null
02-06 18:12:19.164  3012  3220 D GameManagerService: notifyFocusInOut(). of pkg: com.kyowon.literacy.store, type: 4, isMinimized: false, isTunableApp: false
02-06 18:12:19.205 27108 27108 V InputMethodManager: Starting input: tba=com.kyowon.literacy.store ic=null mNaviBarColor -855310 mIsGetNaviBarColorSuccess true , NavVisible : true , NavTrans : false
02-06 18:12:19.255  3012  8912 V WindowManager: Relayout Window{e637b04 u0 com.kyowon.literacy.store/com.kyowon.literacy.ui.login.activity.LoginActivity}: viewVisibility=0 req=2000x1200
02-06 18:12:19.362  3012  3061 D GameManagerService: notePauseComponent(), received paused-component: com.kyowon.literacy.store
02-06 18:12:19.362  3012  3571 D WindowManager: rotationForOrientation, orientationSource=ActivityRecord{afefb55 u0 com.kyowon.literacy.store/com.kyowon.literacy.ui.login.activity.LoginActivity t3593}
02-06 18:12:19.367  3012  3571 V WindowManager: Changing focus from Window{e637b04 u0 com.kyowon.literacy.store/com.kyowon.literacy.ui.login.activity.LoginActivity} to null displayId=0 Callers=com.android.server.wm.RootWindowContainer.updateFocusedWindowLocked:566 com.android.server.wm.WindowManagerService.updateFocusedWindowLocked:6311 com.android.server.wm.DisplayContent.setFocusedApp:6776 com.android.server.wm.ActivityTaskManagerService.setResumedActivityUncheckLocked:6725 
02-06 18:12:19.423  3012  3323 D PkgPredictorService-NapClassifier: Predict result: 86.0,2.0,0.0, - [0_&_com.kyowon.literacy.store, 0_&_kr.co.kyowon.launcher, 0_&_com.android.vending]
02-06 18:12:19.760  3012  3030 V WindowManager: Changing focus from null to Window{e637b04 u0 com.kyowon.literacy.store/com.kyowon.literacy.ui.login.activity.LoginActivity} displayId=0 Callers=com.android.server.wm.RootWindowContainer.updateFocusedWindowLocked:566 com.android.server.wm.WindowManagerService.updateFocusedWindowLocked:6311 com.android.server.wm.ActivityRecord.onRemovedFromDisplay:3878 com.android.server.wm.DisplayContent.removeAppToken:1434 
02-06 18:12:19.762  3012  3030 V ActivityManager: Changed top to 10584,ProcessRecord{505cc94 27108:com.kyowon.literacy.store/u0a584}
02-06 18:12:19.776  3012  3030 D MARsPolicyManager: onPackageResumedFG pkgName = com.kyowon.literacy.store, userId = 0
02-06 18:12:19.779  3012  3030 D WindowManager: rotationForOrientation, orientationSource=ActivityRecord{afefb55 u0 com.kyowon.literacy.store/com.kyowon.literacy.ui.login.activity.LoginActivity t3593}
02-06 18:12:19.781  3012  3220 D GameManagerService: onLooperPrepared(), msg: MSG_TASK_FOCUSED, focusedComponent: ComponentInfo{com.kyowon.literacy.store/com.kyowon.literacy.ui.login.activity.LoginActivity}
02-06 18:12:19.781  3012  3030 D MARsPolicyManager: onPackageResumedFG pkgName = com.kyowon.literacy.store, userId = 0
02-06 18:12:19.782  3012  3220 D GameManagerService:   handleTaskFocused(), pkgName: com.kyowon.literacy.store, clsName: com.kyowon.literacy.ui.login.activity.LoginActivity, userID:0
02-06 18:12:19.792  3012  3062 D ActivityTaskManager: finishFixedRotationTransform, r=ActivityRecord{afefb55 u0 com.kyowon.literacy.store/com.kyowon.literacy.ui.login.activity.LoginActivity t3593}, caller=com.android.server.wm.WindowToken.finishFixedRotationTransform:664 com.android.server.wm.DisplayContent$FixedRotationTransitionListener.onAppTransitionFinishedLocked:7026 com.android.server.wm.AppTransition.notifyAppTransitionFinishedLocked:543 com.android.server.wm.DisplayContent.handleAnimatingStoppedAndTransition:5836 com.android.server.wm.RootWindowContainer.checkAppTransitionReady:1264 
02-06 18:12:19.797  3012  3462 D MdnieScenarioControlService:  packageName : com.kyowon.literacy.store    className : com.kyowon.literacy.ui.login.activity.LoginActivity
02-06 18:12:19.928  3012  3061 D SemGameManager: isGamePackage(), pkgName=com.kyowon.literacy.store
02-06 18:12:19.929  3012  3061 D GameManagerService: identifyGamePackage. com.kyowon.literacy.store, mCurrentUserId: 0, callerUserId: 0
02-06 18:12:19.929  3012  3061 D PkgDataHelper: getGamePkgData(). com.kyowon.literacy.store
02-06 18:12:19.929  3012  3061 D GameManagerService: noteResumeComponent(), received resumed-component: com.kyowon.literacy.store
02-06 18:12:19.929  3012  3061 I GameSDK@LifeCycle: noteResumeComponent(): package name  : com.kyowon.literacy.store
02-06 18:12:19.930  3012  3220 D GameManagerService: onLooperPrepared(), msg: MSG_APP_RESUME, resumeComponent: ComponentInfo{com.kyowon.literacy.store/com.kyowon.literacy.ui.login.activity.LoginActivity}
02-06 18:12:19.931  3012  3220 D GameManagerService:   handleResume(). pkgName: com.kyowon.literacy.store, isTunableApp: null
02-06 18:12:19.931  3012  3220 D GameManagerService: notifyFocusInOut(). of pkg: com.kyowon.literacy.store, type: 4, isMinimized: false, isTunableApp: false
02-06 18:12:20.102  3012  7310 V ActivityManager: Changed top to 10584,ProcessRecord{505cc94 27108:com.kyowon.literacy.store/u0a584}
02-06 18:12:20.452  3012  3934 V WindowManager: Relayout Window{e637b04 u0 com.kyowon.literacy.store/com.kyowon.literacy.ui.login.activity.LoginActivity}: viewVisibility=0 req=2000x1200
02-06 18:12:20.476 27108 27108 V InputMethodManager: Starting input: tba=com.kyowon.literacy.store ic=null mNaviBarColor -855310 mIsGetNaviBarColorSuccess true , NavVisible : true , NavTrans : false
02-06 18:12:20.479  3012  3061 W ActivityTaskManager: Activity top resumed state loss timeout for ActivityRecord{afefb55 u0 com.kyowon.literacy.store/com.kyowon.literacy.ui.login.activity.LoginActivity t3593}
02-06 18:12:20.479  3012  3061 W ActivityTaskManager: Activity pause timeout for ActivityRecord{afefb55 u0 com.kyowon.literacy.store/com.kyowon.literacy.ui.login.activity.LoginActivity t3593}
02-06 18:12:20.480  3012  3061 D MARsPolicyManager: onPackageResumedFG pkgName = com.kyowon.literacy.store, userId = 0
02-06 18:12:20.486  3012  3061 D WindowManager: rotationForOrientation, orientationSource=ActivityRecord{afefb55 u0 com.kyowon.literacy.store/com.kyowon.literacy.ui.login.activity.LoginActivity t3593}
02-06 18:12:20.490  3012  3061 D MARsPolicyManager: onPackageResumedFG pkgName = com.kyowon.literacy.store, userId = 0
02-06 18:12:20.499  3012  3061 D ActivityTaskManager: finishFixedRotationTransform, r=ActivityRecord{afefb55 u0 com.kyowon.literacy.store/com.kyowon.literacy.ui.login.activity.LoginActivity t3593}, caller=com.android.server.wm.WindowToken.finishFixedRotationTransform:664 com.android.server.wm.DisplayContent$FixedRotationTransitionListener.onAppTransitionFinishedLocked:7026 com.android.server.wm.AppTransition.notifyAppTransitionFinishedLocked:543 com.android.server.wm.DisplayContent.handleAnimatingStoppedAndTransition:5836 com.android.server.wm.RootWindowContainer.checkAppTransitionReady:1264 
02-06 18:12:20.530  3012  3061 D GameManagerService: notePauseComponent(), received paused-component: com.kyowon.literacy.store
02-06 18:12:20.664  3012  3811 V WindowManager: Relayout Window{e637b04 u0 com.kyowon.literacy.store/com.kyowon.literacy.ui.login.activity.LoginActivity}: viewVisibility=0 req=2000x1200
02-06 18:12:20.667  3012  3061 D GameManagerService: noteResumeComponent(), received resumed-component: com.kyowon.literacy.store
02-06 18:12:20.667  3012  3061 I GameSDK@LifeCycle: noteResumeComponent(): package name  : com.kyowon.literacy.store
02-06 18:12:20.667  3012  3220 D GameManagerService: onLooperPrepared(), msg: MSG_APP_RESUME, resumeComponent: ComponentInfo{com.kyowon.literacy.store/com.kyowon.literacy.ui.login.activity.LoginActivity}
02-06 18:12:20.668  3012  3220 D GameManagerService:   handleResume(). pkgName: com.kyowon.literacy.store, isTunableApp: null
02-06 18:12:20.668  3012  3220 D GameManagerService: notifyFocusInOut(). of pkg: com.kyowon.literacy.store, type: 4, isMinimized: false, isTunableApp: false
02-06 18:12:20.779  3012  3061 D GameManagerService: notePauseComponent(), received paused-component: com.kyowon.literacy.store
02-06 18:12:20.963  3012  3934 D WindowManager: rotationForOrientation, orientationSource=ActivityRecord{afefb55 u0 com.kyowon.literacy.store/com.kyowon.literacy.ui.login.activity.LoginActivity t3593}
02-06 18:12:21.006  3012  3934 V WindowManager: Changing focus from Window{e637b04 u0 com.kyowon.literacy.store/com.kyowon.literacy.ui.login.activity.LoginActivity} to null displayId=0 Callers=com.android.server.wm.RootWindowContainer.updateFocusedWindowLocked:566 com.android.server.wm.WindowManagerService.updateFocusedWindowLocked:6311 com.android.server.wm.DisplayContent.setFocusedApp:6776 com.android.server.wm.ActivityTaskManagerService.setResumedActivityUncheckLocked:6725 
02-06 18:12:21.034  3012  7898 V WindowManager: Changing focus from null to Window{e637b04 u0 com.kyowon.literacy.store/com.kyowon.literacy.ui.login.activity.LoginActivity} displayId=0 Callers=com.android.server.wm.RootWindowContainer.updateFocusedWindowLocked:566 com.android.server.wm.WindowManagerService.updateFocusedWindowLocked:6311 com.android.server.wm.ActivityRecord.onRemovedFromDisplay:3878 com.android.server.wm.DisplayContent.removeAppToken:1434 
02-06 18:12:21.036  3012  7898 V ActivityManager: Changed top to 10584,ProcessRecord{505cc94 27108:com.kyowon.literacy.store/u0a584}
02-06 18:12:21.044  3012  7898 D MARsPolicyManager: onPackageResumedFG pkgName = com.kyowon.literacy.store, userId = 0
02-06 18:12:21.047  3012  7898 D WindowManager: rotationForOrientation, orientationSource=ActivityRecord{afefb55 u0 com.kyowon.literacy.store/com.kyowon.literacy.ui.login.activity.LoginActivity t3593}
02-06 18:12:21.050  3012  7898 D MARsPolicyManager: onPackageResumedFG pkgName = com.kyowon.literacy.store, userId = 0
02-06 18:12:21.050  3012  3220 D GameManagerService: onLooperPrepared(), msg: MSG_TASK_FOCUSED, focusedComponent: ComponentInfo{com.kyowon.literacy.store/com.kyowon.literacy.ui.login.activity.LoginActivity}
02-06 18:12:21.051  3012  3220 D GameManagerService:   handleTaskFocused(), pkgName: com.kyowon.literacy.store, clsName: com.kyowon.literacy.ui.login.activity.LoginActivity, userID:0
02-06 18:12:21.091  3012  3062 D ActivityTaskManager: finishFixedRotationTransform, r=ActivityRecord{afefb55 u0 com.kyowon.literacy.store/com.kyowon.literacy.ui.login.activity.LoginActivity t3593}, caller=com.android.server.wm.WindowToken.finishFixedRotationTransform:664 com.android.server.wm.DisplayContent$FixedRotationTransitionListener.onAppTransitionFinishedLocked:7026 com.android.server.wm.AppTransition.notifyAppTransitionFinishedLocked:543 com.android.server.wm.DisplayContent.handleAnimatingStoppedAndTransition:5836 com.android.server.wm.RootWindowContainer.checkAppTransitionReady:1264 
02-06 18:12:21.180 27108 27108 V InputMethodManager: Starting input: tba=com.kyowon.literacy.store ic=null mNaviBarColor -855310 mIsGetNaviBarColorSuccess true , NavVisible : true , NavTrans : false
02-06 18:12:21.381  3012  3061 D SemGameManager: isGamePackage(), pkgName=com.kyowon.literacy.store
02-06 18:12:21.382  3012  3061 D GameManagerService: identifyGamePackage. com.kyowon.literacy.store, mCurrentUserId: 0, callerUserId: 0
02-06 18:12:21.382  3012  3061 D PkgDataHelper: getGamePkgData(). com.kyowon.literacy.store
02-06 18:12:21.583  3012  3061 D GameManagerService: noteResumeComponent(), received resumed-component: com.kyowon.literacy.store
02-06 18:12:21.583  3012  3061 I GameSDK@LifeCycle: noteResumeComponent(): package name  : com.kyowon.literacy.store
02-06 18:12:21.584  3012  3220 D GameManagerService: onLooperPrepared(), msg: MSG_APP_RESUME, resumeComponent: ComponentInfo{com.kyowon.literacy.store/com.kyowon.literacy.ui.login.activity.LoginActivity}
02-06 18:12:21.584  3012  3220 D GameManagerService:   handleResume(). pkgName: com.kyowon.literacy.store, isTunableApp: null
02-06 18:12:21.584  3012  3220 D GameManagerService: notifyFocusInOut(). of pkg: com.kyowon.literacy.store, type: 4, isMinimized: false, isTunableApp: false
02-06 18:12:21.679  3012  3061 D GameManagerService: notePauseComponent(), received paused-component: com.kyowon.literacy.store
02-06 18:12:21.717  3012  3030 D WindowManager: rotationForOrientation, orientationSource=ActivityRecord{afefb55 u0 com.kyowon.literacy.store/com.kyowon.literacy.ui.login.activity.LoginActivity t3593}
02-06 18:12:21.725  3012  3030 V WindowManager: Changing focus from Window{e637b04 u0 com.kyowon.literacy.store/com.kyowon.literacy.ui.login.activity.LoginActivity} to null displayId=0 Callers=com.android.server.wm.RootWindowContainer.updateFocusedWindowLocked:566 com.android.server.wm.WindowManagerService.updateFocusedWindowLocked:6311 com.android.server.wm.DisplayContent.setFocusedApp:6776 com.android.server.wm.ActivityTaskManagerService.setResumedActivityUncheckLocked:6725 
02-06 18:12:21.877  3012  3323 D PkgPredictorService-NapClassifier: Predict result: 86.0,2.0,0.0, - [0_&_com.kyowon.literacy.store, 0_&_kr.co.kyowon.launcher, 0_&_com.android.vending]
02-06 18:12:22.141  3012  7310 V WindowManager: Changing focus from null to Window{e637b04 u0 com.kyowon.literacy.store/com.kyowon.literacy.ui.login.activity.LoginActivity} displayId=0 Callers=com.android.server.wm.RootWindowContainer.updateFocusedWindowLocked:566 com.android.server.wm.WindowManagerService.updateFocusedWindowLocked:6311 com.android.server.wm.ActivityRecord.onRemovedFromDisplay:3878 com.android.server.wm.DisplayContent.removeAppToken:1434 
02-06 18:12:22.144  3012  7310 V ActivityManager: Changed top to 10584,ProcessRecord{505cc94 27108:com.kyowon.literacy.store/u0a584}
02-06 18:12:22.152  3012  7310 D MARsPolicyManager: onPackageResumedFG pkgName = com.kyowon.literacy.store, userId = 0
02-06 18:12:22.157  3012  3220 D GameManagerService: onLooperPrepared(), msg: MSG_TASK_FOCUSED, focusedComponent: ComponentInfo{com.kyowon.literacy.store/com.kyowon.literacy.ui.login.activity.LoginActivity}
02-06 18:12:22.157  3012  3220 D GameManagerService:   handleTaskFocused(), pkgName: com.kyowon.literacy.store, clsName: com.kyowon.literacy.ui.login.activity.LoginActivity, userID:0
02-06 18:12:22.159  3012  7310 D WindowManager: rotationForOrientation, orientationSource=ActivityRecord{afefb55 u0 com.kyowon.literacy.store/com.kyowon.literacy.ui.login.activity.LoginActivity t3593}
02-06 18:12:22.166  3012  7310 D MARsPolicyManager: onPackageResumedFG pkgName = com.kyowon.literacy.store, userId = 0
02-06 18:12:22.178  3012  3062 D ActivityTaskManager: finishFixedRotationTransform, r=ActivityRecord{afefb55 u0 com.kyowon.literacy.store/com.kyowon.literacy.ui.login.activity.LoginActivity t3593}, caller=com.android.server.wm.WindowToken.finishFixedRotationTransform:664 com.android.server.wm.DisplayContent$FixedRotationTransitionListener.onAppTransitionFinishedLocked:7026 com.android.server.wm.AppTransition.notifyAppTransitionFinishedLocked:543 com.android.server.wm.DisplayContent.handleAnimatingStoppedAndTransition:5836 com.android.server.wm.RootWindowContainer.checkAppTransitionReady:1264 
02-06 18:12:22.348  3012  3061 D SemGameManager: isGamePackage(), pkgName=com.kyowon.literacy.store
02-06 18:12:22.353  3012  3061 D GameManagerService: identifyGamePackage. com.kyowon.literacy.store, mCurrentUserId: 0, callerUserId: 0
02-06 18:12:22.353  3012  3061 D PkgDataHelper: getGamePkgData(). com.kyowon.literacy.store
02-06 18:12:22.353  3012  3061 D GameManagerService: noteResumeComponent(), received resumed-component: com.kyowon.literacy.store
02-06 18:12:22.354  3012  3061 I GameSDK@LifeCycle: noteResumeComponent(): package name  : com.kyowon.literacy.store
02-06 18:12:22.354  3012  3220 D GameManagerService: onLooperPrepared(), msg: MSG_APP_RESUME, resumeComponent: ComponentInfo{com.kyowon.literacy.store/com.kyowon.literacy.ui.login.activity.LoginActivity}
02-06 18:12:22.354  3012  3220 D GameManagerService:   handleResume(). pkgName: com.kyowon.literacy.store, isTunableApp: null
02-06 18:12:22.354  3012  3220 D GameManagerService: notifyFocusInOut(). of pkg: com.kyowon.literacy.store, type: 4, isMinimized: false, isTunableApp: false
02-06 18:12:22.639  3012  3811 V WindowManager: Relayout Window{e637b04 u0 com.kyowon.literacy.store/com.kyowon.literacy.ui.login.activity.LoginActivity}: viewVisibility=0 req=2000x1200
02-06 18:12:22.665  3012  3030 V ActivityManager: Changed top to 10584,ProcessRecord{505cc94 27108:com.kyowon.literacy.store/u0a584}
02-06 18:12:22.683  3012  3934 D MARsPolicyManager: onPackageResumedFG pkgName = com.kyowon.literacy.store, userId = 0
02-06 18:12:22.687  3012  3934 D WindowManager: rotationForOrientation, orientationSource=ActivityRecord{afefb55 u0 com.kyowon.literacy.store/com.kyowon.literacy.ui.login.activity.LoginActivity t3593}
02-06 18:12:22.690  3012  3934 D MARsPolicyManager: onPackageResumedFG pkgName = com.kyowon.literacy.store, userId = 0
02-06 18:12:22.694  3012  3934 D ActivityTaskManager: finishFixedRotationTransform, r=ActivityRecord{afefb55 u0 com.kyowon.literacy.store/com.kyowon.literacy.ui.login.activity.LoginActivity t3593}, caller=com.android.server.wm.WindowToken.finishFixedRotationTransform:664 com.android.server.wm.DisplayContent$FixedRotationTransitionListener.onAppTransitionFinishedLocked:7026 com.android.server.wm.AppTransition.notifyAppTransitionFinishedLocked:543 com.android.server.wm.DisplayContent.handleAnimatingStoppedAndTransition:5836 com.android.server.wm.RootWindowContainer.checkAppTransitionReady:1264 
02-06 18:12:22.698 27108 27108 V InputMethodManager: Starting input: tba=com.kyowon.literacy.store ic=null mNaviBarColor -855310 mIsGetNaviBarColorSuccess true , NavVisible : true , NavTrans : false
02-06 18:12:22.809  3012  8912 V WindowManager: Relayout Window{e637b04 u0 com.kyowon.literacy.store/com.kyowon.literacy.ui.login.activity.LoginActivity}: viewVisibility=0 req=2000x1200
02-06 18:12:22.820  3012  3061 D GameManagerService: notePauseComponent(), received paused-component: com.kyowon.literacy.store
02-06 18:12:22.945  3012  3061 D GameManagerService: noteResumeComponent(), received resumed-component: com.kyowon.literacy.store
02-06 18:12:22.945  3012  3061 I GameSDK@LifeCycle: noteResumeComponent(): package name  : com.kyowon.literacy.store
02-06 18:12:22.945  3012  3220 D GameManagerService: onLooperPrepared(), msg: MSG_APP_RESUME, resumeComponent: ComponentInfo{com.kyowon.literacy.store/com.kyowon.literacy.ui.login.activity.LoginActivity}
02-06 18:12:22.947  3012  3220 D GameManagerService:   handleResume(). pkgName: com.kyowon.literacy.store, isTunableApp: null
02-06 18:12:22.947  3012  3220 D GameManagerService: notifyFocusInOut(). of pkg: com.kyowon.literacy.store, type: 4, isMinimized: false, isTunableApp: false
02-06 18:12:23.365  3012  3061 D GameManagerService: notePauseComponent(), received paused-component: com.kyowon.literacy.store
02-06 18:12:23.484  3012  3030 D MARsPolicyManager: onPackageResumedFG pkgName = com.kyowon.literacy.store, userId = 0
