02-06 18:12:59.412  3012  3453 D GameManagerService: TaskStackListener.onTaskFocusChanged(), taskId=3641, focused=true
02-06 18:12:59.413  3012  3220 D GameManagerService: onLooperPrepared(), msg: MSG_TASK_FOCUSED, focusedComponent: ComponentInfo{com.netease.open.pocoservice/com.netease.open.pocoservice.TestActivity}
02-06 18:12:59.413  3012  3220 D GameManagerService: handleTaskFocused().
02-06 18:12:59.413  3012  3220 D GameManagerService:   handleTaskFocused(), pkgName: com.netease.open.pocoservice, clsName: com.netease.open.pocoservice.TestActivity, userID:0
02-06 18:12:59.413  3012  3220 D GameManagerService: handleResume().
02-06 18:12:59.413  3012  3220 D GameManagerService: sendFocusOutConditionally() - mPrevNotiPackage: (unknown)
02-06 18:12:59.414  3012  3220 D GameManagerService:   handleResume(). pkgName: com.netease.open.pocoservice, isTunableApp: null
02-06 18:12:59.414  3012  3220 D GameManagerService: notifyFocusInOut(). of pkg: com.netease.open.pocoservice, type: 4, isMinimized: false, isTunableApp: false
02-06 18:12:59.414  3012  3220 D GameManagerService:   notifyFocusInOut(). unexpected mPrevNotiType: -1
02-06 18:12:59.414  3012  3220 D GameManagerService:NetworkLimit: callRelease
02-06 18:12:59.414  3012  3220 D GM:SystemHelper: callReleaseBlock needReleaseBlock:false
02-06 18:12:59.414  3012  3453 D MARsPolicyManager: onPackageResumedFG pkgName = com.netease.open.pocoservice, userId = 0
02-06 18:12:59.415  3012  3453 W WindowManager: Execute app transition: mNextAppTransition=TRANSIT_TASK_OPEN, displayId: 0 Callers=com.android.server.wm.RootWindowContainer.executeAppTransitionForAllDisplay:2598 com.android.server.wm.ActivityStackSupervisor.reportResumedActivityLocked:2267 com.android.server.wm.ActivityRecord.completeResumeLocked:5710 com.android.server.wm.ActivityStack.minimalResumeActivityLocked:1225 com.android.server.wm.ActivityStackSupervisor.realStartActivityLocked:1154 
02-06 18:12:59.416  3012  3453 W ActivityManager: Slow operation: 107ms so far, now at attachApplicationLocked: after mServices.attachApplicationLocked
02-06 18:12:59.417  3012  3932 I ActivityManager: Force stopping com.netease.open.pocoservice appid=10499 user=0: start instr
02-06 18:12:59.443  3012  3932 I ActivityManager: Killing 4216:com.netease.open.pocoservice/u0a499 (adj -10000): stop com.netease.open.pocoservice due to start instr
02-06 18:12:59.444  3012  3932 D ActivityManager: proc ProcessRecord{998a58 4216:com.netease.open.pocoservice/u0a499} already removed. so we skip next process.
02-06 18:12:59.451  3012  3932 W ActivityTaskManager: Force removing ActivityRecord{a39365a u0 com.netease.open.pocoservice/.TestActivity t3641 f}}: app died, no saved state
02-06 18:12:59.458  3012  3932 I ActivityTaskManager: Removing activity ActivityRecord{a39365a u0 com.netease.open.pocoservice/.TestActivity t3641 f}}(appDied)  from stack callers=com.android.server.wm.ActivityStack$RemoveHistoryRecordsForApp.processActivity:565 com.android.server.wm.ActivityStack$RemoveHistoryRecordsForApp.process:480 com.android.server.wm.ActivityStack.handleAppDied:3379 com.android.server.wm.RootWindowContainer.handleAppDied:3653 com.android.server.wm.ActivityTaskManagerService$LocalService.handleAppDied:8304 
02-06 18:12:59.468  3012  3932 I SurfaceControl: nativeRelease nativeObject s[-5476376620415592512]
02-06 18:12:59.468  3012  3932 I SurfaceControl: nativeRelease nativeObject e[-5476376620415592512]
02-06 18:12:59.469  3012  3932 I SurfaceControl: nativeRelease nativeObject s[-5476376620415593952]
02-06 18:12:59.469  3012  3932 I SurfaceControl: nativeRelease nativeObject e[-5476376620415593952]
02-06 18:12:59.470  3012  3932 D InputDispatcher: Focused application released (0)
02-06 18:12:59.474  3012  3932 V WindowManager: Changing focus from null to Window{e637b04 u0 com.kyowon.literacy.store/com.kyowon.literacy.ui.login.activity.LoginActivity} displayId=0 Callers=com.android.server.wm.RootWindowContainer.updateFocusedWindowLocked:566 com.android.server.wm.WindowManagerService.updateFocusedWindowLocked:6311 com.android.server.wm.ActivityRecord.onRemovedFromDisplay:3878 com.android.server.wm.DisplayContent.removeAppToken:1434 
02-06 18:12:59.476  3012  3081 I SemDvfsHyPerManager: acquire hyper - APP_LAUNCH/3012@19, type = -999
02-06 18:12:59.476  3012  8912 I InputDispatcher: Focus left window (27108): e637b04 in display 0 0
02-06 18:12:59.476  2594  2614 I HYPER-HAL: [RequestManager.cpp]acquire(): Acquired ID : 4595015  [3012 / 19]    HINT : APP_LAUNCH    list : 
02-06 18:12:59.476  2594  2614 I HYPER-HAL: [ResourceManager.cpp]updateResource(): [CPULittleMinFreq] UpdateResource Request ID : 4595015    Value : 1804800
02-06 18:12:59.477  4438 10754 E AuthPII : [RequestTokenManager] getToken() -> BAD_AUTHENTICATION. App: com.google.android.gms, Service: oauth2:https://www.googleapis.com/auth/cclog
02-06 18:12:59.477  4438 10754 E AuthPII : bauw: Long live credential not available.
02-06 18:12:59.477  4438 10754 E AuthPII : 	at admt.a(:com.google.android.gms@260235022@26.02.35 (150400-862924022):1351)
02-06 18:12:59.477  4438 10754 E AuthPII : 	at adna.b(:com.google.android.gms@260235022@26.02.35 (150400-862924022):26)
02-06 18:12:59.477  4438 10754 E AuthPII : 	at admy.a(:com.google.android.gms@260235022@26.02.35 (150400-862924022):764)
02-06 18:12:59.477  4438 10754 E AuthPII : 	at admx.b(:com.google.android.gms@260235022@26.02.35 (150400-862924022):142)
02-06 18:12:59.477  4438 10754 E AuthPII : 	at adca.a(:com.google.android.gms@260235022@26.02.35 (150400-862924022):328)
02-06 18:12:59.477  4438 10754 E AuthPII : 	at acxg.f(:com.google.android.gms@260235022@26.02.35 (150400-862924022):24)
02-06 18:12:59.477  4438 10754 E AuthPII : 	at cmku.fC(:com.google.android.gms@260235022@26.02.35 (150400-862924022):1)
02-06 18:12:59.477  4438 10754 E AuthPII : 	at cmky.run(:com.google.android.gms@260235022@26.02.35 (150400-862924022):118)
02-06 18:12:59.477  4438 10754 E AuthPII : 	at fjeu.run(:com.google.android.gms@260235022@26.02.35 (150400-862924022):19)
02-06 18:12:59.477  4438 10754 E AuthPII : 	at bcbg.c(:com.google.android.gms@260235022@26.02.35 (150400-862924022):50)
02-06 18:12:59.477  4438 10754 E AuthPII : 	at bcbg.run(:com.google.android.gms@260235022@26.02.35 (150400-862924022):73)
02-06 18:12:59.477  4438 10754 E AuthPII : 	at java.util.concurrent.ThreadPoolExecutor.runWorker(ThreadPoolExecutor.java:1167)
02-06 18:12:59.477  4438 10754 E AuthPII : 	at java.util.concurrent.ThreadPoolExecutor$Worker.run(ThreadPoolExecutor.java:641)
02-06 18:12:59.477  4438 10754 E AuthPII : 	at bcgx.run(:com.google.android.gms@260235022@26.02.35 (150400-862924022):8)
02-06 18:12:59.477  4438 10754 E AuthPII : 	at java.lang.Thread.run(Thread.java:923)
02-06 18:12:59.477  3012  3932 D StatusBarManagerService: notifyRequestedSystemKey recent=false home=false
02-06 18:12:59.477  4438 10754 E AuthPII : Message is Long live credential not available.
02-06 18:12:59.477  4438 10754 E AuthPII : bauw: Long live credential not available.
02-06 18:12:59.477  4438 10754 E AuthPII : 	at admt.a(:com.google.android.gms@260235022@26.02.35 (150400-862924022):1351)
02-06 18:12:59.477  4438 10754 E AuthPII : 	at adna.b(:com.google.android.gms@260235022@26.02.35 (150400-862924022):26)
02-06 18:12:59.477  4438 10754 E AuthPII : 	at admy.a(:com.google.android.gms@260235022@26.02.35 (150400-862924022):764)
02-06 18:12:59.477  4438 10754 E AuthPII : 	at admx.b(:com.google.android.gms@260235022@26.02.35 (150400-862924022):142)
02-06 18:12:59.477  4438 10754 E AuthPII : 	at adca.a(:com.google.android.gms@260235022@26.02.35 (150400-862924022):328)
02-06 18:12:59.477  4438 10754 E AuthPII : 	at acxg.f(:com.google.android.gms@260235022@26.02.35 (150400-862924022):24)
02-06 18:12:59.477  4438 10754 E AuthPII : 	at cmku.fC(:com.google.android.gms@260235022@26.02.35 (150400-862924022):1)
02-06 18:12:59.477  4438 10754 E AuthPII : 	at cmky.run(:com.google.android.gms@260235022@26.02.35 (150400-862924022):118)
02-06 18:12:59.477  4438 10754 E AuthPII : 	at fjeu.run(:com.google.android.gms@260235022@26.02.35 (150400-862924022):19)
02-06 18:12:59.477  4438 10754 E AuthPII : 	at bcbg.c(:com.google.android.gms@260235022@26.02.35 (150400-862924022):50)
02-06 18:12:59.477  4438 10754 E AuthPII : 	at bcbg.run(:com.google.android.gms@260235022@26.02.35 (150400-862924022):73)
02-06 18:12:59.477  4438 10754 E AuthPII : 	at java.util.concurrent.ThreadPoolExecutor.runWorker(ThreadPoolExecutor.java:1167)
02-06 18:12:59.477  4438 10754 E AuthPII : 	at java.util.concurrent.ThreadPoolExecutor$Worker.run(ThreadPoolExecutor.java:641)
02-06 18:12:59.477  4438 10754 E AuthPII : 	at bcgx.run(:com.google.android.gms@260235022@26.02.35 (150400-862924022):8)
02-06 18:12:59.477  4438 10754 E AuthPII : 	at java.lang.Thread.run(Thread.java:923)
02-06 18:12:59.478  2594  2614 E HYPER-HAL: [HandlerSysfs.cpp]doResourceHandling(): Couldn't Open Sysfs - /sys/class/scsi_host/host0/../../../clkscale_enable
02-06 18:12:59.479  2594  2614 I HYPER-HAL: [ResourceManager.cpp]updateResource(): [CPUMinFreq] UpdateResource Request ID : 4595015    Value : 2016000
02-06 18:12:59.482  3012  3932 W ActivityManager: Crash of app com.netease.open.pocoservice running instrumentation ComponentInfo{com.netease.open.pocoservice/androidx.test.runner.AndroidJUnitRunner}
02-06 18:12:59.482  3012  3932 I ActivityManager: Force stopping com.netease.open.pocoservice appid=10499 user=0: finished inst
02-06 18:12:59.482  3012  3932 V ActivityManager: Changed top to 10584,ProcessRecord{505cc94 27108:com.kyowon.literacy.store/u0a584}
02-06 18:12:59.494  3012  3932 D MARsPolicyManager: onPackageResumedFG pkgName = com.kyowon.literacy.store, userId = 0
02-06 18:12:59.496  3012  4289 I SemDvfsHyPerManager: acquire hyper - AMS_APP_SWITCH/3012@20, type = -999
02-06 18:12:59.497  2594  2614 I HYPER-HAL: [RequestManager.cpp]acquire(): Acquired ID : 4598048  [3012 / 20]    HINT : AMS_ACT_SWITCH    list : 
02-06 18:12:59.497  2594  2614 I HYPER-HAL: [ResourceManager.cpp]updateResource(): [CPULittleMinFreq] UpdateResource Request ID : 4598048    Value : 1804800
02-06 18:12:59.498  2594  2614 I HYPER-HAL: [ResourceManager.cpp]updateResource(): [CPUMinFreq] UpdateResource Request ID : 4598048    Value : 2016000
02-06 18:12:59.502  3012  4289 D ActivityManagerPerformance: AMP_acquire() APP_SWITCH
02-06 18:12:59.503  3012  4289 E libprocessgroup: Failed to write 'FROZEN' to /dev/freezer/olaf/freezer.state: No such file or directory
02-06 18:12:59.503  3012  4289 W libprocessgroup: Failed to apply DoSomethingOlaf task profile: No such file or directory
02-06 18:12:59.508  3012  3932 V WindowManager: Prepare app transition: transit=TRANSIT_ACTIVITY_OPEN mNextAppTransition=TRANSIT_TASK_OPEN alwaysKeepCurrent=false displayId=0 Callers=com.android.server.wm.DisplayContent.prepareAppTransition:5809 com.android.server.wm.DisplayContent.prepareAppTransition:5803 com.android.server.wm.ActivityStack.resumeTopActivityInnerLocked:2267 com.android.server.wm.ActivityStack.resumeTopActivityUncheckedLocked:1873 com.android.server.wm.ActivityRecord.makeActiveIfNeeded:5510 
02-06 18:12:59.509  3012  3932 D InputDispatcher: Focused application set to (0): afefb55
02-06 18:12:59.509  3012  3932 D GameManagerService: TaskStackListener.onTaskFocusChanged(), taskId=3593, focused=true
02-06 18:12:59.510  3012  3932 V WindowManager: rotationForOrientation(orient=SCREEN_ORIENTATION_LANDSCAPE (0), last=ROTATION_90 (1)); user=ROTATION_0 (0) 
02-06 18:12:59.510  3012  3932 D WindowManager: rotationForOrientation, orientationSource=ActivityRecord{afefb55 u0 com.kyowon.literacy.store/com.kyowon.literacy.ui.login.activity.LoginActivity t3593}
02-06 18:12:59.510  3012  3932 V WindowOrientationListener: getProposedRotation: 1
02-06 18:12:59.511  3012  3932 V WindowManager: Computed rotation=ROTATION_90 (1) for display id=0 based on lastOrientation=SCREEN_ORIENTATION_LANDSCAPE (0) and oldRotation=ROTATION_90 (1), caller=com.android.server.wm.DisplayRotation.updateOrientation:394 com.android.server.wm.DisplayContent.updateOrientation:1698 com.android.server.wm.DisplayContent.updateOrientation:1626 com.android.server.wm.RootWindowContainer.ensureVisibilityAndConfig:2164 com.android.server.wm.ActivityStack.resumeTopActivityInnerLocked:2340 com.android.server.wm.ActivityStack.resumeTopActivityUncheckedLocked:1873 
02-06 18:12:59.511  3012  3932 D TspStateManager: updateCustomValue customSetting=
02-06 18:12:59.513  3012  3932 D TspStateManager: updateCustomValue customSetting=
02-06 18:12:59.514  3012  3932 D MARsPolicyManager: onPackageResumedFG pkgName = com.kyowon.literacy.store, userId = 0
02-06 18:12:59.515  3012  3932 W WindowManager: Execute app transition: mNextAppTransition=TRANSIT_TASK_OPEN, displayId: 0 Callers=com.android.server.wm.RootWindowContainer.executeAppTransitionForAllDisplay:2598 com.android.server.wm.ActivityStackSupervisor.reportResumedActivityLocked:2267 com.android.server.wm.ActivityRecord.completeResumeLocked:5710 com.android.server.wm.ActivityStack.resumeTopActivityInnerLocked:2434 com.android.server.wm.ActivityStack.resumeTopActivityUncheckedLocked:1873 
02-06 18:12:59.517  3012  3220 D GameManagerService: onLooperPrepared(), msg: MSG_TASK_FOCUSED, focusedComponent: ComponentInfo{com.kyowon.literacy.store/com.kyowon.literacy.ui.login.activity.LoginActivity}
02-06 18:12:59.517  3012  3220 D GameManagerService: handleTaskFocused().
02-06 18:12:59.517  3012  3220 D GameManagerService: sendFocusOutConditionally() - mPrevNotiPackage: (unknown)
02-06 18:12:59.517  3012  3220 D GameManagerService:   handleTaskFocused(), pkgName: com.kyowon.literacy.store, clsName: com.kyowon.literacy.ui.login.activity.LoginActivity, userID:0
02-06 18:12:59.523  3012  3932 W WindowManager: Execute app transition: mNextAppTransition=TRANSIT_TASK_OPEN, displayId: 0 Callers=com.android.server.wm.ActivityStack.executeAppTransition:4054 com.android.server.wm.RootWindowContainer.resumeFocusedStacksTopActivities:2702 com.android.server.wm.RootWindowContainer.resumeFocusedStacksTopActivities:2664 com.android.server.wm.ActivityTaskManagerService$LocalService.handleAppDied:8326 com.android.server.am.ActivityManagerService.handleAppDiedLocked:4627 
02-06 18:12:59.524  3012  3932 W WindowManager: Execute app transition: mNextAppTransition=TRANSIT_TASK_OPEN, displayId: 0 Callers=com.android.server.wm.ActivityStack.executeAppTransition:4054 com.android.server.wm.ActivityStack.resumeTopActivityInnerLocked:1994 com.android.server.wm.ActivityStack.resumeTopActivityUncheckedLocked:1873 com.android.server.wm.RootWindowContainer.resumeFocusedStacksTopActivities:2731 com.android.server.wm.RootWindowContainer.resumeFocusedStacksTopActivities:2664 
02-06 18:12:59.529  3012  3081 I SemDvfsHyPerManager: acquire hyper - APP_LAUNCH/3012@19, type = -999
02-06 18:12:59.530  2594  2614 I HYPER-HAL: [RequestManager.cpp]acquire(): Acquired ID : 4595015  [3012 / 19]    HINT : APP_LAUNCH    list : 
02-06 18:12:59.530  2594  2614 I HYPER-HAL: [ResourceManager.cpp]updateResource(): [CPULittleMinFreq] UpdateResource Request ID : 4595015    Value : 1804800
02-06 18:12:59.531  2594  2614 E HYPER-HAL: [HandlerSysfs.cpp]doResourceHandling(): Couldn't Open Sysfs - /sys/class/scsi_host/host0/../../../clkscale_enable
02-06 18:12:59.531  2594  2614 I HYPER-HAL: [ResourceManager.cpp]updateResource(): [CPUMinFreq] UpdateResource Request ID : 4595015    Value : 2016000
02-06 18:12:59.534   862   924 I Layer   : id=109862 removeFromCurrentState ActivityRecord{a39365a u0 com.netease.open.pocoservice/.TestActivity t3641}#0 (53)
02-06 18:12:59.534   862   924 I Layer   : id=109861 removeFromCurrentState Task=3641#0 (53)
02-06 18:12:59.538   862  1519 I SurfaceFlinger: id=109862 Removed ActivityRecord{a39365a u0 com.netease.open.pocoservice/.TestActivity t3641}#0 (53)
02-06 18:12:59.538   862  1519 I SurfaceFlinger: id=109861 Removed Task=3641#0 (53)
02-06 18:12:59.547  3012  3062 D ActivityTaskManager: finishFixedRotationTransform, r=ActivityRecord{afefb55 u0 com.kyowon.literacy.store/com.kyowon.literacy.ui.login.activity.LoginActivity t3593}, caller=com.android.server.wm.WindowToken.finishFixedRotationTransform:664 com.android.server.wm.DisplayContent$FixedRotationTransitionListener.onAppTransitionFinishedLocked:7026 com.android.server.wm.AppTransition.notifyAppTransitionFinishedLocked:543 com.android.server.wm.DisplayContent.handleAnimatingStoppedAndTransition:5836 com.android.server.wm.RootWindowContainer.checkAppTransitionReady:1264 
02-06 18:12:59.558   862   862 I Layer   : id=109861[1] Destroyed Task=3641#0
02-06 18:12:59.558   862   862 I Layer   : id=109862[1] Destroyed ActivityRecord{a39365a u0 com.netease.open.pocoservice/.TestActivity t3641}#0
02-06 18:12:59.559  3012  3624 I ActivityTaskManager: START u0 {flg=0x10000000 cmp=com.netease.open.pocoservice/.TestActivity} from uid 2000
02-06 18:12:59.561  3012  7150 I InputDispatcher: Focus entered window (27108): e637b04 in display 0 0
02-06 18:12:59.563  3012  3624 D ActivityTaskManager: TaskLaunchParamsModifier:task=null activity=ActivityRecord{2dfeaff u0 com.netease.open.pocoservice/.TestActivity task-display-area=DefaultTaskDisplayArea@168164836 display-area-windowing-mode=1
02-06 18:12:59.563  3012  4289 I SemDvfsHyPerManager: acquire hyper - AMS_APP_SWITCH/3012@20, type = -999
02-06 18:12:59.563  3012  3624 D ActivityTaskManager: TaskLaunchParamsModifier:task=null activity=ActivityRecord{2dfeaff u0 com.netease.open.pocoservice/.TestActivity t-1} task-display-area=DefaultTaskDisplayArea@168164836 display-area-windowing-mode=1 non-freeform-display maximized-bounds
02-06 18:12:59.564  3012  4289 D ActivityManagerPerformance: AMP_acquire() APP_SWITCH
02-06 18:12:59.564   862   924 I SurfaceFlinger: id=109863 createSurf (0x0),-1 flag=24004, Task=3642#0
02-06 18:12:59.565  3012  4289 E libprocessgroup: Failed to write 'FROZEN' to /dev/freezer/olaf/freezer.state: No such file or directory
02-06 18:12:59.565  3012  4289 W libprocessgroup: Failed to apply DoSomethingOlaf task profile: No such file or directory
02-06 18:12:59.565  3012  3323 D DexPreloader: create a new DexPreloadTask pkg:com.netease.open.pocoservice  path:/data/app/~~fkxe-PwEwpS3aOAmL9X4_A==/com.netease.open.pocoservice-JE6kp9AlGetf5MSP_9m6gQ==
02-06 18:12:59.566  2594  2614 I HYPER-HAL: [RequestManager.cpp]acquire(): Acquired ID : 4598048  [3012 / 20]    HINT : AMS_ACT_SWITCH    list : 
02-06 18:12:59.566  2594  2614 I HYPER-HAL: [ResourceManager.cpp]updateResource(): [CPULittleMinFreq] UpdateResource Request ID : 4598048    Value : 1804800
02-06 18:12:59.570  2594  2614 I HYPER-HAL: [ResourceManager.cpp]updateResource(): [CPUMinFreq] UpdateResource Request ID : 4598048    Value : 2016000
02-06 18:12:59.579  3012  3624 D ActivityTaskManager: TaskLaunchParamsModifier:task=Task{32af0cc #3642 visible=false type=standard mode=fullscreen translucent=true A=10499:com.netease.open.pocoservice U=0 StackId=3642 sz=0} activity=ActivityRecord{2dfeaff u0 com.netease.open.pocoservice/.TestActivity t-1} display-from-task=0 task-display-area=DefaultTaskDisplayArea@168164836 display-area-windowing-mode=1 non-freeform-display maximized-bounds
02-06 18:12:59.580   862   924 I SurfaceFlinger: id=109864 createSurf (0x0),-1 flag=80004, ActivityRecord{2dfeaff u0 com.netease.open.pocoservice/.TestActivity t3642}#0
02-06 18:12:59.588  3012  3624 V WindowManager: Prepare app transition: transit=TRANSIT_TASK_OPEN mNextAppTransition=TRANSIT_UNSET alwaysKeepCurrent=false displayId=0 Callers=com.android.server.wm.DisplayContent.prepareAppTransition:5809 com.android.server.wm.DisplayContent.prepareAppTransition:5803 com.android.server.wm.ActivityStack.startActivityLocked:2595 com.android.server.wm.ActivityStarter.startActivityInner:2674 com.android.server.wm.ActivityStarter.startActivityUnchecked:2205 
02-06 18:12:59.602 27108 27108 I ViewRootImpl@dd268ff[LoginActivity]: stopped(false) old=false
02-06 18:12:59.603 27108 27108 V MediaPlayer-JNI: native_setup
02-06 18:12:59.603 27108 27108 V MediaPlayerNative: constructor
02-06 18:12:59.604 27108 27108 V MediaPlayerNative: setListener
02-06 18:12:59.607 27108 27108 V MediaPlayer-JNI: setVolume: left 1.000000  right 1.000000
02-06 18:12:59.607 27108 27108 V MediaPlayerNative: MediaPlayer::setVolume(1.000000, 1.000000)
02-06 18:12:59.607 27108 27108 V MediaPlayer-JNI: setAuxEffectSendLevel: level 0.000000
02-06 18:12:59.607 27108 27108 V MediaPlayerNative: MediaPlayer::setAuxEffectSendLevel(0.000000)
02-06 18:12:59.607 27108 27108 V MediaPlayer-JNI: setParameter: key 1400
02-06 18:12:59.607 27108 27108 V MediaPlayerNative: MediaPlayer::setParameter(1400)
02-06 18:12:59.607 27108 27108 V MediaPlayer-JNI: set_session_id(): 9569
02-06 18:12:59.607 27108 27108 V MediaPlayerNative: MediaPlayer::setAudioSessionId(9569)
02-06 18:12:59.608 27108 27108 V MediaPlayer-JNI: setDataSourceFD: fd 79
02-06 18:12:59.608 27108 27108 V MediaPlayerNative: setDataSource(79, 80149264, 611808)
02-06 18:12:59.608  2588 15318 V MediaPlayerService: Create new client(344) from pid 27108, uid 10584, 
02-06 18:12:59.609  2588 26811 V MediaPlayerService: setDataSource fd=8, offset=80149264, length=611808
02-06 18:12:59.609  2588 26811 V MediaPlayerService: st_dev  = 66352
02-06 18:12:59.609  2588 26811 V MediaPlayerService: st_mode = 33188
02-06 18:12:59.609  2588 26811 V MediaPlayerService: st_uid  = 1000
02-06 18:12:59.609  2588 26811 V MediaPlayerService: st_gid  = 1000
02-06 18:12:59.609  2588 26811 V MediaPlayerService: st_size = 93400764
02-06 18:12:59.609  2588 26811 V MediaPlayerService: player type = 4
02-06 18:12:59.609  2588 26811 D NuPlayerDriver: NuPlayerDriver(0xf6f4e480) created, clientPid(27108)
02-06 18:12:59.609  3012  3624 I SemDvfsHyPerManager: acquire hyper - AMS_APP_LAUNCH/3012@23, type = -999
02-06 18:12:59.609  2594  2614 I HYPER-HAL: [RequestManager.cpp]acquire(): Acquired ID : 4607153  [3012 / 23]    HINT : AMS_APP_LAUNCH    list : 
02-06 18:12:59.609  2594  2614 I HYPER-HAL: [ResourceManager.cpp]updateResource(): [CPULittleMinFreq] UpdateResource Request ID : 4607153    Value : 1804800
02-06 18:12:59.610  2594  2614 E HYPER-HAL: [HandlerSysfs.cpp]doResourceHandling(): Couldn't Open Sysfs - /sys/class/scsi_host/host0/../../../clkscale_enable
02-06 18:12:59.611  2594  2614 I HYPER-HAL: [ResourceManager.cpp]updateResource(): [CPUMinFreq] UpdateResource Request ID : 4607153    Value : 2016000
02-06 18:12:59.613  4264  4268 I cmd     : oneway function results will be dropped but finished with status OK and parcel size 4
02-06 18:12:59.620  2588 26811 V AudioSink: AudioOutput(9569)
02-06 18:12:59.621  2588 26811 V NuPlayerDriver: setDataSource(0xf6f4e480) file(8)
02-06 18:12:59.621  2588  4276 V NuPlayer: kWhatSetAudioSink
02-06 18:12:59.621  2588 26811 V NuPlayer: setDataSourceAsync fd 8/80149264/611808 source: 0xf6f5cd00
02-06 18:12:59.621  2588  4276 V NuPlayer: kWhatSetDataSource
02-06 18:12:59.622 27108 27108 V MediaPlayerNative: setVideoSurfaceTexture
02-06 18:12:59.622  2588 26811 V MediaPlayerService: [344] setVideoSurfaceTexture(0x0)
02-06 18:12:59.622 27108 27108 V MediaPlayerNative: prepare
02-06 18:12:59.622  2588 15318 V MediaPlayerService: [344] setParameter(1400)
02-06 18:12:59.622  2588 15318 V MediaPlayerService: setAudioAttributes_l() usage=0 content=0 flags=0x800 tags=
02-06 18:12:59.623  2588 15318 E AudioSystem: invalid attributes { Content type: AUDIO_CONTENT_TYPE_UNKNOWN Usage: AUDIO_USAGE_UNKNOWN Source: -1 Flags: 0x800 Tags:  } when converting to stream
02-06 18:12:59.623  2588  3027 V MediaPlayerService: [344] prepareAsync
02-06 18:12:59.623  2588  3027 V NuPlayerDriver: prepareAsync(0xf6f4e480)
02-06 18:12:59.623  2588  3027 V NuPlayer: prepareAsync
02-06 18:12:59.623  2588  4276 V NuPlayer: onMessageReceived kWhatPrepare
02-06 18:12:59.623  2588  4276 I MediaMonitor: MediaMonitor()
02-06 18:12:59.630  1061  1061 I DrmManagerService(Native): value of perm = 2
02-06 18:12:59.631  1061  1061 E SEC_DRM_PLUGIN_Omafl: OmaPlugin::onOpenDecryptSession(fd)::Drm2IsDrmFileByExtFd::file is NOT DRM by extension
02-06 18:12:59.631  3012  7144 I ActivityTaskManager: START u0 {flg=0x10000000 cmp=com.netease.open.pocoservice/.TestActivity} from uid 2000
02-06 18:12:59.633  3012  7144 D ActivityTaskManager: TaskLaunchParamsModifier:task=null activity=ActivityRecord{67c4db8 u0 com.netease.open.pocoservice/.TestActivity task-display-area=DefaultTaskDisplayArea@168164836 display-area-windowing-mode=1
02-06 18:12:59.634  3012  7144 D ActivityTaskManager: TaskLaunchParamsModifier:task=Task{32af0cc #3642 visible=false type=standard mode=fullscreen translucent=true A=10499:com.netease.open.pocoservice U=0 StackId=3642 sz=1} activity=ActivityRecord{67c4db8 u0 com.netease.open.pocoservice/.TestActivity t-1} display-from-task=0 task-display-area=DefaultTaskDisplayArea@168164836 display-area-windowing-mode=1 non-freeform-display maximized-bounds
02-06 18:12:59.637  2588  4277 D GenericSource: FileSource remote
02-06 18:12:59.639  3912  3912 D app_process: Time zone APEX ICU file found: /apex/com.android.tzdata/etc/icu/icu_tzdata.dat
02-06 18:12:59.639  3912  3912 D app_process: I18n APEX ICU file found: /apex/com.android.i18n/etc/icu/icudt66l.dat
02-06 18:12:59.640  4265  4271 I cmd     : oneway function results will be dropped but finished with status OK and parcel size 4
02-06 18:12:59.641  1076 27573 I MediaExtractorFactory: Created an extractor 'SECMP3Extractor' with confidence 0.21
02-06 18:12:59.641  3012  3932 I WindowManager:   Force finishing activity ActivityRecord{2dfeaff u0 com.netease.open.pocoservice/.TestActivity t3642}
02-06 18:12:59.641  3012  3932 I WindowManager: Add to removeList. it will finish after. ActivityRecord{2dfeaff u0 com.netease.open.pocoservice/.TestActivity t3642}
02-06 18:12:59.643  3012  3932 I ActivityTaskManager: Removing activity ActivityRecord{2dfeaff u0 com.netease.open.pocoservice/.TestActivity t3642 f}}(finish-imm:finishIfPossible hadNoApp)  from stack callers=com.android.server.wm.ActivityRecord.destroyImmediately:3521 com.android.server.wm.ActivityRecord.destroyIfPossible:3390 com.android.server.wm.ActivityRecord.completeFinishing:3349 com.android.server.wm.ActivityRecord.finishIfPossible:3224 com.android.server.wm.ActivityRecord.finishIfPossible:3053 
02-06 18:12:59.643  3012  3932 I SurfaceControl: nativeRelease nativeObject s[-5476376620521920416]
02-06 18:12:59.643  3012  3932 I SurfaceControl: nativeRelease nativeObject e[-5476376620521920416]
02-06 18:12:59.643  3012  3932 I SurfaceControl: nativeRelease nativeObject s[-5476376620521921536]
02-06 18:12:59.643  3012  3932 I SurfaceControl: nativeRelease nativeObject e[-5476376620521921536]
02-06 18:12:59.647   862  2572 I Layer   : id=109863 removeFromCurrentState Task=3642#0 (53)
02-06 18:12:59.648   862  2572 I Layer   : id=109864 removeFromCurrentState ActivityRecord{2dfeaff u0 com.netease.open.pocoservice/.TestActivity t3642}#0 (53)
02-06 18:12:59.648   862  2572 I Layer   : id=109864 removeFromCurrentState ActivityRecord{2dfeaff u0 com.netease.open.pocoservice/.TestActivity t3642}#0 (53)
02-06 18:12:59.653  3012  3932 D StorageManagerService: getExternalStorageMountMode: uid=10499 packageName=com.netease.open.pocoservice
02-06 18:12:59.653  3012  3932 D CompatibilityChangeReporter: Compat change id reported: 135634846; UID 10499; state: DISABLED
02-06 18:12:59.654  3012  3932 D CompatibilityChangeReporter: Compat change id reported: 135754954; UID 10499; state: ENABLED
02-06 18:12:59.655  2588  4277 I AnotherPacketSource: setFormat() audio
02-06 18:12:59.655  2588  4276 V NuPlayer: onSourceNotify() kWhatFlagsChanged  FLAG_CAN_PAUSE: 1  FLAG_CAN_SEEK_BACKWARD: 1 
02-06 18:12:59.655  2588  4276 V NuPlayer: 				 FLAG_CAN_SEEK_FORWARD: 1  FLAG_CAN_SEEK: 1  FLAG_DYNAMIC_DURATION: 0 
02-06 18:12:59.655  2588  4276 V NuPlayer: 				 FLAG_SECURE: 0  FLAG_PROTECTED: 0
02-06 18:12:59.656  2588  4277 V NuPlayer: Source::notifyPrepared 0
02-06 18:12:59.656  2588  4276 V NuPlayer: prepare posted successfully.
02-06 18:12:59.656  3012  3082 D CompatibilityChangeReporter: Compat change id reported: 143937733; UID 10499; state: ENABLED
02-06 18:12:59.656  2588  4276 I NuPlayer: ORmode enabled : unsupportedAudio = 0, unsupportedVideo = 0, mHaveAudioTrack = 1, mHaveVideoTrack = 0
02-06 18:12:59.656  2588  4276 V MediaPlayerService: [344] notify (200, 10973, 0)
02-06 18:12:59.656  2588  4276 V NuPlayer: NuPlayer::onSourceNotify Source::kWhatPrepared source: 0xf6f5cd00
02-06 18:12:59.656 27108 31456 V MediaPlayerNative: message received msg=200, ext1=10973, ext2=0
02-06 18:12:59.656 27108 31456 W MediaPlayerNative: info/warning (10973, 0)
02-06 18:12:59.657  2588  4276 V NuPlayer: extractMetadata Tracks : 1
02-06 18:12:59.657  2589  2631 E Netd    : getNetworkForDns: getNetId from enterpriseCtrl is netid 0
02-06 18:12:59.658   862  2572 I SurfaceFlinger: id=109863 Removed Task=3642#0 (53)
02-06 18:12:59.657  8119  8189 I FASProvider: makeValuesForFasUpdate contentValues = package_name=com.netease.open.pocoservice extras=0 reason=deleted_from_mars_auto disableReason=deleted_from_mars_auto uid=10499 mode=0 level=1 resetTime=0
02-06 18:12:59.658   862  1520 I SurfaceFlinger: id=109864 Removed ActivityRecord{2dfeaff u0 com.netease.open.pocoservice/.TestActivity t3642}#0 (53)
02-06 18:12:59.658  2589  2631 E Netd    : getNetworkForDns: getNetId from enterpriseCtrl is netid 0
02-06 18:12:59.659  2588  4276 V NuPlayer: enableInbandTextFromExtr
02-06 18:12:59.660  2588  4276 V NuPlayerDriver: notifyPrepareCompleted 0
02-06 18:12:59.660  2588  4276 V MediaPlayerService: [344] notify (1, 0, 0)
02-06 18:12:59.660 27108 31456 V MediaPlayerNative: message received msg=1, ext1=0, ext2=0
02-06 18:12:59.660 27108 31456 V MediaPlayerNative: MediaPlayer::notify() prepared
02-06 18:12:59.660 27108 31456 V MediaPlayerNative: signal application thread
02-06 18:12:59.660 27108 27108 V MediaPlayerNative: prepare complete - status=0
02-06 18:12:59.665  3012  3059 W Looper  : Slow dispatch took 223ms android.ui h=com.android.server.am.ActivityManagerService$UiHandler c=null m=53
02-06 18:12:59.665  3012  3059 W Looper  : Slow delivery took 221ms android.ui h=com.android.server.am.ActivityManagerService$UiHandler c=null m=32
02-06 18:12:59.666  2587  4390 I CameraService: UidPolicy: No processes running for a uid=10499 disabled=0
02-06 18:12:59.673  7990  7990 E adbd    : failed to connect to socket 'tcp:10080': Connection refused
02-06 18:12:59.674  2589  2631 E Netd    : getNetworkForDns: getNetId from enterpriseCtrl is netid 0
02-06 18:12:59.680  2584  2584 D Zygote  : Forked child process 4279
02-06 18:12:59.683  2589  2631 E Netd    : getNetworkForDns: getNetId from enterpriseCtrl is netid 0
02-06 18:12:59.685  7990  7990 E adbd    : failed to connect to socket 'tcp:10080': Connection refused
02-06 18:12:59.694 27108 27108 V MediaPlayerNative: invoke 76
02-06 18:12:59.694  2588 26811 V NuPlayer: getTrackInfo
02-06 18:12:59.695  2588  4276 W NuPlayer: no name
02-06 18:12:59.702  3012 14608 I ActivityManager: Failure reporting to instrumentation watcher: comp=ComponentInfo{com.netease.open.pocoservice/androidx.test.runner.AndroidJUnitRunner} results=Bundle[{shortMsg=Process crashed.}]
02-06 18:12:59.703 27108 27108 V MediaPlayer-JNI: setLooping: 1
02-06 18:12:59.703 27108 27108 V MediaPlayerNative: MediaPlayer::setLooping
02-06 18:12:59.703  2588 15318 V MediaPlayerService: [344] setLooping(1)
02-06 18:12:59.704 27108 27108 V MediaPlayer-JNI: setVolume: left 0.800000  right 0.800000
02-06 18:12:59.704 27108 27108 V MediaPlayerNative: MediaPlayer::setVolume(0.800000, 0.800000)
02-06 18:12:59.704  3520  3520 D AndroidRuntime: Shutting down VM
02-06 18:12:59.704  2588 26811 V MediaPlayerService: [344] setVolume(0.800000, 0.800000)
02-06 18:12:59.704  2588 26811 V AudioSink: setVolume(0.800000, 0.800000)
02-06 18:12:59.705 27108 27108 V MediaPlayer-JNI: start
02-06 18:12:59.705 27108 27108 V MediaPlayerNative: start
02-06 18:12:59.705  2588 26811 V MediaPlayerService: [344] setLooping(1)
02-06 18:12:59.705  3012  3012 D AudioPlayerStateMonitor: Found a new active media playback. AudioPlaybackConfiguration piid:3071 type:android.media.MediaPlayer u/pid:10584/27108 state:started attr:AudioAttributes: usage=USAGE_UNKNOWN content=CONTENT_TYPE_UNKNOWN flags=0x800 tags= bundle=null
02-06 18:12:59.705  3012  3012 D MediaSessionService: Audio playback is changed, config=AudioPlaybackConfiguration piid:3071 type:android.media.MediaPlayer u/pid:10584/27108 state:started attr:AudioAttributes: usage=USAGE_UNKNOWN content=CONTENT_TYPE_UNKNOWN flags=0x800 tags= bundle=null, removed=false
02-06 18:12:59.706  3012  3012 D MediaSessionStack: updateMediaButtonSessionIfNeeded, callers=com.android.server.media.MediaSessionService.lambda$onStart$0$MediaSessionService:214 com.android.server.media.-$$Lambda$MediaSessionService$za_9dlUSlnaiZw6eCdPVEZq0XLw.onAudioPlayerActiveStateChanged:2 
02-06 18:12:59.706  3012  3012 D MediaSessionStack: updateMediaButtonSessionIfNeeded, skipping uid=10584
02-06 18:12:59.706  3012  3012 D MediaSessionStack: updateMediaButtonSessionIfNeeded, skipping uid=10099
02-06 18:12:59.706  2588 26811 V MediaPlayerService: [344] setVolume(0.800000, 0.800000)
02-06 18:12:59.706  2588 26811 V AudioSink: setVolume(0.800000, 0.800000)
02-06 18:12:59.707  2588 15318 V MediaPlayerService: [344] setAuxEffectSendLevel(0.000000)
02-06 18:12:59.707  2588 15318 V AudioSink: setAuxEffectSendLevel(0.000000)
02-06 18:12:59.707  2588 15318 V MediaPlayerService: [344] start
02-06 18:12:59.707  2588 15318 V NuPlayerDriver: start(0xf6f4e480), state is 4, eos is 0
02-06 18:12:59.707  2588  4276 V NuPlayer: kWhatStart
02-06 18:12:59.707  2588  4276 V NuPlayer: onStart: mCrypto: 0x0 (0)
02-06 18:12:59.707  2588  4276 I GenericSource: start
02-06 18:12:59.707  2588  4276 V NuPlayer: checkOffloadExceptions is true, call canOffloadStream
02-06 18:12:59.707  2586 16725 V APM_AudioPolicyManager: isOffloadSupported: SR=48000, CM=0x3, Format=0x1000000, StreamType=3, BitRate=320000, duration=20616000 us, has_video=0
02-06 18:12:59.707  2586 16725 V APM_AudioPolicyManager: Offload denied by duration < default min(=40)
02-06 18:12:59.707  2588  4276 I MediaClock: setPlaybackRate rate : 1.000000
02-06 18:12:59.709  3012  3061 D EnterpriseDeviceManagerService: isMdmAdminPresentInternal() : MDM Admin Found - com.sec.enterprise.knox.cloudmdm.smdms
02-06 18:12:59.710  2588  4296 I NuPlayerRenderer: onConfigPlayback
02-06 18:12:59.710  2588  4296 I MediaClock: setPlaybackRate rate : 1.000000
02-06 18:12:59.710  2588  4296 I MediaClock: setSpeedAjust mSASpeed (0), mMinClockModificationTimeUs (80000)
02-06 18:12:59.710  2588  4276 I NuPlayerRenderer: setLooping (1)
02-06 18:12:59.710  2588  4276 I NuPlayerRenderer: setDuration (20616000)
02-06 18:12:59.710  2588  4276 V NuPlayer: startPlaybackTimer() time      800526717182068 (onstart)
02-06 18:12:59.710  2588  4276 V NuPlayer: scanning sources haveAudio=0, haveVideo=0
02-06 18:12:59.711  2588  4276 V NuPlayer: checkOffloadExceptions is true, call canOffloadStream
02-06 18:12:59.711  2586 16725 V APM_AudioPolicyManager: isOffloadSupported: SR=48000, CM=0x3, Format=0x1000000, StreamType=3, BitRate=320000, duration=20616000 us, has_video=0
02-06 18:12:59.711  2586 16725 V APM_AudioPolicyManager: Offload denied by duration < default min(=40)
02-06 18:12:59.711  2588  4276 V NuPlayer: make Decoder (audio)
02-06 18:12:59.711  2588  4276 V NuPlayer: instantiateDecoder audio Decoder
02-06 18:12:59.711  2588  4296 I NuPlayerRenderer: kWhatSetRefRate - refRate(1.000000)
02-06 18:12:59.715  2588  4299 I CCodec  : state->set(ALLOCATING)
02-06 18:12:59.715  2588  4299 I CCodec  : allocate(c2.sec.mp3.decoder)
02-06 18:12:59.719  2588  4299 I CCodec  : setting up 'default' as default (vendor) store
02-06 18:12:59.721  1093  5509 I C2SecMp3Dec: in CreateCodec2Factory
02-06 18:12:59.721  1093  5509 I SEC_componentStore: GetCodec2SecComponentStore+++++++++++++
02-06 18:12:59.721  1093  5509 I SEC_componentStore: GetCodec2SecComponentStore--------------default
02-06 18:12:59.722  4279  4279 I pen.pocoservic: Late-enabling -Xcheck:jni
02-06 18:12:59.727  2588  4299 I CCodec  : Created component [c2.sec.mp3.decoder]
02-06 18:12:59.727  2588  4299 I CCodec  : state->set(ALLOCATED)
02-06 18:12:59.727  2588  4299 D CCodecConfig: read media type: audio/mpeg
02-06 18:12:59.731  3912  3912 I app_process: The ClassLoaderContext is a special shared library.
02-06 18:12:59.732  2588  4299 D ReflectedParamUpdater: extent() != 1 for single value type: algo.buffers.max-count.values
02-06 18:12:59.732   862   862 I Layer   : id=109863[1] Destroyed Task=3642#0
02-06 18:12:59.733   862   862 I Layer   : id=109864[1] Destroyed ActivityRecord{2dfeaff u0 com.netease.open.pocoservice/.TestActivity t3642}#0
02-06 18:12:59.733  2588  4299 D ReflectedParamUpdater: extent() != 1 for single value type: output.subscribed-indices.values
02-06 18:12:59.733  2588  4299 D ReflectedParamUpdater: extent() != 1 for single value type: input.buffers.allocator-ids.values
02-06 18:12:59.733  2588  4299 D ReflectedParamUpdater: extent() != 1 for single value type: output.buffers.allocator-ids.values
02-06 18:12:59.734  2588  4299 D ReflectedParamUpdater: extent() != 1 for single value type: algo.buffers.allocator-ids.values
02-06 18:12:59.734  2588  4299 D ReflectedParamUpdater: extent() != 1 for single value type: output.buffers.pool-ids.values
02-06 18:12:59.734  2588  4299 D ReflectedParamUpdater: extent() != 1 for single value type: algo.buffers.pool-ids.values
02-06 18:12:59.737  2588  4299 I CCodecConfig: query failed after returning 7 values (BAD_INDEX)
02-06 18:12:59.738  2588  4299 D CCodecConfig: c2 config diff is Dict {
02-06 18:12:59.738  2588  4299 D CCodecConfig:   c2::u32 coded.bitrate.value = 64000
02-06 18:12:59.738  2588  4299 D CCodecConfig:   c2::u32 input.buffers.max-size.value = 8192
02-06 18:12:59.738  2588  4299 D CCodecConfig:   c2::u32 input.delay.value = 0
02-06 18:12:59.738  2588  4299 D CCodecConfig:   string input.media-type.value = "audio/mpeg"
02-06 18:12:59.738  2588  4299 D CCodecConfig:   string output.media-type.value = "audio/raw"
02-06 18:12:59.738  2588  4299 D CCodecConfig:   c2::u32 raw.channel-count.value = 2
02-06 18:12:59.738  2588  4299 D CCodecConfig:   c2::u32 raw.sample-rate.value = 44100
02-06 18:12:59.738  2588  4299 D CCodecConfig: }
02-06 18:12:59.739  2588  4299 D CCodec  : [c2.sec.mp3.decoder] buffers are bound to CCodec for this session
02-06 18:12:59.740  2588  4299 D CCodecConfig: no c2 equivalents for durationUs
02-06 18:12:59.740  2588  4299 D CCodecConfig: no c2 equivalents for bits-per-sample
02-06 18:12:59.740  2588  4299 D CCodecConfig: no c2 equivalents for encoder-delay
02-06 18:12:59.740  2588  4299 D CCodecConfig: no c2 equivalents for encoder-padding
02-06 18:12:59.740  2588  4299 D CCodecConfig: no c2 equivalents for app-pid
02-06 18:12:59.740  2588  4299 D CCodecConfig: no c2 equivalents for flags
02-06 18:12:59.741  2588  4299 D CCodecConfig: c2 config diff is   c2::u32 raw.sample-rate.value = 48000
02-06 18:12:59.743  2588  4299 W Codec2Client: query -- param skipped: index = 1107298332.
02-06 18:12:59.743  2588  4299 D CCodec  : setup formats input: AMessage(what = 0x00000000) = {
02-06 18:12:59.743  2588  4299 D CCodec  :   int32_t channel-count = 2
02-06 18:12:59.743  2588  4299 D CCodec  :   int32_t max-input-size = 8192
02-06 18:12:59.743  2588  4299 D CCodec  :   string mime = "audio/mpeg"
02-06 18:12:59.743  2588  4299 D CCodec  :   int32_t sample-rate = 48000
02-06 18:12:59.743  2588  4299 D CCodec  :   int64_t durationUs = 20616000
02-06 18:12:59.743  2588  4299 D CCodec  : } and output: AMessage(what = 0x00000000) = {
02-06 18:12:59.743  2588  4299 D CCodec  :   int32_t channel-count = 2
02-06 18:12:59.743  2588  4299 D CCodec  :   string mime = "audio/raw"
02-06 18:12:59.743  2588  4299 D CCodec  :   int32_t sample-rate = 48000
02-06 18:12:59.743  2588  4299 D CCodec  :   int32_t encoder-delay = 576
02-06 18:12:59.743  2588  4299 D CCodec  :   int32_t encoder-padding = 1564
02-06 18:12:59.743  2588  4299 D CCodec  : }
02-06 18:12:59.744   541  1113 I servicemanager: Found vendor.samsung.frameworks.codecsolution.ISehCodecSolution/default in framework VINTF manifest.
02-06 18:12:59.748  3012  8912 D SehCodecSolutionService: updateMediaStatisticsData: (action=1@1986621044;category=4@1986621044;label=1936945203@1986621044)
02-06 18:12:59.750  3012  8912 D CodecSolution_MediaStatisticsData: MediaStatisticsData: action=1@1986621044;category=4@1986621044;label=1936945203@1986621044
02-06 18:12:59.750  3012  8912 D CodecSolution_MediaStatisticsData: Category.valueOf: 4
02-06 18:12:59.750  3012  8912 D CodecSolution_MediaStatisticsData: Action.valueOf: 1
02-06 18:12:59.750  3012  8912 D CodecSolution_MediaStatisticsData: Label.valueOf: 0x73737033
02-06 18:12:59.750  3012  8912 D CodecSolution_MediaStatisticsData: category: ADEC
02-06 18:12:59.750  3012  8912 D CodecSolution_MediaStatisticsData: action: INSTANTIATE
02-06 18:12:59.750  3012  8912 D CodecSolution_MediaStatisticsData: label: SEC_SW_MP3
02-06 18:12:59.750  3012  3012 D SehCodecSolutionService: handleMessage : 900
02-06 18:12:59.750  3012  3012 D SehCodecSolutionService: event : ADEC
02-06 18:12:59.751  3012  3012 D CodecSolution_Logging: dma : true, feature: ADEC, extra: SEC_SW_MP3, value: -1
02-06 18:12:59.751  3012  3012 D CodecSolution_Logging: insert diagmon log
02-06 18:12:59.751  3012  3012 D CodecSolution_Logging: permission granted
02-06 18:12:59.751  2588  4299 I MediaCodec: MediaCodec will operate in async mode
02-06 18:12:59.751  2588  4297 W MediaCodec: keep callback message for reclaim
02-06 18:12:59.751  2588  4299 I CCodec  : state->set(STARTING)
02-06 18:12:59.751  3012  3012 W ContextImpl: Calling a method in the system process without a qualified user: android.app.ContextImpl.sendBroadcast:1162 vendor.samsung.frameworks.codecsolution.Logging.insertDiagmonLog:78 vendor.samsung.frameworks.codecsolution.Logging.insertLog:54 vendor.samsung.frameworks.codecsolution.Logging.insertLog:46 vendor.samsung.frameworks.codecsolution.SehCodecSolutionService$1.handleMessage:307 
02-06 18:12:59.755  2588  4299 W Codec2Client: query -- param skipped: index = 1342179345.
02-06 18:12:59.755  2588  4299 W Codec2Client: query -- param skipped: index = 2415921170.
02-06 18:12:59.757  2588  4299 E FMQ     : grantorIdx must be less than 3
02-06 18:12:59.757  2588  4299 E FMQ     : grantorIdx must be less than 3
02-06 18:12:59.758  2588  4299 D CCodecBufferChannel: [c2.sec.mp3.decoder#347] Created input block pool with allocatorID 16 => poolID 348 - OK (0)
02-06 18:12:59.759  1093 25056 E FMQ     : grantorIdx must be less than 3
02-06 18:12:59.759  1093 25056 E FMQ     : grantorIdx must be less than 3
02-06 18:12:59.760  2588  4299 I CCodecBufferChannel: [c2.sec.mp3.decoder#347] Created output block pool with allocatorID 16 => poolID 4076 - OK
02-06 18:12:59.761  2588  4299 D CCodecBufferChannel: [c2.sec.mp3.decoder#347] Configured output block pool ids 4076 => OK
02-06 18:12:59.761  2588  4299 D CCodecBufferChannel: [c2.sec.mp3.decoder#347] start: updating output delay 0
02-06 18:12:59.761  2588  4299 I CCodec  : state->set(RUNNING)
02-06 18:12:59.762  1093 22998 I SEC_componentStore: >>SEC Codec2's2 SetIonUsage : 33554432
02-06 18:12:59.762  1093 22998 I SEC_componentStore: >>SEC Codec2's SetIonUsage
02-06 18:12:59.765  2588  4299 E FMQ     : grantorIdx must be less than 3
02-06 18:12:59.765  1093 22998 E FMQ     : grantorIdx must be less than 3
02-06 18:12:59.771  1093  4303 D SimpleC2Component: Using output block pool with poolID 4076 => got 4076 - 0
02-06 18:12:59.772  1093  4303 I SEC_componentStore: >>SEC Codec2's2 SetIonUsage : 33554432
02-06 18:12:59.772  1093  4303 I SEC_componentStore: >>SEC Codec2's SetIonUsage
02-06 18:12:59.772  1093  4303 I C2SecMp3Dec: Reconfiguring decoder: 0->48000 Hz, 0->2 channels
02-06 18:12:59.774  1093  4303 E FMQ     : grantorIdx must be less than 3
02-06 18:12:59.775  2588  3370 E FMQ     : grantorIdx must be less than 3
02-06 18:12:59.777  2588  4296 I NuPlayerRenderer: openAudioSink: open AudioSink in NON-offload mode audioFormat : 1, flags : 8
02-06 18:12:59.777  2588  4296 V AudioSink: +++ close
02-06 18:12:59.777  2588  4296 V AudioSink: --- close
02-06 18:12:59.778  2586 16725 V APM_AudioPolicyManager: getOutput() stream 3 selected devices {type:0x8000,@:0}, output 53
02-06 18:12:59.778  2586  2744 V APM_AudioPolicyManager: getOutput() stream 3 selected devices {type:0x8000,@:0}, output 53
02-06 18:12:59.779  2586 13582 V APM_AudioPolicyManager: getOutput() stream 3 selected devices {type:0x8000,@:0}, output 53
02-06 18:12:59.779  2588  4296 I NuPlayerRenderer: checkAudioSinkPcmMsSetting 500
02-06 18:12:59.779  2588  4296 V AudioSink: open(48000, 2, 0x0, 0x1, 0, 9569 0x8)
02-06 18:12:59.779  2586  2744 V APM_AudioPolicyManager: getOutput() stream 3 selected devices {type:0x8000,@:0}, output 53
02-06 18:12:59.780  2586 16725 V APM_AudioPolicyManager: getOutput() stream 3 selected devices {type:0x8000,@:0}, output 53
02-06 18:12:59.780  2588  4296 V AudioSink: no track available to recycle
02-06 18:12:59.780  2588  4296 V AudioSink: creating new AudioTrack
02-06 18:12:59.781  2586  2744 V APM_AudioPolicyManager: getOutputForAttrInt() attributes={ Content type: AUDIO_CONTENT_TYPE_UNKNOWN Usage: AUDIO_USAGE_UNKNOWN Source: -1 Flags: 0x800 Tags:  } stream=AUDIO_STREAM_MUSIC session 9569 selectedDeviceId 0
02-06 18:12:59.781  2586  2744 D APM::MultiSoundManager: getDevice, uid = 10584, device = 0
02-06 18:12:59.781  2586  2744 I APM_AudioPolicyManager: selectOutputFlags: remove ULL flag for dolby
02-06 18:12:59.781  2586  2744 V APM_AudioPolicyManager: getOutputForAttrInt() device {type:0x8000,@:0}, sampling rate 48000, format 0x1, channel mask 0x3, flags 0x200008 stream AUDIO_STREAM_MUSIC
02-06 18:12:59.781  2586  2744 V APM_AudioPolicyManager: selectOutput new bestOutput 53 criteria 0 0 0 0 0 0 4 0 
02-06 18:12:59.781  2586  2744 V APM_AudioPolicyManager: getOutputForAttrInt returns output 53 selectedDeviceId 389
02-06 18:12:59.782  2586  2744 V APM_AudioPolicyManager: getOutputForAttr() returns output 53 requestedPortId 0 selectedDeviceId 389 for port ID 866
02-06 18:12:59.782  2586  2744 I AudioFlinger: nonSecFlag 8, secFlag 200000, outputFlags 0
02-06 18:12:59.782  2586  2744 W AudioFlinger: createTrack_l(): mismatch between requested flags (00000008) and output flags (00000000)
02-06 18:12:59.782  2586  2744 D AudioFlinger: Client defaulted notificationFrames to 8192 for frameCount 24576
02-06 18:12:59.783  2586  2744 I AF::Track: setMixerOutConfig return default condition, mixer key 2002, thread key 202
02-06 18:12:59.785  2588  4296 E AudioSystem: invalid attributes { Content type: AUDIO_CONTENT_TYPE_UNKNOWN Usage: AUDIO_USAGE_UNKNOWN Source: -1 Flags: 0x800 Tags:  } when converting to stream
02-06 18:12:59.785  2588  4296 V AudioSink: deleteRecycledTrack_l
02-06 18:12:59.785  2588  4296 V AudioSink: setVolume
02-06 18:12:59.785  2588  4296 D AudioTrack: setVolume(0.800000, 0.800000) pid : 27108
02-06 18:12:59.786  2588  4296 V AudioSink: updateTrack() DONE status 0
02-06 18:12:59.786  2588  4296 V AudioSink: setPlaybackRate(1.000000 1.000000 2 0)
02-06 18:12:59.786  2588  4296 V AudioSink: start
02-06 18:12:59.786  2588  4296 D AudioTrack: setVolume(0.800000, 0.800000) pid : 27108
02-06 18:12:59.786  2588  4296 I SAG_VOR_a32: VoiceActivityDetectionInit() Version Samsung VAD v3.0 a32 2020.06.22)
02-06 18:12:59.786  2586  2739 I AF::Track: setMixerOutConfig return default condition, mixer key 2002, thread key 202
02-06 18:12:59.786  2586  2739 I HiddenSound: registerSession : session=9569, pid=27108, uid=10584, ref=1
02-06 18:12:59.786  2586  2739 I AudioPolicyEffectException: MySpaceHandler::checkDetachCondition media 1, ring 0, mp 1
02-06 18:12:59.786  2586  2739 I AudioPolicyEffectException: MySpace detach value 0
02-06 18:12:59.786  2586  2739 I AudioPolicyEffectException: Nxp detach value 0
02-06 18:12:59.790  4279  4279 I pen.pocoservic: Unquickening 26 vdex files!
02-06 18:12:59.791  2583  7034 I EffectsFactory: EffectCreate() create_effect
02-06 18:12:59.791  2583  7034 D MySpaceEffect: MySpace EffectCreate start - session 9569
02-06 18:12:59.791  2583  7034 D MySpaceEffect: MS EffectCreate - Allocating SessionNo 0 for SessionId 9569
02-06 18:12:59.791  2583  7034 D MySpaceEffect: MS EffectCreate - This is the first effect in current sessionId 9569 sessionNo 0
02-06 18:12:59.791  2583  7034 D MySpaceEffect: MySpaceEffect::MySpaceEffect ctor
02-06 18:12:59.792  2583 23140 D MySpace : MySpace::Init, mSampleRate = 48000
02-06 18:12:59.792  2583 23140 I MySpace : SoundAlive_3DPosisiton_Factory Create
02-06 18:12:59.793  2583 23140 D MySpace : MySpace Initialize mPreset = 0
02-06 18:12:59.794  2583  2583 D MySpace : MySpace::Init, mSampleRate = 48000
02-06 18:12:59.795  2583  2583 D MySpace : MySpace Initialize mPreset = 0
02-06 18:12:59.795  2583 12579 I MySpace : MySpace setDevice 8000, 0
02-06 18:12:59.796  2586  2739 I AudioPolicyEffectException: MySpace setPreset fadein skip by no cmd
02-06 18:12:59.797  2586  2739 V APM_AudioPolicyManager: startOutput portId 866
02-06 18:12:59.797  2586  2739 V APM_AudioPolicyManager: startOutput() output 53, stream 3, session 9569
02-06 18:12:59.797  2586  2739 V APM_AudioPolicyManager: setBeaconMute(1) mBeaconMuteRefCount=1 mBeaconPlayingRefCount=0
02-06 18:12:59.797  2586  2739 D APM::MultiSoundManager: getDevice, uid = 10584, device = 0
02-06 18:12:59.797  2586  2739 V APM_AudioPolicyManager: selectOutputForMusicEffects activeOnly 1 output 53 flags 0x00000000
02-06 18:12:59.797  2586  2739 V APM_AudioPolicyManager: selectOutputForMusicEffects selected output 53
02-06 18:12:59.797  2586  2739 V APM_AudioPolicyManager: getNewOutputDevices selected devices {type:0x8000,@:0}
