02-06 18:16:25.327  3012  8912 V WindowManager: Changing focus from null to Window{d772774 u0 com.kyowon.literacy.store/com.kyowon.literacy.ui.intro.activity.IntroActivity} displayId=0 Callers=com.android.server.wm.RootWindowContainer.updateFocusedWindowLocked:566 com.android.server.wm.WindowManagerService.updateFocusedWindowLocked:6311 com.android.server.wm.DisplayContent.layoutAndAssignWindowLayersIfNeeded:4201 com.android.server.wm.TaskDisplayArea.positionStackAt:1016 
02-06 18:16:25.369 15428 15428 V InputMethodManager: Starting input: tba=com.kyowon.literacy.store ic=null mNaviBarColor -855310 mIsGetNaviBarColorSuccess true , NavVisible : true , NavTrans : false
02-06 18:16:25.456  3012  8912 D WindowManager: rotationForOrientation, orientationSource=ActivityRecord{55eb2de u0 com.kyowon.literacy.store/com.kyowon.literacy.ui.intro.activity.IntroActivity t3762}
02-06 18:16:25.463  3012  8912 V WindowManager: Changing focus from Window{d772774 u0 com.kyowon.literacy.store/com.kyowon.literacy.ui.intro.activity.IntroActivity} to null displayId=0 Callers=com.android.server.wm.RootWindowContainer.updateFocusedWindowLocked:566 com.android.server.wm.WindowManagerService.updateFocusedWindowLocked:6311 com.android.server.wm.DisplayContent.setFocusedApp:6776 com.android.server.wm.ActivityTaskManagerService.setResumedActivityUncheckLocked:6725 
02-06 18:16:25.468  3012  3220 D GameManagerService: onLooperPrepared(), msg: MSG_TASK_FOCUSED, focusedComponent: ComponentInfo{com.kyowon.literacy.store/com.kyowon.literacy.ui.intro.activity.IntroActivity}
02-06 18:16:25.468  3012  3220 D GameManagerService:   handleTaskFocused(), pkgName: com.kyowon.literacy.store, clsName: com.kyowon.literacy.ui.intro.activity.IntroActivity, userID:0
02-06 18:16:25.547 15428 17288 D ProfileInstaller: Skipping profile installation for com.kyowon.literacy.store
02-06 18:16:25.802  3012  7159 D StorageManagerService: onExternalStoragePolicyChanged: uid=10584 packageName=com.kyowon.literacy.store
02-06 18:16:25.802  3012  7159 D StorageManagerService: getExternalStorageMountMode: uid=10584 packageName=com.kyowon.literacy.store
02-06 18:16:25.809  3012  3571 D StorageManagerService: onExternalStoragePolicyChanged: uid=10584 packageName=com.kyowon.literacy.store
02-06 18:16:25.809  3012  3571 D StorageManagerService: getExternalStorageMountMode: uid=10584 packageName=com.kyowon.literacy.store
02-06 18:16:25.817 15344 15344 V GrantPermissionsActivity: Permission grant result requestId=-9152235361177483149 callingUid=10584 callingPackage=com.kyowon.literacy.store permission=android.permission.WRITE_EXTERNAL_STORAGE isImplicit=false result=5
02-06 18:16:25.821  3012  7159 D StorageManagerService: onExternalStoragePolicyChanged: uid=10584 packageName=com.kyowon.literacy.store
02-06 18:16:25.821  3012  7159 D StorageManagerService: getExternalStorageMountMode: uid=10584 packageName=com.kyowon.literacy.store
02-06 18:16:25.827  3012  7144 D StorageManagerService: onExternalStoragePolicyChanged: uid=10584 packageName=com.kyowon.literacy.store
02-06 18:16:25.828  3012  7144 D StorageManagerService: getExternalStorageMountMode: uid=10584 packageName=com.kyowon.literacy.store
02-06 18:16:25.837 15344 15344 V GrantPermissionsActivity: Permission grant result requestId=-9152235361177483149 callingUid=10584 callingPackage=com.kyowon.literacy.store permission=android.permission.READ_EXTERNAL_STORAGE isImplicit=false result=5
02-06 18:16:25.839  3012  7166 D StorageManagerService: onExternalStoragePolicyChanged: uid=10584 packageName=com.kyowon.literacy.store
02-06 18:16:25.839  3012  7166 D StorageManagerService: getExternalStorageMountMode: uid=10584 packageName=com.kyowon.literacy.store
02-06 18:16:25.842  3012  7144 D StorageManagerService: onExternalStoragePolicyChanged: uid=10584 packageName=com.kyowon.literacy.store
02-06 18:16:25.842  3012  7144 D StorageManagerService: getExternalStorageMountMode: uid=10584 packageName=com.kyowon.literacy.store
02-06 18:16:25.849 15344 15344 V GrantPermissionsActivity: Permission grant result requestId=-9152235361177483149 callingUid=10584 callingPackage=com.kyowon.literacy.store permission=android.permission.READ_EXTERNAL_STORAGE isImplicit=false result=5
02-06 18:16:25.927  3012  8461 D MARsPolicyManager: onPackageResumedFG pkgName = com.kyowon.literacy.store, userId = 0
02-06 18:16:25.929  3012  8461 V WindowManager: Changing focus from null to Window{d772774 u0 com.kyowon.literacy.store/com.kyowon.literacy.ui.intro.activity.IntroActivity} displayId=0 Callers=com.android.server.wm.RootWindowContainer.updateFocusedWindowLocked:566 com.android.server.wm.WindowManagerService.updateFocusedWindowLocked:6311 com.android.server.wm.DisplayContent.setFocusedApp:6776 com.android.server.wm.ActivityTaskManagerService.setResumedActivityUncheckLocked:6725 
02-06 18:16:25.930  3012  8461 D WindowManager: rotationForOrientation, orientationSource=ActivityRecord{55eb2de u0 com.kyowon.literacy.store/com.kyowon.literacy.ui.intro.activity.IntroActivity t3762}
02-06 18:16:25.932  3012  8461 D MARsPolicyManager: onPackageResumedFG pkgName = com.kyowon.literacy.store, userId = 0
02-06 18:16:25.944  3012  8461 D ActivityTaskManager: finishFixedRotationTransform, r=ActivityRecord{55eb2de u0 com.kyowon.literacy.store/com.kyowon.literacy.ui.intro.activity.IntroActivity t3762}, caller=com.android.server.wm.WindowToken.finishFixedRotationTransform:664 com.android.server.wm.DisplayContent$FixedRotationTransitionListener.onAppTransitionFinishedLocked:7026 com.android.server.wm.AppTransition.notifyAppTransitionFinishedLocked:543 com.android.server.wm.DisplayContent.handleAnimatingStoppedAndTransition:5836 com.android.server.wm.RootWindowContainer.checkAppTransitionReady:1264 
02-06 18:16:25.962  3012  3061 V ActivityManager: Changed top to 10584,ProcessRecord{acc8878 15428:com.kyowon.literacy.store/u0a584}
02-06 18:16:25.969  3012  7144 I ActivityTaskManager: START u0 {cmp=com.kyowon.literacy.store/com.kyowon.literacy.ui.login.activity.LoginActivity} from uid 10584
02-06 18:16:25.970  3012  7144 D ActivityTaskManager: TaskLaunchParamsModifier:task=null activity=ActivityRecord{97dc1bd u0 com.kyowon.literacy.store/com.kyowon.literacy.ui.login.activity.LoginActivity display-area-from-source=DefaultTaskDisplayArea@168164836 task-display-area=DefaultTaskDisplayArea@168164836 display-area-windowing-mode=1
02-06 18:16:25.970  3012  7144 D ActivityTaskManager: TaskLaunchParamsModifier:task=Task{985fcbf #3762 visible=false type=standard mode=fullscreen translucent=true A=10584:com.kyowon.literacy.store U=0 StackId=3762 sz=2} activity=ActivityRecord{97dc1bd u0 com.kyowon.literacy.store/com.kyowon.literacy.ui.login.activity.LoginActivity t-1} display-from-task=0 task-display-area=DefaultTaskDisplayArea@168164836 display-area-windowing-mode=1 inherit-from-source=fullscreen activity-options-fullscreen=Rect(0, 0 - 0, 0) non-freeform-display maximized-bounds
02-06 18:16:25.971   862   925 I SurfaceFlinger: id=110629 createSurf (0x0),-1 flag=80004, ActivityRecord{97dc1bd u0 com.kyowon.literacy.store/com.kyowon.literacy.ui.login.activity.LoginActivity t3762}#0
02-06 18:16:25.990  3012  7144 D MARsPolicyManager: onPackageResumedFG pkgName = com.kyowon.literacy.store, userId = 0
02-06 18:16:25.991  3012  7144 D WindowManager: rotationForOrientation, orientationSource=ActivityRecord{97dc1bd u0 com.kyowon.literacy.store/com.kyowon.literacy.ui.login.activity.LoginActivity t3762}
02-06 18:16:25.993  3012  7144 D PkgDataHelper: notifyAppCreate(), pkgName: com.kyowon.literacy.store, sendRet: true
02-06 18:16:25.993  3012  3220 D GameManagerService: onLooperPrepared(), msg: MSG_APP_CREATE, pkgName: com.kyowon.literacy.store
02-06 18:16:25.995  3012  7144 V WindowManager: Changing focus from Window{d772774 u0 com.kyowon.literacy.store/com.kyowon.literacy.ui.intro.activity.IntroActivity} to null displayId=0 Callers=com.android.server.wm.RootWindowContainer.updateFocusedWindowLocked:566 com.android.server.wm.WindowManagerService.updateFocusedWindowLocked:6311 com.android.server.wm.DisplayContent.setFocusedApp:6776 com.android.server.wm.ActivityTaskManagerService.setResumedActivityUncheckLocked:6725 
02-06 18:16:25.996  3012  7144 D MARsPolicyManager: onPackageResumedFG pkgName = com.kyowon.literacy.store, userId = 0
02-06 18:16:26.117  3012  3061 D SemGameManager: isGamePackage(), pkgName=com.kyowon.literacy.store
02-06 18:16:26.118  3012  3061 D GameManagerService: identifyGamePackage. com.kyowon.literacy.store, mCurrentUserId: 0, callerUserId: 0
02-06 18:16:26.118  3012  3061 D PkgDataHelper: getGamePkgData(). com.kyowon.literacy.store
02-06 18:16:26.119  3012  3061 D GameManagerService: noteResumeComponent(), received resumed-component: com.kyowon.literacy.store
02-06 18:16:26.119  3012  3220 D GameManagerService: onLooperPrepared(), msg: MSG_APP_RESUME, resumeComponent: ComponentInfo{com.kyowon.literacy.store/com.kyowon.literacy.ui.intro.activity.IntroActivity}
02-06 18:16:26.120  3012  3220 D GameManagerService:   handleResume(). pkgName: com.kyowon.literacy.store, isTunableApp: null
02-06 18:16:26.120  3012  3220 D GameManagerService: notifyFocusInOut(). of pkg: com.kyowon.literacy.store, type: 4, isMinimized: false, isTunableApp: false
02-06 18:16:26.120  3012  3061 I GameSDK@LifeCycle: noteResumeComponent(): package name  : com.kyowon.literacy.store
02-06 18:16:26.127  3012  3059 D SehCodecSolutionService: Update top [com.kyowon.literacy.store]
02-06 18:16:26.181  3012  3061 D GameManagerService: notePauseComponent(), received paused-component: com.kyowon.literacy.store
02-06 18:16:26.258  3012  3462 D MdnieScenarioControlService:  packageName : com.kyowon.literacy.store    className : com.kyowon.literacy.ui.login.activity.LoginActivity
02-06 18:16:26.386  3012  3059 D SehCodecSolutionService: Update top [com.kyowon.literacy.store]
02-06 18:16:26.455  3012  3061 D GameManagerService: noteResumeComponent(), received resumed-component: com.kyowon.literacy.store
02-06 18:16:26.455  3012  3061 I GameSDK@LifeCycle: noteResumeComponent(): package name  : com.kyowon.literacy.store
02-06 18:16:26.456  3012  3220 D GameManagerService: onLooperPrepared(), msg: MSG_APP_RESUME, resumeComponent: ComponentInfo{com.kyowon.literacy.store/com.kyowon.literacy.ui.login.activity.LoginActivity}
02-06 18:16:26.458  3012  3220 D GameManagerService:   handleResume(). pkgName: com.kyowon.literacy.store, isTunableApp: null
02-06 18:16:26.458  3012  3220 D GameManagerService: notifyFocusInOut(). of pkg: com.kyowon.literacy.store, type: 4, isMinimized: false, isTunableApp: false
02-06 18:16:26.516  3012  3462 D MdnieScenarioControlService:  packageName : com.kyowon.literacy.store    className : com.kyowon.literacy.ui.login.activity.LoginActivity
02-06 18:16:26.715   862   924 I SurfaceFlinger: id=110635 createSurf (0x0),-1 flag=80004, 9717ef5 com.kyowon.literacy.store/com.kyowon.literacy.ui.login.activity.LoginActivity#0
02-06 18:16:26.716  3012  7152 D WindowManager: isScreenshotDisabledLocked - win: Window{9717ef5 u0 com.kyowon.literacy.store/com.kyowon.literacy.ui.login.activity.LoginActivity}
02-06 18:16:26.721 15428 15428 D InsetsSourceConsumer: setRequestedVisible: visible=false, type=2, host=com.kyowon.literacy.store/com.kyowon.literacy.ui.login.activity.LoginActivity, from=android.view.InsetsSourceConsumer.hide:236 android.view.InsetsController.collectSourceControls:1172 android.view.InsetsController.controlAnimationUnchecked:1049 android.view.InsetsController.applyAnimation:1417 android.view.InsetsController.hide:984 android.view.InsetsController.hide:967 android.view.PendingInsetsController$HideRequest.replay:238 android.view.PendingInsetsController.replayAndAttach:169 android.view.ViewRootImpl.setView:1544 android.view.WindowManagerGlobal.addView:469 
02-06 18:16:26.721 15428 15428 D InsetsSourceConsumer: setRequestedVisible: visible=false, type=1, host=com.kyowon.literacy.store/com.kyowon.literacy.ui.login.activity.LoginActivity, from=android.view.InsetsSourceConsumer.hide:236 android.view.InsetsController.collectSourceControls:1172 android.view.InsetsController.controlAnimationUnchecked:1049 android.view.InsetsController.applyAnimation:1417 android.view.InsetsController.hide:984 android.view.InsetsController.hide:967 android.view.PendingInsetsController$HideRequest.replay:238 android.view.PendingInsetsController.replayAndAttach:169 android.view.ViewRootImpl.setView:1544 android.view.WindowManagerGlobal.addView:469 
02-06 18:16:26.721 15428 15428 D InsetsSourceConsumer: setRequestedVisible: visible=false, type=0, host=com.kyowon.literacy.store/com.kyowon.literacy.ui.login.activity.LoginActivity, from=android.view.InsetsSourceConsumer.hide:236 android.view.InsetsController.collectSourceControls:1172 android.view.InsetsController.controlAnimationUnchecked:1049 android.view.InsetsController.applyAnimation:1417 android.view.InsetsController.hide:984 android.view.InsetsController.hide:967 android.view.PendingInsetsController$HideRequest.replay:238 android.view.PendingInsetsController.replayAndAttach:169 android.view.ViewRootImpl.setView:1544 android.view.WindowManagerGlobal.addView:469 
02-06 18:16:26.752  3012  7144 V WindowManager: Relayout Window{9717ef5 u0 com.kyowon.literacy.store/com.kyowon.literacy.ui.login.activity.LoginActivity}: viewVisibility=0 req=2000x1200
02-06 18:16:26.756  3012  7144 D WindowManager: isScreenshotDisabledLocked - win: Window{9717ef5 u0 com.kyowon.literacy.store/com.kyowon.literacy.ui.login.activity.LoginActivity}
02-06 18:16:26.757   862   925 I SurfaceFlinger: id=110636 createSurf (2000x1200),1 flag=404, com.kyowon.literacy.store/com.kyowon.literacy.ui.login.activity.LoginActivity$_15428#0
02-06 18:16:26.757  3012  7144 D WindowManager: makeSurface duration=1 name=com.kyowon.literacy.store/com.kyowon.literacy.ui.login.activity.LoginActivity$_15428
02-06 18:16:26.760  3012  7144 V WindowManager: Changing focus from null to Window{9717ef5 u0 com.kyowon.literacy.store/com.kyowon.literacy.ui.login.activity.LoginActivity} displayId=0 Callers=com.android.server.wm.RootWindowContainer.updateFocusedWindowLocked:566 com.android.server.wm.WindowManagerService.updateFocusedWindowLocked:6311 com.android.server.wm.WindowManagerService.relayoutWindow:2713 com.android.server.wm.Session.relayout:219 
02-06 18:16:26.966   862   862 D SurfaceFlinger:      DEVICE | 0xb400007acfe1f030 | 0002 | RGBA_8888    |    0.0    0.0 1200.0 2000.0 |    0    0 1200 2000 | com.kyowon.literacy.store/com.kyowon[...]ntro.activity.IntroActivity$_15428#0
02-06 18:16:27.022   862   862 D SurfaceFlinger:      DEVICE | 0xb400007acfe1f030 | 0002 | RGBA_8888    |    0.0    0.0 1200.0 2000.0 |    0    0 1200 2000 | com.kyowon.literacy.store/com.kyowon[...]ntro.activity.IntroActivity$_15428#0
02-06 18:16:27.038  3012  7152 D WindowManager: finishDrawingWindow: Window{9717ef5 u0 com.kyowon.literacy.store/com.kyowon.literacy.ui.login.activity.LoginActivity} mDrawState=DRAW_PENDING
02-06 18:16:27.052  3012  3062 D WindowManager: prepareDimAnimOnAnimating owner = ActivityRecord{55eb2de u0 com.kyowon.literacy.store/com.kyowon.literacy.ui.intro.activity.IntroActivity t3762 f}}
02-06 18:16:27.059  3012  3062 I WindowManager: Reparenting to leash, surface=Surface(name=ActivityRecord{55eb2de u0 com.kyowon.literacy.store/com.kyowon.literacy.ui.intro.activity.IntroActivity t3762})/@0xbb5e8c3, leashParent=Surface(name=Task=3762)/@0xe99f4f0
02-06 18:16:27.059   862   925 I SurfaceFlinger: id=110639 createSurf (0x0),-1 flag=24000, Surface(name=ActivityRecord{55eb2de u0 com.kyowon.literacy.store/com.kyowon.literacy.ui.intro.activity.IntroActivity t3762})/@0xbb5e8c3 - animation-leash#0
02-06 18:16:27.060  3012  3062 D WindowManager: makeSurface duration=1 leash=Surface(name=Surface(name=ActivityRecord{55eb2de u0 com.kyowon.literacy.store/com.kyowon.literacy.ui.intro.activity.IntroActivity t3762})/@0xbb5e8c3 - animation-leash)/@0xad16092
02-06 18:16:27.060  3012  3062 D WindowManager: startDimAnimation owner = ActivityRecord{55eb2de u0 com.kyowon.literacy.store/com.kyowon.literacy.ui.intro.activity.IntroActivity t3762 f}}
02-06 18:16:27.062   862  1519 I SurfaceFlinger: id=110642 createSurf (0x0),-1 flag=80004, Surface(name=ActivityRecord{55eb2de u0 com.kyowon.literacy.store/com.kyowon.literacy.ui.intro.activity.IntroActivity t3762})/@0xbb5e8c3 - animation-bounds#0
02-06 18:16:27.065  3012  3062 I WindowManager: Reparenting to leash, surface=Surface(name=ActivityRecord{97dc1bd u0 com.kyowon.literacy.store/com.kyowon.literacy.ui.login.activity.LoginActivity t3762})/@0xd3922db, leashParent=Surface(name=Task=3762)/@0xe99f4f0
02-06 18:16:27.066   862  1519 I SurfaceFlinger: id=110643 createSurf (0x0),-1 flag=24004, Surface(name=ActivityRecord{97dc1bd u0 com.kyowon.literacy.store/com.kyowon.literacy.ui.login.activity.LoginActivity t3762})/@0xd3922db - animation-leash#0
02-06 18:16:27.069  3012  3062 D WindowManager: makeSurface duration=4 leash=Surface(name=Surface(name=ActivityRecord{97dc1bd u0 com.kyowon.literacy.store/com.kyowon.literacy.ui.login.activity.LoginActivity t3762})/@0xd3922db - animation-leash)/@0xa54c178
02-06 18:16:27.070   862  1519 I SurfaceFlinger: id=110644 createSurf (0x0),-1 flag=80004, Surface(name=ActivityRecord{97dc1bd u0 com.kyowon.literacy.store/com.kyowon.literacy.ui.login.activity.LoginActivity t3762})/@0xd3922db - animation-bounds#0
02-06 18:16:27.073  3012  3062 D PkgPredictorService: pkg:com.kyowon.literacy.store activity:com.kyowon.literacy.ui.login.activity.LoginActivity thisTime:1103
02-06 18:16:27.075  3012  3080 I ActivityTaskManager: Displayed com.kyowon.literacy.store/com.kyowon.literacy.ui.login.activity.LoginActivity: +1s103ms
02-06 18:16:27.525   862   862 D SurfaceFlinger:      DEVICE | 0xb400007acfe1f030 | 0002 | RGBA_8888    |    0.0    0.0 1196.0 2000.0 |    4    0 1200 2000 | com.kyowon.literacy.store/com.kyowon[...]ntro.activity.IntroActivity$_15428#0
02-06 18:16:27.525   862   862 D SurfaceFlinger:      CLIENT | 0xb400007acfe206f0 | 0002 | RGBA_8888    |  201.0    0.0 1200.0 2000.0 |    0    0  999 2000 | com.kyowon.literacy.store/com.kyowon[...]ogin.activity.LoginActivity$_15428#0
02-06 18:16:27.542 15428 15428 D EmergencyMode: [EmergencyManager] android createPackageContext successful: com.kyowon.literacy.store
02-06 18:16:27.577 15428 15428 V InputMethodManager: Starting input: tba=com.kyowon.literacy.store ic=null mNaviBarColor -855310 mIsGetNaviBarColorSuccess true , NavVisible : true , NavTrans : false
02-06 18:16:27.648   862   862 D SurfaceFlinger:      DEVICE | 0xb400007acfe1f030 | 0002 | RGBA_8888    |    0.0    0.0 1166.0 2000.0 |   34    0 1200 2000 | com.kyowon.literacy.store/com.kyowon[...]ntro.activity.IntroActivity$_15428#0
02-06 18:16:27.648   862   862 D SurfaceFlinger:      CLIENT | 0xb400007acfe1ed90 | 0002 | RGBA_8888    |   24.0    0.0 1200.0 2000.0 |    0    0 1176 2000 | com.kyowon.literacy.store/com.kyowon[...]ogin.activity.LoginActivity$_15428#0
02-06 18:16:27.667  3012  3062 I WindowManager: Reparenting to original parent: Surface(name=Task=3762)/@0xe99f4f0, destroy=true, surface=Surface(name=ActivityRecord{55eb2de u0 com.kyowon.literacy.store/com.kyowon.literacy.ui.intro.activity.IntroActivity t3762})/@0xbb5e8c3
02-06 18:16:27.667  3012  3062 D WindowManager: clearDimAnimation owner = ActivityRecord{55eb2de u0 com.kyowon.literacy.store/com.kyowon.literacy.ui.intro.activity.IntroActivity t3762 f}}
02-06 18:16:27.678  3012  3062 V WindowManager: Setting visibility of Window{d772774 u0 com.kyowon.literacy.store/com.kyowon.literacy.ui.intro.activity.IntroActivity}: false, caller=com.android.server.wm.WindowContainer.sendAppVisibilityToClients:1004 com.android.server.wm.ActivityRecord.setClientVisible:6391 com.android.server.wm.ActivityRecord.onAnimationFinished:7143 com.android.server.wm.-$$Lambda$dwJG8BAnLlvKNGuDY9U3-haNY4M.onAnimationFinished:2 com.android.server.wm.SurfaceAnimator.lambda$getFinishedCallback$0$SurfaceAnimator:112 
02-06 18:16:27.679  3012  3062 D ActivityTaskManager: finishFixedRotationTransform, r=ActivityRecord{55eb2de u0 com.kyowon.literacy.store/com.kyowon.literacy.ui.intro.activity.IntroActivity t3762 f}}, caller=com.android.server.wm.WindowToken.finishFixedRotationTransform:664 com.android.server.wm.DisplayContent$FixedRotationTransitionListener.onAppTransitionFinishedLocked:7026 com.android.server.wm.AppTransition.notifyAppTransitionFinishedLocked:543 com.android.server.wm.ActivityRecord.onAnimationFinished:7164 com.android.server.wm.-$$Lambda$dwJG8BAnLlvKNGuDY9U3-haNY4M.onAnimationFinished:2 
02-06 18:16:27.679  3012  3062 I WindowManager: Reparenting to original parent: Surface(name=Task=3762)/@0xe99f4f0, destroy=true, surface=Surface(name=ActivityRecord{97dc1bd u0 com.kyowon.literacy.store/com.kyowon.literacy.ui.login.activity.LoginActivity t3762})/@0xd3922db
02-06 18:16:27.680  3012  3062 D ActivityTaskManager: finishFixedRotationTransform, r=ActivityRecord{97dc1bd u0 com.kyowon.literacy.store/com.kyowon.literacy.ui.login.activity.LoginActivity t3762}, caller=com.android.server.wm.WindowToken.finishFixedRotationTransform:664 com.android.server.wm.DisplayContent$FixedRotationTransitionListener.onAppTransitionFinishedLocked:7026 com.android.server.wm.AppTransition.notifyAppTransitionFinishedLocked:543 com.android.server.wm.ActivityRecord.onAnimationFinished:7164 com.android.server.wm.-$$Lambda$dwJG8BAnLlvKNGuDY9U3-haNY4M.onAnimationFinished:2 
02-06 18:16:27.682   862  1519 I Layer   : id=110642 removeFromCurrentState Surface(name=ActivityRecord{55eb2de u0 com.kyowon.literacy.store/com.kyowon.literacy.ui.intro.activity.IntroActivity t3762})/@0xbb5e8c3 - animation-bounds#0 (68)
02-06 18:16:27.682   862  1519 I Layer   : id=110639 removeFromCurrentState Surface(name=ActivityRecord{55eb2de u0 com.kyowon.literacy.store/com.kyowon.literacy.ui.intro.activity.IntroActivity t3762})/@0xbb5e8c3 - animation-leash#0 (68)
02-06 18:16:27.682   862  1519 I Layer   : id=110639 removeFromCurrentState Surface(name=ActivityRecord{55eb2de u0 com.kyowon.literacy.store/com.kyowon.literacy.ui.intro.activity.IntroActivity t3762})/@0xbb5e8c3 - animation-leash#0 (68)
02-06 18:16:27.682   862  1519 I Layer   : id=110643 removeFromCurrentState Surface(name=ActivityRecord{97dc1bd u0 com.kyowon.literacy.store/com.kyowon.literacy.ui.login.activity.LoginActivity t3762})/@0xd3922db - animation-leash#0 (68)
02-06 18:16:27.682   862  1519 I Layer   : id=110644 removeFromCurrentState Surface(name=ActivityRecord{97dc1bd u0 com.kyowon.literacy.store/com.kyowon.literacy.ui.login.activity.LoginActivity t3762})/@0xd3922db - animation-bounds#0 (68)
02-06 18:16:27.683   862  1519 I SurfaceFlinger: id=110642 Removed Surface(name=ActivityRecord{55eb2de u0 com.kyowon.literacy.store/com.kyowon.literacy.ui.intro.activity.IntroActivity t3762})/@0xbb5e8c3 - animation-bounds#0 (68)
02-06 18:16:27.683   862  1519 I SurfaceFlinger: id=110644 Removed Surface(name=ActivityRecord{97dc1bd u0 com.kyowon.literacy.store/com.kyowon.literacy.ui.login.activity.LoginActivity t3762})/@0xd3922db - animation-bounds#0 (68)
02-06 18:16:27.683  3012  3062 D ActivityTaskManager: finishFixedRotationTransform, r=ActivityRecord{97dc1bd u0 com.kyowon.literacy.store/com.kyowon.literacy.ui.login.activity.LoginActivity t3762}, caller=com.android.server.wm.WindowToken.finishFixedRotationTransform:664 com.android.server.wm.DisplayContent$FixedRotationTransitionListener.onAppTransitionFinishedLocked:7026 com.android.server.wm.AppTransition.notifyAppTransitionFinishedLocked:543 com.android.server.wm.DisplayContent.handleAnimatingStoppedAndTransition:5836 com.android.server.wm.RootWindowContainer.checkAppTransitionReady:1264 
02-06 18:16:27.791   862   862 I Layer   : id=110642[1] Destroyed Surface(name=ActivityRecord{55eb2de u0 com.kyowon.literacy.store/com.kyowon.literacy.ui.intro.activity.IntroActivity t3762})/@0xbb5e8c3 - animation-bounds#0
02-06 18:16:27.791   862   862 I Layer   : id=110644[1] Destroyed Surface(name=ActivityRecord{97dc1bd u0 com.kyowon.literacy.store/com.kyowon.literacy.ui.login.activity.LoginActivity t3762})/@0xd3922db - animation-bounds#0
02-06 18:16:27.792   862  2572 I SurfaceFlinger: id=110643 Removed Surface(name=ActivityRecord{97dc1bd u0 com.kyowon.literacy.store/com.kyowon.literacy.ui.login.activity.LoginActivity t3762})/@0xd3922db - animation-leash#0 (64)
02-06 18:16:27.792   862  2572 I SurfaceFlinger: id=110639 Removed Surface(name=ActivityRecord{55eb2de u0 com.kyowon.literacy.store/com.kyowon.literacy.ui.intro.activity.IntroActivity t3762})/@0xbb5e8c3 - animation-leash#0 (64)
02-06 18:16:27.898   862   862 D SurfaceFlinger:      DEVICE | 0xb400007acfe206f0 | 0002 | RGBA_8888    |    0.0    0.0 1200.0 2000.0 |    0    0 1200 2000 | com.kyowon.literacy.store/com.kyowon[...]ogin.activity.LoginActivity$_15428#0
02-06 18:16:27.899   862   862 I Layer   : id=110639[1] Destroyed Surface(name=ActivityRecord{55eb2de u0 com.kyowon.literacy.store/com.kyowon.literacy.ui.intro.activity.IntroActivity t3762})/@0xbb5e8c3 - animation-leash#0
02-06 18:16:27.899   862   862 I Layer   : id=110643[1] Destroyed Surface(name=ActivityRecord{97dc1bd u0 com.kyowon.literacy.store/com.kyowon.literacy.ui.login.activity.LoginActivity t3762})/@0xd3922db - animation-leash#0
02-06 18:16:27.999  3012  8461 D WindowManager: isScreenshotDisabledLocked - win: Window{d772774 u0 com.kyowon.literacy.store/com.kyowon.literacy.ui.intro.activity.IntroActivity}
02-06 18:16:27.999  3012  8461 I WindowManager: Destroying surface Surface(name=com.kyowon.literacy.store/com.kyowon.literacy.ui.intro.activity.IntroActivity$_15428)/@0xfd45556 called by com.android.server.wm.WindowStateAnimator.destroySurface:1794 com.android.server.wm.WindowStateAnimator.destroySurfaceLocked:765 com.android.server.wm.WindowState.removeImmediately:2665 com.android.server.wm.WindowState.removeIfPossible:2830 com.android.server.wm.WindowState.removeIfPossible:2688 com.android.server.wm.WindowManagerService.removeWindow:2186 com.android.server.wm.Session.remove:199 android.view.IWindowSession$Stub.onTransact:813 
02-06 18:16:28.000   862   924 I Layer   : id=110600 removeFromCurrentState com.kyowon.literacy.store/com.kyowon.literacy.ui.intro.activity.IntroActivity$_15428#0 (61)
02-06 18:16:28.002   862  1519 I SurfaceFlinger: id=110600 Removed com.kyowon.literacy.store/com.kyowon.literacy.ui.intro.activity.IntroActivity$_15428#0 (61)
02-06 18:16:28.003   862   925 I Layer   : id=110599 removeFromCurrentState d772774 com.kyowon.literacy.store/com.kyowon.literacy.ui.intro.activity.IntroActivity#0 (61)
02-06 18:16:28.007   862  1519 I SurfaceFlinger: id=110599 Removed d772774 com.kyowon.literacy.store/com.kyowon.literacy.ui.intro.activity.IntroActivity#0 (61)
02-06 18:16:28.008  3012  8461 I ActivityTaskManager: Removing activity ActivityRecord{55eb2de u0 com.kyowon.literacy.store/com.kyowon.literacy.ui.intro.activity.IntroActivity t3762 f}}(activityDestroyed)  from stack callers=com.android.server.wm.ActivityRecord.destroyed:3608 com.android.server.wm.ActivityTaskManagerService.activityDestroyed:2643 android.app.IActivityTaskManager$Stub.onTransact:2232 android.os.Binder.execTransactInternal:1195 android.os.Binder.execTransact:1159 
02-06 18:16:28.018   862   924 I Layer   : id=110592 removeFromCurrentState ActivityRecord{55eb2de u0 com.kyowon.literacy.store/com.kyowon.literacy.ui.intro.activity.IntroActivity t3762}#0 (61)
02-06 18:16:28.024   862   924 I SurfaceFlinger: id=110592 Removed ActivityRecord{55eb2de u0 com.kyowon.literacy.store/com.kyowon.literacy.ui.intro.activity.IntroActivity t3762}#0 (61)
02-06 18:16:28.032   862   862 I Layer   : id=110592[1] Destroyed ActivityRecord{55eb2de u0 com.kyowon.literacy.store/com.kyowon.literacy.ui.intro.activity.IntroActivity t3762}#0
02-06 18:16:28.032   862   862 I Layer   : id=110599[1] Destroyed d772774 com.kyowon.literacy.store/com.kyowon.literacy.ui.intro.activity.IntroActivity#0
02-06 18:16:28.033   862   862 I Layer   : id=110600[1] Destroyed com.kyowon.literacy.store/com.kyowon.literacy.ui.intro.activity.IntroActivity$_15428#0
02-06 18:16:28.156  3012  3323 D PkgPredictorService-NapPreloadController: [ML] Sent pkg = com.kyowon.literacy.store uid: 0 type: ml
02-06 18:16:28.189  3012  3715 I ActivityManager: [ML][SD] app:com.kyowon.literacy.store is exist findPkgforMl:false  isOnMemory:true
02-06 18:16:28.279  3012  3061 D GameManagerService: notePauseComponent(), received paused-component: com.kyowon.literacy.store
02-06 18:16:28.281  3012  7152 D WindowManager: rotationForOrientation, orientationSource=ActivityRecord{97dc1bd u0 com.kyowon.literacy.store/com.kyowon.literacy.ui.login.activity.LoginActivity t3762}
02-06 18:16:28.288  3012  7152 V WindowManager: Changing focus from Window{9717ef5 u0 com.kyowon.literacy.store/com.kyowon.literacy.ui.login.activity.LoginActivity} to null displayId=0 Callers=com.android.server.wm.RootWindowContainer.updateFocusedWindowLocked:566 com.android.server.wm.WindowManagerService.updateFocusedWindowLocked:6311 com.android.server.wm.DisplayContent.setFocusedApp:6776 com.android.server.wm.ActivityTaskManagerService.setResumedActivityUncheckLocked:6725 
02-06 18:16:28.349  3012  3323 D PkgPredictorService-NapClassifier: Predict result: 86.0,2.0,0.0, - [0_&_com.kyowon.literacy.store, 0_&_kr.co.kyowon.launcher, 0_&_com.android.vending]
02-06 18:16:28.677  3012  8912 V WindowManager: Changing focus from null to Window{9717ef5 u0 com.kyowon.literacy.store/com.kyowon.literacy.ui.login.activity.LoginActivity} displayId=0 Callers=com.android.server.wm.RootWindowContainer.updateFocusedWindowLocked:566 com.android.server.wm.WindowManagerService.updateFocusedWindowLocked:6311 com.android.server.wm.DisplayContent.layoutAndAssignWindowLayersIfNeeded:4201 com.android.server.wm.TaskDisplayArea.positionStackAt:1016 
02-06 18:16:28.706  3012  8461 V ActivityManager: Changed top to 10584,ProcessRecord{acc8878 15428:com.kyowon.literacy.store/u0a584}
02-06 18:16:28.756  3012  3932 D MARsPolicyManager: onPackageResumedFG pkgName = com.kyowon.literacy.store, userId = 0
02-06 18:16:28.758  3012  3220 D GameManagerService: onLooperPrepared(), msg: MSG_TASK_FOCUSED, focusedComponent: ComponentInfo{com.kyowon.literacy.store/com.kyowon.literacy.ui.login.activity.LoginActivity}
02-06 18:16:28.758  3012  3220 D GameManagerService:   handleTaskFocused(), pkgName: com.kyowon.literacy.store, clsName: com.kyowon.literacy.ui.login.activity.LoginActivity, userID:0
02-06 18:16:28.759  3012  3932 D WindowManager: rotationForOrientation, orientationSource=ActivityRecord{97dc1bd u0 com.kyowon.literacy.store/com.kyowon.literacy.ui.login.activity.LoginActivity t3762}
02-06 18:16:28.761  3012  3932 D MARsPolicyManager: onPackageResumedFG pkgName = com.kyowon.literacy.store, userId = 0
02-06 18:16:28.778  3012  3932 D ActivityTaskManager: finishFixedRotationTransform, r=ActivityRecord{97dc1bd u0 com.kyowon.literacy.store/com.kyowon.literacy.ui.login.activity.LoginActivity t3762}, caller=com.android.server.wm.WindowToken.finishFixedRotationTransform:664 com.android.server.wm.DisplayContent$FixedRotationTransitionListener.onAppTransitionFinishedLocked:7026 com.android.server.wm.AppTransition.notifyAppTransitionFinishedLocked:543 com.android.server.wm.DisplayContent.handleAnimatingStoppedAndTransition:5836 com.android.server.wm.RootWindowContainer.checkAppTransitionReady:1264 
02-06 18:16:28.943  3012  3811 V WindowManager: Relayout Window{9717ef5 u0 com.kyowon.literacy.store/com.kyowon.literacy.ui.login.activity.LoginActivity}: viewVisibility=0 req=2000x1200
02-06 18:16:28.955 15428 15428 V InputMethodManager: Starting input: tba=com.kyowon.literacy.store ic=null mNaviBarColor -855310 mIsGetNaviBarColorSuccess true , NavVisible : true , NavTrans : false
02-06 18:16:28.964  3012  3061 D SemGameManager: isGamePackage(), pkgName=com.kyowon.literacy.store
02-06 18:16:28.964  3012  3061 D GameManagerService: identifyGamePackage. com.kyowon.literacy.store, mCurrentUserId: 0, callerUserId: 0
02-06 18:16:28.964  3012  3061 D PkgDataHelper: getGamePkgData(). com.kyowon.literacy.store
02-06 18:16:28.965  3012  3061 D GameManagerService: noteResumeComponent(), received resumed-component: com.kyowon.literacy.store
02-06 18:16:28.965  3012  3061 I GameSDK@LifeCycle: noteResumeComponent(): package name  : com.kyowon.literacy.store
02-06 18:16:28.965  3012  3220 D GameManagerService: onLooperPrepared(), msg: MSG_APP_RESUME, resumeComponent: ComponentInfo{com.kyowon.literacy.store/com.kyowon.literacy.ui.login.activity.LoginActivity}
02-06 18:16:28.965  3012  3220 D GameManagerService:   handleResume(). pkgName: com.kyowon.literacy.store, isTunableApp: null
02-06 18:16:28.965  3012  3220 D GameManagerService: notifyFocusInOut(). of pkg: com.kyowon.literacy.store, type: 4, isMinimized: false, isTunableApp: false
02-06 18:16:29.022  3012  3059 D SehCodecSolutionService: Update top [com.kyowon.literacy.store]
02-06 18:16:29.150  3012  3462 D MdnieScenarioControlService:  packageName : com.kyowon.literacy.store    className : com.kyowon.literacy.ui.login.activity.LoginActivity
02-06 18:16:29.152   862   862 D SurfaceFlinger:      DEVICE | 0xb400007acfe206f0 | 0002 | RGBA_8888    |    0.0    0.0 1200.0 2000.0 |    0    0 1200 2000 | com.kyowon.literacy.store/com.kyowon[...]ogin.activity.LoginActivity$_15428#0
02-06 18:16:29.242   862   862 D SurfaceFlinger:      DEVICE | 0xb400007acfe1ed90 | 0002 | RGBA_8888    |    0.0    0.0 1200.0 2000.0 |    0    0 1200 2000 | com.kyowon.literacy.store/com.kyowon[...]ogin.activity.LoginActivity$_15428#0
02-06 18:16:31.309   862   862 D SurfaceFlinger:      DEVICE | 0xb400007acfe1ed90 | 0002 | RGBA_8888    |    0.0    0.0 1200.0 2000.0 |    0    0 1200 2000 | com.kyowon.literacy.store/com.kyowon[...]ogin.activity.LoginActivity$_15428#0
02-06 18:16:31.351  3012  3323 D PkgPredictorService-NapPreloadController: [ML] Sent pkg = com.kyowon.literacy.store uid: 0 type: ml
02-06 18:16:31.359  3012  3715 I ActivityManager: [ML][SD] app:com.kyowon.literacy.store is exist findPkgforMl:false  isOnMemory:true
02-06 18:16:31.459  3012  8912 D WindowManager: rotationForOrientation, orientationSource=ActivityRecord{97dc1bd u0 com.kyowon.literacy.store/com.kyowon.literacy.ui.login.activity.LoginActivity t3762}
02-06 18:16:31.469  3012  8912 V WindowManager: Changing focus from Window{9717ef5 u0 com.kyowon.literacy.store/com.kyowon.literacy.ui.login.activity.LoginActivity} to null displayId=0 Callers=com.android.server.wm.RootWindowContainer.updateFocusedWindowLocked:566 com.android.server.wm.WindowManagerService.updateFocusedWindowLocked:6311 com.android.server.wm.DisplayContent.setFocusedApp:6776 com.android.server.wm.ActivityTaskManagerService.setResumedActivityUncheckLocked:6725 
02-06 18:16:31.487  3012  3061 D GameManagerService: notePauseComponent(), received paused-component: com.kyowon.literacy.store
02-06 18:16:31.515  3012  3323 D PkgPredictorService-NapClassifier: Predict result: 86.0,2.0,0.0, - [0_&_com.kyowon.literacy.store, 0_&_kr.co.kyowon.launcher, 0_&_com.android.vending]
02-06 18:16:31.691  3012  3453 V WindowManager: Changing focus from null to Window{9717ef5 u0 com.kyowon.literacy.store/com.kyowon.literacy.ui.login.activity.LoginActivity} displayId=0 Callers=com.android.server.wm.RootWindowContainer.updateFocusedWindowLocked:566 com.android.server.wm.WindowManagerService.updateFocusedWindowLocked:6311 com.android.server.wm.DisplayContent.layoutAndAssignWindowLayersIfNeeded:4201 com.android.server.wm.TaskDisplayArea.positionStackAt:1016 
02-06 18:16:31.715  3012  7227 V ActivityManager: Changed top to 10584,ProcessRecord{acc8878 15428:com.kyowon.literacy.store/u0a584}
02-06 18:16:31.749  3012  3453 V WindowManager: Changing focus from Window{9717ef5 u0 com.kyowon.literacy.store/com.kyowon.literacy.ui.login.activity.LoginActivity} to null displayId=0 Callers=com.android.server.wm.RootWindowContainer.updateFocusedWindowLocked:566 com.android.server.wm.WindowManagerService.updateFocusedWindowLocked:6311 com.android.server.wm.DisplayContent.layoutAndAssignWindowLayersIfNeeded:4201 com.android.server.wm.TaskDisplayArea.positionStackAt:1016 
02-06 18:16:31.820  3012  7227 D WindowManager: rotationForOrientation, orientationSource=ActivityRecord{97dc1bd u0 com.kyowon.literacy.store/com.kyowon.literacy.ui.login.activity.LoginActivity t3762}
02-06 18:16:32.094  3012  3935 V WindowManager: Relayout Window{9717ef5 u0 com.kyowon.literacy.store/com.kyowon.literacy.ui.login.activity.LoginActivity}: viewVisibility=0 req=2000x1200
02-06 18:16:32.132  3012  3935 D WindowManager: finishDrawingWindow: Window{9717ef5 u0 com.kyowon.literacy.store/com.kyowon.literacy.ui.login.activity.LoginActivity} mDrawState=HAS_DRAWN
02-06 18:16:32.151   862   862 D SurfaceFlinger:      DEVICE | 0xb400007acfe1ed90 | 0002 | RGBA_8888    |    0.0    0.0 1200.0 2000.0 |    0    0 1200 2000 | com.kyowon.literacy.store/com.kyowon[...]ogin.activity.LoginActivity$_15428#0
02-06 18:16:32.265  3012  7227 V WindowManager: Changing focus from Window{8e744c1 u0 com.netease.open.pocoservice/com.netease.open.pocoservice.TestActivity} to Window{9717ef5 u0 com.kyowon.literacy.store/com.kyowon.literacy.ui.login.activity.LoginActivity} displayId=0 Callers=com.android.server.wm.RootWindowContainer.updateFocusedWindowLocked:566 com.android.server.wm.WindowManagerService.updateFocusedWindowLocked:6311 com.android.server.wm.DisplayContent.layoutAndAssignWindowLayersIfNeeded:4201 com.android.server.wm.TaskDisplayArea.positionStackAt:1016 
02-06 18:16:32.368  3012  3935 V ActivityManager: Changed top to 10584,ProcessRecord{acc8878 15428:com.kyowon.literacy.store/u0a584}
02-06 18:16:32.375   862   862 D SurfaceFlinger:      DEVICE | 0xb400007acfe20ca0 | 0002 | RGBA_8888    |    0.0    0.0 1200.0 2000.0 |    0    0 1200 2000 | com.kyowon.literacy.store/com.kyowon[...]ogin.activity.LoginActivity$_15428#0
02-06 18:16:32.393  3012  7227 D InsetsSourceProvider: updateVisibility: serverVisible=true, clientVisible=false, source=InsetsSource: {mType=ITYPE_STATUS_BAR, mFrame=[0,0][2000,36], mVisible=false}, controlTarget=Window{9717ef5 u0 com.kyowon.literacy.store/com.kyowon.literacy.ui.login.activity.LoginActivity}, from=com.android.server.wm.InsetsSourceProvider.setClientVisible:378 com.android.server.wm.InsetsSourceProvider.onInsetsModified:363 com.android.server.wm.InsetsStateController.onInsetsModified:416 com.android.server.wm.InsetsPolicy.onInsetsModified:320 com.android.server.wm.Session.insetsModified:512 android.view.IWindowSession$Stub.onTransact:1398 com.android.server.wm.Session.onTransact:145 android.os.Binder.execTransactInternal:1195 android.os.Binder.execTransact:1159 <bottom of call stack> 
02-06 18:16:32.397  3012  7227 D InsetsSourceProvider: updateVisibility: serverVisible=true, clientVisible=false, source=InsetsSource: {mType=ITYPE_NAVIGATION_BAR, mFrame=[0,1128][2000,1200], mVisible=false}, controlTarget=Window{9717ef5 u0 com.kyowon.literacy.store/com.kyowon.literacy.ui.login.activity.LoginActivity}, from=com.android.server.wm.InsetsSourceProvider.setClientVisible:378 com.android.server.wm.InsetsSourceProvider.onInsetsModified:363 com.android.server.wm.InsetsStateController.onInsetsModified:416 com.android.server.wm.InsetsPolicy.onInsetsModified:320 com.android.server.wm.Session.insetsModified:512 android.view.IWindowSession$Stub.onTransact:1398 com.android.server.wm.Session.onTransact:145 android.os.Binder.execTransactInternal:1195 android.os.Binder.execTransact:1159 <bottom of call stack> 
02-06 18:16:32.424  3012  3935 D MARsPolicyManager: onPackageResumedFG pkgName = com.kyowon.literacy.store, userId = 0
02-06 18:16:32.427  3012  3220 D GameManagerService: onLooperPrepared(), msg: MSG_TASK_FOCUSED, focusedComponent: ComponentInfo{com.kyowon.literacy.store/com.kyowon.literacy.ui.login.activity.LoginActivity}
02-06 18:16:32.427  3012  3220 D GameManagerService:   handleTaskFocused(), pkgName: com.kyowon.literacy.store, clsName: com.kyowon.literacy.ui.login.activity.LoginActivity, userID:0
02-06 18:16:32.428  3012  3935 D WindowManager: rotationForOrientation, orientationSource=ActivityRecord{97dc1bd u0 com.kyowon.literacy.store/com.kyowon.literacy.ui.login.activity.LoginActivity t3762}
02-06 18:16:32.430  3012  3935 D MARsPolicyManager: onPackageResumedFG pkgName = com.kyowon.literacy.store, userId = 0
02-06 18:16:32.448 15428 15428 V InputMethodManager: Starting input: tba=com.kyowon.literacy.store ic=null mNaviBarColor -855310 mIsGetNaviBarColorSuccess true , NavVisible : true , NavTrans : false
02-06 18:16:32.648  3012  3062 D ActivityTaskManager: finishFixedRotationTransform, r=ActivityRecord{97dc1bd u0 com.kyowon.literacy.store/com.kyowon.literacy.ui.login.activity.LoginActivity t3762}, caller=com.android.server.wm.WindowToken.finishFixedRotationTransform:664 com.android.server.wm.DisplayContent$FixedRotationTransitionListener.onAppTransitionFinishedLocked:7026 com.android.server.wm.AppTransition.notifyAppTransitionFinishedLocked:543 com.android.server.wm.DisplayContent.handleAnimatingStoppedAndTransition:5836 com.android.server.wm.RootWindowContainer.checkAppTransitionReady:1264 
02-06 18:16:32.710   862   862 D SurfaceFlinger:      DEVICE | 0xb400007ac04cdf80 | 0002 | RGBA_8888    |    0.0    0.0 1200.0 2000.0 |    0    0 1200 2000 | com.kyowon.literacy.store/com.kyowon[...]ogin.activity.LoginActivity$_15428#0
02-06 18:16:32.799   862   862 D SurfaceFlinger:      DEVICE | 0xb400007ac04ccbd0 | 0002 | RGBA_8888    |    0.0    0.0 1200.0 2000.0 |    0    0 1200 2000 | com.kyowon.literacy.store/com.kyowon[...]ogin.activity.LoginActivity$_15428#0
02-06 18:16:32.850  3012  3061 D SemGameManager: isGamePackage(), pkgName=com.kyowon.literacy.store
02-06 18:16:32.851  3012  3061 D GameManagerService: identifyGamePackage. com.kyowon.literacy.store, mCurrentUserId: 0, callerUserId: 0
02-06 18:16:32.851  3012  3061 D PkgDataHelper: getGamePkgData(). com.kyowon.literacy.store
02-06 18:16:32.852  3012  3061 D GameManagerService: noteResumeComponent(), received resumed-component: com.kyowon.literacy.store
02-06 18:16:32.852  3012  3061 I GameSDK@LifeCycle: noteResumeComponent(): package name  : com.kyowon.literacy.store
02-06 18:16:32.852  3012  3220 D GameManagerService: onLooperPrepared(), msg: MSG_APP_RESUME, resumeComponent: ComponentInfo{com.kyowon.literacy.store/com.kyowon.literacy.ui.login.activity.LoginActivity}
02-06 18:16:32.852  3012  3220 D GameManagerService:   handleResume(). pkgName: com.kyowon.literacy.store, isTunableApp: null
02-06 18:16:32.852  3012  3220 D GameManagerService: notifyFocusInOut(). of pkg: com.kyowon.literacy.store, type: 4, isMinimized: false, isTunableApp: false
02-06 18:16:32.909  3012  3059 D SehCodecSolutionService: Update top [com.kyowon.literacy.store]
02-06 18:16:33.037  3012  3462 D MdnieScenarioControlService:  packageName : com.kyowon.literacy.store    className : com.kyowon.literacy.ui.login.activity.LoginActivity
02-06 18:16:34.404   862   862 D SurfaceFlinger:      DEVICE | 0xb400007ac04ccbd0 | 0002 | RGBA_8888    |    0.0    0.0 1200.0 2000.0 |    0    0 1200 2000 | com.kyowon.literacy.store/com.kyowon[...]ogin.activity.LoginActivity$_15428#0
02-06 18:16:34.517  3012  3323 D PkgPredictorService-NapPreloadController: [ML] Sent pkg = com.kyowon.literacy.store uid: 0 type: ml
02-06 18:16:34.518  3012  3715 I ActivityManager: [ML][SD] app:com.kyowon.literacy.store is exist findPkgforMl:false  isOnMemory:true
02-06 18:16:34.658  3012  7184 D WindowManager: rotationForOrientation, orientationSource=ActivityRecord{97dc1bd u0 com.kyowon.literacy.store/com.kyowon.literacy.ui.login.activity.LoginActivity t3762}
02-06 18:16:34.666  3012  7184 V WindowManager: Changing focus from Window{9717ef5 u0 com.kyowon.literacy.store/com.kyowon.literacy.ui.login.activity.LoginActivity} to null displayId=0 Callers=com.android.server.wm.RootWindowContainer.updateFocusedWindowLocked:566 com.android.server.wm.WindowManagerService.updateFocusedWindowLocked:6311 com.android.server.wm.DisplayContent.setFocusedApp:6776 com.android.server.wm.ActivityTaskManagerService.setResumedActivityUncheckLocked:6725 
02-06 18:16:34.686  3012  3061 D GameManagerService: notePauseComponent(), received paused-component: com.kyowon.literacy.store
02-06 18:16:34.844  3012  3323 D PkgPredictorService-NapClassifier: Predict result: 86.0,2.0,0.0, - [0_&_com.kyowon.literacy.store, 0_&_kr.co.kyowon.launcher, 0_&_com.android.vending]
02-06 18:16:35.008  3012  3935 V WindowManager: Changing focus from null to Window{9717ef5 u0 com.kyowon.literacy.store/com.kyowon.literacy.ui.login.activity.LoginActivity} displayId=0 Callers=com.android.server.wm.RootWindowContainer.updateFocusedWindowLocked:566 com.android.server.wm.WindowManagerService.updateFocusedWindowLocked:6311 com.android.server.wm.DisplayContent.layoutAndAssignWindowLayersIfNeeded:4201 com.android.server.wm.TaskDisplayArea.positionStackAt:1016 
02-06 18:16:35.055  3012  8912 V ActivityManager: Changed top to 10584,ProcessRecord{acc8878 15428:com.kyowon.literacy.store/u0a584}
02-06 18:16:35.136  3012  8461 D MARsPolicyManager: onPackageResumedFG pkgName = com.kyowon.literacy.store, userId = 0
02-06 18:16:35.146 15428 15428 V InputMethodManager: Starting input: tba=com.kyowon.literacy.store ic=null mNaviBarColor -855310 mIsGetNaviBarColorSuccess true , NavVisible : true , NavTrans : false
02-06 18:16:35.148  3012  3220 D GameManagerService: onLooperPrepared(), msg: MSG_TASK_FOCUSED, focusedComponent: ComponentInfo{com.kyowon.literacy.store/com.kyowon.literacy.ui.login.activity.LoginActivity}
02-06 18:16:35.148  3012  3220 D GameManagerService:   handleTaskFocused(), pkgName: com.kyowon.literacy.store, clsName: com.kyowon.literacy.ui.login.activity.LoginActivity, userID:0
02-06 18:16:35.148  3012  8461 D WindowManager: rotationForOrientation, orientationSource=ActivityRecord{97dc1bd u0 com.kyowon.literacy.store/com.kyowon.literacy.ui.login.activity.LoginActivity t3762}
02-06 18:16:35.154  3012  8461 D MARsPolicyManager: onPackageResumedFG pkgName = com.kyowon.literacy.store, userId = 0
02-06 18:16:35.164  3012  8461 D ActivityTaskManager: finishFixedRotationTransform, r=ActivityRecord{97dc1bd u0 com.kyowon.literacy.store/com.kyowon.literacy.ui.login.activity.LoginActivity t3762}, caller=com.android.server.wm.WindowToken.finishFixedRotationTransform:664 com.android.server.wm.DisplayContent$FixedRotationTransitionListener.onAppTransitionFinishedLocked:7026 com.android.server.wm.AppTransition.notifyAppTransitionFinishedLocked:543 com.android.server.wm.DisplayContent.handleAnimatingStoppedAndTransition:5836 com.android.server.wm.RootWindowContainer.checkAppTransitionReady:1264 
02-06 18:16:35.304  3012  7309 V WindowManager: Relayout Window{9717ef5 u0 com.kyowon.literacy.store/com.kyowon.literacy.ui.login.activity.LoginActivity}: viewVisibility=0 req=2000x1200
02-06 18:16:35.329  3012  3061 D SemGameManager: isGamePackage(), pkgName=com.kyowon.literacy.store
02-06 18:16:35.330  3012  3061 D GameManagerService: identifyGamePackage. com.kyowon.literacy.store, mCurrentUserId: 0, callerUserId: 0
02-06 18:16:35.330  3012  3061 D PkgDataHelper: getGamePkgData(). com.kyowon.literacy.store
02-06 18:16:35.330  3012  3061 D GameManagerService: noteResumeComponent(), received resumed-component: com.kyowon.literacy.store
02-06 18:16:35.330  3012  3061 I GameSDK@LifeCycle: noteResumeComponent(): package name  : com.kyowon.literacy.store
02-06 18:16:35.330  3012  3220 D GameManagerService: onLooperPrepared(), msg: MSG_APP_RESUME, resumeComponent: ComponentInfo{com.kyowon.literacy.store/com.kyowon.literacy.ui.login.activity.LoginActivity}
02-06 18:16:35.331  3012  3220 D GameManagerService:   handleResume(). pkgName: com.kyowon.literacy.store, isTunableApp: null
02-06 18:16:35.331  3012  3220 D GameManagerService: notifyFocusInOut(). of pkg: com.kyowon.literacy.store, type: 4, isMinimized: false, isTunableApp: false
02-06 18:16:35.378  3012  3059 D SehCodecSolutionService: Update top [com.kyowon.literacy.store]
02-06 18:16:35.508  3012  3462 D MdnieScenarioControlService:  packageName : com.kyowon.literacy.store    className : com.kyowon.literacy.ui.login.activity.LoginActivity
02-06 18:16:36.409   862   862 D SurfaceFlinger:      DEVICE | 0xb400007acfe20ca0 | 0002 | RGBA_8888    |    0.0    0.0 1200.0 2000.0 |    0    0 1200 2000 | com.kyowon.literacy.store/com.kyowon[...]ogin.activity.LoginActivity$_15428#0
02-06 18:16:37.845  3012  3323 D PkgPredictorService-NapPreloadController: [ML] Sent pkg = com.kyowon.literacy.store uid: 0 type: ml
02-06 18:16:37.847  3012  3715 I ActivityManager: [ML][SD] app:com.kyowon.literacy.store is exist findPkgforMl:false  isOnMemory:true
02-06 18:16:38.010  3012  3061 D GameManagerService: notePauseComponent(), received paused-component: com.kyowon.literacy.store
02-06 18:16:38.012  3012  3454 D WindowManager: rotationForOrientation, orientationSource=ActivityRecord{97dc1bd u0 com.kyowon.literacy.store/com.kyowon.literacy.ui.login.activity.LoginActivity t3762}
02-06 18:16:38.020  3012  3454 V WindowManager: Changing focus from Window{9717ef5 u0 com.kyowon.literacy.store/com.kyowon.literacy.ui.login.activity.LoginActivity} to null displayId=0 Callers=com.android.server.wm.RootWindowContainer.updateFocusedWindowLocked:566 com.android.server.wm.WindowManagerService.updateFocusedWindowLocked:6311 com.android.server.wm.DisplayContent.setFocusedApp:6776 com.android.server.wm.ActivityTaskManagerService.setResumedActivityUncheckLocked:6725 
02-06 18:16:38.077  3012  3323 D PkgPredictorService-NapClassifier: Predict result: 86.0,2.0,0.0, - [0_&_com.kyowon.literacy.store, 0_&_kr.co.kyowon.launcher, 0_&_com.android.vending]
