02-06 18:04:59.741 11530 11600 I System.out: {"id":"59b66e39-f3fd-47a6-9e83-8ad532538685","uri":"poco-uiautomation-framework","method":[["getattr","attributor"],["getattr","getAttr"],["call",[["uri","[Lcom.netease.open.libpoco.sdk.AbstractNode;@8262358(debf00b4-0bea-4ac4-9b65-c0e24e6b56af)"],["","anchorPoint"]]]],"session_id":"54862a4f-a7f6-4a6f-ab1e-a02f90ea0ef2"}
02-06 18:04:59.781  3012  3081 I AppOps  : commitUidPendingStateLocked() :: UID - 10499, 200 > 400, 7 > 6
02-06 18:04:59.816  3012  7145 D InputDispatcher: Inject motion (20865): action=0x0, time=800046820000000, f=0x0, d=0
02-06 18:04:59.820  3012  3211 I InputDispatcher: Delivering touch to (20609): action: 0x0, f=0x0, d=0, '2813ac1', t=1 
02-06 18:04:59.821 20609 20609 I ViewRootImpl@af71697[VocabularyActivity]: ViewPostIme pointer 0
02-06 18:04:59.821  3012  3211 D PowerManagerService: UserActivityStateListenerState: 1
02-06 18:04:59.842  3012  7145 D InputDispatcher: Inject motion (20865): action=0x1, time=800046848000000, f=0x0, d=0
02-06 18:04:59.844  3012  3211 I InputDispatcher: Delivering touch to (20609): action: 0x1, f=0x0, d=0, '2813ac1', t=1 
02-06 18:04:59.844 20609 20609 I ViewRootImpl@af71697[VocabularyActivity]: ViewPostIme pointer 1
02-06 18:04:59.844 20609 20609 V MediaPlayerNative: isPlaying: no active player
02-06 18:04:59.857  2586 20491 V APM_AudioPolicyManager: getOutputForAttrInt() attributes={ Content type: AUDIO_CONTENT_TYPE_MUSIC Usage: AUDIO_USAGE_MEDIA Source: AUDIO_SOURCE_DEFAULT Flags: 0x800 Tags:  } stream=AUDIO_STREAM_MUSIC session 5993 selectedDeviceId 0
02-06 18:04:59.857  2586 20491 D APM::MultiSoundManager: getDevice, uid = 10584, device = 0
02-06 18:04:59.857  2586 20491 I APM_AudioPolicyManager: selectOutputFlags: remove ULL flag for dolby
02-06 18:04:59.857  2586 20491 V APM_AudioPolicyManager: getOutputForAttrInt() device {type:0x8000,@:0}, sampling rate 44100, format 0x1, channel mask 0x3, flags 0x40004 stream AUDIO_STREAM_MUSIC
02-06 18:04:59.858  2586 20491 V APM_AudioPolicyManager: selectOutput new bestOutput 53 criteria 0 0 0 0 0 0 4 0 
02-06 18:04:59.858  2586 20491 V APM_AudioPolicyManager: getOutputForAttrInt returns output 53 selectedDeviceId 389
02-06 18:04:59.858  2586 20491 V APM_AudioPolicyManager: getOutputForAttr() returns output 53 requestedPortId 0 selectedDeviceId 389 for port ID 670
02-06 18:04:59.858  2586 20491 I AudioFlinger: nonSecFlag 4, secFlag 40000, outputFlags 0
02-06 18:04:59.858  2586 20491 W AudioFlinger: createTrack_l(): mismatch between requested flags (00000004) and output flags (00000000)
02-06 18:04:59.858  2586 20491 I AF::Track: setMixerOutConfig return default condition, mixer key 2002, thread key 202
02-06 18:04:59.860 20609 20609 D AudioTrack: createTrack_l(123): AUDIO_OUTPUT_FLAG_FAST denied by server; frameCount 0 -> 4079
02-06 18:04:59.863 20609 20609 D AudioTrack: setVolume(0.600000, 0.600000) pid : 20609
02-06 18:04:59.864  2586 13582 I AF::Track: setMixerOutConfig return default condition, mixer key 2002, thread key 202
02-06 18:04:59.864  2586 13582 I HiddenSound: registerSession : session=5993, pid=20609, uid=10584, ref=1
02-06 18:04:59.864  2586 13582 I AudioPolicyEffectException: MySpaceHandler::checkDetachCondition media 1, ring 0, mp 0
02-06 18:04:59.864  2586 13582 I AudioPolicyEffectException: MySpace detach not mediaplayer
02-06 18:04:59.864  2586 13582 I AudioPolicyEffectException: MySpace detach value 1
02-06 18:04:59.864  2586 13582 V APM_AudioPolicyManager: startOutput portId 670
02-06 18:04:59.864  2586 13582 V APM_AudioPolicyManager: startOutput() output 53, stream 3, session 5993
02-06 18:04:59.864  2586 13582 V APM_AudioPolicyManager: setBeaconMute(1) mBeaconMuteRefCount=1 mBeaconPlayingRefCount=0
02-06 18:04:59.864  2586 13582 D APM::MultiSoundManager: getDevice, uid = 10584, device = 0
02-06 18:04:59.864  2586 13582 V APM_AudioPolicyManager: selectOutputForMusicEffects activeOnly 1 output 53 flags 0x00000000
02-06 18:04:59.864  2586 13582 V APM_AudioPolicyManager: selectOutputForMusicEffects selected output 53
02-06 18:04:59.865  2586 13582 V APM_AudioPolicyManager: getNewOutputDevices selected devices {type:0x8000,@:0}
02-06 18:04:59.865  2586 13582 V APM_AudioPolicyManager: setOutputDevices device {type:0x8000,@:0} delayMs 0
02-06 18:04:59.865  2586 13582 V APM_AudioPolicyManager: setOutputDevices() prevDevice {type:0x8000,@:0}
02-06 18:04:59.865  2586 13582 V APM_AudioPolicyManager: setOutputDevices: suppressing checkDeviceMuteStrategies
02-06 18:04:59.865  2586 13582 V APM_AudioPolicyManager: setOutputDevices setting same device {type:0x8000,@:0} or null device, force=0, patch handle=392
02-06 18:04:59.865  2586 13582 V APM_AudioPolicyManager: computeVolume: stream 3, index 9, volume 0.114815, deviceTypes 0x8000
02-06 18:04:59.865  2586 13582 V APM_AudioPolicyManager: computeVolume: stream 3, index 10, volume 0.147911, deviceTypes 0x8000
02-06 18:04:59.867  2586 13582 W APM::AudioPolicyEngine: getDevicesForStrategy() unknown strategy: -1
02-06 18:04:59.867  2586 13582 W APM::AudioPolicyEngine: getDevicesForStrategy() unknown strategy: -1
02-06 18:04:59.867  2586 13582 I AudioFlinger: updateStageIndex new -5302
02-06 18:04:59.870  2586 20376 D AudioFlinger: ro.audio.silent will be ignored for threads on AUDIO_DEVICE_OUT_REMOTE_SUBMIX
02-06 18:04:59.870  2586 20376 I AudioMixer: create resampler src 44100, 2, dst 48000, 2, q 8
02-06 18:04:59.870  2586 20376 D DlbDap2Process: setParam(preg = #1[0])
02-06 18:04:59.871  2586 20376 I SoundAlive_SRC384 arch64: SRC384 Create
02-06 18:04:59.871  2586 20376 I SoundAlive_SRC384 arch64: SoundAlive_SRC384() 
02-06 18:04:59.871  2586 20376 I SoundAlive_SRC384 arch64: SoundAlive_SRC384: Instance 0 Init(outFs 7, InFs 7, chnum 0, outBW 0, inBW 0)
02-06 18:04:59.871  2586 20376 I Samsung_SoundAlive_SRC arch64: SRC384 version Samsung SoundAlive SRC ver320 arch64  11.17.2019 (Cppref for ARM64, ver.300.c 32bit 07_10_2016 based)
02-06 18:04:59.871  3012  7145 I system_server: oneway function results will be dropped but finished with status OK and parcel size 4
02-06 18:04:59.871  2586 20376 D SoundAliveResampler: [SoundAliveResampler] Init+++
02-06 18:04:59.871  2586 20376 I SoundAlive_SRC384 arch64: SoundAlive_SRC384: Instance 0 Init(outFs 8, InFs 7, chnum 2, outBW 3, inBW 3)
02-06 18:04:59.871  2586 20376 I Samsung_SoundAlive_SRC arch64: SRC384 version Samsung SoundAlive SRC ver320 arch64  11.17.2019 (Cppref for ARM64, ver.300.c 32bit 07_10_2016 based)
02-06 18:04:59.872  3012  7145 I power_partial_wake_state: [1,AudioMix:audioserver]
02-06 18:04:59.872  3012  7145 I system_server: oneway function results will be dropped but finished with status OK and parcel size 4
02-06 18:04:59.880  2586  2703 V APM_AudioPolicyManager: releaseOutput portId 669
02-06 18:04:59.880  2586  2703 V APM_AudioPolicyManager: releaseOutput() 53
02-06 18:04:59.887  2586 20376 I SoundAlive_SRC384 arch64: SRC384 Destroy
02-06 18:04:59.887  2586 20376 I SoundAlive_SRC384 arch64: ~SoundAlive_SRC384() 
02-06 18:04:59.898  1077  2024 D AudioAnalytics: gc(400, 500): key size:400
02-06 18:04:59.921  2586 20376 D AudioFlinger: mixer(0xb4000071f9361080) throttle end: throttle time(6)
02-06 18:04:59.922  2586 20376 I SoundAlive_SRC384 arch64: SoundAlive_SRC384: Instance 0 Init(outFs 8, InFs 7, chnum 2, outBW 3, inBW 3)
02-06 18:04:59.922  2586 20376 I Samsung_SoundAlive_SRC arch64: SRC384 version Samsung SoundAlive SRC ver320 arch64  11.17.2019 (Cppref for ARM64, ver.300.c 32bit 07_10_2016 based)
02-06 18:04:59.926 20609 20609 I DecorView: [INFO] isPopOver=false, config=true
02-06 18:04:59.927 20609 20609 I DecorView: updateCaptionType >> DecorView@4c93faf[VocabularyActivity], isFloating=false, isApplication=true, hasWindowDecorCaption=false, hasWindowControllerCallback=false
02-06 18:04:59.927 20609 20609 D DecorView: setCaptionType = 0, this = DecorView@4c93faf[VocabularyActivity]
02-06 18:04:59.934  3012  7145 D InputTransport: Input channel constructed: '26ff545', fd=547
02-06 18:04:59.934  3012  7145 D InputTransport: Input channel constructed: '26ff545', fd=602
02-06 18:04:59.935   862  2572 I SurfaceFlinger: id=106615 createSurf (0x0),-1 flag=80004, 26ff545 com.kyowon.literacy.store/com.kyowon.literacy.ui.vocabulary.activity.VocabularyActivity#0
02-06 18:04:59.937  3012  7145 D InputTransport: Input channel destroyed: '26ff545', fd=602
02-06 18:04:59.937 20609 20609 D InputTransport: Input channel constructed: '26ff545', fd=216
02-06 18:04:59.941 20609 20609 I ViewRootImpl@47115a5[VocabularyActivity]: setView = com.android.internal.policy.DecorView@4c93faf TM=true
02-06 18:04:59.942 20609 20609 D InsetsSourceConsumer: setRequestedVisible: visible=false, type=2, host=com.kyowon.literacy.store/com.kyowon.literacy.ui.vocabulary.activity.VocabularyActivity, from=android.view.InsetsSourceConsumer.hide:236 android.view.InsetsController.collectSourceControls:1172 android.view.InsetsController.controlAnimationUnchecked:1049 android.view.InsetsController.applyAnimation:1417 android.view.InsetsController.hide:984 android.view.InsetsController.hide:967 android.view.PendingInsetsController.hide:60 androidx.core.view.WindowInsetsControllerCompat$Impl30.hide:654 androidx.core.view.WindowInsetsControllerCompat.hide:189 com.kyowon.literacy.utils.SystemUiHelper.hideSystemUI:19 
02-06 18:04:59.942 20609 20609 D InsetsSourceConsumer: setRequestedVisible: visible=false, type=1, host=com.kyowon.literacy.store/com.kyowon.literacy.ui.vocabulary.activity.VocabularyActivity, from=android.view.InsetsSourceConsumer.hide:236 android.view.InsetsController.collectSourceControls:1172 android.view.InsetsController.controlAnimationUnchecked:1049 android.view.InsetsController.applyAnimation:1417 android.view.InsetsController.hide:984 android.view.InsetsController.hide:967 android.view.PendingInsetsController.hide:60 androidx.core.view.WindowInsetsControllerCompat$Impl30.hide:654 androidx.core.view.WindowInsetsControllerCompat.hide:189 com.kyowon.literacy.utils.SystemUiHelper.hideSystemUI:19 
02-06 18:04:59.942 20609 20609 D InsetsSourceConsumer: setRequestedVisible: visible=false, type=0, host=com.kyowon.literacy.store/com.kyowon.literacy.ui.vocabulary.activity.VocabularyActivity, from=android.view.InsetsSourceConsumer.hide:236 android.view.InsetsController.collectSourceControls:1172 android.view.InsetsController.controlAnimationUnchecked:1049 android.view.InsetsController.applyAnimation:1417 android.view.InsetsController.hide:984 android.view.InsetsController.hide:967 android.view.PendingInsetsController.hide:60 androidx.core.view.WindowInsetsControllerCompat$Impl30.hide:654 androidx.core.view.WindowInsetsControllerCompat.hide:189 com.kyowon.literacy.utils.SystemUiHelper.hideSystemUI:19 
02-06 18:04:59.952 20609 20609 W RecyclerView: No adapter attached; skipping layout
02-06 18:04:59.964 20609 20609 D ViewRootImpl@47115a5[VocabularyActivity]: controlInsetsForCompatibility: hideByFlags=0x1, showByFlags=0x0, flags=0x1810500, sysUiVis=0x0, matchParent=true, nonAttachedAppWindow=true
02-06 18:04:59.968  3012  7145 V WindowManager: Relayout Window{26ff545 u0 com.kyowon.literacy.store/com.kyowon.literacy.ui.vocabulary.activity.VocabularyActivity}: viewVisibility=0 req=2000x1200
02-06 18:04:59.973  3012  7145 D WindowManager: isScreenshotDisabledLocked - win: Window{26ff545 u0 com.kyowon.literacy.store/com.kyowon.literacy.ui.vocabulary.activity.VocabularyActivity}
02-06 18:04:59.973  3012  7145 D WindowManager: isScreenshotDisabledLocked: userId = 0, disabled =false
02-06 18:04:59.974   862   924 I SurfaceFlinger: id=106616 createSurf (2000x1200),1 flag=4, com.kyowon.literacy.store/com.kyowon.literacy.ui.vocabulary.activity.VocabularyActivity$_20609#0
02-06 18:04:59.975  3012  7145 D WindowManager: makeSurface duration=3 name=com.kyowon.literacy.store/com.kyowon.literacy.ui.vocabulary.activity.VocabularyActivity$_20609
02-06 18:04:59.977  3012  7145 V WindowManager: Changing focus from Window{2813ac1 u0 com.kyowon.literacy.store/com.kyowon.literacy.ui.vocabulary.activity.VocabularyActivity} to Window{26ff545 u0 com.kyowon.literacy.store/com.kyowon.literacy.ui.vocabulary.activity.VocabularyActivity} displayId=0 Callers=com.android.server.wm.RootWindowContainer.updateFocusedWindowLocked:566 com.android.server.wm.WindowManagerService.updateFocusedWindowLocked:6311 com.android.server.wm.WindowManagerService.relayoutWindow:2713 com.android.server.wm.Session.relayout:219 
02-06 18:04:59.979  3012  7145 I WindowManager: Cancelling animation restarting=true, leash=Surface(name=Surface(name=7bc7528 StatusBar)/@0x1c523a8 - animation-leash)/@0xc32ab5e
02-06 18:04:59.979  3012  7145 I WindowManager: Reparenting to original parent: Surface(name=WindowToken{345974b android.os.BinderProxy@ae17ec5})/@0xdbd8ec1, destroy=false, surface=Surface(name=7bc7528 StatusBar)/@0x1c523a8
02-06 18:04:59.979  3012  7145 I SurfaceControl: nativeRelease nativeObject s[-5476376623274585984]
02-06 18:04:59.979  3012  7145 I SurfaceControl: nativeRelease nativeObject e[-5476376623274585984]
02-06 18:04:59.979  3012  7145 I WindowManager: Reparenting to leash, surface=Surface(name=7bc7528 StatusBar)/@0x1c523a8, leashParent=Surface(name=WindowToken{345974b android.os.BinderProxy@ae17ec5})/@0xdbd8ec1
02-06 18:04:59.980   862   924 I SurfaceFlinger: id=106617 createSurf (0x0),-1 flag=24004, Surface(name=7bc7528 StatusBar)/@0x1c523a8 - animation-leash#1
02-06 18:04:59.980  3012  7145 D WindowManager: makeSurface duration=2 leash=Surface(name=Surface(name=7bc7528 StatusBar)/@0x1c523a8 - animation-leash)/@0xafc3da8
02-06 18:04:59.981  3012  7145 I WindowManager: Cancelling animation restarting=true, leash=Surface(name=Surface(name=8b29ede NavigationBar0)/@0x69dbda7 - animation-leash)/@0xd36ec0c
02-06 18:04:59.981  3012  7145 I WindowManager: Reparenting to original parent: Surface(name=WindowToken{96fa963 android.os.BinderProxy@332cd1d})/@0x71cd254, destroy=false, surface=Surface(name=8b29ede NavigationBar0)/@0x69dbda7
02-06 18:04:59.981  3012  7145 I SurfaceControl: nativeRelease nativeObject s[-5476376623274591744]
02-06 18:04:59.981  3012  7145 I SurfaceControl: nativeRelease nativeObject e[-5476376623274591744]
02-06 18:04:59.981  3012  7145 I WindowManager: Reparenting to leash, surface=Surface(name=8b29ede NavigationBar0)/@0x69dbda7, leashParent=Surface(name=WindowToken{96fa963 android.os.BinderProxy@332cd1d})/@0x71cd254
02-06 18:04:59.981   862   925 I SurfaceFlinger: id=106618 createSurf (0x0),-1 flag=24004, Surface(name=8b29ede NavigationBar0)/@0x69dbda7 - animation-leash#0
02-06 18:04:59.982  3012  7145 D WindowManager: makeSurface duration=1 leash=Surface(name=Surface(name=8b29ede NavigationBar0)/@0x69dbda7 - animation-leash)/@0x6b87066
02-06 18:04:59.983  3012  7145 D StatusBarManagerService: notifyRequestedSystemKey recent=false home=false
02-06 18:04:59.986  3435  3435 V Navbar.Store: handleEvent [EventType] ON_NAVBAR_WINDOW_STATE_SHOWING [Module] NavigationBarFragment
02-06 18:04:59.986  3905  8008 I TouchInteractionService: onSystemUiStateChanged, stateFlags : 0
02-06 18:04:59.986  3905  3905 I TouchInteractionService: onSystemUiFlagsChanged, userUnlocked
02-06 18:04:59.986  3012  7145 V WindowManager: Relayout hash=26ff545, pid=20609: mAttrs={(0,0)(fillxfill) gr=CENTER sim={adjust=pan} ty=APPLICATION fmt=TRANSPARENT wanim=0x1030000
02-06 18:04:59.986  3012  7145 V WindowManager:   fl=1810500
02-06 18:04:59.986  3012  7145 V WindowManager:   pfl=1a020000
02-06 18:04:59.986  3012  7145 V WindowManager:   apr=LIGHT_NAVIGATION_BARS
02-06 18:04:59.986  3012  7145 V WindowManager:   bhv=SHOW_TRANSIENT_BARS_BY_SWIPE
02-06 18:04:59.986  3012  7145 V WindowManager:   fitSides= naviIconColor=0
02-06 18:04:59.986  3012  7145 V WindowManager:   sfl=100000}
02-06 18:04:59.987  3012  7145 I SurfaceControl: nativeRelease nativeObject s[-5476376624086840128]
02-06 18:04:59.987  3012  7145 I SurfaceControl: nativeRelease nativeObject e[-5476376624086840128]
02-06 18:04:59.989 20609 20609 I SurfaceControl: assignNativeObject: nativeObject = 0 Surface(name=null)/@0x38909bf / android.view.SurfaceControl.readFromParcel:1117 android.view.IWindowSession$Stub$Proxy.relayout:1820 android.view.ViewRootImpl.relayoutWindow:9005 android.view.ViewRootImpl.performTraversals:3360 android.view.ViewRootImpl.doTraversal:2618 android.view.ViewRootImpl$TraversalRunnable.run:9971 android.view.Choreographer$CallbackRecord.run:1010 android.view.Choreographer.doCallbacks:809 android.view.Choreographer.doFrame:744 android.view.Choreographer$FrameDisplayEventReceiver.run:995 
02-06 18:04:59.990 20609 20609 I ViewRootImpl@47115a5[VocabularyActivity]: Relayout returned: old=(0,0,2000,1200) new=(0,0,2000,1200) req=(2000,1200)0 dur=22 res=0x7 s={true -5476376620388065280} ch=true fn=-1
02-06 18:04:59.994  3012 11602 I SystemUiVisibilityPolicyController: handleMessage: entry what = 1
02-06 18:04:59.997  3905  8008 I TouchInteractionService: onSystemUiStateChanged, stateFlags : 2
02-06 18:04:59.997  3435  3435 V Navbar.Store: handleEvent [EventType] ON_NAVBAR_WINDOW_STATE_HIDDEN [Module] NavigationBarFragment
02-06 18:04:59.997  3905  3905 I TouchInteractionService: onSystemUiFlagsChanged, userUnlocked
02-06 18:04:59.998   862   924 I Layer   : id=106602 removeFromCurrentState Surface(name=7bc7528 StatusBar)/@0x1c523a8 - animation-leash#0 (107)
02-06 18:04:59.998   862   924 I Layer   : id=106603 removeFromCurrentState Surface(name=8b29ede NavigationBar0)/@0x69dbda7 - animation-leash#1 (107)
02-06 18:04:59.999  3012  3200 D SamsungAlarmManager: Expired : 8
02-06 18:05:00.000  3012  3200 V SamsungAlarmManager: Sending to uid : 1000 L=9dd7c32:TIME_TICK alarm=Alarm{3ab1fa7 type 3 when 2192679226 android}
02-06 18:05:00.003  2586 20376 D DlbDap2Process: setParam(preg = #1[-2080])
02-06 18:05:00.005  2586  2703 I HiddenSound: unregisterSession : session=5993
02-06 18:05:00.005  2586  2703 V APM_AudioPolicyManager: stopOutput portId 670
02-06 18:05:00.005  2586  2703 V APM_AudioPolicyManager: stopOutput() output 53, stream 3, session 5993
02-06 18:05:00.005  2586  2703 V APM_AudioPolicyManager: setBeaconMute(1) mBeaconMuteRefCount=0 mBeaconPlayingRefCount=0
02-06 18:05:00.005  2586  2703 V APM_AudioPolicyManager: getNewOutputDevices selected devices AUDIO_DEVICE_NONE
02-06 18:05:00.005  2586  2703 V APM_AudioPolicyManager: setOutputDevices device AUDIO_DEVICE_NONE delayMs 170
02-06 18:05:00.005  2586  2703 V APM_AudioPolicyManager: setOutputDevices() prevDevice {type:0x8000,@:0}
02-06 18:05:00.005  3012  7184 I power_partial_wake_state: [133,AudioMix:audioserver]
02-06 18:05:00.005  3012  3200 D SamsungAlarmManager: setExact (T:3/F:1/AC:false) 20260206T180559 now=2192679232 - CU:1000/CP:3012/L:9dd7c32:TIME_TICK
02-06 18:05:00.005  3012  7184 I system_server: oneway function results will be dropped but finished with status OK and parcel size 4
02-06 18:05:00.005  3012  3200 I SamsungAlarmManager: setLocked to kernel - T:2 / 20260206T181158, set=2193097951, now=2192679232
02-06 18:05:00.006  2586  2703 V APM_AudioPolicyManager: setOutputDevices setting same device AUDIO_DEVICE_NONE or null device, force=0, patch handle=392
02-06 18:05:00.006  2586  2703 W APM::AudioPolicyEngine: getDevicesForStrategy() unknown strategy: -1
02-06 18:05:00.006  2586  2703 W APM::AudioPolicyEngine: getDevicesForStrategy() unknown strategy: -1
02-06 18:05:00.006  2586  2703 V APM_AudioPolicyManager: selectOutputForMusicEffects selected output 53
02-06 18:05:00.007  3012  3200 I SamsungAlarmManager: setLocked to kernel - T:3 / 20260206T180600, set=2192739226, now=2192679233
02-06 18:05:00.008  3012  3200 I SamsungAlarmManager: setLocked to kernel - T:2 / 20260206T181158, set=2193097951, now=2192679234
02-06 18:05:00.008  3012  3200 I SamsungAlarmManager: setLocked to kernel - T:3 / 20260206T180600, set=2192739226, now=2192679234
02-06 18:05:00.008  3435  3940 D QSClockBellTower: onReceive(android.intent.action.TIME_TICK) mTimeZoneString:null
02-06 18:05:00.009  3435  3435 D KeyguardUpdateMonitor: received broadcast android.intent.action.TIME_TICK
02-06 18:05:00.010  1093 20587 I OMX-VENC: venc_dev: stats: avg. fps 13.63, bitrate 32889
02-06 18:05:00.010  3435  3435 D QSClockBellTower: He is ready to ring the bell. (((QSClockBellSound - TimeText:6:05, TimeContentDescription:오후 6:05, DateText:2월 6일 금요일, ShortDateText:2월 6일 (금), Demofalse)))
02-06 18:05:00.013  3435  3435 D QSClockHomeIndicatorView: Home Indicator status_bar_clock notifyTimeChanged(QSClockBellSound - TimeText:6:05, TimeContentDescription:오후 6:05, DateText:2월 6일 금요일, ShortDateText:2월 6일 (금), Demofalse) ClockVisibleByPolicy:true, ClockVisibleByUser:true, visible?true, parent:android.widget.LinearLayout{cc730b7 V.E...... ......ID 0,0-45,36 #7f0a037c app:id/left_clock_container}
02-06 18:05:00.013  3435  3435 D QSClockBellTower: Everyone heard the bell. run(currentTime:1770368700009,   getTime():Fri Feb 06 18:05:00 GMT+09:00 2026,   getTimeZone():libcore.util.ZoneInfo[id="Asia/Seoul",mRawOffset=32400000,mEarliestRawOffset=30472000,mUseDst=false,mDstSavings=0,transitions=29])
02-06 18:05:00.014  3435  3435 D KeyguardUpdateMonitor: handleTimeUpdate
02-06 18:05:00.014  3435  3435 D FaceWidgetPagesController: onTimeChanged()
02-06 18:05:00.016  3012  7184 I InputDispatcher: Focus left window (20609): 2813ac1 in display 0 0
02-06 18:05:00.021  3012  3012 I power_partial_wake_state: [13,*alarm*:android]
02-06 18:05:00.023  3435  3940 D QSClockBellTower: onReceive(android.intent.action.TIME_TICK) mTimeZoneString:null
02-06 18:05:00.031  3012  7184 D WindowManager: finishDrawingWindow: Window{26ff545 u0 com.kyowon.literacy.store/com.kyowon.literacy.ui.vocabulary.activity.VocabularyActivity} mDrawState=DRAW_PENDING
02-06 18:05:00.034  3012  3266 D DeviceStorageMonitorService: check() STORAGE TOTAL <= 64G
02-06 18:05:00.035  3012  3266 W DeviceStorageMonitorService: updateBroadcasts(/data) oldLevel:0, newLevel:0, seq:1
02-06 18:05:00.038  3012  3266 D DeviceStorageMonitorService: Available File Node Number is [12897458]
02-06 18:05:00.038  3012  3266 W DeviceStorageMonitorService: updateBroadcasts_filenode(/data) fn_oldLevel:0, fn_newLevel:0, seq:1
02-06 18:05:00.042 20609 20609 I SurfaceControl: nativeRelease nativeObject s[-5476376620379447104]
02-06 18:05:00.042 20609 20609 I SurfaceControl: nativeRelease nativeObject e[-5476376620379447104]
02-06 18:05:00.042 20609 20609 I SurfaceControl: nativeRelease nativeObject s[-5476376620379446464]
02-06 18:05:00.042 20609 20609 I SurfaceControl: nativeRelease nativeObject e[-5476376620379446464]
02-06 18:05:00.043 20609 20609 I SurfaceControl: nativeRelease nativeObject s[-5476376620382883392]
02-06 18:05:00.043 20609 20609 I SurfaceControl: nativeRelease nativeObject e[-5476376620382883392]
02-06 18:05:00.043  3012  7184 I InputDispatcher: Focus entered window (20609): 26ff545 in display 0 0
02-06 18:05:00.051 20609 20609 I ViewRootImpl@47115a5[VocabularyActivity]: dispatchDetachedFromWindow
02-06 18:05:00.051 20609 20609 I SurfaceControl: nativeRelease nativeObject s[-5476376620379444064]
02-06 18:05:00.051 20609 20609 I SurfaceControl: nativeRelease nativeObject e[-5476376620379444064]
02-06 18:05:00.055  3012  7150 D InputTransport: Input channel destroyed: '26ff545', fd=547
02-06 18:05:00.055  3012  7150 I SurfaceControl: nativeRelease nativeObject s[-5476376624086842688]
02-06 18:05:00.056  3012  7150 I SurfaceControl: nativeRelease nativeObject e[-5476376624086842688]
02-06 18:05:00.057  3012  7150 I WindowManager: Destroying surface Surface(name=com.kyowon.literacy.store/com.kyowon.literacy.ui.vocabulary.activity.VocabularyActivity$_20609)/@0xecb2cf2 called by com.android.server.wm.WindowStateAnimator.destroySurface:1794 com.android.server.wm.WindowStateAnimator.destroySurfaceLocked:765 com.android.server.wm.WindowState.removeImmediately:2665 com.android.server.wm.WindowState.removeIfPossible:2830 com.android.server.wm.WindowState.removeIfPossible:2688 com.android.server.wm.WindowManagerService.removeWindow:2186 com.android.server.wm.Session.remove:199 android.view.IWindowSession$Stub.onTransact:813 
02-06 18:05:00.057  3012  7150 I SurfaceControl: nativeRelease nativeObject s[-5476376624086840288]
02-06 18:05:00.057  3012  7150 I SurfaceControl: nativeRelease nativeObject e[-5476376624086840288]
02-06 18:05:00.058   862  2572 I Layer   : id=106616 removeFromCurrentState com.kyowon.literacy.store/com.kyowon.literacy.ui.vocabulary.activity.VocabularyActivity$_20609#0 (107)
02-06 18:05:00.065   862   924 I SurfaceFlinger: id=106616 Removed com.kyowon.literacy.store/com.kyowon.literacy.ui.vocabulary.activity.VocabularyActivity$_20609#0 (107)
02-06 18:05:00.066   862  1519 I Layer   : id=106615 removeFromCurrentState 26ff545 com.kyowon.literacy.store/com.kyowon.literacy.ui.vocabulary.activity.VocabularyActivity#0 (107)
02-06 18:05:00.068  3012  7150 V WindowManager: Changing focus from Window{26ff545 u0 com.kyowon.literacy.store/com.kyowon.literacy.ui.vocabulary.activity.VocabularyActivity} to Window{2813ac1 u0 com.kyowon.literacy.store/com.kyowon.literacy.ui.vocabulary.activity.VocabularyActivity} displayId=0 Callers=com.android.server.wm.RootWindowContainer.updateFocusedWindowLocked:566 com.android.server.wm.WindowManagerService.updateFocusedWindowLocked:6311 com.android.server.wm.WindowState.removeIfPossible:2839 com.android.server.wm.WindowState.removeIfPossible:2688 
02-06 18:05:00.069  3012  7150 I WindowManager: Cancelling animation restarting=true, leash=Surface(name=Surface(name=7bc7528 StatusBar)/@0x1c523a8 - animation-leash)/@0xafc3da8
02-06 18:05:00.070  3012 11602 I SystemUiVisibilityPolicyController: handleMessage: entry what = 1
02-06 18:05:00.070  3012  7150 I WindowManager: Reparenting to original parent: Surface(name=WindowToken{345974b android.os.BinderProxy@ae17ec5})/@0xdbd8ec1, destroy=false, surface=Surface(name=7bc7528 StatusBar)/@0x1c523a8
02-06 18:05:00.070  3012  7150 I SurfaceControl: nativeRelease nativeObject s[-5476376624086839808]
02-06 18:05:00.070  3012  7150 I SurfaceControl: nativeRelease nativeObject e[-5476376624086839808]
02-06 18:05:00.071  3012  7150 I WindowManager: Reparenting to leash, surface=Surface(name=7bc7528 StatusBar)/@0x1c523a8, leashParent=Surface(name=WindowToken{345974b android.os.BinderProxy@ae17ec5})/@0xdbd8ec1
02-06 18:05:00.071   862  1519 I SurfaceFlinger: id=106615 Removed 26ff545 com.kyowon.literacy.store/com.kyowon.literacy.ui.vocabulary.activity.VocabularyActivity#0 (107)
02-06 18:05:00.071   862  2572 I SurfaceFlinger: id=106619 createSurf (0x0),-1 flag=24004, Surface(name=7bc7528 StatusBar)/@0x1c523a8 - animation-leash#0
02-06 18:05:00.072  3012  7150 D WindowManager: makeSurface duration=2 leash=Surface(name=Surface(name=7bc7528 StatusBar)/@0x1c523a8 - animation-leash)/@0x35f19c0
02-06 18:05:00.073  3012  7150 I WindowManager: Cancelling animation restarting=true, leash=Surface(name=Surface(name=8b29ede NavigationBar0)/@0x69dbda7 - animation-leash)/@0x6b87066
02-06 18:05:00.073  3012  7150 I WindowManager: Reparenting to original parent: Surface(name=WindowToken{96fa963 android.os.BinderProxy@332cd1d})/@0x71cd254, destroy=false, surface=Surface(name=8b29ede NavigationBar0)/@0x69dbda7
02-06 18:05:00.073  3012  7150 I SurfaceControl: nativeRelease nativeObject s[-5476376624086839488]
02-06 18:05:00.073  3012  7150 I SurfaceControl: nativeRelease nativeObject e[-5476376624086839488]
02-06 18:05:00.073  3012  7150 I WindowManager: Reparenting to leash, surface=Surface(name=8b29ede NavigationBar0)/@0x69dbda7, leashParent=Surface(name=WindowToken{96fa963 android.os.BinderProxy@332cd1d})/@0x71cd254
02-06 18:05:00.074   862   924 I SurfaceFlinger: id=106620 createSurf (0x0),-1 flag=24004, Surface(name=8b29ede NavigationBar0)/@0x69dbda7 - animation-leash#1
02-06 18:05:00.075  3012  7150 D WindowManager: makeSurface duration=2 leash=Surface(name=Surface(name=8b29ede NavigationBar0)/@0x69dbda7 - animation-leash)/@0x6db263e
02-06 18:05:00.075  3012  7150 D StatusBarManagerService: notifyRequestedSystemKey recent=false home=false
02-06 18:05:00.076 20609 20609 D InputTransport: Input channel destroyed: '26ff545', fd=216
02-06 18:05:00.078   862   924 I Layer   : id=106617 removeFromCurrentState Surface(name=7bc7528 StatusBar)/@0x1c523a8 - animation-leash#1 (109)
02-06 18:05:00.078   862   924 I Layer   : id=106618 removeFromCurrentState Surface(name=8b29ede NavigationBar0)/@0x69dbda7 - animation-leash#0 (109)
02-06 18:05:00.092  3435  3435 D QSClockBellTower: He is ready to ring the bell. (((QSClockBellSound - TimeText:6:05, TimeContentDescription:오후 6:05, DateText:2월 6일 금요일, ShortDateText:2월 6일 (금), Demofalse)))
02-06 18:05:00.092  3435  3435 D QSClockHomeIndicatorView: Home Indicator status_bar_clock notifyTimeChanged(QSClockBellSound - TimeText:6:05, TimeContentDescription:오후 6:05, DateText:2월 6일 금요일, ShortDateText:2월 6일 (금), Demofalse) ClockVisibleByPolicy:true, ClockVisibleByUser:true, visible?true, parent:android.widget.LinearLayout{cc730b7 V.E...... ......ID 0,0-45,36 #7f0a037c app:id/left_clock_container}
02-06 18:05:00.093  3435  3435 D QSClockBellTower: Everyone heard the bell. run(currentTime:1770368700088,   getTime():Fri Feb 06 18:05:00 GMT+09:00 2026,   getTimeZone():libcore.util.ZoneInfo[id="Asia/Seoul",mRawOffset=32400000,mEarliestRawOffset=30472000,mUseDst=false,mDstSavings=0,transitions=29])
02-06 18:05:00.103   862   862 D SurfaceFlinger: Display 19260469778534273 HWC layers:
02-06 18:05:00.103   862   862 D SurfaceFlinger:      DEVICE | 0xb400007acfe1ed90 | 0002 | RGBA_8888    |    0.0    0.0 1200.0 2000.0 |    0    0 1200 2000 | com.kyowon.literacy.store/com.kyowon[...]activity.VocabularyActivity$_20609#1
02-06 18:05:00.103   862   862 D SurfaceFlinger:      CLIENT | 0xb400007ac04cff00 | 0000 | RGBA_8888    |    0.0    0.0 1200.0 2000.0 |    0    0 1200 2000 | com.kyowon.literacy.store/com.kyowon[...]activity.VocabularyActivity$_20609#0
02-06 18:05:00.103   862   862 D SurfaceFlinger:      CLIENT | 0xb400007acfe1f180 | 0008 | RGBA_8888    |    0.0    0.0 1200.0 2000.0 |    0    0 1200 2000 | $_3435#0
02-06 18:05:00.103   862   862 D SurfaceFlinger: 
02-06 18:05:00.110   862   862 I Layer   : id=106615[1] Destroyed 26ff545 com.kyowon.literacy.store/com.kyowon.literacy.ui.vocabulary.activity.VocabularyActivity#0
02-06 18:05:00.112  3012  7150 I InputDispatcher: Focus left window (20609): 26ff545 in display 0 0
02-06 18:05:00.112  3012  7150 I InputDispatcher: Focus entered window (20609): 2813ac1 in display 0 0
02-06 18:05:00.113   862   862 I Layer   : id=106616[1] Destroyed com.kyowon.literacy.store/com.kyowon.literacy.ui.vocabulary.activity.VocabularyActivity$_20609#0
02-06 18:05:00.122 20609 20609 I DecorView: [INFO] isPopOver=false, config=true
02-06 18:05:00.122 20609 20609 I DecorView: updateCaptionType >> DecorView@4c93faf[VocabularyActivity], isFloating=false, isApplication=true, hasWindowDecorCaption=false, hasWindowControllerCallback=false
02-06 18:05:00.123 20609 20609 D DecorView: setCaptionType = 0, this = DecorView@4c93faf[VocabularyActivity]
02-06 18:05:00.129  3012  7184 D InputTransport: Input channel constructed: '7fc11ec', fd=547
02-06 18:05:00.129  3012  7184 D InputTransport: Input channel constructed: '7fc11ec', fd=632
02-06 18:05:00.132   862  2572 I SurfaceFlinger: id=106621 createSurf (0x0),-1 flag=80004, 7fc11ec com.kyowon.literacy.store/com.kyowon.literacy.ui.vocabulary.activity.VocabularyActivity#0
02-06 18:05:00.134  3012  7184 D InputTransport: Input channel destroyed: '7fc11ec', fd=632
02-06 18:05:00.135 20609 20609 D InputTransport: Input channel constructed: '7fc11ec', fd=208
02-06 18:05:00.139   862   862 D SurfaceFlinger: Display 19260469778534273 HWC layers:
02-06 18:05:00.139   862   862 D SurfaceFlinger:      DEVICE | 0xb400007acfe20ca0 | 0002 | RGBA_8888    |    0.0    0.0 1200.0 2000.0 |    0    0 1200 2000 | com.kyowon.literacy.store/com.kyowon[...]activity.VocabularyActivity$_20609#1
02-06 18:05:00.139   862   862 D SurfaceFlinger:      DEVICE | 0xb400007acfe1f180 | 0008 | RGBA_8888    |    0.0    0.0 1200.0 2000.0 |    0    0 1200 2000 | $_3435#0
02-06 18:05:00.139   862   862 D SurfaceFlinger: 
02-06 18:05:00.139 20609 20609 I ViewRootImpl@ace82db[VocabularyActivity]: setView = com.android.internal.policy.DecorView@4c93faf TM=true
02-06 18:05:00.140 20609 20609 D InsetsSourceConsumer: setRequestedVisible: visible=false, type=2, host=com.kyowon.literacy.store/com.kyowon.literacy.ui.vocabulary.activity.VocabularyActivity, from=android.view.InsetsSourceConsumer.hide:236 android.view.InsetsController.collectSourceControls:1172 android.view.InsetsController.controlAnimationUnchecked:1049 android.view.InsetsController.applyAnimation:1417 android.view.InsetsController.hide:984 android.view.InsetsController.hide:967 android.view.PendingInsetsController.hide:60 androidx.core.view.WindowInsetsControllerCompat$Impl30.hide:654 androidx.core.view.WindowInsetsControllerCompat.hide:189 com.kyowon.literacy.utils.SystemUiHelper.hideSystemUI:19 
02-06 18:05:00.140 20609 20609 D InsetsSourceConsumer: setRequestedVisible: visible=false, type=1, host=com.kyowon.literacy.store/com.kyowon.literacy.ui.vocabulary.activity.VocabularyActivity, from=android.view.InsetsSourceConsumer.hide:236 android.view.InsetsController.collectSourceControls:1172 android.view.InsetsController.controlAnimationUnchecked:1049 android.view.InsetsController.applyAnimation:1417 android.view.InsetsController.hide:984 android.view.InsetsController.hide:967 android.view.PendingInsetsController.hide:60 androidx.core.view.WindowInsetsControllerCompat$Impl30.hide:654 androidx.core.view.WindowInsetsControllerCompat.hide:189 com.kyowon.literacy.utils.SystemUiHelper.hideSystemUI:19 
02-06 18:05:00.141 20609 20609 D InsetsSourceConsumer: setRequestedVisible: visible=false, type=0, host=com.kyowon.literacy.store/com.kyowon.literacy.ui.vocabulary.activity.VocabularyActivity, from=android.view.InsetsSourceConsumer.hide:236 android.view.InsetsController.collectSourceControls:1172 android.view.InsetsController.controlAnimationUnchecked:1049 android.view.InsetsController.applyAnimation:1417 android.view.InsetsController.hide:984 android.view.InsetsController.hide:967 android.view.PendingInsetsController.hide:60 androidx.core.view.WindowInsetsControllerCompat$Impl30.hide:654 androidx.core.view.WindowInsetsControllerCompat.hide:189 com.kyowon.literacy.utils.SystemUiHelper.hideSystemUI:19 
02-06 18:05:00.149 20609 20609 I ViewRootImpl@af71697[VocabularyActivity]: MSG_WINDOW_FOCUS_CHANGED 1 1
02-06 18:05:00.149 20609 20609 D InputMethodManager: prepareNavigationBarInfo() DecorView@ba62a7d[VocabularyActivity]
02-06 18:05:00.149 20609 20609 D InputMethodManager: getNavigationBarColor() -855310
02-06 18:05:00.150 20609 20609 D InputMethodManager: prepareNavigationBarInfo() DecorView@ba62a7d[VocabularyActivity]
02-06 18:05:00.150 20609 20609 D InputMethodManager: getNavigationBarColor() -855310
02-06 18:05:00.150 20609 20609 V InputMethodManager: Starting input: tba=com.kyowon.literacy.store ic=null mNaviBarColor -855310 mIsGetNaviBarColorSuccess true , NavVisible : true , NavTrans : false
02-06 18:05:00.150 20609 20609 D InputMethodManager: startInputInner - Id : 0
02-06 18:05:00.150 20609 20609 I InputMethodManager: startInputInner - mService.startInputOrWindowGainedFocus
02-06 18:05:00.151  3012  7145 D InputMethodManagerService: mSecureKeypadEnabled = false
02-06 18:05:00.154  3012  7145 D InputMethodManagerService: mDesktopModeManager null!
02-06 18:05:00.154  3012  7145 V InputMethodManagerService: getDisplayIdOfInputMethodWindowToBeAdded : 0
02-06 18:05:00.155  3012  7145 D InputMethodManagerService: checkDisplayOfStartInputAndUpdateKeyboard display Id 0last 0
02-06 18:05:00.155  3012  7145 D InputTransport: Input channel constructed: 'ClientS', fd=632
02-06 18:05:00.155  3012  7145 D InputTransport: Input channel destroyed: 'ClientS', fd=632
02-06 18:05:00.156 20609 20609 D InputTransport: Input channel constructed: 'ClientS', fd=214
02-06 18:05:00.156 20609 20609 D InputTransport: Input channel destroyed: 'ClientS', fd=211
02-06 18:05:00.164  9531  9531 D InputMethodService: checkDisplayOfStartInputAndUpdateKeyboard display Id 0last 0
02-06 18:05:00.190 20609 20609 D ViewRootImpl@ace82db[VocabularyActivity]: controlInsetsForCompatibility: hideByFlags=0x1, showByFlags=0x0, flags=0x1810500, sysUiVis=0x0, matchParent=true, nonAttachedAppWindow=true
02-06 18:05:00.191  3012  7150 V WindowManager: Relayout Window{7fc11ec u0 com.kyowon.literacy.store/com.kyowon.literacy.ui.vocabulary.activity.VocabularyActivity}: viewVisibility=0 req=2000x1200
02-06 18:05:00.197  3012  7150 D WindowManager: isScreenshotDisabledLocked - win: Window{7fc11ec u0 com.kyowon.literacy.store/com.kyowon.literacy.ui.vocabulary.activity.VocabularyActivity}
02-06 18:05:00.197  3012  7150 D WindowManager: isScreenshotDisabledLocked: userId = 0, disabled =false
02-06 18:05:00.198   862   924 I SurfaceFlinger: id=106622 createSurf (2000x1200),1 flag=4, com.kyowon.literacy.store/com.kyowon.literacy.ui.vocabulary.activity.VocabularyActivity$_20609#0
02-06 18:05:00.200  3012  7150 D WindowManager: makeSurface duration=2 name=com.kyowon.literacy.store/com.kyowon.literacy.ui.vocabulary.activity.VocabularyActivity$_20609
02-06 18:05:00.202  3012  7150 V WindowManager: Changing focus from Window{2813ac1 u0 com.kyowon.literacy.store/com.kyowon.literacy.ui.vocabulary.activity.VocabularyActivity} to Window{7fc11ec u0 com.kyowon.literacy.store/com.kyowon.literacy.ui.vocabulary.activity.VocabularyActivity} displayId=0 Callers=com.android.server.wm.RootWindowContainer.updateFocusedWindowLocked:566 com.android.server.wm.WindowManagerService.updateFocusedWindowLocked:6311 com.android.server.wm.WindowManagerService.relayoutWindow:2713 com.android.server.wm.Session.relayout:219 
02-06 18:05:00.202  3012  7150 I WindowManager: Cancelling animation restarting=true, leash=Surface(name=Surface(name=7bc7528 StatusBar)/@0x1c523a8 - animation-leash)/@0x35f19c0
02-06 18:05:00.202  3012 11602 I SystemUiVisibilityPolicyController: handleMessage: entry what = 1
02-06 18:05:00.203  3012  7150 I WindowManager: Reparenting to original parent: Surface(name=WindowToken{345974b android.os.BinderProxy@ae17ec5})/@0xdbd8ec1, destroy=false, surface=Surface(name=7bc7528 StatusBar)/@0x1c523a8
02-06 18:05:00.203  3012  7150 I SurfaceControl: nativeRelease nativeObject s[-5476376624086842688]
02-06 18:05:00.203  3012  7150 I SurfaceControl: nativeRelease nativeObject e[-5476376624086842688]
02-06 18:05:00.203  3012  7150 I WindowManager: Reparenting to leash, surface=Surface(name=7bc7528 StatusBar)/@0x1c523a8, leashParent=Surface(name=WindowToken{345974b android.os.BinderProxy@ae17ec5})/@0xdbd8ec1
02-06 18:05:00.204   862   925 I SurfaceFlinger: id=106623 createSurf (0x0),-1 flag=24004, Surface(name=7bc7528 StatusBar)/@0x1c523a8 - animation-leash#1
02-06 18:05:00.205  3012  7150 D WindowManager: makeSurface duration=2 leash=Surface(name=Surface(name=7bc7528 StatusBar)/@0x1c523a8 - animation-leash)/@0xac6a6d
02-06 18:05:00.205  3012  7150 I WindowManager: Cancelling animation restarting=true, leash=Surface(name=Surface(name=8b29ede NavigationBar0)/@0x69dbda7 - animation-leash)/@0x6db263e
02-06 18:05:00.205  3012  7150 I WindowManager: Reparenting to original parent: Surface(name=WindowToken{96fa963 android.os.BinderProxy@332cd1d})/@0x71cd254, destroy=false, surface=Surface(name=8b29ede NavigationBar0)/@0x69dbda7
02-06 18:05:00.205  3012  7150 I SurfaceControl: nativeRelease nativeObject s[-5476376624086843328]
02-06 18:05:00.206  3012  7150 I SurfaceControl: nativeRelease nativeObject e[-5476376624086843328]
02-06 18:05:00.206  3012  7150 I WindowManager: Reparenting to leash, surface=Surface(name=8b29ede NavigationBar0)/@0x69dbda7, leashParent=Surface(name=WindowToken{96fa963 android.os.BinderProxy@332cd1d})/@0x71cd254
02-06 18:05:00.207   862  1519 I SurfaceFlinger: id=106624 createSurf (0x0),-1 flag=24004, Surface(name=8b29ede NavigationBar0)/@0x69dbda7 - animation-leash#0
02-06 18:05:00.209  3012  7150 D WindowManager: makeSurface duration=3 leash=Surface(name=Surface(name=8b29ede NavigationBar0)/@0x69dbda7 - animation-leash)/@0x5934f33
02-06 18:05:00.210  3012  7150 D StatusBarManagerService: notifyRequestedSystemKey recent=false home=false
02-06 18:05:00.212  3012  7150 V WindowManager: Relayout hash=7fc11ec, pid=20609: mAttrs={(0,0)(fillxfill) gr=CENTER sim={adjust=pan} ty=APPLICATION fmt=TRANSPARENT wanim=0x1030000
02-06 18:05:00.212  3012  7150 V WindowManager:   fl=1810500
02-06 18:05:00.212  3012  7150 V WindowManager:   pfl=1a020000
02-06 18:05:00.212  3012  7150 V WindowManager:   apr=LIGHT_NAVIGATION_BARS
02-06 18:05:00.212  3012  7150 V WindowManager:   bhv=SHOW_TRANSIENT_BARS_BY_SWIPE
02-06 18:05:00.212  3012  7150 V WindowManager:   fitSides= naviIconColor=0
02-06 18:05:00.212  3012  7150 V WindowManager:   sfl=100000}
02-06 18:05:00.212  3012  7150 I SurfaceControl: nativeRelease nativeObject s[-5476376623274288128]
02-06 18:05:00.212  3012  7150 I SurfaceControl: nativeRelease nativeObject e[-5476376623274288128]
02-06 18:05:00.215 20609 20609 I SurfaceControl: assignNativeObject: nativeObject = 0 Surface(name=null)/@0x3b9f4d9 / android.view.SurfaceControl.readFromParcel:1117 android.view.IWindowSession$Stub$Proxy.relayout:1820 android.view.ViewRootImpl.relayoutWindow:9005 android.view.ViewRootImpl.performTraversals:3360 android.view.ViewRootImpl.doTraversal:2618 android.view.ViewRootImpl$TraversalRunnable.run:9971 android.view.Choreographer$CallbackRecord.run:1010 android.view.Choreographer.doCallbacks:809 android.view.Choreographer.doFrame:744 android.view.Choreographer$FrameDisplayEventReceiver.run:995 
02-06 18:05:00.231  3905  8008 I TouchInteractionService: onSystemUiStateChanged, stateFlags : 0
02-06 18:05:00.231  3905  3905 I TouchInteractionService: onSystemUiFlagsChanged, userUnlocked
02-06 18:05:00.232  3435  3435 V Navbar.Store: handleEvent [EventType] ON_NAVBAR_WINDOW_STATE_SHOWING [Module] NavigationBarFragment
02-06 18:05:00.232 20609 20609 I ViewRootImpl@ace82db[VocabularyActivity]: Relayout returned: old=(0,0,2000,1200) new=(0,0,2000,1200) req=(2000,1200)0 dur=24 res=0x7 s={true -5476376620388065280} ch=true fn=-1
02-06 18:05:00.240  9531 10055 E NIO     : wtf
02-06 18:05:00.240  9531 10055 E NIO     : java.net.BindException: Address already in use
02-06 18:05:00.240  9531 10055 E NIO     : 	at sun.nio.ch.Net.bind0(Native Method)
02-06 18:05:00.240  9531 10055 E NIO     : 	at sun.nio.ch.Net.bind(Net.java:442)
02-06 18:05:00.240  9531 10055 E NIO     : 	at sun.nio.ch.Net.bind(Net.java:434)
02-06 18:05:00.240  9531 10055 E NIO     : 	at sun.nio.ch.ServerSocketChannelImpl.bind(ServerSocketChannelImpl.java:223)
02-06 18:05:00.240  9531 10055 E NIO     : 	at sun.nio.ch.ServerSocketAdaptor.bind(ServerSocketAdaptor.java:74)
02-06 18:05:00.240  9531 10055 E NIO     : 	at sun.nio.ch.ServerSocketAdaptor.bind(ServerSocketAdaptor.java:67)
02-06 18:05:00.240  9531 10055 E NIO     : 	at com.koushikdutta.async.AsyncServer$5.run(AsyncServer.java:316)
02-06 18:05:00.240  9531 10055 E NIO     : 	at com.koushikdutta.async.AsyncServer$3.run(AsyncServer.java:211)
02-06 18:05:00.240  9531 10055 E NIO     : 	at com.koushikdutta.async.AsyncServer.lockAndRunQueue(AsyncServer.java:740)
02-06 18:05:00.240  9531 10055 E NIO     : 	at com.koushikdutta.async.AsyncServer.runLoop(AsyncServer.java:758)
02-06 18:05:00.240  9531 10055 E NIO     : 	at com.koushikdutta.async.AsyncServer.run(AsyncServer.java:658)
02-06 18:05:00.240  9531 10055 E NIO     : 	at com.koushikdutta.async.AsyncServer.access$800(AsyncServer.java:44)
02-06 18:05:00.240  9531 10055 E NIO     : 	at com.koushikdutta.async.AsyncServer$14.run(AsyncServer.java:600)
02-06 18:05:00.245   862   924 I Layer   : id=106620 removeFromCurrentState Surface(name=8b29ede NavigationBar0)/@0x69dbda7 - animation-leash#1 (111)
02-06 18:05:00.246   862   924 I Layer   : id=100949 removeFromCurrentState 8b29ede NavigationBar0#0 (111)
02-06 18:05:00.246   862   924 I Layer   : id=100958 removeFromCurrentState NavigationBar0$_3435#0 (111)
02-06 18:05:00.246   862   924 I Layer   : id=106619 removeFromCurrentState Surface(name=7bc7528 StatusBar)/@0x1c523a8 - animation-leash#0 (111)
02-06 18:05:00.256  3435  3435 V Navbar.Store: handleEvent [EventType] ON_NAVBAR_WINDOW_STATE_HIDDEN [Module] NavigationBarFragment
02-06 18:05:00.257  3905  8008 I TouchInteractionService: onSystemUiStateChanged, stateFlags : 2
02-06 18:05:00.258  3905  3905 I TouchInteractionService: onSystemUiFlagsChanged, userUnlocked
02-06 18:05:00.260  3012  7150 D WindowManager: finishDrawingWindow: Window{7fc11ec u0 com.kyowon.literacy.store/com.kyowon.literacy.ui.vocabulary.activity.VocabularyActivity} mDrawState=DRAW_PENDING
02-06 18:05:00.262 20609 20609 E ViewRootImpl: sendUserActionEvent() mView returned.
02-06 18:05:00.263 20609 20609 I SurfaceControl: nativeRelease nativeObject s[-5476376620273387616]
02-06 18:05:00.263 20609 20609 I SurfaceControl: nativeRelease nativeObject e[-5476376620273387616]
02-06 18:05:00.266 20609 20609 I ViewRootImpl@af71697[VocabularyActivity]: MSG_WINDOW_FOCUS_CHANGED 1 1
02-06 18:05:00.268  3012  7150 I InputDispatcher: Focus left window (20609): 2813ac1 in display 0 0
02-06 18:05:00.292 20609 20609 I ViewRootImpl@ace82db[VocabularyActivity]: dispatchDetachedFromWindow
02-06 18:05:00.292 20609 20609 I SurfaceControl: nativeRelease nativeObject s[-5476376620379443904]
02-06 18:05:00.292 20609 20609 I SurfaceControl: nativeRelease nativeObject e[-5476376620379443904]
02-06 18:05:00.294  3012  7309 D InputTransport: Input channel destroyed: '7fc11ec', fd=547
02-06 18:05:00.305  3012  7309 I SurfaceControl: nativeRelease nativeObject s[-5476376623274289408]
02-06 18:05:00.305  3012  7309 I SurfaceControl: nativeRelease nativeObject e[-5476376623274289408]
02-06 18:05:00.307  3012  7309 I WindowManager: Destroying surface Surface(name=com.kyowon.literacy.store/com.kyowon.literacy.ui.vocabulary.activity.VocabularyActivity$_20609)/@0x23b9aee called by com.android.server.wm.WindowStateAnimator.destroySurface:1794 com.android.server.wm.WindowStateAnimator.destroySurfaceLocked:765 com.android.server.wm.WindowState.removeImmediately:2665 com.android.server.wm.WindowState.removeIfPossible:2830 com.android.server.wm.WindowState.removeIfPossible:2688 com.android.server.wm.WindowManagerService.removeWindow:2186 com.android.server.wm.Session.remove:199 android.view.IWindowSession$Stub.onTransact:813 
02-06 18:05:00.308  3012  7309 I SurfaceControl: nativeRelease nativeObject s[-5476376623274288288]
02-06 18:05:00.308  3012  7309 I SurfaceControl: nativeRelease nativeObject e[-5476376623274288288]
02-06 18:05:00.308   862  1519 I Layer   : id=106622 removeFromCurrentState com.kyowon.literacy.store/com.kyowon.literacy.ui.vocabulary.activity.VocabularyActivity$_20609#0 (111)
02-06 18:05:00.314   862   924 I Layer   : id=106621 removeFromCurrentState 7fc11ec com.kyowon.literacy.store/com.kyowon.literacy.ui.vocabulary.activity.VocabularyActivity#0 (111)
02-06 18:05:00.316  3012  7309 V WindowManager: Changing focus from Window{7fc11ec u0 com.kyowon.literacy.store/com.kyowon.literacy.ui.vocabulary.activity.VocabularyActivity} to Window{2813ac1 u0 com.kyowon.literacy.store/com.kyowon.literacy.ui.vocabulary.activity.VocabularyActivity} displayId=0 Callers=com.android.server.wm.RootWindowContainer.updateFocusedWindowLocked:566 com.android.server.wm.WindowManagerService.updateFocusedWindowLocked:6311 com.android.server.wm.WindowState.removeIfPossible:2839 com.android.server.wm.WindowState.removeIfPossible:2688 
02-06 18:05:00.326   862  1519 I SurfaceFlinger: id=106622 Removed com.kyowon.literacy.store/com.kyowon.literacy.ui.vocabulary.activity.VocabularyActivity$_20609#0 (111)
02-06 18:05:00.326   862  1519 I SurfaceFlinger: id=106621 Removed 7fc11ec com.kyowon.literacy.store/com.kyowon.literacy.ui.vocabulary.activity.VocabularyActivity#0 (111)
02-06 18:05:00.328  3012 11602 I SystemUiVisibilityPolicyController: handleMessage: entry what = 1
02-06 18:05:00.328  3012  7309 I WindowManager: Cancelling animation restarting=true, leash=Surface(name=Surface(name=7bc7528 StatusBar)/@0x1c523a8 - animation-leash)/@0xac6a6d
02-06 18:05:00.328  3012  7309 I WindowManager: Reparenting to original parent: Surface(name=WindowToken{345974b android.os.BinderProxy@ae17ec5})/@0xdbd8ec1, destroy=false, surface=Surface(name=7bc7528 StatusBar)/@0x1c523a8
02-06 18:05:00.329  3012  7309 I SurfaceControl: nativeRelease nativeObject s[-5476376623274287808]
02-06 18:05:00.329  3012  7309 I SurfaceControl: nativeRelease nativeObject e[-5476376623274287808]
02-06 18:05:00.329  3012  7309 I WindowManager: Reparenting to leash, surface=Surface(name=7bc7528 StatusBar)/@0x1c523a8, leashParent=Surface(name=WindowToken{345974b android.os.BinderProxy@ae17ec5})/@0xdbd8ec1
02-06 18:05:00.329   862  1519 I SurfaceFlinger: id=106625 createSurf (0x0),-1 flag=24004, Surface(name=7bc7528 StatusBar)/@0x1c523a8 - animation-leash#0
02-06 18:05:00.330  3012  7309 D WindowManager: makeSurface duration=2 leash=Surface(name=Surface(name=7bc7528 StatusBar)/@0x1c523a8 - animation-leash)/@0x1dce1c
02-06 18:05:00.331  3012  7309 I WindowManager: Cancelling animation restarting=true, leash=Surface(name=Surface(name=8b29ede NavigationBar0)/@0x69dbda7 - animation-leash)/@0x5934f33
02-06 18:05:00.331  3012  7309 I WindowManager: Reparenting to original parent: Surface(name=WindowToken{96fa963 android.os.BinderProxy@332cd1d})/@0x71cd254, destroy=false, surface=Surface(name=8b29ede NavigationBar0)/@0x69dbda7
02-06 18:05:00.331  3012  7309 I SurfaceControl: nativeRelease nativeObject s[-5476376623274287488]
02-06 18:05:00.331  3012  7309 I SurfaceControl: nativeRelease nativeObject e[-5476376623274287488]
