02-06 18:02:10.126   719  9368 I System.out: {"id":"1eaa3e1a-14ed-40a6-af99-99e913ff87e1","uri":"poco-uiautomation-framework","method":[["getattr","selector"],["getattr","select"],["call",[["",["and",[["attr=",["name","com.kyowon.literacy.store:id\/progress_step_text"]]]]],["",false]]]],"session_id":"54862a4f-a7f6-4a6f-ab1e-a02f90ea0ef2"}
02-06 18:02:10.507   719  9374 I System.out: {"id":"930a4e3d-ac21-49d7-90af-4f4a2ce5bd96","uri":"poco-uiautomation-framework","method":[["getattr","selector"],["getattr","select"],["call",[["",["and",[["attr=",["name","com.kyowon.literacy.store:id\/progress_step_text"]]]]],["",false]]]],"session_id":"54862a4f-a7f6-4a6f-ab1e-a02f90ea0ef2"}
02-06 18:02:11.967   719  9394 I System.out: {"id":"5ddbd9bb-b812-44da-adff-839041aa2b91","uri":"poco-uiautomation-framework","method":[["getattr","selector"],["getattr","select"],["call",[["",["and",[["attr=",["name","com.kyowon.literacy.store:id\/progress_step_text"]]]]],["",false]]]],"session_id":"54862a4f-a7f6-4a6f-ab1e-a02f90ea0ef2"}
02-06 18:02:12.240   719  9399 I System.out: {"id":"9c8a09b1-dcc1-4ff9-b296-c0fd7f6de698","uri":"poco-uiautomation-framework","method":[["getattr","selector"],["getattr","select"],["call",[["",["and",[["attr=",["text","8 \/ 8"]],["attr=",["name","com.kyowon.literacy.store:id\/progress_step_text"]]]]],["",false]]]],"session_id":"54862a4f-a7f6-4a6f-ab1e-a02f90ea0ef2"}
02-06 18:02:12.407   719  9402 I System.out: {"id":"689771c2-2470-4685-b740-d2e94ac8cc17","uri":"poco-uiautomation-framework","method":[["getattr","selector"],["getattr","select"],["call",[["",["and",[["attr=",["name","com.kyowon.literacy.store:id\/drop_zone"]]]]],["",false]]]],"session_id":"54862a4f-a7f6-4a6f-ab1e-a02f90ea0ef2"}
02-06 18:02:12.637   719  9406 I System.out: {"id":"fd6010bb-0468-4ca5-a304-106172c1aced","uri":"poco-uiautomation-framework","method":[["getattr","selector"],["getattr","select"],["call",[["",["\/",[["\/",[["and",[["attr=",["name","com.kyowon.literacy.store:id\/choice_container"]]]],["and",[]]]],["and",[["attr=",["name","android.widget.TextView"]]]]]]],["",true]]]],"session_id":"54862a4f-a7f6-4a6f-ab1e-a02f90ea0ef2"}
02-06 18:02:18.916   719  9490 I System.out: {"id":"3d043b43-a156-483b-bce7-8f0ab5660a3b","uri":"poco-uiautomation-framework","method":[["getattr","selector"],["getattr","select"],["call",[["",["and",[["attr=",["name","com.kyowon.literacy.store:id\/progress_step_text"]]]]],["",false]]]],"session_id":"54862a4f-a7f6-4a6f-ab1e-a02f90ea0ef2"}
02-06 18:02:19.229   719  9498 I System.out: {"id":"e1483b15-9b8b-43ee-9147-99361acb0753","uri":"poco-uiautomation-framework","method":[["getattr","selector"],["getattr","select"],["call",[["",["and",[["attr=",["name","com.kyowon.literacy.store:id\/progress_step_text"]]]]],["",false]]]],"session_id":"54862a4f-a7f6-4a6f-ab1e-a02f90ea0ef2"}
02-06 18:02:20.775   719  9519 I System.out: {"id":"16138faa-3c68-4f99-9e18-453bf22c1756","uri":"poco-uiautomation-framework","method":[["getattr","selector"],["getattr","select"],["call",[["",["and",[["attr=",["name","com.kyowon.literacy.store:id\/progress_step_text"]]]]],["",false]]]],"session_id":"54862a4f-a7f6-4a6f-ab1e-a02f90ea0ef2"}
02-06 18:02:21.033   719  9524 I System.out: {"id":"3f74e562-4e66-4824-8d04-3f2479a6584d","uri":"poco-uiautomation-framework","method":[["getattr","selector"],["getattr","select"],["call",[["",["and",[["attr=",["text","8 \/ 8"]],["attr=",["name","com.kyowon.literacy.store:id\/progress_step_text"]]]]],["",false]]]],"session_id":"54862a4f-a7f6-4a6f-ab1e-a02f90ea0ef2"}
02-06 18:02:21.168   719  9525 I System.out: {"id":"8eab0f8f-ba4a-46dd-9175-57bc0bd73a95","uri":"poco-uiautomation-framework","method":[["getattr","selector"],["getattr","select"],["call",[["",["and",[["attr=",["name","com.kyowon.literacy.store:id\/drop_zone"]]]]],["",false]]]],"session_id":"54862a4f-a7f6-4a6f-ab1e-a02f90ea0ef2"}
02-06 18:02:21.416   719  9532 I System.out: {"id":"30c1adc6-b7b9-4906-9a84-1cd347411c19","uri":"poco-uiautomation-framework","method":[["getattr","selector"],["getattr","select"],["call",[["",["\/",[["\/",[["and",[["attr=",["name","com.kyowon.literacy.store:id\/choice_container"]]]],["and",[]]]],["and",[["attr=",["name","android.widget.TextView"]]]]]]],["",true]]]],"session_id":"54862a4f-a7f6-4a6f-ab1e-a02f90ea0ef2"}
02-06 18:02:27.680   719  9601 I System.out: {"id":"d43cc904-c1e1-4f80-bb2d-8116bf143741","uri":"poco-uiautomation-framework","method":[["getattr","selector"],["getattr","select"],["call",[["",["and",[["attr=",["name","com.kyowon.literacy.store:id\/progress_step_text"]]]]],["",false]]]],"session_id":"54862a4f-a7f6-4a6f-ab1e-a02f90ea0ef2"}
02-06 18:02:33.600   719  9678 I System.out: {"id":"b2ab5435-1ed9-4b07-91df-9a04a046eef1","uri":"poco-uiautomation-framework","method":[["getattr","selector"],["getattr","select"],["call",[["",["and",[["attr=",["name","com.kyowon.literacy.store:id\/progress_step_text"]]]]],["",false]]]],"session_id":"54862a4f-a7f6-4a6f-ab1e-a02f90ea0ef2"}
02-06 18:02:33.998   719  9686 I System.out: {"id":"fbb670f4-3bd0-454f-b931-23329ec87fbf","uri":"poco-uiautomation-framework","method":[["getattr","selector"],["getattr","select"],["call",[["",["and",[["attr=",["name","com.kyowon.literacy.store:id\/progress_step_text"]]]]],["",false]]]],"session_id":"54862a4f-a7f6-4a6f-ab1e-a02f90ea0ef2"}
02-06 18:02:35.483   719  9707 I System.out: {"id":"83e9bfc3-fc32-4b8f-840b-0b573906f3f9","uri":"poco-uiautomation-framework","method":[["getattr","selector"],["getattr","select"],["call",[["",["and",[["attr=",["name","com.kyowon.literacy.store:id\/progress_step_text"]]]]],["",false]]]],"session_id":"54862a4f-a7f6-4a6f-ab1e-a02f90ea0ef2"}
02-06 18:02:35.759   719  9714 I System.out: {"id":"cbe34651-af6e-4aaf-be14-f2866eec5145","uri":"poco-uiautomation-framework","method":[["getattr","selector"],["getattr","select"],["call",[["",["and",[["attr=",["text","8 \/ 8"]],["attr=",["name","com.kyowon.literacy.store:id\/progress_step_text"]]]]],["",false]]]],"session_id":"54862a4f-a7f6-4a6f-ab1e-a02f90ea0ef2"}
02-06 18:02:35.918   719  9717 I System.out: {"id":"c52e2fe7-7652-4faf-bd2a-e40698a8e156","uri":"poco-uiautomation-framework","method":[["getattr","selector"],["getattr","select"],["call",[["",["and",[["attr=",["name","com.kyowon.literacy.store:id\/drop_zone"]]]]],["",false]]]],"session_id":"54862a4f-a7f6-4a6f-ab1e-a02f90ea0ef2"}
02-06 18:02:36.192   719  9724 I System.out: {"id":"2b769372-6dc4-47b0-8743-a87e960d174a","uri":"poco-uiautomation-framework","method":[["getattr","selector"],["getattr","select"],["call",[["",["\/",[["\/",[["and",[["attr=",["name","com.kyowon.literacy.store:id\/choice_container"]]]],["and",[]]]],["and",[["attr=",["name","android.widget.TextView"]]]]]]],["",true]]]],"session_id":"54862a4f-a7f6-4a6f-ab1e-a02f90ea0ef2"}
02-06 18:02:42.546   719  9782 I System.out: {"id":"26720b10-20c2-4920-8a03-138cfdd99c78","uri":"poco-uiautomation-framework","method":[["getattr","selector"],["getattr","select"],["call",[["",["and",[["attr=",["name","com.kyowon.literacy.store:id\/progress_step_text"]]]]],["",false]]]],"session_id":"54862a4f-a7f6-4a6f-ab1e-a02f90ea0ef2"}
02-06 18:02:42.860   719  9790 I System.out: {"id":"17398eff-2ed5-4d6c-8ce2-e13d9892a685","uri":"poco-uiautomation-framework","method":[["getattr","selector"],["getattr","select"],["call",[["",["and",[["attr=",["name","com.kyowon.literacy.store:id\/progress_step_text"]]]]],["",false]]]],"session_id":"54862a4f-a7f6-4a6f-ab1e-a02f90ea0ef2"}
02-06 18:02:44.364   719  9804 I System.out: {"id":"2939c7f5-7e17-4320-9543-bead3e37710b","uri":"poco-uiautomation-framework","method":[["getattr","selector"],["getattr","select"],["call",[["",["and",[["attr=",["name","com.kyowon.literacy.store:id\/progress_step_text"]]]]],["",false]]]],"session_id":"54862a4f-a7f6-4a6f-ab1e-a02f90ea0ef2"}
02-06 18:02:44.765   719  9817 I System.out: {"id":"39e419dd-e3a4-414a-ad90-59f9adb81788","uri":"poco-uiautomation-framework","method":[["getattr","selector"],["getattr","select"],["call",[["",["and",[["attr=",["text","8 \/ 8"]],["attr=",["name","com.kyowon.literacy.store:id\/progress_step_text"]]]]],["",false]]]],"session_id":"54862a4f-a7f6-4a6f-ab1e-a02f90ea0ef2"}
02-06 18:02:46.657   719  9839 I System.out: {"id":"07f29da0-cbdb-4649-a792-a6405dd1e05d","uri":"poco-uiautomation-framework","method":[["getattr","selector"],["getattr","select"],["call",[["",["and",[["attr=",["name","com.kyowon.literacy.store:id\/btn_exit"]]]]],["",false]]]],"session_id":"54862a4f-a7f6-4a6f-ab1e-a02f90ea0ef2"}
02-06 18:02:46.806   719  9842 I System.out: {"id":"b5f07051-2c3a-4690-8c69-0c3cedef39d1","uri":"poco-uiautomation-framework","method":[["getattr","selector"],["getattr","select"],["call",[["",["and",[["attr=",["name","com.kyowon.literacy.store:id\/btnOpen"]]]]],["",false]]]],"session_id":"54862a4f-a7f6-4a6f-ab1e-a02f90ea0ef2"}
02-06 18:02:47.192   719  9853 I System.out: {"id":"df68accb-2ee1-4638-8732-fc618b7220c5","uri":"poco-uiautomation-framework","method":[["getattr","selector"],["getattr","select"],["call",[["",["and",[["attr=",["name","com.kyowon.literacy.store:id\/btnOpen"]]]]],["",false]]]],"session_id":"54862a4f-a7f6-4a6f-ab1e-a02f90ea0ef2"}
02-06 18:02:49.911   719  9880 I System.out: {"id":"a9c5d855-2242-43ca-a9cb-48cd9d06e5ca","uri":"poco-uiautomation-framework","method":[["getattr","selector"],["getattr","select"],["call",[["",["and",[["attr=",["name","com.kyowon.literacy.store:id\/btn_exit"]]]]],["",false]]]],"session_id":"54862a4f-a7f6-4a6f-ab1e-a02f90ea0ef2"}
02-06 18:02:50.861   862  1519 I SurfaceFlinger: id=106378 createSurf (0x0),-1 flag=80004, f8f1662 com.kyowon.literacy.store/com.kyowon.literacy.ui.learning.activity.LearningActivity#0
02-06 18:02:50.886 20609 20609 D InsetsSourceConsumer: setRequestedVisible: visible=false, type=2, host=com.kyowon.literacy.store/com.kyowon.literacy.ui.learning.activity.LearningActivity, from=android.view.InsetsSourceConsumer.hide:236 android.view.InsetsController.collectSourceControls:1172 android.view.InsetsController.controlAnimationUnchecked:1049 android.view.InsetsController.applyAnimation:1417 android.view.InsetsController.hide:984 android.view.InsetsController.hide:967 android.view.PendingInsetsController.hide:60 androidx.core.view.WindowInsetsControllerCompat$Impl30.hide:654 androidx.core.view.WindowInsetsControllerCompat.hide:189 com.kyowon.literacy.utils.SystemUiHelper.hideSystemUI:19 
02-06 18:02:50.886 20609 20609 D InsetsSourceConsumer: setRequestedVisible: visible=false, type=1, host=com.kyowon.literacy.store/com.kyowon.literacy.ui.learning.activity.LearningActivity, from=android.view.InsetsSourceConsumer.hide:236 android.view.InsetsController.collectSourceControls:1172 android.view.InsetsController.controlAnimationUnchecked:1049 android.view.InsetsController.applyAnimation:1417 android.view.InsetsController.hide:984 android.view.InsetsController.hide:967 android.view.PendingInsetsController.hide:60 androidx.core.view.WindowInsetsControllerCompat$Impl30.hide:654 androidx.core.view.WindowInsetsControllerCompat.hide:189 com.kyowon.literacy.utils.SystemUiHelper.hideSystemUI:19 
02-06 18:02:50.886 20609 20609 D InsetsSourceConsumer: setRequestedVisible: visible=false, type=0, host=com.kyowon.literacy.store/com.kyowon.literacy.ui.learning.activity.LearningActivity, from=android.view.InsetsSourceConsumer.hide:236 android.view.InsetsController.collectSourceControls:1172 android.view.InsetsController.controlAnimationUnchecked:1049 android.view.InsetsController.applyAnimation:1417 android.view.InsetsController.hide:984 android.view.InsetsController.hide:967 android.view.PendingInsetsController.hide:60 androidx.core.view.WindowInsetsControllerCompat$Impl30.hide:654 androidx.core.view.WindowInsetsControllerCompat.hide:189 com.kyowon.literacy.utils.SystemUiHelper.hideSystemUI:19 
02-06 18:02:50.891  3012  3454 V WindowManager: Relayout Window{f8f1662 u0 com.kyowon.literacy.store/com.kyowon.literacy.ui.learning.activity.LearningActivity}: viewVisibility=0 req=2000x1200
02-06 18:02:50.898  3012  3454 D WindowManager: isScreenshotDisabledLocked - win: Window{f8f1662 u0 com.kyowon.literacy.store/com.kyowon.literacy.ui.learning.activity.LearningActivity}
02-06 18:02:50.899   862   924 I SurfaceFlinger: id=106379 createSurf (2094x1294),1 flag=4, com.kyowon.literacy.store/com.kyowon.literacy.ui.learning.activity.LearningActivity$_20609#2
02-06 18:02:50.900  3012  3454 D WindowManager: makeSurface duration=2 name=com.kyowon.literacy.store/com.kyowon.literacy.ui.learning.activity.LearningActivity$_20609
02-06 18:02:50.926  3012  3454 V WindowManager: Changing focus from Window{65fa5a2 u0 com.kyowon.literacy.store/com.kyowon.literacy.ui.learning.activity.LearningActivity} to Window{f8f1662 u0 com.kyowon.literacy.store/com.kyowon.literacy.ui.learning.activity.LearningActivity} displayId=0 Callers=com.android.server.wm.RootWindowContainer.updateFocusedWindowLocked:566 com.android.server.wm.WindowManagerService.updateFocusedWindowLocked:6311 com.android.server.wm.WindowManagerService.relayoutWindow:2713 com.android.server.wm.Session.relayout:219 
02-06 18:02:51.025  3012  8909 D WindowManager: finishDrawingWindow: Window{f8f1662 u0 com.kyowon.literacy.store/com.kyowon.literacy.ui.learning.activity.LearningActivity} mDrawState=DRAW_PENDING
02-06 18:02:51.039  3012  3062 I WindowManager: Reparenting to leash, surface=Surface(name=f8f1662 com.kyowon.literacy.store/com.kyowon.literacy.ui.learning.activity.LearningActivity)/@0xdc86d86, leashParent=Surface(name=ActivityRecord{3c3bbea u0 com.kyowon.literacy.store/com.kyowon.literacy.ui.learning.activity.LearningActivity t3366})/@0xcd62d4c
02-06 18:02:51.039   862  2572 I SurfaceFlinger: id=106382 createSurf (0x0),-1 flag=24004, Surface(name=f8f1662 com.kyowon.literacy.store/com.kyowon.literacy.ui.learning.activity.LearningActivity)/@0xdc86d86 - animation-leash#0
02-06 18:02:51.040  3012  3062 D WindowManager: makeSurface duration=1 leash=Surface(name=Surface(name=f8f1662 com.kyowon.literacy.store/com.kyowon.literacy.ui.learning.activity.LearningActivity)/@0xdc86d86 - animation-leash)/@0xb59a647
02-06 18:02:51.106 20609 20609 V InputMethodManager: Starting input: tba=com.kyowon.literacy.store ic=null mNaviBarColor -855310 mIsGetNaviBarColorSuccess true , NavVisible : true , NavTrans : false
02-06 18:02:51.199   862   862 D SurfaceFlinger:      DEVICE | 0xb400007acfe20d10 | 0002 | RGBA_8888    |    0.0    0.0 1200.0 2000.0 |    0    0 1200 2000 | com.kyowon.literacy.store/com.kyowon[...]g.activity.LearningActivity$_20609#1
02-06 18:02:51.199   862   862 D SurfaceFlinger:      CLIENT | 0xb400007ac04cf410 | 0000 | RGBA_8888    |    0.0    0.0 1200.0 2000.0 |    0    0 1200 2000 | com.kyowon.literacy.store/com.kyowon[...]g.activity.LearningActivity$_20609#0
02-06 18:02:51.199   862   862 D SurfaceFlinger:      CLIENT | 0xb400007ac04ceed0 | 0000 | RGBA_8888    |   47.0   47.0 1247.0 2047.0 |    0    0 1200 2000 | com.kyowon.literacy.store/com.kyowon[...]g.activity.LearningActivity$_20609#2
02-06 18:02:51.206  3012  3062 I WindowManager: Reparenting to original parent: Surface(name=ActivityRecord{3c3bbea u0 com.kyowon.literacy.store/com.kyowon.literacy.ui.learning.activity.LearningActivity t3366})/@0xcd62d4c, destroy=true, surface=Surface(name=f8f1662 com.kyowon.literacy.store/com.kyowon.literacy.ui.learning.activity.LearningActivity)/@0xdc86d86
02-06 18:02:51.208   862   925 I Layer   : id=106382 removeFromCurrentState Surface(name=f8f1662 com.kyowon.literacy.store/com.kyowon.literacy.ui.learning.activity.LearningActivity)/@0xdc86d86 - animation-leash#0 (64)
02-06 18:02:51.296   862  2572 I SurfaceFlinger: id=106382 Removed Surface(name=f8f1662 com.kyowon.literacy.store/com.kyowon.literacy.ui.learning.activity.LearningActivity)/@0xdc86d86 - animation-leash#0 (64)
02-06 18:02:51.351   862   862 I Layer   : id=106382[1] Destroyed Surface(name=f8f1662 com.kyowon.literacy.store/com.kyowon.literacy.ui.learning.activity.LearningActivity)/@0xdc86d86 - animation-leash#0
02-06 18:02:52.550   719  9908 I System.out: {"id":"9fab551b-2a77-4e29-b75b-fabb739c967e","uri":"poco-uiautomation-framework","method":[["getattr","selector"],["getattr","select"],["call",[["",["and",[["attr=",["name","com.kyowon.literacy.store:id\/btn_alert_positive"]]]]],["",false]]]],"session_id":"54862a4f-a7f6-4a6f-ab1e-a02f90ea0ef2"}
02-06 18:02:53.297   862  1520 I SurfaceFlinger: id=106386 createSurf (0x0),-1 flag=80004, 8f366d4 com.kyowon.literacy.store/com.kyowon.literacy.ui.learning.activity.LearningActivity#0
02-06 18:02:53.315 20609 20609 D InsetsSourceConsumer: setRequestedVisible: visible=false, type=2, host=com.kyowon.literacy.store/com.kyowon.literacy.ui.learning.activity.LearningActivity, from=android.view.InsetsSourceConsumer.hide:236 android.view.InsetsController.collectSourceControls:1172 android.view.InsetsController.controlAnimationUnchecked:1049 android.view.InsetsController.applyAnimation:1417 android.view.InsetsController.hide:984 android.view.InsetsController.hide:967 android.view.PendingInsetsController.hide:60 androidx.core.view.WindowInsetsControllerCompat$Impl30.hide:654 androidx.core.view.WindowInsetsControllerCompat.hide:189 com.kyowon.literacy.utils.SystemUiHelper.hideSystemUI:19 
02-06 18:02:53.316 20609 20609 D InsetsSourceConsumer: setRequestedVisible: visible=false, type=1, host=com.kyowon.literacy.store/com.kyowon.literacy.ui.learning.activity.LearningActivity, from=android.view.InsetsSourceConsumer.hide:236 android.view.InsetsController.collectSourceControls:1172 android.view.InsetsController.controlAnimationUnchecked:1049 android.view.InsetsController.applyAnimation:1417 android.view.InsetsController.hide:984 android.view.InsetsController.hide:967 android.view.PendingInsetsController.hide:60 androidx.core.view.WindowInsetsControllerCompat$Impl30.hide:654 androidx.core.view.WindowInsetsControllerCompat.hide:189 com.kyowon.literacy.utils.SystemUiHelper.hideSystemUI:19 
02-06 18:02:53.316 20609 20609 D InsetsSourceConsumer: setRequestedVisible: visible=false, type=0, host=com.kyowon.literacy.store/com.kyowon.literacy.ui.learning.activity.LearningActivity, from=android.view.InsetsSourceConsumer.hide:236 android.view.InsetsController.collectSourceControls:1172 android.view.InsetsController.controlAnimationUnchecked:1049 android.view.InsetsController.applyAnimation:1417 android.view.InsetsController.hide:984 android.view.InsetsController.hide:967 android.view.PendingInsetsController.hide:60 androidx.core.view.WindowInsetsControllerCompat$Impl30.hide:654 androidx.core.view.WindowInsetsControllerCompat.hide:189 com.kyowon.literacy.utils.SystemUiHelper.hideSystemUI:19 
02-06 18:02:53.349  3012  7184 I WindowManager: Reparenting to leash, surface=Surface(name=f8f1662 com.kyowon.literacy.store/com.kyowon.literacy.ui.learning.activity.LearningActivity)/@0xdc86d86, leashParent=Surface(name=ActivityRecord{3c3bbea u0 com.kyowon.literacy.store/com.kyowon.literacy.ui.learning.activity.LearningActivity t3366})/@0xcd62d4c
02-06 18:02:53.350   862  1520 I SurfaceFlinger: id=106387 createSurf (0x0),-1 flag=24000, Surface(name=f8f1662 com.kyowon.literacy.store/com.kyowon.literacy.ui.learning.activity.LearningActivity)/@0xdc86d86 - animation-leash#0
02-06 18:02:53.350  3012  7184 D WindowManager: makeSurface duration=1 leash=Surface(name=Surface(name=f8f1662 com.kyowon.literacy.store/com.kyowon.literacy.ui.learning.activity.LearningActivity)/@0xdc86d86 - animation-leash)/@0x5b4cb72
02-06 18:02:53.360  3012  7184 V WindowManager: removeIfPossible 2, Window{f8f1662 u0 com.kyowon.literacy.store/com.kyowon.literacy.ui.learning.activity.LearningActivity}: mAnimatingExit=true caller=com.android.server.wm.WindowState.removeIfPossible:2688 com.android.server.wm.WindowManagerService.removeWindow:2186 com.android.server.wm.Session.remove:199 android.view.IWindowSession$Stub.onTransact:813 com.android.server.wm.Session.onTransact:145 
02-06 18:02:53.371  3012  7184 V WindowManager: Changing focus from Window{f8f1662 u0 com.kyowon.literacy.store/com.kyowon.literacy.ui.learning.activity.LearningActivity EXITING} to Window{65fa5a2 u0 com.kyowon.literacy.store/com.kyowon.literacy.ui.learning.activity.LearningActivity} displayId=0 Callers=com.android.server.wm.RootWindowContainer.updateFocusedWindowLocked:566 com.android.server.wm.WindowManagerService.updateFocusedWindowLocked:6311 com.android.server.wm.WindowState.setupWindowForRemoveOnExit:2853 com.android.server.wm.WindowState.removeIfPossible:2822 
02-06 18:02:53.401  3012  7184 V WindowManager: Relayout Window{8f366d4 u0 com.kyowon.literacy.store/com.kyowon.literacy.ui.learning.activity.LearningActivity}: viewVisibility=0 req=2000x1200
02-06 18:02:53.403  3012  7184 D WindowManager: isScreenshotDisabledLocked - win: Window{8f366d4 u0 com.kyowon.literacy.store/com.kyowon.literacy.ui.learning.activity.LearningActivity}
02-06 18:02:53.404   862   924 I SurfaceFlinger: id=106391 createSurf (2000x1200),1 flag=4, com.kyowon.literacy.store/com.kyowon.literacy.ui.learning.activity.LearningActivity$_20609#3
02-06 18:02:53.405  3012  7184 D WindowManager: makeSurface duration=3 name=com.kyowon.literacy.store/com.kyowon.literacy.ui.learning.activity.LearningActivity$_20609
02-06 18:02:53.407  3012  7184 V WindowManager: Changing focus from Window{65fa5a2 u0 com.kyowon.literacy.store/com.kyowon.literacy.ui.learning.activity.LearningActivity} to Window{8f366d4 u0 com.kyowon.literacy.store/com.kyowon.literacy.ui.learning.activity.LearningActivity} displayId=0 Callers=com.android.server.wm.RootWindowContainer.updateFocusedWindowLocked:566 com.android.server.wm.WindowManagerService.updateFocusedWindowLocked:6311 com.android.server.wm.WindowManagerService.relayoutWindow:2713 com.android.server.wm.Session.relayout:219 
02-06 18:02:53.459  3012  7144 D WindowManager: finishDrawingWindow: Window{8f366d4 u0 com.kyowon.literacy.store/com.kyowon.literacy.ui.learning.activity.LearningActivity} mDrawState=DRAW_PENDING
02-06 18:02:53.507   862   862 D SurfaceFlinger:      DEVICE | 0xb400007acfe20d10 | 0002 | RGBA_8888    |    0.0    0.0 1200.0 2000.0 |    0    0 1200 2000 | com.kyowon.literacy.store/com.kyowon[...]g.activity.LearningActivity$_20609#1
02-06 18:02:53.507   862   862 D SurfaceFlinger:      CLIENT | 0xb400007ac04cf410 | 0000 | RGBA_8888    |    0.0    0.0 1200.0 2000.0 |    0    0 1200 2000 | com.kyowon.literacy.store/com.kyowon[...]g.activity.LearningActivity$_20609#0
02-06 18:02:53.507   862   862 D SurfaceFlinger:      CLIENT | 0xb400007acfe20060 | 0000 | RGBA_8888    |   47.0   47.0 1247.0 2047.0 |    0    0 1200 2000 | com.kyowon.literacy.store/com.kyowon[...]g.activity.LearningActivity$_20609#2
02-06 18:02:53.507   862   862 D SurfaceFlinger:      CLIENT | 0xb400007acfe1fff0 | 0000 | RGBA_8888    |    0.0    0.0 1200.0 2000.0 |    0    0 1200 2000 | com.kyowon.literacy.store/com.kyowon[...]g.activity.LearningActivity$_20609#3
02-06 18:02:53.525 20609 20609 V InputMethodManager: Starting input: tba=com.kyowon.literacy.store ic=null mNaviBarColor -855310 mIsGetNaviBarColorSuccess true , NavVisible : true , NavTrans : false
02-06 18:02:53.550  3012  3062 I WindowManager: Reparenting to original parent: Surface(name=ActivityRecord{3c3bbea u0 com.kyowon.literacy.store/com.kyowon.literacy.ui.learning.activity.LearningActivity t3366})/@0xcd62d4c, destroy=true, surface=Surface(name=f8f1662 com.kyowon.literacy.store/com.kyowon.literacy.ui.learning.activity.LearningActivity)/@0xdc86d86
02-06 18:02:53.565  3012  3062 E WindowManager: win=Window{f8f1662 u0 com.kyowon.literacy.store/com.kyowon.literacy.ui.learning.activity.LearningActivity EXITING} destroySurfaces: appStopped=false win.mWindowRemovalAllowed=true win.mRemoveOnExit=true win.mViewVisibility=0 caller=com.android.server.wm.ActivityRecord.destroySurfaces:5251 com.android.server.wm.ActivityRecord.destroySurfaces:5232 com.android.server.wm.WindowState.onExitAnimationDone:5623 com.android.server.wm.WindowStateAnimator.onAnimationFinished:332 com.android.server.wm.WindowState.onAnimationFinished:6088 com.android.server.wm.-$$Lambda$dwJG8BAnLlvKNGuDY9U3-haNY4M.onAnimationFinished:2 com.android.server.wm.SurfaceAnimator.lambda$getFinishedCallback$0$SurfaceAnimator:112 
02-06 18:02:53.574  3012  3062 I WindowManager: Destroying surface Surface(name=com.kyowon.literacy.store/com.kyowon.literacy.ui.learning.activity.LearningActivity$_20609)/@0x4f2f522 called by com.android.server.wm.WindowStateAnimator.destroySurface:1794 com.android.server.wm.WindowStateAnimator.destroySurfaceLocked:765 com.android.server.wm.WindowState.destroySurfaceUnchecked:3918 com.android.server.wm.WindowState.destroySurface:3892 com.android.server.wm.ActivityRecord.destroySurfaces:5251 com.android.server.wm.ActivityRecord.destroySurfaces:5232 com.android.server.wm.WindowState.onExitAnimationDone:5623 com.android.server.wm.WindowStateAnimator.onAnimationFinished:332 
02-06 18:02:53.574   862  2572 I Layer   : id=106379 removeFromCurrentState com.kyowon.literacy.store/com.kyowon.literacy.ui.learning.activity.LearningActivity$_20609#2 (66)
02-06 18:02:53.578   862   925 I Layer   : id=106378 removeFromCurrentState f8f1662 com.kyowon.literacy.store/com.kyowon.literacy.ui.learning.activity.LearningActivity#0 (66)
02-06 18:02:53.578   862   925 I Layer   : id=106387 removeFromCurrentState Surface(name=f8f1662 com.kyowon.literacy.store/com.kyowon.literacy.ui.learning.activity.LearningActivity)/@0xdc86d86 - animation-leash#0 (66)
02-06 18:02:53.580   862   924 I SurfaceFlinger: id=106378 Removed f8f1662 com.kyowon.literacy.store/com.kyowon.literacy.ui.learning.activity.LearningActivity#0 (66)
02-06 18:02:53.580   862   924 I SurfaceFlinger: id=106379 Removed com.kyowon.literacy.store/com.kyowon.literacy.ui.learning.activity.LearningActivity$_20609#2 (66)
02-06 18:02:53.605   862   862 I Layer   : id=106378[1] Destroyed f8f1662 com.kyowon.literacy.store/com.kyowon.literacy.ui.learning.activity.LearningActivity#0
02-06 18:02:53.607   862  2572 I SurfaceFlinger: id=106387 Removed Surface(name=f8f1662 com.kyowon.literacy.store/com.kyowon.literacy.ui.learning.activity.LearningActivity)/@0xdc86d86 - animation-leash#0 (64)
02-06 18:02:53.608   862   862 I Layer   : id=106379[1] Destroyed com.kyowon.literacy.store/com.kyowon.literacy.ui.learning.activity.LearningActivity$_20609#2
02-06 18:02:53.634   862   862 D SurfaceFlinger:      DEVICE | 0xb400007acfe20bc0 | 0002 | RGBA_8888    |    0.0    0.0 1200.0 2000.0 |    0    0 1200 2000 | com.kyowon.literacy.store/com.kyowon[...]g.activity.LearningActivity$_20609#1
02-06 18:02:53.634   862   862 D SurfaceFlinger:      CLIENT | 0xb400007ac04cf410 | 0000 | RGBA_8888    |    0.0    0.0 1200.0 2000.0 |    0    0 1200 2000 | com.kyowon.literacy.store/com.kyowon[...]g.activity.LearningActivity$_20609#0
02-06 18:02:53.634   862   862 D SurfaceFlinger:      CLIENT | 0xb400007acfe1fff0 | 0000 | RGBA_8888    |    0.0    0.0 1200.0 2000.0 |    0    0 1200 2000 | com.kyowon.literacy.store/com.kyowon[...]g.activity.LearningActivity$_20609#3
02-06 18:02:53.637   862   862 I Layer   : id=106387[1] Destroyed Surface(name=f8f1662 com.kyowon.literacy.store/com.kyowon.literacy.ui.learning.activity.LearningActivity)/@0xdc86d86 - animation-leash#0
02-06 18:02:53.797  3012  7144 I WindowManager: Destroying surface Surface(name=com.kyowon.literacy.store/com.kyowon.literacy.ui.learning.activity.LearningActivity$_20609)/@0x2f6189c called by com.android.server.wm.WindowStateAnimator.destroySurface:1794 com.android.server.wm.WindowStateAnimator.destroySurfaceLocked:765 com.android.server.wm.WindowState.removeImmediately:2665 com.android.server.wm.WindowState.removeIfPossible:2830 com.android.server.wm.WindowState.removeIfPossible:2688 com.android.server.wm.WindowManagerService.removeWindow:2186 com.android.server.wm.Session.remove:199 android.view.IWindowSession$Stub.onTransact:813 
02-06 18:02:53.798   862  1520 I Layer   : id=106391 removeFromCurrentState com.kyowon.literacy.store/com.kyowon.literacy.ui.learning.activity.LearningActivity$_20609#3 (61)
02-06 18:02:53.803   862  2572 I Layer   : id=106386 removeFromCurrentState 8f366d4 com.kyowon.literacy.store/com.kyowon.literacy.ui.learning.activity.LearningActivity#0 (61)
02-06 18:02:53.804   862  1520 I SurfaceFlinger: id=106391 Removed com.kyowon.literacy.store/com.kyowon.literacy.ui.learning.activity.LearningActivity$_20609#3 (61)
02-06 18:02:53.804   862  2572 I SurfaceFlinger: id=106386 Removed 8f366d4 com.kyowon.literacy.store/com.kyowon.literacy.ui.learning.activity.LearningActivity#0 (61)
02-06 18:02:53.805  3012  7144 V WindowManager: Changing focus from Window{8f366d4 u0 com.kyowon.literacy.store/com.kyowon.literacy.ui.learning.activity.LearningActivity} to Window{65fa5a2 u0 com.kyowon.literacy.store/com.kyowon.literacy.ui.learning.activity.LearningActivity} displayId=0 Callers=com.android.server.wm.RootWindowContainer.updateFocusedWindowLocked:566 com.android.server.wm.WindowManagerService.updateFocusedWindowLocked:6311 com.android.server.wm.WindowState.removeIfPossible:2839 com.android.server.wm.WindowState.removeIfPossible:2688 
02-06 18:02:53.836   862   862 I Layer   : id=106386[1] Destroyed 8f366d4 com.kyowon.literacy.store/com.kyowon.literacy.ui.learning.activity.LearningActivity#0
02-06 18:02:53.839   862   862 I Layer   : id=106391[1] Destroyed com.kyowon.literacy.store/com.kyowon.literacy.ui.learning.activity.LearningActivity$_20609#3
02-06 18:02:53.843  3012  7144 I ActivityTaskManager: START u0 {flg=0x24000000 cmp=com.kyowon.literacy.store/com.kyowon.literacy.ui.main.activity.MainActivity (has extras)} from uid 10584
02-06 18:02:53.858   862   862 D SurfaceFlinger:      DEVICE | 0xb400007acfe20bc0 | 0002 | RGBA_8888    |    0.0    0.0 1200.0 2000.0 |    0    0 1200 2000 | com.kyowon.literacy.store/com.kyowon[...]g.activity.LearningActivity$_20609#1
02-06 18:02:53.858   862   862 D SurfaceFlinger:      CLIENT | 0xb400007ac04cf410 | 0000 | RGBA_8888    |    0.0    0.0 1200.0 2000.0 |    0    0 1200 2000 | com.kyowon.literacy.store/com.kyowon[...]g.activity.LearningActivity$_20609#0
02-06 18:02:53.882  3012  7144 D ActivityTaskManager: TaskLaunchParamsModifier:task=null activity=ActivityRecord{fea1046 u0 com.kyowon.literacy.store/com.kyowon.literacy.ui.main.activity.MainActivity display-area-from-source=DefaultTaskDisplayArea@168164836 task-display-area=DefaultTaskDisplayArea@168164836 display-area-windowing-mode=1
02-06 18:02:53.887  3012  7144 D ActivityTaskManager: TaskLaunchParamsModifier:task=Task{cfec07d #3366 visible=false type=standard mode=fullscreen translucent=true A=10584:com.kyowon.literacy.store U=0 StackId=3366 sz=2} activity=ActivityRecord{fea1046 u0 com.kyowon.literacy.store/com.kyowon.literacy.ui.main.activity.MainActivity t-1} display-from-task=0 task-display-area=DefaultTaskDisplayArea@168164836 display-area-windowing-mode=1 inherit-from-source=fullscreen activity-options-fullscreen=Rect(0, 0 - 0, 0) non-freeform-display maximized-bounds
02-06 18:02:53.947  3012  7144 V WindowManager: Changing focus from Window{65fa5a2 u0 com.kyowon.literacy.store/com.kyowon.literacy.ui.learning.activity.LearningActivity} to null displayId=0 Callers=com.android.server.wm.RootWindowContainer.updateFocusedWindowLocked:566 com.android.server.wm.WindowManagerService.updateFocusedWindowLocked:6311 com.android.server.wm.DisplayContent.layoutAndAssignWindowLayersIfNeeded:4201 com.android.server.wm.TaskDisplayArea.positionStackAt:1016 
02-06 18:02:53.978  3012  7144 W ActivityTaskManager: Duplicate finish request for r=ActivityRecord{3c3bbea u0 com.kyowon.literacy.store/com.kyowon.literacy.ui.learning.activity.LearningActivity t3366 f}}
02-06 18:02:54.029  3012  7144 D MARsPolicyManager: onPackageResumedFG pkgName = com.kyowon.literacy.store, userId = 0
02-06 18:02:54.048  3012  7144 V WindowManager: Setting visibility of Window{f52afd3 u0 com.kyowon.literacy.store/com.kyowon.literacy.ui.main.activity.MainActivity}: true, caller=com.android.server.wm.WindowContainer.sendAppVisibilityToClients:1004 com.android.server.wm.ActivityRecord.setClientVisible:6391 com.android.server.wm.ActivityRecord.setVisibility:4866 com.android.server.wm.ActivityRecord.setVisibility:4764 com.android.server.wm.ActivityStack.resumeTopActivityInnerLocked:2298 
02-06 18:02:54.064  3012  7144 D WindowManager: rotationForOrientation, orientationSource=ActivityRecord{5448bac u0 com.kyowon.literacy.store/com.kyowon.literacy.ui.main.activity.MainActivity t3366}
02-06 18:02:54.079  3012  7144 D MARsPolicyManager: onPackageResumedFG pkgName = com.kyowon.literacy.store, userId = 0
02-06 18:02:54.100  3012  3934 D InsetsSourceProvider: updateVisibility: serverVisible=true, clientVisible=true, source=InsetsSource: {mType=ITYPE_STATUS_BAR, mFrame=[0,0][2000,36], mVisible=true}, controlTarget=Window{cc7f459 u0 com.kyowon.literacy.store/com.kyowon.literacy.ui.learning.activity.LearningActivity}, from=com.android.server.wm.InsetsSourceProvider.setClientVisible:378 com.android.server.wm.InsetsSourceProvider.onInsetsModified:363 com.android.server.wm.InsetsStateController.onInsetsModified:416 com.android.server.wm.InsetsPolicy.onInsetsModified:320 com.android.server.wm.Session.insetsModified:512 android.view.IWindowSession$Stub.onTransact:1398 com.android.server.wm.Session.onTransact:145 android.os.Binder.execTransactInternal:1195 android.os.Binder.execTransact:1159 <bottom of call stack> 
02-06 18:02:54.101  3012  3061 D GameManagerService: notePauseComponent(), received paused-component: com.kyowon.literacy.store
02-06 18:02:54.124  3012  3934 D InsetsSourceProvider: updateVisibility: serverVisible=true, clientVisible=true, source=InsetsSource: {mType=ITYPE_NAVIGATION_BAR, mFrame=[0,1128][2000,1200], mVisible=true}, controlTarget=Window{cc7f459 u0 com.kyowon.literacy.store/com.kyowon.literacy.ui.learning.activity.LearningActivity}, from=com.android.server.wm.InsetsSourceProvider.setClientVisible:378 com.android.server.wm.InsetsSourceProvider.onInsetsModified:363 com.android.server.wm.InsetsStateController.onInsetsModified:416 com.android.server.wm.InsetsPolicy.onInsetsModified:320 com.android.server.wm.Session.insetsModified:512 android.view.IWindowSession$Stub.onTransact:1398 com.android.server.wm.Session.onTransact:145 android.os.Binder.execTransactInternal:1195 android.os.Binder.execTransact:1159 <bottom of call stack> 
02-06 18:02:54.191   862   862 D SurfaceFlinger:      DEVICE | 0xb400007acfe20d10 | 0002 | RGBA_8888    |    0.0    0.0 1200.0 2000.0 |    0    0 1200 2000 | com.kyowon.literacy.store/com.kyowon[...]g.activity.LearningActivity$_20609#1
02-06 18:02:54.191   862   862 D SurfaceFlinger:      CLIENT | 0xb400007ac04cf410 | 0000 | RGBA_8888    |    0.0    0.0 1200.0 2000.0 |    0    0 1200 2000 | com.kyowon.literacy.store/com.kyowon[...]g.activity.LearningActivity$_20609#0
02-06 18:02:54.245  3012  3061 D GameManagerService: noteResumeComponent(), received resumed-component: com.kyowon.literacy.store
02-06 18:02:54.246  3012  3061 I GameSDK@LifeCycle: noteResumeComponent(): package name  : com.kyowon.literacy.store
02-06 18:02:54.249  3012  3220 D GameManagerService: onLooperPrepared(), msg: MSG_APP_RESUME, resumeComponent: ComponentInfo{com.kyowon.literacy.store/com.kyowon.literacy.ui.main.activity.MainActivity}
02-06 18:02:54.252   862   925 I SurfaceFlinger: id=106401 createSurf (0x0),-1 flag=80004, da43f93 com.kyowon.literacy.store/com.kyowon.literacy.ui.main.activity.MainActivity#0
02-06 18:02:54.267  3012  3220 D GameManagerService:   handleResume(). pkgName: com.kyowon.literacy.store, isTunableApp: null
02-06 18:02:54.268  3012  3220 D GameManagerService: notifyFocusInOut(). of pkg: com.kyowon.literacy.store, type: 4, isMinimized: false, isTunableApp: false
02-06 18:02:54.291 20609 20609 D InsetsSourceConsumer: setRequestedVisible: visible=false, type=2, host=com.kyowon.literacy.store/com.kyowon.literacy.ui.main.activity.MainActivity, from=android.view.InsetsSourceConsumer.hide:236 android.view.InsetsController.collectSourceControls:1172 android.view.InsetsController.controlAnimationUnchecked:1049 android.view.InsetsController.applyAnimation:1417 android.view.InsetsController.hide:984 android.view.InsetsController.hide:967 android.view.PendingInsetsController.hide:60 androidx.core.view.WindowInsetsControllerCompat$Impl30.hide:654 androidx.core.view.WindowInsetsControllerCompat.hide:189 com.kyowon.literacy.utils.SystemUiHelper.hideSystemUI:19 
02-06 18:02:54.291 20609 20609 D InsetsSourceConsumer: setRequestedVisible: visible=false, type=1, host=com.kyowon.literacy.store/com.kyowon.literacy.ui.main.activity.MainActivity, from=android.view.InsetsSourceConsumer.hide:236 android.view.InsetsController.collectSourceControls:1172 android.view.InsetsController.controlAnimationUnchecked:1049 android.view.InsetsController.applyAnimation:1417 android.view.InsetsController.hide:984 android.view.InsetsController.hide:967 android.view.PendingInsetsController.hide:60 androidx.core.view.WindowInsetsControllerCompat$Impl30.hide:654 androidx.core.view.WindowInsetsControllerCompat.hide:189 com.kyowon.literacy.utils.SystemUiHelper.hideSystemUI:19 
02-06 18:02:54.292 20609 20609 D InsetsSourceConsumer: setRequestedVisible: visible=false, type=0, host=com.kyowon.literacy.store/com.kyowon.literacy.ui.main.activity.MainActivity, from=android.view.InsetsSourceConsumer.hide:236 android.view.InsetsController.collectSourceControls:1172 android.view.InsetsController.controlAnimationUnchecked:1049 android.view.InsetsController.applyAnimation:1417 android.view.InsetsController.hide:984 android.view.InsetsController.hide:967 android.view.PendingInsetsController.hide:60 androidx.core.view.WindowInsetsControllerCompat$Impl30.hide:654 androidx.core.view.WindowInsetsControllerCompat.hide:189 com.kyowon.literacy.utils.SystemUiHelper.hideSystemUI:19 
02-06 18:02:54.323  3012  7159 V WindowManager: Relayout Window{f52afd3 u0 com.kyowon.literacy.store/com.kyowon.literacy.ui.main.activity.MainActivity}: viewVisibility=0 req=2000x1200
02-06 18:02:54.326  3012  7159 D WindowManager: isScreenshotDisabledLocked - win: Window{f52afd3 u0 com.kyowon.literacy.store/com.kyowon.literacy.ui.main.activity.MainActivity}
02-06 18:02:54.327   862   925 I SurfaceFlinger: id=106402 createSurf (2000x1200),1 flag=404, com.kyowon.literacy.store/com.kyowon.literacy.ui.main.activity.MainActivity$_20609#0
02-06 18:02:54.329  3012  7159 D WindowManager: makeSurface duration=3 name=com.kyowon.literacy.store/com.kyowon.literacy.ui.main.activity.MainActivity$_20609
02-06 18:02:54.330  3012  7159 V WindowManager: Changing focus from null to Window{f52afd3 u0 com.kyowon.literacy.store/com.kyowon.literacy.ui.main.activity.MainActivity} displayId=0 Callers=com.android.server.wm.RootWindowContainer.updateFocusedWindowLocked:566 com.android.server.wm.WindowManagerService.updateFocusedWindowLocked:6311 com.android.server.wm.WindowManagerService.relayoutWindow:2713 com.android.server.wm.Session.relayout:219 
02-06 18:02:54.355  3012  7184 D InsetsSourceProvider: updateVisibility: serverVisible=true, clientVisible=false, source=InsetsSource: {mType=ITYPE_STATUS_BAR, mFrame=[0,0][2000,36], mVisible=false}, controlTarget=Window{f52afd3 u0 com.kyowon.literacy.store/com.kyowon.literacy.ui.main.activity.MainActivity}, from=com.android.server.wm.InsetsSourceProvider.setClientVisible:378 com.android.server.wm.InsetsSourceProvider.onInsetsModified:363 com.android.server.wm.InsetsStateController.onInsetsModified:416 com.android.server.wm.InsetsPolicy.onInsetsModified:320 com.android.server.wm.Session.insetsModified:512 android.view.IWindowSession$Stub.onTransact:1398 com.android.server.wm.Session.onTransact:145 android.os.Binder.execTransactInternal:1195 android.os.Binder.execTransact:1159 <bottom of call stack> 
02-06 18:02:54.355  3012  7184 D InsetsSourceProvider: updateVisibility: serverVisible=true, clientVisible=false, source=InsetsSource: {mType=ITYPE_NAVIGATION_BAR, mFrame=[0,1128][2000,1200], mVisible=false}, controlTarget=Window{f52afd3 u0 com.kyowon.literacy.store/com.kyowon.literacy.ui.main.activity.MainActivity}, from=com.android.server.wm.InsetsSourceProvider.setClientVisible:378 com.android.server.wm.InsetsSourceProvider.onInsetsModified:363 com.android.server.wm.InsetsStateController.onInsetsModified:416 com.android.server.wm.InsetsPolicy.onInsetsModified:320 com.android.server.wm.Session.insetsModified:512 android.view.IWindowSession$Stub.onTransact:1398 com.android.server.wm.Session.onTransact:145 android.os.Binder.execTransactInternal:1195 android.os.Binder.execTransact:1159 <bottom of call stack> 
02-06 18:02:54.590  3012  3571 V WindowManager: Relayout Window{da43f93 u0 com.kyowon.literacy.store/com.kyowon.literacy.ui.main.activity.MainActivity}: viewVisibility=0 req=2000x1200
02-06 18:02:54.593  3012  3571 D WindowManager: isScreenshotDisabledLocked - win: Window{da43f93 u0 com.kyowon.literacy.store/com.kyowon.literacy.ui.main.activity.MainActivity}
02-06 18:02:54.594   862  1520 I SurfaceFlinger: id=106405 createSurf (2000x1200),1 flag=4, com.kyowon.literacy.store/com.kyowon.literacy.ui.main.activity.MainActivity$_20609#1
02-06 18:02:54.594  3012  3571 D WindowManager: makeSurface duration=2 name=com.kyowon.literacy.store/com.kyowon.literacy.ui.main.activity.MainActivity$_20609
02-06 18:02:54.596  3012  3571 V WindowManager: Changing focus from Window{f52afd3 u0 com.kyowon.literacy.store/com.kyowon.literacy.ui.main.activity.MainActivity} to Window{da43f93 u0 com.kyowon.literacy.store/com.kyowon.literacy.ui.main.activity.MainActivity} displayId=0 Callers=com.android.server.wm.RootWindowContainer.updateFocusedWindowLocked:566 com.android.server.wm.WindowManagerService.updateFocusedWindowLocked:6311 com.android.server.wm.WindowManagerService.relayoutWindow:2713 com.android.server.wm.Session.relayout:219 
02-06 18:02:54.623  3012  3934 D WindowManager: finishDrawingWindow: Window{da43f93 u0 com.kyowon.literacy.store/com.kyowon.literacy.ui.main.activity.MainActivity} mDrawState=DRAW_PENDING
02-06 18:02:54.628  3012  3934 D WindowManager: finishDrawingWindow: Window{f52afd3 u0 com.kyowon.literacy.store/com.kyowon.literacy.ui.main.activity.MainActivity} mDrawState=DRAW_PENDING
02-06 18:02:54.642  3012  3062 I WindowManager: Reparenting to leash, surface=Surface(name=ActivityRecord{3c3bbea u0 com.kyowon.literacy.store/com.kyowon.literacy.ui.learning.activity.LearningActivity t3366})/@0xcd62d4c, leashParent=Surface(name=Task=3366)/@0xa8ece2b
02-06 18:02:54.643   862  1519 I SurfaceFlinger: id=106408 createSurf (0x0),-1 flag=24000, Surface(name=ActivityRecord{3c3bbea u0 com.kyowon.literacy.store/com.kyowon.literacy.ui.learning.activity.LearningActivity t3366})/@0xcd62d4c - animation-leash#0
02-06 18:02:54.644  3012  3062 D WindowManager: makeSurface duration=1 leash=Surface(name=Surface(name=ActivityRecord{3c3bbea u0 com.kyowon.literacy.store/com.kyowon.literacy.ui.learning.activity.LearningActivity t3366})/@0xcd62d4c - animation-leash)/@0xe92b52c
02-06 18:02:54.645   862  1519 I SurfaceFlinger: id=106409 createSurf (0x0),-1 flag=80004, Surface(name=ActivityRecord{3c3bbea u0 com.kyowon.literacy.store/com.kyowon.literacy.ui.learning.activity.LearningActivity t3366})/@0xcd62d4c - animation-bounds#0
02-06 18:02:54.647  3012  3062 I WindowManager: Reparenting to leash, surface=Surface(name=ActivityRecord{5448bac u0 com.kyowon.literacy.store/com.kyowon.literacy.ui.main.activity.MainActivity t3366})/@0x7bbba35, leashParent=Surface(name=Task=3366)/@0xa8ece2b
02-06 18:02:54.647   862  1519 I SurfaceFlinger: id=106410 createSurf (0x0),-1 flag=24004, Surface(name=ActivityRecord{5448bac u0 com.kyowon.literacy.store/com.kyowon.literacy.ui.main.activity.MainActivity t3366})/@0x7bbba35 - animation-leash#0
02-06 18:02:54.648  3012  3062 D WindowManager: makeSurface duration=1 leash=Surface(name=Surface(name=ActivityRecord{5448bac u0 com.kyowon.literacy.store/com.kyowon.literacy.ui.main.activity.MainActivity t3366})/@0x7bbba35 - animation-leash)/@0x8468ffb
02-06 18:02:54.648   862  1519 I SurfaceFlinger: id=106411 createSurf (0x0),-1 flag=80004, Surface(name=ActivityRecord{5448bac u0 com.kyowon.literacy.store/com.kyowon.literacy.ui.main.activity.MainActivity t3366})/@0x7bbba35 - animation-bounds#0
02-06 18:02:54.653  3012  3062 D PkgPredictorService: pkg:com.kyowon.literacy.store activity:com.kyowon.literacy.ui.main.activity.MainActivity thisTime:-1
02-06 18:02:54.674   862   862 D SurfaceFlinger:      DEVICE | 0xb400007acfe20df0 | 0002 | RGBA_8888    |    0.0    0.0 1200.0 2000.0 |    0    0 1200 2000 | com.kyowon.literacy.store/com.kyowon[...]g.activity.LearningActivity$_20609#1
02-06 18:02:54.674   862   862 D SurfaceFlinger:      CLIENT | 0xb400007ac04cf410 | 0000 | RGBA_8888    |    0.0    0.0 1200.0 2000.0 |    0    0 1200 2000 | com.kyowon.literacy.store/com.kyowon[...]g.activity.LearningActivity$_20609#0
02-06 18:02:54.736   862   862 D SurfaceFlinger:      DEVICE | 0xb400007ac04cc9a0 | 0002 | RGBA_8888    |    0.0    0.0 1163.0 2000.0 |   37    0 1200 2000 | com.kyowon.literacy.store/com.kyowon[...].main.activity.MainActivity$_20609#0
02-06 18:02:54.736   862   862 D SurfaceFlinger:      CLIENT | 0xb400007acfe20450 | 0000 | RGBA_8888    |    0.0    0.0 1163.0 2000.0 |   37    0 1200 2000 | com.kyowon.literacy.store/com.kyowon[...].main.activity.MainActivity$_20609#1
02-06 18:02:54.736   862   862 D SurfaceFlinger:      CLIENT | 0xb400007acfe20bc0 | 0002 | RGBA_8888    |    1.0    0.0 1200.0 2000.0 |    0    0 1199 2000 | com.kyowon.literacy.store/com.kyowon[...]g.activity.LearningActivity$_20609#1
02-06 18:02:54.736   862   862 D SurfaceFlinger:      CLIENT | 0xb400007ac04cf410 | 0000 | RGBA_8888    |    1.0    0.0 1200.0 2000.0 |    0    0 1199 2000 | com.kyowon.literacy.store/com.kyowon[...]g.activity.LearningActivity$_20609#0
02-06 18:02:54.811  3012  3571 D WindowManager: finishDrawingWindow: Window{f52afd3 u0 com.kyowon.literacy.store/com.kyowon.literacy.ui.main.activity.MainActivity} mDrawState=HAS_DRAWN
02-06 18:02:54.816 20609 20609 V InputMethodManager: Starting input: tba=com.kyowon.literacy.store ic=null mNaviBarColor -855310 mIsGetNaviBarColorSuccess true , NavVisible : true , NavTrans : false
02-06 18:02:54.938   862   862 D SurfaceFlinger:      DEVICE | 0xb400007ac04ce610 | 0002 | RGBA_8888    |    0.0    0.0 1195.0 2000.0 |    5    0 1200 2000 | com.kyowon.literacy.store/com.kyowon[...].main.activity.MainActivity$_20609#0
02-06 18:02:54.938   862   862 D SurfaceFlinger:      CLIENT | 0xb400007acfe20450 | 0000 | RGBA_8888    |    0.0    0.0 1195.0 2000.0 |    5    0 1200 2000 | com.kyowon.literacy.store/com.kyowon[...].main.activity.MainActivity$_20609#1
02-06 18:02:55.003  3012  3062 I WindowManager: Reparenting to original parent: Surface(name=Task=3366)/@0xa8ece2b, destroy=true, surface=Surface(name=ActivityRecord{3c3bbea u0 com.kyowon.literacy.store/com.kyowon.literacy.ui.learning.activity.LearningActivity t3366})/@0xcd62d4c
02-06 18:02:55.013  3012  3062 V WindowManager: Setting visibility of Window{cc7f459 u0 com.kyowon.literacy.store/com.kyowon.literacy.ui.learning.activity.LearningActivity}: false, caller=com.android.server.wm.WindowContainer.sendAppVisibilityToClients:1004 com.android.server.wm.ActivityRecord.setClientVisible:6391 com.android.server.wm.ActivityRecord.onAnimationFinished:7143 com.android.server.wm.-$$Lambda$dwJG8BAnLlvKNGuDY9U3-haNY4M.onAnimationFinished:2 com.android.server.wm.SurfaceAnimator.lambda$getFinishedCallback$0$SurfaceAnimator:112 
02-06 18:02:55.013  3012  3062 V WindowManager: Setting visibility of Window{65fa5a2 u0 com.kyowon.literacy.store/com.kyowon.literacy.ui.learning.activity.LearningActivity}: false, caller=com.android.server.wm.WindowContainer.sendAppVisibilityToClients:1004 com.android.server.wm.ActivityRecord.setClientVisible:6391 com.android.server.wm.ActivityRecord.onAnimationFinished:7143 com.android.server.wm.-$$Lambda$dwJG8BAnLlvKNGuDY9U3-haNY4M.onAnimationFinished:2 com.android.server.wm.SurfaceAnimator.lambda$getFinishedCallback$0$SurfaceAnimator:112 
02-06 18:02:55.022  3012  3062 D ActivityTaskManager: finishFixedRotationTransform, r=ActivityRecord{3c3bbea u0 com.kyowon.literacy.store/com.kyowon.literacy.ui.learning.activity.LearningActivity t3366 f}}, caller=com.android.server.wm.WindowToken.finishFixedRotationTransform:664 com.android.server.wm.DisplayContent$FixedRotationTransitionListener.onAppTransitionFinishedLocked:7026 com.android.server.wm.AppTransition.notifyAppTransitionFinishedLocked:543 com.android.server.wm.ActivityRecord.onAnimationFinished:7164 com.android.server.wm.-$$Lambda$dwJG8BAnLlvKNGuDY9U3-haNY4M.onAnimationFinished:2 
02-06 18:02:55.022  3012  3062 I WindowManager: Reparenting to original parent: Surface(name=Task=3366)/@0xa8ece2b, destroy=true, surface=Surface(name=ActivityRecord{5448bac u0 com.kyowon.literacy.store/com.kyowon.literacy.ui.main.activity.MainActivity t3366})/@0x7bbba35
02-06 18:02:55.031  3012  3062 D ActivityTaskManager: finishFixedRotationTransform, r=ActivityRecord{5448bac u0 com.kyowon.literacy.store/com.kyowon.literacy.ui.main.activity.MainActivity t3366}, caller=com.android.server.wm.WindowToken.finishFixedRotationTransform:664 com.android.server.wm.DisplayContent$FixedRotationTransitionListener.onAppTransitionFinishedLocked:7026 com.android.server.wm.AppTransition.notifyAppTransitionFinishedLocked:543 com.android.server.wm.ActivityRecord.onAnimationFinished:7164 com.android.server.wm.-$$Lambda$dwJG8BAnLlvKNGuDY9U3-haNY4M.onAnimationFinished:2 
02-06 18:02:55.035   862   925 I Layer   : id=106409 removeFromCurrentState Surface(name=ActivityRecord{3c3bbea u0 com.kyowon.literacy.store/com.kyowon.literacy.ui.learning.activity.LearningActivity t3366})/@0xcd62d4c - animation-bounds#0 (69)
