02-06 17:44:46.944 20609 25736 D Camera2CameraImpl: {Camera@140c78a[id=1]} Use case androidx.camera.core.ImageAnalysis-4b2dc60b-8ed1-41b6-bd5e-c1807fc2b6af242234312 ACTIVE
02-06 17:44:46.945 20609 25736 D UseCaseAttachState: Active and attached use case: [androidx.camera.core.Preview-674967ff-4219-4958-92c5-986f75cbd78e164408427, androidx.camera.core.ImageAnalysis-4b2dc60b-8ed1-41b6-bd5e-c1807fc2b6af242234312] for camera: 1
02-06 17:44:46.947 20609 25736 D DeferrableSurface: use count-1,  useCount=0 closed=true androidx.camera.core.SurfaceRequest$2@8d52fd8
02-06 17:44:46.969 20609 25736 D DeferrableSurface: Surface no longer in use[total_surfaces=5, used_surfaces=2](androidx.camera.core.SurfaceRequest$2@8d52fd8}
02-06 17:44:46.969 20609 25736 D DeferrableSurface: Surface terminated[total_surfaces=4, used_surfaces=2](androidx.camera.core.SurfaceRequest$2@8d52fd8}
02-06 17:44:46.970 20609 20609 D SurfaceViewImpl: Safe to release surface.
02-06 17:44:46.971 20609 25736 D DeferrableSurface: use count-1,  useCount=0 closed=true androidx.camera.core.impl.ImmediateSurface@cc3bd6d
02-06 17:44:46.971 20609 25736 D DeferrableSurface: Surface no longer in use[total_surfaces=4, used_surfaces=1](androidx.camera.core.impl.ImmediateSurface@cc3bd6d}
02-06 17:44:46.971 20609 25736 D DeferrableSurface: Surface terminated[total_surfaces=3, used_surfaces=1](androidx.camera.core.impl.ImmediateSurface@cc3bd6d}
02-06 17:44:46.972 20609 25736 D Camera2CameraImpl: {Camera@140c78a[id=1]} CameraDevice.onClosed()
02-06 17:44:46.972 20609 25736 D Camera2CameraImpl: {Camera@140c78a[id=1]} Attempting to open the camera.
02-06 17:44:46.973 20609 25736 D CameraStateRegistry: tryOpenCamera(Camera@140c78a[id=1]) [Available Cameras: 0, Already Open: true (Previous state: OPENING)] --> SUCCESS
02-06 17:44:46.973 20609 25736 D CameraStateRegistry: Recalculating open cameras:
02-06 17:44:46.973 20609 25736 D CameraStateRegistry: Camera                                       State                 
02-06 17:44:46.973 20609 25736 D CameraStateRegistry: -------------------------------------------------------------------
02-06 17:44:46.973 20609 25736 D CameraStateRegistry: Camera@6d7c300[id=0]                         UNKNOWN               
02-06 17:44:46.973 20609 25736 D CameraStateRegistry: Camera@140c78a[id=1]                         OPENING               
02-06 17:44:46.973 20609 25736 D CameraStateRegistry: -------------------------------------------------------------------
02-06 17:44:46.973 20609 25736 D CameraStateRegistry: Open count: 1 (Max allowed: 1)
02-06 17:44:46.973 20609 25736 D Camera2CameraImpl: {Camera@140c78a[id=1]} Opening camera.
02-06 17:44:46.973 20609 25736 D Camera2CameraImpl: {Camera@140c78a[id=1]} Transitioning camera internal state: REOPENING --> OPENING
02-06 17:44:46.974 20609 25736 D CameraStateMachine: New public camera state CameraState{type=OPENING, error=null} from OPENING and null
02-06 17:44:46.986 20609 25736 D UseCaseAttachState: All use case: [androidx.camera.core.Preview-674967ff-4219-4958-92c5-986f75cbd78e164408427, androidx.camera.core.ImageAnalysis-4b2dc60b-8ed1-41b6-bd5e-c1807fc2b6af242234312] for camera: 1
02-06 17:44:47.015 20609 25938 I CameraManagerGlobal: postSingleUpdate device: camera id 1 status STATUS_NOT_AVAILABLE
02-06 17:44:47.016 20609 25938 I CameraManagerGlobal: postSingleUpdate device: camera id 1 status STATUS_NOT_AVAILABLE
02-06 17:44:47.016 20609 25938 I CameraManagerGlobal: Camera 1 facing CAMERA_FACING_FRONT state now CAMERA_STATE_OPEN for client com.kyowon.literacy.store API Level 2
02-06 17:44:47.048 20609 25736 D SyncCaptureSessionImpl: [androidx.camera.camera2.internal.SynchronizedCaptureSessionImpl@51c117f] onClosed()
02-06 17:44:47.049 20609 25736 D Camera2CameraImpl: {Camera@140c78a[id=1]} CameraDevice.onOpened()
02-06 17:44:47.049 20609 25736 D Camera2CameraImpl: {Camera@140c78a[id=1]} Transitioning camera internal state: OPENING --> OPENED
02-06 17:44:47.049 20609 25736 D CameraStateRegistry: Recalculating open cameras:
02-06 17:44:47.049 20609 25736 D CameraStateRegistry: Camera                                       State                 
02-06 17:44:47.049 20609 25736 D CameraStateRegistry: -------------------------------------------------------------------
02-06 17:44:47.049 20609 25736 D CameraStateRegistry: Camera@6d7c300[id=0]                         UNKNOWN               
02-06 17:44:47.049 20609 25736 D CameraStateRegistry: Camera@140c78a[id=1]                         OPEN                  
02-06 17:44:47.049 20609 25736 D CameraStateRegistry: -------------------------------------------------------------------
02-06 17:44:47.049 20609 25736 D CameraStateRegistry: Open count: 1 (Max allowed: 1)
02-06 17:44:47.050 20609 25736 D CameraStateMachine: New public camera state CameraState{type=OPEN, error=null} from OPEN and null
02-06 17:44:47.050 20609 25736 D CameraStateMachine: Publishing new public camera state CameraState{type=OPEN, error=null}
02-06 17:44:47.050 20609 25736 D UseCaseAttachState: All use case: [androidx.camera.core.Preview-674967ff-4219-4958-92c5-986f75cbd78e164408427, androidx.camera.core.ImageAnalysis-4b2dc60b-8ed1-41b6-bd5e-c1807fc2b6af242234312] for camera: 1
02-06 17:44:47.055 20609 25736 D UseCaseAttachState: Active and attached use case: [androidx.camera.core.Preview-674967ff-4219-4958-92c5-986f75cbd78e164408427, androidx.camera.core.ImageAnalysis-4b2dc60b-8ed1-41b6-bd5e-c1807fc2b6af242234312] for camera: 1
02-06 17:44:47.057 20609 25736 D SyncCaptureSessionBase: [androidx.camera.camera2.internal.SynchronizedCaptureSessionImpl@996c579] getSurface done with results: [Surface(name=null)/@0x90b6c3e, Surface(name=null)/@0xeaaa240]
02-06 17:44:47.057 20609 25736 D CaptureSession: Opening capture session.
02-06 17:44:47.063 20609 25736 D Camera2CaptureRequestBuilder: template type = 1
02-06 17:44:47.071 20609 25736 D SyncCaptureSessionImpl: [androidx.camera.camera2.internal.SynchronizedCaptureSessionImpl@996c579] start openCaptureSession
02-06 17:44:47.071 20609 25736 D DeferrableSurface: use count+1, useCount=2 androidx.camera.core.SurfaceRequest$2@8103de3
02-06 17:44:47.071 20609 25736 D DeferrableSurface: New surface in use[total_surfaces=3, used_surfaces=2](androidx.camera.core.impl.ImmediateSurface@7b42e0c}
02-06 17:44:47.071 20609 25736 D DeferrableSurface: use count+1, useCount=1 androidx.camera.core.impl.ImmediateSurface@7b42e0c
02-06 17:44:47.574 20609 25736 D SyncCaptureSessionImpl: [androidx.camera.camera2.internal.SynchronizedCaptureSessionImpl@996c579] Session onConfigured()
02-06 17:44:47.574 20609 25736 D CaptureSession: Attempting to send capture request onConfigured
02-06 17:44:47.574 20609 25736 D CaptureSession: Issuing request for session.
02-06 17:44:47.574 20609 25736 D Camera2CaptureRequestBuilder: createCaptureRequest
02-06 17:44:47.615 20609 25736 D CaptureSession: CameraCaptureSession.onConfigured() mState=OPENED
02-06 17:44:47.616 20609 25736 D CaptureSession: CameraCaptureSession.onReady() OPENED
02-06 17:44:47.743 20609 25938 I CameraManagerGlobal: Camera 1 facing CAMERA_FACING_FRONT state now CAMERA_STATE_ACTIVE for client com.kyowon.literacy.store API Level 2
02-06 17:44:47.830 20609 25745 D StreamStateObserver: Update Preview stream state to STREAMING
02-06 17:44:48.886 20609 20609 D DeferrableSurface: surface closed,  useCount=2 closed=true androidx.camera.core.SurfaceRequest$2@8103de3
02-06 17:44:48.886 20609 20609 D DeferrableSurface: surface closed,  useCount=0 closed=true androidx.camera.core.processing.SurfaceEdge$SettableSurface@b07a447
02-06 17:44:48.886 20609 20609 D DeferrableSurface: Surface terminated[total_surfaces=2, used_surfaces=2](androidx.camera.core.processing.SurfaceEdge$SettableSurface@b07a447}
02-06 17:44:48.886 20609 20609 D DeferrableSurface: use count-1,  useCount=1 closed=true androidx.camera.core.SurfaceRequest$2@8103de3
02-06 17:44:48.887 20609 20609 D DeferrableSurface: surface closed,  useCount=1 closed=true androidx.camera.core.impl.ImmediateSurface@7b42e0c
02-06 17:44:48.889 20609 25736 D Camera2CameraImpl: {Camera@140c78a[id=1]} Use cases [androidx.camera.core.Preview-674967ff-4219-4958-92c5-986f75cbd78e164408427, androidx.camera.core.ImageAnalysis-4b2dc60b-8ed1-41b6-bd5e-c1807fc2b6af242234312] now DETACHED for camera
02-06 17:44:48.890 20609 25736 D UseCaseAttachState: All use case: [] for camera: 1
02-06 17:44:48.890 20609 25736 D Camera2CameraImpl: {Camera@140c78a[id=1]} Resetting Capture Session
02-06 17:44:48.891 20609 25736 D SyncCaptureSessionImpl: [androidx.camera.camera2.internal.SynchronizedCaptureSessionImpl@996c579] Session call close()
02-06 17:44:48.891 20609 25736 D Camera2CameraImpl: {Camera@140c78a[id=1]} Releasing session in state OPENED
02-06 17:44:48.892 20609 25736 D Camera2CameraControlImp: setActive: isActive = false
02-06 17:44:48.892 20609 25736 D UseCaseAttachState: Active and attached use case: [] for camera: 1
02-06 17:44:48.894 20609 25736 D UseCaseAttachState: Active and attached use case: [] for camera: 1
02-06 17:44:48.897 20609 25736 D VideoUsageControl: resetDirectly: mVideoUsage reset!
02-06 17:44:48.898 20609 25736 D Camera2CameraImpl: {Camera@140c78a[id=1]} Closing camera.
02-06 17:44:48.899 20609 25736 D Camera2CameraImpl: {Camera@140c78a[id=1]} Transitioning camera internal state: OPENED --> CLOSING
02-06 17:44:48.899 20609 25736 D CameraStateRegistry: Recalculating open cameras:
02-06 17:44:48.899 20609 25736 D CameraStateRegistry: Camera                                       State                 
02-06 17:44:48.899 20609 25736 D CameraStateRegistry: -------------------------------------------------------------------
02-06 17:44:48.899 20609 25736 D CameraStateRegistry: Camera@6d7c300[id=0]                         UNKNOWN               
02-06 17:44:48.899 20609 25736 D CameraStateRegistry: Camera@140c78a[id=1]                         CLOSING               
02-06 17:44:48.899 20609 25736 D CameraStateRegistry: -------------------------------------------------------------------
02-06 17:44:48.899 20609 25736 D CameraStateRegistry: Open count: 1 (Max allowed: 1)
02-06 17:44:48.900 20609 25736 D CameraStateMachine: New public camera state CameraState{type=CLOSING, error=null} from CLOSING and null
02-06 17:44:48.900 20609 25736 D CameraStateMachine: Publishing new public camera state CameraState{type=CLOSING, error=null}
02-06 17:44:48.900 20609 25736 D Camera2CameraImpl: {Camera@140c78a[id=1]} Resetting Capture Session
02-06 17:44:48.901 20609 25736 D Camera2CameraImpl: {Camera@140c78a[id=1]} Skipping Capture Session state check due to current camera state: CLOSING and previous session status: false
02-06 17:44:48.958 20609 25736 D Camera2CameraImpl: {Camera@140c78a[id=1]} Releasing session in state CLOSING
02-06 17:44:48.959 20609 25736 D SyncCaptureSessionImpl: [androidx.camera.camera2.internal.SynchronizedCaptureSessionImpl@996c579] Session call super.close()
02-06 17:44:48.960 20609 25736 D UseCaseAttachState: Active and attached use case: [] for camera: 1
02-06 17:44:48.962 20609 25736 D CaptureSession: onSessionFinished()
02-06 17:44:48.962 20609 25736 D Camera2CameraImpl: {Camera@140c78a[id=1]} closing camera
02-06 17:44:48.966 20609 20609 D StreamStateObserver: Update Preview stream state to IDLE
02-06 17:44:49.096 20609 20609 I ViewRootImpl@e805f7a[LearningActivity]: MSG_WINDOW_FOCUS_CHANGED 0 1
02-06 17:44:49.242 20609 25739 I CameraManagerGlobal: Camera 1 facing CAMERA_FACING_FRONT state now CAMERA_STATE_IDLE for client com.kyowon.literacy.store API Level 2
02-06 17:44:49.341 20609 20609 I ViewRootImpl@e805f7a[LearningActivity]: MSG_WINDOW_FOCUS_CHANGED 1 1
02-06 17:44:49.341 20609 20609 D InputMethodManager: prepareNavigationBarInfo() DecorView@487a3c0[LearningActivity]
02-06 17:44:49.341 20609 20609 D InputMethodManager: getNavigationBarColor() -855310
02-06 17:44:49.345 20609 20609 D InputMethodManager: prepareNavigationBarInfo() DecorView@487a3c0[LearningActivity]
02-06 17:44:49.345 20609 20609 D InputMethodManager: getNavigationBarColor() -855310
02-06 17:44:49.345 20609 20609 V InputMethodManager: Starting input: tba=com.kyowon.literacy.store ic=null mNaviBarColor -855310 mIsGetNaviBarColorSuccess true , NavVisible : true , NavTrans : false
02-06 17:44:49.345 20609 20609 D InputMethodManager: startInputInner - Id : 0
02-06 17:44:49.345 20609 20609 I InputMethodManager: startInputInner - mService.startInputOrWindowGainedFocus
02-06 17:44:49.351 20609 20609 D InputTransport: Input channel constructed: 'ClientS', fd=251
02-06 17:44:49.351 20609 20609 D InputTransport: Input channel destroyed: 'ClientS', fd=209
02-06 17:44:49.687 20609 20609 I ViewRootImpl@e805f7a[LearningActivity]: stopped(false) old=false
02-06 17:44:49.688 20609 25938 I CameraManagerGlobal: postSingleUpdate device: camera id 1 status STATUS_PRESENT
02-06 17:44:49.688 20609 25938 I CameraManagerGlobal: postSingleUpdate device: camera id 1 status STATUS_PRESENT
02-06 17:44:49.688 20609 25938 I CameraManagerGlobal: Camera 1 facing CAMERA_FACING_FRONT state now CAMERA_STATE_CLOSED for client com.kyowon.literacy.store API Level 2
02-06 17:44:49.691 20609 24623 W .literacy.stor: Long monitor contention with owner CameraX-core_camera_0 (25736) at void android.hardware.camera2.impl.CameraDeviceImpl.close()(CameraDeviceImpl.java:1334) waiters=0 in void android.hardware.camera2.impl.CameraDeviceImpl$CameraDeviceCallbacks.onResultReceived(android.hardware.camera2.impl.CameraMetadataNative, android.hardware.camera2.impl.CaptureResultExtras, android.hardware.camera2.impl.PhysicalCaptureResultInfo[]) for 714ms
02-06 17:44:49.693 20609 25736 D DeferrableSurface: use count-1,  useCount=0 closed=true androidx.camera.core.SurfaceRequest$2@8103de3
02-06 17:44:49.693 20609 25736 D DeferrableSurface: Surface no longer in use[total_surfaces=2, used_surfaces=1](androidx.camera.core.SurfaceRequest$2@8103de3}
02-06 17:44:49.696 20609 25736 D DeferrableSurface: Surface terminated[total_surfaces=1, used_surfaces=1](androidx.camera.core.SurfaceRequest$2@8103de3}
02-06 17:44:49.700 20609 25736 D DeferrableSurface: use count-1,  useCount=0 closed=true androidx.camera.core.impl.ImmediateSurface@7b42e0c
02-06 17:44:49.700 20609 25736 D DeferrableSurface: Surface no longer in use[total_surfaces=1, used_surfaces=0](androidx.camera.core.impl.ImmediateSurface@7b42e0c}
02-06 17:44:49.701 20609 25736 D DeferrableSurface: Surface terminated[total_surfaces=0, used_surfaces=0](androidx.camera.core.impl.ImmediateSurface@7b42e0c}
02-06 17:44:49.701 20609 25736 D Camera2CameraImpl: {Camera@140c78a[id=1]} CameraDevice.onClosed()
02-06 17:44:49.708 20609 25736 D Camera2CameraImpl: {Camera@140c78a[id=1]} Transitioning camera internal state: CLOSING --> INITIALIZED
02-06 17:44:49.712 20609 20609 I SurfaceControl: nativeRelease nativeObject s[-5476376618201518368]
02-06 17:44:49.712 20609 20609 I SurfaceControl: nativeRelease nativeObject e[-5476376618201518368]
02-06 17:44:49.714 20609 20609 I SurfaceControl: assignNativeObject: nativeObject = 0 Surface(name=null)/@0x446b77f / android.view.SurfaceControl.readFromParcel:1117 android.view.IWindowSession$Stub$Proxy.relayout:1820 android.view.ViewRootImpl.relayoutWindow:9005 android.view.ViewRootImpl.performTraversals:3360 android.view.ViewRootImpl.doTraversal:2618 android.view.ViewRootImpl$TraversalRunnable.run:9971 android.view.Choreographer$CallbackRecord.run:1010 android.view.Choreographer.doCallbacks:809 android.view.Choreographer.doFrame:744 android.view.Choreographer$FrameDisplayEventReceiver.run:995 
02-06 17:44:49.714 20609 25736 D CameraStateRegistry: Recalculating open cameras:
02-06 17:44:49.714 20609 25736 D CameraStateRegistry: Camera                                       State                 
02-06 17:44:49.714 20609 25736 D CameraStateRegistry: -------------------------------------------------------------------
02-06 17:44:49.714 20609 25736 D CameraStateRegistry: Camera@6d7c300[id=0]                         UNKNOWN               
02-06 17:44:49.714 20609 25736 D CameraStateRegistry: Camera@140c78a[id=1]                         CLOSED                
02-06 17:44:49.714 20609 25736 D CameraStateRegistry: -------------------------------------------------------------------
02-06 17:44:49.714 20609 25736 D CameraStateRegistry: Open count: 0 (Max allowed: 1)
02-06 17:44:49.714 20609 25736 D CameraStateMachine: New public camera state CameraState{type=CLOSED, error=null} from CLOSED and null
02-06 17:44:49.714 20609 25736 D CameraStateMachine: Publishing new public camera state CameraState{type=CLOSED, error=null}
02-06 17:44:49.715 20609 25736 D SyncCaptureSessionImpl: [androidx.camera.camera2.internal.SynchronizedCaptureSessionImpl@996c579] onClosed()
02-06 17:44:49.715 20609 20609 I SurfaceControl: nativeRelease nativeObject s[-5476376618202115936]
02-06 17:44:49.715 20609 20609 I SurfaceControl: nativeRelease nativeObject e[-5476376618202115936]
02-06 17:44:49.715 20609 20609 I SurfaceControl: nativeRelease nativeObject s[-5476376618201518048]
02-06 17:44:49.715 20609 20609 I SurfaceControl: nativeRelease nativeObject e[-5476376618201518048]
02-06 17:44:49.715 20609 20609 I SurfaceControl: nativeRelease nativeObject s[-5476376618202105376]
02-06 17:44:49.715 20609 20609 I SurfaceControl: nativeRelease nativeObject e[-5476376618202105376]
02-06 17:44:49.715 20609 20609 I ViewRootImpl@e805f7a[LearningActivity]: Relayout returned: old=(0,0,2000,1200) new=(0,0,2000,1200) req=(2000,1200)0 dur=8 res=0x1 s={true -5476376620294148096} ch=false fn=95
02-06 17:44:49.716 20609 20609 I ViewRootImpl@e805f7a[LearningActivity]: updateBoundsLayer: shouldReparent = false t = android.view.SurfaceControl$Transaction@4319766 sc = Surface(name=Bounds for - com.kyowon.literacy.store/com.kyowon.literacy.ui.learning.activity.LearningActivity@0)/@0x422baa7 frame = 95
02-06 17:44:49.717 20609 25730 D TransportRuntime.SQLiteEventStore: Storing event with priority=DEFAULT, name=FIREBASE_ML_SDK for destination cct
02-06 17:44:49.723 20609 20609 D SurfaceViewImpl: Safe to release surface.
02-06 17:44:49.726 20609 25730 D TransportRuntime.JobInfoScheduler: Upload for context TransportContext(cct, DEFAULT, MSRodHRwczovL2ZpcmViYXNlbG9nZ2luZy5nb29nbGVhcGlzLmNvbS92MGNjL2xvZy9iYXRjaD9mb3JtYXQ9anNvbl9wcm90bzNc) is already scheduled. Returning...
02-06 17:44:49.738 20609 20609 D DynamicRangeResolver: Resolved dynamic range for use case androidx.camera.core.Preview-f1d918cb-4af3-4260-bf21-7418ae54fb2e to no compatible HDR dynamic ranges.
02-06 17:44:49.738 20609 20609 D DynamicRangeResolver: DynamicRange@51dc619{encoding=UNSPECIFIED, bitDepth=0}
02-06 17:44:49.738 20609 20609 D DynamicRangeResolver: ->
02-06 17:44:49.738 20609 20609 D DynamicRangeResolver: DynamicRange@c20c160{encoding=SDR, bitDepth=8}
02-06 17:44:49.739 20609 20609 D CameraQuirks: camera2 CameraQuirks = AfRegionFlipHorizontallyQuirk
02-06 17:44:49.740 20609 20609 D CameraQuirks: camera2 CameraQuirks = AfRegionFlipHorizontallyQuirk
02-06 17:44:49.743 20609 20609 D DeferrableSurface: Surface created[total_surfaces=1, used_surfaces=0](androidx.camera.core.processing.SurfaceEdge$SettableSurface@7f1fda}
02-06 17:44:49.746 20609 20609 D DeferrableSurface: Surface created[total_surfaces=2, used_surfaces=0](androidx.camera.core.SurfaceRequest$2@abf5fa6}
02-06 17:44:49.749 20609 20609 D DeferrableSurface: New surface in use[total_surfaces=2, used_surfaces=1](androidx.camera.core.SurfaceRequest$2@abf5fa6}
02-06 17:44:49.749 20609 20609 D DeferrableSurface: use count+1, useCount=1 androidx.camera.core.SurfaceRequest$2@abf5fa6
02-06 17:44:49.753 20609 20609 D DeferrableSurface: Surface created[total_surfaces=3, used_surfaces=1](androidx.camera.core.impl.ImmediateSurface@9911183}
02-06 17:44:49.755 20609 20609 D PreviewView: Surface requested by Preview.
02-06 17:44:49.755 20609 25745 D Camera2CameraImpl: {Camera@140c78a[id=1]} Use case androidx.camera.core.Preview-f1d918cb-4af3-4260-bf21-7418ae54fb2e128681166 ACTIVE
02-06 17:44:49.755 20609 25745 D UseCaseAttachState: Active and attached use case: [] for camera: 1
02-06 17:44:49.755 20609 20609 D PreviewView: Preview transformation info updated. TransformationInfo{getCropRect=Rect(0, 0 - 1600, 1200), getRotationDegrees=0, getTargetRotation=-1, hasCameraTransform=true, getSensorToBufferTransform=Matrix{[0.61728394, 0.0, -0.0][0.0, 0.61728394, -0.0][0.0, 0.0, 1.0]}, isMirroring=true}
02-06 17:44:49.756 20609 20609 D PreviewTransform: Transformation info set: TransformationInfo{getCropRect=Rect(0, 0 - 1600, 1200), getRotationDegrees=0, getTargetRotation=-1, hasCameraTransform=true, getSensorToBufferTransform=Matrix{[0.61728394, 0.0, -0.0][0.0, 0.61728394, -0.0][0.0, 0.0, 1.0]}, isMirroring=true} 1600x1200 true
02-06 17:44:49.757 20609 25745 D Camera2CameraImpl: {Camera@140c78a[id=1]} Use case androidx.camera.core.ImageAnalysis-ac84a502-4bcb-4c57-bed0-fb63f164f167198344687 ACTIVE
02-06 17:44:49.757 20609 25745 D UseCaseAttachState: Active and attached use case: [] for camera: 1
02-06 17:44:49.757 20609 20609 D SurfaceViewImpl: Request canceled: androidx.camera.core.SurfaceRequest@6ba7212
02-06 17:44:49.758 20609 20609 D SurfaceViewImpl: Surface set on Preview.
02-06 17:44:49.795 20609 25745 D Camera2CameraImpl: {Camera@140c78a[id=1]} Use cases [androidx.camera.core.Preview-f1d918cb-4af3-4260-bf21-7418ae54fb2e128681166, androidx.camera.core.ImageAnalysis-ac84a502-4bcb-4c57-bed0-fb63f164f167198344687] now ATTACHED
02-06 17:44:49.795 20609 25745 D Camera2CameraControlImp: setActive: isActive = true
02-06 17:44:49.807 20609 25745 D UseCaseAttachState: All use case: [androidx.camera.core.Preview-f1d918cb-4af3-4260-bf21-7418ae54fb2e128681166, androidx.camera.core.ImageAnalysis-ac84a502-4bcb-4c57-bed0-fb63f164f167198344687] for camera: 1
02-06 17:44:49.809 20609 25745 D UseCaseAttachState: Active and attached use case: [androidx.camera.core.Preview-f1d918cb-4af3-4260-bf21-7418ae54fb2e128681166, androidx.camera.core.ImageAnalysis-ac84a502-4bcb-4c57-bed0-fb63f164f167198344687] for camera: 1
02-06 17:44:49.817 20609 25745 D Camera2CameraImpl: {Camera@140c78a[id=1]} Resetting Capture Session
02-06 17:44:49.818 20609 25745 D Camera2CameraImpl: {Camera@140c78a[id=1]} Skipping Capture Session state check due to current camera state: INITIALIZED and previous session status: false
02-06 17:44:49.818 20609 25745 D Camera2CameraImpl: {Camera@140c78a[id=1]} Releasing session in state INITIALIZED
02-06 17:44:49.820 20609 25745 D Camera2CameraImpl: {Camera@140c78a[id=1]} Attempting to force open the camera.
02-06 17:44:49.820 20609 25745 D CameraStateRegistry: tryOpenCamera(Camera@140c78a[id=1]) [Available Cameras: 1, Already Open: false (Previous state: CLOSED)] --> SUCCESS
02-06 17:44:49.821 20609 25745 D CameraStateRegistry: Recalculating open cameras:
02-06 17:44:49.821 20609 25745 D CameraStateRegistry: Camera                                       State                 
02-06 17:44:49.821 20609 25745 D CameraStateRegistry: -------------------------------------------------------------------
02-06 17:44:49.821 20609 25745 D CameraStateRegistry: Camera@6d7c300[id=0]                         UNKNOWN               
02-06 17:44:49.821 20609 25745 D CameraStateRegistry: Camera@140c78a[id=1]                         OPENING               
02-06 17:44:49.821 20609 25745 D CameraStateRegistry: -------------------------------------------------------------------
02-06 17:44:49.821 20609 25745 D CameraStateRegistry: Open count: 1 (Max allowed: 1)
02-06 17:44:49.822 20609 25745 D Camera2CameraImpl: {Camera@140c78a[id=1]} Opening camera.
02-06 17:44:49.827 20609 25745 D Camera2CameraImpl: {Camera@140c78a[id=1]} Transitioning camera internal state: INITIALIZED --> OPENING
02-06 17:44:49.828 20609 25745 D CameraStateMachine: New public camera state CameraState{type=OPENING, error=null} from OPENING and null
02-06 17:44:49.828 20609 25745 D CameraStateMachine: Publishing new public camera state CameraState{type=OPENING, error=null}
02-06 17:44:49.831 20609 25745 D UseCaseAttachState: All use case: [androidx.camera.core.Preview-f1d918cb-4af3-4260-bf21-7418ae54fb2e128681166, androidx.camera.core.ImageAnalysis-ac84a502-4bcb-4c57-bed0-fb63f164f167198344687] for camera: 1
02-06 17:44:49.863 20609 25739 I CameraManagerGlobal: postSingleUpdate device: camera id 1 status STATUS_NOT_AVAILABLE
02-06 17:44:49.863 20609 25739 I CameraManagerGlobal: postSingleUpdate device: camera id 1 status STATUS_NOT_AVAILABLE
02-06 17:44:49.863 20609 25739 I CameraManagerGlobal: Camera 1 facing CAMERA_FACING_FRONT state now CAMERA_STATE_OPEN for client com.kyowon.literacy.store API Level 2
02-06 17:44:49.905 20609 25745 D Camera2CameraImpl: {Camera@140c78a[id=1]} Use case androidx.camera.core.Preview-f1d918cb-4af3-4260-bf21-7418ae54fb2e128681166 ACTIVE
02-06 17:44:49.907 20609 25745 D UseCaseAttachState: Active and attached use case: [androidx.camera.core.Preview-f1d918cb-4af3-4260-bf21-7418ae54fb2e128681166, androidx.camera.core.ImageAnalysis-ac84a502-4bcb-4c57-bed0-fb63f164f167198344687] for camera: 1
02-06 17:44:49.928 20609 25745 D Camera2CameraImpl: {Camera@140c78a[id=1]} Use case androidx.camera.core.ImageAnalysis-ac84a502-4bcb-4c57-bed0-fb63f164f167198344687 ACTIVE
02-06 17:44:49.935 20609 25745 D UseCaseAttachState: Active and attached use case: [androidx.camera.core.Preview-f1d918cb-4af3-4260-bf21-7418ae54fb2e128681166, androidx.camera.core.ImageAnalysis-ac84a502-4bcb-4c57-bed0-fb63f164f167198344687] for camera: 1
02-06 17:44:49.943 20609 25745 D Camera2CameraImpl: {Camera@140c78a[id=1]} CameraDevice.onOpened()
02-06 17:44:49.944 20609 25745 D Camera2CameraImpl: {Camera@140c78a[id=1]} Transitioning camera internal state: OPENING --> OPENED
02-06 17:44:49.945 20609 25745 D CameraStateRegistry: Recalculating open cameras:
02-06 17:44:49.945 20609 25745 D CameraStateRegistry: Camera                                       State                 
02-06 17:44:49.945 20609 25745 D CameraStateRegistry: -------------------------------------------------------------------
02-06 17:44:49.945 20609 25745 D CameraStateRegistry: Camera@6d7c300[id=0]                         UNKNOWN               
02-06 17:44:49.945 20609 25745 D CameraStateRegistry: Camera@140c78a[id=1]                         OPEN                  
02-06 17:44:49.945 20609 25745 D CameraStateRegistry: -------------------------------------------------------------------
02-06 17:44:49.945 20609 25745 D CameraStateRegistry: Open count: 1 (Max allowed: 1)
02-06 17:44:49.947 20609 25745 D CameraStateMachine: New public camera state CameraState{type=OPEN, error=null} from OPEN and null
02-06 17:44:49.947 20609 25745 D CameraStateMachine: Publishing new public camera state CameraState{type=OPEN, error=null}
02-06 17:44:49.948 20609 25745 D UseCaseAttachState: All use case: [androidx.camera.core.Preview-f1d918cb-4af3-4260-bf21-7418ae54fb2e128681166, androidx.camera.core.ImageAnalysis-ac84a502-4bcb-4c57-bed0-fb63f164f167198344687] for camera: 1
02-06 17:44:49.952 20609 25745 D UseCaseAttachState: Active and attached use case: [androidx.camera.core.Preview-f1d918cb-4af3-4260-bf21-7418ae54fb2e128681166, androidx.camera.core.ImageAnalysis-ac84a502-4bcb-4c57-bed0-fb63f164f167198344687] for camera: 1
02-06 17:44:49.957 20609 25745 D SyncCaptureSessionBase: [androidx.camera.camera2.internal.SynchronizedCaptureSessionImpl@59d8beb] getSurface done with results: [Surface(name=null)/@0x90b6c3e, Surface(name=null)/@0x9e3933a]
02-06 17:44:49.957 20609 25745 D CaptureSession: Opening capture session.
02-06 17:44:49.968 20609 25745 D Camera2CaptureRequestBuilder: template type = 1
02-06 17:44:49.971 20609 25745 D SyncCaptureSessionImpl: [androidx.camera.camera2.internal.SynchronizedCaptureSessionImpl@59d8beb] start openCaptureSession
02-06 17:44:49.971 20609 25745 D DeferrableSurface: use count+1, useCount=2 androidx.camera.core.SurfaceRequest$2@abf5fa6
02-06 17:44:49.971 20609 25745 D DeferrableSurface: New surface in use[total_surfaces=3, used_surfaces=2](androidx.camera.core.impl.ImmediateSurface@9911183}
02-06 17:44:49.971 20609 25745 D DeferrableSurface: use count+1, useCount=1 androidx.camera.core.impl.ImmediateSurface@9911183
02-06 17:44:50.431 20609 25745 D SyncCaptureSessionImpl: [androidx.camera.camera2.internal.SynchronizedCaptureSessionImpl@59d8beb] Session onConfigured()
02-06 17:44:50.431 20609 25745 D CaptureSession: Attempting to send capture request onConfigured
02-06 17:44:50.431 20609 25745 D CaptureSession: Issuing request for session.
02-06 17:44:50.431 20609 25745 D Camera2CaptureRequestBuilder: createCaptureRequest
02-06 17:44:50.456 20609 25745 D CaptureSession: CameraCaptureSession.onConfigured() mState=OPENED
02-06 17:44:50.456 20609 25745 D CaptureSession: CameraCaptureSession.onReady() OPENED
02-06 17:44:50.598 20609 24623 I CameraManagerGlobal: Camera 1 facing CAMERA_FACING_FRONT state now CAMERA_STATE_ACTIVE for client com.kyowon.literacy.store API Level 2
02-06 17:44:50.665 20609 25736 D StreamStateObserver: Update Preview stream state to STREAMING
02-06 17:44:52.215 20609 20609 D DeferrableSurface: surface closed,  useCount=2 closed=true androidx.camera.core.SurfaceRequest$2@abf5fa6
02-06 17:44:52.215 20609 20609 D DeferrableSurface: surface closed,  useCount=0 closed=true androidx.camera.core.processing.SurfaceEdge$SettableSurface@7f1fda
02-06 17:44:52.215 20609 20609 D DeferrableSurface: Surface terminated[total_surfaces=2, used_surfaces=2](androidx.camera.core.processing.SurfaceEdge$SettableSurface@7f1fda}
02-06 17:44:52.215 20609 20609 D DeferrableSurface: use count-1,  useCount=1 closed=true androidx.camera.core.SurfaceRequest$2@abf5fa6
02-06 17:44:52.215 20609 20609 D DeferrableSurface: surface closed,  useCount=1 closed=true androidx.camera.core.impl.ImmediateSurface@9911183
02-06 17:44:52.216 20609 25736 D Camera2CameraImpl: {Camera@140c78a[id=1]} Use cases [androidx.camera.core.Preview-f1d918cb-4af3-4260-bf21-7418ae54fb2e128681166, androidx.camera.core.ImageAnalysis-ac84a502-4bcb-4c57-bed0-fb63f164f167198344687] now DETACHED for camera
02-06 17:44:52.216 20609 25736 D UseCaseAttachState: All use case: [] for camera: 1
02-06 17:44:52.217 20609 25736 D Camera2CameraImpl: {Camera@140c78a[id=1]} Resetting Capture Session
02-06 17:44:52.218 20609 25736 D SyncCaptureSessionImpl: [androidx.camera.camera2.internal.SynchronizedCaptureSessionImpl@59d8beb] Session call close()
02-06 17:44:52.219 20609 25736 D Camera2CameraImpl: {Camera@140c78a[id=1]} Releasing session in state OPENED
02-06 17:44:52.219 20609 25736 D Camera2CameraControlImp: setActive: isActive = false
02-06 17:44:52.219 20609 25736 D UseCaseAttachState: Active and attached use case: [] for camera: 1
02-06 17:44:52.227 20609 25736 D UseCaseAttachState: Active and attached use case: [] for camera: 1
02-06 17:44:52.228 20609 25736 D VideoUsageControl: resetDirectly: mVideoUsage reset!
02-06 17:44:52.229 20609 25736 D Camera2CameraImpl: {Camera@140c78a[id=1]} Closing camera.
02-06 17:44:52.229 20609 25736 D Camera2CameraImpl: {Camera@140c78a[id=1]} Transitioning camera internal state: OPENED --> CLOSING
02-06 17:44:52.235 20609 25736 D CameraStateRegistry: Recalculating open cameras:
02-06 17:44:52.235 20609 25736 D CameraStateRegistry: Camera                                       State                 
02-06 17:44:52.235 20609 25736 D CameraStateRegistry: -------------------------------------------------------------------
02-06 17:44:52.235 20609 25736 D CameraStateRegistry: Camera@6d7c300[id=0]                         UNKNOWN               
02-06 17:44:52.235 20609 25736 D CameraStateRegistry: Camera@140c78a[id=1]                         CLOSING               
02-06 17:44:52.235 20609 25736 D CameraStateRegistry: -------------------------------------------------------------------
02-06 17:44:52.235 20609 25736 D CameraStateRegistry: Open count: 1 (Max allowed: 1)
02-06 17:44:52.236 20609 25736 D CameraStateMachine: New public camera state CameraState{type=CLOSING, error=null} from CLOSING and null
02-06 17:44:52.236 20609 25736 D CameraStateMachine: Publishing new public camera state CameraState{type=CLOSING, error=null}
02-06 17:44:52.237 20609 25736 D Camera2CameraImpl: {Camera@140c78a[id=1]} Resetting Capture Session
02-06 17:44:52.238 20609 25736 D Camera2CameraImpl: {Camera@140c78a[id=1]} Skipping Capture Session state check due to current camera state: CLOSING and previous session status: false
02-06 17:44:52.238 20609 25736 D Camera2CameraImpl: {Camera@140c78a[id=1]} Releasing session in state CLOSING
02-06 17:44:52.239 20609 25736 D SyncCaptureSessionImpl: [androidx.camera.camera2.internal.SynchronizedCaptureSessionImpl@59d8beb] Session call super.close()
02-06 17:44:52.249 20609 20609 D StreamStateObserver: Update Preview stream state to IDLE
02-06 17:44:52.253 20609 25736 D UseCaseAttachState: Active and attached use case: [] for camera: 1
02-06 17:44:52.277 20609 25736 D CaptureSession: onSessionFinished()
02-06 17:44:52.278 20609 25736 D Camera2CameraImpl: {Camera@140c78a[id=1]} closing camera
02-06 17:44:52.359 20609 20609 I ViewRootImpl@e805f7a[LearningActivity]: MSG_WINDOW_FOCUS_CHANGED 0 1
02-06 17:44:52.445 20609 25287 I CameraManagerGlobal: Camera 1 facing CAMERA_FACING_FRONT state now CAMERA_STATE_IDLE for client com.kyowon.literacy.store API Level 2
02-06 17:44:52.516 20609 20609 I ViewRootImpl@e805f7a[LearningActivity]: MSG_WINDOW_FOCUS_CHANGED 1 1
02-06 17:44:52.516 20609 20609 D InputMethodManager: prepareNavigationBarInfo() DecorView@487a3c0[LearningActivity]
02-06 17:44:52.516 20609 20609 D InputMethodManager: getNavigationBarColor() -855310
02-06 17:44:52.528 20609 20609 D InputMethodManager: prepareNavigationBarInfo() DecorView@487a3c0[LearningActivity]
02-06 17:44:52.529 20609 20609 D InputMethodManager: getNavigationBarColor() -855310
02-06 17:44:52.529 20609 20609 V InputMethodManager: Starting input: tba=com.kyowon.literacy.store ic=null mNaviBarColor -855310 mIsGetNaviBarColorSuccess true , NavVisible : true , NavTrans : false
02-06 17:44:52.529 20609 20609 D InputMethodManager: startInputInner - Id : 0
02-06 17:44:52.529 20609 20609 I InputMethodManager: startInputInner - mService.startInputOrWindowGainedFocus
02-06 17:44:52.556 20609 20609 D InputTransport: Input channel constructed: 'ClientS', fd=220
02-06 17:44:52.556 20609 20609 D InputTransport: Input channel destroyed: 'ClientS', fd=251
02-06 17:44:52.597 20609 20609 I ViewRootImpl@e805f7a[LearningActivity]: stopped(false) old=false
02-06 17:44:52.626 20609 20609 I SurfaceControl: nativeRelease nativeObject s[-5476376618353862624]
02-06 17:44:52.626 20609 20609 I SurfaceControl: nativeRelease nativeObject e[-5476376618353862624]
02-06 17:44:52.628 20609 20609 I SurfaceControl: assignNativeObject: nativeObject = 0 Surface(name=null)/@0x446b77f / android.view.SurfaceControl.readFromParcel:1117 android.view.IWindowSession$Stub$Proxy.relayout:1820 android.view.ViewRootImpl.relayoutWindow:9005 android.view.ViewRootImpl.performTraversals:3360 android.view.ViewRootImpl.doTraversal:2618 android.view.ViewRootImpl$TraversalRunnable.run:9971 android.view.Choreographer$CallbackRecord.run:1010 android.view.Choreographer.doCallbacks:809 android.view.Choreographer.doFrame:744 android.view.Choreographer$FrameDisplayEventReceiver.run:995 
02-06 17:44:52.629 20609 20609 I SurfaceControl: nativeRelease nativeObject s[-5476376620287548928]
02-06 17:44:52.629 20609 20609 I SurfaceControl: nativeRelease nativeObject e[-5476376620287548928]
02-06 17:44:52.630 20609 20609 I SurfaceControl: nativeRelease nativeObject s[-5476376620296908256]
02-06 17:44:52.630 20609 20609 I SurfaceControl: nativeRelease nativeObject e[-5476376620296908256]
02-06 17:44:52.630 20609 20609 I SurfaceControl: nativeRelease nativeObject s[-5476376618201518368]
02-06 17:44:52.630 20609 20609 I SurfaceControl: nativeRelease nativeObject e[-5476376618201518368]
02-06 17:44:52.630 20609 20609 I ViewRootImpl@e805f7a[LearningActivity]: Relayout returned: old=(0,0,2000,1200) new=(0,0,2000,1200) req=(2000,1200)0 dur=11 res=0x1 s={true -5476376620294148096} ch=false fn=96
02-06 17:44:52.630 20609 20609 I ViewRootImpl@e805f7a[LearningActivity]: updateBoundsLayer: shouldReparent = false t = android.view.SurfaceControl$Transaction@4319766 sc = Surface(name=Bounds for - com.kyowon.literacy.store/com.kyowon.literacy.ui.learning.activity.LearningActivity@0)/@0x422baa7 frame = 96
02-06 17:44:52.646 20609 20609 D DynamicRangeResolver: Resolved dynamic range for use case androidx.camera.core.Preview-4e9dcb3c-f6cb-4eb5-9a4a-56b5d5582060 to no compatible HDR dynamic ranges.
02-06 17:44:52.646 20609 20609 D DynamicRangeResolver: DynamicRange@51dc619{encoding=UNSPECIFIED, bitDepth=0}
02-06 17:44:52.646 20609 20609 D DynamicRangeResolver: ->
02-06 17:44:52.646 20609 20609 D DynamicRangeResolver: DynamicRange@c20c160{encoding=SDR, bitDepth=8}
02-06 17:44:52.647 20609 20609 D CameraQuirks: camera2 CameraQuirks = AfRegionFlipHorizontallyQuirk
02-06 17:44:52.647 20609 20609 D CameraQuirks: camera2 CameraQuirks = AfRegionFlipHorizontallyQuirk
02-06 17:44:52.649 20609 20609 D DeferrableSurface: Surface created[total_surfaces=3, used_surfaces=2](androidx.camera.core.processing.SurfaceEdge$SettableSurface@c2358f}
02-06 17:44:52.650 20609 20609 D DeferrableSurface: Surface created[total_surfaces=4, used_surfaces=2](androidx.camera.core.SurfaceRequest$2@f369bab}
02-06 17:44:52.651 20609 20609 D DeferrableSurface: New surface in use[total_surfaces=4, used_surfaces=3](androidx.camera.core.SurfaceRequest$2@f369bab}
02-06 17:44:52.651 20609 20609 D DeferrableSurface: use count+1, useCount=1 androidx.camera.core.SurfaceRequest$2@f369bab
02-06 17:44:52.658 20609 20609 D DeferrableSurface: Surface created[total_surfaces=5, used_surfaces=3](androidx.camera.core.impl.ImmediateSurface@900c6b4}
02-06 17:44:52.667 20609 20609 D PreviewView: Surface requested by Preview.
02-06 17:44:52.669 20609 20609 D PreviewView: Preview transformation info updated. TransformationInfo{getCropRect=Rect(0, 0 - 1600, 1200), getRotationDegrees=0, getTargetRotation=-1, hasCameraTransform=true, getSensorToBufferTransform=Matrix{[0.61728394, 0.0, -0.0][0.0, 0.61728394, -0.0][0.0, 0.0, 1.0]}, isMirroring=true}
02-06 17:44:52.670 20609 20609 D PreviewTransform: Transformation info set: TransformationInfo{getCropRect=Rect(0, 0 - 1600, 1200), getRotationDegrees=0, getTargetRotation=-1, hasCameraTransform=true, getSensorToBufferTransform=Matrix{[0.61728394, 0.0, -0.0][0.0, 0.61728394, -0.0][0.0, 0.0, 1.0]}, isMirroring=true} 1600x1200 true
02-06 17:44:52.671 20609 20609 D SurfaceViewImpl: Request canceled: androidx.camera.core.SurfaceRequest@9bbc501
02-06 17:44:52.671 20609 20609 D SurfaceViewImpl: Surface set on Preview.
02-06 17:44:52.697 20609 25730 D TransportRuntime.SQLiteEventStore: Storing event with priority=DEFAULT, name=FIREBASE_ML_SDK for destination cct
02-06 17:44:52.705 20609 25730 D TransportRuntime.JobInfoScheduler: Upload for context TransportContext(cct, DEFAULT, MSRodHRwczovL2ZpcmViYXNlbG9nZ2luZy5nb29nbGVhcGlzLmNvbS92MGNjL2xvZy9iYXRjaD9mb3JtYXQ9anNvbl9wcm90bzNc) is already scheduled. Returning...
02-06 17:44:52.860 20609 26404 I CameraManagerGlobal: postSingleUpdate device: camera id 1 status STATUS_PRESENT
02-06 17:44:52.861 20609 26404 I CameraManagerGlobal: postSingleUpdate device: camera id 1 status STATUS_PRESENT
02-06 17:44:52.861 20609 26404 I CameraManagerGlobal: Camera 1 facing CAMERA_FACING_FRONT state now CAMERA_STATE_CLOSED for client com.kyowon.literacy.store API Level 2
02-06 17:44:52.862 20609 24702 W .literacy.stor: Long monitor contention with owner CameraX-core_camera_0 (25736) at void android.hardware.camera2.impl.CameraDeviceImpl.close()(CameraDeviceImpl.java:1334) waiters=0 in void android.hardware.camera2.impl.CameraDeviceImpl$CameraDeviceCallbacks.onCaptureStarted(android.hardware.camera2.impl.CaptureResultExtras, long) for 561ms
02-06 17:44:52.862 20609 25736 D Camera2CameraImpl: {Camera@140c78a[id=1]} Use case androidx.camera.core.Preview-4e9dcb3c-f6cb-4eb5-9a4a-56b5d5582060240597299 ACTIVE
02-06 17:44:52.863 20609 25736 D UseCaseAttachState: Active and attached use case: [] for camera: 1
02-06 17:44:52.867 20609 25736 D Camera2CameraImpl: {Camera@140c78a[id=1]} Use case androidx.camera.core.ImageAnalysis-6e5a2651-766a-4e62-a3cf-3a2314f400f7251860208 ACTIVE
02-06 17:44:52.867 20609 25736 D UseCaseAttachState: Active and attached use case: [] for camera: 1
02-06 17:44:52.869 20609 25736 D Camera2CameraImpl: {Camera@140c78a[id=1]} Use cases [androidx.camera.core.Preview-4e9dcb3c-f6cb-4eb5-9a4a-56b5d5582060240597299, androidx.camera.core.ImageAnalysis-6e5a2651-766a-4e62-a3cf-3a2314f400f7251860208] now ATTACHED
02-06 17:44:52.869 20609 25736 D Camera2CameraControlImp: setActive: isActive = true
02-06 17:44:52.871 20609 25736 D UseCaseAttachState: All use case: [androidx.camera.core.Preview-4e9dcb3c-f6cb-4eb5-9a4a-56b5d5582060240597299, androidx.camera.core.ImageAnalysis-6e5a2651-766a-4e62-a3cf-3a2314f400f7251860208] for camera: 1
02-06 17:44:52.889 20609 25736 D UseCaseAttachState: Active and attached use case: [androidx.camera.core.Preview-4e9dcb3c-f6cb-4eb5-9a4a-56b5d5582060240597299, androidx.camera.core.ImageAnalysis-6e5a2651-766a-4e62-a3cf-3a2314f400f7251860208] for camera: 1
02-06 17:44:52.900 20609 25736 D Camera2CameraImpl: {Camera@140c78a[id=1]} Resetting Capture Session
02-06 17:44:52.900 20609 25736 D Camera2CameraImpl: {Camera@140c78a[id=1]} Skipping Capture Session state check due to current camera state: CLOSING and previous session status: false
02-06 17:44:52.914 20609 25736 D Camera2CameraImpl: {Camera@140c78a[id=1]} Releasing session in state CLOSING
02-06 17:44:52.915 20609 25736 D Camera2CameraImpl: {Camera@140c78a[id=1]} Transitioning camera internal state: CLOSING --> REOPENING
02-06 17:44:52.916 20609 25736 D CameraStateRegistry: Recalculating open cameras:
02-06 17:44:52.916 20609 25736 D CameraStateRegistry: Camera                                       State                 
02-06 17:44:52.916 20609 25736 D CameraStateRegistry: -------------------------------------------------------------------
02-06 17:44:52.916 20609 25736 D CameraStateRegistry: Camera@6d7c300[id=0]                         UNKNOWN               
02-06 17:44:52.916 20609 25736 D CameraStateRegistry: Camera@140c78a[id=1]                         OPENING               
02-06 17:44:52.916 20609 25736 D CameraStateRegistry: -------------------------------------------------------------------
02-06 17:44:52.916 20609 25736 D CameraStateRegistry: Open count: 1 (Max allowed: 1)
02-06 17:44:52.917 20609 25736 D CameraStateMachine: New public camera state CameraState{type=OPENING, error=null} from OPENING and null
02-06 17:44:52.918 20609 25736 D CameraStateMachine: Publishing new public camera state CameraState{type=OPENING, error=null}
02-06 17:44:52.918 20609 25736 D Camera2CameraImpl: {Camera@140c78a[id=1]} Use case androidx.camera.core.Preview-4e9dcb3c-f6cb-4eb5-9a4a-56b5d5582060240597299 ACTIVE
02-06 17:44:52.920 20609 25736 D UseCaseAttachState: Active and attached use case: [androidx.camera.core.Preview-4e9dcb3c-f6cb-4eb5-9a4a-56b5d5582060240597299, androidx.camera.core.ImageAnalysis-6e5a2651-766a-4e62-a3cf-3a2314f400f7251860208] for camera: 1
02-06 17:44:52.924 20609 25736 D Camera2CameraImpl: {Camera@140c78a[id=1]} Use case androidx.camera.core.ImageAnalysis-6e5a2651-766a-4e62-a3cf-3a2314f400f7251860208 ACTIVE
02-06 17:44:52.927 20609 25736 D UseCaseAttachState: Active and attached use case: [androidx.camera.core.Preview-4e9dcb3c-f6cb-4eb5-9a4a-56b5d5582060240597299, androidx.camera.core.ImageAnalysis-6e5a2651-766a-4e62-a3cf-3a2314f400f7251860208] for camera: 1
02-06 17:44:52.932 20609 25736 D DeferrableSurface: use count-1,  useCount=0 closed=true androidx.camera.core.SurfaceRequest$2@abf5fa6
02-06 17:44:52.932 20609 25736 D DeferrableSurface: Surface no longer in use[total_surfaces=5, used_surfaces=2](androidx.camera.core.SurfaceRequest$2@abf5fa6}
02-06 17:44:52.933 20609 25736 D DeferrableSurface: Surface terminated[total_surfaces=4, used_surfaces=2](androidx.camera.core.SurfaceRequest$2@abf5fa6}
02-06 17:44:52.934 20609 20609 D SurfaceViewImpl: Safe to release surface.
02-06 17:44:52.936 20609 25736 D DeferrableSurface: use count-1,  useCount=0 closed=true androidx.camera.core.impl.ImmediateSurface@9911183
02-06 17:44:52.936 20609 25736 D DeferrableSurface: Surface no longer in use[total_surfaces=4, used_surfaces=1](androidx.camera.core.impl.ImmediateSurface@9911183}
02-06 17:44:52.936 20609 25736 D DeferrableSurface: Surface terminated[total_surfaces=3, used_surfaces=1](androidx.camera.core.impl.ImmediateSurface@9911183}
02-06 17:44:52.937 20609 25736 D Camera2CameraImpl: {Camera@140c78a[id=1]} CameraDevice.onClosed()
02-06 17:44:52.938 20609 25736 D Camera2CameraImpl: {Camera@140c78a[id=1]} Attempting to open the camera.
02-06 17:44:52.939 20609 25736 D CameraStateRegistry: tryOpenCamera(Camera@140c78a[id=1]) [Available Cameras: 0, Already Open: true (Previous state: OPENING)] --> SUCCESS
02-06 17:44:52.940 20609 25736 D CameraStateRegistry: Recalculating open cameras:
02-06 17:44:52.940 20609 25736 D CameraStateRegistry: Camera                                       State                 
02-06 17:44:52.940 20609 25736 D CameraStateRegistry: -------------------------------------------------------------------
02-06 17:44:52.940 20609 25736 D CameraStateRegistry: Camera@6d7c300[id=0]                         UNKNOWN               
02-06 17:44:52.940 20609 25736 D CameraStateRegistry: Camera@140c78a[id=1]                         OPENING               
02-06 17:44:52.940 20609 25736 D CameraStateRegistry: -------------------------------------------------------------------
02-06 17:44:52.940 20609 25736 D CameraStateRegistry: Open count: 1 (Max allowed: 1)
02-06 17:44:52.940 20609 25736 D Camera2CameraImpl: {Camera@140c78a[id=1]} Opening camera.
02-06 17:44:52.941 20609 25736 D Camera2CameraImpl: {Camera@140c78a[id=1]} Transitioning camera internal state: REOPENING --> OPENING
02-06 17:44:52.942 20609 25736 D CameraStateMachine: New public camera state CameraState{type=OPENING, error=null} from OPENING and null
02-06 17:44:52.943 20609 25736 D UseCaseAttachState: All use case: [androidx.camera.core.Preview-4e9dcb3c-f6cb-4eb5-9a4a-56b5d5582060240597299, androidx.camera.core.ImageAnalysis-6e5a2651-766a-4e62-a3cf-3a2314f400f7251860208] for camera: 1
02-06 17:44:52.979 20609 25938 I CameraManagerGlobal: postSingleUpdate device: camera id 1 status STATUS_NOT_AVAILABLE
02-06 17:44:52.979 20609 25938 I CameraManagerGlobal: postSingleUpdate device: camera id 1 status STATUS_NOT_AVAILABLE
02-06 17:44:52.979 20609 25938 I CameraManagerGlobal: Camera 1 facing CAMERA_FACING_FRONT state now CAMERA_STATE_OPEN for client com.kyowon.literacy.store API Level 2
02-06 17:44:53.004 20609 25736 D SyncCaptureSessionImpl: [androidx.camera.camera2.internal.SynchronizedCaptureSessionImpl@59d8beb] onClosed()
02-06 17:44:53.005 20609 25736 D Camera2CameraImpl: {Camera@140c78a[id=1]} CameraDevice.onOpened()
02-06 17:44:53.006 20609 25736 D Camera2CameraImpl: {Camera@140c78a[id=1]} Transitioning camera internal state: OPENING --> OPENED
02-06 17:44:53.006 20609 25736 D CameraStateRegistry: Recalculating open cameras:
02-06 17:44:53.006 20609 25736 D CameraStateRegistry: Camera                                       State                 
02-06 17:44:53.006 20609 25736 D CameraStateRegistry: -------------------------------------------------------------------
02-06 17:44:53.006 20609 25736 D CameraStateRegistry: Camera@6d7c300[id=0]                         UNKNOWN               
02-06 17:44:53.006 20609 25736 D CameraStateRegistry: Camera@140c78a[id=1]                         OPEN                  
02-06 17:44:53.006 20609 25736 D CameraStateRegistry: -------------------------------------------------------------------
02-06 17:44:53.006 20609 25736 D CameraStateRegistry: Open count: 1 (Max allowed: 1)
02-06 17:44:53.007 20609 25736 D CameraStateMachine: New public camera state CameraState{type=OPEN, error=null} from OPEN and null
02-06 17:44:53.007 20609 25736 D CameraStateMachine: Publishing new public camera state CameraState{type=OPEN, error=null}
02-06 17:44:53.009 20609 25736 D UseCaseAttachState: All use case: [androidx.camera.core.Preview-4e9dcb3c-f6cb-4eb5-9a4a-56b5d5582060240597299, androidx.camera.core.ImageAnalysis-6e5a2651-766a-4e62-a3cf-3a2314f400f7251860208] for camera: 1
02-06 17:44:53.013 20609 25736 D UseCaseAttachState: Active and attached use case: [androidx.camera.core.Preview-4e9dcb3c-f6cb-4eb5-9a4a-56b5d5582060240597299, androidx.camera.core.ImageAnalysis-6e5a2651-766a-4e62-a3cf-3a2314f400f7251860208] for camera: 1
02-06 17:44:53.046 20609 25736 D SyncCaptureSessionBase: [androidx.camera.camera2.internal.SynchronizedCaptureSessionImpl@83d3bd] getSurface done with results: [Surface(name=null)/@0x90b6c3e, Surface(name=null)/@0xd6daf14]
02-06 17:44:53.055 20609 25736 D CaptureSession: Opening capture session.
02-06 17:44:53.057 20609 25736 D Camera2CaptureRequestBuilder: template type = 1
02-06 17:44:53.059 20609 25736 D SyncCaptureSessionImpl: [androidx.camera.camera2.internal.SynchronizedCaptureSessionImpl@83d3bd] start openCaptureSession
02-06 17:44:53.059 20609 25736 D DeferrableSurface: use count+1, useCount=2 androidx.camera.core.SurfaceRequest$2@f369bab
02-06 17:44:53.059 20609 25736 D DeferrableSurface: New surface in use[total_surfaces=3, used_surfaces=2](androidx.camera.core.impl.ImmediateSurface@900c6b4}
02-06 17:44:53.059 20609 25736 D DeferrableSurface: use count+1, useCount=1 androidx.camera.core.impl.ImmediateSurface@900c6b4
02-06 17:44:53.446 20609 25736 D SyncCaptureSessionImpl: [androidx.camera.camera2.internal.SynchronizedCaptureSessionImpl@83d3bd] Session onConfigured()
02-06 17:44:53.447 20609 25736 D CaptureSession: Attempting to send capture request onConfigured
