02-06 18:14:56.483  3012  8462 V WindowManager: Changing focus from Window{9cfd3d3 u0 com.kyowon.literacy.store/com.kyowon.literacy.ui.login.activity.LoginActivity} to null displayId=0 Callers=com.android.server.wm.RootWindowContainer.updateFocusedWindowLocked:566 com.android.server.wm.WindowManagerService.updateFocusedWindowLocked:6311 com.android.server.wm.DisplayContent.setFocusedApp:6776 com.android.server.wm.ActivityTaskManagerService.setResumedActivityUncheckLocked:6725 
02-06 18:14:56.521  3012  3323 D PkgPredictorService-NapClassifier: Predict result: 86.0,2.0,0.0, - [0_&_com.kyowon.literacy.store, 0_&_kr.co.kyowon.launcher, 0_&_com.android.vending]
02-06 18:14:56.586  3012  8461 V WindowManager: Changing focus from null to Window{9cfd3d3 u0 com.kyowon.literacy.store/com.kyowon.literacy.ui.login.activity.LoginActivity} displayId=0 Callers=com.android.server.wm.RootWindowContainer.updateFocusedWindowLocked:566 com.android.server.wm.WindowManagerService.updateFocusedWindowLocked:6311 com.android.server.wm.DisplayContent.layoutAndAssignWindowLayersIfNeeded:4201 com.android.server.wm.TaskDisplayArea.positionStackAt:1016 
02-06 18:14:56.611  3012  3059 V ActivityManager: Changed top to 10584,ProcessRecord{e78f8f2 31505:com.kyowon.literacy.store/u0a584}
02-06 18:14:56.623  3012  3059 D SehCodecSolutionService: Update top [com.kyowon.literacy.store]
02-06 18:14:56.658  3012  8461 D MARsPolicyManager: onPackageResumedFG pkgName = com.kyowon.literacy.store, userId = 0
02-06 18:14:56.661  3012  3220 D GameManagerService: onLooperPrepared(), msg: MSG_TASK_FOCUSED, focusedComponent: ComponentInfo{com.kyowon.literacy.store/com.kyowon.literacy.ui.login.activity.LoginActivity}
02-06 18:14:56.661  3012  3220 D GameManagerService:   handleTaskFocused(), pkgName: com.kyowon.literacy.store, clsName: com.kyowon.literacy.ui.login.activity.LoginActivity, userID:0
02-06 18:14:56.663  3012  8461 D WindowManager: rotationForOrientation, orientationSource=ActivityRecord{23798b2 u0 com.kyowon.literacy.store/com.kyowon.literacy.ui.login.activity.LoginActivity t3648}
02-06 18:14:56.666  3012  8461 D MARsPolicyManager: onPackageResumedFG pkgName = com.kyowon.literacy.store, userId = 0
02-06 18:14:56.673  3012  8461 D ActivityTaskManager: finishFixedRotationTransform, r=ActivityRecord{23798b2 u0 com.kyowon.literacy.store/com.kyowon.literacy.ui.login.activity.LoginActivity t3648}, caller=com.android.server.wm.WindowToken.finishFixedRotationTransform:664 com.android.server.wm.DisplayContent$FixedRotationTransitionListener.onAppTransitionFinishedLocked:7026 com.android.server.wm.AppTransition.notifyAppTransitionFinishedLocked:543 com.android.server.wm.DisplayContent.handleAnimatingStoppedAndTransition:5836 com.android.server.wm.RootWindowContainer.checkAppTransitionReady:1264 
02-06 18:14:56.779  3012  3462 D MdnieScenarioControlService:  packageName : com.kyowon.literacy.store    className : com.kyowon.literacy.ui.login.activity.LoginActivity
02-06 18:14:56.784 31505 31505 V InputMethodManager: Starting input: tba=com.kyowon.literacy.store ic=null mNaviBarColor -855310 mIsGetNaviBarColorSuccess true , NavVisible : true , NavTrans : false
02-06 18:14:56.916  3012  3061 D GameManagerService: noteResumeComponent(), received resumed-component: com.kyowon.literacy.store
02-06 18:14:56.916  3012  3061 I GameSDK@LifeCycle: noteResumeComponent(): package name  : com.kyowon.literacy.store
02-06 18:14:56.916  3012  3220 D GameManagerService: onLooperPrepared(), msg: MSG_APP_RESUME, resumeComponent: ComponentInfo{com.kyowon.literacy.store/com.kyowon.literacy.ui.login.activity.LoginActivity}
02-06 18:14:56.917  3012  3220 D GameManagerService:   handleResume(). pkgName: com.kyowon.literacy.store, isTunableApp: null
02-06 18:14:56.917  3012  3220 D GameManagerService: notifyFocusInOut(). of pkg: com.kyowon.literacy.store, type: 4, isMinimized: false, isTunableApp: false
02-06 18:14:57.857  3012  3061 D GameManagerService: notePauseComponent(), received paused-component: com.kyowon.literacy.store
02-06 18:14:57.859  3012  7156 D WindowManager: rotationForOrientation, orientationSource=ActivityRecord{23798b2 u0 com.kyowon.literacy.store/com.kyowon.literacy.ui.login.activity.LoginActivity t3648}
02-06 18:14:57.867  3012  7156 V WindowManager: Changing focus from Window{9cfd3d3 u0 com.kyowon.literacy.store/com.kyowon.literacy.ui.login.activity.LoginActivity} to null displayId=0 Callers=com.android.server.wm.RootWindowContainer.updateFocusedWindowLocked:566 com.android.server.wm.WindowManagerService.updateFocusedWindowLocked:6311 com.android.server.wm.DisplayContent.setFocusedApp:6776 com.android.server.wm.ActivityTaskManagerService.setResumedActivityUncheckLocked:6725 
02-06 18:14:57.905  3012  3323 D PkgPredictorService-NapClassifier: Predict result: 86.0,2.0,0.0, - [0_&_com.kyowon.literacy.store, 0_&_kr.co.kyowon.launcher, 0_&_com.android.vending]
02-06 18:14:58.090  3012  3185 V WindowManager: Changing focus from null to Window{9cfd3d3 u0 com.kyowon.literacy.store/com.kyowon.literacy.ui.login.activity.LoginActivity} displayId=0 Callers=com.android.server.wm.RootWindowContainer.updateFocusedWindowLocked:566 com.android.server.wm.WindowManagerService.updateFocusedWindowLocked:6311 com.android.server.wm.DisplayContent.layoutAndAssignWindowLayersIfNeeded:4201 com.android.server.wm.TaskDisplayArea.positionStackAt:1016 
02-06 18:14:58.117  3012  3571 V ActivityManager: Changed top to 10584,ProcessRecord{e78f8f2 31505:com.kyowon.literacy.store/u0a584}
02-06 18:14:58.119  3012  3462 D MdnieScenarioControlService:  packageName : com.kyowon.literacy.store    className : com.kyowon.literacy.ui.login.activity.LoginActivity
02-06 18:14:58.138   862   862 D SurfaceFlinger:      DEVICE | 0xb400007ac04d1470 | 0002 | RGBA_8888    |    0.0    0.0 1200.0 2000.0 |    0    0 1200 2000 | com.kyowon.literacy.store/com.kyowon[...]ogin.activity.LoginActivity$_31505#0
02-06 18:14:58.169  3012  3185 D MARsPolicyManager: onPackageResumedFG pkgName = com.kyowon.literacy.store, userId = 0
02-06 18:14:58.174  3012  3220 D GameManagerService: onLooperPrepared(), msg: MSG_TASK_FOCUSED, focusedComponent: ComponentInfo{com.kyowon.literacy.store/com.kyowon.literacy.ui.login.activity.LoginActivity}
02-06 18:14:58.174  3012  3220 D GameManagerService:   handleTaskFocused(), pkgName: com.kyowon.literacy.store, clsName: com.kyowon.literacy.ui.login.activity.LoginActivity, userID:0
02-06 18:14:58.178  3012  3185 D WindowManager: rotationForOrientation, orientationSource=ActivityRecord{23798b2 u0 com.kyowon.literacy.store/com.kyowon.literacy.ui.login.activity.LoginActivity t3648}
02-06 18:14:58.184  3012  3185 D MARsPolicyManager: onPackageResumedFG pkgName = com.kyowon.literacy.store, userId = 0
02-06 18:14:58.192 31505 31505 V InputMethodManager: Starting input: tba=com.kyowon.literacy.store ic=null mNaviBarColor -855310 mIsGetNaviBarColorSuccess true , NavVisible : true , NavTrans : false
02-06 18:14:58.195  3012  3185 D ActivityTaskManager: finishFixedRotationTransform, r=ActivityRecord{23798b2 u0 com.kyowon.literacy.store/com.kyowon.literacy.ui.login.activity.LoginActivity t3648}, caller=com.android.server.wm.WindowToken.finishFixedRotationTransform:664 com.android.server.wm.DisplayContent$FixedRotationTransitionListener.onAppTransitionFinishedLocked:7026 com.android.server.wm.AppTransition.notifyAppTransitionFinishedLocked:543 com.android.server.wm.DisplayContent.handleAnimatingStoppedAndTransition:5836 com.android.server.wm.RootWindowContainer.checkAppTransitionReady:1264 
02-06 18:14:58.258  3012  3059 D SehCodecSolutionService: Update top [com.kyowon.literacy.store]
02-06 18:14:58.359  3012  3571 V WindowManager: Relayout Window{9cfd3d3 u0 com.kyowon.literacy.store/com.kyowon.literacy.ui.login.activity.LoginActivity}: viewVisibility=0 req=2000x1200
02-06 18:14:58.359  3012  3061 D SemGameManager: isGamePackage(), pkgName=com.kyowon.literacy.store
02-06 18:14:58.360  3012  3061 D GameManagerService: identifyGamePackage. com.kyowon.literacy.store, mCurrentUserId: 0, callerUserId: 0
02-06 18:14:58.360  3012  3061 D PkgDataHelper: getGamePkgData(). com.kyowon.literacy.store
02-06 18:14:58.361  3012  3061 D GameManagerService: noteResumeComponent(), received resumed-component: com.kyowon.literacy.store
02-06 18:14:58.362  3012  3220 D GameManagerService: onLooperPrepared(), msg: MSG_APP_RESUME, resumeComponent: ComponentInfo{com.kyowon.literacy.store/com.kyowon.literacy.ui.login.activity.LoginActivity}
02-06 18:14:58.362  3012  3220 D GameManagerService:   handleResume(). pkgName: com.kyowon.literacy.store, isTunableApp: null
02-06 18:14:58.362  3012  3220 D GameManagerService: notifyFocusInOut(). of pkg: com.kyowon.literacy.store, type: 4, isMinimized: false, isTunableApp: false
02-06 18:14:58.363  3012  3061 I GameSDK@LifeCycle: noteResumeComponent(): package name  : com.kyowon.literacy.store
02-06 18:14:58.391  3012  3462 D MdnieScenarioControlService:  packageName : com.kyowon.literacy.store    className : com.kyowon.literacy.ui.login.activity.LoginActivity
02-06 18:15:00.908  3012  3323 D PkgPredictorService-NapPreloadController: [ML] Sent pkg = com.kyowon.literacy.store uid: 0 type: ml
02-06 18:15:00.913  3012  3715 I ActivityManager: [ML][SD] app:com.kyowon.literacy.store is exist findPkgforMl:false  isOnMemory:true
02-06 18:15:19.079 15146 15146 I QA      : [STEP] [OK] resource   : D:dhkimQAToolsresultR9TRA0BDXEW20260206_173447_com.kyowon.literacy.store_basic_tc_suite_literacy_runnerresource_report_260206_1814.pdf
02-06 18:15:19.226 15157 15157 I QA      : [STEP] [MAIL] attachmentsnormalized=[D:dhkimQAToolsresultR9TRA0BDXEW20260206_173447_com.kyowon.literacy.store_basic_tc_suite_literacy_runnerlogcat_recent_260206_1813.txt , D:dhkimQAToolsresultR9TRA0BDXEW20260206_173447_com.kyowon.literacy.store_basic_tc_suite_literacy_runnerresource_report_260206_1814.pdf , D:dhkimQAToolsresultR9TRA0BDXEW20260206_173447_com.kyowon.literacy.store_basic_tc_suite_literacy_runnerevents.csv]
02-06 18:15:38.202 15280 15280 I QA      : [STEP]   ...com.kyowon.literacy.store
02-06 18:15:38.375  3012  8462 I ActivityManager: Force stopping com.kyowon.literacy.store appid=10584 user=0: from pid 15283
02-06 18:15:38.378  3012  8462 I ActivityManager: Killing 31505:com.kyowon.literacy.store/u0a584 (adj 0): stop com.kyowon.literacy.store due to from pid 15283
02-06 18:15:38.395  3012  8462 D ActivityManager: proc ProcessRecord{e78f8f2 31505:com.kyowon.literacy.store/u0a584} already removed. so we skip next process.
02-06 18:15:38.396  3012  8462 W ActivityTaskManager: Force removing ActivityRecord{23798b2 u0 com.kyowon.literacy.store/com.kyowon.literacy.ui.login.activity.LoginActivity t3648 f}}: app died, no saved state
02-06 18:15:38.399  3012  8462 I ActivityTaskManager: Removing activity ActivityRecord{23798b2 u0 com.kyowon.literacy.store/com.kyowon.literacy.ui.login.activity.LoginActivity t3648 f}}(appDied)  from stack callers=com.android.server.wm.ActivityStack$RemoveHistoryRecordsForApp.processActivity:565 com.android.server.wm.ActivityStack$RemoveHistoryRecordsForApp.process:480 com.android.server.wm.ActivityStack.handleAppDied:3379 com.android.server.wm.RootWindowContainer.handleAppDied:3653 com.android.server.wm.ActivityTaskManagerService$LocalService.handleAppDied:8304 
02-06 18:15:38.400  3012  8462 V WindowManager: Changing focus from Window{9cfd3d3 u0 com.kyowon.literacy.store/com.kyowon.literacy.ui.login.activity.LoginActivity} to null displayId=0 Callers=com.android.server.wm.RootWindowContainer.updateFocusedWindowLocked:566 com.android.server.wm.WindowManagerService.updateFocusedWindowLocked:6311 com.android.server.wm.ActivityRecord.commitVisibility:4988 com.android.server.wm.ActivityRecord.onRemovedFromDisplay:3813 
02-06 18:15:38.430  3012  8462 V WindowManager: Setting visibility of Window{9cfd3d3 u0 com.kyowon.literacy.store/com.kyowon.literacy.ui.login.activity.LoginActivity}: false, caller=com.android.server.wm.WindowContainer.sendAppVisibilityToClients:1004 com.android.server.wm.ActivityRecord.setClientVisible:6391 com.android.server.wm.ActivityRecord.onAnimationFinished:7143 com.android.server.wm.ActivityRecord.postApplyAnimation:5013 com.android.server.wm.ActivityRecord.commitVisibility:4995 
02-06 18:15:38.431  3012  8462 D WindowManager: isScreenshotDisabledLocked - win: Window{9cfd3d3 u0 com.kyowon.literacy.store/com.kyowon.literacy.ui.login.activity.LoginActivity}
02-06 18:15:38.431  3012  8462 D WindowManager: isScreenshotDisabledLocked - win: Window{9cfd3d3 u0 com.kyowon.literacy.store/com.kyowon.literacy.ui.login.activity.LoginActivity}
02-06 18:15:38.434  3012  8462 I WindowManager: Destroying surface Surface(name=com.kyowon.literacy.store/com.kyowon.literacy.ui.login.activity.LoginActivity$_31505)/@0x44a0fe5 called by com.android.server.wm.WindowStateAnimator.destroySurface:1794 com.android.server.wm.WindowStateAnimator.destroySurfaceLocked:765 com.android.server.wm.WindowState.removeImmediately:2665 com.android.server.wm.WindowState.removeIfPossible:2830 com.android.server.wm.WindowState.removeIfPossible:2688 com.android.server.wm.WindowToken.removeAllWindowsIfPossible:306 com.android.server.wm.ActivityRecord.removeIfPossible:3793 com.android.server.wm.ActivityRecord.onRemovedFromDisplay:3867 
02-06 18:15:38.434   862  1520 I Layer   : id=109934 removeFromCurrentState com.kyowon.literacy.store/com.kyowon.literacy.ui.login.activity.LoginActivity$_31505#0 (50)
02-06 18:15:38.436   862  1520 I Layer   : id=109933 removeFromCurrentState 9cfd3d3 com.kyowon.literacy.store/com.kyowon.literacy.ui.login.activity.LoginActivity#0 (50)
02-06 18:15:38.437   862  1520 I SurfaceFlinger: id=109933 Removed 9cfd3d3 com.kyowon.literacy.store/com.kyowon.literacy.ui.login.activity.LoginActivity#0 (50)
02-06 18:15:38.450   862   862 I Layer   : id=109933[1] Destroyed 9cfd3d3 com.kyowon.literacy.store/com.kyowon.literacy.ui.login.activity.LoginActivity#0
02-06 18:15:38.459   862  1520 I Layer   : id=109930 removeFromCurrentState ActivityRecord{23798b2 u0 com.kyowon.literacy.store/com.kyowon.literacy.ui.login.activity.LoginActivity t3648}#0 (49)
02-06 18:15:38.470   862   925 I SurfaceFlinger: id=109930 Removed ActivityRecord{23798b2 u0 com.kyowon.literacy.store/com.kyowon.literacy.ui.login.activity.LoginActivity t3648}#0 (49)
02-06 18:15:38.480   862   862 I Layer   : id=109930[1] Destroyed ActivityRecord{23798b2 u0 com.kyowon.literacy.store/com.kyowon.literacy.ui.login.activity.LoginActivity t3648}#0
02-06 18:15:38.481  3012  3012 D SamsungAlarmManager: Remove alarm for next reason : android.intent.action.PACKAGE_RESTARTED / pkg:com.kyowon.literacy.store
02-06 18:15:38.482  3012  3081 W BroadcastQueue: Background execution not allowed: receiving Intent { act=android.intent.action.PACKAGE_RESTARTED dat=package:com.kyowon.literacy.store flg=0x10 (has extras) } to android/com.kddi.android.CpaNotiReceiver
02-06 18:15:38.482  3012  3081 W BroadcastQueue: Background execution not allowed: receiving Intent { act=android.intent.action.PACKAGE_RESTARTED dat=package:com.kyowon.literacy.store flg=0x10 (has extras) } to com.kyowon.allng.adm/com.allng.apps.dms.receiver.AdmBroadcastReceiver
02-06 18:15:38.483  3012  3081 W BroadcastQueue: Background execution not allowed: receiving Intent { act=android.intent.action.PACKAGE_RESTARTED dat=package:com.kyowon.literacy.store flg=0x10 (has extras) } to com.rsupport.rs.activity.rsupport.kyowon.sec/com.rsupport.rs.receiver.SystemEventReceiver
02-06 18:15:38.484  3012  3081 W BroadcastQueue: Background execution not allowed: receiving Intent { act=android.intent.action.PACKAGE_RESTARTED dat=package:com.kyowon.literacy.store flg=0x10 (has extras) } to com.soosanint.android.kyowon.safechild/.receiver.PackageReceiver
02-06 18:15:38.512   862  2572 I SurfaceFlinger: id=109934 Removed com.kyowon.literacy.store/com.kyowon.literacy.ui.login.activity.LoginActivity$_31505#0 (47)
02-06 18:15:38.521   862   862 I Layer   : id=109934[1] Destroyed com.kyowon.literacy.store/com.kyowon.literacy.ui.login.activity.LoginActivity$_31505#0
02-06 18:15:39.342 15288 15288 W Monkey  : args: [-p, com.kyowon.literacy.store, -c, android.intent.category.LAUNCHER, 1]
02-06 18:15:39.349 15288 15288 W Monkey  :  arg: "com.kyowon.literacy.store"
02-06 18:15:39.349 15288 15288 W Monkey  : data="com.kyowon.literacy.store"
02-06 18:15:39.509  3012  3453 I ActivityTaskManager: START u0 {act=android.intent.action.MAIN cat=[android.intent.category.LAUNCHER] flg=0x10200000 cmp=com.kyowon.literacy.store/com.kyowon.literacy.ui.intro.activity.IntroActivity} from uid 2000
02-06 18:15:39.514  3012  3453 D ActivityTaskManager: TaskLaunchParamsModifier:task=null activity=ActivityRecord{5d303b1 u0 com.kyowon.literacy.store/com.kyowon.literacy.ui.intro.activity.IntroActivity task-display-area=DefaultTaskDisplayArea@168164836 display-area-windowing-mode=1
02-06 18:15:39.515  3012  3453 D ActivityTaskManager: TaskLaunchParamsModifier:task=null activity=ActivityRecord{5d303b1 u0 com.kyowon.literacy.store/com.kyowon.literacy.ui.intro.activity.IntroActivity t-1} task-display-area=DefaultTaskDisplayArea@168164836 display-area-windowing-mode=1 non-freeform-display maximized-bounds
02-06 18:15:39.516  3012  3323 D DexPreloader: create a new DexPreloadTask pkg:com.kyowon.literacy.store  path:/data/app/~~bz24Z11dQ2Xi_RRUIxaE-w==/com.kyowon.literacy.store-5Ap0wLZSDCIjM2LGdCZKXQ==
02-06 18:15:39.523  3012 15326 D DexPreloader: /data/app/~~bz24Z11dQ2Xi_RRUIxaE-w==/com.kyowon.literacy.store-5Ap0wLZSDCIjM2LGdCZKXQ==/oat/arm64/base.art size 733184
02-06 18:15:39.524  3012  3453 D ActivityTaskManager: TaskLaunchParamsModifier:task=Task{fa31417 #3753 visible=false type=standard mode=fullscreen translucent=true A=10584:com.kyowon.literacy.store U=0 StackId=3753 sz=0} activity=ActivityRecord{5d303b1 u0 com.kyowon.literacy.store/com.kyowon.literacy.ui.intro.activity.IntroActivity t-1} display-from-task=0 task-display-area=DefaultTaskDisplayArea@168164836 display-area-windowing-mode=1 non-freeform-display maximized-bounds
02-06 18:15:39.526   862   925 I SurfaceFlinger: id=110311 createSurf (0x0),-1 flag=80004, ActivityRecord{5d303b1 u0 com.kyowon.literacy.store/com.kyowon.literacy.ui.intro.activity.IntroActivity t3753}#0
02-06 18:15:39.561  3012  7226 D MARsPolicyManager: onPackageResumedFG pkgName = com.kyowon.literacy.store, userId = 0
02-06 18:15:39.586  3012  7166 D WindowManager: rotationForOrientation, orientationSource=ActivityRecord{5d303b1 u0 com.kyowon.literacy.store/com.kyowon.literacy.ui.intro.activity.IntroActivity t3753}
02-06 18:15:39.590  3012  3453 D WindowManager: rotationForOrientation, orientationSource=ActivityRecord{5d303b1 u0 com.kyowon.literacy.store/com.kyowon.literacy.ui.intro.activity.IntroActivity t3753}
02-06 18:15:39.591  3012  3061 D StorageManagerService: getExternalStorageMountMode: uid=10584 packageName=com.kyowon.literacy.store
02-06 18:15:39.605   862   924 I SurfaceFlinger: id=110312 createSurf (0x0),-1 flag=80004, 44ab17a Splash Screen com.kyowon.literacy.store#0
02-06 18:15:39.612  3012  3453 D WindowManager: rotationForOrientation, orientationSource=ActivityRecord{5d303b1 u0 com.kyowon.literacy.store/com.kyowon.literacy.ui.intro.activity.IntroActivity t3753}
02-06 18:15:39.634  3012  3082 I ActivityManager: Start proc 4843:com.kyowon.literacy.store/u0a584 for pre-top-activity {com.kyowon.literacy.store/com.kyowon.literacy.ui.intro.activity.IntroActivity}
02-06 18:15:39.634  3012  3062 D InsetsSourceConsumer: setRequestedVisible: visible=false, type=0, host=Splash Screen com.kyowon.literacy.store, from=android.view.InsetsSourceConsumer.hide:236 android.view.InsetsController.collectSourceControls:1172 android.view.InsetsController.controlAnimationUnchecked:1049 android.view.InsetsController.applyAnimation:1417 android.view.InsetsController.hide:984 android.view.InsetsController.hide:967 android.view.ViewRootImpl.controlInsetsForCompatibility:2852 android.view.ViewRootImpl.performTraversals:3314 android.view.ViewRootImpl.doTraversal:2618 android.view.ViewRootImpl$TraversalRunnable.run:9971 
02-06 18:15:39.635  3012  3062 V WindowManager: Relayout Window{44ab17a u0 Splash Screen com.kyowon.literacy.store}: viewVisibility=0 req=2000x1200
02-06 18:15:39.638  3012  3062 D WindowManager: isScreenshotDisabledLocked - win: Window{44ab17a u0 Splash Screen com.kyowon.literacy.store}
02-06 18:15:39.638   862   925 I SurfaceFlinger: id=110313 createSurf (2000x1200),1 flag=404, Splash Screen com.kyowon.literacy.store#0
02-06 18:15:39.639  3012  3062 D WindowManager: makeSurface duration=2 name=Splash Screen com.kyowon.literacy.store
02-06 18:15:39.663  3012  3062 D WindowManager: finishDrawingWindow: Window{44ab17a u0 Splash Screen com.kyowon.literacy.store} mDrawState=DRAW_PENDING
02-06 18:15:39.692  3012  7226 I ActivityManager: DSS OFF for com.kyowon.literacy.store
02-06 18:15:39.705  3012  7226 D ActivityManager: attachApplicationLocked() app=ProcessRecord{2233c6e 4843:com.kyowon.literacy.store/u0a584} app.isolatedEntryPoint=null instr2=null
02-06 18:15:39.708  3012  7226 D WindowManager: rotationForOrientation, orientationSource=ActivityRecord{5d303b1 u0 com.kyowon.literacy.store/com.kyowon.literacy.ui.intro.activity.IntroActivity t3753}
02-06 18:15:39.715  3012  7226 D PkgDataHelper: notifyAppCreate(), pkgName: com.kyowon.literacy.store, sendRet: true
02-06 18:15:39.715  3012  3220 D GameManagerService: onLooperPrepared(), msg: MSG_APP_CREATE, pkgName: com.kyowon.literacy.store
02-06 18:15:39.719  3012  3220 D GameManagerService: onLooperPrepared(), msg: MSG_TASK_FOCUSED, focusedComponent: ComponentInfo{com.kyowon.literacy.store/com.kyowon.literacy.ui.intro.activity.IntroActivity}
02-06 18:15:39.719  3012  3220 D GameManagerService:   handleTaskFocused(), pkgName: com.kyowon.literacy.store, clsName: com.kyowon.literacy.ui.intro.activity.IntroActivity, userID:0
02-06 18:15:39.720  3012  3220 D GameManagerService:   handleResume(). pkgName: com.kyowon.literacy.store, isTunableApp: null
02-06 18:15:39.720  3012  3220 D GameManagerService: notifyFocusInOut(). of pkg: com.kyowon.literacy.store, type: 4, isMinimized: false, isTunableApp: false
02-06 18:15:39.721  3012  7226 D MARsPolicyManager: onPackageResumedFG pkgName = com.kyowon.literacy.store, userId = 0
02-06 18:15:39.725  4843  4843 D ActivityThread: handleBindApplication()++ app=com.kyowon.literacy.store
02-06 18:15:39.765  3012  3061 V ActivityManager: Changed top to 10584,ProcessRecord{2233c6e 4843:com.kyowon.literacy.store/u0a584}
02-06 18:15:39.786  3012  3062 D InsetsSourceProvider: updateVisibility: serverVisible=true, clientVisible=false, source=InsetsSource: {mType=ITYPE_STATUS_BAR, mFrame=[0,0][2000,36], mVisible=false}, controlTarget=Window{44ab17a u0 Splash Screen com.kyowon.literacy.store}, from=com.android.server.wm.InsetsSourceProvider.setClientVisible:378 com.android.server.wm.InsetsSourceProvider.onInsetsModified:363 com.android.server.wm.InsetsStateController.onInsetsModified:416 com.android.server.wm.InsetsPolicy.onInsetsModified:320 com.android.server.wm.Session.insetsModified:512 android.view.ViewRootInsetsControllerHost.onInsetsModified:152 android.view.InsetsController.updateRequestedState:1399 android.view.InsetsController.notifyVisibilityChanged:1309 android.view.InsetsSourceConsumer.setRequestedVisible:397 android.view.InsetsSourceConsumer.hide:236 
02-06 18:15:39.815  4843  4843 D LoadedApk: LoadedApk::makeApplication() appContext=android.app.ContextImpl@c24dd86 appContext.mOpPackageName=com.kyowon.literacy.store appContext.mBasePackageName=com.kyowon.literacy.store appContext.mPackageInfo=android.app.LoadedApk@2d55647
02-06 18:15:39.830  3012  3062 V WindowManager: Relayout Window{44ab17a u0 Splash Screen com.kyowon.literacy.store}: viewVisibility=0 req=2000x1200
02-06 18:15:39.831   862   862 D SurfaceFlinger:      CLIENT | 0xb400007ac04d2660 | 0002 | RGBA_8888    |    0.0    0.0 2000.0 1200.0 |   84  140 1116 1860 | Splash Screen com.kyowon.literacy.store#0
02-06 18:15:39.864  3012  3061 D SemGameManager: isGamePackage(), pkgName=com.kyowon.literacy.store
02-06 18:15:39.865  3012  3061 D GameManagerService: identifyGamePackage. com.kyowon.literacy.store, mCurrentUserId: 0, callerUserId: 0
02-06 18:15:39.865  3012  3061 D PkgDataHelper: getGamePkgData(). com.kyowon.literacy.store
02-06 18:15:39.866  3012  3061 D GameManagerService: noteResumeComponent(), received resumed-component: com.kyowon.literacy.store
02-06 18:15:39.866  3012  3061 I GameSDK@LifeCycle: noteResumeComponent(): package name  : com.kyowon.literacy.store
02-06 18:15:39.866  3012  3220 D GameManagerService: onLooperPrepared(), msg: MSG_APP_RESUME, resumeComponent: ComponentInfo{com.kyowon.literacy.store/com.kyowon.literacy.ui.intro.activity.IntroActivity}
02-06 18:15:39.866  3012  3220 D GameManagerService:   handleResume(). pkgName: com.kyowon.literacy.store, isTunableApp: null
02-06 18:15:39.867  3012  3220 D GameManagerService: notifyFocusInOut(). of pkg: com.kyowon.literacy.store, type: 4, isMinimized: false, isTunableApp: false
02-06 18:15:39.868  3012  3062 D WindowManager: finishDrawingWindow: Window{44ab17a u0 Splash Screen com.kyowon.literacy.store} mDrawState=HAS_DRAWN
02-06 18:15:39.872  3012  3323 D PkgPredictorService: com.kyowon.literacy.store go to foreground!
02-06 18:15:39.872  3012  3323 D PkgPredictorService: previous pkgs: com.kyowon.literacy.store,com.netease.open.pocoservice,com.netease.open.pocoservice running pkg: com.kyowon.literacy.store, uid: 0 is system: false
02-06 18:15:39.873  3012  3323 D PkgPredictorService-Collector:  (hour:18 day:6 previous:[com.kyowon.literacy.store, com.netease.open.pocoservice, com.netease.open.pocoservice] activityName:unknown running:com.kyowon.literacy.store userId:0 screenOrientation:1 wifi:1 bt:1 predictTime:1 apkVersion:1.0.3 consumeTime:-1 preloaded:false>)
02-06 18:15:39.873  3012  3323 D PkgPredictorService-NapPreloadController: User using: com.kyowon.literacy.store
02-06 18:15:39.874  3012  3323 D PkgPredictorService-NapClassifier: Predict result: 0.0,86.0,63.0, - [0_&_com.android.vending, 0_&_com.kyowon.literacy.store, 0_&_com.netease.open.pocoservice]
02-06 18:15:39.886  3012  3059 D SehCodecSolutionService: Update top [com.kyowon.literacy.store]
02-06 18:15:40.015  3012  3462 D MdnieScenarioControlService:  packageName : com.kyowon.literacy.store    className : com.kyowon.literacy.ui.intro.activity.IntroActivity
02-06 18:15:40.123   862   862 D SurfaceFlinger:      CLIENT | 0xb400007ac04cd0a0 | 0002 | RGBA_8888    |    0.0    0.0 2000.0 1200.0 |    6    9 1194 1991 | Splash Screen com.kyowon.literacy.store#0
02-06 18:15:40.137  3012  3062 D ActivityTaskManager: finishFixedRotationTransform, r=ActivityRecord{5d303b1 u0 com.kyowon.literacy.store/com.kyowon.literacy.ui.intro.activity.IntroActivity t3753}, caller=com.android.server.wm.WindowToken.finishFixedRotationTransform:664 com.android.server.wm.DisplayContent$FixedRotationTransitionListener.onAppTransitionFinishedLocked:7026 com.android.server.wm.AppTransition.notifyAppTransitionFinishedLocked:543 com.android.server.wm.ActivityRecord.onAnimationFinished:7164 com.android.server.wm.WindowContainer.doAnimationFinished:2626 
02-06 18:15:40.232   862   862 D SurfaceFlinger:      CLIENT | 0xb400007ac04cd0a0 | 0002 | RGBA_8888    |    0.0    0.0 2000.0 1200.0 |    0    0 1200 2000 | Splash Screen com.kyowon.literacy.store#0
02-06 18:15:40.269  4843  4843 I PlayCore: UID: [10584]  PID: [4843] AppUpdateService : requestUpdateInfo(com.kyowon.literacy.store)
02-06 18:15:40.305   862   924 I SurfaceFlinger: id=110318 createSurf (0x0),-1 flag=80004, cb93ceb com.kyowon.literacy.store/com.kyowon.literacy.ui.intro.activity.IntroActivity#0
02-06 18:15:40.306  3012  3624 D WindowManager: isScreenshotDisabledLocked - win: Window{cb93ceb u0 com.kyowon.literacy.store/com.kyowon.literacy.ui.intro.activity.IntroActivity}
02-06 18:15:40.311  4843  4843 D InsetsSourceConsumer: setRequestedVisible: visible=false, type=2, host=com.kyowon.literacy.store/com.kyowon.literacy.ui.intro.activity.IntroActivity, from=android.view.InsetsSourceConsumer.hide:236 android.view.InsetsController.collectSourceControls:1172 android.view.InsetsController.controlAnimationUnchecked:1049 android.view.InsetsController.applyAnimation:1417 android.view.InsetsController.hide:984 android.view.InsetsController.hide:967 android.view.PendingInsetsController$HideRequest.replay:238 android.view.PendingInsetsController.replayAndAttach:169 android.view.ViewRootImpl.setView:1544 android.view.WindowManagerGlobal.addView:469 
02-06 18:15:40.311  4843  4843 D InsetsSourceConsumer: setRequestedVisible: visible=false, type=1, host=com.kyowon.literacy.store/com.kyowon.literacy.ui.intro.activity.IntroActivity, from=android.view.InsetsSourceConsumer.hide:236 android.view.InsetsController.collectSourceControls:1172 android.view.InsetsController.controlAnimationUnchecked:1049 android.view.InsetsController.applyAnimation:1417 android.view.InsetsController.hide:984 android.view.InsetsController.hide:967 android.view.PendingInsetsController$HideRequest.replay:238 android.view.PendingInsetsController.replayAndAttach:169 android.view.ViewRootImpl.setView:1544 android.view.WindowManagerGlobal.addView:469 
02-06 18:15:40.312  4843  4843 D InsetsSourceConsumer: setRequestedVisible: visible=false, type=0, host=com.kyowon.literacy.store/com.kyowon.literacy.ui.intro.activity.IntroActivity, from=android.view.InsetsSourceConsumer.hide:236 android.view.InsetsController.collectSourceControls:1172 android.view.InsetsController.controlAnimationUnchecked:1049 android.view.InsetsController.applyAnimation:1417 android.view.InsetsController.hide:984 android.view.InsetsController.hide:967 android.view.PendingInsetsController$HideRequest.replay:238 android.view.PendingInsetsController.replayAndAttach:169 android.view.ViewRootImpl.setView:1544 android.view.WindowManagerGlobal.addView:469 
02-06 18:15:40.345  3012  8462 V WindowManager: Relayout Window{cb93ceb u0 com.kyowon.literacy.store/com.kyowon.literacy.ui.intro.activity.IntroActivity}: viewVisibility=0 req=2000x1200
02-06 18:15:40.346  3012  8462 D WindowManager: isScreenshotDisabledLocked - win: Window{cb93ceb u0 com.kyowon.literacy.store/com.kyowon.literacy.ui.intro.activity.IntroActivity}
02-06 18:15:40.347   862  2572 I SurfaceFlinger: id=110319 createSurf (2000x1200),1 flag=404, com.kyowon.literacy.store/com.kyowon.literacy.ui.intro.activity.IntroActivity$_4843#0
02-06 18:15:40.348  3012  8462 D WindowManager: makeSurface duration=1 name=com.kyowon.literacy.store/com.kyowon.literacy.ui.intro.activity.IntroActivity$_4843
02-06 18:15:40.349  3012  8462 V WindowManager: Changing focus from null to Window{cb93ceb u0 com.kyowon.literacy.store/com.kyowon.literacy.ui.intro.activity.IntroActivity} displayId=0 Callers=com.android.server.wm.RootWindowContainer.updateFocusedWindowLocked:566 com.android.server.wm.WindowManagerService.updateFocusedWindowLocked:6311 com.android.server.wm.WindowManagerService.relayoutWindow:2713 com.android.server.wm.Session.relayout:219 
02-06 18:15:40.359  3012  3935 D InsetsSourceProvider: updateVisibility: serverVisible=true, clientVisible=false, source=InsetsSource: {mType=ITYPE_NAVIGATION_BAR, mFrame=[0,1128][2000,1200], mVisible=false}, controlTarget=Window{cb93ceb u0 com.kyowon.literacy.store/com.kyowon.literacy.ui.intro.activity.IntroActivity}, from=com.android.server.wm.InsetsSourceProvider.setClientVisible:378 com.android.server.wm.InsetsSourceProvider.onInsetsModified:363 com.android.server.wm.InsetsStateController.onInsetsModified:416 com.android.server.wm.InsetsPolicy.onInsetsModified:320 com.android.server.wm.Session.insetsModified:512 android.view.IWindowSession$Stub.onTransact:1398 com.android.server.wm.Session.onTransact:145 android.os.Binder.execTransactInternal:1195 android.os.Binder.execTransact:1159 <bottom of call stack> 
02-06 18:15:40.381  3012  3061 D InsetsSourceProvider: updateVisibility: serverVisible=true, clientVisible=false, source=InsetsSource: {mType=ITYPE_NAVIGATION_BAR, mFrame=[0,1128][2000,1200], mVisible=false}, controlTarget=Window{cb93ceb u0 com.kyowon.literacy.store/com.kyowon.literacy.ui.intro.activity.IntroActivity}, from=com.android.server.wm.InsetsSourceProvider.setServerVisible:384 com.android.server.wm.InsetsSourceProvider.onPostLayout:237 com.android.server.wm.InsetsStateController.onPostLayout:390 com.android.server.wm.DisplayContent.applySurfaceChangesTransaction:4881 com.android.server.wm.RootWindowContainer.applySurfaceChangesTransaction:1302 com.android.server.wm.RootWindowContainer.performSurfacePlacementNoTrace:1019 com.android.server.wm.RootWindowContainer.performSurfacePlacement:957 com.android.server.wm.WindowSurfacePlacer.performSurfacePlacementLoop:182 com.android.server.wm.WindowSurfacePlacer.performSurfacePlacement:131 com.android.server.wm.WindowSurfacePlacer.performSurfacePlacement:120 
02-06 18:15:40.406  3012  3453 D WindowManager: finishDrawingWindow: Window{cb93ceb u0 com.kyowon.literacy.store/com.kyowon.literacy.ui.intro.activity.IntroActivity} mDrawState=DRAW_PENDING
02-06 18:15:40.429  3012  3062 D PkgPredictorService: pkg:com.kyowon.literacy.store activity:com.kyowon.literacy.ui.intro.activity.IntroActivity thisTime:922
02-06 18:15:40.438  3012  3935 V WindowManager: Relayout Window{cb93ceb u0 com.kyowon.literacy.store/com.kyowon.literacy.ui.intro.activity.IntroActivity}: viewVisibility=0 req=2000x1200
02-06 18:15:40.467  3012  8462 D WindowManager: finishDrawingWindow: Window{cb93ceb u0 com.kyowon.literacy.store/com.kyowon.literacy.ui.intro.activity.IntroActivity} mDrawState=HAS_DRAWN
02-06 18:15:40.499  3012  3080 D ArtManagerInternalImpl: /data/misc/iorapd/com.kyowon.literacy.store/58/com.kyowon.literacy.ui.intro.activity.IntroActivity/compiled_traces/compiled_trace.pb doesn't exist
02-06 18:15:40.505  3012  3080 I ActivityTaskManager: Displayed com.kyowon.literacy.store/com.kyowon.literacy.ui.intro.activity.IntroActivity: +922ms
02-06 18:15:40.506  4843  4843 V InputMethodManager: Starting input: tba=com.kyowon.literacy.store ic=null mNaviBarColor -855310 mIsGetNaviBarColorSuccess true , NavVisible : true , NavTrans : false
02-06 18:15:40.527  3012  3062 I WindowManager: Reparenting to leash, surface=Surface(name=44ab17a Splash Screen com.kyowon.literacy.store)/@0x37854af, leashParent=Surface(name=ActivityRecord{5d303b1 u0 com.kyowon.literacy.store/com.kyowon.literacy.ui.intro.activity.IntroActivity t3753})/@0x26390bc
02-06 18:15:40.528   862  2572 I SurfaceFlinger: id=110323 createSurf (0x0),-1 flag=24000, Surface(name=44ab17a Splash Screen com.kyowon.literacy.store)/@0x37854af - animation-leash#0
02-06 18:15:40.529  3012  3062 D WindowManager: makeSurface duration=1 leash=Surface(name=Surface(name=44ab17a Splash Screen com.kyowon.literacy.store)/@0x37854af - animation-leash)/@0x7e61845
02-06 18:15:40.559  3012  3059 D SehCodecSolutionService: Update top [com.kyowon.literacy.store]
02-06 18:15:40.625  3012  3062 I WindowManager: Reparenting to original parent: Surface(name=ActivityRecord{5d303b1 u0 com.kyowon.literacy.store/com.kyowon.literacy.ui.intro.activity.IntroActivity t3753})/@0x26390bc, destroy=true, surface=Surface(name=44ab17a Splash Screen com.kyowon.literacy.store)/@0x37854af
02-06 18:15:40.628  3012  3062 E WindowManager: win=Window{44ab17a u0 Splash Screen com.kyowon.literacy.store EXITING} destroySurfaces: appStopped=false win.mWindowRemovalAllowed=true win.mRemoveOnExit=true win.mViewVisibility=0 caller=com.android.server.wm.ActivityRecord.destroySurfaces:5251 com.android.server.wm.ActivityRecord.destroySurfaces:5232 com.android.server.wm.WindowState.onExitAnimationDone:5623 com.android.server.wm.WindowStateAnimator.onAnimationFinished:332 com.android.server.wm.WindowState.onAnimationFinished:6088 com.android.server.wm.-$$Lambda$dwJG8BAnLlvKNGuDY9U3-haNY4M.onAnimationFinished:2 com.android.server.wm.SurfaceAnimator.lambda$getFinishedCallback$0$SurfaceAnimator:112 
02-06 18:15:40.628  3012  3062 I WindowManager: Destroying surface Surface(name=Splash Screen com.kyowon.literacy.store)/@0xf52b8c0 called by com.android.server.wm.WindowStateAnimator.destroySurface:1794 com.android.server.wm.WindowStateAnimator.destroySurfaceLocked:765 com.android.server.wm.WindowState.destroySurfaceUnchecked:3918 com.android.server.wm.WindowState.destroySurface:3892 com.android.server.wm.ActivityRecord.destroySurfaces:5251 com.android.server.wm.ActivityRecord.destroySurfaces:5232 com.android.server.wm.WindowState.onExitAnimationDone:5623 com.android.server.wm.WindowStateAnimator.onAnimationFinished:332 
02-06 18:15:40.629   862   925 I Layer   : id=110313 removeFromCurrentState Splash Screen com.kyowon.literacy.store#0 (56)
02-06 18:15:40.631   862  1520 I Layer   : id=110312 removeFromCurrentState 44ab17a Splash Screen com.kyowon.literacy.store#0 (56)
02-06 18:15:40.631   862  1520 I Layer   : id=110323 removeFromCurrentState Surface(name=44ab17a Splash Screen com.kyowon.literacy.store)/@0x37854af - animation-leash#0 (56)
02-06 18:15:40.632   862  1520 I SurfaceFlinger: id=110312 Removed 44ab17a Splash Screen com.kyowon.literacy.store#0 (56)
02-06 18:15:40.632   862  1520 I SurfaceFlinger: id=110313 Removed Splash Screen com.kyowon.literacy.store#0 (56)
02-06 18:15:40.661   862   862 D SurfaceFlinger:      DEVICE | 0xb400007ac04ccbd0 | 0002 | RGBA_8888    |    0.0    0.0 1200.0 2000.0 |    0    0 1200 2000 | com.kyowon.literacy.store/com.kyowon[...]intro.activity.IntroActivity$_4843#0
02-06 18:15:40.661   862   862 D SurfaceFlinger:      CLIENT | 0xb400007ac04d2660 | 0002 | RGBA_8888    |    0.0    0.0 2000.0 1200.0 |    0    0 1200 2000 | Splash Screen com.kyowon.literacy.store#0
02-06 18:15:40.665  4843  4843 V InputMethodManager: Starting input: tba=com.kyowon.literacy.store ic=null mNaviBarColor -855310 mIsGetNaviBarColorSuccess true , NavVisible : true , NavTrans : false
02-06 18:15:40.667   862   862 I Layer   : id=110312[1] Destroyed 44ab17a Splash Screen com.kyowon.literacy.store#0
02-06 18:15:40.668   862  1519 I SurfaceFlinger: id=110323 Removed Surface(name=44ab17a Splash Screen com.kyowon.literacy.store)/@0x37854af - animation-leash#0 (55)
02-06 18:15:40.677   862   862 I Layer   : id=110313[1] Destroyed Splash Screen com.kyowon.literacy.store#0
02-06 18:15:40.689  3012  3462 D MdnieScenarioControlService:  packageName : com.kyowon.literacy.store    className : com.kyowon.literacy.ui.intro.activity.IntroActivity
02-06 18:15:40.720   862   862 D SurfaceFlinger:      DEVICE | 0xb400007ac04d1470 | 0002 | RGBA_8888    |    0.0    0.0 1200.0 2000.0 |    0    0 1200 2000 | com.kyowon.literacy.store/com.kyowon[...]intro.activity.IntroActivity$_4843#0
02-06 18:15:40.721   862   862 I Layer   : id=110323[1] Destroyed Surface(name=44ab17a Splash Screen com.kyowon.literacy.store)/@0x37854af - animation-leash#0
02-06 18:15:40.783   862   862 D SurfaceFlinger:      DEVICE | 0xb400007ac04ccbd0 | 0002 | RGBA_8888    |    0.0    0.0 1200.0 2000.0 |    0    0 1200 2000 | com.kyowon.literacy.store/com.kyowon[...]intro.activity.IntroActivity$_4843#0
