02-06 18:12:23.489  3012  3030 D WindowManager: rotationForOrientation, orientationSource=ActivityRecord{afefb55 u0 com.kyowon.literacy.store/com.kyowon.literacy.ui.login.activity.LoginActivity t3593}
02-06 18:12:23.494  3012  3030 D MARsPolicyManager: onPackageResumedFG pkgName = com.kyowon.literacy.store, userId = 0
02-06 18:12:23.516  3012  3030 D ActivityTaskManager: finishFixedRotationTransform, r=ActivityRecord{afefb55 u0 com.kyowon.literacy.store/com.kyowon.literacy.ui.login.activity.LoginActivity t3593}, caller=com.android.server.wm.WindowToken.finishFixedRotationTransform:664 com.android.server.wm.DisplayContent$FixedRotationTransitionListener.onAppTransitionFinishedLocked:7026 com.android.server.wm.AppTransition.notifyAppTransitionFinishedLocked:543 com.android.server.wm.DisplayContent.handleAnimatingStoppedAndTransition:5836 com.android.server.wm.RootWindowContainer.checkAppTransitionReady:1264 
02-06 18:12:23.545  3012  3030 V ActivityManager: Changed top to 10584,ProcessRecord{505cc94 27108:com.kyowon.literacy.store/u0a584}
02-06 18:12:23.802  3012  3061 D GameManagerService: noteResumeComponent(), received resumed-component: com.kyowon.literacy.store
02-06 18:12:23.802  3012  3061 I GameSDK@LifeCycle: noteResumeComponent(): package name  : com.kyowon.literacy.store
02-06 18:12:23.803  3012  3220 D GameManagerService: onLooperPrepared(), msg: MSG_APP_RESUME, resumeComponent: ComponentInfo{com.kyowon.literacy.store/com.kyowon.literacy.ui.login.activity.LoginActivity}
02-06 18:12:23.803  3012  3220 D GameManagerService:   handleResume(). pkgName: com.kyowon.literacy.store, isTunableApp: null
02-06 18:12:23.803  3012  3220 D GameManagerService: notifyFocusInOut(). of pkg: com.kyowon.literacy.store, type: 4, isMinimized: false, isTunableApp: false
02-06 18:12:23.942  3012  3030 D WindowManager: rotationForOrientation, orientationSource=ActivityRecord{afefb55 u0 com.kyowon.literacy.store/com.kyowon.literacy.ui.login.activity.LoginActivity t3593}
02-06 18:12:23.952  3012  3030 V WindowManager: Changing focus from Window{e637b04 u0 com.kyowon.literacy.store/com.kyowon.literacy.ui.login.activity.LoginActivity} to null displayId=0 Callers=com.android.server.wm.RootWindowContainer.updateFocusedWindowLocked:566 com.android.server.wm.WindowManagerService.updateFocusedWindowLocked:6311 com.android.server.wm.DisplayContent.setFocusedApp:6776 com.android.server.wm.ActivityTaskManagerService.setResumedActivityUncheckLocked:6725 
02-06 18:12:23.975  3012  3061 D GameManagerService: notePauseComponent(), received paused-component: com.kyowon.literacy.store
02-06 18:12:23.978  3012  3323 D PkgPredictorService-NapClassifier: Predict result: 86.0,2.0,0.0, - [0_&_com.kyowon.literacy.store, 0_&_kr.co.kyowon.launcher, 0_&_com.android.vending]
02-06 18:12:24.260  3012  7310 W BroadcastQueue: Background execution not allowed: receiving Intent { act=android.intent.action.PACKAGE_RESTARTED dat=package:com.kyowon.literacy.store flg=0x10 (has extras) } to android/com.kddi.android.CpaNotiReceiver
02-06 18:12:24.264  3012  3081 W BroadcastQueue: Background execution not allowed: receiving Intent { act=android.intent.action.PACKAGE_RESTARTED dat=package:com.kyowon.literacy.store flg=0x10 (has extras) } to com.kyowon.allng.adm/com.allng.apps.dms.receiver.AdmBroadcastReceiver
02-06 18:12:24.266  3012  3081 W BroadcastQueue: Background execution not allowed: receiving Intent { act=android.intent.action.PACKAGE_RESTARTED dat=package:com.kyowon.literacy.store flg=0x10 (has extras) } to com.rsupport.rs.activity.rsupport.kyowon.sec/com.rsupport.rs.receiver.SystemEventReceiver
02-06 18:12:24.266  3012  3081 W BroadcastQueue: Background execution not allowed: receiving Intent { act=android.intent.action.PACKAGE_RESTARTED dat=package:com.kyowon.literacy.store flg=0x10 (has extras) } to com.soosanint.android.kyowon.safechild/.receiver.PackageReceiver
02-06 18:12:24.345  3012  3624 V WindowManager: Changing focus from null to Window{e637b04 u0 com.kyowon.literacy.store/com.kyowon.literacy.ui.login.activity.LoginActivity} displayId=0 Callers=com.android.server.wm.RootWindowContainer.updateFocusedWindowLocked:566 com.android.server.wm.WindowManagerService.updateFocusedWindowLocked:6311 com.android.server.wm.ActivityRecord.onRemovedFromDisplay:3878 com.android.server.wm.DisplayContent.removeAppToken:1434 
02-06 18:12:24.346  3012  3624 V ActivityManager: Changed top to 10584,ProcessRecord{505cc94 27108:com.kyowon.literacy.store/u0a584}
02-06 18:12:24.393  3012  3624 D MARsPolicyManager: onPackageResumedFG pkgName = com.kyowon.literacy.store, userId = 0
02-06 18:12:24.395  3012  3220 D GameManagerService: onLooperPrepared(), msg: MSG_TASK_FOCUSED, focusedComponent: ComponentInfo{com.kyowon.literacy.store/com.kyowon.literacy.ui.login.activity.LoginActivity}
02-06 18:12:24.395  3012  3220 D GameManagerService:   handleTaskFocused(), pkgName: com.kyowon.literacy.store, clsName: com.kyowon.literacy.ui.login.activity.LoginActivity, userID:0
02-06 18:12:24.396  3012  3624 D WindowManager: rotationForOrientation, orientationSource=ActivityRecord{afefb55 u0 com.kyowon.literacy.store/com.kyowon.literacy.ui.login.activity.LoginActivity t3593}
02-06 18:12:24.399  3012  3624 D MARsPolicyManager: onPackageResumedFG pkgName = com.kyowon.literacy.store, userId = 0
02-06 18:12:24.419  3012  3062 D ActivityTaskManager: finishFixedRotationTransform, r=ActivityRecord{afefb55 u0 com.kyowon.literacy.store/com.kyowon.literacy.ui.login.activity.LoginActivity t3593}, caller=com.android.server.wm.WindowToken.finishFixedRotationTransform:664 com.android.server.wm.DisplayContent$FixedRotationTransitionListener.onAppTransitionFinishedLocked:7026 com.android.server.wm.AppTransition.notifyAppTransitionFinishedLocked:543 com.android.server.wm.DisplayContent.handleAnimatingStoppedAndTransition:5836 com.android.server.wm.RootWindowContainer.checkAppTransitionReady:1264 
02-06 18:12:24.563 27108 27108 V InputMethodManager: Starting input: tba=com.kyowon.literacy.store ic=null mNaviBarColor -855310 mIsGetNaviBarColorSuccess true , NavVisible : true , NavTrans : false
02-06 18:12:24.747  3012  3061 D SemGameManager: isGamePackage(), pkgName=com.kyowon.literacy.store
02-06 18:12:24.748  3012  3061 D GameManagerService: identifyGamePackage. com.kyowon.literacy.store, mCurrentUserId: 0, callerUserId: 0
02-06 18:12:24.749  3012  3061 D PkgDataHelper: getGamePkgData(). com.kyowon.literacy.store
02-06 18:12:24.749  3012  3061 D GameManagerService: noteResumeComponent(), received resumed-component: com.kyowon.literacy.store
02-06 18:12:24.749  3012  3061 I GameSDK@LifeCycle: noteResumeComponent(): package name  : com.kyowon.literacy.store
02-06 18:12:24.749  3012  3220 D GameManagerService: onLooperPrepared(), msg: MSG_APP_RESUME, resumeComponent: ComponentInfo{com.kyowon.literacy.store/com.kyowon.literacy.ui.login.activity.LoginActivity}
02-06 18:12:24.750  3012  3220 D GameManagerService:   handleResume(). pkgName: com.kyowon.literacy.store, isTunableApp: null
02-06 18:12:24.750  3012  3220 D GameManagerService: notifyFocusInOut(). of pkg: com.kyowon.literacy.store, type: 4, isMinimized: false, isTunableApp: false
02-06 18:12:24.994  3012  3453 V ActivityManager: Changed top to 10584,ProcessRecord{505cc94 27108:com.kyowon.literacy.store/u0a584}
02-06 18:12:25.002  3012  3624 D MARsPolicyManager: onPackageResumedFG pkgName = com.kyowon.literacy.store, userId = 0
02-06 18:12:25.004  3012  3624 D WindowManager: rotationForOrientation, orientationSource=ActivityRecord{afefb55 u0 com.kyowon.literacy.store/com.kyowon.literacy.ui.login.activity.LoginActivity t3593}
02-06 18:12:25.007  3012  3624 D MARsPolicyManager: onPackageResumedFG pkgName = com.kyowon.literacy.store, userId = 0
02-06 18:12:25.011  3012  3624 D ActivityTaskManager: finishFixedRotationTransform, r=ActivityRecord{afefb55 u0 com.kyowon.literacy.store/com.kyowon.literacy.ui.login.activity.LoginActivity t3593}, caller=com.android.server.wm.WindowToken.finishFixedRotationTransform:664 com.android.server.wm.DisplayContent$FixedRotationTransitionListener.onAppTransitionFinishedLocked:7026 com.android.server.wm.AppTransition.notifyAppTransitionFinishedLocked:543 com.android.server.wm.DisplayContent.handleAnimatingStoppedAndTransition:5836 com.android.server.wm.RootWindowContainer.checkAppTransitionReady:1264 
02-06 18:12:25.130  3012  3934 V WindowManager: Relayout Window{e637b04 u0 com.kyowon.literacy.store/com.kyowon.literacy.ui.login.activity.LoginActivity}: viewVisibility=0 req=2000x1200
02-06 18:12:26.920  3012  3061 D GameManagerService: noteResumeComponent(), received resumed-component: com.kyowon.literacy.store
02-06 18:12:26.920  3012  3061 I GameSDK@LifeCycle: noteResumeComponent(): package name  : com.kyowon.literacy.store
02-06 18:12:26.922  3012  3220 D GameManagerService: onLooperPrepared(), msg: MSG_APP_RESUME, resumeComponent: ComponentInfo{com.kyowon.literacy.store/com.kyowon.literacy.ui.login.activity.LoginActivity}
02-06 18:12:26.922  3012  3220 D GameManagerService:   handleResume(). pkgName: com.kyowon.literacy.store, isTunableApp: null
02-06 18:12:26.922  3012  3220 D GameManagerService: notifyFocusInOut(). of pkg: com.kyowon.literacy.store, type: 4, isMinimized: false, isTunableApp: false
02-06 18:12:27.140  3012  3571 D MARsPolicyManager: onPackageResumedFG pkgName = com.kyowon.literacy.store, userId = 0
02-06 18:12:27.143  3012  3571 D WindowManager: rotationForOrientation, orientationSource=ActivityRecord{afefb55 u0 com.kyowon.literacy.store/com.kyowon.literacy.ui.login.activity.LoginActivity t3593}
02-06 18:12:27.146  3012  3571 D MARsPolicyManager: onPackageResumedFG pkgName = com.kyowon.literacy.store, userId = 0
02-06 18:12:27.156  3012  3571 D ActivityTaskManager: finishFixedRotationTransform, r=ActivityRecord{afefb55 u0 com.kyowon.literacy.store/com.kyowon.literacy.ui.login.activity.LoginActivity t3593}, caller=com.android.server.wm.WindowToken.finishFixedRotationTransform:664 com.android.server.wm.DisplayContent$FixedRotationTransitionListener.onAppTransitionFinishedLocked:7026 com.android.server.wm.AppTransition.notifyAppTransitionFinishedLocked:543 com.android.server.wm.DisplayContent.handleAnimatingStoppedAndTransition:5836 com.android.server.wm.RootWindowContainer.checkAppTransitionReady:1264 
02-06 18:12:27.170  3012  3571 V ActivityManager: Changed top to 10584,ProcessRecord{505cc94 27108:com.kyowon.literacy.store/u0a584}
02-06 18:12:27.279  3012  3061 D GameManagerService: notePauseComponent(), received paused-component: com.kyowon.literacy.store
02-06 18:12:27.285  3012  3323 D PkgPredictorService-NapPreloadController: [ML] Sent pkg = com.kyowon.literacy.store uid: 0 type: ml
02-06 18:12:27.288  3012  3715 I ActivityManager: [ML][SD] app:com.kyowon.literacy.store is exist findPkgforMl:false  isOnMemory:true
02-06 18:12:27.515  3012  3061 D SemGameManager: isGamePackage(), pkgName=com.kyowon.literacy.store
02-06 18:12:27.516  3012  3061 D GameManagerService: identifyGamePackage. com.kyowon.literacy.store, mCurrentUserId: 0, callerUserId: 0
02-06 18:12:27.516  3012  3061 D PkgDataHelper: getGamePkgData(). com.kyowon.literacy.store
02-06 18:12:27.517  3012  3061 D GameManagerService: noteResumeComponent(), received resumed-component: com.kyowon.literacy.store
02-06 18:12:27.517  3012  3061 I GameSDK@LifeCycle: noteResumeComponent(): package name  : com.kyowon.literacy.store
02-06 18:12:27.518  3012  3220 D GameManagerService: onLooperPrepared(), msg: MSG_APP_RESUME, resumeComponent: ComponentInfo{com.kyowon.literacy.store/com.kyowon.literacy.ui.login.activity.LoginActivity}
02-06 18:12:27.518  3012  3220 D GameManagerService:   handleResume(). pkgName: com.kyowon.literacy.store, isTunableApp: null
02-06 18:12:27.518  3012  3220 D GameManagerService: notifyFocusInOut(). of pkg: com.kyowon.literacy.store, type: 4, isMinimized: false, isTunableApp: false
02-06 18:12:28.105  3012  3061 D GameManagerService: notePauseComponent(), received paused-component: com.kyowon.literacy.store
02-06 18:12:28.247  3012  3932 D MARsPolicyManager: onPackageResumedFG pkgName = com.kyowon.literacy.store, userId = 0
02-06 18:12:28.250  3012  3932 D WindowManager: rotationForOrientation, orientationSource=ActivityRecord{afefb55 u0 com.kyowon.literacy.store/com.kyowon.literacy.ui.login.activity.LoginActivity t3593}
02-06 18:12:28.252  3012  3932 D MARsPolicyManager: onPackageResumedFG pkgName = com.kyowon.literacy.store, userId = 0
02-06 18:12:28.264  3012  3932 D ActivityTaskManager: finishFixedRotationTransform, r=ActivityRecord{afefb55 u0 com.kyowon.literacy.store/com.kyowon.literacy.ui.login.activity.LoginActivity t3593}, caller=com.android.server.wm.WindowToken.finishFixedRotationTransform:664 com.android.server.wm.DisplayContent$FixedRotationTransitionListener.onAppTransitionFinishedLocked:7026 com.android.server.wm.AppTransition.notifyAppTransitionFinishedLocked:543 com.android.server.wm.DisplayContent.handleAnimatingStoppedAndTransition:5836 com.android.server.wm.RootWindowContainer.checkAppTransitionReady:1264 
02-06 18:12:28.270  3012  3932 V ActivityManager: Changed top to 10584,ProcessRecord{505cc94 27108:com.kyowon.literacy.store/u0a584}
02-06 18:12:28.456  3012  3061 D GameManagerService: noteResumeComponent(), received resumed-component: com.kyowon.literacy.store
02-06 18:12:28.456  3012  3061 I GameSDK@LifeCycle: noteResumeComponent(): package name  : com.kyowon.literacy.store
02-06 18:12:28.456  3012  3220 D GameManagerService: onLooperPrepared(), msg: MSG_APP_RESUME, resumeComponent: ComponentInfo{com.kyowon.literacy.store/com.kyowon.literacy.ui.login.activity.LoginActivity}
02-06 18:12:28.457  3012  3220 D GameManagerService:   handleResume(). pkgName: com.kyowon.literacy.store, isTunableApp: null
02-06 18:12:28.457  3012  3220 D GameManagerService: notifyFocusInOut(). of pkg: com.kyowon.literacy.store, type: 4, isMinimized: false, isTunableApp: false
02-06 18:12:28.645  3012  3061 D GameManagerService: notePauseComponent(), received paused-component: com.kyowon.literacy.store
02-06 18:12:28.945  3012  3934 D WindowManager: rotationForOrientation, orientationSource=ActivityRecord{afefb55 u0 com.kyowon.literacy.store/com.kyowon.literacy.ui.login.activity.LoginActivity t3593}
02-06 18:12:28.958  3012  3934 V WindowManager: Changing focus from Window{e637b04 u0 com.kyowon.literacy.store/com.kyowon.literacy.ui.login.activity.LoginActivity} to null displayId=0 Callers=com.android.server.wm.RootWindowContainer.updateFocusedWindowLocked:566 com.android.server.wm.WindowManagerService.updateFocusedWindowLocked:6311 com.android.server.wm.DisplayContent.setFocusedApp:6776 com.android.server.wm.ActivityTaskManagerService.setResumedActivityUncheckLocked:6725 
02-06 18:12:29.164  3012  3323 D PkgPredictorService-NapClassifier: Predict result: 86.0,2.0,0.0, - [0_&_com.kyowon.literacy.store, 0_&_kr.co.kyowon.launcher, 0_&_com.android.vending]
02-06 18:12:29.400  3012  3932 V WindowManager: Changing focus from null to Window{e637b04 u0 com.kyowon.literacy.store/com.kyowon.literacy.ui.login.activity.LoginActivity} displayId=0 Callers=com.android.server.wm.RootWindowContainer.updateFocusedWindowLocked:566 com.android.server.wm.WindowManagerService.updateFocusedWindowLocked:6311 com.android.server.wm.ActivityRecord.onRemovedFromDisplay:3878 com.android.server.wm.DisplayContent.removeAppToken:1434 
02-06 18:12:29.402  3012  3932 V ActivityManager: Changed top to 10584,ProcessRecord{505cc94 27108:com.kyowon.literacy.store/u0a584}
02-06 18:12:29.450  3012  3932 D MARsPolicyManager: onPackageResumedFG pkgName = com.kyowon.literacy.store, userId = 0
02-06 18:12:29.454  3012  3220 D GameManagerService: onLooperPrepared(), msg: MSG_TASK_FOCUSED, focusedComponent: ComponentInfo{com.kyowon.literacy.store/com.kyowon.literacy.ui.login.activity.LoginActivity}
02-06 18:12:29.454  3012  3220 D GameManagerService:   handleTaskFocused(), pkgName: com.kyowon.literacy.store, clsName: com.kyowon.literacy.ui.login.activity.LoginActivity, userID:0
02-06 18:12:29.455  3012  3932 D WindowManager: rotationForOrientation, orientationSource=ActivityRecord{afefb55 u0 com.kyowon.literacy.store/com.kyowon.literacy.ui.login.activity.LoginActivity t3593}
02-06 18:12:29.456  3012  3932 D MARsPolicyManager: onPackageResumedFG pkgName = com.kyowon.literacy.store, userId = 0
02-06 18:12:29.468  3012  3062 D ActivityTaskManager: finishFixedRotationTransform, r=ActivityRecord{afefb55 u0 com.kyowon.literacy.store/com.kyowon.literacy.ui.login.activity.LoginActivity t3593}, caller=com.android.server.wm.WindowToken.finishFixedRotationTransform:664 com.android.server.wm.DisplayContent$FixedRotationTransitionListener.onAppTransitionFinishedLocked:7026 com.android.server.wm.AppTransition.notifyAppTransitionFinishedLocked:543 com.android.server.wm.DisplayContent.handleAnimatingStoppedAndTransition:5836 com.android.server.wm.RootWindowContainer.checkAppTransitionReady:1264 
02-06 18:12:29.790  3012  3061 D GameManagerService: noteResumeComponent(), received resumed-component: com.kyowon.literacy.store
02-06 18:12:29.791  3012  3220 D GameManagerService: onLooperPrepared(), msg: MSG_APP_RESUME, resumeComponent: ComponentInfo{com.kyowon.literacy.store/com.kyowon.literacy.ui.login.activity.LoginActivity}
02-06 18:12:29.791  3012  3220 D GameManagerService:   handleResume(). pkgName: com.kyowon.literacy.store, isTunableApp: null
02-06 18:12:29.791  3012  3220 D GameManagerService: notifyFocusInOut(). of pkg: com.kyowon.literacy.store, type: 4, isMinimized: false, isTunableApp: false
02-06 18:12:29.791  3012  3061 I GameSDK@LifeCycle: noteResumeComponent(): package name  : com.kyowon.literacy.store
02-06 18:12:29.792 27108 27108 V InputMethodManager: Starting input: tba=com.kyowon.literacy.store ic=null mNaviBarColor -855310 mIsGetNaviBarColorSuccess true , NavVisible : true , NavTrans : false
02-06 18:12:29.828  3012  3934 D MARsPolicyManager: onPackageResumedFG pkgName = com.kyowon.literacy.store, userId = 0
02-06 18:12:29.849  3012  3934 D WindowManager: rotationForOrientation, orientationSource=ActivityRecord{afefb55 u0 com.kyowon.literacy.store/com.kyowon.literacy.ui.login.activity.LoginActivity t3593}
02-06 18:12:29.853  3012  3934 D MARsPolicyManager: onPackageResumedFG pkgName = com.kyowon.literacy.store, userId = 0
02-06 18:12:29.867  3012  3934 D ActivityTaskManager: finishFixedRotationTransform, r=ActivityRecord{afefb55 u0 com.kyowon.literacy.store/com.kyowon.literacy.ui.login.activity.LoginActivity t3593}, caller=com.android.server.wm.WindowToken.finishFixedRotationTransform:664 com.android.server.wm.DisplayContent$FixedRotationTransitionListener.onAppTransitionFinishedLocked:7026 com.android.server.wm.AppTransition.notifyAppTransitionFinishedLocked:543 com.android.server.wm.DisplayContent.handleAnimatingStoppedAndTransition:5836 com.android.server.wm.RootWindowContainer.checkAppTransitionReady:1264 
02-06 18:12:29.980  3012  3934 V ActivityManager: Changed top to 10584,ProcessRecord{505cc94 27108:com.kyowon.literacy.store/u0a584}
02-06 18:12:30.074  3012  3565 V WindowManager: Relayout Window{e637b04 u0 com.kyowon.literacy.store/com.kyowon.literacy.ui.login.activity.LoginActivity}: viewVisibility=0 req=2000x1200
02-06 18:12:30.283  3012  3061 D GameManagerService: notePauseComponent(), received paused-component: com.kyowon.literacy.store
02-06 18:12:30.878  3012  3061 D GameManagerService: noteResumeComponent(), received resumed-component: com.kyowon.literacy.store
02-06 18:12:30.878  3012  3220 D GameManagerService: onLooperPrepared(), msg: MSG_APP_RESUME, resumeComponent: ComponentInfo{com.kyowon.literacy.store/com.kyowon.literacy.ui.login.activity.LoginActivity}
02-06 18:12:30.878  3012  3220 D GameManagerService:   handleResume(). pkgName: com.kyowon.literacy.store, isTunableApp: null
02-06 18:12:30.879  3012  3220 D GameManagerService: notifyFocusInOut(). of pkg: com.kyowon.literacy.store, type: 4, isMinimized: false, isTunableApp: false
02-06 18:12:30.879  3012  3061 I GameSDK@LifeCycle: noteResumeComponent(): package name  : com.kyowon.literacy.store
02-06 18:12:30.932  3012  8912 D WindowManager: rotationForOrientation, orientationSource=ActivityRecord{afefb55 u0 com.kyowon.literacy.store/com.kyowon.literacy.ui.login.activity.LoginActivity t3593}
02-06 18:12:30.942  3012  8912 V WindowManager: Changing focus from Window{e637b04 u0 com.kyowon.literacy.store/com.kyowon.literacy.ui.login.activity.LoginActivity} to null displayId=0 Callers=com.android.server.wm.RootWindowContainer.updateFocusedWindowLocked:566 com.android.server.wm.WindowManagerService.updateFocusedWindowLocked:6311 com.android.server.wm.DisplayContent.setFocusedApp:6776 com.android.server.wm.ActivityTaskManagerService.setResumedActivityUncheckLocked:6725 
02-06 18:12:31.012  3012  3323 D PkgPredictorService-NapClassifier: Predict result: 86.0,2.0,0.0, - [0_&_com.kyowon.literacy.store, 0_&_kr.co.kyowon.launcher, 0_&_com.android.vending]
02-06 18:12:31.084  3012  3061 D GameManagerService: notePauseComponent(), received paused-component: com.kyowon.literacy.store
02-06 18:12:31.254  3012  8912 V WindowManager: Changing focus from null to Window{e637b04 u0 com.kyowon.literacy.store/com.kyowon.literacy.ui.login.activity.LoginActivity} displayId=0 Callers=com.android.server.wm.RootWindowContainer.updateFocusedWindowLocked:566 com.android.server.wm.WindowManagerService.updateFocusedWindowLocked:6311 com.android.server.wm.ActivityRecord.onRemovedFromDisplay:3878 com.android.server.wm.DisplayContent.removeAppToken:1434 
02-06 18:12:31.256  3012  8912 V ActivityManager: Changed top to 10584,ProcessRecord{505cc94 27108:com.kyowon.literacy.store/u0a584}
02-06 18:12:31.275  3012  8912 D MARsPolicyManager: onPackageResumedFG pkgName = com.kyowon.literacy.store, userId = 0
02-06 18:12:31.277  3012  3220 D GameManagerService: onLooperPrepared(), msg: MSG_TASK_FOCUSED, focusedComponent: ComponentInfo{com.kyowon.literacy.store/com.kyowon.literacy.ui.login.activity.LoginActivity}
02-06 18:12:31.277  3012  3220 D GameManagerService:   handleTaskFocused(), pkgName: com.kyowon.literacy.store, clsName: com.kyowon.literacy.ui.login.activity.LoginActivity, userID:0
02-06 18:12:31.278  3012  8912 D WindowManager: rotationForOrientation, orientationSource=ActivityRecord{afefb55 u0 com.kyowon.literacy.store/com.kyowon.literacy.ui.login.activity.LoginActivity t3593}
02-06 18:12:31.280  3012  8912 D MARsPolicyManager: onPackageResumedFG pkgName = com.kyowon.literacy.store, userId = 0
02-06 18:12:31.301  3012  3062 D ActivityTaskManager: finishFixedRotationTransform, r=ActivityRecord{afefb55 u0 com.kyowon.literacy.store/com.kyowon.literacy.ui.login.activity.LoginActivity t3593}, caller=com.android.server.wm.WindowToken.finishFixedRotationTransform:664 com.android.server.wm.DisplayContent$FixedRotationTransitionListener.onAppTransitionFinishedLocked:7026 com.android.server.wm.AppTransition.notifyAppTransitionFinishedLocked:543 com.android.server.wm.DisplayContent.handleAnimatingStoppedAndTransition:5836 com.android.server.wm.RootWindowContainer.checkAppTransitionReady:1264 
02-06 18:12:31.406  3012  3061 D SemGameManager: isGamePackage(), pkgName=com.kyowon.literacy.store
02-06 18:12:31.407  3012  3061 D GameManagerService: identifyGamePackage. com.kyowon.literacy.store, mCurrentUserId: 0, callerUserId: 0
02-06 18:12:31.407  3012  3061 D PkgDataHelper: getGamePkgData(). com.kyowon.literacy.store
02-06 18:12:31.471 27108 27108 V InputMethodManager: Starting input: tba=com.kyowon.literacy.store ic=null mNaviBarColor -855310 mIsGetNaviBarColorSuccess true , NavVisible : true , NavTrans : false
02-06 18:12:31.571  3012  3061 D GameManagerService: noteResumeComponent(), received resumed-component: com.kyowon.literacy.store
02-06 18:12:31.571  3012  3061 I GameSDK@LifeCycle: noteResumeComponent(): package name  : com.kyowon.literacy.store
02-06 18:12:31.571  3012  3220 D GameManagerService: onLooperPrepared(), msg: MSG_APP_RESUME, resumeComponent: ComponentInfo{com.kyowon.literacy.store/com.kyowon.literacy.ui.login.activity.LoginActivity}
02-06 18:12:31.572  3012  3220 D GameManagerService:   handleResume(). pkgName: com.kyowon.literacy.store, isTunableApp: null
02-06 18:12:31.572  3012  3220 D GameManagerService: notifyFocusInOut(). of pkg: com.kyowon.literacy.store, type: 4, isMinimized: false, isTunableApp: false
02-06 18:12:33.843  3012  3624 D WindowManager: rotationForOrientation, orientationSource=ActivityRecord{afefb55 u0 com.kyowon.literacy.store/com.kyowon.literacy.ui.login.activity.LoginActivity t3593}
02-06 18:12:33.854  3012  3624 V WindowManager: Changing focus from Window{e637b04 u0 com.kyowon.literacy.store/com.kyowon.literacy.ui.login.activity.LoginActivity} to null displayId=0 Callers=com.android.server.wm.RootWindowContainer.updateFocusedWindowLocked:566 com.android.server.wm.WindowManagerService.updateFocusedWindowLocked:6311 com.android.server.wm.DisplayContent.setFocusedApp:6776 com.android.server.wm.ActivityTaskManagerService.setResumedActivityUncheckLocked:6725 
02-06 18:12:33.918  3012  7309 V WindowManager: Changing focus from null to Window{e637b04 u0 com.kyowon.literacy.store/com.kyowon.literacy.ui.login.activity.LoginActivity} displayId=0 Callers=com.android.server.wm.RootWindowContainer.updateFocusedWindowLocked:566 com.android.server.wm.WindowManagerService.updateFocusedWindowLocked:6311 com.android.server.wm.ActivityRecord.onRemovedFromDisplay:3878 com.android.server.wm.DisplayContent.removeAppToken:1434 
02-06 18:12:33.919  3012  7309 V ActivityManager: Changed top to 10584,ProcessRecord{505cc94 27108:com.kyowon.literacy.store/u0a584}
02-06 18:12:33.925  3012  7309 D MARsPolicyManager: onPackageResumedFG pkgName = com.kyowon.literacy.store, userId = 0
02-06 18:12:33.931  3012  7309 D WindowManager: rotationForOrientation, orientationSource=ActivityRecord{afefb55 u0 com.kyowon.literacy.store/com.kyowon.literacy.ui.login.activity.LoginActivity t3593}
02-06 18:12:33.933  3012  3220 D GameManagerService: onLooperPrepared(), msg: MSG_TASK_FOCUSED, focusedComponent: ComponentInfo{com.kyowon.literacy.store/com.kyowon.literacy.ui.login.activity.LoginActivity}
02-06 18:12:33.933  3012  3220 D GameManagerService:   handleTaskFocused(), pkgName: com.kyowon.literacy.store, clsName: com.kyowon.literacy.ui.login.activity.LoginActivity, userID:0
02-06 18:12:33.933  3012  7309 D MARsPolicyManager: onPackageResumedFG pkgName = com.kyowon.literacy.store, userId = 0
02-06 18:12:33.933  3012  3220 D GameManagerService:   handleResume(). pkgName: com.kyowon.literacy.store, isTunableApp: null
02-06 18:12:33.933  3012  3220 D GameManagerService: notifyFocusInOut(). of pkg: com.kyowon.literacy.store, type: 4, isMinimized: false, isTunableApp: false
02-06 18:12:33.944  3012  3062 D ActivityTaskManager: finishFixedRotationTransform, r=ActivityRecord{afefb55 u0 com.kyowon.literacy.store/com.kyowon.literacy.ui.login.activity.LoginActivity t3593}, caller=com.android.server.wm.WindowToken.finishFixedRotationTransform:664 com.android.server.wm.DisplayContent$FixedRotationTransitionListener.onAppTransitionFinishedLocked:7026 com.android.server.wm.AppTransition.notifyAppTransitionFinishedLocked:543 com.android.server.wm.DisplayContent.handleAnimatingStoppedAndTransition:5836 com.android.server.wm.RootWindowContainer.checkAppTransitionReady:1264 
02-06 18:12:34.014  3012  3323 D PkgPredictorService-NapPreloadController: [ML] Sent pkg = com.kyowon.literacy.store uid: 0 type: ml
02-06 18:12:34.090  3012  3715 I ActivityManager: [ML][SD] app:com.kyowon.literacy.store is exist findPkgforMl:false  isOnMemory:true
02-06 18:12:34.122  3012  8912 V WindowManager: Relayout Window{e637b04 u0 com.kyowon.literacy.store/com.kyowon.literacy.ui.login.activity.LoginActivity}: viewVisibility=0 req=2000x1200
02-06 18:12:34.130  3012  3061 D GameManagerService: notePauseComponent(), received paused-component: com.kyowon.literacy.store
02-06 18:12:34.195 27108 27108 V InputMethodManager: Starting input: tba=com.kyowon.literacy.store ic=null mNaviBarColor -855310 mIsGetNaviBarColorSuccess true , NavVisible : true , NavTrans : false
02-06 18:12:34.469  3012  3061 D GameManagerService: noteResumeComponent(), received resumed-component: com.kyowon.literacy.store
02-06 18:12:34.469  3012  3061 I GameSDK@LifeCycle: noteResumeComponent(): package name  : com.kyowon.literacy.store
02-06 18:12:34.469  3012  3220 D GameManagerService: onLooperPrepared(), msg: MSG_APP_RESUME, resumeComponent: ComponentInfo{com.kyowon.literacy.store/com.kyowon.literacy.ui.login.activity.LoginActivity}
02-06 18:12:34.470  3012  3220 D GameManagerService:   handleResume(). pkgName: com.kyowon.literacy.store, isTunableApp: null
02-06 18:12:34.470  3012  3220 D GameManagerService: notifyFocusInOut(). of pkg: com.kyowon.literacy.store, type: 4, isMinimized: false, isTunableApp: false
02-06 18:12:35.435  3012  3061 D GameManagerService: notePauseComponent(), received paused-component: com.kyowon.literacy.store
02-06 18:12:35.929  3012  3453 D WindowManager: rotationForOrientation, orientationSource=ActivityRecord{afefb55 u0 com.kyowon.literacy.store/com.kyowon.literacy.ui.login.activity.LoginActivity t3593}
02-06 18:12:35.961  3012  3453 V WindowManager: Changing focus from Window{e637b04 u0 com.kyowon.literacy.store/com.kyowon.literacy.ui.login.activity.LoginActivity} to null displayId=0 Callers=com.android.server.wm.RootWindowContainer.updateFocusedWindowLocked:566 com.android.server.wm.WindowManagerService.updateFocusedWindowLocked:6311 com.android.server.wm.DisplayContent.setFocusedApp:6776 com.android.server.wm.ActivityTaskManagerService.setResumedActivityUncheckLocked:6725 
02-06 18:12:36.041  3012  3323 D PkgPredictorService-NapClassifier: Predict result: 86.0,2.0,0.0, - [0_&_com.kyowon.literacy.store, 0_&_kr.co.kyowon.launcher, 0_&_com.android.vending]
02-06 18:12:36.853  3012  3030 V WindowManager: Changing focus from null to Window{e637b04 u0 com.kyowon.literacy.store/com.kyowon.literacy.ui.login.activity.LoginActivity} displayId=0 Callers=com.android.server.wm.RootWindowContainer.updateFocusedWindowLocked:566 com.android.server.wm.WindowManagerService.updateFocusedWindowLocked:6311 com.android.server.wm.ActivityRecord.onRemovedFromDisplay:3878 com.android.server.wm.DisplayContent.removeAppToken:1434 
02-06 18:12:36.855  3012  3030 V ActivityManager: Changed top to 10584,ProcessRecord{505cc94 27108:com.kyowon.literacy.store/u0a584}
02-06 18:12:36.914  3012  3030 D MARsPolicyManager: onPackageResumedFG pkgName = com.kyowon.literacy.store, userId = 0
02-06 18:12:36.918  3012  3220 D GameManagerService: onLooperPrepared(), msg: MSG_TASK_FOCUSED, focusedComponent: ComponentInfo{com.kyowon.literacy.store/com.kyowon.literacy.ui.login.activity.LoginActivity}
02-06 18:12:36.918  3012  3220 D GameManagerService:   handleTaskFocused(), pkgName: com.kyowon.literacy.store, clsName: com.kyowon.literacy.ui.login.activity.LoginActivity, userID:0
02-06 18:12:36.919  3012  3030 D WindowManager: rotationForOrientation, orientationSource=ActivityRecord{afefb55 u0 com.kyowon.literacy.store/com.kyowon.literacy.ui.login.activity.LoginActivity t3593}
02-06 18:12:36.921  3012  3030 D MARsPolicyManager: onPackageResumedFG pkgName = com.kyowon.literacy.store, userId = 0
02-06 18:12:36.933  3012  3062 D ActivityTaskManager: finishFixedRotationTransform, r=ActivityRecord{afefb55 u0 com.kyowon.literacy.store/com.kyowon.literacy.ui.login.activity.LoginActivity t3593}, caller=com.android.server.wm.WindowToken.finishFixedRotationTransform:664 com.android.server.wm.DisplayContent$FixedRotationTransitionListener.onAppTransitionFinishedLocked:7026 com.android.server.wm.AppTransition.notifyAppTransitionFinishedLocked:543 com.android.server.wm.DisplayContent.handleAnimatingStoppedAndTransition:5836 com.android.server.wm.RootWindowContainer.checkAppTransitionReady:1264 
02-06 18:12:36.975  3012  3462 D MdnieScenarioControlService:  packageName : com.kyowon.literacy.store    className : com.kyowon.literacy.ui.login.activity.LoginActivity
02-06 18:12:37.093  3012  7898 V ActivityManager: Changed top to 10584,ProcessRecord{505cc94 27108:com.kyowon.literacy.store/u0a584}
02-06 18:12:37.187  3012  3030 V WindowManager: Relayout Window{e637b04 u0 com.kyowon.literacy.store/com.kyowon.literacy.ui.login.activity.LoginActivity}: viewVisibility=0 req=2000x1200
02-06 18:12:37.252  3012  7152 D MARsPolicyManager: onPackageResumedFG pkgName = com.kyowon.literacy.store, userId = 0
02-06 18:12:37.254  3012  7152 D WindowManager: rotationForOrientation, orientationSource=ActivityRecord{afefb55 u0 com.kyowon.literacy.store/com.kyowon.literacy.ui.login.activity.LoginActivity t3593}
02-06 18:12:37.256  3012  7152 D MARsPolicyManager: onPackageResumedFG pkgName = com.kyowon.literacy.store, userId = 0
02-06 18:12:37.263  3012  7152 D ActivityTaskManager: finishFixedRotationTransform, r=ActivityRecord{afefb55 u0 com.kyowon.literacy.store/com.kyowon.literacy.ui.login.activity.LoginActivity t3593}, caller=com.android.server.wm.WindowToken.finishFixedRotationTransform:664 com.android.server.wm.DisplayContent$FixedRotationTransitionListener.onAppTransitionFinishedLocked:7026 com.android.server.wm.AppTransition.notifyAppTransitionFinishedLocked:543 com.android.server.wm.DisplayContent.handleAnimatingStoppedAndTransition:5836 com.android.server.wm.RootWindowContainer.checkAppTransitionReady:1264 
02-06 18:12:37.272 27108 27108 V InputMethodManager: Starting input: tba=com.kyowon.literacy.store ic=null mNaviBarColor -855310 mIsGetNaviBarColorSuccess true , NavVisible : true , NavTrans : false
02-06 18:12:37.428  3012  3061 D GameManagerService: noteResumeComponent(), received resumed-component: com.kyowon.literacy.store
02-06 18:12:37.428  3012  3061 I GameSDK@LifeCycle: noteResumeComponent(): package name  : com.kyowon.literacy.store
02-06 18:12:37.428  3012  3220 D GameManagerService: onLooperPrepared(), msg: MSG_APP_RESUME, resumeComponent: ComponentInfo{com.kyowon.literacy.store/com.kyowon.literacy.ui.login.activity.LoginActivity}
02-06 18:12:37.429  3012  3220 D GameManagerService:   handleResume(). pkgName: com.kyowon.literacy.store, isTunableApp: null
02-06 18:12:37.429  3012  3220 D GameManagerService: notifyFocusInOut(). of pkg: com.kyowon.literacy.store, type: 4, isMinimized: false, isTunableApp: false
02-06 18:12:37.487  3012  3453 V ActivityManager: Changed top to 10584,ProcessRecord{505cc94 27108:com.kyowon.literacy.store/u0a584}
02-06 18:12:37.507  3012  7159 V WindowManager: Relayout Window{e637b04 u0 com.kyowon.literacy.store/com.kyowon.literacy.ui.login.activity.LoginActivity}: viewVisibility=0 req=2000x1200
02-06 18:12:37.544  3012  3934 D MARsPolicyManager: onPackageResumedFG pkgName = com.kyowon.literacy.store, userId = 0
02-06 18:12:37.548  3012  3934 D WindowManager: rotationForOrientation, orientationSource=ActivityRecord{afefb55 u0 com.kyowon.literacy.store/com.kyowon.literacy.ui.login.activity.LoginActivity t3593}
02-06 18:12:37.550  3012  3934 D MARsPolicyManager: onPackageResumedFG pkgName = com.kyowon.literacy.store, userId = 0
02-06 18:12:37.554  3012  3934 D ActivityTaskManager: finishFixedRotationTransform, r=ActivityRecord{afefb55 u0 com.kyowon.literacy.store/com.kyowon.literacy.ui.login.activity.LoginActivity t3593}, caller=com.android.server.wm.WindowToken.finishFixedRotationTransform:664 com.android.server.wm.DisplayContent$FixedRotationTransitionListener.onAppTransitionFinishedLocked:7026 com.android.server.wm.AppTransition.notifyAppTransitionFinishedLocked:543 com.android.server.wm.DisplayContent.handleAnimatingStoppedAndTransition:5836 com.android.server.wm.RootWindowContainer.checkAppTransitionReady:1264 
02-06 18:12:37.570  3012  3061 D GameManagerService: notePauseComponent(), received paused-component: com.kyowon.literacy.store
02-06 18:12:37.816  3012  3061 D SemGameManager: isGamePackage(), pkgName=com.kyowon.literacy.store
02-06 18:12:37.817  3012  3061 D GameManagerService: identifyGamePackage. com.kyowon.literacy.store, mCurrentUserId: 0, callerUserId: 0
02-06 18:12:37.817  3012  3061 D PkgDataHelper: getGamePkgData(). com.kyowon.literacy.store
02-06 18:12:37.817  3012  3061 D GameManagerService: noteResumeComponent(), received resumed-component: com.kyowon.literacy.store
02-06 18:12:37.818  3012  3061 I GameSDK@LifeCycle: noteResumeComponent(): package name  : com.kyowon.literacy.store
02-06 18:12:37.818  3012  3220 D GameManagerService: onLooperPrepared(), msg: MSG_APP_RESUME, resumeComponent: ComponentInfo{com.kyowon.literacy.store/com.kyowon.literacy.ui.login.activity.LoginActivity}
02-06 18:12:37.818  3012  3220 D GameManagerService:   handleResume(). pkgName: com.kyowon.literacy.store, isTunableApp: null
02-06 18:12:37.818  3012  3220 D GameManagerService: notifyFocusInOut(). of pkg: com.kyowon.literacy.store, type: 4, isMinimized: false, isTunableApp: false
02-06 18:12:37.918  3012  3061 D GameManagerService: notePauseComponent(), received paused-component: com.kyowon.literacy.store
02-06 18:12:38.215  3012  3061 D GameManagerService: noteResumeComponent(), received resumed-component: com.kyowon.literacy.store
02-06 18:12:38.215  3012  3061 I GameSDK@LifeCycle: noteResumeComponent(): package name  : com.kyowon.literacy.store
02-06 18:12:38.215  3012  3220 D GameManagerService: onLooperPrepared(), msg: MSG_APP_RESUME, resumeComponent: ComponentInfo{com.kyowon.literacy.store/com.kyowon.literacy.ui.login.activity.LoginActivity}
02-06 18:12:38.216  3012  3220 D GameManagerService:   handleResume(). pkgName: com.kyowon.literacy.store, isTunableApp: null
02-06 18:12:38.216  3012  3220 D GameManagerService: notifyFocusInOut(). of pkg: com.kyowon.literacy.store, type: 4, isMinimized: false, isTunableApp: false
02-06 18:12:38.400  3012  3061 D GameManagerService: notePauseComponent(), received paused-component: com.kyowon.literacy.store
02-06 18:12:38.796  3012  8912 D WindowManager: rotationForOrientation, orientationSource=ActivityRecord{afefb55 u0 com.kyowon.literacy.store/com.kyowon.literacy.ui.login.activity.LoginActivity t3593}
02-06 18:12:38.804  3012  8912 V WindowManager: Changing focus from Window{e637b04 u0 com.kyowon.literacy.store/com.kyowon.literacy.ui.login.activity.LoginActivity} to null displayId=0 Callers=com.android.server.wm.RootWindowContainer.updateFocusedWindowLocked:566 com.android.server.wm.WindowManagerService.updateFocusedWindowLocked:6311 com.android.server.wm.DisplayContent.setFocusedApp:6776 com.android.server.wm.ActivityTaskManagerService.setResumedActivityUncheckLocked:6725 
02-06 18:12:38.979  3012  3323 D PkgPredictorService-NapClassifier: Predict result: 86.0,2.0,0.0, - [0_&_com.kyowon.literacy.store, 0_&_kr.co.kyowon.launcher, 0_&_com.android.vending]
02-06 18:12:39.574  3012  7159 V WindowManager: Changing focus from null to Window{e637b04 u0 com.kyowon.literacy.store/com.kyowon.literacy.ui.login.activity.LoginActivity} displayId=0 Callers=com.android.server.wm.RootWindowContainer.updateFocusedWindowLocked:566 com.android.server.wm.WindowManagerService.updateFocusedWindowLocked:6311 com.android.server.wm.DisplayContent.layoutAndAssignWindowLayersIfNeeded:4201 com.android.server.wm.TaskDisplayArea.positionStackAt:1016 
02-06 18:12:39.644  3012  7145 V ActivityManager: Changed top to 10584,ProcessRecord{505cc94 27108:com.kyowon.literacy.store/u0a584}
02-06 18:12:39.654 27108 27108 V InputMethodManager: Starting input: tba=com.kyowon.literacy.store ic=null mNaviBarColor -855310 mIsGetNaviBarColorSuccess true , NavVisible : true , NavTrans : false
02-06 18:12:39.786  3012  7145 D MARsPolicyManager: onPackageResumedFG pkgName = com.kyowon.literacy.store, userId = 0
02-06 18:12:39.792  3012  3220 D GameManagerService: onLooperPrepared(), msg: MSG_TASK_FOCUSED, focusedComponent: ComponentInfo{com.kyowon.literacy.store/com.kyowon.literacy.ui.login.activity.LoginActivity}
02-06 18:12:39.792  3012  3220 D GameManagerService:   handleTaskFocused(), pkgName: com.kyowon.literacy.store, clsName: com.kyowon.literacy.ui.login.activity.LoginActivity, userID:0
02-06 18:12:39.793  3012  7145 D WindowManager: rotationForOrientation, orientationSource=ActivityRecord{afefb55 u0 com.kyowon.literacy.store/com.kyowon.literacy.ui.login.activity.LoginActivity t3593}
02-06 18:12:39.795  3012  7145 D MARsPolicyManager: onPackageResumedFG pkgName = com.kyowon.literacy.store, userId = 0
02-06 18:12:39.828  3012  7145 D ActivityTaskManager: finishFixedRotationTransform, r=ActivityRecord{afefb55 u0 com.kyowon.literacy.store/com.kyowon.literacy.ui.login.activity.LoginActivity t3593}, caller=com.android.server.wm.WindowToken.finishFixedRotationTransform:664 com.android.server.wm.DisplayContent$FixedRotationTransitionListener.onAppTransitionFinishedLocked:7026 com.android.server.wm.AppTransition.notifyAppTransitionFinishedLocked:543 com.android.server.wm.DisplayContent.handleAnimatingStoppedAndTransition:5836 com.android.server.wm.RootWindowContainer.checkAppTransitionReady:1264 
02-06 18:12:39.864  3012  3030 V WindowManager: Changing focus from Window{e637b04 u0 com.kyowon.literacy.store/com.kyowon.literacy.ui.login.activity.LoginActivity} to null displayId=0 Callers=com.android.server.wm.RootWindowContainer.updateFocusedWindowLocked:566 com.android.server.wm.WindowManagerService.updateFocusedWindowLocked:6311 com.android.server.wm.DisplayContent.setFocusedApp:6776 com.android.server.wm.ActivityTaskManagerService.setResumedActivityUncheckLocked:6725 
02-06 18:12:40.037  3012  3061 D GameManagerService: noteResumeComponent(), received resumed-component: com.kyowon.literacy.store
02-06 18:12:40.038  3012  3061 I GameSDK@LifeCycle: noteResumeComponent(): package name  : com.kyowon.literacy.store
02-06 18:12:40.211  3012  8912 D WindowManager: rotationForOrientation, orientationSource=ActivityRecord{afefb55 u0 com.kyowon.literacy.store/com.kyowon.literacy.ui.login.activity.LoginActivity t3593}
02-06 18:12:40.241  3012  7145 V WindowManager: Relayout Window{e637b04 u0 com.kyowon.literacy.store/com.kyowon.literacy.ui.login.activity.LoginActivity}: viewVisibility=0 req=2000x1200
02-06 18:12:40.315  3012  3624 V WindowManager: Changing focus from null to Window{e637b04 u0 com.kyowon.literacy.store/com.kyowon.literacy.ui.login.activity.LoginActivity} displayId=0 Callers=com.android.server.wm.RootWindowContainer.updateFocusedWindowLocked:566 com.android.server.wm.WindowManagerService.updateFocusedWindowLocked:6311 com.android.server.wm.ActivityRecord.onRemovedFromDisplay:3878 com.android.server.wm.DisplayContent.removeAppToken:1434 
02-06 18:12:40.334  3012  3624 D MARsPolicyManager: onPackageResumedFG pkgName = com.kyowon.literacy.store, userId = 0
02-06 18:12:40.337  3012  3624 D WindowManager: rotationForOrientation, orientationSource=ActivityRecord{afefb55 u0 com.kyowon.literacy.store/com.kyowon.literacy.ui.login.activity.LoginActivity t3593}
02-06 18:12:40.341  3012  3624 D MARsPolicyManager: onPackageResumedFG pkgName = com.kyowon.literacy.store, userId = 0
02-06 18:12:40.365   862   862 D SurfaceFlinger:      DEVICE | 0xb400007ac04cd650 | 0002 | RGBA_8888    |    0.0    0.0 1200.0 2000.0 |    0    0 1200 2000 | com.kyowon.literacy.store/com.kyowon[...]ogin.activity.LoginActivity$_27108#0
02-06 18:12:40.367  3012  3220 D GameManagerService: onLooperPrepared(), msg: MSG_TASK_FOCUSED, focusedComponent: ComponentInfo{com.kyowon.literacy.store/com.kyowon.literacy.ui.login.activity.LoginActivity}
02-06 18:12:40.367  3012  3220 D GameManagerService:   handleTaskFocused(), pkgName: com.kyowon.literacy.store, clsName: com.kyowon.literacy.ui.login.activity.LoginActivity, userID:0
02-06 18:12:40.368  3012  3220 D GameManagerService:   handleResume(). pkgName: com.kyowon.literacy.store, isTunableApp: null
02-06 18:12:40.368  3012  3220 D GameManagerService: notifyFocusInOut(). of pkg: com.kyowon.literacy.store, type: 4, isMinimized: false, isTunableApp: false
02-06 18:12:40.397  3012  7152 D InsetsSourceProvider: updateVisibility: serverVisible=true, clientVisible=false, source=InsetsSource: {mType=ITYPE_STATUS_BAR, mFrame=[0,0][2000,36], mVisible=false}, controlTarget=Window{e637b04 u0 com.kyowon.literacy.store/com.kyowon.literacy.ui.login.activity.LoginActivity}, from=com.android.server.wm.InsetsSourceProvider.setClientVisible:378 com.android.server.wm.InsetsSourceProvider.onInsetsModified:363 com.android.server.wm.InsetsStateController.onInsetsModified:416 com.android.server.wm.InsetsPolicy.onInsetsModified:320 com.android.server.wm.Session.insetsModified:512 android.view.IWindowSession$Stub.onTransact:1398 com.android.server.wm.Session.onTransact:145 android.os.Binder.execTransactInternal:1195 android.os.Binder.execTransact:1159 <bottom of call stack> 
02-06 18:12:40.398  3012  7152 D InsetsSourceProvider: updateVisibility: serverVisible=true, clientVisible=false, source=InsetsSource: {mType=ITYPE_NAVIGATION_BAR, mFrame=[0,1128][2000,1200], mVisible=false}, controlTarget=Window{e637b04 u0 com.kyowon.literacy.store/com.kyowon.literacy.ui.login.activity.LoginActivity}, from=com.android.server.wm.InsetsSourceProvider.setClientVisible:378 com.android.server.wm.InsetsSourceProvider.onInsetsModified:363 com.android.server.wm.InsetsStateController.onInsetsModified:416 com.android.server.wm.InsetsPolicy.onInsetsModified:320 com.android.server.wm.Session.insetsModified:512 android.view.IWindowSession$Stub.onTransact:1398 com.android.server.wm.Session.onTransact:145 android.os.Binder.execTransactInternal:1195 android.os.Binder.execTransact:1159 <bottom of call stack> 
02-06 18:12:40.454   862   862 D SurfaceFlinger:      DEVICE | 0xb400007acfe20840 | 0002 | RGBA_8888    |    0.0    0.0 1200.0 2000.0 |    0    0 1200 2000 | com.kyowon.literacy.store/com.kyowon[...]ogin.activity.LoginActivity$_27108#0
02-06 18:12:40.473  3012  3624 V ActivityManager: Changed top to 10584,ProcessRecord{505cc94 27108:com.kyowon.literacy.store/u0a584}
02-06 18:12:40.553  3012  7310 V WindowManager: Relayout Window{e637b04 u0 com.kyowon.literacy.store/com.kyowon.literacy.ui.login.activity.LoginActivity}: viewVisibility=0 req=2000x1200
02-06 18:12:40.589  3012  3062 D ActivityTaskManager: finishFixedRotationTransform, r=ActivityRecord{afefb55 u0 com.kyowon.literacy.store/com.kyowon.literacy.ui.login.activity.LoginActivity t3593}, caller=com.android.server.wm.WindowToken.finishFixedRotationTransform:664 com.android.server.wm.DisplayContent$FixedRotationTransitionListener.onAppTransitionFinishedLocked:7026 com.android.server.wm.AppTransition.notifyAppTransitionFinishedLocked:543 com.android.server.wm.DisplayContent.handleAnimatingStoppedAndTransition:5836 com.android.server.wm.RootWindowContainer.checkAppTransitionReady:1264 
02-06 18:12:40.641  3012  7226 D WindowManager: finishDrawingWindow: Window{e637b04 u0 com.kyowon.literacy.store/com.kyowon.literacy.ui.login.activity.LoginActivity} mDrawState=HAS_DRAWN
02-06 18:12:40.703   862   862 D SurfaceFlinger:      DEVICE | 0xb400007ac04cd650 | 0002 | RGBA_8888    |    0.0    0.0 1200.0 2000.0 |    0    0 1200 2000 | com.kyowon.literacy.store/com.kyowon[...]ogin.activity.LoginActivity$_27108#0
02-06 18:12:40.771  3012  7310 D MARsPolicyManager: onPackageResumedFG pkgName = com.kyowon.literacy.store, userId = 0
02-06 18:12:40.774  3012  7310 D WindowManager: rotationForOrientation, orientationSource=ActivityRecord{afefb55 u0 com.kyowon.literacy.store/com.kyowon.literacy.ui.login.activity.LoginActivity t3593}
02-06 18:12:40.776  3012  7310 D MARsPolicyManager: onPackageResumedFG pkgName = com.kyowon.literacy.store, userId = 0
02-06 18:12:40.786  3012  7310 D ActivityTaskManager: finishFixedRotationTransform, r=ActivityRecord{afefb55 u0 com.kyowon.literacy.store/com.kyowon.literacy.ui.login.activity.LoginActivity t3593}, caller=com.android.server.wm.WindowToken.finishFixedRotationTransform:664 com.android.server.wm.DisplayContent$FixedRotationTransitionListener.onAppTransitionFinishedLocked:7026 com.android.server.wm.AppTransition.notifyAppTransitionFinishedLocked:543 com.android.server.wm.DisplayContent.handleAnimatingStoppedAndTransition:5836 com.android.server.wm.RootWindowContainer.checkAppTransitionReady:1264 
02-06 18:12:40.792 27108 27108 V InputMethodManager: Starting input: tba=com.kyowon.literacy.store ic=null mNaviBarColor -855310 mIsGetNaviBarColorSuccess true , NavVisible : true , NavTrans : false
02-06 18:12:40.964  3012  3811 V WindowManager: Relayout Window{e637b04 u0 com.kyowon.literacy.store/com.kyowon.literacy.ui.login.activity.LoginActivity}: viewVisibility=0 req=2000x1200
02-06 18:12:41.028  3012  3061 D GameManagerService: notePauseComponent(), received paused-component: com.kyowon.literacy.store
02-06 18:12:41.359  3012  3061 D GameManagerService: noteResumeComponent(), received resumed-component: com.kyowon.literacy.store
02-06 18:12:41.359  3012  3061 I GameSDK@LifeCycle: noteResumeComponent(): package name  : com.kyowon.literacy.store
02-06 18:12:41.359  3012  3220 D GameManagerService: onLooperPrepared(), msg: MSG_APP_RESUME, resumeComponent: ComponentInfo{com.kyowon.literacy.store/com.kyowon.literacy.ui.login.activity.LoginActivity}
02-06 18:12:41.359  3012  3220 D GameManagerService:   handleResume(). pkgName: com.kyowon.literacy.store, isTunableApp: null
02-06 18:12:41.359  3012  3220 D GameManagerService: notifyFocusInOut(). of pkg: com.kyowon.literacy.store, type: 4, isMinimized: false, isTunableApp: false
02-06 18:12:41.430  3012  3061 D GameManagerService: notePauseComponent(), received paused-component: com.kyowon.literacy.store
02-06 18:12:42.045  3012  3061 D GameManagerService: noteResumeComponent(), received resumed-component: com.kyowon.literacy.store
02-06 18:12:42.045  3012  3061 I GameSDK@LifeCycle: noteResumeComponent(): package name  : com.kyowon.literacy.store
