02-06 18:14:16.928  2588 11445 D CCodecBufferChannel: [c2.sec.mp3.decoder#81] Created input block pool with allocatorID 16 => poolID 398 - OK (0)
02-06 18:14:16.929  1093 18858 E FMQ     : grantorIdx must be less than 3
02-06 18:14:16.929  1093 18858 E FMQ     : grantorIdx must be less than 3
02-06 18:14:16.930  2588 11445 I CCodecBufferChannel: [c2.sec.mp3.decoder#81] Created output block pool with allocatorID 16 => poolID 4126 - OK
02-06 18:14:16.930  2588 11445 D CCodecBufferChannel: [c2.sec.mp3.decoder#81] Configured output block pool ids 4126 => OK
02-06 18:14:16.931  2588 11445 D CCodecBufferChannel: [c2.sec.mp3.decoder#81] start: updating output delay 0
02-06 18:14:16.931  2588 11445 I CCodec  : state->set(RUNNING)
02-06 18:14:16.931  8094  8094 W ContextImpl: Calling a method in the system process without a qualified user: android.app.ContextImpl.startService:1739 android.content.ContextWrapper.startService:738 android.content.ContextWrapper.startService:738 com.sec.android.diagmonagent.sa.receiver.CFLogReceiver.sendCFLog:26 com.sec.android.diagmonagent.sa.receiver.CFLogReceiver.onReceive:18 
02-06 18:14:16.931  1093  5651 I SEC_componentStore: >>SEC Codec2's2 SetIonUsage : 33554432
02-06 18:14:16.931  1093  5651 I SEC_componentStore: >>SEC Codec2's SetIonUsage
02-06 18:14:16.933  2588 11444 I NuPlayerRenderer: flush audio, notifyComplete 1, shutdown Yes
02-06 18:14:16.933  2588 11443 I NuPlayerRenderer: flushing audio
02-06 18:14:16.933  2588 11443 I NuPlayerRenderer: onFlush mAudioDrainGeneration : 2
02-06 18:14:16.933  2588 11443 V AudioSink: flush
02-06 18:14:16.933  2588 11443 V AudioSink: stop
02-06 18:14:16.933  2588 11433 V NuPlayer: renderer audio flush completed.
02-06 18:14:16.933  2588 11444 D NuPlayerRenderer: signalTimeDiscontinuity() mHasAudio = 0 , mHasVideo = 0
02-06 18:14:16.938  2588 11445 I CCodec  : state->set(FLUSHING)
02-06 18:14:16.939  2588 11445 I CCodec  : state->set(FLUSHED)
02-06 18:14:16.939  2588 11433 V NuPlayer: decoder audio flush completed
02-06 18:14:16.939  2588 11433 V NuPlayer: initiating audio decoder shutdown
02-06 18:14:16.939  2588 11445 I CCodec  : state->set(RELEASING)
02-06 18:14:16.941 10400 10862 I afeq    : (REDACTED) #FCF: Managed profile check status : %s
02-06 18:14:16.944  2588 11450 I CCodec  : [c2.sec.mp3.decoder] release(1)
02-06 18:14:16.945  2588 11450 I CCodec  : state->set(RELEASED)
02-06 18:14:16.946  2588 11445 D BufferPoolAccessor2.0: Destruction - bufferpool2 0xf6c7ba98 cached: 0/0M, 0/0% in use; allocs: 5, 0% recycled; transfers: 0, 0% unfetched
02-06 18:14:16.947  1093 19367 D BufferPoolAccessor2.0: Destruction - bufferpool2 0xf3f94f98 cached: 0/0M, 0/0% in use; allocs: 0, 0% recycled; transfers: 0, 0% unfetched
02-06 18:14:16.947  2588 11445 I MediaCodec: Codec shutdown complete
02-06 18:14:16.948  2588 11444 I NuPlayerDecoder: onShutdown notifyComplete : Yes
02-06 18:14:16.948  2588 11433 V NuPlayer: audio shutdown completed
02-06 18:14:16.948  1093 19367 I C2SecMp3Dec: in DestroyCodec2Factory
02-06 18:14:16.948  2588 11433 V NuPlayer: both audio and video are flushed now.
02-06 18:14:16.948  2588 11433 V NuPlayer: performReset
02-06 18:14:16.948  2588 11433 V NuPlayer: updatePlaybackTimer(stop)  time                    0 (performReset)
02-06 18:14:16.948  2588 11433 V NuPlayer: updateRebufferingTimer(stop)  time                    0 (exiting 1)
02-06 18:14:16.950  2588 11433 D NuPlayerDriver: notifyResetComplete(0xf756ed80)
02-06 18:14:16.950  2588 11450 I hw-BpHwBinder: onLastStrongRef automatically unlinking death recipients
02-06 18:14:16.951  2588 26811 V NuPlayerDriver: ~NuPlayerDriver(0xf756ed80)
02-06 18:14:16.952  2588 26811 V NuPlayerDriver: updateMetrics(0xf756ed80) from destructor at state 0
02-06 18:14:16.952  2588 26811 V NuPlayer: updateInternalTimers()
02-06 18:14:16.952  2588 26811 V NuPlayer: updatePlaybackTimer(snap)  time                    0 (updateInternalTimers)
02-06 18:14:16.952  2588 26811 V NuPlayer: updateRebufferingTimer(snap)  time                    0 (exiting 0)
02-06 18:14:16.952  2588 26811 V NuPlayerDriver: logMetrics(0xf756ed80) from destructor at state 0
02-06 18:14:16.952  2588 26811 V NuPlayerDriver: nothing to record (only 3 fields)
02-06 18:14:16.953 31505 31505 V MediaPlayerNative: destructor
02-06 18:14:16.953  2588  3027 V MediaPlayerService: Client(395) destructor pid = 31505
02-06 18:14:16.953  2588  3027 V AudioSink: +++ close
02-06 18:14:16.953  2588  3027 V AudioSink: --- close
02-06 18:14:16.953  2588  3027 V MediaPlayerService: disconnect(395) from pid 31505
02-06 18:14:16.955 31505 31505 V MediaPlayerNative: disconnect
02-06 18:14:16.956  3012  8461 D MARsPolicyManager: onPackageResumedFG pkgName = com.netease.open.pocoservice, userId = 0
02-06 18:14:16.956  3012  3061 D GameManagerService: notePauseComponent(), received paused-component: com.kyowon.literacy.store
02-06 18:14:16.957  3012  8461 V WindowManager: Prepare app transition: transit=TRANSIT_TASK_OPEN mNextAppTransition=TRANSIT_TASK_OPEN alwaysKeepCurrent=false displayId=0 Callers=com.android.server.wm.DisplayContent.prepareAppTransition:5809 com.android.server.wm.DisplayContent.prepareAppTransition:5803 com.android.server.wm.ActivityStack.resumeTopActivityInnerLocked:2255 com.android.server.wm.ActivityStack.resumeTopActivityUncheckedLocked:1873 com.android.server.wm.RootWindowContainer.resumeFocusedStacksTopActivities:2677 
02-06 18:14:16.961 31505 31505 W MediaPlayer: mediaplayer went away with unhandled events
02-06 18:14:16.961 31505 31505 W MediaPlayer: mediaplayer went away with unhandled events
02-06 18:14:16.964  8119  8691 I FASProvider: makeValuesForFasUpdate contentValues = package_name=com.netease.open.pocoservice extras=0 reason=deleted_from_mars_auto disableReason=deleted_from_mars_auto uid=10499 mode=0 level=1 resetTime=0
02-06 18:14:16.969  2588 11435 W AMessage: failed to post message as target looper for handler 0 is gone.
02-06 18:14:16.976 31505 31505 W MediaPlayer: mediaplayer went away with unhandled events
02-06 18:14:16.986 10400 10862 I afle    : (REDACTED) isCacheFresh: %s
02-06 18:14:17.011  1093 13961 I OMX-VENC: venc_dev: stats: avg. fps 19.95, bitrate 2089604
02-06 18:14:17.022 11436 11436 I pen.pocoservic: Unquickening 26 vdex files!
02-06 18:14:17.031 10400 10784 I ajsy    : Robin eligibility : Robin is eligible
02-06 18:14:17.035 10400 10783 I atfc    : Live eligibility: Eligible.
02-06 18:14:17.043  7990  7997 I adbd    : jdwp connection from 11436
02-06 18:14:17.070  3012  3081 I SemDvfsHyPerManager: acquire hyper - APP_LAUNCH/3012@19, type = -999
02-06 18:14:17.070  2594  2614 I HYPER-HAL: [RequestManager.cpp]acquire(): Acquired ID : 4595015  [3012 / 19]    HINT : APP_LAUNCH    list : 
02-06 18:14:17.070  2594  2614 I HYPER-HAL: [ResourceManager.cpp]updateResource(): [CPULittleMinFreq] UpdateResource Request ID : 4595015    Value : 1804800
02-06 18:14:17.073  2594  2614 E HYPER-HAL: [HandlerSysfs.cpp]doResourceHandling(): Couldn't Open Sysfs - /sys/class/scsi_host/host0/../../../clkscale_enable
02-06 18:14:17.074  2594  2614 I HYPER-HAL: [ResourceManager.cpp]updateResource(): [CPUMinFreq] UpdateResource Request ID : 4595015    Value : 2016000
02-06 18:14:17.081  3012  7145 I ActivityTaskManager: START u0 {flg=0x10000000 cmp=com.netease.open.pocoservice/.TestActivity} from uid 2000
02-06 18:14:17.083  3012  7145 D ActivityTaskManager: TaskLaunchParamsModifier:task=null activity=ActivityRecord{b2c02fe u0 com.netease.open.pocoservice/.TestActivity task-display-area=DefaultTaskDisplayArea@168164836 display-area-windowing-mode=1
02-06 18:14:17.083  3012  7145 D ActivityTaskManager: TaskLaunchParamsModifier:task=Task{2e5dd13 #3713 visible=false type=standard mode=fullscreen translucent=true A=10499:com.netease.open.pocoservice U=0 StackId=3713 sz=1} activity=ActivityRecord{b2c02fe u0 com.netease.open.pocoservice/.TestActivity t-1} display-from-task=0 task-display-area=DefaultTaskDisplayArea@168164836 display-area-windowing-mode=1 non-freeform-display maximized-bounds
02-06 18:14:17.085  3012  7145 D MARsPolicyManager: onPackageResumedFG pkgName = com.netease.open.pocoservice, userId = 0
02-06 18:14:17.086  3012  7145 V WindowManager: Prepare app transition: transit=TRANSIT_ACTIVITY_OPEN mNextAppTransition=TRANSIT_TASK_OPEN alwaysKeepCurrent=false displayId=0 Callers=com.android.server.wm.DisplayContent.prepareAppTransition:5809 com.android.server.wm.DisplayContent.prepareAppTransition:5803 com.android.server.wm.ActivityStack.resumeTopActivityInnerLocked:2267 com.android.server.wm.ActivityStack.resumeTopActivityUncheckedLocked:1873 com.android.server.wm.RootWindowContainer.resumeFocusedStacksTopActivities:2677 
02-06 18:14:17.088  8119  8691 I FASProvider: makeValuesForFasUpdate contentValues = package_name=com.netease.open.pocoservice extras=0 reason=deleted_from_mars_auto disableReason=deleted_from_mars_auto uid=10499 mode=0 level=1 resetTime=0
02-06 18:14:17.106 11436 11436 D ActivityThread: setConscryptValidator
02-06 18:14:17.106 11436 11436 D ActivityThread: setConscryptValidator - put
02-06 18:14:17.121  2589  2631 E Netd    : getNetworkForDns: getNetId from enterpriseCtrl is netid 0
02-06 18:14:17.124  2589  2631 E Netd    : getNetworkForDns: getNetId from enterpriseCtrl is netid 0
02-06 18:14:17.126  7990  7990 E adbd    : failed to connect to socket 'tcp:10080': Connection refused
02-06 18:14:17.135  3012  3185 I ActivityManager: DSS OFF for com.netease.open.pocoservice
02-06 18:14:17.152  3012  3185 D ActivityManager: attachApplicationLocked() app=ProcessRecord{d2d6095 11436:com.netease.open.pocoservice/u0a499} app.isolatedEntryPoint=null instr2=ActiveInstrumentation{55acd75 {com.netease.open.pocoservice/androidx.test.runner.AndroidJUnitRunner} 1 procs}
02-06 18:14:17.176  3012  3185 V WindowManager: rotationForOrientation(orient=SCREEN_ORIENTATION_LANDSCAPE (0), last=ROTATION_90 (1)); user=ROTATION_0 (0) 
02-06 18:14:17.176  3012  3185 D WindowManager: rotationForOrientation, orientationSource=ActivityRecord{23798b2 u0 com.kyowon.literacy.store/com.kyowon.literacy.ui.login.activity.LoginActivity t3648}
02-06 18:14:17.177  3012  3185 V WindowOrientationListener: getProposedRotation: 1
02-06 18:14:17.178 10400 10605 D WM-SystemJobScheduler: Scheduling work ID 23aba003-5b3c-47ec-bdaa-f81143417733Job ID 24097
02-06 18:14:17.178  3012  3185 V WindowManager: Computed rotation=ROTATION_90 (1) for display id=0 based on lastOrientation=SCREEN_ORIENTATION_LANDSCAPE (0) and oldRotation=ROTATION_90 (1), caller=com.android.server.wm.DisplayRotation.updateOrientation:394 com.android.server.wm.DisplayContent.updateOrientation:1698 com.android.server.wm.DisplayContent.updateOrientation:1626 com.android.server.wm.RootWindowContainer.ensureVisibilityAndConfig:2164 com.android.server.wm.ActivityStackSupervisor.realStartActivityLocked:926 com.android.server.wm.RootWindowContainer.startActivityForAttachedApplicationIfNeeded:2338 
02-06 18:14:17.179  3012  3185 D TspStateManager: updateCustomValue customSetting=
02-06 18:14:17.190  3012  3185 D TspStateManager: updateCustomValue customSetting=
02-06 18:14:17.202  3012  3185 D PkgDataHelper: notifyAppCreate(), pkgName: com.netease.open.pocoservice, sendRet: true
02-06 18:14:17.202  3012  3220 D GameManagerService: onLooperPrepared(), msg: MSG_APP_CREATE, pkgName: com.netease.open.pocoservice
02-06 18:14:17.203  3012  3185 D InputDispatcher: Focused application set to (0): fd35002
02-06 18:14:17.214  3012  3185 V WindowManager: Changing focus from Window{9cfd3d3 u0 com.kyowon.literacy.store/com.kyowon.literacy.ui.login.activity.LoginActivity} to null displayId=0 Callers=com.android.server.wm.RootWindowContainer.updateFocusedWindowLocked:566 com.android.server.wm.WindowManagerService.updateFocusedWindowLocked:6311 com.android.server.wm.DisplayContent.setFocusedApp:6776 com.android.server.wm.ActivityTaskManagerService.setResumedActivityUncheckLocked:6725 
02-06 18:14:17.215  3012  3185 D StatusBarManagerService: notifyRequestedSystemKey recent=false home=false
02-06 18:14:17.218  3012  3185 D GameManagerService: TaskStackListener.onTaskFocusChanged(), taskId=3713, focused=true
02-06 18:14:17.222  3012  3185 D MARsPolicyManager: onPackageResumedFG pkgName = com.netease.open.pocoservice, userId = 0
02-06 18:14:17.223  3012  3220 D GameManagerService: onLooperPrepared(), msg: MSG_TASK_FOCUSED, focusedComponent: ComponentInfo{com.netease.open.pocoservice/com.netease.open.pocoservice.TestActivity}
02-06 18:14:17.223  3012  3220 D GameManagerService: handleTaskFocused().
02-06 18:14:17.223  3012  3220 D GameManagerService:   handleTaskFocused(), pkgName: com.netease.open.pocoservice, clsName: com.netease.open.pocoservice.TestActivity, userID:0
02-06 18:14:17.223  3012  3220 D GameManagerService: handleResume().
02-06 18:14:17.224  3012  3220 D GameManagerService: sendFocusOutConditionally() - mPrevNotiPackage: (unknown)
02-06 18:14:17.224  3012  3220 D GameManagerService:   handleResume(). pkgName: com.netease.open.pocoservice, isTunableApp: null
02-06 18:14:17.224  3012  3220 D GameManagerService: notifyFocusInOut(). of pkg: com.netease.open.pocoservice, type: 4, isMinimized: false, isTunableApp: false
02-06 18:14:17.224  3012  3220 D GameManagerService:   notifyFocusInOut(). unexpected mPrevNotiType: -1
02-06 18:14:17.224  3012  3220 D GameManagerService:NetworkLimit: callRelease
02-06 18:14:17.224  3012  3220 D GM:SystemHelper: callReleaseBlock needReleaseBlock:false
02-06 18:14:17.225  3012  3185 W WindowManager: Execute app transition: mNextAppTransition=TRANSIT_TASK_OPEN, displayId: 0 Callers=com.android.server.wm.RootWindowContainer.executeAppTransitionForAllDisplay:2598 com.android.server.wm.ActivityStackSupervisor.reportResumedActivityLocked:2267 com.android.server.wm.ActivityRecord.completeResumeLocked:5710 com.android.server.wm.ActivityStack.minimalResumeActivityLocked:1225 com.android.server.wm.ActivityStackSupervisor.realStartActivityLocked:1154 
02-06 18:14:17.228  3012  3185 W ActivityManager: Slow operation: 93ms so far, now at attachApplicationLocked: after mServices.attachApplicationLocked
02-06 18:14:17.236  8119  8691 I FASProvider: makeValuesForFasUpdate contentValues = package_name=com.netease.open.pocoservice extras=0 reason=deleted_from_mars_auto disableReason=deleted_from_mars_auto uid=10499 mode=0 level=1 resetTime=0
02-06 18:14:17.244  3012 14608 I ActivityManager: Failure reporting to instrumentation watcher: comp=ComponentInfo{com.netease.open.pocoservice/androidx.test.runner.AndroidJUnitRunner} results=Bundle[{shortMsg=Process crashed.}]
02-06 18:14:17.247  3012  3061 V ActivityManager: Changed top to 10499,ProcessRecord{d2d6095 11436:com.netease.open.pocoservice/u0a499}
02-06 18:14:17.248 11196 11196 D AndroidRuntime: Shutting down VM
02-06 18:14:17.253  3012  3061 I ActivityManager: Changes in 10499 19 to 2, 0 to 7 Caller=com.android.server.am.OomAdjuster.updateOomAdjLocked:399 com.android.server.am.OomAdjuster.updateOomAdjLocked:446 com.android.server.am.ActivityManagerService.updateOomAdjLocked:21491 com.android.server.am.ProcessRecord.updateProcessInfo:1618 com.android.server.am.ProcessRecord.onStartActivity:1650 com.android.server.wm.-$$Lambda$VY87MmFWaCLMkNa2qHGaPrThyrI.accept:27 com.android.internal.util.function.pooled.PooledLambdaImpl.doInvoke:324 
02-06 18:14:17.253  3012  3061 I AppOps  : updateUidProcState uid: 10499 procState: 2 capability:7
02-06 18:14:17.258   821   907 E ANDR-PERF-UTIL: Failed to update node /proc/11302/sched_boost with value 0
02-06 18:14:17.258   821   907 E ANDR-PERF-OPTSHANDLER: can't reset task 11302
02-06 18:14:17.258   821   907 E ANDR-PERF-RESOURCEQS: Failed to reset optimization [3, 32]
02-06 18:14:17.262  3012  3323 D PkgPredictorService: com.netease.open.pocoservice go to foreground!
02-06 18:14:17.262  3012  3323 E PkgPredictorService-Collector: record changed bt=1  wifi=1 screen=1
02-06 18:14:17.262  3012  3323 D PkgPredictorService: previous pkgs: com.netease.open.pocoservice,com.netease.open.pocoservice,com.netease.open.pocoservice running pkg: com.netease.open.pocoservice, uid: 0 is system: false
02-06 18:14:17.263  3012  3323 D PkgPredictorService-Collector: save record...
02-06 18:14:17.263  3012  3323 D PkgPredictorService-Collector:  (hour:18 day:6 previous:[com.netease.open.pocoservice, com.netease.open.pocoservice, com.netease.open.pocoservice] activityName:unknown running:com.netease.open.pocoservice userId:0 screenOrientation:1 wifi:1 bt:1 predictTime:1 apkVersion:1.0.0.68 consumeTime:-1 preloaded:false>)
02-06 18:14:17.263  3012  3323 D PkgPredictorService-NapPreloadController: User using: com.netease.open.pocoservice
02-06 18:14:17.263  3012  3323 I PkgPredictorService-NapClassifier: RF predict version:0
02-06 18:14:17.265  3012  3323 D PkgPredictorService-NapClassifier: Predict result: 86.0,2.0,0.0, - [0_&_com.kyowon.literacy.store, 0_&_kr.co.kyowon.launcher, 0_&_com.android.vending]
02-06 18:14:17.277  3012  8461 I InputDispatcher: Focus left window (31505): 9cfd3d3 in display 0 0
02-06 18:14:17.294  3012  3061 D EnterpriseDeviceManagerService: isMdmAdminPresentInternal() : MDM Admin Found - com.sec.enterprise.knox.cloudmdm.smdms
02-06 18:14:17.300 11436 11436 D ActivityThread: handleBindApplication()++ app=com.netease.open.pocoservice
02-06 18:14:17.360 31505 31505 I ViewRootImpl@9ddb888[LoginActivity]: MSG_WINDOW_FOCUS_CHANGED 0 1
02-06 18:14:17.364 11436 11436 W pen.pocoservic: Accessing hidden method Landroid/app/Instrumentation;->execStartActivity(Landroid/content/Context;Landroid/os/IBinder;Landroid/os/IBinder;Landroid/app/Activity;Landroid/content/Intent;ILandroid/os/Bundle;)Landroid/app/Instrumentation$ActivityResult; (greylist, linking, allowed)
02-06 18:14:17.364 11436 11436 W pen.pocoservic: Accessing hidden method Landroid/app/Instrumentation;->execStartActivity(Landroid/content/Context;Landroid/os/IBinder;Landroid/os/IBinder;Ljava/lang/String;Landroid/content/Intent;ILandroid/os/Bundle;)Landroid/app/Instrumentation$ActivityResult; (greylist, linking, allowed)
02-06 18:14:17.374 11436 11436 D LoadedApk: LoadedApk::makeApplication() appContext=android.app.ContextImpl@c24dd86 appContext.mOpPackageName=com.netease.open.pocoservice appContext.mBasePackageName=com.netease.open.pocoservice appContext.mPackageInfo=android.app.LoadedApk@2d55647
02-06 18:14:17.375 11436 11436 D NetworkSecurityConfig: No Network Security Config specified, using platform default
02-06 18:14:17.412  3012  3061 D GameManagerService: noteResumeComponent(), received resumed-component: com.netease.open.pocoservice
02-06 18:14:17.412  3012  3061 I GameSDK@LifeCycle: noteResumeComponent(): package name  : com.netease.open.pocoservice
02-06 18:14:17.422 11436 11436 D NetworkSecurityConfig: No Network Security Config specified, using platform default
02-06 18:14:17.423 11436 11436 I MonitoringInstr: newApplication called!
02-06 18:14:17.424 11436 11436 I MultiDex: VM with version 2.1.0 has multidex support
02-06 18:14:17.424 11436 11436 I MultiDex: Installing application
02-06 18:14:17.424 11436 11436 I MultiDex: VM has multidex support, MultiDex support library is disabled.
02-06 18:14:17.427  3012  3220 D GameManagerService: onLooperPrepared(), msg: MSG_APP_RESUME, resumeComponent: ComponentInfo{com.netease.open.pocoservice/com.netease.open.pocoservice.TestActivity}
02-06 18:14:17.427  3012  3220 D GameManagerService: handleResume().
02-06 18:14:17.428  3012  3220 D GameManagerService: sendFocusOutConditionally() - mPrevNotiPackage: (unknown)
02-06 18:14:17.428  3012  3220 D GameManagerService:   handleResume(). pkgName: com.netease.open.pocoservice, isTunableApp: null
02-06 18:14:17.428  3012  3220 D GameManagerService: notifyFocusInOut(). of pkg: com.netease.open.pocoservice, type: 4, isMinimized: false, isTunableApp: false
02-06 18:14:17.428  3012  3220 D GameManagerService:   notifyFocusInOut(). unexpected mPrevNotiType: -1
02-06 18:14:17.428  3012  3220 D GameManagerService:NetworkLimit: callRelease
02-06 18:14:17.428  3012  3220 D GM:SystemHelper: callReleaseBlock needReleaseBlock:false
02-06 18:14:17.455  3012  3059 D SehCodecSolutionService: Update top [com.netease.open.pocoservice]
02-06 18:14:17.455  3012  3059 W Looper  : Slow dispatch took 201ms android.ui h=com.android.server.am.ActivityManagerService$UiHandler c=null m=31
02-06 18:14:17.456  2586  9814 V APM_AudioPolicyManager: setAppState(portId:387, state:2)
02-06 18:14:17.456  2586  9814 V APM_AudioPolicyManager: setAppState(portId:387, state:2)
02-06 18:14:17.458  3012  3059 W Looper  : Slow delivery took 202ms android.ui h=com.android.server.am.ActivityManagerService$UiHandler c=null m=53
02-06 18:14:17.460 11436 11436 D ActivityThread: handleBindApplication() -- skipGraphicsSupport=false
02-06 18:14:17.461 11436 11436 I MonitoringInstr: Instrumentation started!
02-06 18:14:17.470 11436 11436 I AndroidJUnitRunner: onCreate Bundle[{class=com.netease.open.pocoservice.InstrumentedTestAsLauncher, debug=false}]
02-06 18:14:17.471 11436 11436 V TestEventClient: No service name argument was given (testDiscoveryService, testRunEventService or orchestratorService)
02-06 18:14:17.499 11332 11332 D app_process: Time zone APEX ICU file found: /apex/com.android.tzdata/etc/icu/icu_tzdata.dat
02-06 18:14:17.500 11332 11332 D app_process: I18n APEX ICU file found: /apex/com.android.i18n/etc/icu/icudt66l.dat
02-06 18:14:17.524 11436 11474 D AndroidJUnitRunner: onStart is called.
02-06 18:14:17.526 11436 11436 D AppCompatDelegate: Checking for metadata for AppLocalesMetadataHolderService : Service not found
02-06 18:14:17.539  3012  8912 I GenerationRegistry: mBackingStore.isClosed() : false
02-06 18:14:17.551 11436 11436 D LifecycleMonitor: Lifecycle status change: com.netease.open.pocoservice.TestActivity@be23a0d in: PRE_ON_CREATE
02-06 18:14:17.565 11332 11332 I app_process: The ClassLoaderContext is a special shared library.
02-06 18:14:17.567  3012  3462 D MdnieScenarioControlService:  packageName : com.netease.open.pocoservice    className : com.netease.open.pocoservice.TestActivity
02-06 18:14:17.568  3012  3462 V MdnieScenarioControlService: setUIMode from UI function(3)
02-06 18:14:17.592  2588 12570 D BufferPoolAccessor2.0: evictor expired: 1, evicted: 0
02-06 18:14:17.594 11436 11436 I DecorView: [INFO] isPopOver=false, config=true
02-06 18:14:17.594 11436 11436 I DecorView: updateCaptionType >> DecorView@6119dc5[], isFloating=false, isApplication=true, hasWindowDecorCaption=false, hasWindowControllerCallback=true
02-06 18:14:17.594 11436 11436 D DecorView: setCaptionType = 0, this = DecorView@6119dc5[]
02-06 18:14:17.613  1093  1586 D BufferPoolAccessor2.0: evictor expired: 1, evicted: 0
02-06 18:14:17.634 11436 11436 W pen.pocoservic: Accessing hidden method Landroid/view/View;->computeFitSystemWindows(Landroid/graphics/Rect;Landroid/graphics/Rect;)Z (greylist, reflection, allowed)
02-06 18:14:17.636 11436 11436 W pen.pocoservic: Accessing hidden method Landroid/view/ViewGroup;->makeOptionalFitsSystemWindows()V (greylist, reflection, allowed)
02-06 18:14:17.637   862  1520 W DisplayIdentification: Invalid EDID: falling back to serial number due to missing display name.
02-06 18:14:17.637   862  1520 W DisplayIdentification: Invalid EDID: falling back to ASCII text due to missing serial number.
02-06 18:14:17.641 11436 11475 I AdrenoGLES-0: QUALCOMM build                   : 02e24b95a5, I0bf67f5349
02-06 18:14:17.641 11436 11475 I AdrenoGLES-0: Build Date                       : 11/06/20
02-06 18:14:17.641 11436 11475 I AdrenoGLES-0: OpenGL ES Shader Compiler Version: EV031.32.02.06
02-06 18:14:17.641 11436 11475 I AdrenoGLES-0: Local Branch                     : 
02-06 18:14:17.641 11436 11475 I AdrenoGLES-0: Remote Branch                    : 
02-06 18:14:17.641 11436 11475 I AdrenoGLES-0: Remote Branch                    : 
02-06 18:14:17.641 11436 11475 I AdrenoGLES-0: Reconstruct Branch               : 
02-06 18:14:17.641 11436 11475 I AdrenoGLES-0: Build Config                     : S P 10.0.7 AArch64
02-06 18:14:17.641 11436 11475 I AdrenoGLES-0: Driver Path                      : /vendor/lib64/egl/libGLESv2_adreno.so
02-06 18:14:17.641 11339 11339 D app_process: Time zone APEX ICU file found: /apex/com.android.tzdata/etc/icu/icu_tzdata.dat
02-06 18:14:17.641 11339 11339 D app_process: I18n APEX ICU file found: /apex/com.android.i18n/etc/icu/icudt66l.dat
02-06 18:14:17.648 11436 11475 I AdrenoGLES-0: PFP: 0x016ee190, ME: 0x00000000
02-06 18:14:17.652 11436 11436 D LifecycleMonitor: Lifecycle status change: com.netease.open.pocoservice.TestActivity@be23a0d in: CREATED
02-06 18:14:17.658 11436 11436 D LifecycleMonitor: Lifecycle status change: com.netease.open.pocoservice.TestActivity@be23a0d in: STARTED
02-06 18:14:17.662 11436 11436 I PocoService: onResume
02-06 18:14:17.663  3012  3185 I ActivityTaskManager: moveTaskToBack: Task{2e5dd13 #3713 visible=false type=standard mode=fullscreen translucent=true A=10499:com.netease.open.pocoservice U=0 StackId=3713 sz=1}
02-06 18:14:17.663  3012  3185 V WindowManager: Prepare app transition: transit=TRANSIT_TASK_TO_BACK mNextAppTransition=TRANSIT_TASK_OPEN alwaysKeepCurrent=false displayId=0 Callers=com.android.server.wm.DisplayContent.prepareAppTransition:5809 com.android.server.wm.DisplayContent.prepareAppTransition:5803 com.android.server.wm.ActivityStack.moveTaskToBack:3202 com.android.server.wm.ActivityStack.moveTaskToBack:3133 com.android.server.wm.ActivityStack.moveTaskToBack:3126 
02-06 18:14:17.664  3012  3185 V WindowManager: Changing focus from null to Window{9cfd3d3 u0 com.kyowon.literacy.store/com.kyowon.literacy.ui.login.activity.LoginActivity} displayId=0 Callers=com.android.server.wm.RootWindowContainer.updateFocusedWindowLocked:566 com.android.server.wm.WindowManagerService.updateFocusedWindowLocked:6311 com.android.server.wm.DisplayContent.layoutAndAssignWindowLayersIfNeeded:4201 com.android.server.wm.TaskDisplayArea.positionStackAt:1016 
02-06 18:14:17.664  3012  3185 D StatusBarManagerService: notifyRequestedSystemKey recent=false home=false
02-06 18:14:17.669  3012  3462 V MdnieScenarioControlService: mAclOffEnabled : false mAclPreviewState : false mAclCompensationState : false
02-06 18:14:17.670 11339 11339 I app_process: The ClassLoaderContext is a special shared library.
02-06 18:14:17.671 11436 11436 D CompatibilityChangeReporter: Compat change id reported: 147798919; UID 10499; state: ENABLED
02-06 18:14:17.678  3012  7309 I GenerationRegistry: mBackingStore.isClosed() : false
02-06 18:14:17.680 11436 11436 D Toast   : show: caller = com.netease.open.pocoservice.TestActivity.onResume:38 
02-06 18:14:17.680 11436 11436 I Toast   : show: focusDisplayId = 0, isFocusInDesktop = false mCustomDisplayId=-1 isDexDualMode=false
02-06 18:14:17.680 11436 11436 I Toast   : show: isActivityContext = false
02-06 18:14:17.684  3012  8912 D EdgeLightingManager: isCallingUserSupported : callingUserId=0, mUserId=0, isDualAppId=false, isKnoxId=false
02-06 18:14:17.684  3012  8912 D EdgeLightingManager: showForToast : packageName = com.netease.open.pocoservice
02-06 18:14:17.684  3012  8912 D EdgeLightingClientManager: isAvailableEdgeLighting: condition=1 mCondition=1 mIsConnected=false0
02-06 18:14:17.684  3012  8912 D EdgeLightingManager: showForToast : return false by isAvailableEdgeLighting.
02-06 18:14:17.685  3012  8912 W ContextImpl: Calling a method in the system process without a qualified user: android.app.ContextImpl.sendBroadcast:1162 com.android.server.notification.sec.DisplayToast.sendIntentForToastDumpLog:156 com.android.server.notification.sec.DisplayToast.outFile:106 com.android.server.notification.sec.DisplayToast.out:62 com.android.server.notification.NotificationManagerService$12.enqueueToastForDex:3502 
02-06 18:14:17.686   862   924 I SurfaceFlinger: id=110124 createSurf (0x0),-1 flag=80004, WindowToken{ed4e347 android.os.Binder@3667e86}#0
02-06 18:14:17.687  3012  8912 V ActivityManager: Changed top to 10584,ProcessRecord{e78f8f2 31505:com.kyowon.literacy.store/u0a584}
02-06 18:14:17.688 11436 11436 D LifecycleMonitor: Lifecycle status change: com.netease.open.pocoservice.TestActivity@be23a0d in: RESUMED
02-06 18:14:17.701  3012  7184 I InputDispatcher: Focus entered window (31505): 9cfd3d3 in display 0 0
02-06 18:14:17.709  3012  3565 D InputTransport: Input channel constructed: '2f7b6e0', fd=643
02-06 18:14:17.709  3012  3565 D InputTransport: Input channel constructed: '2f7b6e0', fd=648
02-06 18:14:17.711   862   925 I SurfaceFlinger: id=110125 createSurf (0x0),-1 flag=80004, 2f7b6e0 com.netease.open.pocoservice/com.netease.open.pocoservice.TestActivity#0
02-06 18:14:17.711 10400 10605 D WM-SystemJobScheduler: Scheduling work ID 11ef38e9-a767-4afd-bc3c-c65dbec679a0Job ID 24098
02-06 18:14:17.712  3012  3565 D WindowManager: isScreenshotDisabledLocked - win: Window{2f7b6e0 u0 com.netease.open.pocoservice/com.netease.open.pocoservice.TestActivity}
02-06 18:14:17.712  3012  3565 D WindowManager: isScreenshotDisabledLocked: userId = 0, disabled =false
02-06 18:14:17.712  3012  3565 D InputTransport: Input channel destroyed: '2f7b6e0', fd=648
02-06 18:14:17.713 11436 11436 D InputTransport: Input channel constructed: '2f7b6e0', fd=81
02-06 18:14:17.718 11436 11436 I ViewRootImpl@2e1aaa0[TestActivity]: setView = com.android.internal.policy.DecorView@6119dc5 TM=true
02-06 18:14:17.729 11436 11436 I MonitoringInstr: No JSBridge.
02-06 18:14:17.732 11436 11436 D LifecycleMonitor: Lifecycle status change: com.netease.open.pocoservice.TestActivity@be23a0d in: PAUSED
02-06 18:14:17.733  3012  3565 D MARsPolicyManager: onPackageResumedFG pkgName = com.kyowon.literacy.store, userId = 0
02-06 18:14:17.733  3012  3061 D GameManagerService: notePauseComponent(), received paused-component: com.netease.open.pocoservice
02-06 18:14:17.734  3012  4289 I SemDvfsHyPerManager: acquire hyper - AMS_APP_SWITCH/3012@20, type = -999
02-06 18:14:17.734  3012  3565 V WindowManager: Prepare app transition: transit=TRANSIT_TASK_OPEN mNextAppTransition=TRANSIT_TASK_OPEN alwaysKeepCurrent=false displayId=0 Callers=com.android.server.wm.DisplayContent.prepareAppTransition:5809 com.android.server.wm.DisplayContent.prepareAppTransition:5803 com.android.server.wm.ActivityStack.resumeTopActivityInnerLocked:2255 com.android.server.wm.ActivityStack.resumeTopActivityUncheckedLocked:1873 com.android.server.wm.RootWindowContainer.resumeFocusedStacksTopActivities:2677 
02-06 18:14:17.735  3012  3565 D InputDispatcher: Focused application set to (0): 23798b2
02-06 18:14:17.735  3012  3565 D GameManagerService: TaskStackListener.onTaskFocusChanged(), taskId=3648, focused=true
02-06 18:14:17.735  3012  4289 D ActivityManagerPerformance: AMP_acquire() APP_SWITCH
02-06 18:14:17.736  3012  4289 E libprocessgroup: Failed to write 'FROZEN' to /dev/freezer/olaf/freezer.state: No such file or directory
02-06 18:14:17.736  3012  4289 W libprocessgroup: Failed to apply DoSomethingOlaf task profile: No such file or directory
02-06 18:14:17.737  3012  3565 V WindowManager: rotationForOrientation(orient=SCREEN_ORIENTATION_LANDSCAPE (0), last=ROTATION_90 (1)); user=ROTATION_0 (0) 
02-06 18:14:17.737  3012  3565 D WindowManager: rotationForOrientation, orientationSource=ActivityRecord{23798b2 u0 com.kyowon.literacy.store/com.kyowon.literacy.ui.login.activity.LoginActivity t3648}
02-06 18:14:17.737  3012  3565 V WindowOrientationListener: getProposedRotation: 1
02-06 18:14:17.737  3012  3565 V WindowManager: Computed rotation=ROTATION_90 (1) for display id=0 based on lastOrientation=SCREEN_ORIENTATION_LANDSCAPE (0) and oldRotation=ROTATION_90 (1), caller=com.android.server.wm.DisplayRotation.updateOrientation:394 com.android.server.wm.DisplayContent.updateOrientation:1698 com.android.server.wm.DisplayContent.updateOrientation:1626 com.android.server.wm.RootWindowContainer.ensureVisibilityAndConfig:2164 com.android.server.wm.ActivityStack.resumeTopActivityInnerLocked:2340 com.android.server.wm.ActivityStack.resumeTopActivityUncheckedLocked:1873 
02-06 18:14:17.738  3012  3565 D TspStateManager: updateCustomValue customSetting=
02-06 18:14:17.738  3012  3565 D TspStateManager: updateCustomValue customSetting=
02-06 18:14:17.738  3012  4289 D ActivityManagerPerformance: AMP_release() ACT_RESUME
02-06 18:14:17.739  3012  3565 D MARsPolicyManager: onPackageResumedFG pkgName = com.kyowon.literacy.store, userId = 0
02-06 18:14:17.740  3012  3565 W WindowManager: Execute app transition: mNextAppTransition=TRANSIT_TASK_OPEN, displayId: 0 Callers=com.android.server.wm.RootWindowContainer.executeAppTransitionForAllDisplay:2598 com.android.server.wm.ActivityStackSupervisor.reportResumedActivityLocked:2267 com.android.server.wm.ActivityRecord.completeResumeLocked:5710 com.android.server.wm.ActivityStack.resumeTopActivityInnerLocked:2434 com.android.server.wm.ActivityStack.resumeTopActivityUncheckedLocked:1873 
02-06 18:14:17.742  3012  3565 V WindowManager: Setting visibility of Window{2f7b6e0 u0 com.netease.open.pocoservice/com.netease.open.pocoservice.TestActivity}: false, caller=com.android.server.wm.WindowContainer.sendAppVisibilityToClients:1004 com.android.server.wm.ActivityRecord.setClientVisible:6391 com.android.server.wm.ActivityRecord.onAnimationFinished:7143 com.android.server.wm.ActivityRecord.postApplyAnimation:5013 com.android.server.wm.ActivityRecord.commitVisibility:4995 
02-06 18:14:17.743  3012  3565 D ActivityTaskManager: finishFixedRotationTransform, r=ActivityRecord{fd35002 u0 com.netease.open.pocoservice/.TestActivity t3713}, caller=com.android.server.wm.WindowToken.finishFixedRotationTransform:664 com.android.server.wm.DisplayContent$FixedRotationTransitionListener.onAppTransitionFinishedLocked:7026 com.android.server.wm.AppTransition.notifyAppTransitionFinishedLocked:543 com.android.server.wm.ActivityRecord.onAnimationFinished:7164 com.android.server.wm.ActivityRecord.postApplyAnimation:5013 
02-06 18:14:17.744  2594  2614 I HYPER-HAL: [RequestManager.cpp]acquire(): Acquired ID : 4598048  [3012 / 20]    HINT : AMS_ACT_SWITCH    list : 
02-06 18:14:17.744  2594  2614 I HYPER-HAL: [ResourceManager.cpp]updateResource(): [CPULittleMinFreq] UpdateResource Request ID : 4598048    Value : 1804800
02-06 18:14:17.744 11332 11332 E SemDvfsManager_JNI: SemDvfsManager: registerfunction enter
02-06 18:14:17.744  3012  3059 W Looper  : Drained
02-06 18:14:17.744 11332 11332 E SemAffinityControl: SemAffinityControl: registerfunction enter
02-06 18:14:17.744  3012  3220 D GameManagerService: onLooperPrepared(), msg: MSG_TASK_FOCUSED, focusedComponent: ComponentInfo{com.kyowon.literacy.store/com.kyowon.literacy.ui.login.activity.LoginActivity}
02-06 18:14:17.744  3012  3220 D GameManagerService: handleTaskFocused().
02-06 18:14:17.744  3012  3220 D GameManagerService:   handleTaskFocused(), pkgName: com.kyowon.literacy.store, clsName: com.kyowon.literacy.ui.login.activity.LoginActivity, userID:0
02-06 18:14:17.744  2594  2614 I HYPER-HAL: [ResourceManager.cpp]updateResource(): [CPUMinFreq] UpdateResource Request ID : 4598048    Value : 2016000
02-06 18:14:17.745  3012  3565 D WindowManager: isScreenshotDisabledLocked - win: Window{2f7b6e0 u0 com.netease.open.pocoservice/com.netease.open.pocoservice.TestActivity}
02-06 18:14:17.745  3012  3565 D WindowManager: isScreenshotDisabledLocked: userId = 0, disabled =false
02-06 18:14:17.746  3012  3565 D ActivityTaskManager: finishFixedRotationTransform, r=ActivityRecord{23798b2 u0 com.kyowon.literacy.store/com.kyowon.literacy.ui.login.activity.LoginActivity t3648}, caller=com.android.server.wm.WindowToken.finishFixedRotationTransform:664 com.android.server.wm.DisplayContent$FixedRotationTransitionListener.onAppTransitionFinishedLocked:7026 com.android.server.wm.AppTransition.notifyAppTransitionFinishedLocked:543 com.android.server.wm.DisplayContent.handleAnimatingStoppedAndTransition:5836 com.android.server.wm.RootWindowContainer.checkAppTransitionReady:1264 
02-06 18:14:17.746  2594  2614 I HYPER-HAL: [ResourceManager.cpp]removeResource(): [CPUMinFreq] RemoveResource Request ID : 4643663
02-06 18:14:17.746  2594  2614 I HYPER-HAL: [RequestManager.cpp]releaseLocked(): Released ID : 4643663
02-06 18:14:17.752  3012  3012 I WindowManager: Reparenting to leash, surface=Surface(name=3b8dd60 Toast)/@0x3b12424, leashParent=Surface(name=WindowToken{737906 android.os.Binder@374e7e1})/@0x3478b8d
02-06 18:14:17.753   862   924 I SurfaceFlinger: id=110126 createSurf (0x0),-1 flag=24000, Surface(name=3b8dd60 Toast)/@0x3b12424 - animation-leash#0
02-06 18:14:17.754  3012  3012 D WindowManager: makeSurface duration=1 leash=Surface(name=Surface(name=3b8dd60 Toast)/@0x3b12424 - animation-leash)/@0x938d85e
02-06 18:14:17.758 11332 11332 W app_process: JNI RegisterNativeMethods: attempt to register 0 native methods for android.media.AudioAttributes
02-06 18:14:17.763  3012  3185 V WindowManager: Relayout Window{2f7b6e0 u0 com.netease.open.pocoservice/com.netease.open.pocoservice.TestActivity}: viewVisibility=0 req=2000x1200
02-06 18:14:17.766  3435  3435 I ViewRootImpl@4a30eac[Toast]: dispatchDetachedFromWindow
02-06 18:14:17.766  3435  3435 I SurfaceControl: nativeRelease nativeObject s[-5476376620291337440]
02-06 18:14:17.766  3435  3435 I SurfaceControl: nativeRelease nativeObject e[-5476376620291337440]
02-06 18:14:17.768  3012  3185 V WindowManager: Relayout hash=2f7b6e0, pid=11436: mAttrs={(0,0)(fillxfill) sim={adjust=pan forwardNavigation} ty=BASE_APPLICATION fmt=TRANSPARENT wanim=0x1030003
02-06 18:14:17.768  3012  3185 V WindowManager:   fl=81810102
02-06 18:14:17.768  3012  3185 V WindowManager:   pfl=12020000
02-06 18:14:17.768  3012  3185 V WindowManager:   apr=LIGHT_NAVIGATION_BARS
02-06 18:14:17.768  3012  3185 V WindowManager:   fitSides= dimAmount=0.6 naviIconColor=0
02-06 18:14:17.768  3012  3185 V WindowManager:   sfl=100000}
02-06 18:14:17.769 11436 11436 I SurfaceControl: assignNativeObject: nativeObject = 0 Surface(name=null)/@0xac6d0cc / android.view.SurfaceControl.readFromParcel:1117 android.view.IWindowSession$Stub$Proxy.relayout:1810 android.view.ViewRootImpl.relayoutWindow:9005 android.view.ViewRootImpl.performTraversals:3360 android.view.ViewRootImpl.doTraversal:2618 android.view.ViewRootImpl$TraversalRunnable.run:9971 android.view.Choreographer$CallbackRecord.run:1010 android.view.Choreographer.doCallbacks:809 android.view.Choreographer.doFrame:744 android.view.Choreographer$FrameDisplayEventReceiver.run:995 
02-06 18:14:17.770 11436 11436 I SurfaceControl: assignNativeObject: nativeObject = 0 Surface(name=null)/@0x40d3f15 / android.view.SurfaceControl.readFromParcel:1117 android.view.IWindowSession$Stub$Proxy.relayout:1820 android.view.ViewRootImpl.relayoutWindow:9005 android.view.ViewRootImpl.performTraversals:3360 android.view.ViewRootImpl.doTraversal:2618 android.view.ViewRootImpl$TraversalRunnable.run:9971 android.view.Choreographer$CallbackRecord.run:1010 android.view.Choreographer.doCallbacks:809 android.view.Choreographer.doFrame:744 android.view.Choreographer$FrameDisplayEventReceiver.run:995 
02-06 18:14:17.772 11436 11436 I ViewRootImpl@2e1aaa0[TestActivity]: Relayout returned: old=(0,0,2000,1200) new=(0,0,2000,1200) req=(2000,1200)0 dur=8 res=0x1 s={false 0} ch=false fn=-1
02-06 18:14:17.779 11436 11436 E ViewRootImpl@2e1aaa0[TestActivity]: Surface is not valid.
02-06 18:14:17.781  1126 20326 D BufferPoolAccessor2.0: bufferpool2 0xb400007d96b96228 : 4(96000 size) total buffers - 1(24000 size) used buffers - 118060/118067 (recycle/alloc) - 255/118065 (fetch/transfer)
02-06 18:14:17.781  3012  3565 D InputTransport: Input channel destroyed: '3b8dd60', fd=609
02-06 18:14:17.782  3012  3565 V WindowManager: removeIfPossible 2, Window{3b8dd60 u0 Toast}: mAnimatingExit=true caller=com.android.server.wm.WindowState.removeIfPossible:2688 com.android.server.wm.WindowManagerService.removeWindow:2186 com.android.server.wm.Session.remove:199 android.view.IWindowSession$Stub.onTransact:813 com.android.server.wm.Session.onTransact:145 
02-06 18:14:17.791 11339 11339 E SemDvfsManager_JNI: SemDvfsManager: registerfunction enter
02-06 18:14:17.791 11339 11339 E SemAffinityControl: SemAffinityControl: registerfunction enter
02-06 18:14:17.794 11339 11339 W app_process: JNI RegisterNativeMethods: attempt to register 0 native methods for android.media.AudioAttributes
02-06 18:14:17.799  3012  3185 V WindowManager: Relayout Window{2f7b6e0 u0 com.netease.open.pocoservice/com.netease.open.pocoservice.TestActivity}: viewVisibility=8 req=2000x1200
02-06 18:14:17.802  3012  3185 V WindowManager: Relayout hash=2f7b6e0, pid=11436: mAttrs={(0,0)(fillxfill) sim={adjust=pan forwardNavigation} ty=BASE_APPLICATION fmt=TRANSPARENT wanim=0x1030003
02-06 18:14:17.802  3012  3185 V WindowManager:   fl=81810102
02-06 18:14:17.802  3012  3185 V WindowManager:   pfl=12020000
02-06 18:14:17.802  3012  3185 V WindowManager:   apr=LIGHT_NAVIGATION_BARS
02-06 18:14:17.802  3012  3185 V WindowManager:   fitSides= dimAmount=0.6 naviIconColor=0
02-06 18:14:17.802  3012  3185 V WindowManager:   sfl=100000}
02-06 18:14:17.804 11436 11436 I SurfaceControl: assignNativeObject: nativeObject = 0 Surface(name=null)/@0xac6d0cc / android.view.SurfaceControl.readFromParcel:1117 android.view.IWindowSession$Stub$Proxy.relayout:1810 android.view.ViewRootImpl.relayoutWindow:9005 android.view.ViewRootImpl.performTraversals:3360 android.view.ViewRootImpl.doTraversal:2618 android.view.ViewRootImpl$TraversalRunnable.run:9971 android.view.Choreographer$CallbackRecord.run:1010 android.view.Choreographer.doCallbacks:809 android.view.Choreographer.doFrame:744 android.view.Choreographer$FrameDisplayEventReceiver.run:995 
02-06 18:14:17.805 11436 11436 I SurfaceControl: assignNativeObject: nativeObject = 0 Surface(name=null)/@0x40d3f15 / android.view.SurfaceControl.readFromParcel:1117 android.view.IWindowSession$Stub$Proxy.relayout:1820 android.view.ViewRootImpl.relayoutWindow:9005 android.view.ViewRootImpl.performTraversals:3360 android.view.ViewRootImpl.doTraversal:2618 android.view.ViewRootImpl$TraversalRunnable.run:9971 android.view.Choreographer$CallbackRecord.run:1010 android.view.Choreographer.doCallbacks:809 android.view.Choreographer.doFrame:744 android.view.Choreographer$FrameDisplayEventReceiver.run:995 
02-06 18:14:17.807 11436 11436 I ViewRootImpl@2e1aaa0[TestActivity]: Relayout returned: old=(0,0,2000,1200) new=(0,0,2000,1200) req=(2000,1200)8 dur=7 res=0x1 s={false 0} ch=false fn=-1
02-06 18:14:17.811 11332 11332 D AndroidRuntime: Calling main entry com.android.commands.am.Am
02-06 18:14:17.814 11436 11436 I ViewRootImpl@2e1aaa0[TestActivity]: stopped(true) old=false
02-06 18:14:17.816 11436 11436 D LifecycleMonitor: Lifecycle status change: com.netease.open.pocoservice.TestActivity@be23a0d in: STOPPED
02-06 18:14:17.818  3435  3435 D InputTransport: Input channel destroyed: '3b8dd60', fd=134
02-06 18:14:17.818  3012  3185 W NotificationService: Toast already killed. pkg=com.netease.open.pocoservice token=android.os.BinderProxy@a2e955b
02-06 18:14:17.819  3435  3435 W ToastPresenter: Error calling back com.netease.open.pocoservice to notify onToastHide()
02-06 18:14:17.819  3435  3435 W ToastPresenter: android.os.DeadObjectException
02-06 18:14:17.819  3435  3435 W ToastPresenter: 	at android.os.BinderProxy.transactNative(Native Method)
02-06 18:14:17.819  3435  3435 W ToastPresenter: 	at android.os.BinderProxy.transact(BinderProxy.java:605)
02-06 18:14:17.819  3435  3435 W ToastPresenter: 	at android.app.ITransientNotificationCallback$Stub$Proxy.onToastHidden(ITransientNotificationCallback.java:141)
02-06 18:14:17.819  3435  3435 W ToastPresenter: 	at android.widget.ToastPresenter.hide(ToastPresenter.java:418)
02-06 18:14:17.819  3435  3435 W ToastPresenter: 	at com.android.systemui.toast.ToastUI.hideCurrentToast(ToastUI.java:129)
02-06 18:14:17.819  3435  3435 W ToastPresenter: 	at com.android.systemui.toast.ToastUI.hideToast(ToastUI.java:124)
02-06 18:14:17.819  3435  3435 W ToastPresenter: 	at com.android.systemui.statusbar.CommandQueue$H.handleMessage(CommandQueue.java:1530)
02-06 18:14:17.819  3435  3435 W ToastPresenter: 	at android.os.Handler.dispatchMessage(Handler.java:106)
02-06 18:14:17.819  3435  3435 W ToastPresenter: 	at android.os.Looper.loop(Looper.java:246)
02-06 18:14:17.819  3435  3435 W ToastPresenter: 	at android.app.ActivityThread.main(ActivityThread.java:8577)
02-06 18:14:17.819  3435  3435 W ToastPresenter: 	at java.lang.reflect.Method.invoke(Native Method)
02-06 18:14:17.819  3435  3435 W ToastPresenter: 	at com.android.internal.os.RuntimeInit$MethodAndArgsCaller.run(RuntimeInit.java:602)
02-06 18:14:17.819  3435  3435 W ToastPresenter: 	at com.android.internal.os.ZygoteInit.main(ZygoteInit.java:1130)
02-06 18:14:17.824 31505 31505 I ViewRootImpl@9ddb888[LoginActivity]: MSG_WINDOW_FOCUS_CHANGED 1 1
02-06 18:14:17.825 31505 31505 D InputMethodManager: prepareNavigationBarInfo() DecorView@cd2569b[LoginActivity]
02-06 18:14:17.825 31505 31505 D InputMethodManager: getNavigationBarColor() -855310
02-06 18:14:17.826 31505 31505 D InputMethodManager: prepareNavigationBarInfo() DecorView@cd2569b[LoginActivity]
02-06 18:14:17.826 31505 31505 D InputMethodManager: getNavigationBarColor() -855310
02-06 18:14:17.826 31505 31505 V InputMethodManager: Starting input: tba=com.kyowon.literacy.store ic=null mNaviBarColor -855310 mIsGetNaviBarColorSuccess true , NavVisible : true , NavTrans : false
02-06 18:14:17.826 31505 31505 D InputMethodManager: startInputInner - Id : 0
02-06 18:14:17.826 31505 31505 I InputMethodManager: startInputInner - mService.startInputOrWindowGainedFocus
02-06 18:14:17.826  3012  8909 D InputMethodManagerService: mSecureKeypadEnabled = false
02-06 18:14:17.827  3012  8909 D InputMethodManagerService: mDesktopModeManager null!
02-06 18:14:17.827  3012  8909 V InputMethodManagerService: getDisplayIdOfInputMethodWindowToBeAdded : 0
02-06 18:14:17.828  3012  8909 D InputMethodManagerService: checkDisplayOfStartInputAndUpdateKeyboard display Id 0last 0
02-06 18:14:17.828  3012  8909 D InputTransport: Input channel constructed: 'ClientS', fd=649
02-06 18:14:17.828  3012  8909 D InputTransport: Input channel destroyed: 'ClientS', fd=649
02-06 18:14:17.828 31505 31505 D InputTransport: Input channel constructed: 'ClientS', fd=87
02-06 18:14:17.829 31505 31505 D InputTransport: Input channel destroyed: 'ClientS', fd=88
02-06 18:14:17.829 31505 31505 I ViewRootImpl@9ddb888[LoginActivity]: stopped(false) old=false
02-06 18:14:17.830 31505 31505 V MediaPlayer-JNI: native_setup
02-06 18:14:17.830 31505 31505 V MediaPlayerNative: constructor
02-06 18:14:17.830 31505 31505 V MediaPlayerNative: setListener
02-06 18:14:17.831  9774  9774 D InputMethodService: checkDisplayOfStartInputAndUpdateKeyboard display Id 0last 0
02-06 18:14:17.835 31505 31505 V MediaPlayer-JNI: setVolume: left 1.000000  right 1.000000
02-06 18:14:17.836 31505 31505 V MediaPlayerNative: MediaPlayer::setVolume(1.000000, 1.000000)
02-06 18:14:17.836 31505 31505 V MediaPlayer-JNI: setAuxEffectSendLevel: level 0.000000
02-06 18:14:17.836 31505 31505 V MediaPlayerNative: MediaPlayer::setAuxEffectSendLevel(0.000000)
02-06 18:14:17.836 31505 31505 V MediaPlayer-JNI: setParameter: key 1400
02-06 18:14:17.836 31505 31505 V MediaPlayerNative: MediaPlayer::setParameter(1400)
02-06 18:14:17.836 31505 31505 V MediaPlayer-JNI: set_session_id(): 10433
02-06 18:14:17.836 31505 31505 V MediaPlayerNative: MediaPlayer::setAudioSessionId(10433)
02-06 18:14:17.837 31505 31505 V MediaPlayer-JNI: setDataSourceFD: fd 78
02-06 18:14:17.837 31505 31505 V MediaPlayerNative: setDataSource(78, 80149264, 611808)
02-06 18:14:17.837  2588 26811 V MediaPlayerService: Create new client(396) from pid 31505, uid 10584, 
02-06 18:14:17.838  2588  3027 V MediaPlayerService: setDataSource fd=8, offset=80149264, length=611808
02-06 18:14:17.838  2588  3027 V MediaPlayerService: st_dev  = 66352
02-06 18:14:17.838  2588  3027 V MediaPlayerService: st_mode = 33188
02-06 18:14:17.838  2588  3027 V MediaPlayerService: st_uid  = 1000
02-06 18:14:17.838  2588  3027 V MediaPlayerService: st_gid  = 1000
02-06 18:14:17.838  2588  3027 V MediaPlayerService: st_size = 93400764
02-06 18:14:17.838  2588  3027 V MediaPlayerService: player type = 4
02-06 18:14:17.839  2588  3027 D NuPlayerDriver: NuPlayerDriver(0xf756f080) created, clientPid(31505)
02-06 18:14:17.840  3435  3435 V ToastPresenter: Text: qoco in android.widget.ToastPresenter@9886998
02-06 18:14:17.845  3012  3565 D InputTransport: Input channel constructed: '9644f0d', fd=649
02-06 18:14:17.846  3012  3565 D InputTransport: Input channel constructed: '9644f0d', fd=650
02-06 18:14:17.848   862  1519 I SurfaceFlinger: id=110127 createSurf (0x0),-1 flag=80004, 9644f0d Toast#0
02-06 18:14:17.852 11339 11339 D AndroidRuntime: Calling main entry com.android.commands.am.Am
02-06 18:14:17.852  2588  3027 V AudioSink: AudioOutput(10433)
02-06 18:14:17.853  2588  3027 V NuPlayerDriver: setDataSource(0xf756f080) file(8)
02-06 18:14:17.853  2588 11508 V NuPlayer: kWhatSetAudioSink
02-06 18:14:17.853  2588  3027 V NuPlayer: setDataSourceAsync fd 8/80149264/611808 source: 0xf6f9bf80
02-06 18:14:17.853  2588 11508 V NuPlayer: kWhatSetDataSource
02-06 18:14:17.853  3012  3565 D InputTransport: Input channel destroyed: '9644f0d', fd=650
02-06 18:14:17.853 31505 31505 V MediaPlayerNative: setVideoSurfaceTexture
02-06 18:14:17.853  2588 26811 V MediaPlayerService: [396] setVideoSurfaceTexture(0x0)
02-06 18:14:17.854 31505 31505 V MediaPlayerNative: prepare
02-06 18:14:17.854  2588 26811 V MediaPlayerService: [396] setParameter(1400)
02-06 18:14:17.854  2588 26811 V MediaPlayerService: setAudioAttributes_l() usage=0 content=0 flags=0x800 tags=
02-06 18:14:17.854  3435  3435 D InputTransport: Input channel constructed: '9644f0d', fd=146
