02-06 18:14:16.468 11339 11339 D AndroidRuntime: addProductProperty: pBrand1 is not null
02-06 18:14:16.469 11339 11339 D AndroidRuntime: addProductProperty: not brand or 7
02-06 18:14:16.469 11332 11332 D SecNativeFeatureCppIf: Free unCompDataBuff
02-06 18:14:16.470 11332 11332 D SecNativeFeatureCppIf: encoded
02-06 18:14:16.470 11332 11332 D SecNativeFeatureCppIf: decoding and unzip finish
02-06 18:14:16.470 11332 11332 D SecNativeFeatureCppIf: use unCompDataBuff. encoded
02-06 18:14:16.470 11332 11332 D SecNativeFeatureCppIf: Free unCompDataBuff
02-06 18:14:16.470 11332 11332 D AndroidRuntime: addProductProperty: pBrand1 is not null
02-06 18:14:16.470 11332 11332 D AndroidRuntime: addProductProperty: not brand or 7
02-06 18:14:16.479  3012  7166 I ActivityManager: Force stopping com.netease.open.pocoservice appid=10499 user=0: start instr
02-06 18:14:16.480  3012  7166 I ActivityManager: Killing 11387:com.netease.open.pocoservice/u0a499 (adj -10000): stop com.netease.open.pocoservice due to start instr
02-06 18:14:16.480  3012  7166 D ActivityManager: proc ProcessRecord{6d52bab 11387:com.netease.open.pocoservice/u0a499} already removed. so we skip next process.
02-06 18:14:16.481  3012  7166 W ActivityManager: Crash of app com.netease.open.pocoservice running instrumentation ComponentInfo{com.netease.open.pocoservice/androidx.test.runner.AndroidJUnitRunner}
02-06 18:14:16.481  3012  7166 I ActivityManager: Force stopping com.netease.open.pocoservice appid=10499 user=0: finished inst
02-06 18:14:16.483  3012  7166 I WindowManager:   Force finishing activity ActivityRecord{141b2dd u0 com.netease.open.pocoservice/.TestActivity t3712}
02-06 18:14:16.483  3012  7166 I WindowManager: Add to removeList. it will finish after. ActivityRecord{141b2dd u0 com.netease.open.pocoservice/.TestActivity t3712}
02-06 18:14:16.485  3012  7166 I ActivityTaskManager: Removing activity ActivityRecord{141b2dd u0 com.netease.open.pocoservice/.TestActivity t3712 f}}(finish-imm:finishIfPossible hadNoApp)  from stack callers=com.android.server.wm.ActivityRecord.destroyImmediately:3521 com.android.server.wm.ActivityRecord.destroyIfPossible:3390 com.android.server.wm.ActivityRecord.completeFinishing:3349 com.android.server.wm.ActivityRecord.finishIfPossible:3224 com.android.server.wm.ActivityRecord.finishIfPossible:3053 
02-06 18:14:16.485  3012  7166 I SurfaceControl: nativeRelease nativeObject s[-5476376620521489376]
02-06 18:14:16.485  3012  7166 I SurfaceControl: nativeRelease nativeObject e[-5476376620521489376]
02-06 18:14:16.485  3012  7166 I SurfaceControl: nativeRelease nativeObject s[-5476376620521490016]
02-06 18:14:16.485  3012  7166 I SurfaceControl: nativeRelease nativeObject e[-5476376620521490016]
02-06 18:14:16.489   862  1520 I Layer   : id=110120 removeFromCurrentState Task=3712#0 (56)
02-06 18:14:16.489   862  1520 I Layer   : id=110121 removeFromCurrentState ActivityRecord{141b2dd u0 com.netease.open.pocoservice/.TestActivity t3712}#0 (56)
02-06 18:14:16.489   862  1520 I Layer   : id=110121 removeFromCurrentState ActivityRecord{141b2dd u0 com.netease.open.pocoservice/.TestActivity t3712}#0 (56)
02-06 18:14:16.493  3012  7166 V ActivityManager: Changed top to 10584,ProcessRecord{e78f8f2 31505:com.kyowon.literacy.store/u0a584}
02-06 18:14:16.501  3012  7166 D StorageManagerService: getExternalStorageMountMode: uid=10499 packageName=com.netease.open.pocoservice
02-06 18:14:16.504   862   925 I SurfaceFlinger: id=110120 Removed Task=3712#0 (56)
02-06 18:14:16.504   862   925 I SurfaceFlinger: id=110121 Removed ActivityRecord{141b2dd u0 com.netease.open.pocoservice/.TestActivity t3712}#0 (56)
02-06 18:14:16.505  2587  8194 I CameraService: UidPolicy: No processes running for a uid=10499 disabled=0
02-06 18:14:16.510  2586  2744 V APM_AudioPolicyManager: setAppState(portId:387, state:2)
02-06 18:14:16.510  2586  2744 V APM_AudioPolicyManager: setAppState(portId:387, state:2)
02-06 18:14:16.510  2586  2744 V APM_AudioPolicyManager: setAppState(portId:387, state:2)
02-06 18:14:16.516 11214 11214 E SemDvfsManager_JNI: SemDvfsManager: registerfunction enter
02-06 18:14:16.516 11214 11214 E SemAffinityControl: SemAffinityControl: registerfunction enter
02-06 18:14:16.519 11214 11214 W app_process: JNI RegisterNativeMethods: attempt to register 0 native methods for android.media.AudioAttributes
02-06 18:14:16.522  2589  2631 E Netd    : getNetworkForDns: getNetId from enterpriseCtrl is netid 0
02-06 18:14:16.525  2589  2631 E Netd    : getNetworkForDns: getNetId from enterpriseCtrl is netid 0
02-06 18:14:16.527  7990  7990 E adbd    : failed to connect to socket 'tcp:10080': Connection refused
02-06 18:14:16.529  2594 11365 I HYPER-HAL: [ResourceManager.cpp]removeResource(): [CPULittleMinFreq] RemoveResource Request ID : 4601082
02-06 18:14:16.533  2594 11365 I HYPER-HAL: [ResourceManager.cpp]removeResource(): [CPUMinFreq] RemoveResource Request ID : 4601082
02-06 18:14:16.534  2594 11365 I HYPER-HAL: [RequestManager.cpp]releaseLocked(): Released ID : 4601082
02-06 18:14:16.553  3012 14608 I ActivityManager: Failure reporting to instrumentation watcher: comp=ComponentInfo{com.netease.open.pocoservice/androidx.test.runner.AndroidJUnitRunner} results=Bundle[{shortMsg=Process crashed.}]
02-06 18:14:16.555 11214 11214 D AndroidRuntime: Calling main entry com.android.commands.am.Am
02-06 18:14:16.556 11043 11043 D AndroidRuntime: Shutting down VM
02-06 18:14:16.558  3012  3084 E libprocessgroup: Failed to kill process cgroup uid 10499 pid 11302 in 364ms, 1 processes remain
02-06 18:14:16.570  3012  7166 I ActivityManager: Force stopping com.netease.open.pocoservice appid=10499 user=0: start instr
02-06 18:14:16.571  3012  7166 I ActivityManager: Killing 0:com.netease.open.pocoservice/u0a499 (adj -10000): stop com.netease.open.pocoservice due to start instr
02-06 18:14:16.571  3012  7166 D ActivityManager: proc ProcessRecord{8b4884c 0:com.netease.open.pocoservice/u0a499} already removed. so we skip next process.
02-06 18:14:16.571  3012  7166 W ActivityManager: Crash of app com.netease.open.pocoservice running instrumentation ComponentInfo{com.netease.open.pocoservice/androidx.test.runner.AndroidJUnitRunner}
02-06 18:14:16.571  3012  7166 I ActivityManager: Force stopping com.netease.open.pocoservice appid=10499 user=0: finished inst
02-06 18:14:16.572  3012  3084 I libprocessgroup: Successfully killed process cgroup uid 10499 pid 11387 in 12ms
02-06 18:14:16.578  3012  7166 D StorageManagerService: getExternalStorageMountMode: uid=10499 packageName=com.netease.open.pocoservice
02-06 18:14:16.580  2587  8194 I CameraService: UidPolicy: No processes running for a uid=10499 disabled=0
02-06 18:14:16.592  2588 12570 D BufferPoolAccessor2.0: bufferpool2 0xf6c7c358 : 0(0 size) total buffers - 0(0 size) used buffers - 49/57 (recycle/alloc) - 8/112 (fetch/transfer)
02-06 18:14:16.592  2588 12570 D BufferPoolAccessor2.0: evictor expired: 2, evicted: 1
02-06 18:14:16.612  1093  1586 D BufferPoolAccessor2.0: bufferpool2 0xf32e17d8 : 0(0 size) total buffers - 0(0 size) used buffers - 52/56 (recycle/alloc) - 4/56 (fetch/transfer)
02-06 18:14:16.612  1093  1586 D BufferPoolAccessor2.0: evictor expired: 2, evicted: 1
02-06 18:14:16.620   862   862 I Layer   : id=110120[1] Destroyed Task=3712#0
02-06 18:14:16.620   862   862 I Layer   : id=110121[1] Destroyed ActivityRecord{141b2dd u0 com.netease.open.pocoservice/.TestActivity t3712}#0
02-06 18:14:16.627  2584  2584 D Zygote  : Forked child process 11418
02-06 18:14:16.628  2584  2584 I Zygote  : Process 11387 exited due to signal 9 (Killed)
02-06 18:14:16.633  3012  3082 W ActivityManager: Slow operation: 133ms so far, now at startProcess: returned from zygote!
02-06 18:14:16.641 10400 10673 I bctj    : (REDACTED) getSimplifiedOobeViaDeeplinkUser: %b
02-06 18:14:16.641 10400 10673 I bbzr    : (REDACTED) isSimplifiedOobeViaDeeplinkUser OobeStatus: %s, ZeroStateStatus: %s
02-06 18:14:16.650 20284 20322 D CCodecBufferChannel: [c2.android.opus.encoder#378] DEBUG: elapsed: n=4 [in=0 pipeline=0 out=0 smoothness=4]
02-06 18:14:16.650 20284 20322 D PipelineWatcher: DEBUG: elapsed 0 / 4
02-06 18:14:16.663  3012  3062 I WindowManager: Reparenting to original parent: Surface(name=WindowToken{737906 android.os.Binder@374e7e1})/@0x3478b8d, destroy=true, surface=Surface(name=3b8dd60 Toast)/@0x3b12424
02-06 18:14:16.663  3012  3062 I SurfaceControl: nativeRelease nativeObject s[-5476376620412059744]
02-06 18:14:16.663  3012  3062 I SurfaceControl: nativeRelease nativeObject e[-5476376620412059744]
02-06 18:14:16.667   862  1519 I Layer   : id=110119 removeFromCurrentState Surface(name=3b8dd60 Toast)/@0x3b12424 - animation-leash#0 (54)
02-06 18:14:16.673  2586 13582 V APM_AudioPolicyManager: setAppState(portId:387, state:2)
02-06 18:14:16.674  3012  3082 W ActivityManager: ProcessRecord{8b4884c 0:com.netease.open.pocoservice/u0a499} start not valid, killing pid=11418, killedByAm=true;No entry in mProcessNames;pendingStart=false;
02-06 18:14:16.674  3012  3082 I libprocessgroup: Successfully killed process cgroup uid 10499 pid 0 in 0ms
02-06 18:14:16.674  3012  3082 W ActivityManager: Slow operation: 98ms so far, now at startProcess: asking zygote to start proc
02-06 18:14:16.692 10400 10605 D WM-SystemJobScheduler: Scheduling work ID 5061c354-c624-468f-886d-750748e49fcbJob ID 24142
02-06 18:14:16.704   862  2572 I SurfaceFlinger: id=110119 Removed Surface(name=3b8dd60 Toast)/@0x3b12424 - animation-leash#0 (54)
02-06 18:14:16.705  3012  3061 W ActivityManager: setHasOverlayUi called on unknown pid: 11302
02-06 18:14:16.706  3012  8461 W WindowManager: Cannot find window which accessibility connection is added to
02-06 18:14:16.710 31505 31505 V MediaPlayer-JNI: stop
02-06 18:14:16.711 31505 31505 V MediaPlayerNative: stop
02-06 18:14:16.711  2588  3027 V MediaPlayerService: [394] stop
02-06 18:14:16.711  2588  3027 D NuPlayerDriver: stop(0xf6f4ef00)
02-06 18:14:16.711  2588  3027 V MediaPlayerService: [394] notify (8, 0, 0)
02-06 18:14:16.711  2588 11357 V NuPlayer: updatePlaybackTimer(stop)  time      800603019406986 (onPause)
02-06 18:14:16.711  2588 11357 V NuPlayer: updatePlaybackTimer()  log             698120469
02-06 18:14:16.711  2588 11357 I GenericSource: pause
02-06 18:14:16.711 31505  4917 V MediaPlayerNative: message received msg=8, ext1=0, ext2=0
02-06 18:14:16.711  2588 11359 I GenericSource: kWhatPause
02-06 18:14:16.711  2588 11362 I NuPlayerRenderer: onPause
02-06 18:14:16.711  2588 11362 I MediaClock: setPlaybackRate rate : 0.000000
02-06 18:14:16.711  2588 11362 V AudioSink: pause
02-06 18:14:16.712  2588 11357 V MediaPlayerService: [394] notify (211, 0, 0)
02-06 18:14:16.712 31505 31505 V MediaPlayer: resetDrmState:  mDrmInfo=null mDrmProvisioningThread=null mPrepareDrmInProgress=false mActiveDrmScheme=false
02-06 18:14:16.712 31505 31505 V MediaPlayer: cleanDrmObj: mDrmObj=null mDrmSessionId=null
02-06 18:14:16.712 31505 31505 V MediaPlayer-JNI: release
02-06 18:14:16.712 31505 31505 V MediaPlayerNative: setListener
02-06 18:14:16.712 31505 31505 V MediaPlayerNative: disconnect
02-06 18:14:16.712  2588  3027 V MediaPlayerService: disconnect(394) from pid 31505
02-06 18:14:16.712  2588  3027 D NuPlayerDriver: reset(0xf6f4ef00) at state 8
02-06 18:14:16.712  2588  3027 V NuPlayerDriver: updateMetrics(0xf6f4ef00) from reset at state 8
02-06 18:14:16.712  2588  3027 V NuPlayer: updateInternalTimers()
02-06 18:14:16.712  2588  3027 V NuPlayer: updatePlaybackTimer(snap)  time                    0 (updateInternalTimers)
02-06 18:14:16.712  2588  3027 V NuPlayer: updateRebufferingTimer(snap)  time                    0 (exiting 0)
02-06 18:14:16.712  2588  3027 V NuPlayerDriver: logMetrics(0xf6f4ef00) from reset at state 8
02-06 18:14:16.713  2588 11357 V NuPlayer: kWhatReset
02-06 18:14:16.713  2588 11357 V NuPlayer: setDecoderBooster enable = No
02-06 18:14:16.713  2588 11357 V NuPlayer: updatePlaybackTimer(stop)  time                    0 (kWhatReset)
02-06 18:14:16.713  2588 11357 V NuPlayer: updateRebufferingTimer(stop)  time                    0 (exiting 1)
02-06 18:14:16.713  2588 11357 V NuPlayer: performDecoderFlush audio=2, video=2
02-06 18:14:16.713  2588 11357 V NuPlayer: [audio] flushDecoder needShutdown=1
02-06 18:14:16.713  2588 11357 V NuPlayer: postponing action mFlushingAudio=2, mFlushingVideo=0
02-06 18:14:16.713  2588 11363 I NuPlayerRenderer: flush audio, notifyComplete 1, shutdown Yes
02-06 18:14:16.713  2588 11362 I NuPlayerRenderer: flushing audio
02-06 18:14:16.713  2588 11362 I NuPlayerRenderer: onFlush mAudioDrainGeneration : 2
02-06 18:14:16.713  2588 11362 V AudioSink: flush
02-06 18:14:16.713  2588 11362 V AudioSink: stop
02-06 18:14:16.714  2588 11357 V NuPlayer: renderer audio flush completed.
02-06 18:14:16.714  2588 11363 D NuPlayerRenderer: signalTimeDiscontinuity() mHasAudio = 0 , mHasVideo = 0
02-06 18:14:16.714  2588 11364 I CCodec  : state->set(FLUSHING)
02-06 18:14:16.714  3012  3012 D MediaSessionService: Audio playback is changed, config=AudioPlaybackConfiguration piid:3471 type:android.media.MediaPlayer u/pid:10584/31505 state:stopped attr:AudioAttributes: usage=USAGE_UNKNOWN content=CONTENT_TYPE_UNKNOWN flags=0x800 tags= bundle=null, removed=false
02-06 18:14:16.714  3012  3012 D MediaSessionStack: updateMediaButtonSessionIfNeeded, callers=com.android.server.media.MediaSessionService.lambda$onStart$0$MediaSessionService:214 com.android.server.media.-$$Lambda$MediaSessionService$za_9dlUSlnaiZw6eCdPVEZq0XLw.onAudioPlayerActiveStateChanged:2 
02-06 18:14:16.714  3012  3012 D MediaSessionStack: updateMediaButtonSessionIfNeeded, skipping uid=10584
02-06 18:14:16.714  3012  3012 D MediaSessionStack: updateMediaButtonSessionIfNeeded, skipping uid=10099
02-06 18:14:16.715  2588 11364 I CCodec  : state->set(FLUSHED)
02-06 18:14:16.715  2588 11364 D CCodecBuffers: [c2.sec.mp3.decoder#351:1D-Output.Impl[N]] Client returned a buffer it does not own according to our record: 0
02-06 18:14:16.715  2588 11364 D CCodecBuffers: [c2.sec.mp3.decoder#351:1D-Output.Impl[N]] Client returned a buffer it does not own according to our record: 1
02-06 18:14:16.715  2588 11364 D CCodecBuffers: [c2.sec.mp3.decoder#351:1D-Output.Impl[N]] Client returned a buffer it does not own according to our record: 2
02-06 18:14:16.715  2588 11357 V NuPlayer: decoder audio flush completed
02-06 18:14:16.715  2588 11357 V NuPlayer: initiating audio decoder shutdown
02-06 18:14:16.715 31505  4917 V MediaPlayerNative: message received msg=211, ext1=0, ext2=0
02-06 18:14:16.715 31505  4917 V MediaPlayerNative: notify(211, 0, 0) callback on disconnected mediaplayer
02-06 18:14:16.715  2588 11364 I CCodec  : state->set(RELEASING)
02-06 18:14:16.724  2588 11425 I CCodec  : [c2.sec.mp3.decoder] release(1)
02-06 18:14:16.725  2588 11425 I CCodec  : state->set(RELEASED)
02-06 18:14:16.725  2588 11364 I hw-BpHwBinder: onLastStrongRef automatically unlinking death recipients
02-06 18:14:16.725  1093 19367 I hw-BpHwBinder: onLastStrongRef automatically unlinking death recipients
02-06 18:14:16.725  2588 11364 I MediaCodec: Codec shutdown complete
02-06 18:14:16.726  2588 11363 I NuPlayerDecoder: onShutdown notifyComplete : Yes
02-06 18:14:16.726  2588 11357 V NuPlayer: audio shutdown completed
02-06 18:14:16.727  1093 19367 I C2SecMp3Dec: in DestroyCodec2Factory
02-06 18:14:16.729  2588 11357 V NuPlayer: both audio and video are flushed now.
02-06 18:14:16.729  2588 11357 V NuPlayer: performReset
02-06 18:14:16.729  2588 11357 V NuPlayer: updatePlaybackTimer(stop)  time                    0 (performReset)
02-06 18:14:16.729  2588 11357 V NuPlayer: updateRebufferingTimer(stop)  time                    0 (exiting 1)
02-06 18:14:16.734  2588 11357 D NuPlayerDriver: notifyResetComplete(0xf6f4ef00)
02-06 18:14:16.734  2588  3027 V NuPlayerDriver: ~NuPlayerDriver(0xf6f4ef00)
02-06 18:14:16.734  2588  3027 V NuPlayerDriver: updateMetrics(0xf6f4ef00) from destructor at state 0
02-06 18:14:16.734  2588  3027 V NuPlayer: updateInternalTimers()
02-06 18:14:16.734  2588  3027 V NuPlayer: updatePlaybackTimer(snap)  time                    0 (updateInternalTimers)
02-06 18:14:16.734  2588  3027 V NuPlayer: updateRebufferingTimer(snap)  time                    0 (exiting 0)
02-06 18:14:16.734  2588  3027 V NuPlayerDriver: logMetrics(0xf6f4ef00) from destructor at state 0
02-06 18:14:16.734  2588  3027 V NuPlayerDriver: nothing to record (only 3 fields)
02-06 18:14:16.734  2588  3027 W AMessage: failed to post message as target looper for handler 0 is gone.
02-06 18:14:16.735 31505 31505 V MediaPlayerNative: destructor
02-06 18:14:16.735 31505 31505 V MediaPlayerNative: disconnect
02-06 18:14:16.736  3012  3061 D GameManagerService: notePauseComponent(), received paused-component: com.kyowon.literacy.store
02-06 18:14:16.737  3012  3185 D MARsPolicyManager: onPackageResumedFG pkgName = com.kyowon.literacy.store, userId = 0
02-06 18:14:16.737  3012  3185 I SemDvfsHyPerManager: acquire hyper - AMS_ACT_RESUME/3012@35, type = -999
02-06 18:14:16.737  3012  3185 D ActivityManagerPerformance: AMP_acquire() ACT_RESUME
02-06 18:14:16.738  2594  2614 I HYPER-HAL: [RequestManager.cpp]acquire(): Acquired ID : 4643663  [3012 / 35]    HINT : AMS_ACT_RESUME    list : 
02-06 18:14:16.738  3012  3185 V WindowManager: Prepare app transition: transit=TRANSIT_ACTIVITY_OPEN mNextAppTransition=TRANSIT_TASK_OPEN alwaysKeepCurrent=false displayId=0 Callers=com.android.server.wm.DisplayContent.prepareAppTransition:5809 com.android.server.wm.DisplayContent.prepareAppTransition:5803 com.android.server.wm.ActivityStack.resumeTopActivityInnerLocked:2255 com.android.server.wm.ActivityStack.resumeTopActivityUncheckedLocked:1873 com.android.server.wm.RootWindowContainer.resumeFocusedStacksTopActivities:2677 
02-06 18:14:16.739  3012  3185 V WindowManager: rotationForOrientation(orient=SCREEN_ORIENTATION_LANDSCAPE (0), last=ROTATION_90 (1)); user=ROTATION_0 (0) 
02-06 18:14:16.739  3012  3185 D WindowManager: rotationForOrientation, orientationSource=ActivityRecord{23798b2 u0 com.kyowon.literacy.store/com.kyowon.literacy.ui.login.activity.LoginActivity t3648}
02-06 18:14:16.739  3012  3185 V WindowOrientationListener: getProposedRotation: 1
02-06 18:14:16.740  3012  3185 V WindowManager: Computed rotation=ROTATION_90 (1) for display id=0 based on lastOrientation=SCREEN_ORIENTATION_LANDSCAPE (0) and oldRotation=ROTATION_90 (1), caller=com.android.server.wm.DisplayRotation.updateOrientation:394 com.android.server.wm.DisplayContent.updateOrientation:1698 com.android.server.wm.DisplayContent.updateOrientation:1626 com.android.server.wm.RootWindowContainer.ensureVisibilityAndConfig:2164 com.android.server.wm.ActivityStack.resumeTopActivityInnerLocked:2340 com.android.server.wm.ActivityStack.resumeTopActivityUncheckedLocked:1873 
02-06 18:14:16.740  3012  3185 D TspStateManager: updateCustomValue customSetting=
02-06 18:14:16.740  3012  3185 D TspStateManager: updateCustomValue customSetting=
02-06 18:14:16.741  2594  2614 I HYPER-HAL: [ResourceManager.cpp]updateResource(): [CPUMinFreq] UpdateResource Request ID : 4643663    Value : 1401600
02-06 18:14:16.741  3012  3185 D MARsPolicyManager: onPackageResumedFG pkgName = com.kyowon.literacy.store, userId = 0
02-06 18:14:16.742  3012  3185 W WindowManager: Execute app transition: mNextAppTransition=TRANSIT_TASK_OPEN, displayId: 0 Callers=com.android.server.wm.RootWindowContainer.executeAppTransitionForAllDisplay:2598 com.android.server.wm.ActivityStackSupervisor.reportResumedActivityLocked:2267 com.android.server.wm.ActivityRecord.completeResumeLocked:5710 com.android.server.wm.ActivityStack.resumeTopActivityInnerLocked:2434 com.android.server.wm.ActivityStack.resumeTopActivityUncheckedLocked:1873 
02-06 18:14:16.745  2588  3027 V MediaPlayerService: Client(394) destructor pid = 31505
02-06 18:14:16.745  2588  3027 V AudioSink: +++ close
02-06 18:14:16.745  2588  3027 V AudioSink: --- close
02-06 18:14:16.746  2588  3027 E AudioSystem: invalid attributes { Content type: AUDIO_CONTENT_TYPE_UNKNOWN Usage: AUDIO_USAGE_UNKNOWN Source: -1 Flags: 0x800 Tags:  } when converting to stream
02-06 18:14:16.747  2588  3027 V MediaPlayerService: disconnect(394) from pid 31505
02-06 18:14:16.748  3012  3185 D ActivityTaskManager: finishFixedRotationTransform, r=ActivityRecord{23798b2 u0 com.kyowon.literacy.store/com.kyowon.literacy.ui.login.activity.LoginActivity t3648}, caller=com.android.server.wm.WindowToken.finishFixedRotationTransform:664 com.android.server.wm.DisplayContent$FixedRotationTransitionListener.onAppTransitionFinishedLocked:7026 com.android.server.wm.AppTransition.notifyAppTransitionFinishedLocked:543 com.android.server.wm.DisplayContent.handleAnimatingStoppedAndTransition:5836 com.android.server.wm.RootWindowContainer.checkAppTransitionReady:1264 
02-06 18:14:16.752  3012  3081 I SemDvfsHyPerManager: acquire hyper - APP_LAUNCH/3012@19, type = -999
02-06 18:14:16.752  2594  2614 I HYPER-HAL: [RequestManager.cpp]acquire(): Acquired ID : 4595015  [3012 / 19]    HINT : APP_LAUNCH    list : 
02-06 18:14:16.752  2594  2614 I HYPER-HAL: [ResourceManager.cpp]updateResource(): [CPULittleMinFreq] UpdateResource Request ID : 4595015    Value : 1804800
02-06 18:14:16.771  2584  2584 I Zygote  : Process 11302 exited due to signal 9 (Killed)
02-06 18:14:16.776  2584  2584 I Zygote  : Process 11418 exited due to signal 9 (Killed)
02-06 18:14:16.780  3012  8461 I ActivityTaskManager: START u0 {flg=0x10000000 cmp=com.netease.open.pocoservice/.TestActivity} from uid 2000
02-06 18:14:16.783  3012  8461 D ActivityTaskManager: TaskLaunchParamsModifier:task=null activity=ActivityRecord{fd35002 u0 com.netease.open.pocoservice/.TestActivity task-display-area=DefaultTaskDisplayArea@168164836 display-area-windowing-mode=1
02-06 18:14:16.783  3012  8461 D ActivityTaskManager: TaskLaunchParamsModifier:task=null activity=ActivityRecord{fd35002 u0 com.netease.open.pocoservice/.TestActivity t-1} task-display-area=DefaultTaskDisplayArea@168164836 display-area-windowing-mode=1 non-freeform-display maximized-bounds
02-06 18:14:16.785   596   596 I io_stats: !@ 179,0 r 39135596 841419796 w 2874863 158324752 d 1703834 212523780 f 2289750 2727576 iot 20826360 0 th 51200 51200 40556 pt 3800 inp 0 0 800603.789
02-06 18:14:16.792   862   924 I SurfaceFlinger: id=110122 createSurf (0x0),-1 flag=24004, Task=3713#0
02-06 18:14:16.794  3012  8461 D ActivityTaskManager: TaskLaunchParamsModifier:task=Task{2e5dd13 #3713 visible=false type=standard mode=fullscreen translucent=true A=10499:com.netease.open.pocoservice U=0 StackId=3713 sz=0} activity=ActivityRecord{fd35002 u0 com.netease.open.pocoservice/.TestActivity t-1} display-from-task=0 task-display-area=DefaultTaskDisplayArea@168164836 display-area-windowing-mode=1 non-freeform-display maximized-bounds
02-06 18:14:16.795  2594  2614 E HYPER-HAL: [HandlerSysfs.cpp]doResourceHandling(): Couldn't Open Sysfs - /sys/class/scsi_host/host0/../../../clkscale_enable
02-06 18:14:16.795   862  1520 I SurfaceFlinger: id=110123 createSurf (0x0),-1 flag=80004, ActivityRecord{fd35002 u0 com.netease.open.pocoservice/.TestActivity t3713}#0
02-06 18:14:16.798  3012  8461 V WindowManager: Prepare app transition: transit=TRANSIT_TASK_OPEN mNextAppTransition=TRANSIT_UNSET alwaysKeepCurrent=false displayId=0 Callers=com.android.server.wm.DisplayContent.prepareAppTransition:5809 com.android.server.wm.DisplayContent.prepareAppTransition:5803 com.android.server.wm.ActivityStack.startActivityLocked:2595 com.android.server.wm.ActivityStarter.startActivityInner:2674 com.android.server.wm.ActivityStarter.startActivityUnchecked:2205 
02-06 18:14:16.810   862   862 I Layer   : id=110119[1] Destroyed Surface(name=3b8dd60 Toast)/@0x3b12424 - animation-leash#0
02-06 18:14:16.810 31505 31505 W MediaPlayer: mediaplayer went away with unhandled events
02-06 18:14:16.810 31505 31505 I ViewRootImpl@9ddb888[LoginActivity]: stopped(false) old=false
02-06 18:14:16.811 31505 31505 V MediaPlayer-JNI: native_setup
02-06 18:14:16.811 31505 31505 V MediaPlayerNative: constructor
02-06 18:14:16.812 31505 31505 V MediaPlayerNative: setListener
02-06 18:14:16.816  3012  8461 I SemDvfsHyPerManager: acquire hyper - AMS_APP_LAUNCH/3012@23, type = -999
02-06 18:14:16.816 31505 31505 V MediaPlayer-JNI: setVolume: left 1.000000  right 1.000000
02-06 18:14:16.816 31505 31505 V MediaPlayerNative: MediaPlayer::setVolume(1.000000, 1.000000)
02-06 18:14:16.816 31505 31505 V MediaPlayer-JNI: setAuxEffectSendLevel: level 0.000000
02-06 18:14:16.816 31505 31505 V MediaPlayerNative: MediaPlayer::setAuxEffectSendLevel(0.000000)
02-06 18:14:16.816 31505 31505 V MediaPlayer-JNI: setParameter: key 1400
02-06 18:14:16.816 31505 31505 V MediaPlayerNative: MediaPlayer::setParameter(1400)
02-06 18:14:16.816 31505 31505 V MediaPlayer-JNI: set_session_id(): 10417
02-06 18:14:16.816 31505 31505 V MediaPlayerNative: MediaPlayer::setAudioSessionId(10417)
02-06 18:14:16.817 31505 31505 V MediaPlayer-JNI: setDataSourceFD: fd 78
02-06 18:14:16.817 31505 31505 V MediaPlayerNative: setDataSource(78, 80149264, 611808)
02-06 18:14:16.817  2588  3027 V MediaPlayerService: Create new client(395) from pid 31505, uid 10584, 
02-06 18:14:16.818  2588 26811 V MediaPlayerService: setDataSource fd=8, offset=80149264, length=611808
02-06 18:14:16.818  2588 26811 V MediaPlayerService: st_dev  = 66352
02-06 18:14:16.818  2588 26811 V MediaPlayerService: st_mode = 33188
02-06 18:14:16.818  2588 26811 V MediaPlayerService: st_uid  = 1000
02-06 18:14:16.818  2588 26811 V MediaPlayerService: st_gid  = 1000
02-06 18:14:16.818  2588 26811 V MediaPlayerService: st_size = 93400764
02-06 18:14:16.818  2588 26811 V MediaPlayerService: player type = 4
02-06 18:14:16.818  2588 26811 D NuPlayerDriver: NuPlayerDriver(0xf756ed80) created, clientPid(31505)
02-06 18:14:16.821  2586 20376 D DlbDap2Process: setParam(preg = #1[-2080])
02-06 18:14:16.823  2586  2703 I HiddenSound: unregisterSession : session=10401
02-06 18:14:16.824  3012  7166 I system_server: oneway function results will be dropped but finished with status OK and parcel size 4
02-06 18:14:16.825  2586  2703 I AudioPolicyEffectException: clearEffectReference_l after clear size 0
02-06 18:14:16.826  2583 12579 W MySpaceEffect: MySpaceEffect_setEnabled() MySpace is already disabled
02-06 18:14:16.826  2583 12579 D MySpaceEffect: EffectRelease : All effects are no longer instantiated
02-06 18:14:16.826  2583 12579 D MySpace : MySpace::Close 
02-06 18:14:16.826  2583 12579 D MySpaceEffect: MySpaceEffect::~MySpaceEffect 
02-06 18:14:16.826  2583 12579 D MySpace : MySpace::~MySpace() -
02-06 18:14:16.828  2586  2703 V APM_AudioPolicyManager: stopOutput portId 907
02-06 18:14:16.828  2586  2703 V APM_AudioPolicyManager: stopOutput() output 53, stream 3, session 10401
02-06 18:14:16.828  2586  2703 V APM_AudioPolicyManager: setBeaconMute(1) mBeaconMuteRefCount=0 mBeaconPlayingRefCount=0
02-06 18:14:16.828  2588 26811 V AudioSink: AudioOutput(10417)
02-06 18:14:16.828  2588 26811 V NuPlayerDriver: setDataSource(0xf756ed80) file(8)
02-06 18:14:16.828  2588 26811 V NuPlayer: setDataSourceAsync fd 8/80149264/611808 source: 0xf6f9c480
02-06 18:14:16.828  2586  2703 V APM_AudioPolicyManager: getNewOutputDevices selected devices AUDIO_DEVICE_NONE
02-06 18:14:16.828  2586  2703 V APM_AudioPolicyManager: setOutputDevices device AUDIO_DEVICE_NONE delayMs 170
02-06 18:14:16.828  2586  2703 V APM_AudioPolicyManager: setOutputDevices() prevDevice {type:0x8000,@:0}
02-06 18:14:16.829  2586  2703 V APM_AudioPolicyManager: setOutputDevices setting same device AUDIO_DEVICE_NONE or null device, force=0, patch handle=392
02-06 18:14:16.830  2594  2614 I HYPER-HAL: [ResourceManager.cpp]updateResource(): [CPUMinFreq] UpdateResource Request ID : 4595015    Value : 2016000
02-06 18:14:16.831  2586  2703 W APM::AudioPolicyEngine: getDevicesForStrategy() unknown strategy: -1
02-06 18:14:16.831  2586  2703 W APM::AudioPolicyEngine: getDevicesForStrategy() unknown strategy: -1
02-06 18:14:16.831  2586  2703 V APM_AudioPolicyManager: selectOutputForMusicEffects selected output 53
02-06 18:14:16.831  2586  2703 V APM_AudioPolicyManager: releaseOutput portId 907
02-06 18:14:16.831  2586  2703 V APM_AudioPolicyManager: releaseOutput() 53
02-06 18:14:16.833  2594  2614 I HYPER-HAL: [RequestManager.cpp]acquire(): Acquired ID : 4607153  [3012 / 23]    HINT : AMS_APP_LAUNCH    list : 
02-06 18:14:16.833  2594  2614 I HYPER-HAL: [ResourceManager.cpp]updateResource(): [CPULittleMinFreq] UpdateResource Request ID : 4607153    Value : 1804800
02-06 18:14:16.834  2594  2614 E HYPER-HAL: [HandlerSysfs.cpp]doResourceHandling(): Couldn't Open Sysfs - /sys/class/scsi_host/host0/../../../clkscale_enable
02-06 18:14:16.835  2594  2614 I HYPER-HAL: [ResourceManager.cpp]updateResource(): [CPUMinFreq] UpdateResource Request ID : 4607153    Value : 2016000
02-06 18:14:16.839  3012  3061 D EnterpriseDeviceManagerService: isMdmAdminPresentInternal() : MDM Admin Found - com.sec.enterprise.knox.cloudmdm.smdms
02-06 18:14:16.843  2588 11433 V NuPlayer: kWhatSetAudioSink
02-06 18:14:16.843  2588 11433 V NuPlayer: kWhatSetDataSource
02-06 18:14:16.844 31505 31505 V MediaPlayerNative: setVideoSurfaceTexture
02-06 18:14:16.844  2588 26811 V MediaPlayerService: [395] setVideoSurfaceTexture(0x0)
02-06 18:14:16.844 31505 31505 V MediaPlayerNative: prepare
02-06 18:14:16.844  2588  3027 V MediaPlayerService: [395] setParameter(1400)
02-06 18:14:16.844  2588  3027 V MediaPlayerService: setAudioAttributes_l() usage=0 content=0 flags=0x800 tags=
02-06 18:14:16.844  2588  3027 E AudioSystem: invalid attributes { Content type: AUDIO_CONTENT_TYPE_UNKNOWN Usage: AUDIO_USAGE_UNKNOWN Source: -1 Flags: 0x800 Tags:  } when converting to stream
02-06 18:14:16.845  2588  3026 V MediaPlayerService: [395] prepareAsync
02-06 18:14:16.845  2588  3026 V NuPlayerDriver: prepareAsync(0xf756ed80)
02-06 18:14:16.845  2588  3026 V NuPlayer: prepareAsync
02-06 18:14:16.845  2588 11433 V NuPlayer: onMessageReceived kWhatPrepare
02-06 18:14:16.845  2588 11433 I MediaMonitor: MediaMonitor()
02-06 18:14:16.847  2584  2584 D Zygote  : Forked child process 11436
02-06 18:14:16.847  1061  1061 I DrmManagerService(Native): value of perm = 2
02-06 18:14:16.847  1061  1061 E SEC_DRM_PLUGIN_Omafl: OmaPlugin::onOpenDecryptSession(fd)::Drm2IsDrmFileByExtFd::file is NOT DRM by extension
02-06 18:14:16.850  3012  3082 W ActivityManager: Slow operation: 273ms so far, now at startProcess: returned from zygote!
02-06 18:14:16.854  2588 11435 D GenericSource: FileSource remote
02-06 18:14:16.859  1076  6008 I MediaExtractorFactory: Created an extractor 'SECMP3Extractor' with confidence 0.21
02-06 18:14:16.862  3012  3061 D SemGameManager: getGMSBinder(), begin
02-06 18:14:16.863  2588 11435 I AnotherPacketSource: setFormat() audio
02-06 18:14:16.864  2588 11433 V NuPlayer: onSourceNotify() kWhatFlagsChanged  FLAG_CAN_PAUSE: 1  FLAG_CAN_SEEK_BACKWARD: 1 
02-06 18:14:16.864  2588 11433 V NuPlayer: 				 FLAG_CAN_SEEK_FORWARD: 1  FLAG_CAN_SEEK: 1  FLAG_DYNAMIC_DURATION: 0 
02-06 18:14:16.864  2588 11433 V NuPlayer: 				 FLAG_SECURE: 0  FLAG_PROTECTED: 0
02-06 18:14:16.863  3012  3061 D SemGameManager: getGMSBinder(), successful: true
02-06 18:14:16.864  2588 11435 V NuPlayer: Source::notifyPrepared 0
02-06 18:14:16.864  2588 11433 V NuPlayer: prepare posted successfully.
02-06 18:14:16.864  2588 11433 I NuPlayer: ORmode enabled : unsupportedAudio = 0, unsupportedVideo = 0, mHaveAudioTrack = 1, mHaveVideoTrack = 0
02-06 18:14:16.864  2588 11433 V MediaPlayerService: [395] notify (200, 10973, 0)
02-06 18:14:16.864  3012  3061 D SemGameManager: isAvailable(), ret=true
02-06 18:14:16.864  3012  3061 D SemGameManager: isGamePackage(), pkgName=com.netease.open.pocoservice
02-06 18:14:16.864  3012  3061 D SemGameManager: getGMSBinder(), begin
02-06 18:14:16.864 31505  8454 V MediaPlayerNative: message received msg=200, ext1=10973, ext2=0
02-06 18:14:16.864 31505  8454 W MediaPlayerNative: info/warning (10973, 0)
02-06 18:14:16.864  2588 11433 V NuPlayer: NuPlayer::onSourceNotify Source::kWhatPrepared source: 0xf6f9c480
02-06 18:14:16.865  2588 11433 V NuPlayer: extractMetadata Tracks : 1
02-06 18:14:16.865  3012  3061 D SemGameManager: getGMSBinder(), successful: true
02-06 18:14:16.865  3012  3061 D GameManagerService: identifyGamePackage. com.netease.open.pocoservice, mCurrentUserId: 0, callerUserId: 0
02-06 18:14:16.865  3012  3061 D PkgDataHelper: getGamePkgData(). com.netease.open.pocoservice
02-06 18:14:16.865  3012  3061 D SemGameManager: isGamePackage(), ret=false
02-06 18:14:16.865  2588 11433 V NuPlayer: enableInbandTextFromExtr
02-06 18:14:16.866  2589  2631 E Netd    : getNetworkForDns: getNetId from enterpriseCtrl is netid 0
02-06 18:14:16.866  2588 11433 V NuPlayerDriver: notifyPrepareCompleted 0
02-06 18:14:16.866  2588 11433 V MediaPlayerService: [395] notify (1, 0, 0)
02-06 18:14:16.866 31505  8454 V MediaPlayerNative: message received msg=1, ext1=0, ext2=0
02-06 18:14:16.866 31505  8454 V MediaPlayerNative: MediaPlayer::notify() prepared
02-06 18:14:16.866 31505  8454 V MediaPlayerNative: signal application thread
02-06 18:14:16.866 31505 31505 V MediaPlayerNative: prepare complete - status=0
02-06 18:14:16.866  3012  3061 D GameManagerService: noteResumeComponent(), received resumed-component: com.kyowon.literacy.store
02-06 18:14:16.867  3012  3220 D GameManagerService: onLooperPrepared(), msg: MSG_APP_RESUME, resumeComponent: ComponentInfo{com.kyowon.literacy.store/com.kyowon.literacy.ui.login.activity.LoginActivity}
02-06 18:14:16.867  3012  3220 D GameManagerService: handleResume().
02-06 18:14:16.867  3012  3220 D GameManagerService: sendFocusOutConditionally() - mPrevNotiPackage: (unknown)
02-06 18:14:16.867  3012  3220 D GameManagerService:   handleResume(). pkgName: com.kyowon.literacy.store, isTunableApp: null
02-06 18:14:16.867  3012  3220 D GameManagerService: notifyFocusInOut(). of pkg: com.kyowon.literacy.store, type: 4, isMinimized: false, isTunableApp: false
02-06 18:14:16.867  3012  3220 D GameManagerService:   notifyFocusInOut(). unexpected mPrevNotiType: -1
02-06 18:14:16.867  3012  3220 D GameManagerService:NetworkLimit: callRelease
02-06 18:14:16.867  3012  3220 D GM:SystemHelper: callReleaseBlock needReleaseBlock:false
02-06 18:14:16.867  3012  3061 I GameSDK@LifeCycle: noteResumeComponent(): package name  : com.kyowon.literacy.store
02-06 18:14:16.868  2589  2631 E Netd    : getNetworkForDns: getNetId from enterpriseCtrl is netid 0
02-06 18:14:16.869 31505 31505 V MediaPlayerNative: invoke 76
02-06 18:14:16.869  2588 26811 V NuPlayer: getTrackInfo
02-06 18:14:16.869  2588 11433 W NuPlayer: no name
02-06 18:14:16.870 31505 31505 V MediaPlayer-JNI: setLooping: 1
02-06 18:14:16.870 31505 31505 V MediaPlayerNative: MediaPlayer::setLooping
02-06 18:14:16.870  2588  3027 V MediaPlayerService: [395] setLooping(1)
02-06 18:14:16.870 31505 31505 V MediaPlayer-JNI: setVolume: left 0.800000  right 0.800000
02-06 18:14:16.870 31505 31505 V MediaPlayerNative: MediaPlayer::setVolume(0.800000, 0.800000)
02-06 18:14:16.870  2588 26811 V MediaPlayerService: [395] setVolume(0.800000, 0.800000)
02-06 18:14:16.870  2588 26811 V AudioSink: setVolume(0.800000, 0.800000)
02-06 18:14:16.870 31505 31505 V MediaPlayer-JNI: start
02-06 18:14:16.870 31505 31505 V MediaPlayerNative: start
02-06 18:14:16.870  7990  7990 E adbd    : failed to connect to socket 'tcp:10080': Connection refused
02-06 18:14:16.870  2588 26811 V MediaPlayerService: [395] setLooping(1)
02-06 18:14:16.870  2588 26811 V MediaPlayerService: [395] setVolume(0.800000, 0.800000)
02-06 18:14:16.870  2588 26811 V AudioSink: setVolume(0.800000, 0.800000)
02-06 18:14:16.871  2588 26811 V MediaPlayerService: [395] setAuxEffectSendLevel(0.000000)
02-06 18:14:16.871  2588 26811 V AudioSink: setAuxEffectSendLevel(0.000000)
02-06 18:14:16.871  3012  3012 D AudioPlayerStateMonitor: Found a new active media playback. AudioPlaybackConfiguration piid:3479 type:android.media.MediaPlayer u/pid:10584/31505 state:started attr:AudioAttributes: usage=USAGE_UNKNOWN content=CONTENT_TYPE_UNKNOWN flags=0x800 tags= bundle=null
02-06 18:14:16.871  3012  3012 D MediaSessionService: Audio playback is changed, config=AudioPlaybackConfiguration piid:3479 type:android.media.MediaPlayer u/pid:10584/31505 state:started attr:AudioAttributes: usage=USAGE_UNKNOWN content=CONTENT_TYPE_UNKNOWN flags=0x800 tags= bundle=null, removed=false
02-06 18:14:16.871  2588  3027 V MediaPlayerService: [395] start
02-06 18:14:16.871  2588  3027 V NuPlayerDriver: start(0xf756ed80), state is 4, eos is 0
02-06 18:14:16.871  3012  3012 D MediaSessionStack: updateMediaButtonSessionIfNeeded, callers=com.android.server.media.MediaSessionService.lambda$onStart$0$MediaSessionService:214 com.android.server.media.-$$Lambda$MediaSessionService$za_9dlUSlnaiZw6eCdPVEZq0XLw.onAudioPlayerActiveStateChanged:2 
02-06 18:14:16.871  3012  3012 D MediaSessionStack: updateMediaButtonSessionIfNeeded, skipping uid=10584
02-06 18:14:16.871  3012  3012 D MediaSessionStack: updateMediaButtonSessionIfNeeded, skipping uid=10099
02-06 18:14:16.872 11436 11436 I pen.pocoservic: Late-enabling -Xcheck:jni
02-06 18:14:16.874  3012  3082 W ActivityManager: Slow operation: 297ms so far, now at startProcess: done updating battery stats
02-06 18:14:16.874  2588 11433 V NuPlayer: kWhatStart
02-06 18:14:16.874  2588 11433 V NuPlayer: onStart: mCrypto: 0x0 (0)
02-06 18:14:16.874  2588 11433 I GenericSource: start
02-06 18:14:16.874  3012  3082 W ActivityManager: Slow operation: 298ms so far, now at startProcess: building log message
02-06 18:14:16.874  2588 11433 V NuPlayer: checkOffloadExceptions is true, call canOffloadStream
02-06 18:14:16.874  3012  3082 I ActivityManager: Start proc 11436:com.netease.open.pocoservice/u0a499 for added application com.netease.open.pocoservice
02-06 18:14:16.874  3012  3082 W ActivityManager: Slow operation: 298ms so far, now at startProcess: starting to update pids map
02-06 18:14:16.874  2586  9814 V APM_AudioPolicyManager: isOffloadSupported: SR=48000, CM=0x3, Format=0x1000000, StreamType=3, BitRate=320000, duration=20616000 us, has_video=0
02-06 18:14:16.875  2586  9814 V APM_AudioPolicyManager: Offload denied by duration < default min(=40)
02-06 18:14:16.875  2588 11433 I MediaClock: setPlaybackRate rate : 1.000000
02-06 18:14:16.875  3012  3082 W ActivityManager: Slow operation: 298ms so far, now at startProcess: done updating pids map
02-06 18:14:16.875  3012  3061 V ActivityManager: Changed top to -1,null
02-06 18:14:16.879  3012  3059 W Looper  : Slow dispatch took 115ms android.ui h=com.android.server.am.ActivityManagerService$UiHandler c=null m=31
02-06 18:14:16.879  2588 11443 I NuPlayerRenderer: onConfigPlayback
02-06 18:14:16.879  2588 11443 I MediaClock: setPlaybackRate rate : 1.000000
02-06 18:14:16.879  2588 11443 I MediaClock: setSpeedAjust mSASpeed (0), mMinClockModificationTimeUs (80000)
02-06 18:14:16.880  2588 11433 I NuPlayerRenderer: setLooping (1)
02-06 18:14:16.880  2588 11433 I NuPlayerRenderer: setDuration (20616000)
02-06 18:14:16.880  2588 11433 V NuPlayer: startPlaybackTimer() time      800603886578913 (onstart)
02-06 18:14:16.880  2588 11433 V NuPlayer: scanning sources haveAudio=0, haveVideo=0
02-06 18:14:16.880  2588 11433 V NuPlayer: checkOffloadExceptions is true, call canOffloadStream
02-06 18:14:16.880  2586  9814 V APM_AudioPolicyManager: isOffloadSupported: SR=48000, CM=0x3, Format=0x1000000, StreamType=3, BitRate=320000, duration=20616000 us, has_video=0
02-06 18:14:16.880  2586  9814 V APM_AudioPolicyManager: Offload denied by duration < default min(=40)
02-06 18:14:16.880  2588 11433 V NuPlayer: make Decoder (audio)
02-06 18:14:16.881  2588 11433 V NuPlayer: instantiateDecoder audio Decoder
02-06 18:14:16.881  2588 11443 I NuPlayerRenderer: kWhatSetRefRate - refRate(1.000000)
02-06 18:14:16.893  2588 11445 I CCodec  : state->set(ALLOCATING)
02-06 18:14:16.893  2588 11445 I CCodec  : allocate(c2.sec.mp3.decoder)
02-06 18:14:16.897  2588 11445 I CCodec  : setting up 'default' as default (vendor) store
02-06 18:14:16.899  1093 19367 I C2SecMp3Dec: in CreateCodec2Factory
02-06 18:14:16.899  1093 19367 I SEC_componentStore: GetCodec2SecComponentStore+++++++++++++
02-06 18:14:16.899  1093 19367 I SEC_componentStore: GetCodec2SecComponentStore--------------default
02-06 18:14:16.903  2588 11445 I CCodec  : Created component [c2.sec.mp3.decoder]
02-06 18:14:16.903  2588 11445 I CCodec  : state->set(ALLOCATED)
02-06 18:14:16.904  2588 11445 D CCodecConfig: read media type: audio/mpeg
02-06 18:14:16.909  2588 11445 D ReflectedParamUpdater: extent() != 1 for single value type: algo.buffers.max-count.values
02-06 18:14:16.909 31505 31505 V MediaPlayer-JNI: stop
02-06 18:14:16.909 31505 31505 V MediaPlayerNative: stop
02-06 18:14:16.910  2588 26811 V MediaPlayerService: [395] stop
02-06 18:14:16.910  2588 26811 D NuPlayerDriver: stop(0xf756ed80)
02-06 18:14:16.910  2588 11433 V NuPlayer: updatePlaybackTimer(stop)  time      800603886578913 (onPause)
02-06 18:14:16.910  2588 11433 V NuPlayer: updatePlaybackTimer()  log              29811459
02-06 18:14:16.910  2588 11433 I GenericSource: pause
02-06 18:14:16.910  2588 26811 V MediaPlayerService: [395] notify (8, 0, 0)
02-06 18:14:16.910 31505  4917 V MediaPlayerNative: message received msg=8, ext1=0, ext2=0
02-06 18:14:16.910  2588 11443 I NuPlayerRenderer: onPause
02-06 18:14:16.910  2588 11443 I MediaClock: setPlaybackRate rate : 0.000000
02-06 18:14:16.910  2588 11445 D ReflectedParamUpdater: extent() != 1 for single value type: output.subscribed-indices.values
02-06 18:14:16.910  2588 11445 D ReflectedParamUpdater: extent() != 1 for single value type: input.buffers.allocator-ids.values
02-06 18:14:16.911  2588 11445 D ReflectedParamUpdater: extent() != 1 for single value type: output.buffers.allocator-ids.values
02-06 18:14:16.911  2588 11445 D ReflectedParamUpdater: extent() != 1 for single value type: algo.buffers.allocator-ids.values
02-06 18:14:16.911  3012  3012 D MediaSessionService: Audio playback is changed, config=AudioPlaybackConfiguration piid:3479 type:android.media.MediaPlayer u/pid:10584/31505 state:stopped attr:AudioAttributes: usage=USAGE_UNKNOWN content=CONTENT_TYPE_UNKNOWN flags=0x800 tags= bundle=null, removed=false
02-06 18:14:16.911  2588 11445 D ReflectedParamUpdater: extent() != 1 for single value type: output.buffers.pool-ids.values
02-06 18:14:16.911  3012  3012 D MediaSessionStack: updateMediaButtonSessionIfNeeded, callers=com.android.server.media.MediaSessionService.lambda$onStart$0$MediaSessionService:214 com.android.server.media.-$$Lambda$MediaSessionService$za_9dlUSlnaiZw6eCdPVEZq0XLw.onAudioPlayerActiveStateChanged:2 
02-06 18:14:16.912  3012  3012 D MediaSessionStack: updateMediaButtonSessionIfNeeded, skipping uid=10584
02-06 18:14:16.912  3012  3012 D MediaSessionStack: updateMediaButtonSessionIfNeeded, skipping uid=10099
02-06 18:14:16.912  2588 11445 D ReflectedParamUpdater: extent() != 1 for single value type: algo.buffers.pool-ids.values
02-06 18:14:16.912 31505 31505 V MediaPlayer: resetDrmState:  mDrmInfo=null mDrmProvisioningThread=null mPrepareDrmInProgress=false mActiveDrmScheme=false
02-06 18:14:16.912 31505 31505 V MediaPlayer: cleanDrmObj: mDrmObj=null mDrmSessionId=null
02-06 18:14:16.912 31505 31505 V MediaPlayer-JNI: release
02-06 18:14:16.912 31505 31505 V MediaPlayerNative: setListener
02-06 18:14:16.912 31505 31505 V MediaPlayerNative: disconnect
02-06 18:14:16.912  2588 26811 V MediaPlayerService: disconnect(395) from pid 31505
02-06 18:14:16.912  2588 26811 D NuPlayerDriver: reset(0xf756ed80) at state 8
02-06 18:14:16.912  2588 26811 V NuPlayerDriver: updateMetrics(0xf756ed80) from reset at state 8
02-06 18:14:16.912  2588 26811 V NuPlayer: updateInternalTimers()
02-06 18:14:16.912  2588 26811 V NuPlayer: updatePlaybackTimer(snap)  time                    0 (updateInternalTimers)
02-06 18:14:16.912  2588 26811 V NuPlayer: updateRebufferingTimer(snap)  time                    0 (exiting 0)
02-06 18:14:16.913  2588 26811 V NuPlayerDriver: logMetrics(0xf756ed80) from reset at state 8
02-06 18:14:16.913  2588 26811 V NuPlayerDriver: nothing to record (only 3 fields)
02-06 18:14:16.916  2588 11445 I CCodecConfig: query failed after returning 7 values (BAD_INDEX)
02-06 18:14:16.916  2588 11445 D CCodecConfig: c2 config diff is Dict {
02-06 18:14:16.916  2588 11445 D CCodecConfig:   c2::u32 coded.bitrate.value = 64000
02-06 18:14:16.916  2588 11445 D CCodecConfig:   c2::u32 input.buffers.max-size.value = 8192
02-06 18:14:16.916  2588 11445 D CCodecConfig:   c2::u32 input.delay.value = 0
02-06 18:14:16.916  2588 11445 D CCodecConfig:   string input.media-type.value = "audio/mpeg"
02-06 18:14:16.916  2588 11445 D CCodecConfig:   string output.media-type.value = "audio/raw"
02-06 18:14:16.916  2588 11445 D CCodecConfig:   c2::u32 raw.channel-count.value = 2
02-06 18:14:16.916  2588 11445 D CCodecConfig:   c2::u32 raw.sample-rate.value = 44100
02-06 18:14:16.916  2588 11445 D CCodecConfig: }
02-06 18:14:16.918  2588 11445 D CCodec  : [c2.sec.mp3.decoder] buffers are bound to CCodec for this session
02-06 18:14:16.918  2588 11445 D CCodecConfig: no c2 equivalents for durationUs
02-06 18:14:16.918  2588 11445 D CCodecConfig: no c2 equivalents for bits-per-sample
02-06 18:14:16.918  2588 11445 D CCodecConfig: no c2 equivalents for encoder-delay
02-06 18:14:16.918  2588 11445 D CCodecConfig: no c2 equivalents for encoder-padding
02-06 18:14:16.918  2588 11445 D CCodecConfig: no c2 equivalents for app-pid
02-06 18:14:16.918  2588 11445 D CCodecConfig: no c2 equivalents for flags
02-06 18:14:16.919  2588 11445 D CCodecConfig: c2 config diff is   c2::u32 raw.sample-rate.value = 48000
02-06 18:14:16.921  2588 11445 W Codec2Client: query -- param skipped: index = 1107298332.
02-06 18:14:16.921  2588 11445 D CCodec  : setup formats input: AMessage(what = 0x00000000) = {
02-06 18:14:16.921  2588 11445 D CCodec  :   int32_t channel-count = 2
02-06 18:14:16.921  2588 11445 D CCodec  :   int32_t max-input-size = 8192
02-06 18:14:16.921  2588 11445 D CCodec  :   string mime = "audio/mpeg"
02-06 18:14:16.921  2588 11445 D CCodec  :   int32_t sample-rate = 48000
02-06 18:14:16.921  2588 11445 D CCodec  :   int64_t durationUs = 20616000
02-06 18:14:16.921  2588 11445 D CCodec  : } and output: AMessage(what = 0x00000000) = {
02-06 18:14:16.921  2588 11445 D CCodec  :   int32_t channel-count = 2
02-06 18:14:16.921  2588 11445 D CCodec  :   string mime = "audio/raw"
02-06 18:14:16.921  2588 11445 D CCodec  :   int32_t sample-rate = 48000
02-06 18:14:16.921  2588 11445 D CCodec  :   int32_t encoder-delay = 576
02-06 18:14:16.921  2588 11445 D CCodec  :   int32_t encoder-padding = 1564
02-06 18:14:16.921  2588 11445 D CCodec  : }
02-06 18:14:16.922   541  1113 I servicemanager: Found vendor.samsung.frameworks.codecsolution.ISehCodecSolution/default in framework VINTF manifest.
02-06 18:14:16.922  2588 11433 V NuPlayer: kWhatReset
02-06 18:14:16.922  2588 11433 V NuPlayer: setDecoderBooster enable = No
02-06 18:14:16.922  2588 11433 V NuPlayer: updatePlaybackTimer(stop)  time                    0 (kWhatReset)
02-06 18:14:16.922  2588 11433 V NuPlayer: updateRebufferingTimer(stop)  time                    0 (exiting 1)
02-06 18:14:16.922  2588 11433 V NuPlayer: performDecoderFlush audio=2, video=2
02-06 18:14:16.922  2588 11433 V NuPlayer: [audio] flushDecoder needShutdown=1
02-06 18:14:16.922  2588 11433 V NuPlayer: postponing action mFlushingAudio=2, mFlushingVideo=0
02-06 18:14:16.923  3012  8461 D SehCodecSolutionService: updateMediaStatisticsData: (action=1@1986621044;category=4@1986621044;label=1936945203@1986621044)
02-06 18:14:16.923  3012  8461 D CodecSolution_MediaStatisticsData: MediaStatisticsData: action=1@1986621044;category=4@1986621044;label=1936945203@1986621044
02-06 18:14:16.923  3012  8461 D CodecSolution_MediaStatisticsData: Category.valueOf: 4
02-06 18:14:16.923  3012  8461 D CodecSolution_MediaStatisticsData: Action.valueOf: 1
02-06 18:14:16.923  3012  8461 D CodecSolution_MediaStatisticsData: Label.valueOf: 0x73737033
02-06 18:14:16.924  3012  8461 D CodecSolution_MediaStatisticsData: category: ADEC
02-06 18:14:16.924  3012  8461 D CodecSolution_MediaStatisticsData: action: INSTANTIATE
02-06 18:14:16.924  3012  8461 D CodecSolution_MediaStatisticsData: label: SEC_SW_MP3
02-06 18:14:16.924  2588 11445 I MediaCodec: MediaCodec will operate in async mode
02-06 18:14:16.924  2588 11444 W MediaCodec: keep callback message for reclaim
02-06 18:14:16.924  2588 11445 I CCodec  : state->set(STARTING)
02-06 18:14:16.926  2588 11445 W Codec2Client: query -- param skipped: index = 1342179345.
02-06 18:14:16.926  2588 11445 W Codec2Client: query -- param skipped: index = 2415921170.
02-06 18:14:16.926  3012  3012 D SehCodecSolutionService: handleMessage : 900
02-06 18:14:16.926  3012  3012 D SehCodecSolutionService: event : ADEC
02-06 18:14:16.926  3012  3012 D CodecSolution_Logging: dma : true, feature: ADEC, extra: SEC_SW_MP3, value: -1
02-06 18:14:16.926  3012  3012 D CodecSolution_Logging: insert diagmon log
02-06 18:14:16.926  3012  3012 D CodecSolution_Logging: permission granted
02-06 18:14:16.927  3012  3012 W ContextImpl: Calling a method in the system process without a qualified user: android.app.ContextImpl.sendBroadcast:1162 vendor.samsung.frameworks.codecsolution.Logging.insertDiagmonLog:78 vendor.samsung.frameworks.codecsolution.Logging.insertLog:54 vendor.samsung.frameworks.codecsolution.Logging.insertLog:46 vendor.samsung.frameworks.codecsolution.SehCodecSolutionService$1.handleMessage:307 
02-06 18:14:16.927  2588 11445 E FMQ     : grantorIdx must be less than 3
02-06 18:14:16.927  2588 11445 E FMQ     : grantorIdx must be less than 3
