02-06 18:02:58.842  3012  3935 D WindowManager: finishDrawingWindow: Window{6debe52 u0 com.kyowon.literacy.store/com.kyowon.literacy.ui.vocabulary.activity.VocabularyActivity} mDrawState=DRAW_PENDING
02-06 18:02:58.861   862   862 D SurfaceFlinger:      DEVICE | 0xb400007ac04cc9a0 | 0002 | RGBA_8888    |    0.0    0.0 1190.0 2000.0 |   10    0 1200 2000 | com.kyowon.literacy.store/com.kyowon[...].main.activity.MainActivity$_20609#0
02-06 18:02:58.861   862   862 D SurfaceFlinger:      CLIENT | 0xb400007ac04d2200 | 0002 | RGBA_8888    |  167.0    0.0 1200.0 2000.0 |    0    0 1033 2000 | com.kyowon.literacy.store/com.kyowon[...]activity.VocabularyActivity$_20609#1
02-06 18:02:58.861   862   862 D SurfaceFlinger:      CLIENT | 0xb400007ac04cf410 | 0000 | RGBA_8888    |  167.0    0.0 1200.0 2000.0 |    0    0 1033 2000 | com.kyowon.literacy.store/com.kyowon[...]activity.VocabularyActivity$_20609#0
02-06 18:02:58.867 20609 20609 V InputMethodManager: Starting input: tba=com.kyowon.literacy.store ic=null mNaviBarColor -855310 mIsGetNaviBarColorSuccess true , NavVisible : true , NavTrans : false
02-06 18:02:58.884  3012  3934 V WindowManager: removeIfPossible 2, Window{6debe52 u0 com.kyowon.literacy.store/com.kyowon.literacy.ui.vocabulary.activity.VocabularyActivity}: mAnimatingExit=true caller=com.android.server.wm.WindowState.removeIfPossible:2688 com.android.server.wm.WindowManagerService.removeWindow:2186 com.android.server.wm.Session.remove:199 android.view.IWindowSession$Stub.onTransact:813 com.android.server.wm.Session.onTransact:145 
02-06 18:02:58.885  3012  3934 V WindowManager: Changing focus from Window{6debe52 u0 com.kyowon.literacy.store/com.kyowon.literacy.ui.vocabulary.activity.VocabularyActivity EXITING} to Window{2813ac1 u0 com.kyowon.literacy.store/com.kyowon.literacy.ui.vocabulary.activity.VocabularyActivity} displayId=0 Callers=com.android.server.wm.RootWindowContainer.updateFocusedWindowLocked:566 com.android.server.wm.WindowManagerService.updateFocusedWindowLocked:6311 com.android.server.wm.WindowState.setupWindowForRemoveOnExit:2853 com.android.server.wm.WindowState.removeIfPossible:2822 
02-06 18:02:58.938   862  1519 I SurfaceFlinger: id=106460 createSurf (0x0),-1 flag=80004, 9fc5d4d com.kyowon.literacy.store/com.kyowon.literacy.ui.vocabulary.activity.VocabularyActivity#0
02-06 18:02:58.948 20609 20609 D InsetsSourceConsumer: setRequestedVisible: visible=false, type=2, host=com.kyowon.literacy.store/com.kyowon.literacy.ui.vocabulary.activity.VocabularyActivity, from=android.view.InsetsSourceConsumer.hide:236 android.view.InsetsController.collectSourceControls:1172 android.view.InsetsController.controlAnimationUnchecked:1049 android.view.InsetsController.applyAnimation:1417 android.view.InsetsController.hide:984 android.view.InsetsController.hide:967 android.view.PendingInsetsController.hide:60 androidx.core.view.WindowInsetsControllerCompat$Impl30.hide:654 androidx.core.view.WindowInsetsControllerCompat.hide:189 com.kyowon.literacy.utils.SystemUiHelper.hideSystemUI:19 
02-06 18:02:58.948 20609 20609 D InsetsSourceConsumer: setRequestedVisible: visible=false, type=1, host=com.kyowon.literacy.store/com.kyowon.literacy.ui.vocabulary.activity.VocabularyActivity, from=android.view.InsetsSourceConsumer.hide:236 android.view.InsetsController.collectSourceControls:1172 android.view.InsetsController.controlAnimationUnchecked:1049 android.view.InsetsController.applyAnimation:1417 android.view.InsetsController.hide:984 android.view.InsetsController.hide:967 android.view.PendingInsetsController.hide:60 androidx.core.view.WindowInsetsControllerCompat$Impl30.hide:654 androidx.core.view.WindowInsetsControllerCompat.hide:189 com.kyowon.literacy.utils.SystemUiHelper.hideSystemUI:19 
02-06 18:02:58.948 20609 20609 D InsetsSourceConsumer: setRequestedVisible: visible=false, type=0, host=com.kyowon.literacy.store/com.kyowon.literacy.ui.vocabulary.activity.VocabularyActivity, from=android.view.InsetsSourceConsumer.hide:236 android.view.InsetsController.collectSourceControls:1172 android.view.InsetsController.controlAnimationUnchecked:1049 android.view.InsetsController.applyAnimation:1417 android.view.InsetsController.hide:984 android.view.InsetsController.hide:967 android.view.PendingInsetsController.hide:60 androidx.core.view.WindowInsetsControllerCompat$Impl30.hide:654 androidx.core.view.WindowInsetsControllerCompat.hide:189 com.kyowon.literacy.utils.SystemUiHelper.hideSystemUI:19 
02-06 18:02:58.962   862   862 D SurfaceFlinger:      DEVICE | 0xb400007ac04ce610 | 0002 | RGBA_8888    |    0.0    0.0 1174.0 2000.0 |   26    0 1200 2000 | com.kyowon.literacy.store/com.kyowon[...].main.activity.MainActivity$_20609#0
02-06 18:02:58.962   862   862 D SurfaceFlinger:      CLIENT | 0xb400007acfe20840 | 0002 | RGBA_8888    |   70.0    0.0 1200.0 2000.0 |    0    0 1130 2000 | com.kyowon.literacy.store/com.kyowon[...]activity.VocabularyActivity$_20609#1
02-06 18:02:58.962   862   862 D SurfaceFlinger:      CLIENT | 0xb400007ac04cf410 | 0000 | RGBA_8888    |   70.0    0.0 1200.0 2000.0 |    0    0 1130 2000 | com.kyowon.literacy.store/com.kyowon[...]activity.VocabularyActivity$_20609#0
02-06 18:02:58.962   862   862 D SurfaceFlinger:      CLIENT | 0xb400007ac04d0980 | 0000 | RGBA_8888    |   70.0    0.0 1200.0 2000.0 |    0    0 1130 2000 | com.kyowon.literacy.store/com.kyowon[...]activity.VocabularyActivity$_20609#2
02-06 18:02:58.968  3012  7184 V WindowManager: Relayout Window{9fc5d4d u0 com.kyowon.literacy.store/com.kyowon.literacy.ui.vocabulary.activity.VocabularyActivity}: viewVisibility=0 req=2000x1200
02-06 18:02:58.971  3012  7184 D WindowManager: isScreenshotDisabledLocked - win: Window{9fc5d4d u0 com.kyowon.literacy.store/com.kyowon.literacy.ui.vocabulary.activity.VocabularyActivity}
02-06 18:02:58.972   862  1519 I SurfaceFlinger: id=106461 createSurf (2000x1200),1 flag=4, com.kyowon.literacy.store/com.kyowon.literacy.ui.vocabulary.activity.VocabularyActivity$_20609#3
02-06 18:02:58.972  3012  7184 D WindowManager: makeSurface duration=2 name=com.kyowon.literacy.store/com.kyowon.literacy.ui.vocabulary.activity.VocabularyActivity$_20609
02-06 18:02:58.974  3012  7184 V WindowManager: Changing focus from Window{2813ac1 u0 com.kyowon.literacy.store/com.kyowon.literacy.ui.vocabulary.activity.VocabularyActivity} to Window{9fc5d4d u0 com.kyowon.literacy.store/com.kyowon.literacy.ui.vocabulary.activity.VocabularyActivity} displayId=0 Callers=com.android.server.wm.RootWindowContainer.updateFocusedWindowLocked:566 com.android.server.wm.WindowManagerService.updateFocusedWindowLocked:6311 com.android.server.wm.WindowManagerService.relayoutWindow:2713 com.android.server.wm.Session.relayout:219 
02-06 18:02:59.010  3012  3935 D WindowManager: finishDrawingWindow: Window{9fc5d4d u0 com.kyowon.literacy.store/com.kyowon.literacy.ui.vocabulary.activity.VocabularyActivity} mDrawState=DRAW_PENDING
02-06 18:02:59.102   862   862 D SurfaceFlinger:      DEVICE | 0xb400007ac04cc9a0 | 0002 | RGBA_8888    |    0.0    0.0 1164.0 2000.0 |   36    0 1200 2000 | com.kyowon.literacy.store/com.kyowon[...].main.activity.MainActivity$_20609#0
02-06 18:02:59.102   862   862 D SurfaceFlinger:      CLIENT | 0xb400007ac04d0050 | 0002 | RGBA_8888    |    7.0    0.0 1200.0 2000.0 |    0    0 1193 2000 | com.kyowon.literacy.store/com.kyowon[...]activity.VocabularyActivity$_20609#1
02-06 18:02:59.102   862   862 D SurfaceFlinger:      CLIENT | 0xb400007ac04cf410 | 0000 | RGBA_8888    |    7.0    0.0 1200.0 2000.0 |    0    0 1193 2000 | com.kyowon.literacy.store/com.kyowon[...]activity.VocabularyActivity$_20609#0
02-06 18:02:59.102   862   862 D SurfaceFlinger:      CLIENT | 0xb400007ac04d0980 | 0000 | RGBA_8888    |    7.0    0.0 1200.0 2000.0 |    0    0 1193 2000 | com.kyowon.literacy.store/com.kyowon[...]activity.VocabularyActivity$_20609#2
02-06 18:02:59.102   862   862 D SurfaceFlinger:    0 1193 2000 | com.kyowon.literacy.store/com.kyowon[...]activity.VocabularyActivity$_20609#3
02-06 18:02:59.151  3012  7184 V WindowManager: removeIfPossible 2, Window{9fc5d4d u0 com.kyowon.literacy.store/com.kyowon.literacy.ui.vocabulary.activity.VocabularyActivity}: mAnimatingExit=true caller=com.android.server.wm.WindowState.removeIfPossible:2688 com.android.server.wm.WindowManagerService.removeWindow:2186 com.android.server.wm.Session.remove:199 android.view.IWindowSession$Stub.onTransact:813 com.android.server.wm.Session.onTransact:145 
02-06 18:02:59.152  3012  7184 V WindowManager: Changing focus from Window{9fc5d4d u0 com.kyowon.literacy.store/com.kyowon.literacy.ui.vocabulary.activity.VocabularyActivity EXITING} to Window{2813ac1 u0 com.kyowon.literacy.store/com.kyowon.literacy.ui.vocabulary.activity.VocabularyActivity} displayId=0 Callers=com.android.server.wm.RootWindowContainer.updateFocusedWindowLocked:566 com.android.server.wm.WindowManagerService.updateFocusedWindowLocked:6311 com.android.server.wm.WindowState.setupWindowForRemoveOnExit:2853 com.android.server.wm.WindowState.removeIfPossible:2822 
02-06 18:02:59.171  3012  3062 I WindowManager: Reparenting to original parent: Surface(name=Task=3366)/@0xa8ece2b, destroy=true, surface=Surface(name=ActivityRecord{5448bac u0 com.kyowon.literacy.store/com.kyowon.literacy.ui.main.activity.MainActivity t3366})/@0x7bbba35
02-06 18:02:59.171  3012  3062 D WindowManager: clearDimAnimation owner = ActivityRecord{5448bac u0 com.kyowon.literacy.store/com.kyowon.literacy.ui.main.activity.MainActivity t3366}
02-06 18:02:59.172  3012  3062 V WindowManager: Setting visibility of Window{f52afd3 u0 com.kyowon.literacy.store/com.kyowon.literacy.ui.main.activity.MainActivity}: false, caller=com.android.server.wm.WindowContainer.sendAppVisibilityToClients:1004 com.android.server.wm.ActivityRecord.setClientVisible:6391 com.android.server.wm.ActivityRecord.onAnimationFinished:7143 com.android.server.wm.-$$Lambda$dwJG8BAnLlvKNGuDY9U3-haNY4M.onAnimationFinished:2 com.android.server.wm.SurfaceAnimator.lambda$getFinishedCallback$0$SurfaceAnimator:112 
02-06 18:02:59.173  3012  3062 D ActivityTaskManager: finishFixedRotationTransform, r=ActivityRecord{5448bac u0 com.kyowon.literacy.store/com.kyowon.literacy.ui.main.activity.MainActivity t3366}, caller=com.android.server.wm.WindowToken.finishFixedRotationTransform:664 com.android.server.wm.DisplayContent$FixedRotationTransitionListener.onAppTransitionFinishedLocked:7026 com.android.server.wm.AppTransition.notifyAppTransitionFinishedLocked:543 com.android.server.wm.ActivityRecord.onAnimationFinished:7164 com.android.server.wm.-$$Lambda$dwJG8BAnLlvKNGuDY9U3-haNY4M.onAnimationFinished:2 
02-06 18:02:59.174  3012  3062 I WindowManager: Reparenting to original parent: Surface(name=Task=3366)/@0xa8ece2b, destroy=true, surface=Surface(name=ActivityRecord{43ab424 u0 com.kyowon.literacy.store/com.kyowon.literacy.ui.vocabulary.activity.VocabularyActivity t3366})/@0x19e9933
02-06 18:02:59.178  3012  3062 E WindowManager: win=Window{25a169a u0 com.kyowon.literacy.store/com.kyowon.literacy.ui.vocabulary.activity.VocabularyActivity EXITING} destroySurfaces: appStopped=false win.mWindowRemovalAllowed=true win.mRemoveOnExit=true win.mViewVisibility=0 caller=com.android.server.wm.ActivityRecord.destroySurfaces:5251 com.android.server.wm.ActivityRecord.destroySurfaces:5232 com.android.server.wm.WindowState.onExitAnimationDone:5623 com.android.server.wm.-$$Lambda$01bPtngJg5AqEoOWfW3rWfV7MH4.accept:2 java.util.ArrayList.forEach:1262 com.android.server.wm.ActivityRecord.onAnimationFinished:7162 com.android.server.wm.-$$Lambda$dwJG8BAnLlvKNGuDY9U3-haNY4M.onAnimationFinished:2 
02-06 18:02:59.178  3012  3062 I WindowManager: Destroying surface Surface(name=com.kyowon.literacy.store/com.kyowon.literacy.ui.vocabulary.activity.VocabularyActivity$_20609)/@0xa03cdb2 called by com.android.server.wm.WindowStateAnimator.destroySurface:1794 com.android.server.wm.WindowStateAnimator.destroySurfaceLocked:765 com.android.server.wm.WindowState.destroySurfaceUnchecked:3918 com.android.server.wm.WindowState.destroySurface:3892 com.android.server.wm.ActivityRecord.destroySurfaces:5251 com.android.server.wm.ActivityRecord.destroySurfaces:5232 com.android.server.wm.WindowState.onExitAnimationDone:5623 com.android.server.wm.-$$Lambda$01bPtngJg5AqEoOWfW3rWfV7MH4.accept:2 
02-06 18:02:59.179   862   925 I Layer   : id=106441 removeFromCurrentState com.kyowon.literacy.store/com.kyowon.literacy.ui.vocabulary.activity.VocabularyActivity$_20609#0 (83)
02-06 18:02:59.180  3012  3062 E WindowManager: win=Window{6debe52 u0 com.kyowon.literacy.store/com.kyowon.literacy.ui.vocabulary.activity.VocabularyActivity EXITING} destroySurfaces: appStopped=false win.mWindowRemovalAllowed=true win.mRemoveOnExit=true win.mViewVisibility=0 caller=com.android.server.wm.ActivityRecord.destroySurfaces:5251 com.android.server.wm.ActivityRecord.destroySurfaces:5232 com.android.server.wm.WindowState.onExitAnimationDone:5623 com.android.server.wm.-$$Lambda$01bPtngJg5AqEoOWfW3rWfV7MH4.accept:2 java.util.ArrayList.forEach:1262 com.android.server.wm.ActivityRecord.onAnimationFinished:7162 com.android.server.wm.-$$Lambda$dwJG8BAnLlvKNGuDY9U3-haNY4M.onAnimationFinished:2 
02-06 18:02:59.181  3012  3062 I WindowManager: Destroying surface Surface(name=com.kyowon.literacy.store/com.kyowon.literacy.ui.vocabulary.activity.VocabularyActivity$_20609)/@0x7cc8880 called by com.android.server.wm.WindowStateAnimator.destroySurface:1794 com.android.server.wm.WindowStateAnimator.destroySurfaceLocked:765 com.android.server.wm.WindowState.destroySurfaceUnchecked:3918 com.android.server.wm.WindowState.destroySurface:3892 com.android.server.wm.ActivityRecord.destroySurfaces:5251 com.android.server.wm.ActivityRecord.destroySurfaces:5232 com.android.server.wm.WindowState.onExitAnimationDone:5623 com.android.server.wm.-$$Lambda$01bPtngJg5AqEoOWfW3rWfV7MH4.accept:2 
02-06 18:02:59.181   862   925 I Layer   : id=106454 removeFromCurrentState com.kyowon.literacy.store/com.kyowon.literacy.ui.vocabulary.activity.VocabularyActivity$_20609#2 (83)
02-06 18:02:59.183  3012  3062 E WindowManager: win=Window{9fc5d4d u0 com.kyowon.literacy.store/com.kyowon.literacy.ui.vocabulary.activity.VocabularyActivity EXITING} destroySurfaces: appStopped=false win.mWindowRemovalAllowed=true win.mRemoveOnExit=true win.mViewVisibility=0 caller=com.android.server.wm.ActivityRecord.destroySurfaces:5251 com.android.server.wm.ActivityRecord.destroySurfaces:5232 com.android.server.wm.WindowState.onExitAnimationDone:5623 com.android.server.wm.-$$Lambda$01bPtngJg5AqEoOWfW3rWfV7MH4.accept:2 java.util.ArrayList.forEach:1262 com.android.server.wm.ActivityRecord.onAnimationFinished:7162 com.android.server.wm.-$$Lambda$dwJG8BAnLlvKNGuDY9U3-haNY4M.onAnimationFinished:2 
02-06 18:02:59.184  3012  3062 I WindowManager: Destroying surface Surface(name=com.kyowon.literacy.store/com.kyowon.literacy.ui.vocabulary.activity.VocabularyActivity$_20609)/@0x1dd12fe called by com.android.server.wm.WindowStateAnimator.destroySurface:1794 com.android.server.wm.WindowStateAnimator.destroySurfaceLocked:765 com.android.server.wm.WindowState.destroySurfaceUnchecked:3918 com.android.server.wm.WindowState.destroySurface:3892 com.android.server.wm.ActivityRecord.destroySurfaces:5251 com.android.server.wm.ActivityRecord.destroySurfaces:5232 com.android.server.wm.WindowState.onExitAnimationDone:5623 com.android.server.wm.-$$Lambda$01bPtngJg5AqEoOWfW3rWfV7MH4.accept:2 
02-06 18:02:59.185   862   924 I Layer   : id=106461 removeFromCurrentState com.kyowon.literacy.store/com.kyowon.literacy.ui.vocabulary.activity.VocabularyActivity$_20609#3 (83)
02-06 18:02:59.186  3012  3062 D ActivityTaskManager: finishFixedRotationTransform, r=ActivityRecord{43ab424 u0 com.kyowon.literacy.store/com.kyowon.literacy.ui.vocabulary.activity.VocabularyActivity t3366}, caller=com.android.server.wm.WindowToken.finishFixedRotationTransform:664 com.android.server.wm.DisplayContent$FixedRotationTransitionListener.onAppTransitionFinishedLocked:7026 com.android.server.wm.AppTransition.notifyAppTransitionFinishedLocked:543 com.android.server.wm.ActivityRecord.onAnimationFinished:7164 com.android.server.wm.-$$Lambda$dwJG8BAnLlvKNGuDY9U3-haNY4M.onAnimationFinished:2 
02-06 18:02:59.190   862   925 I Layer   : id=106445 removeFromCurrentState Surface(name=ActivityRecord{5448bac u0 com.kyowon.literacy.store/com.kyowon.literacy.ui.main.activity.MainActivity t3366})/@0x7bbba35 - animation-leash#0 (83)
02-06 18:02:59.190   862   925 I Layer   : id=106448 removeFromCurrentState Surface(name=ActivityRecord{5448bac u0 com.kyowon.literacy.store/com.kyowon.literacy.ui.main.activity.MainActivity t3366})/@0x7bbba35 - animation-bounds#0 (83)
02-06 18:02:59.190   862   925 I Layer   : id=106460 removeFromCurrentState 9fc5d4d com.kyowon.literacy.store/com.kyowon.literacy.ui.vocabulary.activity.VocabularyActivity#0 (83)
02-06 18:02:59.190   862   925 I Layer   : id=106449 removeFromCurrentState Surface(name=ActivityRecord{43ab424 u0 com.kyowon.literacy.store/com.kyowon.literacy.ui.vocabulary.activity.VocabularyActivity t3366})/@0x19e9933 - animation-leash#0 (83)
02-06 18:02:59.190   862   925 I Layer   : id=106450 removeFromCurrentState Surface(name=ActivityRecord{43ab424 u0 com.kyowon.literacy.store/com.kyowon.literacy.ui.vocabulary.activity.VocabularyActivity t3366})/@0x19e9933 - animation-bounds#0 (83)
02-06 18:02:59.190   862   925 I Layer   : id=106439 removeFromCurrentState 25a169a com.kyowon.literacy.store/com.kyowon.literacy.ui.vocabulary.activity.VocabularyActivity#0 (83)
02-06 18:02:59.190   862   925 I Layer   : id=106453 removeFromCurrentState 6debe52 com.kyowon.literacy.store/com.kyowon.literacy.ui.vocabulary.activity.VocabularyActivity#0 (83)
02-06 18:02:59.192   862  1519 I SurfaceFlinger: id=106441 Removed com.kyowon.literacy.store/com.kyowon.literacy.ui.vocabulary.activity.VocabularyActivity$_20609#0 (83)
02-06 18:02:59.192   862  1519 I SurfaceFlinger: id=106448 Removed Surface(name=ActivityRecord{5448bac u0 com.kyowon.literacy.store/com.kyowon.literacy.ui.main.activity.MainActivity t3366})/@0x7bbba35 - animation-bounds#0 (83)
02-06 18:02:59.192   862  1519 I SurfaceFlinger: id=106460 Removed 9fc5d4d com.kyowon.literacy.store/com.kyowon.literacy.ui.vocabulary.activity.VocabularyActivity#0 (83)
02-06 18:02:59.192   862   924 I SurfaceFlinger: id=106450 Removed Surface(name=ActivityRecord{43ab424 u0 com.kyowon.literacy.store/com.kyowon.literacy.ui.vocabulary.activity.VocabularyActivity t3366})/@0x19e9933 - animation-bounds#0 (83)
02-06 18:02:59.192   862   924 I SurfaceFlinger: id=106439 Removed 25a169a com.kyowon.literacy.store/com.kyowon.literacy.ui.vocabulary.activity.VocabularyActivity#0 (83)
02-06 18:02:59.192   862   924 I SurfaceFlinger: id=106453 Removed 6debe52 com.kyowon.literacy.store/com.kyowon.literacy.ui.vocabulary.activity.VocabularyActivity#0 (83)
02-06 18:02:59.192   862   924 I SurfaceFlinger: id=106461 Removed com.kyowon.literacy.store/com.kyowon.literacy.ui.vocabulary.activity.VocabularyActivity$_20609#3 (83)
02-06 18:02:59.193   862   925 I SurfaceFlinger: id=106454 Removed com.kyowon.literacy.store/com.kyowon.literacy.ui.vocabulary.activity.VocabularyActivity$_20609#2 (83)
02-06 18:02:59.193  3012  3062 D ActivityTaskManager: finishFixedRotationTransform, r=ActivityRecord{43ab424 u0 com.kyowon.literacy.store/com.kyowon.literacy.ui.vocabulary.activity.VocabularyActivity t3366}, caller=com.android.server.wm.WindowToken.finishFixedRotationTransform:664 com.android.server.wm.DisplayContent$FixedRotationTransitionListener.onAppTransitionFinishedLocked:7026 com.android.server.wm.AppTransition.notifyAppTransitionFinishedLocked:543 com.android.server.wm.DisplayContent.handleAnimatingStoppedAndTransition:5836 com.android.server.wm.RootWindowContainer.checkAppTransitionReady:1264 
02-06 18:02:59.209   862   862 I Layer   : id=106439[1] Destroyed 25a169a com.kyowon.literacy.store/com.kyowon.literacy.ui.vocabulary.activity.VocabularyActivity#0
02-06 18:02:59.209   862   862 I Layer   : id=106453[1] Destroyed 6debe52 com.kyowon.literacy.store/com.kyowon.literacy.ui.vocabulary.activity.VocabularyActivity#0
02-06 18:02:59.209   862   862 I Layer   : id=106460[1] Destroyed 9fc5d4d com.kyowon.literacy.store/com.kyowon.literacy.ui.vocabulary.activity.VocabularyActivity#0
02-06 18:02:59.209   862   862 I Layer   : id=106448[1] Destroyed Surface(name=ActivityRecord{5448bac u0 com.kyowon.literacy.store/com.kyowon.literacy.ui.main.activity.MainActivity t3366})/@0x7bbba35 - animation-bounds#0
02-06 18:02:59.209   862   862 I Layer   : id=106450[1] Destroyed Surface(name=ActivityRecord{43ab424 u0 com.kyowon.literacy.store/com.kyowon.literacy.ui.vocabulary.activity.VocabularyActivity t3366})/@0x19e9933 - animation-bounds#0
02-06 18:02:59.211   862   925 I SurfaceFlinger: id=106449 Removed Surface(name=ActivityRecord{43ab424 u0 com.kyowon.literacy.store/com.kyowon.literacy.ui.vocabulary.activity.VocabularyActivity t3366})/@0x19e9933 - animation-leash#0 (78)
02-06 18:02:59.211   862   925 I SurfaceFlinger: id=106445 Removed Surface(name=ActivityRecord{5448bac u0 com.kyowon.literacy.store/com.kyowon.literacy.ui.main.activity.MainActivity t3366})/@0x7bbba35 - animation-leash#0 (78)
02-06 18:02:59.212   862   862 I Layer   : id=106461[1] Destroyed com.kyowon.literacy.store/com.kyowon.literacy.ui.vocabulary.activity.VocabularyActivity$_20609#3
02-06 18:02:59.213   862   862 I Layer   : id=106454[1] Destroyed com.kyowon.literacy.store/com.kyowon.literacy.ui.vocabulary.activity.VocabularyActivity$_20609#2
02-06 18:02:59.215   862   862 I Layer   : id=106441[1] Destroyed com.kyowon.literacy.store/com.kyowon.literacy.ui.vocabulary.activity.VocabularyActivity$_20609#0
02-06 18:02:59.236   862   862 D SurfaceFlinger:      DEVICE | 0xb400007ac04d0050 | 0002 | RGBA_8888    |    0.0    0.0 1200.0 2000.0 |    0    0 1200 2000 | com.kyowon.literacy.store/com.kyowon[...]activity.VocabularyActivity$_20609#1
02-06 18:02:59.239   862   862 I Layer   : id=106445[1] Destroyed Surface(name=ActivityRecord{5448bac u0 com.kyowon.literacy.store/com.kyowon.literacy.ui.main.activity.MainActivity t3366})/@0x7bbba35 - animation-leash#0
02-06 18:02:59.239   862   862 I Layer   : id=106449[1] Destroyed Surface(name=ActivityRecord{43ab424 u0 com.kyowon.literacy.store/com.kyowon.literacy.ui.vocabulary.activity.VocabularyActivity t3366})/@0x19e9933 - animation-leash#0
02-06 18:02:59.320  3012  7184 V WindowManager: Relayout Window{f52afd3 u0 com.kyowon.literacy.store/com.kyowon.literacy.ui.main.activity.MainActivity}: viewVisibility=8 req=2000x1200
02-06 18:02:59.334  3012  3259 D ConnectivityService: releasing NetworkRequest [ TRACK_DEFAULT id=186, [ Capabilities: INTERNET&NOT_RESTRICTED&TRUSTED Uid: 10584 AdministratorUids: [] RequestorUid: 10584 RequestorPackageName: com.kyowon.literacy.store] ] (release request)
02-06 18:02:59.339 20609 20609 V InputMethodManager: Starting input: tba=com.kyowon.literacy.store ic=null mNaviBarColor -855310 mIsGetNaviBarColorSuccess true , NavVisible : true , NavTrans : false
02-06 18:02:59.346  3012  3934 E WindowManager: win=Window{f52afd3 u0 com.kyowon.literacy.store/com.kyowon.literacy.ui.main.activity.MainActivity} destroySurfaces: appStopped=true win.mWindowRemovalAllowed=false win.mRemoveOnExit=false win.mViewVisibility=8 caller=com.android.server.wm.ActivityRecord.destroySurfaces:5251 com.android.server.wm.ActivityRecord.destroySurfaces:5232 com.android.server.wm.ActivityRecord.notifyAppStopped:5291 com.android.server.wm.ActivityRecord.activityStopped:5918 com.android.server.wm.ActivityTaskManagerService.activityStopped:2595 android.app.IActivityTaskManager$Stub.onTransact:2223 android.os.Binder.execTransactInternal:1190 
02-06 18:02:59.347  3012  3934 I WindowManager: Destroying surface Surface(name=com.kyowon.literacy.store/com.kyowon.literacy.ui.main.activity.MainActivity$_20609)/@0x86d8d7b called by com.android.server.wm.WindowStateAnimator.destroySurface:1794 com.android.server.wm.WindowStateAnimator.destroySurfaceLocked:765 com.android.server.wm.WindowState.destroySurfaceUnchecked:3918 com.android.server.wm.WindowState.destroySurface:3892 com.android.server.wm.ActivityRecord.destroySurfaces:5251 com.android.server.wm.ActivityRecord.destroySurfaces:5232 com.android.server.wm.ActivityRecord.notifyAppStopped:5291 com.android.server.wm.ActivityRecord.activityStopped:5918 
02-06 18:02:59.348   862   925 I Layer   : id=106402 removeFromCurrentState com.kyowon.literacy.store/com.kyowon.literacy.ui.main.activity.MainActivity$_20609#0 (70)
02-06 18:02:59.350   862  1520 I SurfaceFlinger: id=106402 Removed com.kyowon.literacy.store/com.kyowon.literacy.ui.main.activity.MainActivity$_20609#0 (70)
02-06 18:02:59.371   862   862 I Layer   : id=106402[1] Destroyed com.kyowon.literacy.store/com.kyowon.literacy.ui.main.activity.MainActivity$_20609#0
02-06 18:03:00.153   719 10025 I System.out: {"id":"17990c3a-46d7-4e17-b813-4437250d0239","uri":"poco-uiautomation-framework","method":[["getattr","selector"],["getattr","select"],["call",[["",["and",[["attr=",["text","  "]],["attr=",["name","com.kyowon.literacy.store:id\/titleText"]]]]],["",false]]]],"session_id":"54862a4f-a7f6-4a6f-ab1e-a02f90ea0ef2"}
02-06 18:03:01.244  3012 10040 D PkgPredictorService-BootUpBooster: mBootUpPkgList with AUF pkgs : [ com.netease.open.pocoservice,0,  com.kyowon.literacy.store,0,  com.netease.nie.yosemite,0,  com.soosanint.android.kyowon.safechild,0,  kr.co.kyowon.firststepaudio,0,  com.android.chrome,0,  com.android.vending,0,  com.kyowon.allng.adm,0,  com.sec.android.app.camera,0,  kr.co.kyowon.launcher,0,  kr.co.kyowon.videolesson.play,0]
02-06 18:03:02.519   719 10167 I System.out: {"id":"3daa7205-1ae2-4d34-a850-32f2737ddda8","uri":"poco-uiautomation-framework","method":[["getattr","selector"],["getattr","select"],["call",[["",["and",[["attr=",["name","com.kyowon.literacy.store:id\/dropdown_level"]]]]],["",false]]]],"session_id":"54862a4f-a7f6-4a6f-ab1e-a02f90ea0ef2"}
02-06 18:03:03.000  3012  3062 I WindowManager: Reparenting to leash, surface=Surface(name=96b9b0f PopupWindow:1ff2c0e)/@0xb5f0721, leashParent=Surface(name=2813ac1 com.kyowon.literacy.store/com.kyowon.literacy.ui.vocabulary.activity.VocabularyActivity)/@0x284746
02-06 18:03:03.104   862   862 D SurfaceFlinger:      DEVICE | 0xb400007ac04d0050 | 0002 | RGBA_8888    |    0.0    0.0 1200.0 2000.0 |    0    0 1200 2000 | com.kyowon.literacy.store/com.kyowon[...]activity.VocabularyActivity$_20609#1
02-06 18:03:03.260  3012  3062 I WindowManager: Reparenting to original parent: Surface(name=2813ac1 com.kyowon.literacy.store/com.kyowon.literacy.ui.vocabulary.activity.VocabularyActivity)/@0x284746, destroy=true, surface=Surface(name=96b9b0f PopupWindow:1ff2c0e)/@0xb5f0721
02-06 18:03:05.145   862   925 I SurfaceFlinger: id=106469 createSurf (0x0),-1 flag=80004, 9bde5ce com.kyowon.literacy.store/com.kyowon.literacy.ui.vocabulary.activity.VocabularyActivity#0
02-06 18:03:05.152 20609 20609 D InsetsSourceConsumer: setRequestedVisible: visible=false, type=2, host=com.kyowon.literacy.store/com.kyowon.literacy.ui.vocabulary.activity.VocabularyActivity, from=android.view.InsetsSourceConsumer.hide:236 android.view.InsetsController.collectSourceControls:1172 android.view.InsetsController.controlAnimationUnchecked:1049 android.view.InsetsController.applyAnimation:1417 android.view.InsetsController.hide:984 android.view.InsetsController.hide:967 android.view.PendingInsetsController.hide:60 androidx.core.view.WindowInsetsControllerCompat$Impl30.hide:654 androidx.core.view.WindowInsetsControllerCompat.hide:189 com.kyowon.literacy.utils.SystemUiHelper.hideSystemUI:19 
02-06 18:03:05.152 20609 20609 D InsetsSourceConsumer: setRequestedVisible: visible=false, type=1, host=com.kyowon.literacy.store/com.kyowon.literacy.ui.vocabulary.activity.VocabularyActivity, from=android.view.InsetsSourceConsumer.hide:236 android.view.InsetsController.collectSourceControls:1172 android.view.InsetsController.controlAnimationUnchecked:1049 android.view.InsetsController.applyAnimation:1417 android.view.InsetsController.hide:984 android.view.InsetsController.hide:967 android.view.PendingInsetsController.hide:60 androidx.core.view.WindowInsetsControllerCompat$Impl30.hide:654 androidx.core.view.WindowInsetsControllerCompat.hide:189 com.kyowon.literacy.utils.SystemUiHelper.hideSystemUI:19 
02-06 18:03:05.152 20609 20609 D InsetsSourceConsumer: setRequestedVisible: visible=false, type=0, host=com.kyowon.literacy.store/com.kyowon.literacy.ui.vocabulary.activity.VocabularyActivity, from=android.view.InsetsSourceConsumer.hide:236 android.view.InsetsController.collectSourceControls:1172 android.view.InsetsController.controlAnimationUnchecked:1049 android.view.InsetsController.applyAnimation:1417 android.view.InsetsController.hide:984 android.view.InsetsController.hide:967 android.view.PendingInsetsController.hide:60 androidx.core.view.WindowInsetsControllerCompat$Impl30.hide:654 androidx.core.view.WindowInsetsControllerCompat.hide:189 com.kyowon.literacy.utils.SystemUiHelper.hideSystemUI:19 
02-06 18:03:05.170  3012  3935 I WindowManager: Reparenting to leash, surface=Surface(name=96b9b0f PopupWindow:1ff2c0e)/@0xb5f0721, leashParent=Surface(name=2813ac1 com.kyowon.literacy.store/com.kyowon.literacy.ui.vocabulary.activity.VocabularyActivity)/@0x284746
02-06 18:03:05.188  3012  3935 V WindowManager: Relayout Window{9bde5ce u0 com.kyowon.literacy.store/com.kyowon.literacy.ui.vocabulary.activity.VocabularyActivity}: viewVisibility=0 req=2000x1200
02-06 18:03:05.192  3012  3935 D WindowManager: isScreenshotDisabledLocked - win: Window{9bde5ce u0 com.kyowon.literacy.store/com.kyowon.literacy.ui.vocabulary.activity.VocabularyActivity}
02-06 18:03:05.192   862   924 I SurfaceFlinger: id=106471 createSurf (2000x1200),1 flag=4, com.kyowon.literacy.store/com.kyowon.literacy.ui.vocabulary.activity.VocabularyActivity$_20609#0
02-06 18:03:05.193  3012  3935 D WindowManager: makeSurface duration=2 name=com.kyowon.literacy.store/com.kyowon.literacy.ui.vocabulary.activity.VocabularyActivity$_20609
02-06 18:03:05.195  3012  3935 V WindowManager: Changing focus from Window{2813ac1 u0 com.kyowon.literacy.store/com.kyowon.literacy.ui.vocabulary.activity.VocabularyActivity} to Window{9bde5ce u0 com.kyowon.literacy.store/com.kyowon.literacy.ui.vocabulary.activity.VocabularyActivity} displayId=0 Callers=com.android.server.wm.RootWindowContainer.updateFocusedWindowLocked:566 com.android.server.wm.WindowManagerService.updateFocusedWindowLocked:6311 com.android.server.wm.WindowManagerService.relayoutWindow:2713 com.android.server.wm.Session.relayout:219 
02-06 18:03:05.230  3012  3934 D WindowManager: finishDrawingWindow: Window{9bde5ce u0 com.kyowon.literacy.store/com.kyowon.literacy.ui.vocabulary.activity.VocabularyActivity} mDrawState=DRAW_PENDING
02-06 18:03:05.240 20609 20609 V InputMethodManager: Starting input: tba=com.kyowon.literacy.store ic=null mNaviBarColor -855310 mIsGetNaviBarColorSuccess true , NavVisible : true , NavTrans : false
02-06 18:03:05.306   862   862 D SurfaceFlinger:      DEVICE | 0xb400007ac04d2200 | 0002 | RGBA_8888    |    0.0    0.0 1200.0 2000.0 |    0    0 1200 2000 | com.kyowon.literacy.store/com.kyowon[...]activity.VocabularyActivity$_20609#1
02-06 18:03:05.306   862   862 D SurfaceFlinger:      CLIENT | 0xb400007acfe21330 | 0000 | RGBA_8888    |    0.0    0.0 1200.0 2000.0 |    0    0 1200 2000 | com.kyowon.literacy.store/com.kyowon[...]activity.VocabularyActivity$_20609#0
02-06 18:03:05.323  3012  3185 I WindowManager: Destroying surface Surface(name=com.kyowon.literacy.store/com.kyowon.literacy.ui.vocabulary.activity.VocabularyActivity$_20609)/@0x973a42c called by com.android.server.wm.WindowStateAnimator.destroySurface:1794 com.android.server.wm.WindowStateAnimator.destroySurfaceLocked:765 com.android.server.wm.WindowState.removeImmediately:2665 com.android.server.wm.WindowState.removeIfPossible:2830 com.android.server.wm.WindowState.removeIfPossible:2688 com.android.server.wm.WindowManagerService.removeWindow:2186 com.android.server.wm.Session.remove:199 android.view.IWindowSession$Stub.onTransact:813 
02-06 18:03:05.324   862  2572 I Layer   : id=106471 removeFromCurrentState com.kyowon.literacy.store/com.kyowon.literacy.ui.vocabulary.activity.VocabularyActivity$_20609#0 (75)
02-06 18:03:05.326   862  1520 I Layer   : id=106469 removeFromCurrentState 9bde5ce com.kyowon.literacy.store/com.kyowon.literacy.ui.vocabulary.activity.VocabularyActivity#0 (75)
02-06 18:03:05.328  3012  3185 V WindowManager: Changing focus from Window{9bde5ce u0 com.kyowon.literacy.store/com.kyowon.literacy.ui.vocabulary.activity.VocabularyActivity} to Window{2813ac1 u0 com.kyowon.literacy.store/com.kyowon.literacy.ui.vocabulary.activity.VocabularyActivity} displayId=0 Callers=com.android.server.wm.RootWindowContainer.updateFocusedWindowLocked:566 com.android.server.wm.WindowManagerService.updateFocusedWindowLocked:6311 com.android.server.wm.WindowState.removeIfPossible:2839 com.android.server.wm.WindowState.removeIfPossible:2688 
02-06 18:03:05.329   862  1520 I SurfaceFlinger: id=106471 Removed com.kyowon.literacy.store/com.kyowon.literacy.ui.vocabulary.activity.VocabularyActivity$_20609#0 (75)
02-06 18:03:05.330   862  1520 I SurfaceFlinger: id=106469 Removed 9bde5ce com.kyowon.literacy.store/com.kyowon.literacy.ui.vocabulary.activity.VocabularyActivity#0 (75)
02-06 18:03:05.348   862   862 I Layer   : id=106469[1] Destroyed 9bde5ce com.kyowon.literacy.store/com.kyowon.literacy.ui.vocabulary.activity.VocabularyActivity#0
02-06 18:03:05.352   862   862 I Layer   : id=106471[1] Destroyed com.kyowon.literacy.store/com.kyowon.literacy.ui.vocabulary.activity.VocabularyActivity$_20609#0
02-06 18:03:05.373   862   862 D SurfaceFlinger:      DEVICE | 0xb400007ac04d2200 | 0002 | RGBA_8888    |    0.0    0.0 1200.0 2000.0 |    0    0 1200 2000 | com.kyowon.literacy.store/com.kyowon[...]activity.VocabularyActivity$_20609#1
02-06 18:03:05.428 20609 20609 V InputMethodManager: Starting input: tba=com.kyowon.literacy.store ic=null mNaviBarColor -855310 mIsGetNaviBarColorSuccess true , NavVisible : true , NavTrans : false
02-06 18:03:05.433   862   862 D SurfaceFlinger:      DEVICE | 0xb400007ac04d2200 | 0002 | RGBA_8888    |    0.0    0.0 1200.0 2000.0 |    0    0 1200 2000 | com.kyowon.literacy.store/com.kyowon[...]activity.VocabularyActivity$_20609#1
02-06 18:03:05.438  3012  3062 I WindowManager: Reparenting to original parent: Surface(name=2813ac1 com.kyowon.literacy.store/com.kyowon.literacy.ui.vocabulary.activity.VocabularyActivity)/@0x284746, destroy=true, surface=Surface(name=96b9b0f PopupWindow:1ff2c0e)/@0xb5f0721
02-06 18:03:07.248  3012  3323 D PkgPredictorService-NapPreloadController: [ML] Sent pkg = com.kyowon.literacy.store uid: 0 type: booster
02-06 18:03:08.142   719 10226 I System.out: {"id":"c70e28f6-ae09-42a1-b7cb-aab0a7d3f46e","uri":"poco-uiautomation-framework","method":[["getattr","selector"],["getattr","select"],["call",[["",["and",[["attr=",["text",""]],["attr=",["name","com.kyowon.literacy.store:id\/btnJaum"]]]]],["",false]]]],"session_id":"54862a4f-a7f6-4a6f-ab1e-a02f90ea0ef2"}
02-06 18:03:08.230   719 10227 I System.out: {"id":"49cfff40-4cc1-4c51-a062-9c0a28cd32c8","uri":"poco-uiautomation-framework","method":[["getattr","selector"],["getattr","select"],["call",[["",["and",[["attr=",["name","com.kyowon.literacy.store:id\/jaumScroll"]]]]],["",true]]]],"session_id":"54862a4f-a7f6-4a6f-ab1e-a02f90ea0ef2"}
02-06 18:03:09.473  3012  3012 D GameManagerService: identifyGamePackage. com.kyowon.literacy.store, mCurrentUserId: 0, callerUserId: 0
02-06 18:03:09.473  3012  3012 D PkgDataHelper: getGamePkgData(). com.kyowon.literacy.store
02-06 18:03:09.475  3012  3012 D GameManagerService: identifyGamePackage. com.kyowon.literacy.store, mCurrentUserId: 0, callerUserId: 0
02-06 18:03:09.475  3012  3012 D PkgDataHelper: getGamePkgData(). com.kyowon.literacy.store
02-06 18:03:09.781   719 10248 I System.out: {"id":"c736ab08-e7c3-4b99-b52b-13ec87f81bb0","uri":"poco-uiautomation-framework","method":[["getattr","selector"],["getattr","select"],["call",[["",["and",[["attr=",["text",""]],["attr=",["name","com.kyowon.literacy.store:id\/btnJaum"]]]]],["",false]]]],"session_id":"54862a4f-a7f6-4a6f-ab1e-a02f90ea0ef2"}
02-06 18:03:10.556   862   925 I SurfaceFlinger: id=106479 createSurf (0x0),-1 flag=80004, c4578cb com.kyowon.literacy.store/com.kyowon.literacy.ui.vocabulary.activity.VocabularyActivity#0
02-06 18:03:10.563 20609 20609 D InsetsSourceConsumer: setRequestedVisible: visible=false, type=2, host=com.kyowon.literacy.store/com.kyowon.literacy.ui.vocabulary.activity.VocabularyActivity, from=android.view.InsetsSourceConsumer.hide:236 android.view.InsetsController.collectSourceControls:1172 android.view.InsetsController.controlAnimationUnchecked:1049 android.view.InsetsController.applyAnimation:1417 android.view.InsetsController.hide:984 android.view.InsetsController.hide:967 android.view.PendingInsetsController.hide:60 androidx.core.view.WindowInsetsControllerCompat$Impl30.hide:654 androidx.core.view.WindowInsetsControllerCompat.hide:189 com.kyowon.literacy.utils.SystemUiHelper.hideSystemUI:19 
02-06 18:03:10.564 20609 20609 D InsetsSourceConsumer: setRequestedVisible: visible=false, type=1, host=com.kyowon.literacy.store/com.kyowon.literacy.ui.vocabulary.activity.VocabularyActivity, from=android.view.InsetsSourceConsumer.hide:236 android.view.InsetsController.collectSourceControls:1172 android.view.InsetsController.controlAnimationUnchecked:1049 android.view.InsetsController.applyAnimation:1417 android.view.InsetsController.hide:984 android.view.InsetsController.hide:967 android.view.PendingInsetsController.hide:60 androidx.core.view.WindowInsetsControllerCompat$Impl30.hide:654 androidx.core.view.WindowInsetsControllerCompat.hide:189 com.kyowon.literacy.utils.SystemUiHelper.hideSystemUI:19 
02-06 18:03:10.565 20609 20609 D InsetsSourceConsumer: setRequestedVisible: visible=false, type=0, host=com.kyowon.literacy.store/com.kyowon.literacy.ui.vocabulary.activity.VocabularyActivity, from=android.view.InsetsSourceConsumer.hide:236 android.view.InsetsController.collectSourceControls:1172 android.view.InsetsController.controlAnimationUnchecked:1049 android.view.InsetsController.applyAnimation:1417 android.view.InsetsController.hide:984 android.view.InsetsController.hide:967 android.view.PendingInsetsController.hide:60 androidx.core.view.WindowInsetsControllerCompat$Impl30.hide:654 androidx.core.view.WindowInsetsControllerCompat.hide:189 com.kyowon.literacy.utils.SystemUiHelper.hideSystemUI:19 
02-06 18:03:10.570  3012  3571 V WindowManager: Relayout Window{c4578cb u0 com.kyowon.literacy.store/com.kyowon.literacy.ui.vocabulary.activity.VocabularyActivity}: viewVisibility=0 req=2000x1200
02-06 18:03:10.572  3012  3571 D WindowManager: isScreenshotDisabledLocked - win: Window{c4578cb u0 com.kyowon.literacy.store/com.kyowon.literacy.ui.vocabulary.activity.VocabularyActivity}
02-06 18:03:10.573   862   925 I SurfaceFlinger: id=106480 createSurf (2000x1200),1 flag=4, com.kyowon.literacy.store/com.kyowon.literacy.ui.vocabulary.activity.VocabularyActivity$_20609#0
02-06 18:03:10.574  3012  3571 D WindowManager: makeSurface duration=1 name=com.kyowon.literacy.store/com.kyowon.literacy.ui.vocabulary.activity.VocabularyActivity$_20609
02-06 18:03:10.575  3012  3571 V WindowManager: Changing focus from Window{2813ac1 u0 com.kyowon.literacy.store/com.kyowon.literacy.ui.vocabulary.activity.VocabularyActivity} to Window{c4578cb u0 com.kyowon.literacy.store/com.kyowon.literacy.ui.vocabulary.activity.VocabularyActivity} displayId=0 Callers=com.android.server.wm.RootWindowContainer.updateFocusedWindowLocked:566 com.android.server.wm.WindowManagerService.updateFocusedWindowLocked:6311 com.android.server.wm.WindowManagerService.relayoutWindow:2713 com.android.server.wm.Session.relayout:219 
02-06 18:03:10.591  3012  3571 D WindowManager: finishDrawingWindow: Window{c4578cb u0 com.kyowon.literacy.store/com.kyowon.literacy.ui.vocabulary.activity.VocabularyActivity} mDrawState=DRAW_PENDING
02-06 18:03:10.600 20609 20609 V InputMethodManager: Starting input: tba=com.kyowon.literacy.store ic=null mNaviBarColor -855310 mIsGetNaviBarColorSuccess true , NavVisible : true , NavTrans : false
02-06 18:03:10.640   862   862 D SurfaceFlinger:      DEVICE | 0xb400007ac04d2200 | 0002 | RGBA_8888    |    0.0    0.0 1200.0 2000.0 |    0    0 1200 2000 | com.kyowon.literacy.store/com.kyowon[...]activity.VocabularyActivity$_20609#1
02-06 18:03:10.640   862   862 D SurfaceFlinger:      CLIENT | 0xb400007acfe208b0 | 0000 | RGBA_8888    |    0.0    0.0 1200.0 2000.0 |    0    0 1200 2000 | com.kyowon.literacy.store/com.kyowon[...]activity.VocabularyActivity$_20609#0
02-06 18:03:10.684  3012  3571 I WindowManager: Destroying surface Surface(name=com.kyowon.literacy.store/com.kyowon.literacy.ui.vocabulary.activity.VocabularyActivity$_20609)/@0x8ff5cec called by com.android.server.wm.WindowStateAnimator.destroySurface:1794 com.android.server.wm.WindowStateAnimator.destroySurfaceLocked:765 com.android.server.wm.WindowState.removeImmediately:2665 com.android.server.wm.WindowState.removeIfPossible:2830 com.android.server.wm.WindowState.removeIfPossible:2688 com.android.server.wm.WindowManagerService.removeWindow:2186 com.android.server.wm.Session.remove:199 android.view.IWindowSession$Stub.onTransact:813 
02-06 18:03:10.684   862  1519 I Layer   : id=106480 removeFromCurrentState com.kyowon.literacy.store/com.kyowon.literacy.ui.vocabulary.activity.VocabularyActivity$_20609#0 (76)
02-06 18:03:10.687   862   924 I Layer   : id=106479 removeFromCurrentState c4578cb com.kyowon.literacy.store/com.kyowon.literacy.ui.vocabulary.activity.VocabularyActivity#0 (76)
02-06 18:03:10.688  3012  3571 V WindowManager: Changing focus from Window{c4578cb u0 com.kyowon.literacy.store/com.kyowon.literacy.ui.vocabulary.activity.VocabularyActivity} to Window{2813ac1 u0 com.kyowon.literacy.store/com.kyowon.literacy.ui.vocabulary.activity.VocabularyActivity} displayId=0 Callers=com.android.server.wm.RootWindowContainer.updateFocusedWindowLocked:566 com.android.server.wm.WindowManagerService.updateFocusedWindowLocked:6311 com.android.server.wm.WindowState.removeIfPossible:2839 com.android.server.wm.WindowState.removeIfPossible:2688 
02-06 18:03:10.689   862  2572 I SurfaceFlinger: id=106480 Removed com.kyowon.literacy.store/com.kyowon.literacy.ui.vocabulary.activity.VocabularyActivity$_20609#0 (76)
02-06 18:03:10.689   862  2572 I SurfaceFlinger: id=106479 Removed c4578cb com.kyowon.literacy.store/com.kyowon.literacy.ui.vocabulary.activity.VocabularyActivity#0 (76)
02-06 18:03:10.702   862   862 I Layer   : id=106479[1] Destroyed c4578cb com.kyowon.literacy.store/com.kyowon.literacy.ui.vocabulary.activity.VocabularyActivity#0
02-06 18:03:10.705   862   862 I Layer   : id=106480[1] Destroyed com.kyowon.literacy.store/com.kyowon.literacy.ui.vocabulary.activity.VocabularyActivity$_20609#0
02-06 18:03:10.737   862   862 D SurfaceFlinger:      DEVICE | 0xb400007ac04d2200 | 0002 | RGBA_8888    |    0.0    0.0 1200.0 2000.0 |    0    0 1200 2000 | com.kyowon.literacy.store/com.kyowon[...]activity.VocabularyActivity$_20609#1
02-06 18:03:10.791 20609 20609 V InputMethodManager: Starting input: tba=com.kyowon.literacy.store ic=null mNaviBarColor -855310 mIsGetNaviBarColorSuccess true , NavVisible : true , NavTrans : false
02-06 18:03:12.986   719 10286 I System.out: {"id":"718cf6fa-40fa-4f6e-ab2c-50a530897301","uri":"poco-uiautomation-framework","method":[["getattr","selector"],["getattr","select"],["call",[["",["and",[["attr=",["text",""]],["attr=",["name","com.kyowon.literacy.store:id\/headerText"]]]]],["",false]]]],"session_id":"54862a4f-a7f6-4a6f-ab1e-a02f90ea0ef2"}
02-06 18:03:13.182   719 10294 I System.out: {"id":"4b15e411-1bfb-4250-8e84-fe426ea6343c","uri":"poco-uiautomation-framework","method":[["getattr","selector"],["getattr","select"],["call",[["",["and",[["attr=",["text",""]],["attr=",["name","com.kyowon.literacy.store:id\/headerText"]]]]],["",false]]]],"session_id":"54862a4f-a7f6-4a6f-ab1e-a02f90ea0ef2"}
02-06 18:03:13.869   719 10308 I System.out: {"id":"954e1aea-d970-4886-84ec-e8242a846d10","uri":"poco-uiautomation-framework","method":[["getattr","selector"],["getattr","select"],["call",[["",["and",[["attr=",["text",""]],["attr=",["name","com.kyowon.literacy.store:id\/textFrontWord"]]]]],["",false]]]],"session_id":"54862a4f-a7f6-4a6f-ab1e-a02f90ea0ef2"}
02-06 18:03:13.933   719 10309 I System.out: {"id":"66f4d8ef-8c46-4cf0-be18-feb8a0d85142","uri":"poco-uiautomation-framework","method":[["getattr","selector"],["getattr","select"],["call",[["",["and",[["attr=",["text",""]],["attr=",["name","com.kyowon.literacy.store:id\/textFrontWord"]]]]],["",false]]]],"session_id":"54862a4f-a7f6-4a6f-ab1e-a02f90ea0ef2"}
02-06 18:03:14.000   719 10310 I System.out: {"id":"5c0bda61-8b44-4e70-aaa7-071b72d31129","uri":"poco-uiautomation-framework","method":[["getattr","selector"],["getattr","select"],["call",[["",["and",[["attr=",["text",""]],["attr=",["name","com.kyowon.literacy.store:id\/textFrontWord"]]]]],["",false]]]],"session_id":"54862a4f-a7f6-4a6f-ab1e-a02f90ea0ef2"}
02-06 18:03:14.054   719 10311 I System.out: {"id":"dc395192-23cd-42b3-8a79-80d85797e61d","uri":"poco-uiautomation-framework","method":[["getattr","selector"],["getattr","select"],["call",[["",["and",[["attr=",["text",""]],["attr=",["name","com.kyowon.literacy.store:id\/textFrontWord"]]]]],["",false]]]],"session_id":"54862a4f-a7f6-4a6f-ab1e-a02f90ea0ef2"}
02-06 18:03:14.132   719 10312 I System.out: {"id":"b75ae15b-ec3a-418f-94c8-092dee02e2c3","uri":"poco-uiautomation-framework","method":[["getattr","selector"],["getattr","select"],["call",[["",["and",[["attr=",["text",""]],["attr=",["name","com.kyowon.literacy.store:id\/textFrontWord"]]]]],["",false]]]],"session_id":"54862a4f-a7f6-4a6f-ab1e-a02f90ea0ef2"}
02-06 18:03:14.208   719 10313 I System.out: {"id":"ca749a59-23e0-46d1-93c3-4df56828889f","uri":"poco-uiautomation-framework","method":[["getattr","selector"],["getattr","select"],["call",[["",["and",[["attr=",["text",""]],["attr=",["name","com.kyowon.literacy.store:id\/textFrontWord"]]]]],["",false]]]],"session_id":"54862a4f-a7f6-4a6f-ab1e-a02f90ea0ef2"}
02-06 18:03:14.268   719 10314 I System.out: {"id":"fcc69575-c4ee-4035-bfb2-5c0ea25cdf9d","uri":"poco-uiautomation-framework","method":[["getattr","selector"],["getattr","select"],["call",[["",["and",[["attr=",["text",""]],["attr=",["name","com.kyowon.literacy.store:id\/textFrontWord"]]]]],["",false]]]],"session_id":"54862a4f-a7f6-4a6f-ab1e-a02f90ea0ef2"}
02-06 18:03:14.352   719 10315 I System.out: {"id":"036b0602-39f7-493a-80ad-c9a90d86e70b","uri":"poco-uiautomation-framework","method":[["getattr","selector"],["getattr","select"],["call",[["",["and",[["attr=",["text",""]],["attr=",["name","com.kyowon.literacy.store:id\/textFrontWord"]]]]],["",false]]]],"session_id":"54862a4f-a7f6-4a6f-ab1e-a02f90ea0ef2"}
02-06 18:03:14.420   719 10316 I System.out: {"id":"e86e3cc4-430f-462c-b288-789109d850ea","uri":"poco-uiautomation-framework","method":[["getattr","selector"],["getattr","select"],["call",[["",["and",[["attr=",["text",""]],["attr=",["name","com.kyowon.literacy.store:id\/textFrontWord"]]]]],["",false]]]],"session_id":"54862a4f-a7f6-4a6f-ab1e-a02f90ea0ef2"}
02-06 18:03:14.481   719 10317 I System.out: {"id":"d0b036b7-fc00-4715-94ec-8672f6f2f2d0","uri":"poco-uiautomation-framework","method":[["getattr","selector"],["getattr","select"],["call",[["",["and",[["attr=",["text",""]],["attr=",["name","com.kyowon.literacy.store:id\/textFrontWord"]]]]],["",false]]]],"session_id":"54862a4f-a7f6-4a6f-ab1e-a02f90ea0ef2"}
02-06 18:03:14.541   719 10318 I System.out: {"id":"3368d022-d93c-42ee-b6d0-2856a0c73b85","uri":"poco-uiautomation-framework","method":[["getattr","selector"],["getattr","select"],["call",[["",["and",[["attr=",["text",""]],["attr=",["name","com.kyowon.literacy.store:id\/textFrontWord"]]]]],["",false]]]],"session_id":"54862a4f-a7f6-4a6f-ab1e-a02f90ea0ef2"}
02-06 18:03:14.625   719 10319 I System.out: {"id":"466053e9-8bfe-4696-9b6c-af649cc0707b","uri":"poco-uiautomation-framework","method":[["getattr","selector"],["getattr","select"],["call",[["",["and",[["attr=",["text",""]],["attr=",["name","com.kyowon.literacy.store:id\/textFrontWord"]]]]],["",false]]]],"session_id":"54862a4f-a7f6-4a6f-ab1e-a02f90ea0ef2"}
02-06 18:03:14.677   719 10320 I System.out: {"id":"aa7cca3e-eb25-45cc-b289-167c523d595d","uri":"poco-uiautomation-framework","method":[["getattr","selector"],["getattr","select"],["call",[["",["and",[["attr=",["text",""]],["attr=",["name","com.kyowon.literacy.store:id\/textFrontWord"]]]]],["",false]]]],"session_id":"54862a4f-a7f6-4a6f-ab1e-a02f90ea0ef2"}
02-06 18:03:14.766   719 10321 I System.out: {"id":"1ba1a311-10a5-4f74-ab72-4042e8b4da70","uri":"poco-uiautomation-framework","method":[["getattr","selector"],["getattr","select"],["call",[["",["and",[["attr=",["text",""]],["attr=",["name","com.kyowon.literacy.store:id\/textFrontWord"]]]]],["",false]]]],"session_id":"54862a4f-a7f6-4a6f-ab1e-a02f90ea0ef2"}
02-06 18:03:14.944   719 10327 I System.out: {"id":"90ccc1e6-f9bd-45d8-9fd1-15eab9bc7273","uri":"poco-uiautomation-framework","method":[["getattr","selector"],["getattr","select"],["call",[["",["and",[["attr=",["text",""]],["attr=",["name","com.kyowon.literacy.store:id\/textFrontWord"]]]]],["",false]]]],"session_id":"54862a4f-a7f6-4a6f-ab1e-a02f90ea0ef2"}
02-06 18:03:15.018   719 10328 I System.out: {"id":"dc34bb20-20df-42c9-9c52-69f26e5fe2e5","uri":"poco-uiautomation-framework","method":[["getattr","selector"],["getattr","select"],["call",[["",["and",[["attr=",["name","com.kyowon.literacy.store:id\/recycler_vocabulary_list"]]]]],["",true]]]],"session_id":"54862a4f-a7f6-4a6f-ab1e-a02f90ea0ef2"}
