02-06 18:13:49.259  3012  8912 V WindowManager: Changing focus from Window{9cfd3d3 u0 com.kyowon.literacy.store/com.kyowon.literacy.ui.login.activity.LoginActivity} to null displayId=0 Callers=com.android.server.wm.RootWindowContainer.updateFocusedWindowLocked:566 com.android.server.wm.WindowManagerService.updateFocusedWindowLocked:6311 com.android.server.wm.DisplayContent.setFocusedApp:6776 com.android.server.wm.ActivityTaskManagerService.setResumedActivityUncheckLocked:6725 
02-06 18:13:49.532  3012  3323 D PkgPredictorService-NapClassifier: Predict result: 86.0,2.0,0.0, - [0_&_com.kyowon.literacy.store, 0_&_kr.co.kyowon.launcher, 0_&_com.android.vending]
02-06 18:13:49.544  3012  3454 V WindowManager: Changing focus from null to Window{9cfd3d3 u0 com.kyowon.literacy.store/com.kyowon.literacy.ui.login.activity.LoginActivity} displayId=0 Callers=com.android.server.wm.RootWindowContainer.updateFocusedWindowLocked:566 com.android.server.wm.WindowManagerService.updateFocusedWindowLocked:6311 com.android.server.wm.ActivityRecord.onRemovedFromDisplay:3878 com.android.server.wm.DisplayContent.removeAppToken:1434 
02-06 18:13:49.546  3012  3454 V ActivityManager: Changed top to 10584,ProcessRecord{e78f8f2 31505:com.kyowon.literacy.store/u0a584}
02-06 18:13:49.556  3012  3454 D MARsPolicyManager: onPackageResumedFG pkgName = com.kyowon.literacy.store, userId = 0
02-06 18:13:49.566  3012  3220 D GameManagerService: onLooperPrepared(), msg: MSG_TASK_FOCUSED, focusedComponent: ComponentInfo{com.kyowon.literacy.store/com.kyowon.literacy.ui.login.activity.LoginActivity}
02-06 18:13:49.566  3012  3220 D GameManagerService:   handleTaskFocused(), pkgName: com.kyowon.literacy.store, clsName: com.kyowon.literacy.ui.login.activity.LoginActivity, userID:0
02-06 18:13:49.567  3012  3454 D WindowManager: rotationForOrientation, orientationSource=ActivityRecord{23798b2 u0 com.kyowon.literacy.store/com.kyowon.literacy.ui.login.activity.LoginActivity t3648}
02-06 18:13:49.572  3012  3454 D MARsPolicyManager: onPackageResumedFG pkgName = com.kyowon.literacy.store, userId = 0
02-06 18:13:49.589  3012  3062 D ActivityTaskManager: finishFixedRotationTransform, r=ActivityRecord{23798b2 u0 com.kyowon.literacy.store/com.kyowon.literacy.ui.login.activity.LoginActivity t3648}, caller=com.android.server.wm.WindowToken.finishFixedRotationTransform:664 com.android.server.wm.DisplayContent$FixedRotationTransitionListener.onAppTransitionFinishedLocked:7026 com.android.server.wm.AppTransition.notifyAppTransitionFinishedLocked:543 com.android.server.wm.DisplayContent.handleAnimatingStoppedAndTransition:5836 com.android.server.wm.RootWindowContainer.checkAppTransitionReady:1264 
02-06 18:13:49.753  3012  3059 D SehCodecSolutionService: Update top [com.kyowon.literacy.store]
02-06 18:13:49.866  3012  3462 D MdnieScenarioControlService:  packageName : com.kyowon.literacy.store    className : com.kyowon.literacy.ui.login.activity.LoginActivity
02-06 18:13:49.875 31505 31505 V InputMethodManager: Starting input: tba=com.kyowon.literacy.store ic=null mNaviBarColor -855310 mIsGetNaviBarColorSuccess true , NavVisible : true , NavTrans : false
02-06 18:13:51.254  3012  7150 D MARsPolicyManager: onPackageResumedFG pkgName = com.kyowon.literacy.store, userId = 0
02-06 18:13:51.262  3012  7150 D WindowManager: rotationForOrientation, orientationSource=ActivityRecord{23798b2 u0 com.kyowon.literacy.store/com.kyowon.literacy.ui.login.activity.LoginActivity t3648}
02-06 18:13:51.274  3012  7150 D MARsPolicyManager: onPackageResumedFG pkgName = com.kyowon.literacy.store, userId = 0
02-06 18:13:51.289  3012  7150 D ActivityTaskManager: finishFixedRotationTransform, r=ActivityRecord{23798b2 u0 com.kyowon.literacy.store/com.kyowon.literacy.ui.login.activity.LoginActivity t3648}, caller=com.android.server.wm.WindowToken.finishFixedRotationTransform:664 com.android.server.wm.DisplayContent$FixedRotationTransitionListener.onAppTransitionFinishedLocked:7026 com.android.server.wm.AppTransition.notifyAppTransitionFinishedLocked:543 com.android.server.wm.DisplayContent.handleAnimatingStoppedAndTransition:5836 com.android.server.wm.RootWindowContainer.checkAppTransitionReady:1264 
02-06 18:13:51.298  3012  8461 V ActivityManager: Changed top to 10584,ProcessRecord{e78f8f2 31505:com.kyowon.literacy.store/u0a584}
02-06 18:13:51.418  3012  8909 V WindowManager: Relayout Window{9cfd3d3 u0 com.kyowon.literacy.store/com.kyowon.literacy.ui.login.activity.LoginActivity}: viewVisibility=0 req=2000x1200
02-06 18:13:52.441  3012  3061 D SemGameManager: isGamePackage(), pkgName=com.kyowon.literacy.store
02-06 18:13:52.442  3012  3061 D GameManagerService: identifyGamePackage. com.kyowon.literacy.store, mCurrentUserId: 0, callerUserId: 0
02-06 18:13:52.442  3012  3061 D PkgDataHelper: getGamePkgData(). com.kyowon.literacy.store
02-06 18:13:52.443  3012  3061 D GameManagerService: noteResumeComponent(), received resumed-component: com.kyowon.literacy.store
02-06 18:13:52.443  3012  3061 I GameSDK@LifeCycle: noteResumeComponent(): package name  : com.kyowon.literacy.store
02-06 18:13:52.443  3012  3220 D GameManagerService: onLooperPrepared(), msg: MSG_APP_RESUME, resumeComponent: ComponentInfo{com.kyowon.literacy.store/com.kyowon.literacy.ui.login.activity.LoginActivity}
02-06 18:13:52.444  3012  3220 D GameManagerService:   handleResume(). pkgName: com.kyowon.literacy.store, isTunableApp: null
02-06 18:13:52.444  3012  3220 D GameManagerService: notifyFocusInOut(). of pkg: com.kyowon.literacy.store, type: 4, isMinimized: false, isTunableApp: false
02-06 18:13:53.134  3012  3935 V ActivityManager: Changed top to 10584,ProcessRecord{e78f8f2 31505:com.kyowon.literacy.store/u0a584}
02-06 18:13:53.142  3012  8909 D MARsPolicyManager: onPackageResumedFG pkgName = com.kyowon.literacy.store, userId = 0
02-06 18:13:53.146  3012  8909 D WindowManager: rotationForOrientation, orientationSource=ActivityRecord{23798b2 u0 com.kyowon.literacy.store/com.kyowon.literacy.ui.login.activity.LoginActivity t3648}
02-06 18:13:53.150  3012  8909 D MARsPolicyManager: onPackageResumedFG pkgName = com.kyowon.literacy.store, userId = 0
02-06 18:13:53.166  3012  8909 D ActivityTaskManager: finishFixedRotationTransform, r=ActivityRecord{23798b2 u0 com.kyowon.literacy.store/com.kyowon.literacy.ui.login.activity.LoginActivity t3648}, caller=com.android.server.wm.WindowToken.finishFixedRotationTransform:664 com.android.server.wm.DisplayContent$FixedRotationTransitionListener.onAppTransitionFinishedLocked:7026 com.android.server.wm.AppTransition.notifyAppTransitionFinishedLocked:543 com.android.server.wm.DisplayContent.handleAnimatingStoppedAndTransition:5836 com.android.server.wm.RootWindowContainer.checkAppTransitionReady:1264 
02-06 18:13:53.422  3012  3061 D GameManagerService: notePauseComponent(), received paused-component: com.kyowon.literacy.store
02-06 18:13:53.666  3012  3061 D GameManagerService: noteResumeComponent(), received resumed-component: com.kyowon.literacy.store
02-06 18:13:53.666  3012  3061 I GameSDK@LifeCycle: noteResumeComponent(): package name  : com.kyowon.literacy.store
02-06 18:13:53.667  3012  3220 D GameManagerService: onLooperPrepared(), msg: MSG_APP_RESUME, resumeComponent: ComponentInfo{com.kyowon.literacy.store/com.kyowon.literacy.ui.login.activity.LoginActivity}
02-06 18:13:53.668  3012  3220 D GameManagerService:   handleResume(). pkgName: com.kyowon.literacy.store, isTunableApp: null
02-06 18:13:53.668  3012  3220 D GameManagerService: notifyFocusInOut(). of pkg: com.kyowon.literacy.store, type: 4, isMinimized: false, isTunableApp: false
02-06 18:13:53.764  3012  3323 D PkgPredictorService-NapPreloadController: [ML] Sent pkg = com.kyowon.literacy.store uid: 0 type: ml
02-06 18:13:53.944  3012  3061 D GameManagerService: notePauseComponent(), received paused-component: com.kyowon.literacy.store
02-06 18:13:53.980  3012  3061 D GameManagerService: noteResumeComponent(), received resumed-component: com.kyowon.literacy.store
02-06 18:13:53.980  3012  3061 I GameSDK@LifeCycle: noteResumeComponent(): package name  : com.kyowon.literacy.store
02-06 18:13:53.980  3012  3220 D GameManagerService: onLooperPrepared(), msg: MSG_APP_RESUME, resumeComponent: ComponentInfo{com.kyowon.literacy.store/com.kyowon.literacy.ui.login.activity.LoginActivity}
02-06 18:13:53.983  3012  3220 D GameManagerService:   handleResume(). pkgName: com.kyowon.literacy.store, isTunableApp: null
02-06 18:13:53.983  3012  3220 D GameManagerService: notifyFocusInOut(). of pkg: com.kyowon.literacy.store, type: 4, isMinimized: false, isTunableApp: false
02-06 18:13:53.995  3012  3715 I ActivityManager: [ML][SD] app:com.kyowon.literacy.store is exist findPkgforMl:false  isOnMemory:true
02-06 18:13:54.892  3012  3936 V ActivityManager: Changed top to 10584,ProcessRecord{e78f8f2 31505:com.kyowon.literacy.store/u0a584}
02-06 18:13:55.031  3012  7166 D MARsPolicyManager: onPackageResumedFG pkgName = com.kyowon.literacy.store, userId = 0
02-06 18:13:55.034  3012  7166 D WindowManager: rotationForOrientation, orientationSource=ActivityRecord{23798b2 u0 com.kyowon.literacy.store/com.kyowon.literacy.ui.login.activity.LoginActivity t3648}
02-06 18:13:55.036  3012  7166 D MARsPolicyManager: onPackageResumedFG pkgName = com.kyowon.literacy.store, userId = 0
02-06 18:13:55.040  3012  7166 D ActivityTaskManager: finishFixedRotationTransform, r=ActivityRecord{23798b2 u0 com.kyowon.literacy.store/com.kyowon.literacy.ui.login.activity.LoginActivity t3648}, caller=com.android.server.wm.WindowToken.finishFixedRotationTransform:664 com.android.server.wm.DisplayContent$FixedRotationTransitionListener.onAppTransitionFinishedLocked:7026 com.android.server.wm.AppTransition.notifyAppTransitionFinishedLocked:543 com.android.server.wm.DisplayContent.handleAnimatingStoppedAndTransition:5836 com.android.server.wm.RootWindowContainer.checkAppTransitionReady:1264 
02-06 18:13:55.141  3012  3061 D GameManagerService: notePauseComponent(), received paused-component: com.kyowon.literacy.store
02-06 18:13:55.217  3012  3061 D GameManagerService: noteResumeComponent(), received resumed-component: com.kyowon.literacy.store
02-06 18:13:55.217  3012  3061 I GameSDK@LifeCycle: noteResumeComponent(): package name  : com.kyowon.literacy.store
02-06 18:13:55.217  3012  3220 D GameManagerService: onLooperPrepared(), msg: MSG_APP_RESUME, resumeComponent: ComponentInfo{com.kyowon.literacy.store/com.kyowon.literacy.ui.login.activity.LoginActivity}
02-06 18:13:55.218  3012  3220 D GameManagerService:   handleResume(). pkgName: com.kyowon.literacy.store, isTunableApp: null
02-06 18:13:55.218  3012  3220 D GameManagerService: notifyFocusInOut(). of pkg: com.kyowon.literacy.store, type: 4, isMinimized: false, isTunableApp: false
02-06 18:13:56.326  3012  3061 D GameManagerService: notePauseComponent(), received paused-component: com.kyowon.literacy.store
02-06 18:13:56.327  3012  3936 D WindowManager: rotationForOrientation, orientationSource=ActivityRecord{23798b2 u0 com.kyowon.literacy.store/com.kyowon.literacy.ui.login.activity.LoginActivity t3648}
02-06 18:13:56.334  3012  3936 V WindowManager: Changing focus from Window{9cfd3d3 u0 com.kyowon.literacy.store/com.kyowon.literacy.ui.login.activity.LoginActivity} to null displayId=0 Callers=com.android.server.wm.RootWindowContainer.updateFocusedWindowLocked:566 com.android.server.wm.WindowManagerService.updateFocusedWindowLocked:6311 com.android.server.wm.DisplayContent.setFocusedApp:6776 com.android.server.wm.ActivityTaskManagerService.setResumedActivityUncheckLocked:6725 
02-06 18:13:56.362  3012  3323 D PkgPredictorService-NapClassifier: Predict result: 86.0,2.0,0.0, - [0_&_com.kyowon.literacy.store, 0_&_kr.co.kyowon.launcher, 0_&_com.android.vending]
02-06 18:13:56.824  3012  3453 V WindowManager: Changing focus from null to Window{9cfd3d3 u0 com.kyowon.literacy.store/com.kyowon.literacy.ui.login.activity.LoginActivity} displayId=0 Callers=com.android.server.wm.RootWindowContainer.updateFocusedWindowLocked:566 com.android.server.wm.WindowManagerService.updateFocusedWindowLocked:6311 com.android.server.wm.ActivityRecord.onRemovedFromDisplay:3878 com.android.server.wm.DisplayContent.removeAppToken:1434 
02-06 18:13:56.825  3012  3453 V ActivityManager: Changed top to 10584,ProcessRecord{e78f8f2 31505:com.kyowon.literacy.store/u0a584}
02-06 18:13:56.827  3012  3453 D MARsPolicyManager: onPackageResumedFG pkgName = com.kyowon.literacy.store, userId = 0
02-06 18:13:56.830  3012  3220 D GameManagerService: onLooperPrepared(), msg: MSG_TASK_FOCUSED, focusedComponent: ComponentInfo{com.kyowon.literacy.store/com.kyowon.literacy.ui.login.activity.LoginActivity}
02-06 18:13:56.830  3012  3220 D GameManagerService:   handleTaskFocused(), pkgName: com.kyowon.literacy.store, clsName: com.kyowon.literacy.ui.login.activity.LoginActivity, userID:0
02-06 18:13:56.831  3012  3453 D WindowManager: rotationForOrientation, orientationSource=ActivityRecord{23798b2 u0 com.kyowon.literacy.store/com.kyowon.literacy.ui.login.activity.LoginActivity t3648}
02-06 18:13:56.840  3012  3453 D MARsPolicyManager: onPackageResumedFG pkgName = com.kyowon.literacy.store, userId = 0
02-06 18:13:56.850  3012  3062 D ActivityTaskManager: finishFixedRotationTransform, r=ActivityRecord{23798b2 u0 com.kyowon.literacy.store/com.kyowon.literacy.ui.login.activity.LoginActivity t3648}, caller=com.android.server.wm.WindowToken.finishFixedRotationTransform:664 com.android.server.wm.DisplayContent$FixedRotationTransitionListener.onAppTransitionFinishedLocked:7026 com.android.server.wm.AppTransition.notifyAppTransitionFinishedLocked:543 com.android.server.wm.DisplayContent.handleAnimatingStoppedAndTransition:5836 com.android.server.wm.RootWindowContainer.checkAppTransitionReady:1264 
02-06 18:13:56.969 31505 31505 V InputMethodManager: Starting input: tba=com.kyowon.literacy.store ic=null mNaviBarColor -855310 mIsGetNaviBarColorSuccess true , NavVisible : true , NavTrans : false
02-06 18:13:57.009  3012  3061 D SemGameManager: isGamePackage(), pkgName=com.kyowon.literacy.store
02-06 18:13:57.018  3012  3061 D GameManagerService: identifyGamePackage. com.kyowon.literacy.store, mCurrentUserId: 0, callerUserId: 0
02-06 18:13:57.018  3012  3061 D PkgDataHelper: getGamePkgData(). com.kyowon.literacy.store
02-06 18:13:57.019  3012  3061 D GameManagerService: noteResumeComponent(), received resumed-component: com.kyowon.literacy.store
02-06 18:13:57.019  3012  3061 I GameSDK@LifeCycle: noteResumeComponent(): package name  : com.kyowon.literacy.store
02-06 18:13:57.019  3012  3220 D GameManagerService: onLooperPrepared(), msg: MSG_APP_RESUME, resumeComponent: ComponentInfo{com.kyowon.literacy.store/com.kyowon.literacy.ui.login.activity.LoginActivity}
02-06 18:13:57.019  3012  3220 D GameManagerService:   handleResume(). pkgName: com.kyowon.literacy.store, isTunableApp: null
02-06 18:13:57.019  3012  3220 D GameManagerService: notifyFocusInOut(). of pkg: com.kyowon.literacy.store, type: 4, isMinimized: false, isTunableApp: false
02-06 18:13:57.891  3012  8912 V ActivityManager: Changed top to 10584,ProcessRecord{e78f8f2 31505:com.kyowon.literacy.store/u0a584}
02-06 18:13:58.033  3012  3061 D GameManagerService: notePauseComponent(), received paused-component: com.kyowon.literacy.store
02-06 18:13:58.085  3012  8912 D MARsPolicyManager: onPackageResumedFG pkgName = com.kyowon.literacy.store, userId = 0
02-06 18:13:58.092  3012  8912 D WindowManager: rotationForOrientation, orientationSource=ActivityRecord{23798b2 u0 com.kyowon.literacy.store/com.kyowon.literacy.ui.login.activity.LoginActivity t3648}
02-06 18:13:58.095  3012  8912 D MARsPolicyManager: onPackageResumedFG pkgName = com.kyowon.literacy.store, userId = 0
02-06 18:13:58.108  3012  8912 D ActivityTaskManager: finishFixedRotationTransform, r=ActivityRecord{23798b2 u0 com.kyowon.literacy.store/com.kyowon.literacy.ui.login.activity.LoginActivity t3648}, caller=com.android.server.wm.WindowToken.finishFixedRotationTransform:664 com.android.server.wm.DisplayContent$FixedRotationTransitionListener.onAppTransitionFinishedLocked:7026 com.android.server.wm.AppTransition.notifyAppTransitionFinishedLocked:543 com.android.server.wm.DisplayContent.handleAnimatingStoppedAndTransition:5836 com.android.server.wm.RootWindowContainer.checkAppTransitionReady:1264 
02-06 18:13:58.115  3012  8912 V ActivityManager: Changed top to 10584,ProcessRecord{e78f8f2 31505:com.kyowon.literacy.store/u0a584}
02-06 18:13:58.235  3012  3061 D GameManagerService: noteResumeComponent(), received resumed-component: com.kyowon.literacy.store
02-06 18:13:58.235  3012  3061 I GameSDK@LifeCycle: noteResumeComponent(): package name  : com.kyowon.literacy.store
02-06 18:13:58.236  3012  3220 D GameManagerService: onLooperPrepared(), msg: MSG_APP_RESUME, resumeComponent: ComponentInfo{com.kyowon.literacy.store/com.kyowon.literacy.ui.login.activity.LoginActivity}
02-06 18:13:58.236  3012  3220 D GameManagerService:   handleResume(). pkgName: com.kyowon.literacy.store, isTunableApp: null
02-06 18:13:58.236  3012  3220 D GameManagerService: notifyFocusInOut(). of pkg: com.kyowon.literacy.store, type: 4, isMinimized: false, isTunableApp: false
02-06 18:13:58.262  3012  8912 V WindowManager: Relayout Window{9cfd3d3 u0 com.kyowon.literacy.store/com.kyowon.literacy.ui.login.activity.LoginActivity}: viewVisibility=0 req=2000x1200
02-06 18:13:58.511  3012  3061 D GameManagerService: notePauseComponent(), received paused-component: com.kyowon.literacy.store
02-06 18:13:58.602  3012  8461 D WindowManager: rotationForOrientation, orientationSource=ActivityRecord{23798b2 u0 com.kyowon.literacy.store/com.kyowon.literacy.ui.login.activity.LoginActivity t3648}
02-06 18:13:58.626  3012  8461 V WindowManager: Changing focus from Window{9cfd3d3 u0 com.kyowon.literacy.store/com.kyowon.literacy.ui.login.activity.LoginActivity} to null displayId=0 Callers=com.android.server.wm.RootWindowContainer.updateFocusedWindowLocked:566 com.android.server.wm.WindowManagerService.updateFocusedWindowLocked:6311 com.android.server.wm.DisplayContent.setFocusedApp:6776 com.android.server.wm.ActivityTaskManagerService.setResumedActivityUncheckLocked:6725 
02-06 18:13:58.977  3012  3323 D PkgPredictorService-NapClassifier: Predict result: 86.0,2.0,0.0, - [0_&_com.kyowon.literacy.store, 0_&_kr.co.kyowon.launcher, 0_&_com.android.vending]
02-06 18:13:58.999  3012  3565 V WindowManager: Changing focus from null to Window{9cfd3d3 u0 com.kyowon.literacy.store/com.kyowon.literacy.ui.login.activity.LoginActivity} displayId=0 Callers=com.android.server.wm.RootWindowContainer.updateFocusedWindowLocked:566 com.android.server.wm.WindowManagerService.updateFocusedWindowLocked:6311 com.android.server.wm.ActivityRecord.onRemovedFromDisplay:3878 com.android.server.wm.DisplayContent.removeAppToken:1434 
02-06 18:13:59.005  3012  3565 V ActivityManager: Changed top to 10584,ProcessRecord{e78f8f2 31505:com.kyowon.literacy.store/u0a584}
02-06 18:13:59.029  3012  3565 D MARsPolicyManager: onPackageResumedFG pkgName = com.kyowon.literacy.store, userId = 0
02-06 18:13:59.032  3012  3220 D GameManagerService: onLooperPrepared(), msg: MSG_TASK_FOCUSED, focusedComponent: ComponentInfo{com.kyowon.literacy.store/com.kyowon.literacy.ui.login.activity.LoginActivity}
02-06 18:13:59.032  3012  3220 D GameManagerService:   handleTaskFocused(), pkgName: com.kyowon.literacy.store, clsName: com.kyowon.literacy.ui.login.activity.LoginActivity, userID:0
02-06 18:13:59.033  3012  3565 D WindowManager: rotationForOrientation, orientationSource=ActivityRecord{23798b2 u0 com.kyowon.literacy.store/com.kyowon.literacy.ui.login.activity.LoginActivity t3648}
02-06 18:13:59.035  3012  3565 D MARsPolicyManager: onPackageResumedFG pkgName = com.kyowon.literacy.store, userId = 0
02-06 18:13:59.050  3012  3062 D ActivityTaskManager: finishFixedRotationTransform, r=ActivityRecord{23798b2 u0 com.kyowon.literacy.store/com.kyowon.literacy.ui.login.activity.LoginActivity t3648}, caller=com.android.server.wm.WindowToken.finishFixedRotationTransform:664 com.android.server.wm.DisplayContent$FixedRotationTransitionListener.onAppTransitionFinishedLocked:7026 com.android.server.wm.AppTransition.notifyAppTransitionFinishedLocked:543 com.android.server.wm.DisplayContent.handleAnimatingStoppedAndTransition:5836 com.android.server.wm.RootWindowContainer.checkAppTransitionReady:1264 
02-06 18:13:59.113  3012  3462 D MdnieScenarioControlService:  packageName : com.kyowon.literacy.store    className : com.kyowon.literacy.ui.login.activity.LoginActivity
02-06 18:13:59.182 31505 31505 V InputMethodManager: Starting input: tba=com.kyowon.literacy.store ic=null mNaviBarColor -855310 mIsGetNaviBarColorSuccess true , NavVisible : true , NavTrans : false
02-06 18:13:59.183  3012  3061 D GameManagerService: noteResumeComponent(), received resumed-component: com.kyowon.literacy.store
02-06 18:13:59.183  3012  3061 I GameSDK@LifeCycle: noteResumeComponent(): package name  : com.kyowon.literacy.store
02-06 18:13:59.183  3012  3220 D GameManagerService: onLooperPrepared(), msg: MSG_APP_RESUME, resumeComponent: ComponentInfo{com.kyowon.literacy.store/com.kyowon.literacy.ui.login.activity.LoginActivity}
02-06 18:13:59.184  3012  3220 D GameManagerService:   handleResume(). pkgName: com.kyowon.literacy.store, isTunableApp: null
02-06 18:13:59.184  3012  3220 D GameManagerService: notifyFocusInOut(). of pkg: com.kyowon.literacy.store, type: 4, isMinimized: false, isTunableApp: false
02-06 18:13:59.279  3012  3061 D GameManagerService: notePauseComponent(), received paused-component: com.kyowon.literacy.store
02-06 18:13:59.403  9952  9952 I QA      : [STEP] [OK] save.flag: D:dhkimQAToolsresultR9TRA0BDXEW20260206_173447_com.kyowon.literacy.store_basic_tc_suite_literacy_runnersave.flag
02-06 18:13:59.558  3012  7153 D WindowManager: rotationForOrientation, orientationSource=ActivityRecord{23798b2 u0 com.kyowon.literacy.store/com.kyowon.literacy.ui.login.activity.LoginActivity t3648}
02-06 18:13:59.562  3012  7153 V WindowManager: Changing focus from Window{9cfd3d3 u0 com.kyowon.literacy.store/com.kyowon.literacy.ui.login.activity.LoginActivity} to null displayId=0 Callers=com.android.server.wm.RootWindowContainer.updateFocusedWindowLocked:566 com.android.server.wm.WindowManagerService.updateFocusedWindowLocked:6311 com.android.server.wm.DisplayContent.setFocusedApp:6776 com.android.server.wm.ActivityTaskManagerService.setResumedActivityUncheckLocked:6725 
02-06 18:13:59.691  3012  3323 D PkgPredictorService-NapClassifier: Predict result: 86.0,2.0,0.0, - [0_&_com.kyowon.literacy.store, 0_&_kr.co.kyowon.launcher, 0_&_com.android.vending]
02-06 18:13:59.703  3012  7309 V WindowManager: Changing focus from null to Window{9cfd3d3 u0 com.kyowon.literacy.store/com.kyowon.literacy.ui.login.activity.LoginActivity} displayId=0 Callers=com.android.server.wm.RootWindowContainer.updateFocusedWindowLocked:566 com.android.server.wm.WindowManagerService.updateFocusedWindowLocked:6311 com.android.server.wm.ActivityRecord.onRemovedFromDisplay:3878 com.android.server.wm.DisplayContent.removeAppToken:1434 
02-06 18:13:59.707  3012  7309 V ActivityManager: Changed top to 10584,ProcessRecord{e78f8f2 31505:com.kyowon.literacy.store/u0a584}
02-06 18:13:59.722  3012  7309 D MARsPolicyManager: onPackageResumedFG pkgName = com.kyowon.literacy.store, userId = 0
02-06 18:13:59.726  3012  3220 D GameManagerService: onLooperPrepared(), msg: MSG_TASK_FOCUSED, focusedComponent: ComponentInfo{com.kyowon.literacy.store/com.kyowon.literacy.ui.login.activity.LoginActivity}
02-06 18:13:59.726  3012  3220 D GameManagerService:   handleTaskFocused(), pkgName: com.kyowon.literacy.store, clsName: com.kyowon.literacy.ui.login.activity.LoginActivity, userID:0
02-06 18:13:59.728  3012  7309 D WindowManager: rotationForOrientation, orientationSource=ActivityRecord{23798b2 u0 com.kyowon.literacy.store/com.kyowon.literacy.ui.login.activity.LoginActivity t3648}
02-06 18:13:59.734  3012  7309 D MARsPolicyManager: onPackageResumedFG pkgName = com.kyowon.literacy.store, userId = 0
02-06 18:13:59.765  3012  3062 D ActivityTaskManager: finishFixedRotationTransform, r=ActivityRecord{23798b2 u0 com.kyowon.literacy.store/com.kyowon.literacy.ui.login.activity.LoginActivity t3648}, caller=com.android.server.wm.WindowToken.finishFixedRotationTransform:664 com.android.server.wm.DisplayContent$FixedRotationTransitionListener.onAppTransitionFinishedLocked:7026 com.android.server.wm.AppTransition.notifyAppTransitionFinishedLocked:543 com.android.server.wm.DisplayContent.handleAnimatingStoppedAndTransition:5836 com.android.server.wm.RootWindowContainer.checkAppTransitionReady:1264 
02-06 18:13:59.789  3012  3059 D SehCodecSolutionService: Update top [com.kyowon.literacy.store]
02-06 18:13:59.863  3012  3061 D SemGameManager: isGamePackage(), pkgName=com.kyowon.literacy.store
02-06 18:13:59.865  3012  3061 D GameManagerService: identifyGamePackage. com.kyowon.literacy.store, mCurrentUserId: 0, callerUserId: 0
02-06 18:13:59.865  3012  3061 D PkgDataHelper: getGamePkgData(). com.kyowon.literacy.store
02-06 18:13:59.865  3012  3061 D GameManagerService: noteResumeComponent(), received resumed-component: com.kyowon.literacy.store
02-06 18:13:59.865  3012  3061 I GameSDK@LifeCycle: noteResumeComponent(): package name  : com.kyowon.literacy.store
02-06 18:13:59.865  3012  3220 D GameManagerService: onLooperPrepared(), msg: MSG_APP_RESUME, resumeComponent: ComponentInfo{com.kyowon.literacy.store/com.kyowon.literacy.ui.login.activity.LoginActivity}
02-06 18:13:59.866  3012  3220 D GameManagerService:   handleResume(). pkgName: com.kyowon.literacy.store, isTunableApp: null
02-06 18:13:59.866  3012  3220 D GameManagerService: notifyFocusInOut(). of pkg: com.kyowon.literacy.store, type: 4, isMinimized: false, isTunableApp: false
02-06 18:13:59.942  3012  8909 V WindowManager: Relayout Window{9cfd3d3 u0 com.kyowon.literacy.store/com.kyowon.literacy.ui.login.activity.LoginActivity}: viewVisibility=0 req=2000x1200
02-06 18:13:59.967 31505 31505 V InputMethodManager: Starting input: tba=com.kyowon.literacy.store ic=null mNaviBarColor -855310 mIsGetNaviBarColorSuccess true , NavVisible : true , NavTrans : false
02-06 18:14:00.151  3012  7309 D WindowManager: rotationForOrientation, orientationSource=ActivityRecord{23798b2 u0 com.kyowon.literacy.store/com.kyowon.literacy.ui.login.activity.LoginActivity t3648}
02-06 18:14:00.157  3012  7309 V WindowManager: Changing focus from Window{9cfd3d3 u0 com.kyowon.literacy.store/com.kyowon.literacy.ui.login.activity.LoginActivity} to null displayId=0 Callers=com.android.server.wm.RootWindowContainer.updateFocusedWindowLocked:566 com.android.server.wm.WindowManagerService.updateFocusedWindowLocked:6311 com.android.server.wm.DisplayContent.setFocusedApp:6776 com.android.server.wm.ActivityTaskManagerService.setResumedActivityUncheckLocked:6725 
02-06 18:14:00.175  3012  3061 D GameManagerService: notePauseComponent(), received paused-component: com.kyowon.literacy.store
02-06 18:14:00.191  3012  7310 V WindowManager: Changing focus from null to Window{9cfd3d3 u0 com.kyowon.literacy.store/com.kyowon.literacy.ui.login.activity.LoginActivity} displayId=0 Callers=com.android.server.wm.RootWindowContainer.updateFocusedWindowLocked:566 com.android.server.wm.WindowManagerService.updateFocusedWindowLocked:6311 com.android.server.wm.ActivityRecord.onRemovedFromDisplay:3878 com.android.server.wm.DisplayContent.removeAppToken:1434 
02-06 18:14:00.215  3012  7310 V ActivityManager: Changed top to 10584,ProcessRecord{e78f8f2 31505:com.kyowon.literacy.store/u0a584}
02-06 18:14:00.246  3012  7310 D MARsPolicyManager: onPackageResumedFG pkgName = com.kyowon.literacy.store, userId = 0
02-06 18:14:00.249  3012  7310 D WindowManager: rotationForOrientation, orientationSource=ActivityRecord{23798b2 u0 com.kyowon.literacy.store/com.kyowon.literacy.ui.login.activity.LoginActivity t3648}
02-06 18:14:00.250  3012  3220 D GameManagerService: onLooperPrepared(), msg: MSG_TASK_FOCUSED, focusedComponent: ComponentInfo{com.kyowon.literacy.store/com.kyowon.literacy.ui.login.activity.LoginActivity}
02-06 18:14:00.251  3012  7310 D MARsPolicyManager: onPackageResumedFG pkgName = com.kyowon.literacy.store, userId = 0
02-06 18:14:00.252  3012  3220 D GameManagerService:   handleTaskFocused(), pkgName: com.kyowon.literacy.store, clsName: com.kyowon.literacy.ui.login.activity.LoginActivity, userID:0
02-06 18:14:00.257  3012  3062 D ActivityTaskManager: finishFixedRotationTransform, r=ActivityRecord{23798b2 u0 com.kyowon.literacy.store/com.kyowon.literacy.ui.login.activity.LoginActivity t3648}, caller=com.android.server.wm.WindowToken.finishFixedRotationTransform:664 com.android.server.wm.DisplayContent$FixedRotationTransitionListener.onAppTransitionFinishedLocked:7026 com.android.server.wm.AppTransition.notifyAppTransitionFinishedLocked:543 com.android.server.wm.DisplayContent.handleAnimatingStoppedAndTransition:5836 com.android.server.wm.RootWindowContainer.checkAppTransitionReady:1264 
02-06 18:14:00.444  3012  3624 V WindowManager: Relayout Window{9cfd3d3 u0 com.kyowon.literacy.store/com.kyowon.literacy.ui.login.activity.LoginActivity}: viewVisibility=0 req=2000x1200
02-06 18:14:00.456 31505 31505 V InputMethodManager: Starting input: tba=com.kyowon.literacy.store ic=null mNaviBarColor -855310 mIsGetNaviBarColorSuccess true , NavVisible : true , NavTrans : false
02-06 18:14:01.327  3012  3565 V WindowManager: Changing focus from null to Window{9cfd3d3 u0 com.kyowon.literacy.store/com.kyowon.literacy.ui.login.activity.LoginActivity} displayId=0 Callers=com.android.server.wm.RootWindowContainer.updateFocusedWindowLocked:566 com.android.server.wm.WindowManagerService.updateFocusedWindowLocked:6311 com.android.server.wm.DisplayContent.layoutAndAssignWindowLayersIfNeeded:4201 com.android.server.wm.TaskDisplayArea.positionStackAt:1016 
02-06 18:14:01.387  3012  8461 V WindowManager: Changing focus from Window{9cfd3d3 u0 com.kyowon.literacy.store/com.kyowon.literacy.ui.login.activity.LoginActivity} to null displayId=0 Callers=com.android.server.wm.RootWindowContainer.updateFocusedWindowLocked:566 com.android.server.wm.WindowManagerService.updateFocusedWindowLocked:6311 com.android.server.wm.DisplayContent.layoutAndAssignWindowLayersIfNeeded:4201 com.android.server.wm.TaskDisplayArea.positionStackAt:1016 
02-06 18:14:01.439 31505 31505 V InputMethodManager: Starting input: tba=com.kyowon.literacy.store ic=null mNaviBarColor -855310 mIsGetNaviBarColorSuccess true , NavVisible : true , NavTrans : false
02-06 18:14:01.469  3012  7153 V WindowManager: Changing focus from null to Window{9cfd3d3 u0 com.kyowon.literacy.store/com.kyowon.literacy.ui.login.activity.LoginActivity} displayId=0 Callers=com.android.server.wm.RootWindowContainer.updateFocusedWindowLocked:566 com.android.server.wm.WindowManagerService.updateFocusedWindowLocked:6311 com.android.server.wm.ActivityRecord.onRemovedFromDisplay:3878 com.android.server.wm.DisplayContent.removeAppToken:1434 
02-06 18:14:01.471  3012  7153 V ActivityManager: Changed top to 10584,ProcessRecord{e78f8f2 31505:com.kyowon.literacy.store/u0a584}
02-06 18:14:01.535  3012  7153 D MARsPolicyManager: onPackageResumedFG pkgName = com.kyowon.literacy.store, userId = 0
02-06 18:14:01.538  3012  3220 D GameManagerService: onLooperPrepared(), msg: MSG_TASK_FOCUSED, focusedComponent: ComponentInfo{com.kyowon.literacy.store/com.kyowon.literacy.ui.login.activity.LoginActivity}
02-06 18:14:01.538  3012  3220 D GameManagerService:   handleTaskFocused(), pkgName: com.kyowon.literacy.store, clsName: com.kyowon.literacy.ui.login.activity.LoginActivity, userID:0
02-06 18:14:01.540  3012  7153 D WindowManager: rotationForOrientation, orientationSource=ActivityRecord{23798b2 u0 com.kyowon.literacy.store/com.kyowon.literacy.ui.login.activity.LoginActivity t3648}
02-06 18:14:01.543  3012  7153 D MARsPolicyManager: onPackageResumedFG pkgName = com.kyowon.literacy.store, userId = 0
02-06 18:14:01.555  3012  3062 D ActivityTaskManager: finishFixedRotationTransform, r=ActivityRecord{23798b2 u0 com.kyowon.literacy.store/com.kyowon.literacy.ui.login.activity.LoginActivity t3648}, caller=com.android.server.wm.WindowToken.finishFixedRotationTransform:664 com.android.server.wm.DisplayContent$FixedRotationTransitionListener.onAppTransitionFinishedLocked:7026 com.android.server.wm.AppTransition.notifyAppTransitionFinishedLocked:543 com.android.server.wm.DisplayContent.handleAnimatingStoppedAndTransition:5836 com.android.server.wm.RootWindowContainer.checkAppTransitionReady:1264 
02-06 18:14:01.655  3012  3061 D SemGameManager: isGamePackage(), pkgName=com.kyowon.literacy.store
02-06 18:14:01.655  3012  3061 D GameManagerService: identifyGamePackage. com.kyowon.literacy.store, mCurrentUserId: 0, callerUserId: 0
02-06 18:14:01.655  3012  3061 D PkgDataHelper: getGamePkgData(). com.kyowon.literacy.store
02-06 18:14:01.656  3012  3061 D GameManagerService: noteResumeComponent(), received resumed-component: com.kyowon.literacy.store
02-06 18:14:01.656  3012  3061 I GameSDK@LifeCycle: noteResumeComponent(): package name  : com.kyowon.literacy.store
02-06 18:14:01.656  3012  3220 D GameManagerService: onLooperPrepared(), msg: MSG_APP_RESUME, resumeComponent: ComponentInfo{com.kyowon.literacy.store/com.kyowon.literacy.ui.login.activity.LoginActivity}
02-06 18:14:01.656  3012  3220 D GameManagerService:   handleResume(). pkgName: com.kyowon.literacy.store, isTunableApp: null
02-06 18:14:01.657  3012  3220 D GameManagerService: notifyFocusInOut(). of pkg: com.kyowon.literacy.store, type: 4, isMinimized: false, isTunableApp: false
02-06 18:14:01.787 31505 31505 V InputMethodManager: Starting input: tba=com.kyowon.literacy.store ic=null mNaviBarColor -855310 mIsGetNaviBarColorSuccess true , NavVisible : true , NavTrans : false
02-06 18:14:01.802  3012  7153 V WindowManager: Relayout Window{9cfd3d3 u0 com.kyowon.literacy.store/com.kyowon.literacy.ui.login.activity.LoginActivity}: viewVisibility=0 req=2000x1200
02-06 18:14:02.273   862   862 D SurfaceFlinger:      DEVICE | 0xb400007ac04d1080 | 0002 | RGBA_8888    |    0.0    0.0 1200.0 2000.0 |    0    0 1200 2000 | com.kyowon.literacy.store/com.kyowon[...]ogin.activity.LoginActivity$_31505#0
02-06 18:14:02.399  3012  3061 D GameManagerService: notePauseComponent(), received paused-component: com.kyowon.literacy.store
02-06 18:14:02.465  3012  7153 D WindowManager: rotationForOrientation, orientationSource=ActivityRecord{23798b2 u0 com.kyowon.literacy.store/com.kyowon.literacy.ui.login.activity.LoginActivity t3648}
02-06 18:14:02.474  3012  7153 V WindowManager: Changing focus from Window{9cfd3d3 u0 com.kyowon.literacy.store/com.kyowon.literacy.ui.login.activity.LoginActivity} to null displayId=0 Callers=com.android.server.wm.RootWindowContainer.updateFocusedWindowLocked:566 com.android.server.wm.WindowManagerService.updateFocusedWindowLocked:6311 com.android.server.wm.DisplayContent.setFocusedApp:6776 com.android.server.wm.ActivityTaskManagerService.setResumedActivityUncheckLocked:6725 
02-06 18:14:05.962  3012  3061 D GameManagerService: notePauseComponent(), received paused-component: com.kyowon.literacy.store
02-06 18:14:05.970  3012  7153 D WindowManager: rotationForOrientation, orientationSource=ActivityRecord{23798b2 u0 com.kyowon.literacy.store/com.kyowon.literacy.ui.login.activity.LoginActivity t3648}
02-06 18:14:05.981  3012  7153 V WindowManager: Changing focus from Window{9cfd3d3 u0 com.kyowon.literacy.store/com.kyowon.literacy.ui.login.activity.LoginActivity} to null displayId=0 Callers=com.android.server.wm.RootWindowContainer.updateFocusedWindowLocked:566 com.android.server.wm.WindowManagerService.updateFocusedWindowLocked:6311 com.android.server.wm.DisplayContent.setFocusedApp:6776 com.android.server.wm.ActivityTaskManagerService.setResumedActivityUncheckLocked:6725 
02-06 18:14:06.015  3012  3323 D PkgPredictorService-NapClassifier: Predict result: 86.0,2.0,0.0, - [0_&_com.kyowon.literacy.store, 0_&_kr.co.kyowon.launcher, 0_&_com.android.vending]
02-06 18:14:06.180  3012  8912 V WindowManager: Changing focus from null to Window{9cfd3d3 u0 com.kyowon.literacy.store/com.kyowon.literacy.ui.login.activity.LoginActivity} displayId=0 Callers=com.android.server.wm.RootWindowContainer.updateFocusedWindowLocked:566 com.android.server.wm.WindowManagerService.updateFocusedWindowLocked:6311 com.android.server.wm.DisplayContent.layoutAndAssignWindowLayersIfNeeded:4201 com.android.server.wm.TaskDisplayArea.positionStackAt:1016 
02-06 18:14:06.190  3012  3571 V ActivityManager: Changed top to 10584,ProcessRecord{e78f8f2 31505:com.kyowon.literacy.store/u0a584}
02-06 18:14:06.200  3012  3462 D MdnieScenarioControlService:  packageName : com.kyowon.literacy.store    className : com.kyowon.literacy.ui.login.activity.LoginActivity
02-06 18:14:06.320 31505 31505 V InputMethodManager: Starting input: tba=com.kyowon.literacy.store ic=null mNaviBarColor -855310 mIsGetNaviBarColorSuccess true , NavVisible : true , NavTrans : false
02-06 18:14:06.397  3012  7166 D MARsPolicyManager: onPackageResumedFG pkgName = com.kyowon.literacy.store, userId = 0
02-06 18:14:06.409  3012  3220 D GameManagerService: onLooperPrepared(), msg: MSG_TASK_FOCUSED, focusedComponent: ComponentInfo{com.kyowon.literacy.store/com.kyowon.literacy.ui.login.activity.LoginActivity}
02-06 18:14:06.409  3012  3220 D GameManagerService:   handleTaskFocused(), pkgName: com.kyowon.literacy.store, clsName: com.kyowon.literacy.ui.login.activity.LoginActivity, userID:0
02-06 18:14:06.411  3012  7166 D WindowManager: rotationForOrientation, orientationSource=ActivityRecord{23798b2 u0 com.kyowon.literacy.store/com.kyowon.literacy.ui.login.activity.LoginActivity t3648}
02-06 18:14:06.413  3012  7166 D MARsPolicyManager: onPackageResumedFG pkgName = com.kyowon.literacy.store, userId = 0
02-06 18:14:06.436  3012  7166 D ActivityTaskManager: finishFixedRotationTransform, r=ActivityRecord{23798b2 u0 com.kyowon.literacy.store/com.kyowon.literacy.ui.login.activity.LoginActivity t3648}, caller=com.android.server.wm.WindowToken.finishFixedRotationTransform:664 com.android.server.wm.DisplayContent$FixedRotationTransitionListener.onAppTransitionFinishedLocked:7026 com.android.server.wm.AppTransition.notifyAppTransitionFinishedLocked:543 com.android.server.wm.DisplayContent.handleAnimatingStoppedAndTransition:5836 com.android.server.wm.RootWindowContainer.checkAppTransitionReady:1264 
02-06 18:14:06.461 31505 31505 V InputMethodManager: Starting input: tba=com.kyowon.literacy.store ic=null mNaviBarColor -855310 mIsGetNaviBarColorSuccess true , NavVisible : true , NavTrans : false
02-06 18:14:06.576   862   862 D SurfaceFlinger:      DEVICE | 0xb400007ac04d1080 | 0002 | RGBA_8888    |    0.0    0.0 1200.0 2000.0 |    0    0 1200 2000 | com.kyowon.literacy.store/com.kyowon[...]ogin.activity.LoginActivity$_31505#0
02-06 18:14:06.604  3012  3935 V WindowManager: Relayout Window{9cfd3d3 u0 com.kyowon.literacy.store/com.kyowon.literacy.ui.login.activity.LoginActivity}: viewVisibility=0 req=2000x1200
02-06 18:14:06.762  3012  3061 D SemGameManager: isGamePackage(), pkgName=com.kyowon.literacy.store
02-06 18:14:06.764  3012  3061 D GameManagerService: identifyGamePackage. com.kyowon.literacy.store, mCurrentUserId: 0, callerUserId: 0
02-06 18:14:06.765  3012  3061 D PkgDataHelper: getGamePkgData(). com.kyowon.literacy.store
02-06 18:14:06.765  3012  3061 D GameManagerService: noteResumeComponent(), received resumed-component: com.kyowon.literacy.store
02-06 18:14:06.766  3012  3061 I GameSDK@LifeCycle: noteResumeComponent(): package name  : com.kyowon.literacy.store
02-06 18:14:06.766  3012  3220 D GameManagerService: onLooperPrepared(), msg: MSG_APP_RESUME, resumeComponent: ComponentInfo{com.kyowon.literacy.store/com.kyowon.literacy.ui.login.activity.LoginActivity}
02-06 18:14:06.767  3012  3220 D GameManagerService:   handleResume(). pkgName: com.kyowon.literacy.store, isTunableApp: null
02-06 18:14:06.767  3012  3220 D GameManagerService: notifyFocusInOut(). of pkg: com.kyowon.literacy.store, type: 4, isMinimized: false, isTunableApp: false
02-06 18:14:07.493  3012  3934 V ActivityManager: Changed top to 10584,ProcessRecord{e78f8f2 31505:com.kyowon.literacy.store/u0a584}
02-06 18:14:07.507  3012  7310 D MARsPolicyManager: onPackageResumedFG pkgName = com.kyowon.literacy.store, userId = 0
02-06 18:14:07.509  3012  7310 D WindowManager: rotationForOrientation, orientationSource=ActivityRecord{23798b2 u0 com.kyowon.literacy.store/com.kyowon.literacy.ui.login.activity.LoginActivity t3648}
02-06 18:14:07.513  3012  7310 D MARsPolicyManager: onPackageResumedFG pkgName = com.kyowon.literacy.store, userId = 0
02-06 18:14:07.519  3012  7310 D ActivityTaskManager: finishFixedRotationTransform, r=ActivityRecord{23798b2 u0 com.kyowon.literacy.store/com.kyowon.literacy.ui.login.activity.LoginActivity t3648}, caller=com.android.server.wm.WindowToken.finishFixedRotationTransform:664 com.android.server.wm.DisplayContent$FixedRotationTransitionListener.onAppTransitionFinishedLocked:7026 com.android.server.wm.AppTransition.notifyAppTransitionFinishedLocked:543 com.android.server.wm.DisplayContent.handleAnimatingStoppedAndTransition:5836 com.android.server.wm.RootWindowContainer.checkAppTransitionReady:1264 
02-06 18:14:07.769  3012  3061 D GameManagerService: notePauseComponent(), received paused-component: com.kyowon.literacy.store
02-06 18:14:07.927  3012  3061 D GameManagerService: noteResumeComponent(), received resumed-component: com.kyowon.literacy.store
02-06 18:14:07.927  3012  3061 I GameSDK@LifeCycle: noteResumeComponent(): package name  : com.kyowon.literacy.store
02-06 18:14:07.927  3012  3220 D GameManagerService: onLooperPrepared(), msg: MSG_APP_RESUME, resumeComponent: ComponentInfo{com.kyowon.literacy.store/com.kyowon.literacy.ui.login.activity.LoginActivity}
02-06 18:14:07.927  3012  3220 D GameManagerService:   handleResume(). pkgName: com.kyowon.literacy.store, isTunableApp: null
02-06 18:14:07.928  3012  3220 D GameManagerService: notifyFocusInOut(). of pkg: com.kyowon.literacy.store, type: 4, isMinimized: false, isTunableApp: false
02-06 18:14:08.964   862   862 D SurfaceFlinger:      DEVICE | 0xb400007ac04d1710 | 0002 | RGBA_8888    |    0.0    0.0 1200.0 2000.0 |    0    0 1200 2000 | com.kyowon.literacy.store/com.kyowon[...]ogin.activity.LoginActivity$_31505#0
02-06 18:14:09.019  3012  3323 D PkgPredictorService-NapPreloadController: [ML] Sent pkg = com.kyowon.literacy.store uid: 0 type: ml
02-06 18:14:09.025  3012  3715 I ActivityManager: [ML][SD] app:com.kyowon.literacy.store is exist findPkgforMl:false  isOnMemory:true
02-06 18:14:09.175  3012  3061 D GameManagerService: notePauseComponent(), received paused-component: com.kyowon.literacy.store
02-06 18:14:09.178  3012  7166 D WindowManager: rotationForOrientation, orientationSource=ActivityRecord{23798b2 u0 com.kyowon.literacy.store/com.kyowon.literacy.ui.login.activity.LoginActivity t3648}
02-06 18:14:09.184  3012  7166 V WindowManager: Changing focus from Window{9cfd3d3 u0 com.kyowon.literacy.store/com.kyowon.literacy.ui.login.activity.LoginActivity} to null displayId=0 Callers=com.android.server.wm.RootWindowContainer.updateFocusedWindowLocked:566 com.android.server.wm.WindowManagerService.updateFocusedWindowLocked:6311 com.android.server.wm.DisplayContent.setFocusedApp:6776 com.android.server.wm.ActivityTaskManagerService.setResumedActivityUncheckLocked:6725 
02-06 18:14:09.227  3012  3323 D PkgPredictorService-NapClassifier: Predict result: 86.0,2.0,0.0, - [0_&_com.kyowon.literacy.store, 0_&_kr.co.kyowon.launcher, 0_&_com.android.vending]
02-06 18:14:09.687  3012  3934 V WindowManager: Changing focus from null to Window{9cfd3d3 u0 com.kyowon.literacy.store/com.kyowon.literacy.ui.login.activity.LoginActivity} displayId=0 Callers=com.android.server.wm.RootWindowContainer.updateFocusedWindowLocked:566 com.android.server.wm.WindowManagerService.updateFocusedWindowLocked:6311 com.android.server.wm.ActivityRecord.onRemovedFromDisplay:3878 com.android.server.wm.DisplayContent.removeAppToken:1434 
02-06 18:14:09.689  3012  3934 V ActivityManager: Changed top to 10584,ProcessRecord{e78f8f2 31505:com.kyowon.literacy.store/u0a584}
02-06 18:14:09.720  3012  3934 D MARsPolicyManager: onPackageResumedFG pkgName = com.kyowon.literacy.store, userId = 0
02-06 18:14:09.723  3012  3934 D WindowManager: rotationForOrientation, orientationSource=ActivityRecord{23798b2 u0 com.kyowon.literacy.store/com.kyowon.literacy.ui.login.activity.LoginActivity t3648}
02-06 18:14:09.725  3012  3220 D GameManagerService: onLooperPrepared(), msg: MSG_TASK_FOCUSED, focusedComponent: ComponentInfo{com.kyowon.literacy.store/com.kyowon.literacy.ui.login.activity.LoginActivity}
02-06 18:14:09.725  3012  3220 D GameManagerService:   handleTaskFocused(), pkgName: com.kyowon.literacy.store, clsName: com.kyowon.literacy.ui.login.activity.LoginActivity, userID:0
02-06 18:14:09.725  3012  3934 D MARsPolicyManager: onPackageResumedFG pkgName = com.kyowon.literacy.store, userId = 0
02-06 18:14:09.742  3012  3062 D ActivityTaskManager: finishFixedRotationTransform, r=ActivityRecord{23798b2 u0 com.kyowon.literacy.store/com.kyowon.literacy.ui.login.activity.LoginActivity t3648}, caller=com.android.server.wm.WindowToken.finishFixedRotationTransform:664 com.android.server.wm.DisplayContent$FixedRotationTransitionListener.onAppTransitionFinishedLocked:7026 com.android.server.wm.AppTransition.notifyAppTransitionFinishedLocked:543 com.android.server.wm.DisplayContent.handleAnimatingStoppedAndTransition:5836 com.android.server.wm.RootWindowContainer.checkAppTransitionReady:1264 
02-06 18:14:09.887  3012  3061 D SemGameManager: isGamePackage(), pkgName=com.kyowon.literacy.store
02-06 18:14:09.888  3012  3061 D GameManagerService: identifyGamePackage. com.kyowon.literacy.store, mCurrentUserId: 0, callerUserId: 0
02-06 18:14:09.888  3012  3061 D PkgDataHelper: getGamePkgData(). com.kyowon.literacy.store
02-06 18:14:09.888  3012  3061 D GameManagerService: noteResumeComponent(), received resumed-component: com.kyowon.literacy.store
02-06 18:14:09.888  3012  3061 I GameSDK@LifeCycle: noteResumeComponent(): package name  : com.kyowon.literacy.store
02-06 18:14:09.888  3012  3220 D GameManagerService: onLooperPrepared(), msg: MSG_APP_RESUME, resumeComponent: ComponentInfo{com.kyowon.literacy.store/com.kyowon.literacy.ui.login.activity.LoginActivity}
02-06 18:14:09.889  3012  3220 D GameManagerService:   handleResume(). pkgName: com.kyowon.literacy.store, isTunableApp: null
02-06 18:14:09.889  3012  3220 D GameManagerService: notifyFocusInOut(). of pkg: com.kyowon.literacy.store, type: 4, isMinimized: false, isTunableApp: false
02-06 18:14:09.969 31505 31505 V InputMethodManager: Starting input: tba=com.kyowon.literacy.store ic=null mNaviBarColor -855310 mIsGetNaviBarColorSuccess true , NavVisible : true , NavTrans : false
02-06 18:14:10.778  3012  8912 D WindowManager: rotationForOrientation, orientationSource=ActivityRecord{23798b2 u0 com.kyowon.literacy.store/com.kyowon.literacy.ui.login.activity.LoginActivity t3648}
02-06 18:14:10.829  3012  8912 V WindowManager: Changing focus from Window{9cfd3d3 u0 com.kyowon.literacy.store/com.kyowon.literacy.ui.login.activity.LoginActivity} to null displayId=0 Callers=com.android.server.wm.RootWindowContainer.updateFocusedWindowLocked:566 com.android.server.wm.WindowManagerService.updateFocusedWindowLocked:6311 com.android.server.wm.DisplayContent.setFocusedApp:6776 com.android.server.wm.ActivityTaskManagerService.setResumedActivityUncheckLocked:6725 
02-06 18:14:10.890  3012  3061 D GameManagerService: notePauseComponent(), received paused-component: com.kyowon.literacy.store
02-06 18:14:10.962  3012  3323 D PkgPredictorService-NapClassifier: Predict result: 86.0,2.0,0.0, - [0_&_com.kyowon.literacy.store, 0_&_kr.co.kyowon.launcher, 0_&_com.android.vending]
02-06 18:14:11.308  3012  3934 V WindowManager: Changing focus from null to Window{9cfd3d3 u0 com.kyowon.literacy.store/com.kyowon.literacy.ui.login.activity.LoginActivity} displayId=0 Callers=com.android.server.wm.RootWindowContainer.updateFocusedWindowLocked:566 com.android.server.wm.WindowManagerService.updateFocusedWindowLocked:6311 com.android.server.wm.ActivityRecord.onRemovedFromDisplay:3878 com.android.server.wm.DisplayContent.removeAppToken:1434 
02-06 18:14:11.310  3012  3934 V ActivityManager: Changed top to 10584,ProcessRecord{e78f8f2 31505:com.kyowon.literacy.store/u0a584}
02-06 18:14:11.314  3012  3934 D MARsPolicyManager: onPackageResumedFG pkgName = com.kyowon.literacy.store, userId = 0
02-06 18:14:11.316  3012  3220 D GameManagerService: onLooperPrepared(), msg: MSG_TASK_FOCUSED, focusedComponent: ComponentInfo{com.kyowon.literacy.store/com.kyowon.literacy.ui.login.activity.LoginActivity}
02-06 18:14:11.316  3012  3220 D GameManagerService:   handleTaskFocused(), pkgName: com.kyowon.literacy.store, clsName: com.kyowon.literacy.ui.login.activity.LoginActivity, userID:0
02-06 18:14:11.317  3012  3934 D WindowManager: rotationForOrientation, orientationSource=ActivityRecord{23798b2 u0 com.kyowon.literacy.store/com.kyowon.literacy.ui.login.activity.LoginActivity t3648}
02-06 18:14:11.319  3012  3934 D MARsPolicyManager: onPackageResumedFG pkgName = com.kyowon.literacy.store, userId = 0
