--------- beginning of main
02-06 18:16:19.592 15428 15428 E .literacy.stor: Not starting debugger since process cannot load the jdwp agent.
02-06 18:16:19.599 15428 15428 D ActivityThread: setConscryptValidator
02-06 18:16:19.600 15428 15428 D ActivityThread: setConscryptValidator - put
--------- beginning of system
02-06 18:16:19.678 15428 15428 D ActivityThread: handleBindApplication()++ app=com.kyowon.literacy.store
02-06 18:16:19.721 15428 15428 W .literacy.stor: JIT profile information will not be recorded: profile file does not exist.
02-06 18:16:19.721 15428 15428 W .literacy.stor: JIT profile information will not be recorded: profile file does not exist.
02-06 18:16:19.721 15428 15428 W .literacy.stor: JIT profile information will not be recorded: profile file does not exist.
02-06 18:16:19.737 15428 15428 D LoadedApk: LoadedApk::makeApplication() appContext=android.app.ContextImpl@c24dd86 appContext.mOpPackageName=com.kyowon.literacy.store appContext.mBasePackageName=com.kyowon.literacy.store appContext.mPackageInfo=android.app.LoadedApk@2d55647
02-06 18:16:19.737 15428 15428 D NetworkSecurityConfig: Using Network Security Config from resource network_security_config debugBuild: false
02-06 18:16:19.747 15428 15428 D NetworkSecurityConfig: Using Network Security Config from resource network_security_config debugBuild: false
02-06 18:16:19.747 15428 15428 I MultiDex: VM with version 2.1.0 has multidex support
02-06 18:16:19.748 15428 15428 I MultiDex: Installing application
02-06 18:16:19.748 15428 15428 I MultiDex: VM has multidex support, MultiDex support library is disabled.
02-06 18:16:19.889 15428 15428 D ActivityThread: handleBindApplication() -- skipGraphicsSupport=false
02-06 18:16:19.941 15428 15428 D AppCompatDelegate: Checking for metadata for AppLocalesMetadataHolderService : Service not found
02-06 18:16:19.967 15428 16909 I AdrenoGLES-0: QUALCOMM build                   : 02e24b95a5, I0bf67f5349
02-06 18:16:19.967 15428 16909 I AdrenoGLES-0: Build Date                       : 11/06/20
02-06 18:16:19.967 15428 16909 I AdrenoGLES-0: OpenGL ES Shader Compiler Version: EV031.32.02.06
02-06 18:16:19.967 15428 16909 I AdrenoGLES-0: Local Branch                     : 
02-06 18:16:19.967 15428 16909 I AdrenoGLES-0: Remote Branch                    : 
02-06 18:16:19.967 15428 16909 I AdrenoGLES-0: Remote Branch                    : 
02-06 18:16:19.967 15428 16909 I AdrenoGLES-0: Reconstruct Branch               : 
02-06 18:16:19.967 15428 16909 I AdrenoGLES-0: Build Config                     : S P 10.0.7 AArch64
02-06 18:16:19.967 15428 16909 I AdrenoGLES-0: Driver Path                      : /vendor/lib64/egl/libGLESv2_adreno.so
02-06 18:16:19.980 15428 16909 I AdrenoGLES-0: PFP: 0x016ee190, ME: 0x00000000
02-06 18:16:20.050 15428 15428 I DecorView: [INFO] isPopOver=false, config=true
02-06 18:16:20.050 15428 15428 I DecorView: updateCaptionType >> DecorView@12c74e8[], isFloating=false, isApplication=true, hasWindowDecorCaption=false, hasWindowControllerCallback=true
02-06 18:16:20.051 15428 15428 D DecorView: setCaptionType = 0, this = DecorView@12c74e8[]
02-06 18:16:20.178 15428 15428 I PlayCore: UID: [10584]  PID: [15428] AppUpdateListenerRegistry : registerListener
02-06 18:16:20.302 15428 15428 I PlayCore: UID: [10584]  PID: [15428] AppUpdateService : requestUpdateInfo(com.kyowon.literacy.store)
02-06 18:16:20.334 15428 16940 I PlayCore: UID: [10584]  PID: [15428] AppUpdateService : Initiate binding to the service.
02-06 18:16:20.380 15428 15428 D InputTransport: Input channel constructed: 'd772774', fd=82
02-06 18:16:20.389 15428 15428 I ViewRootImpl@9f3bd1e[IntroActivity]: setView = com.android.internal.policy.DecorView@12c74e8 TM=true
02-06 18:16:20.391 15428 15428 D InsetsSourceConsumer: setRequestedVisible: visible=false, type=2, host=com.kyowon.literacy.store/com.kyowon.literacy.ui.intro.activity.IntroActivity, from=android.view.InsetsSourceConsumer.hide:236 android.view.InsetsController.collectSourceControls:1172 android.view.InsetsController.controlAnimationUnchecked:1049 android.view.InsetsController.applyAnimation:1417 android.view.InsetsController.hide:984 android.view.InsetsController.hide:967 android.view.PendingInsetsController$HideRequest.replay:238 android.view.PendingInsetsController.replayAndAttach:169 android.view.ViewRootImpl.setView:1544 android.view.WindowManagerGlobal.addView:469 
02-06 18:16:20.392 15428 15428 D InsetsSourceConsumer: setRequestedVisible: visible=false, type=1, host=com.kyowon.literacy.store/com.kyowon.literacy.ui.intro.activity.IntroActivity, from=android.view.InsetsSourceConsumer.hide:236 android.view.InsetsController.collectSourceControls:1172 android.view.InsetsController.controlAnimationUnchecked:1049 android.view.InsetsController.applyAnimation:1417 android.view.InsetsController.hide:984 android.view.InsetsController.hide:967 android.view.PendingInsetsController$HideRequest.replay:238 android.view.PendingInsetsController.replayAndAttach:169 android.view.ViewRootImpl.setView:1544 android.view.WindowManagerGlobal.addView:469 
02-06 18:16:20.392 15428 15428 D InsetsSourceConsumer: setRequestedVisible: visible=false, type=0, host=com.kyowon.literacy.store/com.kyowon.literacy.ui.intro.activity.IntroActivity, from=android.view.InsetsSourceConsumer.hide:236 android.view.InsetsController.collectSourceControls:1172 android.view.InsetsController.controlAnimationUnchecked:1049 android.view.InsetsController.applyAnimation:1417 android.view.InsetsController.hide:984 android.view.InsetsController.hide:967 android.view.PendingInsetsController$HideRequest.replay:238 android.view.PendingInsetsController.replayAndAttach:169 android.view.ViewRootImpl.setView:1544 android.view.WindowManagerGlobal.addView:469 
02-06 18:16:20.410 15428 15428 D ViewRootImpl@9f3bd1e[IntroActivity]: controlInsetsForCompatibility: hideByFlags=0x1, showByFlags=0x0, flags=0x81810580, sysUiVis=0x0, matchParent=true, nonAttachedAppWindow=true
02-06 18:16:20.433 15428 15428 I SurfaceControl: assignNativeObject: nativeObject = 0 Surface(name=null)/@0xc2c51f6 / android.view.SurfaceControl.readFromParcel:1117 android.view.IWindowSession$Stub$Proxy.relayout:1820 android.view.ViewRootImpl.relayoutWindow:9005 android.view.ViewRootImpl.performTraversals:3360 android.view.ViewRootImpl.doTraversal:2618 android.view.ViewRootImpl$TraversalRunnable.run:9971 android.view.Choreographer$CallbackRecord.run:1010 android.view.Choreographer.doCallbacks:809 android.view.Choreographer.doFrame:744 android.view.Choreographer$FrameDisplayEventReceiver.run:995 
02-06 18:16:20.434 15428 15428 I ViewRootImpl@9f3bd1e[IntroActivity]: Relayout returned: old=(0,0,2000,1200) new=(0,0,2000,1200) req=(2000,1200)0 dur=22 res=0x7 s={true -5476376618310504448} ch=true fn=-1
02-06 18:16:20.472 15428 15428 D LicenseClient: Connecting to the licensing service...
02-06 18:16:20.524 15428 15428 I ViewRootImpl@9f3bd1e[IntroActivity]: MSG_RESIZED_REPORT: frame=(0,0,2000,1200) ci=(0,0,0,0) vi=(0,0,0,0) or=2
02-06 18:16:20.578 15428 15428 I SurfaceControl: nativeRelease nativeObject s[-5476376618277115648]
02-06 18:16:20.578 15428 15428 I SurfaceControl: nativeRelease nativeObject e[-5476376618277115648]
02-06 18:16:20.580 15428 15428 I SurfaceControl: assignNativeObject: nativeObject = 0 Surface(name=null)/@0xc2c51f6 / android.view.SurfaceControl.readFromParcel:1117 android.view.IWindowSession$Stub$Proxy.relayout:1820 android.view.ViewRootImpl.relayoutWindow:9005 android.view.ViewRootImpl.performTraversals:3360 android.view.ViewRootImpl.doTraversal:2618 android.view.ViewRootImpl$TraversalRunnable.run:9971 android.view.Choreographer$CallbackRecord.run:1010 android.view.Choreographer.doCallbacks:809 android.view.Choreographer.doFrame:744 android.view.Choreographer$FrameDisplayEventReceiver.run:995 
02-06 18:16:20.581 15428 15428 I SurfaceControl: nativeRelease nativeObject s[-5476376618202817984]
02-06 18:16:20.581 15428 15428 I SurfaceControl: nativeRelease nativeObject e[-5476376618202817984]
02-06 18:16:20.581 15428 15428 I SurfaceControl: nativeRelease nativeObject s[-5476376618202818304]
02-06 18:16:20.581 15428 15428 I SurfaceControl: nativeRelease nativeObject e[-5476376618202818304]
02-06 18:16:20.581 15428 15428 I ViewRootImpl@9f3bd1e[IntroActivity]: Relayout returned: old=(0,0,2000,1200) new=(0,0,2000,1200) req=(2000,1200)0 dur=56 res=0x1 s={true -5476376618310504448} ch=false fn=3
02-06 18:16:20.593 15428 15428 D LicenseClient: Connected to the licensing service.
02-06 18:16:20.599 15428 16964 D LicenseClient: Sending request to license reporting service...
02-06 18:16:20.625 15428 15428 I ViewRootImpl@9f3bd1e[IntroActivity]: MSG_WINDOW_FOCUS_CHANGED 1 1
02-06 18:16:20.625 15428 15428 D InputMethodManager: prepareNavigationBarInfo() DecorView@12c74e8[IntroActivity]
02-06 18:16:20.625 15428 15428 D InputMethodManager: getNavigationBarColor() -855310
02-06 18:16:20.626 15428 15428 D InputMethodManager: prepareNavigationBarInfo() DecorView@12c74e8[IntroActivity]
02-06 18:16:20.626 15428 15428 D InputMethodManager: getNavigationBarColor() -855310
02-06 18:16:20.627 15428 15428 V InputMethodManager: Starting input: tba=com.kyowon.literacy.store ic=null mNaviBarColor -855310 mIsGetNaviBarColorSuccess true , NavVisible : true , NavTrans : false
02-06 18:16:20.628 15428 15428 D InputMethodManager: startInputInner - Id : 0
02-06 18:16:20.628 15428 15428 I InputMethodManager: startInputInner - mService.startInputOrWindowGainedFocus
02-06 18:16:20.646 15428 16893 D InputTransport: Input channel constructed: 'ClientS', fd=88
02-06 18:16:20.893 15428 16964 D LicenseClient: Request to licensing reporting service sent.
02-06 18:16:20.897 15428 16956 I SurfaceControl: nativeRelease nativeObject s[-5476376618277115168]
02-06 18:16:20.897 15428 16956 I SurfaceControl: nativeRelease nativeObject e[-5476376618277115168]
02-06 18:16:20.979 15428 15428 D InputMethodManager: prepareNavigationBarInfo() DecorView@12c74e8[IntroActivity]
02-06 18:16:20.979 15428 15428 D InputMethodManager: getNavigationBarColor() -855310
02-06 18:16:20.979 15428 15428 V InputMethodManager: Starting input: tba=com.kyowon.literacy.store ic=null mNaviBarColor -855310 mIsGetNaviBarColorSuccess true , NavVisible : true , NavTrans : false
02-06 18:16:20.979 15428 15428 D InputMethodManager: startInputInner - Id : 0
02-06 18:16:21.019 15428 15428 I SurfaceControl: nativeRelease nativeObject s[-5476376618277114848]
02-06 18:16:21.019 15428 15428 I SurfaceControl: nativeRelease nativeObject e[-5476376618277114848]
02-06 18:16:21.020 15428 15428 I SurfaceControl: nativeRelease nativeObject s[-5476376618277115648]
02-06 18:16:21.020 15428 15428 I SurfaceControl: nativeRelease nativeObject e[-5476376618277115648]
02-06 18:16:21.020 15428 15428 I PlayCore: UID: [10584]  PID: [15428] AppUpdateService : ServiceConnectionImpl.onServiceConnected(ComponentInfo{com.android.vending/com.google.android.finsky.installservice.DevTriggeredUpdateService})
02-06 18:16:21.022 15428 16940 I PlayCore: UID: [10584]  PID: [15428] AppUpdateService : linkToDeath
02-06 18:16:21.818 15428 15428 I ViewRootImpl@9f3bd1e[IntroActivity]: MSG_WINDOW_FOCUS_CHANGED 0 1
02-06 18:16:21.869 15428 16880 I .literacy.stor: Background young concurrent copying GC freed 83409(3804KB) AllocSpace objects, 3(60KB) LOS objects, 89% free, 2835KB/26MB, paused 173us total 308.551ms
02-06 18:16:22.474 15428 15428 I ViewRootImpl@9f3bd1e[IntroActivity]: stopped(false) old=false
02-06 18:16:22.475 15428 15428 I PlayCore: UID: [10584]  PID: [15428] AppUpdateService : requestUpdateInfo(com.kyowon.literacy.store)
02-06 18:16:22.491 15428 16940 I PlayCore: UID: [10584]  PID: [15428] AppUpdateService : Already connected to the service.
02-06 18:16:22.503 15428 15428 I ViewRootImpl@9f3bd1e[IntroActivity]: MSG_WINDOW_FOCUS_CHANGED 1 1
02-06 18:16:22.503 15428 15428 D InputMethodManager: prepareNavigationBarInfo() DecorView@12c74e8[IntroActivity]
02-06 18:16:22.503 15428 15428 D InputMethodManager: getNavigationBarColor() -855310
02-06 18:16:22.504 15428 15428 D InputMethodManager: prepareNavigationBarInfo() DecorView@12c74e8[IntroActivity]
02-06 18:16:22.504 15428 15428 D InputMethodManager: getNavigationBarColor() -855310
02-06 18:16:22.504 15428 15428 V InputMethodManager: Starting input: tba=com.kyowon.literacy.store ic=null mNaviBarColor -855310 mIsGetNaviBarColorSuccess true , NavVisible : true , NavTrans : false
02-06 18:16:22.504 15428 15428 D InputMethodManager: startInputInner - Id : 0
02-06 18:16:22.504 15428 15428 I InputMethodManager: startInputInner - mService.startInputOrWindowGainedFocus
02-06 18:16:22.511 15428 15428 D InputTransport: Input channel constructed: 'ClientS', fd=86
02-06 18:16:22.511 15428 15428 D InputTransport: Input channel destroyed: 'ClientS', fd=88
02-06 18:16:22.524 15428 15428 I SurfaceControl: nativeRelease nativeObject s[-5476376618277115008]
02-06 18:16:22.524 15428 15428 I SurfaceControl: nativeRelease nativeObject e[-5476376618277115008]
02-06 18:16:22.525 15428 15428 I SurfaceControl: assignNativeObject: nativeObject = 0 Surface(name=null)/@0xc2c51f6 / android.view.SurfaceControl.readFromParcel:1117 android.view.IWindowSession$Stub$Proxy.relayout:1820 android.view.ViewRootImpl.relayoutWindow:9005 android.view.ViewRootImpl.performTraversals:3360 android.view.ViewRootImpl.doTraversal:2618 android.view.ViewRootImpl$TraversalRunnable.run:9971 android.view.Choreographer$CallbackRecord.run:1010 android.view.Choreographer.doCallbacks:809 android.view.Choreographer.doFrame:744 android.view.Choreographer$FrameDisplayEventReceiver.run:995 
02-06 18:16:22.526 15428 15428 I SurfaceControl: nativeRelease nativeObject s[-5476376618277111328]
02-06 18:16:22.526 15428 15428 I SurfaceControl: nativeRelease nativeObject e[-5476376618277111328]
02-06 18:16:22.526 15428 15428 I SurfaceControl: nativeRelease nativeObject s[-5476376618277111808]
02-06 18:16:22.526 15428 15428 I SurfaceControl: nativeRelease nativeObject e[-5476376618277111808]
02-06 18:16:22.526 15428 15428 I SurfaceControl: nativeRelease nativeObject s[-5476376618277111968]
02-06 18:16:22.526 15428 15428 I SurfaceControl: nativeRelease nativeObject e[-5476376618277111968]
02-06 18:16:22.526 15428 15428 I ViewRootImpl@9f3bd1e[IntroActivity]: Relayout returned: old=(0,0,2000,1200) new=(0,0,2000,1200) req=(2000,1200)0 dur=11 res=0x1 s={true -5476376618310504448} ch=false fn=26
02-06 18:16:22.860 15428 16902 I PlayCore: UID: [10584]  PID: [15428] OnRequestInstallCallback : onRequestInfo
02-06 18:16:22.860 15428 16940 I PlayCore: UID: [10584]  PID: [15428] AppUpdateService : Leaving the connection open for other ongoing calls.
02-06 18:16:22.860 15428 16893 I PlayCore: UID: [10584]  PID: [15428] OnRequestInstallCallback : onRequestInfo
02-06 18:16:22.860 15428 16940 I PlayCore: UID: [10584]  PID: [15428] AppUpdateService : Unbind from service.
02-06 18:16:23.198 15428 15428 I ViewRootImpl@9f3bd1e[IntroActivity]: MSG_WINDOW_FOCUS_CHANGED 0 1
02-06 18:16:23.307 15428 15428 I ViewRootImpl@9f3bd1e[IntroActivity]: MSG_WINDOW_FOCUS_CHANGED 1 1
02-06 18:16:23.307 15428 15428 D InputMethodManager: prepareNavigationBarInfo() DecorView@12c74e8[IntroActivity]
02-06 18:16:23.307 15428 15428 D InputMethodManager: getNavigationBarColor() -855310
02-06 18:16:23.307 15428 15428 D InputMethodManager: prepareNavigationBarInfo() DecorView@12c74e8[IntroActivity]
02-06 18:16:23.307 15428 15428 D InputMethodManager: getNavigationBarColor() -855310
02-06 18:16:23.308 15428 15428 V InputMethodManager: Starting input: tba=com.kyowon.literacy.store ic=null mNaviBarColor -855310 mIsGetNaviBarColorSuccess true , NavVisible : true , NavTrans : false
02-06 18:16:23.308 15428 15428 D InputMethodManager: startInputInner - Id : 0
02-06 18:16:23.308 15428 15428 I InputMethodManager: startInputInner - mService.startInputOrWindowGainedFocus
02-06 18:16:23.311 15428 15428 D InputTransport: Input channel constructed: 'ClientS', fd=87
02-06 18:16:23.311 15428 15428 D InputTransport: Input channel destroyed: 'ClientS', fd=86
02-06 18:16:23.372 15428 15428 I ViewRootImpl@9f3bd1e[IntroActivity]: stopped(false) old=false
02-06 18:16:23.373 15428 15428 I PlayCore: UID: [10584]  PID: [15428] AppUpdateService : requestUpdateInfo(com.kyowon.literacy.store)
02-06 18:16:23.373 15428 16940 I PlayCore: UID: [10584]  PID: [15428] AppUpdateService : Initiate binding to the service.
02-06 18:16:23.411 15428 15428 I SurfaceControl: nativeRelease nativeObject s[-5476376618277114848]
02-06 18:16:23.411 15428 15428 I SurfaceControl: nativeRelease nativeObject e[-5476376618277114848]
02-06 18:16:23.413 15428 15428 I SurfaceControl: assignNativeObject: nativeObject = 0 Surface(name=null)/@0xc2c51f6 / android.view.SurfaceControl.readFromParcel:1117 android.view.IWindowSession$Stub$Proxy.relayout:1820 android.view.ViewRootImpl.relayoutWindow:9005 android.view.ViewRootImpl.performTraversals:3360 android.view.ViewRootImpl.doTraversal:2618 android.view.ViewRootImpl$TraversalRunnable.run:9971 android.view.Choreographer$CallbackRecord.run:1010 android.view.Choreographer.doCallbacks:809 android.view.Choreographer.doFrame:744 android.view.Choreographer$FrameDisplayEventReceiver.run:995 
02-06 18:16:23.414 15428 15428 I SurfaceControl: nativeRelease nativeObject s[-5476376618279076384]
02-06 18:16:23.414 15428 15428 I SurfaceControl: nativeRelease nativeObject e[-5476376618279076384]
02-06 18:16:23.414 15428 15428 I SurfaceControl: nativeRelease nativeObject s[-5476376618279076544]
02-06 18:16:23.414 15428 15428 I SurfaceControl: nativeRelease nativeObject e[-5476376618279076544]
02-06 18:16:23.414 15428 15428 I SurfaceControl: nativeRelease nativeObject s[-5476376618277115008]
02-06 18:16:23.414 15428 15428 I SurfaceControl: nativeRelease nativeObject e[-5476376618277115008]
02-06 18:16:23.414 15428 15428 I ViewRootImpl@9f3bd1e[IntroActivity]: Relayout returned: old=(0,0,2000,1200) new=(0,0,2000,1200) req=(2000,1200)0 dur=17 res=0x1 s={true -5476376618310504448} ch=false fn=38
02-06 18:16:23.616 15428 15428 I PlayCore: UID: [10584]  PID: [15428] AppUpdateService : ServiceConnectionImpl.onServiceConnected(ComponentInfo{com.android.vending/com.google.android.finsky.installservice.DevTriggeredUpdateService})
02-06 18:16:23.616 15428 16940 I PlayCore: UID: [10584]  PID: [15428] AppUpdateService : linkToDeath
02-06 18:16:23.733 15428 16884 I PlayCore: UID: [10584]  PID: [15428] OnRequestInstallCallback : onRequestInfo
02-06 18:16:23.734 15428 16940 I PlayCore: UID: [10584]  PID: [15428] AppUpdateService : Unbind from service.
02-06 18:16:25.367 15428 15428 I ViewRootImpl@9f3bd1e[IntroActivity]: MSG_WINDOW_FOCUS_CHANGED 1 1
02-06 18:16:25.367 15428 15428 D InputMethodManager: prepareNavigationBarInfo() DecorView@12c74e8[IntroActivity]
02-06 18:16:25.367 15428 15428 D InputMethodManager: getNavigationBarColor() -855310
02-06 18:16:25.368 15428 15428 D InputMethodManager: prepareNavigationBarInfo() DecorView@12c74e8[IntroActivity]
02-06 18:16:25.368 15428 15428 D InputMethodManager: getNavigationBarColor() -855310
02-06 18:16:25.369 15428 15428 V InputMethodManager: Starting input: tba=com.kyowon.literacy.store ic=null mNaviBarColor -855310 mIsGetNaviBarColorSuccess true , NavVisible : true , NavTrans : false
02-06 18:16:25.369 15428 15428 D InputMethodManager: startInputInner - Id : 0
02-06 18:16:25.369 15428 15428 I InputMethodManager: startInputInner - mService.startInputOrWindowGainedFocus
02-06 18:16:25.380 15428 15428 D InputTransport: Input channel constructed: 'ClientS', fd=88
02-06 18:16:25.380 15428 15428 D InputTransport: Input channel destroyed: 'ClientS', fd=87
02-06 18:16:25.547 15428 17288 D ProfileInstaller: Skipping profile installation for com.kyowon.literacy.store
02-06 18:16:25.700 15428 15428 I ViewRootImpl@9f3bd1e[IntroActivity]: MSG_WINDOW_FOCUS_CHANGED 0 1
02-06 18:16:26.039 15428 15428 I DecorView: [INFO] isPopOver=false, config=true
02-06 18:16:26.039 15428 15428 I DecorView: updateCaptionType >> DecorView@9bb0f08[], isFloating=false, isApplication=true, hasWindowDecorCaption=false, hasWindowControllerCallback=true
02-06 18:16:26.039 15428 15428 D DecorView: setCaptionType = 0, this = DecorView@9bb0f08[]
02-06 18:16:26.231 15428 17298 W LOTTIE  : You have 5 images. Lottie should primarily be used with shapes. If you are using Adobe Illustrator, convert the Illustrator layers to shape layers.
02-06 18:16:26.231 15428 17298 W LOTTIE  : You have 6 images. Lottie should primarily be used with shapes. If you are using Adobe Illustrator, convert the Illustrator layers to shape layers.
02-06 18:16:26.233 15428 17298 W LOTTIE  : You have 7 images. Lottie should primarily be used with shapes. If you are using Adobe Illustrator, convert the Illustrator layers to shape layers.
02-06 18:16:26.233 15428 17298 W LOTTIE  : You have 8 images. Lottie should primarily be used with shapes. If you are using Adobe Illustrator, convert the Illustrator layers to shape layers.
02-06 18:16:26.235 15428 17298 W LOTTIE  : You have 9 images. Lottie should primarily be used with shapes. If you are using Adobe Illustrator, convert the Illustrator layers to shape layers.
02-06 18:16:26.240 15428 17298 W LOTTIE  : You have 10 images. Lottie should primarily be used with shapes. If you are using Adobe Illustrator, convert the Illustrator layers to shape layers.
02-06 18:16:26.243 15428 17298 W LOTTIE  : You have 11 images. Lottie should primarily be used with shapes. If you are using Adobe Illustrator, convert the Illustrator layers to shape layers.
02-06 18:16:26.245 15428 17298 W LOTTIE  : You have 12 images. Lottie should primarily be used with shapes. If you are using Adobe Illustrator, convert the Illustrator layers to shape layers.
02-06 18:16:26.246 15428 17298 W LOTTIE  : You have 13 images. Lottie should primarily be used with shapes. If you are using Adobe Illustrator, convert the Illustrator layers to shape layers.
02-06 18:16:26.247 15428 17298 W LOTTIE  : You have 14 images. Lottie should primarily be used with shapes. If you are using Adobe Illustrator, convert the Illustrator layers to shape layers.
02-06 18:16:26.250 15428 17298 W LOTTIE  : You have 15 images. Lottie should primarily be used with shapes. If you are using Adobe Illustrator, convert the Illustrator layers to shape layers.
02-06 18:16:26.253 15428 17298 W LOTTIE  : You have 16 images. Lottie should primarily be used with shapes. If you are using Adobe Illustrator, convert the Illustrator layers to shape layers.
02-06 18:16:26.255 15428 17298 W LOTTIE  : You have 17 images. Lottie should primarily be used with shapes. If you are using Adobe Illustrator, convert the Illustrator layers to shape layers.
02-06 18:16:26.257 15428 17298 W LOTTIE  : You have 18 images. Lottie should primarily be used with shapes. If you are using Adobe Illustrator, convert the Illustrator layers to shape layers.
02-06 18:16:26.259 15428 17298 W LOTTIE  : You have 19 images. Lottie should primarily be used with shapes. If you are using Adobe Illustrator, convert the Illustrator layers to shape layers.
02-06 18:16:26.260 15428 17298 W LOTTIE  : You have 20 images. Lottie should primarily be used with shapes. If you are using Adobe Illustrator, convert the Illustrator layers to shape layers.
02-06 18:16:26.260 15428 17298 W LOTTIE  : You have 21 images. Lottie should primarily be used with shapes. If you are using Adobe Illustrator, convert the Illustrator layers to shape layers.
02-06 18:16:26.263 15428 17298 W LOTTIE  : You have 22 images. Lottie should primarily be used with shapes. If you are using Adobe Illustrator, convert the Illustrator layers to shape layers.
02-06 18:16:26.267 15428 17298 W LOTTIE  : You have 23 images. Lottie should primarily be used with shapes. If you are using Adobe Illustrator, convert the Illustrator layers to shape layers.
02-06 18:16:26.270 15428 17298 W LOTTIE  : You have 24 images. Lottie should primarily be used with shapes. If you are using Adobe Illustrator, convert the Illustrator layers to shape layers.
02-06 18:16:26.270 15428 17298 W LOTTIE  : You have 25 images. Lottie should primarily be used with shapes. If you are using Adobe Illustrator, convert the Illustrator layers to shape layers.
02-06 18:16:26.271 15428 17298 W LOTTIE  : You have 26 images. Lottie should primarily be used with shapes. If you are using Adobe Illustrator, convert the Illustrator layers to shape layers.
02-06 18:16:26.273 15428 17298 W LOTTIE  : You have 27 images. Lottie should primarily be used with shapes. If you are using Adobe Illustrator, convert the Illustrator layers to shape layers.
02-06 18:16:26.276 15428 17298 W LOTTIE  : You have 28 images. Lottie should primarily be used with shapes. If you are using Adobe Illustrator, convert the Illustrator layers to shape layers.
02-06 18:16:26.280 15428 17298 W LOTTIE  : You have 29 images. Lottie should primarily be used with shapes. If you are using Adobe Illustrator, convert the Illustrator layers to shape layers.
02-06 18:16:26.281 15428 17298 W LOTTIE  : You have 30 images. Lottie should primarily be used with shapes. If you are using Adobe Illustrator, convert the Illustrator layers to shape layers.
02-06 18:16:26.283 15428 17298 W LOTTIE  : You have 31 images. Lottie should primarily be used with shapes. If you are using Adobe Illustrator, convert the Illustrator layers to shape layers.
02-06 18:16:26.287 15428 17298 W LOTTIE  : You have 32 images. Lottie should primarily be used with shapes. If you are using Adobe Illustrator, convert the Illustrator layers to shape layers.
02-06 18:16:26.290 15428 17298 W LOTTIE  : You have 33 images. Lottie should primarily be used with shapes. If you are using Adobe Illustrator, convert the Illustrator layers to shape layers.
02-06 18:16:26.292 15428 17298 W LOTTIE  : You have 34 images. Lottie should primarily be used with shapes. If you are using Adobe Illustrator, convert the Illustrator layers to shape layers.
02-06 18:16:26.293 15428 17298 W LOTTIE  : You have 35 images. Lottie should primarily be used with shapes. If you are using Adobe Illustrator, convert the Illustrator layers to shape layers.
02-06 18:16:26.574 15428 15428 V MediaPlayer-JNI: native_setup
02-06 18:16:26.576 15428 15428 V MediaPlayerNative: constructor
02-06 18:16:26.577 15428 15428 V MediaPlayerNative: setListener
02-06 18:16:26.588 15428 15428 V MediaPlayer-JNI: setVolume: left 1.000000  right 1.000000
02-06 18:16:26.588 15428 15428 V MediaPlayerNative: MediaPlayer::setVolume(1.000000, 1.000000)
02-06 18:16:26.588 15428 15428 V MediaPlayer-JNI: setAuxEffectSendLevel: level 0.000000
02-06 18:16:26.588 15428 15428 V MediaPlayerNative: MediaPlayer::setAuxEffectSendLevel(0.000000)
02-06 18:16:26.588 15428 15428 V MediaPlayer-JNI: setParameter: key 1400
02-06 18:16:26.588 15428 15428 V MediaPlayerNative: MediaPlayer::setParameter(1400)
02-06 18:16:26.589 15428 15428 V MediaPlayer-JNI: set_session_id(): 11289
02-06 18:16:26.589 15428 15428 V MediaPlayerNative: MediaPlayer::setAudioSessionId(11289)
02-06 18:16:26.589 15428 15428 V MediaPlayer-JNI: setDataSourceFD: fd 87
02-06 18:16:26.590 15428 15428 V MediaPlayerNative: setDataSource(87, 80149264, 611808)
02-06 18:16:26.622 15428 15428 V MediaPlayerNative: setVideoSurfaceTexture
02-06 18:16:26.622 15428 15428 V MediaPlayerNative: prepare
02-06 18:16:26.689 15428 17309 V MediaPlayerNative: message received msg=200, ext1=10973, ext2=0
02-06 18:16:26.689 15428 17309 W MediaPlayerNative: info/warning (10973, 0)
02-06 18:16:26.689 15428 17309 V MediaPlayerNative: message received msg=1, ext1=0, ext2=0
02-06 18:16:26.689 15428 17309 V MediaPlayerNative: MediaPlayer::notify() prepared
02-06 18:16:26.689 15428 17309 V MediaPlayerNative: signal application thread
02-06 18:16:26.690 15428 15428 V MediaPlayerNative: prepare complete - status=0
02-06 18:16:26.696 15428 15428 V MediaPlayerNative: invoke 76
02-06 18:16:26.705 15428 15428 V MediaPlayer-JNI: setLooping: 1
02-06 18:16:26.705 15428 15428 V MediaPlayerNative: MediaPlayer::setLooping
02-06 18:16:26.707 15428 15428 V MediaPlayer-JNI: setVolume: left 0.800000  right 0.800000
02-06 18:16:26.707 15428 15428 V MediaPlayerNative: MediaPlayer::setVolume(0.800000, 0.800000)
02-06 18:16:26.707 15428 15428 V MediaPlayer-JNI: start
02-06 18:16:26.707 15428 15428 V MediaPlayerNative: start
02-06 18:16:26.717 15428 15428 D InputTransport: Input channel constructed: '9717ef5', fd=100
02-06 18:16:26.720 15428 15428 I ViewRootImpl@36d3ab1[LoginActivity]: setView = com.android.internal.policy.DecorView@9bb0f08 TM=true
02-06 18:16:26.721 15428 15428 D InsetsSourceConsumer: setRequestedVisible: visible=false, type=2, host=com.kyowon.literacy.store/com.kyowon.literacy.ui.login.activity.LoginActivity, from=android.view.InsetsSourceConsumer.hide:236 android.view.InsetsController.collectSourceControls:1172 android.view.InsetsController.controlAnimationUnchecked:1049 android.view.InsetsController.applyAnimation:1417 android.view.InsetsController.hide:984 android.view.InsetsController.hide:967 android.view.PendingInsetsController$HideRequest.replay:238 android.view.PendingInsetsController.replayAndAttach:169 android.view.ViewRootImpl.setView:1544 android.view.WindowManagerGlobal.addView:469 
02-06 18:16:26.721 15428 15428 D InsetsSourceConsumer: setRequestedVisible: visible=false, type=1, host=com.kyowon.literacy.store/com.kyowon.literacy.ui.login.activity.LoginActivity, from=android.view.InsetsSourceConsumer.hide:236 android.view.InsetsController.collectSourceControls:1172 android.view.InsetsController.controlAnimationUnchecked:1049 android.view.InsetsController.applyAnimation:1417 android.view.InsetsController.hide:984 android.view.InsetsController.hide:967 android.view.PendingInsetsController$HideRequest.replay:238 android.view.PendingInsetsController.replayAndAttach:169 android.view.ViewRootImpl.setView:1544 android.view.WindowManagerGlobal.addView:469 
02-06 18:16:26.721 15428 15428 D InsetsSourceConsumer: setRequestedVisible: visible=false, type=0, host=com.kyowon.literacy.store/com.kyowon.literacy.ui.login.activity.LoginActivity, from=android.view.InsetsSourceConsumer.hide:236 android.view.InsetsController.collectSourceControls:1172 android.view.InsetsController.controlAnimationUnchecked:1049 android.view.InsetsController.applyAnimation:1417 android.view.InsetsController.hide:984 android.view.InsetsController.hide:967 android.view.PendingInsetsController$HideRequest.replay:238 android.view.PendingInsetsController.replayAndAttach:169 android.view.ViewRootImpl.setView:1544 android.view.WindowManagerGlobal.addView:469 
02-06 18:16:26.722 15428 15428 I Choreographer: Skipped 43 frames!  The application may be doing too much work on its main thread.
02-06 18:16:26.751 15428 15428 D ViewRootImpl@36d3ab1[LoginActivity]: controlInsetsForCompatibility: hideByFlags=0x1, showByFlags=0x0, flags=0x81810580, sysUiVis=0x0, matchParent=true, nonAttachedAppWindow=true
02-06 18:16:26.796 15428 15428 I SurfaceControl: assignNativeObject: nativeObject = 0 Surface(name=null)/@0x5e649cd / android.view.SurfaceControl.readFromParcel:1117 android.view.IWindowSession$Stub$Proxy.relayout:1820 android.view.ViewRootImpl.relayoutWindow:9005 android.view.ViewRootImpl.performTraversals:3360 android.view.ViewRootImpl.doTraversal:2618 android.view.ViewRootImpl$TraversalRunnable.run:9971 android.view.Choreographer$CallbackRecord.run:1010 android.view.Choreographer.doCallbacks:809 android.view.Choreographer.doFrame:744 android.view.Choreographer$FrameDisplayEventReceiver.run:995 
02-06 18:16:26.797 15428 15428 I ViewRootImpl@36d3ab1[LoginActivity]: Relayout returned: old=(0,0,2000,1200) new=(0,0,2000,1200) req=(2000,1200)0 dur=45 res=0x7 s={true -5476376618310496256} ch=true fn=-1
02-06 18:16:26.902 15428 16893 V MediaPlayerNative: message received msg=6, ext1=0, ext2=0
02-06 18:16:27.036 15428 16909 I OpenGLRenderer: Davey! duration=1034ms; Flags=1, IntendedVsync=800733002464130, Vsync=800733719130768, OldestInputEvent=9223372036854775807, NewestInputEvent=0, HandleInputStart=800733728850582, AnimationStart=800733728853864, PerformTraversalsStart=800733729495999, DrawStart=800733886633082, SyncQueued=800733889638551, SyncStart=800733895440634, IssueDrawCommandsStart=800733897242614, SwapBuffers=800734025828968, FrameCompleted=800734042676155, DequeueBufferDuration=9773073, QueueBufferDuration=2742240, GpuCompleted=0, 
02-06 18:16:27.057 15428 15428 V MediaPlayerNative: invoke 76
02-06 18:16:27.093 15428 16893 V MediaPlayerNative: message received msg=211, ext1=0, ext2=0
02-06 18:16:27.093 15428 16893 V MediaPlayerNative: message received msg=211, ext1=0, ext2=0
02-06 18:16:27.144 15428 15428 I SurfaceControl: nativeRelease nativeObject s[-5476376618277111328]
02-06 18:16:27.144 15428 15428 I SurfaceControl: nativeRelease nativeObject e[-5476376618277111328]
02-06 18:16:27.144 15428 15428 I SurfaceControl: nativeRelease nativeObject s[-5476376618277111808]
02-06 18:16:27.144 15428 15428 I SurfaceControl: nativeRelease nativeObject e[-5476376618277111808]
02-06 18:16:27.145 15428 15428 I SurfaceControl: nativeRelease nativeObject s[-5476376618277114848]
02-06 18:16:27.145 15428 15428 I SurfaceControl: nativeRelease nativeObject e[-5476376618277114848]
02-06 18:16:27.207 15428 15428 V MediaPlayer-JNI: getCurrentPosition: 166 (msec)
02-06 18:16:27.536 15428 15428 I ViewRootImpl@36d3ab1[LoginActivity]: MSG_WINDOW_FOCUS_CHANGED 1 1
02-06 18:16:27.536 15428 15428 D InputMethodManager: prepareNavigationBarInfo() DecorView@9bb0f08[LoginActivity]
02-06 18:16:27.536 15428 15428 D InputMethodManager: getNavigationBarColor() -855310
02-06 18:16:27.542 15428 15428 D EmergencyMode: [EmergencyManager] android createPackageContext successful: com.kyowon.literacy.store
02-06 18:16:27.577 15428 15428 D InputMethodManager: prepareNavigationBarInfo() DecorView@9bb0f08[LoginActivity]
02-06 18:16:27.577 15428 15428 D InputMethodManager: getNavigationBarColor() -855310
02-06 18:16:27.577 15428 15428 V InputMethodManager: Starting input: tba=com.kyowon.literacy.store ic=null mNaviBarColor -855310 mIsGetNaviBarColorSuccess true , NavVisible : true , NavTrans : false
02-06 18:16:27.577 15428 15428 D InputMethodManager: startInputInner - Id : 0
02-06 18:16:27.577 15428 15428 I InputMethodManager: startInputInner - mService.startInputOrWindowGainedFocus
02-06 18:16:27.585 15428 15428 D InputTransport: Input channel constructed: 'ClientS', fd=104
02-06 18:16:27.585 15428 15428 D InputTransport: Input channel destroyed: 'ClientS', fd=88
02-06 18:16:27.787 15428 15428 I SurfaceControl: nativeRelease nativeObject s[-5476376618202112096]
02-06 18:16:27.787 15428 15428 I SurfaceControl: nativeRelease nativeObject e[-5476376618202112096]
02-06 18:16:27.793 15428 15428 I SurfaceControl: nativeRelease nativeObject s[-5476376618215206592]
02-06 18:16:27.793 15428 15428 I SurfaceControl: nativeRelease nativeObject e[-5476376618215206592]
02-06 18:16:27.793 15428 15428 I SurfaceControl: nativeRelease nativeObject s[-5476376618215206912]
02-06 18:16:27.793 15428 15428 I SurfaceControl: nativeRelease nativeObject e[-5476376618215206912]
02-06 18:16:27.904 15428 15428 I ViewRootImpl@9f3bd1e[IntroActivity]: stopped(true) old=false
02-06 18:16:27.947 15428 15428 I SurfaceControl: nativeRelease nativeObject s[-5476376618277111968]
02-06 18:16:27.947 15428 15428 I SurfaceControl: nativeRelease nativeObject e[-5476376618277111968]
02-06 18:16:27.972 15428 15428 I PlayCore: UID: [10584]  PID: [15428] AppUpdateListenerRegistry : unregisterListener
02-06 18:16:27.997 15428 15428 I ViewRootImpl@9f3bd1e[IntroActivity]: dispatchDetachedFromWindow
02-06 18:16:28.006 15428 15428 D InputTransport: Input channel destroyed: 'd772774', fd=82
02-06 18:16:28.254 15428 15428 V MediaPlayer-JNI: stop
02-06 18:16:28.254 15428 15428 V MediaPlayerNative: stop
02-06 18:16:28.257 15428 17309 V MediaPlayerNative: message received msg=8, ext1=0, ext2=0
02-06 18:16:28.258 15428 15428 V MediaPlayer: resetDrmState:  mDrmInfo=null mDrmProvisioningThread=null mPrepareDrmInProgress=false mActiveDrmScheme=false
02-06 18:16:28.258 15428 15428 V MediaPlayer: cleanDrmObj: mDrmObj=null mDrmSessionId=null
02-06 18:16:28.258 15428 15428 V MediaPlayer-JNI: release
02-06 18:16:28.258 15428 15428 V MediaPlayerNative: setListener
02-06 18:16:28.258 15428 15428 V MediaPlayerNative: disconnect
02-06 18:16:28.258 15428 17309 V MediaPlayerNative: notify(8, 0, 0) callback on disconnected mediaplayer
02-06 18:16:28.259 15428 17309 V MediaPlayerNative: message received msg=211, ext1=0, ext2=0
02-06 18:16:28.259 15428 17309 V MediaPlayerNative: notify(211, 0, 0) callback on disconnected mediaplayer
02-06 18:16:28.274 15428 15428 V MediaPlayerNative: destructor
02-06 18:16:28.278 15428 15428 V MediaPlayerNative: disconnect
02-06 18:16:28.486 15428 15428 I ViewRootImpl@36d3ab1[LoginActivity]: MSG_WINDOW_FOCUS_CHANGED 0 1
02-06 18:16:28.840 15428 15428 I ViewRootImpl@36d3ab1[LoginActivity]: stopped(false) old=false
02-06 18:16:28.841 15428 15428 V MediaPlayer-JNI: native_setup
02-06 18:16:28.841 15428 15428 V MediaPlayerNative: constructor
02-06 18:16:28.842 15428 15428 V MediaPlayerNative: setListener
02-06 18:16:28.867 15428 15428 V MediaPlayer-JNI: setVolume: left 1.000000  right 1.000000
02-06 18:16:28.867 15428 15428 V MediaPlayerNative: MediaPlayer::setVolume(1.000000, 1.000000)
02-06 18:16:28.867 15428 15428 V MediaPlayer-JNI: setAuxEffectSendLevel: level 0.000000
02-06 18:16:28.867 15428 15428 V MediaPlayerNative: MediaPlayer::setAuxEffectSendLevel(0.000000)
02-06 18:16:28.867 15428 15428 V MediaPlayer-JNI: setParameter: key 1400
02-06 18:16:28.867 15428 15428 V MediaPlayerNative: MediaPlayer::setParameter(1400)
02-06 18:16:28.867 15428 15428 V MediaPlayer-JNI: set_session_id(): 11305
02-06 18:16:28.867 15428 15428 V MediaPlayerNative: MediaPlayer::setAudioSessionId(11305)
02-06 18:16:28.867 15428 15428 V MediaPlayer-JNI: setDataSourceFD: fd 82
02-06 18:16:28.867 15428 15428 V MediaPlayerNative: setDataSource(82, 80149264, 611808)
02-06 18:16:28.878 15428 15428 V MediaPlayerNative: setVideoSurfaceTexture
02-06 18:16:28.878 15428 15428 V MediaPlayerNative: prepare
02-06 18:16:28.901 15428 17309 V MediaPlayerNative: message received msg=200, ext1=10973, ext2=0
02-06 18:16:28.901 15428 17309 W MediaPlayerNative: info/warning (10973, 0)
02-06 18:16:28.906 15428 17309 V MediaPlayerNative: message received msg=1, ext1=0, ext2=0
02-06 18:16:28.906 15428 17309 V MediaPlayerNative: MediaPlayer::notify() prepared
02-06 18:16:28.906 15428 17309 V MediaPlayerNative: signal application thread
02-06 18:16:28.906 15428 15428 V MediaPlayerNative: prepare complete - status=0
02-06 18:16:28.913 15428 15428 V MediaPlayerNative: invoke 76
02-06 18:16:28.913 15428 15428 V MediaPlayer-JNI: setLooping: 1
02-06 18:16:28.914 15428 15428 V MediaPlayerNative: MediaPlayer::setLooping
02-06 18:16:28.914 15428 15428 V MediaPlayer-JNI: setVolume: left 0.800000  right 0.800000
02-06 18:16:28.914 15428 15428 V MediaPlayerNative: MediaPlayer::setVolume(0.800000, 0.800000)
02-06 18:16:28.914 15428 15428 V MediaPlayer-JNI: start
02-06 18:16:28.914 15428 15428 V MediaPlayerNative: start
02-06 18:16:28.948 15428 15428 I SurfaceControl: nativeRelease nativeObject s[-5476376618277102208]
02-06 18:16:28.948 15428 15428 I SurfaceControl: nativeRelease nativeObject e[-5476376618277102208]
02-06 18:16:28.950 15428 15428 I SurfaceControl: assignNativeObject: nativeObject = 0 Surface(name=null)/@0x5e649cd / android.view.SurfaceControl.readFromParcel:1117 android.view.IWindowSession$Stub$Proxy.relayout:1820 android.view.ViewRootImpl.relayoutWindow:9005 android.view.ViewRootImpl.performTraversals:3360 android.view.ViewRootImpl.doTraversal:2618 android.view.ViewRootImpl$TraversalRunnable.run:9971 android.view.Choreographer$CallbackRecord.run:1010 android.view.Choreographer.doCallbacks:809 android.view.Choreographer.doFrame:744 android.view.Choreographer$FrameDisplayEventReceiver.run:995 
02-06 18:16:28.951 15428 15428 I SurfaceControl: nativeRelease nativeObject s[-5476376618202113696]
02-06 18:16:28.951 15428 15428 I SurfaceControl: nativeRelease nativeObject e[-5476376618202113696]
02-06 18:16:28.951 15428 15428 I SurfaceControl: nativeRelease nativeObject s[-5476376618202111776]
02-06 18:16:28.951 15428 15428 I SurfaceControl: nativeRelease nativeObject e[-5476376618202111776]
02-06 18:16:28.951 15428 15428 I SurfaceControl: nativeRelease nativeObject s[-5476376618202111936]
02-06 18:16:28.951 15428 15428 I SurfaceControl: nativeRelease nativeObject e[-5476376618202111936]
02-06 18:16:28.951 15428 15428 I ViewRootImpl@36d3ab1[LoginActivity]: Relayout returned: old=(0,0,2000,1200) new=(0,0,2000,1200) req=(2000,1200)0 dur=8 res=0x1 s={true -5476376618310496256} ch=false fn=24
02-06 18:16:28.953 15428 15428 I ViewRootImpl@36d3ab1[LoginActivity]: MSG_WINDOW_FOCUS_CHANGED 1 1
02-06 18:16:28.953 15428 15428 D InputMethodManager: prepareNavigationBarInfo() DecorView@9bb0f08[LoginActivity]
02-06 18:16:28.953 15428 15428 D InputMethodManager: getNavigationBarColor() -855310
02-06 18:16:28.955 15428 15428 D InputMethodManager: prepareNavigationBarInfo() DecorView@9bb0f08[LoginActivity]
02-06 18:16:28.955 15428 15428 D InputMethodManager: getNavigationBarColor() -855310
02-06 18:16:28.955 15428 15428 V InputMethodManager: Starting input: tba=com.kyowon.literacy.store ic=null mNaviBarColor -855310 mIsGetNaviBarColorSuccess true , NavVisible : true , NavTrans : false
02-06 18:16:28.955 15428 15428 D InputMethodManager: startInputInner - Id : 0
02-06 18:16:28.955 15428 15428 I InputMethodManager: startInputInner - mService.startInputOrWindowGainedFocus
02-06 18:16:28.957 15428 15428 D InputTransport: Input channel constructed: 'ClientS', fd=91
02-06 18:16:28.957 15428 15428 D InputTransport: Input channel destroyed: 'ClientS', fd=104
02-06 18:16:28.957 15428 15428 V MediaPlayerNative: invoke 76
02-06 18:16:29.048 15428 17309 V MediaPlayerNative: message received msg=6, ext1=0, ext2=0
02-06 18:16:29.144 15428 17309 V MediaPlayerNative: message received msg=211, ext1=0, ext2=0
02-06 18:16:29.144 15428 17309 V MediaPlayerNative: message received msg=211, ext1=0, ext2=0
02-06 18:16:29.247 15428 15428 V MediaPlayer-JNI: getCurrentPosition: 164 (msec)
02-06 18:16:31.427 15428 15428 V MediaPlayer-JNI: stop
02-06 18:16:31.427 15428 15428 V MediaPlayerNative: stop
02-06 18:16:31.429 15428 15428 V MediaPlayer: resetDrmState:  mDrmInfo=null mDrmProvisioningThread=null mPrepareDrmInProgress=false mActiveDrmScheme=false
02-06 18:16:31.429 15428 15428 V MediaPlayer: cleanDrmObj: mDrmObj=null mDrmSessionId=null
02-06 18:16:31.429 15428 15428 V MediaPlayer-JNI: release
02-06 18:16:31.429 15428 15428 V MediaPlayerNative: setListener
02-06 18:16:31.429 15428 15428 V MediaPlayerNative: disconnect
02-06 18:16:31.430 15428 17309 V MediaPlayerNative: message received msg=8, ext1=0, ext2=0
02-06 18:16:31.430 15428 17309 V MediaPlayerNative: notify(8, 0, 0) callback on disconnected mediaplayer
02-06 18:16:31.430 15428 17309 V MediaPlayerNative: message received msg=211, ext1=0, ext2=0
02-06 18:16:31.430 15428 17309 V MediaPlayerNative: notify(211, 0, 0) callback on disconnected mediaplayer
02-06 18:16:31.455 15428 15428 V MediaPlayerNative: destructor
02-06 18:16:31.456 15428 15428 V MediaPlayerNative: disconnect
02-06 18:16:31.541 15428 15428 I ViewRootImpl@36d3ab1[LoginActivity]: MSG_WINDOW_FOCUS_CHANGED 0 1
02-06 18:16:31.837 15428 15428 I ViewRootImpl@36d3ab1[LoginActivity]: MSG_WINDOW_FOCUS_CHANGED 0 1
02-06 18:16:31.890 15428 15428 I ViewRootImpl@36d3ab1[LoginActivity]: MSG_WINDOW_FOCUS_CHANGED 0 1
02-06 18:16:32.032 15428 15428 I SurfaceControl: nativeRelease nativeObject s[-5476376618277115808]
02-06 18:16:32.033 15428 15428 I SurfaceControl: nativeRelease nativeObject e[-5476376618277115808]
02-06 18:16:32.033 15428 15428 I SurfaceControl: nativeRelease nativeObject s[-5476376618277115968]
02-06 18:16:32.033 15428 15428 I SurfaceControl: nativeRelease nativeObject e[-5476376618277115968]
02-06 18:16:32.033 15428 15428 I SurfaceControl: nativeRelease nativeObject s[-5476376618277102208]
02-06 18:16:32.033 15428 15428 I SurfaceControl: nativeRelease nativeObject e[-5476376618277102208]
02-06 18:16:32.035 15428 15428 I ViewRootImpl@36d3ab1[LoginActivity]: MSG_RESIZED_REPORT: frame=(0,0,2000,1200) ci=(0,36,0,72) vi=(0,36,0,72) or=2
02-06 18:16:32.103 15428 15428 I SurfaceControl: nativeRelease nativeObject s[-5476376618277116608]
02-06 18:16:32.103 15428 15428 I SurfaceControl: nativeRelease nativeObject e[-5476376618277116608]
02-06 18:16:32.105 15428 15428 I SurfaceControl: assignNativeObject: nativeObject = 0 Surface(name=null)/@0x5e649cd / android.view.SurfaceControl.readFromParcel:1117 android.view.IWindowSession$Stub$Proxy.relayout:1820 android.view.ViewRootImpl.relayoutWindow:9005 android.view.ViewRootImpl.performTraversals:3360 android.view.ViewRootImpl.doTraversal:2618 android.view.ViewRootImpl$TraversalRunnable.run:9971 android.view.Choreographer$CallbackRecord.run:1010 android.view.Choreographer.doCallbacks:809 android.view.Choreographer.doFrame:744 android.view.Choreographer$FrameDisplayEventReceiver.run:995 
02-06 18:16:32.107 15428 15428 I SurfaceControl: nativeRelease nativeObject s[-5476376618202113536]
02-06 18:16:32.107 15428 15428 I SurfaceControl: nativeRelease nativeObject e[-5476376618202113536]
02-06 18:16:32.107 15428 15428 I ViewRootImpl@36d3ab1[LoginActivity]: Relayout returned: old=(0,0,2000,1200) new=(0,0,2000,1200) req=(2000,1200)0 dur=12 res=0x1 s={true -5476376618310496256} ch=false fn=84
02-06 18:16:32.392 15428 15428 I SurfaceControl: nativeRelease nativeObject s[-5476376618277116608]
02-06 18:16:32.392 15428 15428 I SurfaceControl: nativeRelease nativeObject e[-5476376618277116608]
02-06 18:16:32.446 15428 15428 I ViewRootImpl@36d3ab1[LoginActivity]: MSG_WINDOW_FOCUS_CHANGED 1 1
02-06 18:16:32.447 15428 15428 D InputMethodManager: prepareNavigationBarInfo() DecorView@9bb0f08[LoginActivity]
02-06 18:16:32.447 15428 15428 D InputMethodManager: getNavigationBarColor() -855310
02-06 18:16:32.448 15428 15428 D InputMethodManager: prepareNavigationBarInfo() DecorView@9bb0f08[LoginActivity]
02-06 18:16:32.448 15428 15428 D InputMethodManager: getNavigationBarColor() -855310
02-06 18:16:32.448 15428 15428 V InputMethodManager: Starting input: tba=com.kyowon.literacy.store ic=null mNaviBarColor -855310 mIsGetNaviBarColorSuccess true , NavVisible : true , NavTrans : false
02-06 18:16:32.448 15428 15428 D InputMethodManager: startInputInner - Id : 0
02-06 18:16:32.448 15428 15428 I InputMethodManager: startInputInner - mService.startInputOrWindowGainedFocus
02-06 18:16:32.529 15428 15428 D InputTransport: Input channel constructed: 'ClientS', fd=90
02-06 18:16:32.529 15428 15428 D InputTransport: Input channel destroyed: 'ClientS', fd=91
02-06 18:16:32.536 15428 15428 I ViewRootImpl@36d3ab1[LoginActivity]: stopped(false) old=false
02-06 18:16:32.537 15428 15428 V MediaPlayer-JNI: native_setup
02-06 18:16:32.537 15428 15428 V MediaPlayerNative: constructor
02-06 18:16:32.538 15428 15428 V MediaPlayerNative: setListener
02-06 18:16:32.541 15428 15428 V MediaPlayer-JNI: setVolume: left 1.000000  right 1.000000
02-06 18:16:32.541 15428 15428 V MediaPlayerNative: MediaPlayer::setVolume(1.000000, 1.000000)
02-06 18:16:32.541 15428 15428 V MediaPlayer-JNI: setAuxEffectSendLevel: level 0.000000
02-06 18:16:32.541 15428 15428 V MediaPlayerNative: MediaPlayer::setAuxEffectSendLevel(0.000000)
02-06 18:16:32.541 15428 15428 V MediaPlayer-JNI: setParameter: key 1400
02-06 18:16:32.541 15428 15428 V MediaPlayerNative: MediaPlayer::setParameter(1400)
02-06 18:16:32.541 15428 15428 V MediaPlayer-JNI: set_session_id(): 11321
02-06 18:16:32.541 15428 15428 V MediaPlayerNative: MediaPlayer::setAudioSessionId(11321)
02-06 18:16:32.541 15428 15428 V MediaPlayer-JNI: setDataSourceFD: fd 82
02-06 18:16:32.541 15428 15428 V MediaPlayerNative: setDataSource(82, 80149264, 611808)
02-06 18:16:32.557 15428 15428 V MediaPlayerNative: setVideoSurfaceTexture
02-06 18:16:32.557 15428 15428 V MediaPlayerNative: prepare
02-06 18:16:32.587 15428 16902 V MediaPlayerNative: message received msg=200, ext1=10973, ext2=0
02-06 18:16:32.587 15428 16902 W MediaPlayerNative: info/warning (10973, 0)
02-06 18:16:32.645 15428 17309 V MediaPlayerNative: message received msg=1, ext1=0, ext2=0
02-06 18:16:32.645 15428 17309 V MediaPlayerNative: MediaPlayer::notify() prepared
02-06 18:16:32.645 15428 17309 V MediaPlayerNative: signal application thread
02-06 18:16:32.645 15428 15428 V MediaPlayerNative: prepare complete - status=0
02-06 18:16:32.677 15428 15428 V MediaPlayerNative: invoke 76
02-06 18:16:32.680 15428 15428 V MediaPlayer-JNI: setLooping: 1
02-06 18:16:32.680 15428 15428 V MediaPlayerNative: MediaPlayer::setLooping
02-06 18:16:32.681 15428 15428 V MediaPlayer-JNI: setVolume: left 0.800000  right 0.800000
02-06 18:16:32.681 15428 15428 V MediaPlayerNative: MediaPlayer::setVolume(0.800000, 0.800000)
02-06 18:16:32.683 15428 15428 V MediaPlayer-JNI: start
02-06 18:16:32.683 15428 15428 V MediaPlayerNative: start
02-06 18:16:32.705 15428 15428 V MediaPlayerNative: invoke 76
02-06 18:16:32.749 15428 16956 I SurfaceControl: nativeRelease nativeObject s[-5476376618277116608]
02-06 18:16:32.749 15428 16956 I SurfaceControl: nativeRelease nativeObject e[-5476376618277116608]
02-06 18:16:32.750 15428 16956 I SurfaceControl: nativeRelease nativeObject s[-5476376618202113536]
02-06 18:16:32.750 15428 16956 I SurfaceControl: nativeRelease nativeObject e[-5476376618202113536]
02-06 18:16:32.827 15428 17309 V MediaPlayerNative: message received msg=6, ext1=0, ext2=0
02-06 18:16:32.988 15428 17309 V MediaPlayerNative: message received msg=211, ext1=0, ext2=0
02-06 18:16:32.989 15428 15428 V MediaPlayer-JNI: getCurrentPosition: 52 (msec)
02-06 18:16:32.990 15428 17309 V MediaPlayerNative: message received msg=211, ext1=0, ext2=0
