02-06 17:44:41.058 20609 25736 D SyncCaptureSessionImpl: [androidx.camera.camera2.internal.SynchronizedCaptureSessionImpl@f19423e] onClosed()
02-06 17:44:42.140 20609 20609 I ViewRootImpl@3987d4b[LearningActivity]: ViewPostIme pointer 0
02-06 17:44:42.158 20609 20609 I ViewRootImpl@3987d4b[LearningActivity]: ViewPostIme pointer 1
02-06 17:44:42.187 20609 20609 I ViewRootImpl@3987d4b[LearningActivity]: dispatchDetachedFromWindow
02-06 17:44:42.187 20609 20609 I SurfaceControl: nativeRelease nativeObject s[-5476376620287550368]
02-06 17:44:42.187 20609 20609 I SurfaceControl: nativeRelease nativeObject e[-5476376620287550368]
02-06 17:44:42.207 20609 20609 D InputTransport: Input channel destroyed: '8067117', fd=222
02-06 17:44:42.214 20609 20609 I SurfaceControl: nativeRelease nativeObject s[-5476376618202105536]
02-06 17:44:42.214 20609 20609 I SurfaceControl: nativeRelease nativeObject e[-5476376618202105536]
02-06 17:44:42.219 20609 20609 V MediaPlayer-JNI: stop
02-06 17:44:42.220 20609 20609 V MediaPlayerNative: stop
02-06 17:44:42.221 20609 24623 V MediaPlayerNative: message received msg=8, ext1=0, ext2=0
02-06 17:44:42.221 20609 24623 V MediaPlayerNative: message received msg=211, ext1=0, ext2=0
02-06 17:44:42.222 20609 20609 V MediaPlayer: resetDrmState:  mDrmInfo=null mDrmProvisioningThread=null mPrepareDrmInProgress=false mActiveDrmScheme=false
02-06 17:44:42.222 20609 20609 V MediaPlayer: cleanDrmObj: mDrmObj=null mDrmSessionId=null
02-06 17:44:42.222 20609 20609 V MediaPlayer-JNI: release
02-06 17:44:42.222 20609 20609 V MediaPlayerNative: setListener
02-06 17:44:42.222 20609 20609 V MediaPlayerNative: disconnect
02-06 17:44:42.241 20609 20609 V MediaPlayerNative: destructor
02-06 17:44:42.241 20609 20609 V MediaPlayerNative: disconnect
02-06 17:44:42.250 20609 20609 I SurfaceControl: nativeRelease nativeObject s[-5476376620296907296]
02-06 17:44:42.250 20609 20609 I SurfaceControl: nativeRelease nativeObject e[-5476376620296907296]
02-06 17:44:42.250 20609 20609 I SurfaceControl: nativeRelease nativeObject s[-5476376620296912736]
02-06 17:44:42.250 20609 20609 I SurfaceControl: nativeRelease nativeObject e[-5476376620296912736]
02-06 17:44:42.250 20609 20609 W MediaPlayer: mediaplayer went away with unhandled events
02-06 17:44:42.250 20609 20609 W MediaPlayer: mediaplayer went away with unhandled events
02-06 17:44:42.263 20609 25730 D TransportRuntime.SQLiteEventStore: Storing event with priority=DEFAULT, name=FIREBASE_ML_SDK for destination cct
02-06 17:44:42.265 20609 25730 D TransportRuntime.JobInfoScheduler: Upload for context TransportContext(cct, DEFAULT, MSRodHRwczovL2ZpcmViYXNlbG9nZ2luZy5nb29nbGVhcGlzLmNvbS92MGNjL2xvZy9iYXRjaD9mb3JtYXQ9anNvbl9wcm90bzNc) is already scheduled. Returning...
02-06 17:44:42.269 20609 20609 D DynamicRangeResolver: Resolved dynamic range for use case androidx.camera.core.Preview-6a1011fd-6629-40c4-a6fb-e38d373e10c5 to no compatible HDR dynamic ranges.
02-06 17:44:42.269 20609 20609 D DynamicRangeResolver: DynamicRange@51dc619{encoding=UNSPECIFIED, bitDepth=0}
02-06 17:44:42.269 20609 20609 D DynamicRangeResolver: ->
02-06 17:44:42.269 20609 20609 D DynamicRangeResolver: DynamicRange@c20c160{encoding=SDR, bitDepth=8}
02-06 17:44:42.270 20609 20609 D CameraQuirks: camera2 CameraQuirks = AfRegionFlipHorizontallyQuirk
02-06 17:44:42.270 20609 20609 D CameraQuirks: camera2 CameraQuirks = AfRegionFlipHorizontallyQuirk
02-06 17:44:42.272 20609 20609 D DeferrableSurface: Surface created[total_surfaces=1, used_surfaces=0](androidx.camera.core.processing.SurfaceEdge$SettableSurface@288f283}
02-06 17:44:42.273 20609 20609 D DeferrableSurface: Surface created[total_surfaces=2, used_surfaces=0](androidx.camera.core.SurfaceRequest$2@ade33df}
02-06 17:44:42.274 20609 20609 D DeferrableSurface: New surface in use[total_surfaces=2, used_surfaces=1](androidx.camera.core.SurfaceRequest$2@ade33df}
02-06 17:44:42.274 20609 20609 D DeferrableSurface: use count+1, useCount=1 androidx.camera.core.SurfaceRequest$2@ade33df
02-06 17:44:42.278 20609 20609 D DeferrableSurface: Surface created[total_surfaces=3, used_surfaces=1](androidx.camera.core.impl.ImmediateSurface@772ab18}
02-06 17:44:42.279 20609 25745 D Camera2CameraImpl: {Camera@140c78a[id=1]} Use case androidx.camera.core.Preview-6a1011fd-6629-40c4-a6fb-e38d373e10c59457383 ACTIVE
02-06 17:44:42.279 20609 20609 I ViewRootImpl@e805f7a[LearningActivity]: MSG_WINDOW_FOCUS_CHANGED 1 1
02-06 17:44:42.279 20609 25745 D UseCaseAttachState: Active and attached use case: [] for camera: 1
02-06 17:44:42.279 20609 20609 D InputMethodManager: prepareNavigationBarInfo() DecorView@487a3c0[LearningActivity]
02-06 17:44:42.279 20609 20609 D InputMethodManager: getNavigationBarColor() -855310
02-06 17:44:42.280 20609 25745 D Camera2CameraImpl: {Camera@140c78a[id=1]} Use case androidx.camera.core.ImageAnalysis-9166ef14-3cfc-4013-8d6c-fdf5fab7c71852832916 ACTIVE
02-06 17:44:42.281 20609 20609 D InputMethodManager: prepareNavigationBarInfo() DecorView@487a3c0[LearningActivity]
02-06 17:44:42.281 20609 20609 D InputMethodManager: getNavigationBarColor() -855310
02-06 17:44:42.281 20609 20609 V InputMethodManager: Starting input: tba=com.kyowon.literacy.store ic=null mNaviBarColor -855310 mIsGetNaviBarColorSuccess true , NavVisible : true , NavTrans : false
02-06 17:44:42.281 20609 20609 D InputMethodManager: startInputInner - Id : 0
02-06 17:44:42.281 20609 20609 I InputMethodManager: startInputInner - mService.startInputOrWindowGainedFocus
02-06 17:44:42.281 20609 25745 D UseCaseAttachState: Active and attached use case: [] for camera: 1
02-06 17:44:42.282 20609 25745 D Camera2CameraImpl: {Camera@140c78a[id=1]} Use cases [androidx.camera.core.Preview-6a1011fd-6629-40c4-a6fb-e38d373e10c59457383, androidx.camera.core.ImageAnalysis-9166ef14-3cfc-4013-8d6c-fdf5fab7c71852832916] now ATTACHED
02-06 17:44:42.282 20609 25745 D Camera2CameraControlImp: setActive: isActive = true
02-06 17:44:42.283 20609 20609 D InputTransport: Input channel constructed: 'ClientS', fd=220
02-06 17:44:42.283 20609 20609 D InputTransport: Input channel destroyed: 'ClientS', fd=251
02-06 17:44:42.283 20609 20609 D PreviewView: Surface requested by Preview.
02-06 17:44:42.284 20609 20609 D PreviewView: Preview transformation info updated. TransformationInfo{getCropRect=Rect(0, 0 - 1600, 1200), getRotationDegrees=0, getTargetRotation=-1, hasCameraTransform=true, getSensorToBufferTransform=Matrix{[0.61728394, 0.0, -0.0][0.0, 0.61728394, -0.0][0.0, 0.0, 1.0]}, isMirroring=true}
02-06 17:44:42.284 20609 20609 D PreviewTransform: Transformation info set: TransformationInfo{getCropRect=Rect(0, 0 - 1600, 1200), getRotationDegrees=0, getTargetRotation=-1, hasCameraTransform=true, getSensorToBufferTransform=Matrix{[0.61728394, 0.0, -0.0][0.0, 0.61728394, -0.0][0.0, 0.0, 1.0]}, isMirroring=true} 1600x1200 true
02-06 17:44:42.284 20609 25745 D UseCaseAttachState: All use case: [androidx.camera.core.Preview-6a1011fd-6629-40c4-a6fb-e38d373e10c59457383, androidx.camera.core.ImageAnalysis-9166ef14-3cfc-4013-8d6c-fdf5fab7c71852832916] for camera: 1
02-06 17:44:42.286 20609 20609 D SurfaceViewImpl: Request canceled: androidx.camera.core.SurfaceRequest@449fcde
02-06 17:44:42.286 20609 20609 D SurfaceViewImpl: Surface set on Preview.
02-06 17:44:42.287 20609 25745 D UseCaseAttachState: Active and attached use case: [androidx.camera.core.Preview-6a1011fd-6629-40c4-a6fb-e38d373e10c59457383, androidx.camera.core.ImageAnalysis-9166ef14-3cfc-4013-8d6c-fdf5fab7c71852832916] for camera: 1
02-06 17:44:42.291 20609 25745 D Camera2CameraImpl: {Camera@140c78a[id=1]} Resetting Capture Session
02-06 17:44:42.292 20609 25745 D Camera2CameraImpl: {Camera@140c78a[id=1]} Skipping Capture Session state check due to current camera state: INITIALIZED and previous session status: false
02-06 17:44:42.293 20609 25745 D Camera2CameraImpl: {Camera@140c78a[id=1]} Releasing session in state INITIALIZED
02-06 17:44:42.298 20609 25745 D Camera2CameraImpl: {Camera@140c78a[id=1]} Attempting to force open the camera.
02-06 17:44:42.299 20609 25745 D CameraStateRegistry: tryOpenCamera(Camera@140c78a[id=1]) [Available Cameras: 1, Already Open: false (Previous state: CLOSED)] --> SUCCESS
02-06 17:44:42.300 20609 25745 D CameraStateRegistry: Recalculating open cameras:
02-06 17:44:42.300 20609 25745 D CameraStateRegistry: Camera                                       State                 
02-06 17:44:42.300 20609 25745 D CameraStateRegistry: -------------------------------------------------------------------
02-06 17:44:42.300 20609 25745 D CameraStateRegistry: Camera@6d7c300[id=0]                         UNKNOWN               
02-06 17:44:42.300 20609 25745 D CameraStateRegistry: Camera@140c78a[id=1]                         OPENING               
02-06 17:44:42.300 20609 25745 D CameraStateRegistry: -------------------------------------------------------------------
02-06 17:44:42.300 20609 25745 D CameraStateRegistry: Open count: 1 (Max allowed: 1)
02-06 17:44:42.300 20609 25745 D Camera2CameraImpl: {Camera@140c78a[id=1]} Opening camera.
02-06 17:44:42.300 20609 25745 D Camera2CameraImpl: {Camera@140c78a[id=1]} Transitioning camera internal state: INITIALIZED --> OPENING
02-06 17:44:42.301 20609 20609 I SurfaceControl: nativeRelease nativeObject s[-5476376620287557888]
02-06 17:44:42.301 20609 20609 I SurfaceControl: nativeRelease nativeObject e[-5476376620287557888]
02-06 17:44:42.301 20609 20609 I SurfaceControl: nativeRelease nativeObject s[-5476376620287548928]
02-06 17:44:42.301 20609 20609 I SurfaceControl: nativeRelease nativeObject e[-5476376620287548928]
02-06 17:44:42.301 20609 25745 D CameraStateMachine: New public camera state CameraState{type=OPENING, error=null} from OPENING and null
02-06 17:44:42.301 20609 20609 I SurfaceControl: nativeRelease nativeObject s[-5476376618202105376]
02-06 17:44:42.301 20609 20609 I SurfaceControl: nativeRelease nativeObject e[-5476376618202105376]
02-06 17:44:42.302 20609 25745 D CameraStateMachine: Publishing new public camera state CameraState{type=OPENING, error=null}
02-06 17:44:42.303 20609 25745 D UseCaseAttachState: All use case: [androidx.camera.core.Preview-6a1011fd-6629-40c4-a6fb-e38d373e10c59457383, androidx.camera.core.ImageAnalysis-9166ef14-3cfc-4013-8d6c-fdf5fab7c71852832916] for camera: 1
02-06 17:44:42.327 20609 25287 I CameraManagerGlobal: postSingleUpdate device: camera id 1 status STATUS_NOT_AVAILABLE
02-06 17:44:42.327 20609 25287 I CameraManagerGlobal: postSingleUpdate device: camera id 1 status STATUS_NOT_AVAILABLE
02-06 17:44:42.334 20609 25287 I CameraManagerGlobal: Camera 1 facing CAMERA_FACING_FRONT state now CAMERA_STATE_OPEN for client com.kyowon.literacy.store API Level 2
02-06 17:44:42.401 20609 25745 D Camera2CameraImpl: {Camera@140c78a[id=1]} Use case androidx.camera.core.Preview-6a1011fd-6629-40c4-a6fb-e38d373e10c59457383 ACTIVE
02-06 17:44:42.403 20609 25745 D UseCaseAttachState: Active and attached use case: [androidx.camera.core.Preview-6a1011fd-6629-40c4-a6fb-e38d373e10c59457383, androidx.camera.core.ImageAnalysis-9166ef14-3cfc-4013-8d6c-fdf5fab7c71852832916] for camera: 1
02-06 17:44:42.409 20609 25745 D Camera2CameraImpl: {Camera@140c78a[id=1]} Use case androidx.camera.core.ImageAnalysis-9166ef14-3cfc-4013-8d6c-fdf5fab7c71852832916 ACTIVE
02-06 17:44:42.410 20609 25745 D UseCaseAttachState: Active and attached use case: [androidx.camera.core.Preview-6a1011fd-6629-40c4-a6fb-e38d373e10c59457383, androidx.camera.core.ImageAnalysis-9166ef14-3cfc-4013-8d6c-fdf5fab7c71852832916] for camera: 1
02-06 17:44:42.412 20609 25745 D Camera2CameraImpl: {Camera@140c78a[id=1]} CameraDevice.onOpened()
02-06 17:44:42.412 20609 25745 D Camera2CameraImpl: {Camera@140c78a[id=1]} Transitioning camera internal state: OPENING --> OPENED
02-06 17:44:42.412 20609 25745 D CameraStateRegistry: Recalculating open cameras:
02-06 17:44:42.412 20609 25745 D CameraStateRegistry: Camera                                       State                 
02-06 17:44:42.412 20609 25745 D CameraStateRegistry: -------------------------------------------------------------------
02-06 17:44:42.412 20609 25745 D CameraStateRegistry: Camera@6d7c300[id=0]                         UNKNOWN               
02-06 17:44:42.412 20609 25745 D CameraStateRegistry: Camera@140c78a[id=1]                         OPEN                  
02-06 17:44:42.412 20609 25745 D CameraStateRegistry: -------------------------------------------------------------------
02-06 17:44:42.412 20609 25745 D CameraStateRegistry: Open count: 1 (Max allowed: 1)
02-06 17:44:42.413 20609 25745 D CameraStateMachine: New public camera state CameraState{type=OPEN, error=null} from OPEN and null
02-06 17:44:42.413 20609 25745 D CameraStateMachine: Publishing new public camera state CameraState{type=OPEN, error=null}
02-06 17:44:42.434 20609 25745 D UseCaseAttachState: All use case: [androidx.camera.core.Preview-6a1011fd-6629-40c4-a6fb-e38d373e10c59457383, androidx.camera.core.ImageAnalysis-9166ef14-3cfc-4013-8d6c-fdf5fab7c71852832916] for camera: 1
02-06 17:44:42.439 20609 25745 D UseCaseAttachState: Active and attached use case: [androidx.camera.core.Preview-6a1011fd-6629-40c4-a6fb-e38d373e10c59457383, androidx.camera.core.ImageAnalysis-9166ef14-3cfc-4013-8d6c-fdf5fab7c71852832916] for camera: 1
02-06 17:44:42.440 20609 25745 D SyncCaptureSessionBase: [androidx.camera.camera2.internal.SynchronizedCaptureSessionImpl@6e29492] getSurface done with results: [Surface(name=null)/@0x90b6c3e, Surface(name=null)/@0xbc04a1d]
02-06 17:44:42.440 20609 25745 D CaptureSession: Opening capture session.
02-06 17:44:42.442 20609 25745 D Camera2CaptureRequestBuilder: template type = 1
02-06 17:44:42.445 20609 25745 D SyncCaptureSessionImpl: [androidx.camera.camera2.internal.SynchronizedCaptureSessionImpl@6e29492] start openCaptureSession
02-06 17:44:42.445 20609 25745 D DeferrableSurface: use count+1, useCount=2 androidx.camera.core.SurfaceRequest$2@ade33df
02-06 17:44:42.445 20609 25745 D DeferrableSurface: New surface in use[total_surfaces=3, used_surfaces=2](androidx.camera.core.impl.ImmediateSurface@772ab18}
02-06 17:44:42.445 20609 25745 D DeferrableSurface: use count+1, useCount=1 androidx.camera.core.impl.ImmediateSurface@772ab18
02-06 17:44:42.558 20609 20609 D DeferrableSurface: surface closed,  useCount=2 closed=true androidx.camera.core.SurfaceRequest$2@ade33df
02-06 17:44:42.558 20609 20609 D DeferrableSurface: surface closed,  useCount=0 closed=true androidx.camera.core.processing.SurfaceEdge$SettableSurface@288f283
02-06 17:44:42.558 20609 20609 D DeferrableSurface: Surface terminated[total_surfaces=2, used_surfaces=2](androidx.camera.core.processing.SurfaceEdge$SettableSurface@288f283}
02-06 17:44:42.558 20609 20609 D DeferrableSurface: use count-1,  useCount=1 closed=true androidx.camera.core.SurfaceRequest$2@ade33df
02-06 17:44:42.559 20609 20609 D DeferrableSurface: surface closed,  useCount=1 closed=true androidx.camera.core.impl.ImmediateSurface@772ab18
02-06 17:44:42.636 20609 20609 I ViewRootImpl@e805f7a[LearningActivity]: MSG_WINDOW_FOCUS_CHANGED 0 1
02-06 17:44:42.732 20609 25745 D Camera2CameraImpl: {Camera@140c78a[id=1]} Use cases [androidx.camera.core.Preview-6a1011fd-6629-40c4-a6fb-e38d373e10c59457383, androidx.camera.core.ImageAnalysis-9166ef14-3cfc-4013-8d6c-fdf5fab7c71852832916] now DETACHED for camera
02-06 17:44:42.732 20609 25745 D UseCaseAttachState: All use case: [] for camera: 1
02-06 17:44:42.733 20609 25745 D Camera2CameraImpl: {Camera@140c78a[id=1]} Resetting Capture Session
02-06 17:44:42.733 20609 25745 D Camera2CameraImpl: {Camera@140c78a[id=1]} Releasing session in state OPENED
02-06 17:44:42.734 20609 25745 D Camera2CameraControlImp: setActive: isActive = false
02-06 17:44:42.734 20609 25745 D UseCaseAttachState: Active and attached use case: [] for camera: 1
02-06 17:44:42.735 20609 25745 D UseCaseAttachState: Active and attached use case: [] for camera: 1
02-06 17:44:42.739 20609 25745 D VideoUsageControl: resetDirectly: mVideoUsage reset!
02-06 17:44:42.739 20609 25745 D Camera2CameraImpl: {Camera@140c78a[id=1]} Closing camera.
02-06 17:44:42.740 20609 25745 D Camera2CameraImpl: {Camera@140c78a[id=1]} Transitioning camera internal state: OPENED --> CLOSING
02-06 17:44:42.740 20609 25745 D CameraStateRegistry: Recalculating open cameras:
02-06 17:44:42.740 20609 25745 D CameraStateRegistry: Camera                                       State                 
02-06 17:44:42.740 20609 25745 D CameraStateRegistry: -------------------------------------------------------------------
02-06 17:44:42.740 20609 25745 D CameraStateRegistry: Camera@6d7c300[id=0]                         UNKNOWN               
02-06 17:44:42.740 20609 25745 D CameraStateRegistry: Camera@140c78a[id=1]                         CLOSING               
02-06 17:44:42.740 20609 25745 D CameraStateRegistry: -------------------------------------------------------------------
02-06 17:44:42.740 20609 25745 D CameraStateRegistry: Open count: 1 (Max allowed: 1)
02-06 17:44:42.754 20609 25745 D CameraStateMachine: New public camera state CameraState{type=CLOSING, error=null} from CLOSING and null
02-06 17:44:42.754 20609 25745 D CameraStateMachine: Publishing new public camera state CameraState{type=CLOSING, error=null}
02-06 17:44:42.754 20609 25745 D Camera2CameraImpl: {Camera@140c78a[id=1]} Resetting Capture Session
02-06 17:44:42.754 20609 25745 D Camera2CameraImpl: {Camera@140c78a[id=1]} Skipping Capture Session state check due to current camera state: CLOSING and previous session status: false
02-06 17:44:42.755 20609 25745 D Camera2CameraImpl: {Camera@140c78a[id=1]} Releasing session in state CLOSING
02-06 17:44:42.755 20609 25745 D SyncCaptureSessionImpl: [androidx.camera.camera2.internal.SynchronizedCaptureSessionImpl@6e29492] Session onConfigured()
02-06 17:44:42.755 20609 25745 D SyncCaptureSessionImpl: [androidx.camera.camera2.internal.SynchronizedCaptureSessionImpl@6e29492] Session call close()
02-06 17:44:42.755 20609 25745 D CaptureSession: CameraCaptureSession.onConfigured() mState=RELEASING
02-06 17:44:42.756 20609 25745 D UseCaseAttachState: Active and attached use case: [] for camera: 1
02-06 17:44:42.756 20609 25745 D CaptureSession: CameraCaptureSession.onReady() RELEASING
02-06 17:44:42.756 20609 25745 D SyncCaptureSessionImpl: [androidx.camera.camera2.internal.SynchronizedCaptureSessionImpl@6e29492] Session call super.close()
02-06 17:44:42.757 20609 25745 D CaptureSession: onSessionFinished()
02-06 17:44:42.757 20609 25745 D Camera2CameraImpl: {Camera@140c78a[id=1]} closing camera
02-06 17:44:42.881 20609 25938 I CameraManagerGlobal: postSingleUpdate device: camera id 1 status STATUS_PRESENT
02-06 17:44:42.881 20609 25938 I CameraManagerGlobal: postSingleUpdate device: camera id 1 status STATUS_PRESENT
02-06 17:44:42.896 20609 25938 I CameraManagerGlobal: Camera 1 facing CAMERA_FACING_FRONT state now CAMERA_STATE_CLOSED for client com.kyowon.literacy.store API Level 2
02-06 17:44:42.899 20609 25745 D SyncCaptureSessionImpl: [androidx.camera.camera2.internal.SynchronizedCaptureSessionImpl@6e29492] onClosed()
02-06 17:44:42.899 20609 25745 D DeferrableSurface: use count-1,  useCount=0 closed=true androidx.camera.core.SurfaceRequest$2@ade33df
02-06 17:44:42.899 20609 25745 D DeferrableSurface: Surface no longer in use[total_surfaces=2, used_surfaces=1](androidx.camera.core.SurfaceRequest$2@ade33df}
02-06 17:44:42.899 20609 25745 D DeferrableSurface: Surface terminated[total_surfaces=1, used_surfaces=1](androidx.camera.core.SurfaceRequest$2@ade33df}
02-06 17:44:42.899 20609 25745 D DeferrableSurface: use count-1,  useCount=0 closed=true androidx.camera.core.impl.ImmediateSurface@772ab18
02-06 17:44:42.899 20609 25745 D DeferrableSurface: Surface no longer in use[total_surfaces=1, used_surfaces=0](androidx.camera.core.impl.ImmediateSurface@772ab18}
02-06 17:44:42.899 20609 25745 D DeferrableSurface: Surface terminated[total_surfaces=0, used_surfaces=0](androidx.camera.core.impl.ImmediateSurface@772ab18}
02-06 17:44:42.899 20609 25745 D Camera2CameraImpl: {Camera@140c78a[id=1]} CameraDevice.onClosed()
02-06 17:44:42.900 20609 25745 D Camera2CameraImpl: {Camera@140c78a[id=1]} Transitioning camera internal state: CLOSING --> INITIALIZED
02-06 17:44:42.900 20609 25745 D CameraStateRegistry: Recalculating open cameras:
02-06 17:44:42.900 20609 25745 D CameraStateRegistry: Camera                                       State                 
02-06 17:44:42.900 20609 25745 D CameraStateRegistry: -------------------------------------------------------------------
02-06 17:44:42.900 20609 25745 D CameraStateRegistry: Camera@6d7c300[id=0]                         UNKNOWN               
02-06 17:44:42.900 20609 25745 D CameraStateRegistry: Camera@140c78a[id=1]                         CLOSED                
02-06 17:44:42.900 20609 25745 D CameraStateRegistry: -------------------------------------------------------------------
02-06 17:44:42.900 20609 25745 D CameraStateRegistry: Open count: 0 (Max allowed: 1)
02-06 17:44:42.900 20609 25745 D CameraStateMachine: New public camera state CameraState{type=CLOSED, error=null} from CLOSED and null
02-06 17:44:42.900 20609 25745 D CameraStateMachine: Publishing new public camera state CameraState{type=CLOSED, error=null}
02-06 17:44:42.900 20609 20609 D SurfaceViewImpl: Safe to release surface.
02-06 17:44:42.950 20609 20609 I ViewRootImpl@e805f7a[LearningActivity]: MSG_WINDOW_FOCUS_CHANGED 1 1
02-06 17:44:42.950 20609 20609 D InputMethodManager: prepareNavigationBarInfo() DecorView@487a3c0[LearningActivity]
02-06 17:44:42.950 20609 20609 D InputMethodManager: getNavigationBarColor() -855310
02-06 17:44:42.955 20609 20609 D InputMethodManager: prepareNavigationBarInfo() DecorView@487a3c0[LearningActivity]
02-06 17:44:42.955 20609 20609 D InputMethodManager: getNavigationBarColor() -855310
02-06 17:44:42.955 20609 20609 V InputMethodManager: Starting input: tba=com.kyowon.literacy.store ic=null mNaviBarColor -855310 mIsGetNaviBarColorSuccess true , NavVisible : true , NavTrans : false
02-06 17:44:42.955 20609 20609 D InputMethodManager: startInputInner - Id : 0
02-06 17:44:42.955 20609 20609 I InputMethodManager: startInputInner - mService.startInputOrWindowGainedFocus
02-06 17:44:42.958 20609 20609 D InputTransport: Input channel constructed: 'ClientS', fd=223
02-06 17:44:42.958 20609 20609 D InputTransport: Input channel destroyed: 'ClientS', fd=220
02-06 17:44:43.080 20609 20609 I ViewRootImpl@e805f7a[LearningActivity]: stopped(false) old=false
02-06 17:44:43.112 20609 25730 D TransportRuntime.SQLiteEventStore: Storing event with priority=DEFAULT, name=FIREBASE_ML_SDK for destination cct
02-06 17:44:43.113 20609 20609 I SurfaceControl: nativeRelease nativeObject s[-5476376618353862624]
02-06 17:44:43.113 20609 20609 I SurfaceControl: nativeRelease nativeObject e[-5476376618353862624]
02-06 17:44:43.115 20609 20609 I SurfaceControl: assignNativeObject: nativeObject = 0 Surface(name=null)/@0x446b77f / android.view.SurfaceControl.readFromParcel:1117 android.view.IWindowSession$Stub$Proxy.relayout:1820 android.view.ViewRootImpl.relayoutWindow:9005 android.view.ViewRootImpl.performTraversals:3360 android.view.ViewRootImpl.doTraversal:2618 android.view.ViewRootImpl$TraversalRunnable.run:9971 android.view.Choreographer$CallbackRecord.run:1010 android.view.Choreographer.doCallbacks:809 android.view.Choreographer.doFrame:744 android.view.Choreographer$FrameDisplayEventReceiver.run:995 
02-06 17:44:43.115 20609 20609 I SurfaceControl: nativeRelease nativeObject s[-5476376618202115936]
02-06 17:44:43.115 20609 20609 I SurfaceControl: nativeRelease nativeObject e[-5476376618202115936]
02-06 17:44:43.116 20609 20609 I SurfaceControl: nativeRelease nativeObject s[-5476376618201518048]
02-06 17:44:43.116 20609 20609 I SurfaceControl: nativeRelease nativeObject e[-5476376618201518048]
02-06 17:44:43.116 20609 20609 I SurfaceControl: nativeRelease nativeObject s[-5476376618201518368]
02-06 17:44:43.116 20609 20609 I SurfaceControl: nativeRelease nativeObject e[-5476376618201518368]
02-06 17:44:43.116 20609 20609 I ViewRootImpl@e805f7a[LearningActivity]: Relayout returned: old=(0,0,2000,1200) new=(0,0,2000,1200) req=(2000,1200)0 dur=13 res=0x1 s={true -5476376620294148096} ch=false fn=93
02-06 17:44:43.116 20609 20609 I ViewRootImpl@e805f7a[LearningActivity]: updateBoundsLayer: shouldReparent = false t = android.view.SurfaceControl$Transaction@4319766 sc = Surface(name=Bounds for - com.kyowon.literacy.store/com.kyowon.literacy.ui.learning.activity.LearningActivity@0)/@0x422baa7 frame = 93
02-06 17:44:43.117 20609 25730 D TransportRuntime.JobInfoScheduler: Upload for context TransportContext(cct, DEFAULT, MSRodHRwczovL2ZpcmViYXNlbG9nZ2luZy5nb29nbGVhcGlzLmNvbS92MGNjL2xvZy9iYXRjaD9mb3JtYXQ9anNvbl9wcm90bzNc) is already scheduled. Returning...
02-06 17:44:43.131 20609 20609 D DynamicRangeResolver: Resolved dynamic range for use case androidx.camera.core.Preview-f30547a3-4559-4f41-a740-7afb9ebd79ae to no compatible HDR dynamic ranges.
02-06 17:44:43.131 20609 20609 D DynamicRangeResolver: DynamicRange@51dc619{encoding=UNSPECIFIED, bitDepth=0}
02-06 17:44:43.131 20609 20609 D DynamicRangeResolver: ->
02-06 17:44:43.131 20609 20609 D DynamicRangeResolver: DynamicRange@c20c160{encoding=SDR, bitDepth=8}
02-06 17:44:43.132 20609 20609 D CameraQuirks: camera2 CameraQuirks = AfRegionFlipHorizontallyQuirk
02-06 17:44:43.133 20609 20609 D CameraQuirks: camera2 CameraQuirks = AfRegionFlipHorizontallyQuirk
02-06 17:44:43.134 20609 20609 D DeferrableSurface: Surface created[total_surfaces=1, used_surfaces=0](androidx.camera.core.processing.SurfaceEdge$SettableSurface@e23f0ec}
02-06 17:44:43.135 20609 20609 D DeferrableSurface: Surface created[total_surfaces=2, used_surfaces=0](androidx.camera.core.SurfaceRequest$2@8d52fd8}
02-06 17:44:43.136 20609 20609 D DeferrableSurface: New surface in use[total_surfaces=2, used_surfaces=1](androidx.camera.core.SurfaceRequest$2@8d52fd8}
02-06 17:44:43.136 20609 20609 D DeferrableSurface: use count+1, useCount=1 androidx.camera.core.SurfaceRequest$2@8d52fd8
02-06 17:44:43.139 20609 20609 D DeferrableSurface: Surface created[total_surfaces=3, used_surfaces=1](androidx.camera.core.impl.ImmediateSurface@cc3bd6d}
02-06 17:44:43.140 20609 25745 D Camera2CameraImpl: {Camera@140c78a[id=1]} Use case androidx.camera.core.Preview-f30547a3-4559-4f41-a740-7afb9ebd79ae242682048 ACTIVE
02-06 17:44:43.140 20609 25745 D UseCaseAttachState: Active and attached use case: [] for camera: 1
02-06 17:44:43.141 20609 20609 D PreviewView: Surface requested by Preview.
02-06 17:44:43.142 20609 20609 D PreviewView: Preview transformation info updated. TransformationInfo{getCropRect=Rect(0, 0 - 1600, 1200), getRotationDegrees=0, getTargetRotation=-1, hasCameraTransform=true, getSensorToBufferTransform=Matrix{[0.61728394, 0.0, -0.0][0.0, 0.61728394, -0.0][0.0, 0.0, 1.0]}, isMirroring=true}
02-06 17:44:43.142 20609 25745 D Camera2CameraImpl: {Camera@140c78a[id=1]} Use case androidx.camera.core.ImageAnalysis-591b100f-0cfd-488e-b8e6-50e9f1539dd431025657 ACTIVE
02-06 17:44:43.142 20609 20609 D PreviewTransform: Transformation info set: TransformationInfo{getCropRect=Rect(0, 0 - 1600, 1200), getRotationDegrees=0, getTargetRotation=-1, hasCameraTransform=true, getSensorToBufferTransform=Matrix{[0.61728394, 0.0, -0.0][0.0, 0.61728394, -0.0][0.0, 0.0, 1.0]}, isMirroring=true} 1600x1200 true
02-06 17:44:43.142 20609 25745 D UseCaseAttachState: Active and attached use case: [] for camera: 1
02-06 17:44:43.142 20609 25745 D Camera2CameraImpl: {Camera@140c78a[id=1]} Use cases [androidx.camera.core.Preview-f30547a3-4559-4f41-a740-7afb9ebd79ae242682048, androidx.camera.core.ImageAnalysis-591b100f-0cfd-488e-b8e6-50e9f1539dd431025657] now ATTACHED
02-06 17:44:43.143 20609 25745 D Camera2CameraControlImp: setActive: isActive = true
02-06 17:44:43.143 20609 20609 D SurfaceViewImpl: Request canceled: androidx.camera.core.SurfaceRequest@de6d27e
02-06 17:44:43.143 20609 20609 D SurfaceViewImpl: Surface set on Preview.
02-06 17:44:43.143 20609 25745 D UseCaseAttachState: All use case: [androidx.camera.core.Preview-f30547a3-4559-4f41-a740-7afb9ebd79ae242682048, androidx.camera.core.ImageAnalysis-591b100f-0cfd-488e-b8e6-50e9f1539dd431025657] for camera: 1
02-06 17:44:43.145 20609 25745 D UseCaseAttachState: Active and attached use case: [androidx.camera.core.Preview-f30547a3-4559-4f41-a740-7afb9ebd79ae242682048, androidx.camera.core.ImageAnalysis-591b100f-0cfd-488e-b8e6-50e9f1539dd431025657] for camera: 1
02-06 17:44:43.146 20609 25745 D Camera2CameraImpl: {Camera@140c78a[id=1]} Resetting Capture Session
02-06 17:44:43.169 20609 25745 D Camera2CameraImpl: {Camera@140c78a[id=1]} Skipping Capture Session state check due to current camera state: INITIALIZED and previous session status: false
02-06 17:44:43.170 20609 25745 D Camera2CameraImpl: {Camera@140c78a[id=1]} Releasing session in state INITIALIZED
02-06 17:44:43.171 20609 25745 D Camera2CameraImpl: {Camera@140c78a[id=1]} Attempting to force open the camera.
02-06 17:44:43.171 20609 25745 D CameraStateRegistry: tryOpenCamera(Camera@140c78a[id=1]) [Available Cameras: 1, Already Open: false (Previous state: CLOSED)] --> SUCCESS
02-06 17:44:43.171 20609 25745 D CameraStateRegistry: Recalculating open cameras:
02-06 17:44:43.171 20609 25745 D CameraStateRegistry: Camera                                       State                 
02-06 17:44:43.171 20609 25745 D CameraStateRegistry: -------------------------------------------------------------------
02-06 17:44:43.171 20609 25745 D CameraStateRegistry: Camera@6d7c300[id=0]                         UNKNOWN               
02-06 17:44:43.171 20609 25745 D CameraStateRegistry: Camera@140c78a[id=1]                         OPENING               
02-06 17:44:43.171 20609 25745 D CameraStateRegistry: -------------------------------------------------------------------
02-06 17:44:43.171 20609 25745 D CameraStateRegistry: Open count: 1 (Max allowed: 1)
02-06 17:44:43.171 20609 25745 D Camera2CameraImpl: {Camera@140c78a[id=1]} Opening camera.
02-06 17:44:43.172 20609 25745 D Camera2CameraImpl: {Camera@140c78a[id=1]} Transitioning camera internal state: INITIALIZED --> OPENING
02-06 17:44:43.172 20609 25745 D CameraStateMachine: New public camera state CameraState{type=OPENING, error=null} from OPENING and null
02-06 17:44:43.172 20609 25745 D CameraStateMachine: Publishing new public camera state CameraState{type=OPENING, error=null}
02-06 17:44:43.173 20609 25745 D UseCaseAttachState: All use case: [androidx.camera.core.Preview-f30547a3-4559-4f41-a740-7afb9ebd79ae242682048, androidx.camera.core.ImageAnalysis-591b100f-0cfd-488e-b8e6-50e9f1539dd431025657] for camera: 1
02-06 17:44:43.192 20609 25287 I CameraManagerGlobal: postSingleUpdate device: camera id 1 status STATUS_NOT_AVAILABLE
02-06 17:44:43.192 20609 25287 I CameraManagerGlobal: postSingleUpdate device: camera id 1 status STATUS_NOT_AVAILABLE
02-06 17:44:43.194 20609 25287 I CameraManagerGlobal: Camera 1 facing CAMERA_FACING_FRONT state now CAMERA_STATE_OPEN for client com.kyowon.literacy.store API Level 2
02-06 17:44:43.266 20609 25745 D Camera2CameraImpl: {Camera@140c78a[id=1]} Use case androidx.camera.core.Preview-f30547a3-4559-4f41-a740-7afb9ebd79ae242682048 ACTIVE
02-06 17:44:43.267 20609 25745 D UseCaseAttachState: Active and attached use case: [androidx.camera.core.Preview-f30547a3-4559-4f41-a740-7afb9ebd79ae242682048, androidx.camera.core.ImageAnalysis-591b100f-0cfd-488e-b8e6-50e9f1539dd431025657] for camera: 1
02-06 17:44:43.268 20609 25745 D Camera2CameraImpl: {Camera@140c78a[id=1]} Use case androidx.camera.core.ImageAnalysis-591b100f-0cfd-488e-b8e6-50e9f1539dd431025657 ACTIVE
02-06 17:44:43.277 20609 25745 D UseCaseAttachState: Active and attached use case: [androidx.camera.core.Preview-f30547a3-4559-4f41-a740-7afb9ebd79ae242682048, androidx.camera.core.ImageAnalysis-591b100f-0cfd-488e-b8e6-50e9f1539dd431025657] for camera: 1
02-06 17:44:43.311 20609 25745 D Camera2CameraImpl: {Camera@140c78a[id=1]} CameraDevice.onOpened()
02-06 17:44:43.311 20609 25745 D Camera2CameraImpl: {Camera@140c78a[id=1]} Transitioning camera internal state: OPENING --> OPENED
02-06 17:44:43.312 20609 25745 D CameraStateRegistry: Recalculating open cameras:
02-06 17:44:43.312 20609 25745 D CameraStateRegistry: Camera                                       State                 
02-06 17:44:43.312 20609 25745 D CameraStateRegistry: -------------------------------------------------------------------
02-06 17:44:43.312 20609 25745 D CameraStateRegistry: Camera@6d7c300[id=0]                         UNKNOWN               
02-06 17:44:43.312 20609 25745 D CameraStateRegistry: Camera@140c78a[id=1]                         OPEN                  
02-06 17:44:43.312 20609 25745 D CameraStateRegistry: -------------------------------------------------------------------
02-06 17:44:43.312 20609 25745 D CameraStateRegistry: Open count: 1 (Max allowed: 1)
02-06 17:44:43.313 20609 25745 D CameraStateMachine: New public camera state CameraState{type=OPEN, error=null} from OPEN and null
02-06 17:44:43.313 20609 25745 D CameraStateMachine: Publishing new public camera state CameraState{type=OPEN, error=null}
02-06 17:44:43.314 20609 25745 D UseCaseAttachState: All use case: [androidx.camera.core.Preview-f30547a3-4559-4f41-a740-7afb9ebd79ae242682048, androidx.camera.core.ImageAnalysis-591b100f-0cfd-488e-b8e6-50e9f1539dd431025657] for camera: 1
02-06 17:44:43.339 20609 25745 D UseCaseAttachState: Active and attached use case: [androidx.camera.core.Preview-f30547a3-4559-4f41-a740-7afb9ebd79ae242682048, androidx.camera.core.ImageAnalysis-591b100f-0cfd-488e-b8e6-50e9f1539dd431025657] for camera: 1
02-06 17:44:43.341 20609 25745 D SyncCaptureSessionBase: [androidx.camera.camera2.internal.SynchronizedCaptureSessionImpl@51c117f] getSurface done with results: [Surface(name=null)/@0x90b6c3e, Surface(name=null)/@0xb61229e]
02-06 17:44:43.341 20609 25745 D CaptureSession: Opening capture session.
02-06 17:44:43.353 20609 25745 D Camera2CaptureRequestBuilder: template type = 1
02-06 17:44:43.370 20609 25745 D SyncCaptureSessionImpl: [androidx.camera.camera2.internal.SynchronizedCaptureSessionImpl@51c117f] start openCaptureSession
02-06 17:44:43.370 20609 25745 D DeferrableSurface: use count+1, useCount=2 androidx.camera.core.SurfaceRequest$2@8d52fd8
02-06 17:44:43.370 20609 25745 D DeferrableSurface: New surface in use[total_surfaces=3, used_surfaces=2](androidx.camera.core.impl.ImmediateSurface@cc3bd6d}
02-06 17:44:43.370 20609 25745 D DeferrableSurface: use count+1, useCount=1 androidx.camera.core.impl.ImmediateSurface@cc3bd6d
02-06 17:44:43.820 20609 25745 D SyncCaptureSessionImpl: [androidx.camera.camera2.internal.SynchronizedCaptureSessionImpl@51c117f] Session onConfigured()
02-06 17:44:43.820 20609 25745 D CaptureSession: Attempting to send capture request onConfigured
02-06 17:44:43.820 20609 25745 D CaptureSession: Issuing request for session.
02-06 17:44:43.820 20609 25745 D Camera2CaptureRequestBuilder: createCaptureRequest
02-06 17:44:43.834 20609 25745 D CaptureSession: CameraCaptureSession.onConfigured() mState=OPENED
02-06 17:44:43.835 20609 25745 D CaptureSession: CameraCaptureSession.onReady() OPENED
02-06 17:44:43.981 20609 25287 I CameraManagerGlobal: Camera 1 facing CAMERA_FACING_FRONT state now CAMERA_STATE_ACTIVE for client com.kyowon.literacy.store API Level 2
02-06 17:44:44.114 20609 25745 D StreamStateObserver: Update Preview stream state to STREAMING
02-06 17:44:46.172 20609 20609 D DeferrableSurface: surface closed,  useCount=2 closed=true androidx.camera.core.SurfaceRequest$2@8d52fd8
02-06 17:44:46.172 20609 20609 D DeferrableSurface: surface closed,  useCount=0 closed=true androidx.camera.core.processing.SurfaceEdge$SettableSurface@e23f0ec
02-06 17:44:46.172 20609 20609 D DeferrableSurface: Surface terminated[total_surfaces=2, used_surfaces=2](androidx.camera.core.processing.SurfaceEdge$SettableSurface@e23f0ec}
02-06 17:44:46.172 20609 20609 D DeferrableSurface: use count-1,  useCount=1 closed=true androidx.camera.core.SurfaceRequest$2@8d52fd8
02-06 17:44:46.173 20609 20609 D DeferrableSurface: surface closed,  useCount=1 closed=true androidx.camera.core.impl.ImmediateSurface@cc3bd6d
02-06 17:44:46.177 20609 25736 D Camera2CameraImpl: {Camera@140c78a[id=1]} Use cases [androidx.camera.core.Preview-f30547a3-4559-4f41-a740-7afb9ebd79ae242682048, androidx.camera.core.ImageAnalysis-591b100f-0cfd-488e-b8e6-50e9f1539dd431025657] now DETACHED for camera
02-06 17:44:46.177 20609 25736 D UseCaseAttachState: All use case: [] for camera: 1
02-06 17:44:46.177 20609 25736 D Camera2CameraImpl: {Camera@140c78a[id=1]} Resetting Capture Session
02-06 17:44:46.178 20609 25736 D SyncCaptureSessionImpl: [androidx.camera.camera2.internal.SynchronizedCaptureSessionImpl@51c117f] Session call close()
02-06 17:44:46.178 20609 25736 D Camera2CameraImpl: {Camera@140c78a[id=1]} Releasing session in state OPENED
02-06 17:44:46.178 20609 25736 D Camera2CameraControlImp: setActive: isActive = false
02-06 17:44:46.178 20609 25736 D UseCaseAttachState: Active and attached use case: [] for camera: 1
02-06 17:44:46.179 20609 25736 D UseCaseAttachState: Active and attached use case: [] for camera: 1
02-06 17:44:46.179 20609 25736 D VideoUsageControl: resetDirectly: mVideoUsage reset!
02-06 17:44:46.179 20609 25736 D Camera2CameraImpl: {Camera@140c78a[id=1]} Closing camera.
02-06 17:44:46.179 20609 25736 D Camera2CameraImpl: {Camera@140c78a[id=1]} Transitioning camera internal state: OPENED --> CLOSING
02-06 17:44:46.180 20609 25736 D CameraStateRegistry: Recalculating open cameras:
02-06 17:44:46.180 20609 25736 D CameraStateRegistry: Camera                                       State                 
02-06 17:44:46.180 20609 25736 D CameraStateRegistry: -------------------------------------------------------------------
02-06 17:44:46.180 20609 25736 D CameraStateRegistry: Camera@6d7c300[id=0]                         UNKNOWN               
02-06 17:44:46.180 20609 25736 D CameraStateRegistry: Camera@140c78a[id=1]                         CLOSING               
02-06 17:44:46.180 20609 25736 D CameraStateRegistry: -------------------------------------------------------------------
02-06 17:44:46.180 20609 25736 D CameraStateRegistry: Open count: 1 (Max allowed: 1)
02-06 17:44:46.180 20609 25736 D CameraStateMachine: New public camera state CameraState{type=CLOSING, error=null} from CLOSING and null
02-06 17:44:46.180 20609 25736 D CameraStateMachine: Publishing new public camera state CameraState{type=CLOSING, error=null}
02-06 17:44:46.180 20609 25736 D Camera2CameraImpl: {Camera@140c78a[id=1]} Resetting Capture Session
02-06 17:44:46.180 20609 25736 D Camera2CameraImpl: {Camera@140c78a[id=1]} Skipping Capture Session state check due to current camera state: CLOSING and previous session status: false
02-06 17:44:46.180 20609 25736 D Camera2CameraImpl: {Camera@140c78a[id=1]} Releasing session in state CLOSING
02-06 17:44:46.181 20609 25736 D SyncCaptureSessionImpl: [androidx.camera.camera2.internal.SynchronizedCaptureSessionImpl@51c117f] Session call super.close()
02-06 17:44:46.201 20609 20609 D StreamStateObserver: Update Preview stream state to IDLE
02-06 17:44:46.208 20609 25736 D UseCaseAttachState: Active and attached use case: [] for camera: 1
02-06 17:44:46.209 20609 25736 D CaptureSession: onSessionFinished()
02-06 17:44:46.209 20609 25736 D Camera2CameraImpl: {Camera@140c78a[id=1]} closing camera
02-06 17:44:46.255 20609 20609 I ViewRootImpl@e805f7a[LearningActivity]: MSG_WINDOW_FOCUS_CHANGED 0 1
02-06 17:44:46.390 20609 25938 I CameraManagerGlobal: Camera 1 facing CAMERA_FACING_FRONT state now CAMERA_STATE_IDLE for client com.kyowon.literacy.store API Level 2
02-06 17:44:46.514 20609 20609 I ViewRootImpl@e805f7a[LearningActivity]: MSG_WINDOW_FOCUS_CHANGED 1 1
02-06 17:44:46.515 20609 20609 D InputMethodManager: prepareNavigationBarInfo() DecorView@487a3c0[LearningActivity]
02-06 17:44:46.515 20609 20609 D InputMethodManager: getNavigationBarColor() -855310
02-06 17:44:46.534 20609 20609 D InputMethodManager: prepareNavigationBarInfo() DecorView@487a3c0[LearningActivity]
02-06 17:44:46.534 20609 20609 D InputMethodManager: getNavigationBarColor() -855310
02-06 17:44:46.534 20609 20609 V InputMethodManager: Starting input: tba=com.kyowon.literacy.store ic=null mNaviBarColor -855310 mIsGetNaviBarColorSuccess true , NavVisible : true , NavTrans : false
02-06 17:44:46.534 20609 20609 D InputMethodManager: startInputInner - Id : 0
02-06 17:44:46.534 20609 20609 I InputMethodManager: startInputInner - mService.startInputOrWindowGainedFocus
02-06 17:44:46.540 20609 20609 D InputTransport: Input channel constructed: 'ClientS', fd=209
02-06 17:44:46.542 20609 20609 D InputTransport: Input channel destroyed: 'ClientS', fd=223
02-06 17:44:46.605 20609 20609 I ViewRootImpl@e805f7a[LearningActivity]: stopped(false) old=false
02-06 17:44:46.644 20609 25730 D TransportRuntime.SQLiteEventStore: Storing event with priority=DEFAULT, name=FIREBASE_ML_SDK for destination cct
02-06 17:44:46.647 20609 25730 D TransportRuntime.JobInfoScheduler: Upload for context TransportContext(cct, DEFAULT, MSRodHRwczovL2ZpcmViYXNlbG9nZ2luZy5nb29nbGVhcGlzLmNvbS92MGNjL2xvZy9iYXRjaD9mb3JtYXQ9anNvbl9wcm90bzNc) is already scheduled. Returning...
02-06 17:44:46.659 20609 20609 I SurfaceControl: nativeRelease nativeObject s[-5476376618202105376]
02-06 17:44:46.659 20609 20609 I SurfaceControl: nativeRelease nativeObject e[-5476376618202105376]
02-06 17:44:46.661 20609 20609 I SurfaceControl: assignNativeObject: nativeObject = 0 Surface(name=null)/@0x446b77f / android.view.SurfaceControl.readFromParcel:1117 android.view.IWindowSession$Stub$Proxy.relayout:1820 android.view.ViewRootImpl.relayoutWindow:9005 android.view.ViewRootImpl.performTraversals:3360 android.view.ViewRootImpl.doTraversal:2618 android.view.ViewRootImpl$TraversalRunnable.run:9971 android.view.Choreographer$CallbackRecord.run:1010 android.view.Choreographer.doCallbacks:809 android.view.Choreographer.doFrame:744 android.view.Choreographer$FrameDisplayEventReceiver.run:995 
02-06 17:44:46.661 20609 20609 I SurfaceControl: nativeRelease nativeObject s[-5476376620287548928]
02-06 17:44:46.661 20609 20609 I SurfaceControl: nativeRelease nativeObject e[-5476376620287548928]
02-06 17:44:46.661 20609 20609 I SurfaceControl: nativeRelease nativeObject s[-5476376620296908256]
02-06 17:44:46.661 20609 20609 I SurfaceControl: nativeRelease nativeObject e[-5476376620296908256]
02-06 17:44:46.661 20609 20609 I SurfaceControl: nativeRelease nativeObject s[-5476376618353862624]
02-06 17:44:46.661 20609 20609 I SurfaceControl: nativeRelease nativeObject e[-5476376618353862624]
02-06 17:44:46.661 20609 20609 I ViewRootImpl@e805f7a[LearningActivity]: Relayout returned: old=(0,0,2000,1200) new=(0,0,2000,1200) req=(2000,1200)0 dur=29 res=0x1 s={true -5476376620294148096} ch=false fn=94
02-06 17:44:46.661 20609 20609 I ViewRootImpl@e805f7a[LearningActivity]: updateBoundsLayer: shouldReparent = false t = android.view.SurfaceControl$Transaction@4319766 sc = Surface(name=Bounds for - com.kyowon.literacy.store/com.kyowon.literacy.ui.learning.activity.LearningActivity@0)/@0x422baa7 frame = 94
02-06 17:44:46.678 20609 20609 D DynamicRangeResolver: Resolved dynamic range for use case androidx.camera.core.Preview-674967ff-4219-4958-92c5-986f75cbd78e to no compatible HDR dynamic ranges.
02-06 17:44:46.678 20609 20609 D DynamicRangeResolver: DynamicRange@51dc619{encoding=UNSPECIFIED, bitDepth=0}
02-06 17:44:46.678 20609 20609 D DynamicRangeResolver: ->
02-06 17:44:46.678 20609 20609 D DynamicRangeResolver: DynamicRange@c20c160{encoding=SDR, bitDepth=8}
02-06 17:44:46.679 20609 20609 D CameraQuirks: camera2 CameraQuirks = AfRegionFlipHorizontallyQuirk
02-06 17:44:46.679 20609 20609 D CameraQuirks: camera2 CameraQuirks = AfRegionFlipHorizontallyQuirk
02-06 17:44:46.681 20609 20609 D DeferrableSurface: Surface created[total_surfaces=3, used_surfaces=2](androidx.camera.core.processing.SurfaceEdge$SettableSurface@b07a447}
02-06 17:44:46.682 20609 20609 D DeferrableSurface: Surface created[total_surfaces=4, used_surfaces=2](androidx.camera.core.SurfaceRequest$2@8103de3}
02-06 17:44:46.683 20609 20609 D DeferrableSurface: New surface in use[total_surfaces=4, used_surfaces=3](androidx.camera.core.SurfaceRequest$2@8103de3}
02-06 17:44:46.683 20609 20609 D DeferrableSurface: use count+1, useCount=1 androidx.camera.core.SurfaceRequest$2@8103de3
02-06 17:44:46.687 20609 20609 D DeferrableSurface: Surface created[total_surfaces=5, used_surfaces=3](androidx.camera.core.impl.ImmediateSurface@7b42e0c}
02-06 17:44:46.689 20609 20609 D PreviewView: Surface requested by Preview.
02-06 17:44:46.690 20609 20609 D PreviewView: Preview transformation info updated. TransformationInfo{getCropRect=Rect(0, 0 - 1600, 1200), getRotationDegrees=0, getTargetRotation=-1, hasCameraTransform=true, getSensorToBufferTransform=Matrix{[0.61728394, 0.0, -0.0][0.0, 0.61728394, -0.0][0.0, 0.0, 1.0]}, isMirroring=true}
02-06 17:44:46.690 20609 20609 D PreviewTransform: Transformation info set: TransformationInfo{getCropRect=Rect(0, 0 - 1600, 1200), getRotationDegrees=0, getTargetRotation=-1, hasCameraTransform=true, getSensorToBufferTransform=Matrix{[0.61728394, 0.0, -0.0][0.0, 0.61728394, -0.0][0.0, 0.0, 1.0]}, isMirroring=true} 1600x1200 true
02-06 17:44:46.691 20609 20609 D SurfaceViewImpl: Request canceled: androidx.camera.core.SurfaceRequest@e96cebb
02-06 17:44:46.692 20609 20609 D SurfaceViewImpl: Surface set on Preview.
02-06 17:44:46.838 20609 25938 I CameraManagerGlobal: postSingleUpdate device: camera id 1 status STATUS_PRESENT
02-06 17:44:46.839 20609 25938 I CameraManagerGlobal: postSingleUpdate device: camera id 1 status STATUS_PRESENT
02-06 17:44:46.840 20609 25938 I CameraManagerGlobal: Camera 1 facing CAMERA_FACING_FRONT state now CAMERA_STATE_CLOSED for client com.kyowon.literacy.store API Level 2
02-06 17:44:46.841 20609 24702 W .literacy.stor: Long monitor contention with owner CameraX-core_camera_0 (25736) at void android.hardware.camera2.impl.CameraDeviceImpl.close()(CameraDeviceImpl.java:1334) waiters=0 in void android.hardware.camera2.impl.CameraDeviceImpl$CameraDeviceCallbacks.onResultReceived(android.hardware.camera2.impl.CameraMetadataNative, android.hardware.camera2.impl.CaptureResultExtras, android.hardware.camera2.impl.PhysicalCaptureResultInfo[]) for 629ms
02-06 17:44:46.841 20609 25736 D Camera2CameraImpl: {Camera@140c78a[id=1]} Use case androidx.camera.core.Preview-674967ff-4219-4958-92c5-986f75cbd78e164408427 ACTIVE
02-06 17:44:46.841 20609 25736 D UseCaseAttachState: Active and attached use case: [] for camera: 1
02-06 17:44:46.848 20609 25736 D Camera2CameraImpl: {Camera@140c78a[id=1]} Use case androidx.camera.core.ImageAnalysis-4b2dc60b-8ed1-41b6-bd5e-c1807fc2b6af242234312 ACTIVE
02-06 17:44:46.849 20609 25736 D UseCaseAttachState: Active and attached use case: [] for camera: 1
02-06 17:44:46.851 20609 25736 D Camera2CameraImpl: {Camera@140c78a[id=1]} Use cases [androidx.camera.core.Preview-674967ff-4219-4958-92c5-986f75cbd78e164408427, androidx.camera.core.ImageAnalysis-4b2dc60b-8ed1-41b6-bd5e-c1807fc2b6af242234312] now ATTACHED
02-06 17:44:46.851 20609 25736 D Camera2CameraControlImp: setActive: isActive = true
02-06 17:44:46.852 20609 25736 D UseCaseAttachState: All use case: [androidx.camera.core.Preview-674967ff-4219-4958-92c5-986f75cbd78e164408427, androidx.camera.core.ImageAnalysis-4b2dc60b-8ed1-41b6-bd5e-c1807fc2b6af242234312] for camera: 1
02-06 17:44:46.906 20609 25736 D UseCaseAttachState: Active and attached use case: [androidx.camera.core.Preview-674967ff-4219-4958-92c5-986f75cbd78e164408427, androidx.camera.core.ImageAnalysis-4b2dc60b-8ed1-41b6-bd5e-c1807fc2b6af242234312] for camera: 1
02-06 17:44:46.910 20609 25736 D Camera2CameraImpl: {Camera@140c78a[id=1]} Resetting Capture Session
02-06 17:44:46.911 20609 25736 D Camera2CameraImpl: {Camera@140c78a[id=1]} Skipping Capture Session state check due to current camera state: CLOSING and previous session status: false
02-06 17:44:46.911 20609 25736 D Camera2CameraImpl: {Camera@140c78a[id=1]} Releasing session in state CLOSING
02-06 17:44:46.911 20609 25736 D Camera2CameraImpl: {Camera@140c78a[id=1]} Transitioning camera internal state: CLOSING --> REOPENING
02-06 17:44:46.911 20609 25736 D CameraStateRegistry: Recalculating open cameras:
02-06 17:44:46.911 20609 25736 D CameraStateRegistry: Camera                                       State                 
02-06 17:44:46.911 20609 25736 D CameraStateRegistry: -------------------------------------------------------------------
02-06 17:44:46.911 20609 25736 D CameraStateRegistry: Camera@6d7c300[id=0]                         UNKNOWN               
02-06 17:44:46.911 20609 25736 D CameraStateRegistry: Camera@140c78a[id=1]                         OPENING               
02-06 17:44:46.911 20609 25736 D CameraStateRegistry: -------------------------------------------------------------------
02-06 17:44:46.911 20609 25736 D CameraStateRegistry: Open count: 1 (Max allowed: 1)
02-06 17:44:46.912 20609 25736 D CameraStateMachine: New public camera state CameraState{type=OPENING, error=null} from OPENING and null
02-06 17:44:46.912 20609 25736 D CameraStateMachine: Publishing new public camera state CameraState{type=OPENING, error=null}
02-06 17:44:46.915 20609 25736 D Camera2CameraImpl: {Camera@140c78a[id=1]} Use case androidx.camera.core.Preview-674967ff-4219-4958-92c5-986f75cbd78e164408427 ACTIVE
02-06 17:44:46.916 20609 25736 D UseCaseAttachState: Active and attached use case: [androidx.camera.core.Preview-674967ff-4219-4958-92c5-986f75cbd78e164408427, androidx.camera.core.ImageAnalysis-4b2dc60b-8ed1-41b6-bd5e-c1807fc2b6af242234312] for camera: 1
