02-06 18:16:55.852 15428 15428 I SurfaceControl: nativeRelease nativeObject e[-5476376618277115968]
02-06 18:16:56.147 15428 15428 I SurfaceControl: nativeRelease nativeObject s[-5476376618215206432]
02-06 18:16:56.147 15428 15428 I SurfaceControl: nativeRelease nativeObject e[-5476376618215206432]
02-06 18:16:56.150 15428 15428 I ViewRootImpl@36d3ab1[LoginActivity]: stopped(false) old=false
02-06 18:16:56.152 15428 15428 V MediaPlayer-JNI: native_setup
02-06 18:16:56.152 15428 15428 V MediaPlayerNative: constructor
02-06 18:16:56.152 15428 15428 V MediaPlayerNative: setListener
02-06 18:16:56.160 15428 15428 V MediaPlayer-JNI: setVolume: left 1.000000  right 1.000000
02-06 18:16:56.160 15428 15428 V MediaPlayerNative: MediaPlayer::setVolume(1.000000, 1.000000)
02-06 18:16:56.160 15428 15428 V MediaPlayer-JNI: setAuxEffectSendLevel: level 0.000000
02-06 18:16:56.160 15428 15428 V MediaPlayerNative: MediaPlayer::setAuxEffectSendLevel(0.000000)
02-06 18:16:56.160 15428 15428 V MediaPlayer-JNI: setParameter: key 1400
02-06 18:16:56.160 15428 15428 V MediaPlayerNative: MediaPlayer::setParameter(1400)
02-06 18:16:56.160 15428 15428 V MediaPlayer-JNI: set_session_id(): 11465
02-06 18:16:56.160 15428 15428 V MediaPlayerNative: MediaPlayer::setAudioSessionId(11465)
02-06 18:16:56.161 15428 15428 V MediaPlayer-JNI: setDataSourceFD: fd 82
02-06 18:16:56.161 15428 15428 V MediaPlayerNative: setDataSource(82, 80149264, 611808)
02-06 18:16:56.212 15428 15428 V MediaPlayerNative: setVideoSurfaceTexture
02-06 18:16:56.212 15428 15428 V MediaPlayerNative: prepare
02-06 18:16:56.231 15428 17309 V MediaPlayerNative: message received msg=200, ext1=10973, ext2=0
02-06 18:16:56.231 15428 17309 W MediaPlayerNative: info/warning (10973, 0)
02-06 18:16:56.246 15428 17309 V MediaPlayerNative: message received msg=1, ext1=0, ext2=0
02-06 18:16:56.246 15428 17309 V MediaPlayerNative: MediaPlayer::notify() prepared
02-06 18:16:56.246 15428 17309 V MediaPlayerNative: signal application thread
02-06 18:16:56.246 15428 15428 V MediaPlayerNative: prepare complete - status=0
02-06 18:16:56.260 15428 15428 V MediaPlayerNative: invoke 76
02-06 18:16:56.262 15428 15428 V MediaPlayer-JNI: setLooping: 1
02-06 18:16:56.262 15428 15428 V MediaPlayerNative: MediaPlayer::setLooping
02-06 18:16:56.262 15428 15428 V MediaPlayer-JNI: setVolume: left 0.800000  right 0.800000
02-06 18:16:56.263 15428 15428 V MediaPlayerNative: MediaPlayer::setVolume(0.800000, 0.800000)
02-06 18:16:56.276 15428 15428 V MediaPlayer-JNI: start
02-06 18:16:56.276 15428 15428 V MediaPlayerNative: start
02-06 18:16:56.299 15428 15428 I SurfaceControl: nativeRelease nativeObject s[-5476376618202113376]
02-06 18:16:56.299 15428 15428 I SurfaceControl: nativeRelease nativeObject e[-5476376618202113376]
02-06 18:16:56.302 15428 15428 I SurfaceControl: assignNativeObject: nativeObject = 0 Surface(name=null)/@0x5e649cd / android.view.SurfaceControl.readFromParcel:1117 android.view.IWindowSession$Stub$Proxy.relayout:1820 android.view.ViewRootImpl.relayoutWindow:9005 android.view.ViewRootImpl.performTraversals:3360 android.view.ViewRootImpl.doTraversal:2618 android.view.ViewRootImpl$TraversalRunnable.run:9971 android.view.Choreographer$CallbackRecord.run:1010 android.view.Choreographer.doCallbacks:809 android.view.Choreographer.doFrame:744 android.view.Choreographer$FrameDisplayEventReceiver.run:995 
02-06 18:16:56.304 15428 15428 I SurfaceControl: nativeRelease nativeObject s[-5476376618277113568]
02-06 18:16:56.304 15428 15428 I SurfaceControl: nativeRelease nativeObject e[-5476376618277113568]
02-06 18:16:56.304 15428 15428 I SurfaceControl: nativeRelease nativeObject s[-5476376618277102208]
02-06 18:16:56.304 15428 15428 I SurfaceControl: nativeRelease nativeObject e[-5476376618277102208]
02-06 18:16:56.304 15428 15428 I SurfaceControl: nativeRelease nativeObject s[-5476376618277111328]
02-06 18:16:56.304 15428 15428 I SurfaceControl: nativeRelease nativeObject e[-5476376618277111328]
02-06 18:16:56.304 15428 15428 I ViewRootImpl@36d3ab1[LoginActivity]: Relayout returned: old=(0,0,2000,1200) new=(0,0,2000,1200) req=(2000,1200)0 dur=14 res=0x1 s={true -5476376618310496256} ch=false fn=575
02-06 18:16:56.308 15428 15428 V MediaPlayerNative: invoke 76
02-06 18:16:56.310 15428 15428 I ViewRootImpl@36d3ab1[LoginActivity]: MSG_WINDOW_FOCUS_CHANGED 1 1
02-06 18:16:56.310 15428 15428 D InputMethodManager: prepareNavigationBarInfo() DecorView@9bb0f08[LoginActivity]
02-06 18:16:56.310 15428 15428 D InputMethodManager: getNavigationBarColor() -855310
02-06 18:16:56.311 15428 15428 D InputMethodManager: prepareNavigationBarInfo() DecorView@9bb0f08[LoginActivity]
02-06 18:16:56.311 15428 15428 D InputMethodManager: getNavigationBarColor() -855310
02-06 18:16:56.311 15428 15428 V InputMethodManager: Starting input: tba=com.kyowon.literacy.store ic=null mNaviBarColor -855310 mIsGetNaviBarColorSuccess true , NavVisible : true , NavTrans : false
02-06 18:16:56.311 15428 15428 D InputMethodManager: startInputInner - Id : 0
02-06 18:16:56.311 15428 15428 I InputMethodManager: startInputInner - mService.startInputOrWindowGainedFocus
02-06 18:16:56.314 15428 15428 D InputTransport: Input channel constructed: 'ClientS', fd=95
02-06 18:16:56.314 15428 15428 D InputTransport: Input channel destroyed: 'ClientS', fd=89
02-06 18:16:56.425 15428 17309 V MediaPlayerNative: message received msg=6, ext1=0, ext2=0
02-06 18:16:56.503 15428 17309 V MediaPlayerNative: message received msg=211, ext1=0, ext2=0
02-06 18:16:56.503 15428 17309 V MediaPlayerNative: message received msg=211, ext1=0, ext2=0
02-06 18:16:56.515 15428 16956 I SurfaceControl: nativeRelease nativeObject s[-5476376618215206432]
02-06 18:16:56.515 15428 16956 I SurfaceControl: nativeRelease nativeObject e[-5476376618215206432]
02-06 18:16:56.516 15428 16956 I SurfaceControl: nativeRelease nativeObject s[-5476376618277115968]
02-06 18:16:56.516 15428 16956 I SurfaceControl: nativeRelease nativeObject e[-5476376618277115968]
02-06 18:16:56.549 15428 15428 V MediaPlayer-JNI: getCurrentPosition: 97 (msec)
02-06 18:16:57.898 15428 15428 V MediaPlayer-JNI: stop
02-06 18:16:57.898 15428 15428 V MediaPlayerNative: stop
02-06 18:16:57.898 15428 17309 V MediaPlayerNative: message received msg=8, ext1=0, ext2=0
02-06 18:16:57.898 15428 17309 V MediaPlayerNative: message received msg=211, ext1=0, ext2=0
02-06 18:16:57.904 15428 15428 V MediaPlayer: resetDrmState:  mDrmInfo=null mDrmProvisioningThread=null mPrepareDrmInProgress=false mActiveDrmScheme=false
02-06 18:16:57.904 15428 15428 V MediaPlayer: cleanDrmObj: mDrmObj=null mDrmSessionId=null
02-06 18:16:57.904 15428 15428 V MediaPlayer-JNI: release
02-06 18:16:57.904 15428 15428 V MediaPlayerNative: setListener
02-06 18:16:57.904 15428 15428 V MediaPlayerNative: disconnect
02-06 18:16:57.924 15428 15428 V MediaPlayerNative: destructor
02-06 18:16:57.924 15428 15428 V MediaPlayerNative: disconnect
02-06 18:16:57.976 15428 15428 W MediaPlayer: mediaplayer went away with unhandled events
02-06 18:16:57.976 15428 15428 W MediaPlayer: mediaplayer went away with unhandled events
02-06 18:16:58.115 15428 15428 I ViewRootImpl@36d3ab1[LoginActivity]: MSG_WINDOW_FOCUS_CHANGED 0 1
02-06 18:16:58.370 15428 15428 I ViewRootImpl@36d3ab1[LoginActivity]: stopped(false) old=false
02-06 18:16:58.371 15428 15428 V MediaPlayer-JNI: native_setup
02-06 18:16:58.371 15428 15428 V MediaPlayerNative: constructor
02-06 18:16:58.372 15428 15428 V MediaPlayerNative: setListener
02-06 18:16:58.375 15428 15428 V MediaPlayer-JNI: setVolume: left 1.000000  right 1.000000
02-06 18:16:58.375 15428 15428 V MediaPlayerNative: MediaPlayer::setVolume(1.000000, 1.000000)
02-06 18:16:58.375 15428 15428 V MediaPlayer-JNI: setAuxEffectSendLevel: level 0.000000
02-06 18:16:58.375 15428 15428 V MediaPlayerNative: MediaPlayer::setAuxEffectSendLevel(0.000000)
02-06 18:16:58.375 15428 15428 V MediaPlayer-JNI: setParameter: key 1400
02-06 18:16:58.375 15428 15428 V MediaPlayerNative: MediaPlayer::setParameter(1400)
02-06 18:16:58.375 15428 15428 V MediaPlayer-JNI: set_session_id(): 11481
02-06 18:16:58.375 15428 15428 V MediaPlayerNative: MediaPlayer::setAudioSessionId(11481)
02-06 18:16:58.376 15428 15428 V MediaPlayer-JNI: setDataSourceFD: fd 82
02-06 18:16:58.376 15428 15428 V MediaPlayerNative: setDataSource(82, 80149264, 611808)
02-06 18:16:58.385 15428 15428 V MediaPlayerNative: setVideoSurfaceTexture
02-06 18:16:58.385 15428 15428 V MediaPlayerNative: prepare
02-06 18:16:58.406 15428 17309 V MediaPlayerNative: message received msg=200, ext1=10973, ext2=0
02-06 18:16:58.406 15428 17309 W MediaPlayerNative: info/warning (10973, 0)
02-06 18:16:58.407 15428 17309 V MediaPlayerNative: message received msg=1, ext1=0, ext2=0
02-06 18:16:58.407 15428 17309 V MediaPlayerNative: MediaPlayer::notify() prepared
02-06 18:16:58.407 15428 17309 V MediaPlayerNative: signal application thread
02-06 18:16:58.408 15428 15428 V MediaPlayerNative: prepare complete - status=0
02-06 18:16:58.412 15428 15428 V MediaPlayerNative: invoke 76
02-06 18:16:58.413 15428 15428 V MediaPlayer-JNI: setLooping: 1
02-06 18:16:58.413 15428 15428 V MediaPlayerNative: MediaPlayer::setLooping
02-06 18:16:58.413 15428 15428 V MediaPlayer-JNI: setVolume: left 0.800000  right 0.800000
02-06 18:16:58.413 15428 15428 V MediaPlayerNative: MediaPlayer::setVolume(0.800000, 0.800000)
02-06 18:16:58.414 15428 15428 V MediaPlayer-JNI: start
02-06 18:16:58.414 15428 15428 V MediaPlayerNative: start
02-06 18:16:58.419 15428 15428 I ViewRootImpl@36d3ab1[LoginActivity]: MSG_WINDOW_FOCUS_CHANGED 1 1
02-06 18:16:58.419 15428 15428 D InputMethodManager: prepareNavigationBarInfo() DecorView@9bb0f08[LoginActivity]
02-06 18:16:58.419 15428 15428 D InputMethodManager: getNavigationBarColor() -855310
02-06 18:16:58.420 15428 15428 D InputMethodManager: prepareNavigationBarInfo() DecorView@9bb0f08[LoginActivity]
02-06 18:16:58.421 15428 15428 D InputMethodManager: getNavigationBarColor() -855310
02-06 18:16:58.421 15428 15428 V InputMethodManager: Starting input: tba=com.kyowon.literacy.store ic=null mNaviBarColor -855310 mIsGetNaviBarColorSuccess true , NavVisible : true , NavTrans : false
02-06 18:16:58.421 15428 15428 D InputMethodManager: startInputInner - Id : 0
02-06 18:16:58.421 15428 15428 I InputMethodManager: startInputInner - mService.startInputOrWindowGainedFocus
02-06 18:16:58.422 15428 15428 D InputTransport: Input channel constructed: 'ClientS', fd=91
02-06 18:16:58.422 15428 15428 D InputTransport: Input channel destroyed: 'ClientS', fd=95
02-06 18:16:58.434 15428 15428 I SurfaceControl: nativeRelease nativeObject s[-5476376618202818144]
02-06 18:16:58.434 15428 15428 I SurfaceControl: nativeRelease nativeObject e[-5476376618202818144]
02-06 18:16:58.435 15428 15428 I SurfaceControl: assignNativeObject: nativeObject = 0 Surface(name=null)/@0x5e649cd / android.view.SurfaceControl.readFromParcel:1117 android.view.IWindowSession$Stub$Proxy.relayout:1820 android.view.ViewRootImpl.relayoutWindow:9005 android.view.ViewRootImpl.performTraversals:3360 android.view.ViewRootImpl.doTraversal:2618 android.view.ViewRootImpl$TraversalRunnable.run:9971 android.view.Choreographer$CallbackRecord.run:1010 android.view.Choreographer.doCallbacks:809 android.view.Choreographer.doFrame:744 android.view.Choreographer$FrameDisplayEventReceiver.run:995 
02-06 18:16:58.436 15428 15428 I SurfaceControl: nativeRelease nativeObject s[-5476376618202113376]
02-06 18:16:58.436 15428 15428 I SurfaceControl: nativeRelease nativeObject e[-5476376618202113376]
02-06 18:16:58.436 15428 15428 I SurfaceControl: nativeRelease nativeObject s[-5476376618202111776]
02-06 18:16:58.436 15428 15428 I SurfaceControl: nativeRelease nativeObject e[-5476376618202111776]
02-06 18:16:58.436 15428 15428 I SurfaceControl: nativeRelease nativeObject s[-5476376618277115808]
02-06 18:16:58.436 15428 15428 I SurfaceControl: nativeRelease nativeObject e[-5476376618277115808]
02-06 18:16:58.436 15428 15428 I ViewRootImpl@36d3ab1[LoginActivity]: Relayout returned: old=(0,0,2000,1200) new=(0,0,2000,1200) req=(2000,1200)0 dur=7 res=0x1 s={true -5476376618310496256} ch=false fn=614
02-06 18:16:58.438 15428 15428 V MediaPlayerNative: invoke 76
02-06 18:16:58.513 15428 17309 V MediaPlayerNative: message received msg=6, ext1=0, ext2=0
02-06 18:16:58.607 15428 17309 V MediaPlayerNative: message received msg=211, ext1=0, ext2=0
02-06 18:16:58.608 15428 16902 V MediaPlayerNative: message received msg=211, ext1=0, ext2=0
02-06 18:16:58.666 15428 15428 V MediaPlayer-JNI: getCurrentPosition: 122 (msec)
02-06 18:17:01.121 15428 15428 V MediaPlayer-JNI: stop
02-06 18:17:01.121 15428 15428 V MediaPlayerNative: stop
02-06 18:17:01.121 15428 16902 V MediaPlayerNative: message received msg=8, ext1=0, ext2=0
02-06 18:17:01.122 15428 16902 V MediaPlayerNative: message received msg=211, ext1=0, ext2=0
02-06 18:17:01.123 15428 15428 V MediaPlayer: resetDrmState:  mDrmInfo=null mDrmProvisioningThread=null mPrepareDrmInProgress=false mActiveDrmScheme=false
02-06 18:17:01.123 15428 15428 V MediaPlayer: cleanDrmObj: mDrmObj=null mDrmSessionId=null
02-06 18:17:01.123 15428 15428 V MediaPlayer-JNI: release
02-06 18:17:01.123 15428 15428 V MediaPlayerNative: setListener
02-06 18:17:01.123 15428 15428 V MediaPlayerNative: disconnect
02-06 18:17:01.137 15428 15428 V MediaPlayerNative: destructor
02-06 18:17:01.139 15428 15428 V MediaPlayerNative: disconnect
02-06 18:17:01.184 15428 15428 W MediaPlayer: mediaplayer went away with unhandled events
02-06 18:17:01.184 15428 15428 W MediaPlayer: mediaplayer went away with unhandled events
02-06 18:17:01.259 15428 15428 I ViewRootImpl@36d3ab1[LoginActivity]: MSG_WINDOW_FOCUS_CHANGED 0 1
02-06 18:17:01.572 15428 15428 I ViewRootImpl@36d3ab1[LoginActivity]: stopped(false) old=false
02-06 18:17:01.573 15428 15428 V MediaPlayer-JNI: native_setup
02-06 18:17:01.573 15428 15428 V MediaPlayerNative: constructor
02-06 18:17:01.573 15428 15428 V MediaPlayerNative: setListener
02-06 18:17:01.576 15428 15428 V MediaPlayer-JNI: setVolume: left 1.000000  right 1.000000
02-06 18:17:01.577 15428 15428 V MediaPlayerNative: MediaPlayer::setVolume(1.000000, 1.000000)
02-06 18:17:01.577 15428 15428 V MediaPlayer-JNI: setAuxEffectSendLevel: level 0.000000
02-06 18:17:01.577 15428 15428 V MediaPlayerNative: MediaPlayer::setAuxEffectSendLevel(0.000000)
02-06 18:17:01.577 15428 15428 V MediaPlayer-JNI: setParameter: key 1400
02-06 18:17:01.577 15428 15428 V MediaPlayerNative: MediaPlayer::setParameter(1400)
02-06 18:17:01.577 15428 15428 V MediaPlayer-JNI: set_session_id(): 11497
02-06 18:17:01.577 15428 15428 V MediaPlayerNative: MediaPlayer::setAudioSessionId(11497)
02-06 18:17:01.577 15428 15428 V MediaPlayer-JNI: setDataSourceFD: fd 82
02-06 18:17:01.577 15428 15428 V MediaPlayerNative: setDataSource(82, 80149264, 611808)
02-06 18:17:01.591 15428 15428 V MediaPlayerNative: setVideoSurfaceTexture
02-06 18:17:01.591 15428 15428 V MediaPlayerNative: prepare
02-06 18:17:01.616 15428 17309 V MediaPlayerNative: message received msg=200, ext1=10973, ext2=0
02-06 18:17:01.616 15428 17309 W MediaPlayerNative: info/warning (10973, 0)
02-06 18:17:01.618 15428 16893 V MediaPlayerNative: message received msg=1, ext1=0, ext2=0
02-06 18:17:01.618 15428 16893 V MediaPlayerNative: MediaPlayer::notify() prepared
02-06 18:17:01.618 15428 16893 V MediaPlayerNative: signal application thread
02-06 18:17:01.618 15428 15428 V MediaPlayerNative: prepare complete - status=0
02-06 18:17:01.621 15428 15428 V MediaPlayerNative: invoke 76
02-06 18:17:01.622 15428 15428 V MediaPlayer-JNI: setLooping: 1
02-06 18:17:01.622 15428 15428 V MediaPlayerNative: MediaPlayer::setLooping
02-06 18:17:01.623 15428 15428 V MediaPlayer-JNI: setVolume: left 0.800000  right 0.800000
02-06 18:17:01.623 15428 15428 V MediaPlayerNative: MediaPlayer::setVolume(0.800000, 0.800000)
02-06 18:17:01.623 15428 15428 V MediaPlayer-JNI: start
02-06 18:17:01.623 15428 15428 V MediaPlayerNative: start
02-06 18:17:01.628 15428 15428 I ViewRootImpl@36d3ab1[LoginActivity]: MSG_WINDOW_FOCUS_CHANGED 1 1
02-06 18:17:01.629 15428 15428 D InputMethodManager: prepareNavigationBarInfo() DecorView@9bb0f08[LoginActivity]
02-06 18:17:01.629 15428 15428 D InputMethodManager: getNavigationBarColor() -855310
02-06 18:17:01.631 15428 15428 D InputMethodManager: prepareNavigationBarInfo() DecorView@9bb0f08[LoginActivity]
02-06 18:17:01.631 15428 15428 D InputMethodManager: getNavigationBarColor() -855310
02-06 18:17:01.631 15428 15428 V InputMethodManager: Starting input: tba=com.kyowon.literacy.store ic=null mNaviBarColor -855310 mIsGetNaviBarColorSuccess true , NavVisible : true , NavTrans : false
02-06 18:17:01.631 15428 15428 D InputMethodManager: startInputInner - Id : 0
02-06 18:17:01.631 15428 15428 I InputMethodManager: startInputInner - mService.startInputOrWindowGainedFocus
02-06 18:17:01.635 15428 15428 D InputTransport: Input channel constructed: 'ClientS', fd=105
02-06 18:17:01.635 15428 15428 D InputTransport: Input channel destroyed: 'ClientS', fd=91
02-06 18:17:01.653 15428 15428 I SurfaceControl: nativeRelease nativeObject s[-5476376618277111328]
02-06 18:17:01.653 15428 15428 I SurfaceControl: nativeRelease nativeObject e[-5476376618277111328]
02-06 18:17:01.655 15428 15428 I SurfaceControl: assignNativeObject: nativeObject = 0 Surface(name=null)/@0x5e649cd / android.view.SurfaceControl.readFromParcel:1117 android.view.IWindowSession$Stub$Proxy.relayout:1820 android.view.ViewRootImpl.relayoutWindow:9005 android.view.ViewRootImpl.performTraversals:3360 android.view.ViewRootImpl.doTraversal:2618 android.view.ViewRootImpl$TraversalRunnable.run:9971 android.view.Choreographer$CallbackRecord.run:1010 android.view.Choreographer.doCallbacks:809 android.view.Choreographer.doFrame:744 android.view.Choreographer$FrameDisplayEventReceiver.run:995 
02-06 18:17:01.662 15428 15428 I SurfaceControl: nativeRelease nativeObject s[-5476376618202818144]
02-06 18:17:01.662 15428 15428 I SurfaceControl: nativeRelease nativeObject e[-5476376618202818144]
02-06 18:17:01.663 15428 15428 I SurfaceControl: nativeRelease nativeObject s[-5476376618277113568]
02-06 18:17:01.663 15428 15428 I SurfaceControl: nativeRelease nativeObject e[-5476376618277113568]
02-06 18:17:01.663 15428 15428 I SurfaceControl: nativeRelease nativeObject s[-5476376618277102208]
02-06 18:17:01.663 15428 15428 I SurfaceControl: nativeRelease nativeObject e[-5476376618277102208]
02-06 18:17:01.664 15428 15428 I ViewRootImpl@36d3ab1[LoginActivity]: Relayout returned: old=(0,0,2000,1200) new=(0,0,2000,1200) req=(2000,1200)0 dur=9 res=0x1 s={true -5476376618310496256} ch=false fn=683
02-06 18:17:01.673 15428 15428 V MediaPlayerNative: invoke 76
02-06 18:17:01.807 15428 16893 V MediaPlayerNative: message received msg=6, ext1=0, ext2=0
02-06 18:17:01.922 15428 16893 V MediaPlayerNative: message received msg=211, ext1=0, ext2=0
02-06 18:17:01.922 15428 16893 V MediaPlayerNative: message received msg=211, ext1=0, ext2=0
02-06 18:17:01.935 15428 15428 V MediaPlayer-JNI: getCurrentPosition: 69 (msec)
02-06 18:17:03.058 15428 15428 E AccessibilityInteractionController: remote exception in updateInfosForViewportAndReturnFindNodeResult()
02-06 18:17:03.507 15428 15428 V MediaPlayer-JNI: stop
02-06 18:17:03.507 15428 15428 V MediaPlayerNative: stop
02-06 18:17:03.508 15428 17309 V MediaPlayerNative: message received msg=8, ext1=0, ext2=0
02-06 18:17:03.509 15428 17309 V MediaPlayerNative: message received msg=211, ext1=0, ext2=0
02-06 18:17:03.510 15428 15428 V MediaPlayer: resetDrmState:  mDrmInfo=null mDrmProvisioningThread=null mPrepareDrmInProgress=false mActiveDrmScheme=false
02-06 18:17:03.510 15428 15428 V MediaPlayer: cleanDrmObj: mDrmObj=null mDrmSessionId=null
02-06 18:17:03.510 15428 15428 V MediaPlayer-JNI: release
02-06 18:17:03.510 15428 15428 V MediaPlayerNative: setListener
02-06 18:17:03.510 15428 15428 V MediaPlayerNative: disconnect
02-06 18:17:03.535 15428 15428 V MediaPlayerNative: destructor
02-06 18:17:03.536 15428 15428 V MediaPlayerNative: disconnect
02-06 18:17:03.581 15428 15428 W MediaPlayer: mediaplayer went away with unhandled events
02-06 18:17:03.581 15428 15428 W MediaPlayer: mediaplayer went away with unhandled events
02-06 18:17:03.763 15428 15428 I ViewRootImpl@36d3ab1[LoginActivity]: MSG_WINDOW_FOCUS_CHANGED 0 1
02-06 18:17:04.123 15428 15428 I ViewRootImpl@36d3ab1[LoginActivity]: MSG_WINDOW_FOCUS_CHANGED 1 1
02-06 18:17:04.123 15428 15428 D InputMethodManager: prepareNavigationBarInfo() DecorView@9bb0f08[LoginActivity]
02-06 18:17:04.123 15428 15428 D InputMethodManager: getNavigationBarColor() -855310
02-06 18:17:04.125 15428 15428 D InputMethodManager: prepareNavigationBarInfo() DecorView@9bb0f08[LoginActivity]
02-06 18:17:04.125 15428 15428 D InputMethodManager: getNavigationBarColor() -855310
02-06 18:17:04.125 15428 15428 V InputMethodManager: Starting input: tba=com.kyowon.literacy.store ic=null mNaviBarColor -855310 mIsGetNaviBarColorSuccess true , NavVisible : true , NavTrans : false
02-06 18:17:04.125 15428 15428 D InputMethodManager: startInputInner - Id : 0
02-06 18:17:04.125 15428 15428 I InputMethodManager: startInputInner - mService.startInputOrWindowGainedFocus
02-06 18:17:04.129 15428 15428 D InputTransport: Input channel constructed: 'ClientS', fd=91
02-06 18:17:04.129 15428 15428 D InputTransport: Input channel destroyed: 'ClientS', fd=105
02-06 18:17:04.250 15428 15428 I ViewRootImpl@36d3ab1[LoginActivity]: stopped(false) old=false
02-06 18:17:04.252 15428 15428 V MediaPlayer-JNI: native_setup
02-06 18:17:04.252 15428 15428 V MediaPlayerNative: constructor
02-06 18:17:04.252 15428 15428 V MediaPlayerNative: setListener
02-06 18:17:04.264 15428 15428 V MediaPlayer-JNI: setVolume: left 1.000000  right 1.000000
02-06 18:17:04.264 15428 15428 V MediaPlayerNative: MediaPlayer::setVolume(1.000000, 1.000000)
02-06 18:17:04.264 15428 15428 V MediaPlayer-JNI: setAuxEffectSendLevel: level 0.000000
02-06 18:17:04.264 15428 15428 V MediaPlayerNative: MediaPlayer::setAuxEffectSendLevel(0.000000)
02-06 18:17:04.264 15428 15428 V MediaPlayer-JNI: setParameter: key 1400
02-06 18:17:04.264 15428 15428 V MediaPlayerNative: MediaPlayer::setParameter(1400)
02-06 18:17:04.264 15428 15428 V MediaPlayer-JNI: set_session_id(): 11513
02-06 18:17:04.264 15428 15428 V MediaPlayerNative: MediaPlayer::setAudioSessionId(11513)
02-06 18:17:04.265 15428 15428 V MediaPlayer-JNI: setDataSourceFD: fd 82
02-06 18:17:04.265 15428 15428 V MediaPlayerNative: setDataSource(82, 80149264, 611808)
02-06 18:17:04.297 15428 15428 V MediaPlayerNative: setVideoSurfaceTexture
02-06 18:17:04.298 15428 15428 V MediaPlayerNative: prepare
02-06 18:17:04.328 15428 16893 V MediaPlayerNative: message received msg=200, ext1=10973, ext2=0
02-06 18:17:04.328 15428 16893 W MediaPlayerNative: info/warning (10973, 0)
02-06 18:17:04.329 15428 16893 V MediaPlayerNative: message received msg=1, ext1=0, ext2=0
02-06 18:17:04.329 15428 16893 V MediaPlayerNative: MediaPlayer::notify() prepared
02-06 18:17:04.329 15428 16893 V MediaPlayerNative: signal application thread
02-06 18:17:04.329 15428 15428 V MediaPlayerNative: prepare complete - status=0
02-06 18:17:04.337 15428 15428 V MediaPlayerNative: invoke 76
02-06 18:17:04.337 15428 15428 V MediaPlayer-JNI: setLooping: 1
02-06 18:17:04.337 15428 15428 V MediaPlayerNative: MediaPlayer::setLooping
02-06 18:17:04.338 15428 15428 V MediaPlayer-JNI: setVolume: left 0.800000  right 0.800000
02-06 18:17:04.338 15428 15428 V MediaPlayerNative: MediaPlayer::setVolume(0.800000, 0.800000)
02-06 18:17:04.338 15428 15428 V MediaPlayer-JNI: start
02-06 18:17:04.338 15428 15428 V MediaPlayerNative: start
02-06 18:17:04.354 15428 15428 I SurfaceControl: nativeRelease nativeObject s[-5476376618277115808]
02-06 18:17:04.354 15428 15428 I SurfaceControl: nativeRelease nativeObject e[-5476376618277115808]
02-06 18:17:04.356 15428 15428 I SurfaceControl: assignNativeObject: nativeObject = 0 Surface(name=null)/@0x5e649cd / android.view.SurfaceControl.readFromParcel:1117 android.view.IWindowSession$Stub$Proxy.relayout:1820 android.view.ViewRootImpl.relayoutWindow:9005 android.view.ViewRootImpl.performTraversals:3360 android.view.ViewRootImpl.doTraversal:2618 android.view.ViewRootImpl$TraversalRunnable.run:9971 android.view.Choreographer$CallbackRecord.run:1010 android.view.Choreographer.doCallbacks:809 android.view.Choreographer.doFrame:744 android.view.Choreographer$FrameDisplayEventReceiver.run:995 
02-06 18:17:04.358 15428 15428 I SurfaceControl: nativeRelease nativeObject s[-5476376618277111328]
02-06 18:17:04.358 15428 15428 I SurfaceControl: nativeRelease nativeObject e[-5476376618277111328]
02-06 18:17:04.358 15428 15428 I SurfaceControl: nativeRelease nativeObject s[-5476376618202113376]
02-06 18:17:04.358 15428 15428 I SurfaceControl: nativeRelease nativeObject e[-5476376618202113376]
02-06 18:17:04.358 15428 15428 I SurfaceControl: nativeRelease nativeObject s[-5476376618202111776]
02-06 18:17:04.358 15428 15428 I SurfaceControl: nativeRelease nativeObject e[-5476376618202111776]
02-06 18:17:04.358 15428 15428 I ViewRootImpl@36d3ab1[LoginActivity]: Relayout returned: old=(0,0,2000,1200) new=(0,0,2000,1200) req=(2000,1200)0 dur=12 res=0x1 s={true -5476376618310496256} ch=false fn=724
02-06 18:17:04.369 15428 15428 V MediaPlayerNative: invoke 76
02-06 18:17:04.500 15428 16893 V MediaPlayerNative: message received msg=6, ext1=0, ext2=0
02-06 18:17:04.592 15428 16893 V MediaPlayerNative: message received msg=211, ext1=0, ext2=0
02-06 18:17:04.592 15428 16893 V MediaPlayerNative: message received msg=211, ext1=0, ext2=0
02-06 18:17:04.646 15428 15428 V MediaPlayer-JNI: getCurrentPosition: 108 (msec)
02-06 18:17:06.789 15428 15428 V MediaPlayer-JNI: stop
02-06 18:17:06.789 15428 15428 V MediaPlayerNative: stop
02-06 18:17:06.790 15428 17309 V MediaPlayerNative: message received msg=8, ext1=0, ext2=0
02-06 18:17:06.791 15428 17309 V MediaPlayerNative: message received msg=211, ext1=0, ext2=0
02-06 18:17:06.792 15428 15428 V MediaPlayer: resetDrmState:  mDrmInfo=null mDrmProvisioningThread=null mPrepareDrmInProgress=false mActiveDrmScheme=false
02-06 18:17:06.793 15428 15428 V MediaPlayer: cleanDrmObj: mDrmObj=null mDrmSessionId=null
02-06 18:17:06.793 15428 15428 V MediaPlayer-JNI: release
02-06 18:17:06.793 15428 15428 V MediaPlayerNative: setListener
02-06 18:17:06.793 15428 15428 V MediaPlayerNative: disconnect
02-06 18:17:06.808 15428 15428 V MediaPlayerNative: destructor
02-06 18:17:06.812 15428 15428 V MediaPlayerNative: disconnect
02-06 18:17:06.847 15428 15428 W MediaPlayer: mediaplayer went away with unhandled events
02-06 18:17:06.847 15428 15428 W MediaPlayer: mediaplayer went away with unhandled events
02-06 18:17:06.992 15428 15428 I ViewRootImpl@36d3ab1[LoginActivity]: MSG_WINDOW_FOCUS_CHANGED 0 1
02-06 18:17:07.140 15428 15428 I ViewRootImpl@36d3ab1[LoginActivity]: MSG_WINDOW_FOCUS_CHANGED 1 1
02-06 18:17:07.140 15428 15428 D InputMethodManager: prepareNavigationBarInfo() DecorView@9bb0f08[LoginActivity]
02-06 18:17:07.140 15428 15428 D InputMethodManager: getNavigationBarColor() -855310
02-06 18:17:07.142 15428 15428 D InputMethodManager: prepareNavigationBarInfo() DecorView@9bb0f08[LoginActivity]
02-06 18:17:07.142 15428 15428 D InputMethodManager: getNavigationBarColor() -855310
02-06 18:17:07.142 15428 15428 V InputMethodManager: Starting input: tba=com.kyowon.literacy.store ic=null mNaviBarColor -855310 mIsGetNaviBarColorSuccess true , NavVisible : true , NavTrans : false
02-06 18:17:07.142 15428 15428 D InputMethodManager: startInputInner - Id : 0
02-06 18:17:07.142 15428 15428 I InputMethodManager: startInputInner - mService.startInputOrWindowGainedFocus
02-06 18:17:07.153 15428 15428 D InputTransport: Input channel constructed: 'ClientS', fd=94
02-06 18:17:07.153 15428 15428 D InputTransport: Input channel destroyed: 'ClientS', fd=91
02-06 18:17:07.249 15428 15428 I ViewRootImpl@36d3ab1[LoginActivity]: stopped(false) old=false
02-06 18:17:07.256 15428 15428 V MediaPlayer-JNI: native_setup
02-06 18:17:07.256 15428 15428 V MediaPlayerNative: constructor
02-06 18:17:07.257 15428 15428 V MediaPlayerNative: setListener
02-06 18:17:07.260 15428 15428 V MediaPlayer-JNI: setVolume: left 1.000000  right 1.000000
02-06 18:17:07.260 15428 15428 V MediaPlayerNative: MediaPlayer::setVolume(1.000000, 1.000000)
02-06 18:17:07.260 15428 15428 V MediaPlayer-JNI: setAuxEffectSendLevel: level 0.000000
02-06 18:17:07.260 15428 15428 V MediaPlayerNative: MediaPlayer::setAuxEffectSendLevel(0.000000)
02-06 18:17:07.260 15428 15428 V MediaPlayer-JNI: setParameter: key 1400
02-06 18:17:07.260 15428 15428 V MediaPlayerNative: MediaPlayer::setParameter(1400)
02-06 18:17:07.260 15428 15428 V MediaPlayer-JNI: set_session_id(): 11529
02-06 18:17:07.260 15428 15428 V MediaPlayerNative: MediaPlayer::setAudioSessionId(11529)
02-06 18:17:07.261 15428 15428 V MediaPlayer-JNI: setDataSourceFD: fd 82
02-06 18:17:07.261 15428 15428 V MediaPlayerNative: setDataSource(82, 80149264, 611808)
02-06 18:17:07.288 15428 15428 V MediaPlayerNative: setVideoSurfaceTexture
02-06 18:17:07.289 15428 15428 V MediaPlayerNative: prepare
02-06 18:17:07.325 15428 16884 V MediaPlayerNative: message received msg=200, ext1=10973, ext2=0
02-06 18:17:07.325 15428 16884 W MediaPlayerNative: info/warning (10973, 0)
02-06 18:17:07.326 15428 16884 V MediaPlayerNative: message received msg=1, ext1=0, ext2=0
02-06 18:17:07.326 15428 16884 V MediaPlayerNative: MediaPlayer::notify() prepared
02-06 18:17:07.326 15428 16884 V MediaPlayerNative: signal application thread
02-06 18:17:07.327 15428 15428 V MediaPlayerNative: prepare complete - status=0
02-06 18:17:07.339 15428 15428 V MediaPlayerNative: invoke 76
02-06 18:17:07.340 15428 15428 V MediaPlayer-JNI: setLooping: 1
02-06 18:17:07.340 15428 15428 V MediaPlayerNative: MediaPlayer::setLooping
02-06 18:17:07.340 15428 15428 V MediaPlayer-JNI: setVolume: left 0.800000  right 0.800000
02-06 18:17:07.340 15428 15428 V MediaPlayerNative: MediaPlayer::setVolume(0.800000, 0.800000)
02-06 18:17:07.340 15428 15428 V MediaPlayer-JNI: start
02-06 18:17:07.340 15428 15428 V MediaPlayerNative: start
02-06 18:17:07.366 15428 15428 I SurfaceControl: nativeRelease nativeObject s[-5476376618277102208]
02-06 18:17:07.366 15428 15428 I SurfaceControl: nativeRelease nativeObject e[-5476376618277102208]
02-06 18:17:07.367 15428 15428 I SurfaceControl: assignNativeObject: nativeObject = 0 Surface(name=null)/@0x5e649cd / android.view.SurfaceControl.readFromParcel:1117 android.view.IWindowSession$Stub$Proxy.relayout:1820 android.view.ViewRootImpl.relayoutWindow:9005 android.view.ViewRootImpl.performTraversals:3360 android.view.ViewRootImpl.doTraversal:2618 android.view.ViewRootImpl$TraversalRunnable.run:9971 android.view.Choreographer$CallbackRecord.run:1010 android.view.Choreographer.doCallbacks:809 android.view.Choreographer.doFrame:744 android.view.Choreographer$FrameDisplayEventReceiver.run:995 
02-06 18:17:07.368 15428 15428 I SurfaceControl: nativeRelease nativeObject s[-5476376618277115808]
02-06 18:17:07.368 15428 15428 I SurfaceControl: nativeRelease nativeObject e[-5476376618277115808]
02-06 18:17:07.368 15428 15428 I SurfaceControl: nativeRelease nativeObject s[-5476376618202818144]
02-06 18:17:07.368 15428 15428 I SurfaceControl: nativeRelease nativeObject e[-5476376618202818144]
02-06 18:17:07.368 15428 15428 I SurfaceControl: nativeRelease nativeObject s[-5476376618277113568]
02-06 18:17:07.368 15428 15428 I SurfaceControl: nativeRelease nativeObject e[-5476376618277113568]
02-06 18:17:07.368 15428 15428 I ViewRootImpl@36d3ab1[LoginActivity]: Relayout returned: old=(0,0,2000,1200) new=(0,0,2000,1200) req=(2000,1200)0 dur=8 res=0x1 s={true -5476376618310496256} ch=false fn=784
02-06 18:17:07.372 15428 15428 V MediaPlayerNative: invoke 76
02-06 18:17:07.476 15428 16884 V MediaPlayerNative: message received msg=6, ext1=0, ext2=0
02-06 18:17:07.555 15428 16884 V MediaPlayerNative: message received msg=211, ext1=0, ext2=0
02-06 18:17:07.555 15428 16884 V MediaPlayerNative: message received msg=211, ext1=0, ext2=0
02-06 18:17:07.667 15428 15428 V MediaPlayer-JNI: getCurrentPosition: 163 (msec)
02-06 18:17:08.932 15428 15428 V MediaPlayer-JNI: stop
02-06 18:17:08.932 15428 15428 V MediaPlayerNative: stop
02-06 18:17:08.933 15428 15428 V MediaPlayer: resetDrmState:  mDrmInfo=null mDrmProvisioningThread=null mPrepareDrmInProgress=false mActiveDrmScheme=false
02-06 18:17:08.933 15428 15428 V MediaPlayer: cleanDrmObj: mDrmObj=null mDrmSessionId=null
02-06 18:17:08.933 15428 15428 V MediaPlayer-JNI: release
02-06 18:17:08.933 15428 15428 V MediaPlayerNative: setListener
02-06 18:17:08.933 15428 15428 V MediaPlayerNative: disconnect
02-06 18:17:08.935 15428 17309 V MediaPlayerNative: message received msg=8, ext1=0, ext2=0
02-06 18:17:08.935 15428 17309 V MediaPlayerNative: notify(8, 0, 0) callback on disconnected mediaplayer
02-06 18:17:08.969 15428 15428 V MediaPlayerNative: destructor
02-06 18:17:08.970 15428 15428 V MediaPlayerNative: disconnect
02-06 18:17:09.068 15428 15428 I ViewRootImpl@36d3ab1[LoginActivity]: MSG_WINDOW_FOCUS_CHANGED 0 1
02-06 18:17:09.526 15428 15428 I ViewRootImpl@36d3ab1[LoginActivity]: stopped(false) old=false
02-06 18:17:09.528 15428 15428 V MediaPlayer-JNI: native_setup
02-06 18:17:09.528 15428 15428 V MediaPlayerNative: constructor
02-06 18:17:09.545 15428 15428 V MediaPlayerNative: setListener
02-06 18:17:09.548 15428 15428 V MediaPlayer-JNI: setVolume: left 1.000000  right 1.000000
02-06 18:17:09.548 15428 15428 V MediaPlayerNative: MediaPlayer::setVolume(1.000000, 1.000000)
02-06 18:17:09.548 15428 15428 V MediaPlayer-JNI: setAuxEffectSendLevel: level 0.000000
02-06 18:17:09.548 15428 15428 V MediaPlayerNative: MediaPlayer::setAuxEffectSendLevel(0.000000)
02-06 18:17:09.548 15428 15428 V MediaPlayer-JNI: setParameter: key 1400
02-06 18:17:09.548 15428 15428 V MediaPlayerNative: MediaPlayer::setParameter(1400)
02-06 18:17:09.548 15428 15428 V MediaPlayer-JNI: set_session_id(): 11545
02-06 18:17:09.548 15428 15428 V MediaPlayerNative: MediaPlayer::setAudioSessionId(11545)
02-06 18:17:09.549 15428 15428 V MediaPlayer-JNI: setDataSourceFD: fd 82
02-06 18:17:09.549 15428 15428 V MediaPlayerNative: setDataSource(82, 80149264, 611808)
02-06 18:17:09.620 15428 15428 V MediaPlayerNative: setVideoSurfaceTexture
02-06 18:17:09.620 15428 15428 V MediaPlayerNative: prepare
02-06 18:17:09.648 15428 16902 V MediaPlayerNative: message received msg=200, ext1=10973, ext2=0
02-06 18:17:09.648 15428 16902 W MediaPlayerNative: info/warning (10973, 0)
02-06 18:17:09.650 15428 16902 V MediaPlayerNative: message received msg=1, ext1=0, ext2=0
02-06 18:17:09.650 15428 16902 V MediaPlayerNative: MediaPlayer::notify() prepared
02-06 18:17:09.650 15428 16902 V MediaPlayerNative: signal application thread
02-06 18:17:09.650 15428 15428 V MediaPlayerNative: prepare complete - status=0
02-06 18:17:09.666 15428 15428 V MediaPlayerNative: invoke 76
02-06 18:17:09.667 15428 15428 V MediaPlayer-JNI: setLooping: 1
02-06 18:17:09.667 15428 15428 V MediaPlayerNative: MediaPlayer::setLooping
02-06 18:17:09.668 15428 15428 V MediaPlayer-JNI: setVolume: left 0.800000  right 0.800000
02-06 18:17:09.668 15428 15428 V MediaPlayerNative: MediaPlayer::setVolume(0.800000, 0.800000)
02-06 18:17:09.668 15428 15428 V MediaPlayer-JNI: start
02-06 18:17:09.668 15428 15428 V MediaPlayerNative: start
02-06 18:17:09.671 15428 15428 I ViewRootImpl@36d3ab1[LoginActivity]: MSG_WINDOW_FOCUS_CHANGED 1 1
02-06 18:17:09.671 15428 15428 D InputMethodManager: prepareNavigationBarInfo() DecorView@9bb0f08[LoginActivity]
02-06 18:17:09.671 15428 15428 D InputMethodManager: getNavigationBarColor() -855310
02-06 18:17:09.674 15428 15428 D InputMethodManager: prepareNavigationBarInfo() DecorView@9bb0f08[LoginActivity]
02-06 18:17:09.674 15428 15428 D InputMethodManager: getNavigationBarColor() -855310
02-06 18:17:09.674 15428 15428 V InputMethodManager: Starting input: tba=com.kyowon.literacy.store ic=null mNaviBarColor -855310 mIsGetNaviBarColorSuccess true , NavVisible : true , NavTrans : false
02-06 18:17:09.674 15428 15428 D InputMethodManager: startInputInner - Id : 0
02-06 18:17:09.674 15428 15428 I InputMethodManager: startInputInner - mService.startInputOrWindowGainedFocus
02-06 18:17:09.676 15428 15428 D InputTransport: Input channel constructed: 'ClientS', fd=91
02-06 18:17:09.676 15428 15428 D InputTransport: Input channel destroyed: 'ClientS', fd=94
02-06 18:17:09.679 15428 15428 V MediaPlayerNative: invoke 76
02-06 18:17:09.844 15428 16902 V MediaPlayerNative: message received msg=6, ext1=0, ext2=0
02-06 18:17:09.968 15428 16902 V MediaPlayerNative: message received msg=211, ext1=0, ext2=0
02-06 18:17:09.968 15428 16902 V MediaPlayerNative: message received msg=211, ext1=0, ext2=0
02-06 18:17:10.019 15428 15428 V MediaPlayer-JNI: getCurrentPosition: 104 (msec)
02-06 18:17:12.100 15428 15428 V MediaPlayer-JNI: stop
02-06 18:17:12.100 15428 15428 V MediaPlayerNative: stop
02-06 18:17:12.101 15428 15428 V MediaPlayer: resetDrmState:  mDrmInfo=null mDrmProvisioningThread=null mPrepareDrmInProgress=false mActiveDrmScheme=false
02-06 18:17:12.101 15428 15428 V MediaPlayer: cleanDrmObj: mDrmObj=null mDrmSessionId=null
02-06 18:17:12.101 15428 15428 V MediaPlayer-JNI: release
02-06 18:17:12.101 15428 15428 V MediaPlayerNative: setListener
02-06 18:17:12.101 15428 15428 V MediaPlayerNative: disconnect
02-06 18:17:12.102 15428 17309 V MediaPlayerNative: message received msg=8, ext1=0, ext2=0
02-06 18:17:12.102 15428 17309 V MediaPlayerNative: notify(8, 0, 0) callback on disconnected mediaplayer
02-06 18:17:12.102 15428 17309 V MediaPlayerNative: message received msg=211, ext1=0, ext2=0
02-06 18:17:12.102 15428 17309 V MediaPlayerNative: notify(211, 0, 0) callback on disconnected mediaplayer
02-06 18:17:12.142 15428 15428 V MediaPlayerNative: destructor
02-06 18:17:12.143 15428 15428 V MediaPlayerNative: disconnect
02-06 18:17:12.344 15428 15428 I ViewRootImpl@36d3ab1[LoginActivity]: MSG_WINDOW_FOCUS_CHANGED 0 1
02-06 18:17:12.678 15428 15428 I ViewRootImpl@36d3ab1[LoginActivity]: MSG_WINDOW_FOCUS_CHANGED 1 1
02-06 18:17:12.678 15428 15428 D InputMethodManager: prepareNavigationBarInfo() DecorView@9bb0f08[LoginActivity]
02-06 18:17:12.679 15428 15428 D InputMethodManager: getNavigationBarColor() -855310
02-06 18:17:12.680 15428 15428 D InputMethodManager: prepareNavigationBarInfo() DecorView@9bb0f08[LoginActivity]
02-06 18:17:12.680 15428 15428 D InputMethodManager: getNavigationBarColor() -855310
02-06 18:17:12.680 15428 15428 V InputMethodManager: Starting input: tba=com.kyowon.literacy.store ic=null mNaviBarColor -855310 mIsGetNaviBarColorSuccess true , NavVisible : true , NavTrans : false
02-06 18:17:12.680 15428 15428 D InputMethodManager: startInputInner - Id : 0
02-06 18:17:12.680 15428 15428 I InputMethodManager: startInputInner - mService.startInputOrWindowGainedFocus
02-06 18:17:12.682 15428 15428 D InputTransport: Input channel constructed: 'ClientS', fd=90
02-06 18:17:12.682 15428 15428 D InputTransport: Input channel destroyed: 'ClientS', fd=91
02-06 18:17:12.711 15428 15428 I ViewRootImpl@36d3ab1[LoginActivity]: stopped(false) old=false
02-06 18:17:12.712 15428 15428 V MediaPlayer-JNI: native_setup
02-06 18:17:12.712 15428 15428 V MediaPlayerNative: constructor
02-06 18:17:12.712 15428 15428 V MediaPlayerNative: setListener
02-06 18:17:12.718 15428 15428 V MediaPlayer-JNI: setVolume: left 1.000000  right 1.000000
02-06 18:17:12.718 15428 15428 V MediaPlayerNative: MediaPlayer::setVolume(1.000000, 1.000000)
02-06 18:17:12.718 15428 15428 V MediaPlayer-JNI: setAuxEffectSendLevel: level 0.000000
02-06 18:17:12.718 15428 15428 V MediaPlayerNative: MediaPlayer::setAuxEffectSendLevel(0.000000)
02-06 18:17:12.718 15428 15428 V MediaPlayer-JNI: setParameter: key 1400
02-06 18:17:12.718 15428 15428 V MediaPlayerNative: MediaPlayer::setParameter(1400)
02-06 18:17:12.718 15428 15428 V MediaPlayer-JNI: set_session_id(): 11561
02-06 18:17:12.718 15428 15428 V MediaPlayerNative: MediaPlayer::setAudioSessionId(11561)
02-06 18:17:12.719 15428 15428 V MediaPlayer-JNI: setDataSourceFD: fd 82
02-06 18:17:12.719 15428 15428 V MediaPlayerNative: setDataSource(82, 80149264, 611808)
02-06 18:17:12.737 15428 15428 V MediaPlayerNative: setVideoSurfaceTexture
02-06 18:17:12.737 15428 15428 V MediaPlayerNative: prepare
02-06 18:17:12.757 15428 17309 V MediaPlayerNative: message received msg=200, ext1=10973, ext2=0
02-06 18:17:12.757 15428 17309 W MediaPlayerNative: info/warning (10973, 0)
02-06 18:17:12.761 15428 17309 V MediaPlayerNative: message received msg=1, ext1=0, ext2=0
02-06 18:17:12.761 15428 17309 V MediaPlayerNative: MediaPlayer::notify() prepared
02-06 18:17:12.761 15428 17309 V MediaPlayerNative: signal application thread
02-06 18:17:12.761 15428 15428 V MediaPlayerNative: prepare complete - status=0
02-06 18:17:12.772 15428 15428 V MediaPlayerNative: invoke 76
02-06 18:17:12.773 15428 15428 V MediaPlayer-JNI: setLooping: 1
02-06 18:17:12.773 15428 15428 V MediaPlayerNative: MediaPlayer::setLooping
02-06 18:17:12.774 15428 15428 V MediaPlayer-JNI: setVolume: left 0.800000  right 0.800000
02-06 18:17:12.774 15428 15428 V MediaPlayerNative: MediaPlayer::setVolume(0.800000, 0.800000)
02-06 18:17:12.775 15428 15428 V MediaPlayer-JNI: start
02-06 18:17:12.775 15428 15428 V MediaPlayerNative: start
02-06 18:17:12.797 15428 15428 I SurfaceControl: nativeRelease nativeObject s[-5476376618202111776]
02-06 18:17:12.797 15428 15428 I SurfaceControl: nativeRelease nativeObject e[-5476376618202111776]
02-06 18:17:12.798 15428 15428 I SurfaceControl: assignNativeObject: nativeObject = 0 Surface(name=null)/@0x5e649cd / android.view.SurfaceControl.readFromParcel:1117 android.view.IWindowSession$Stub$Proxy.relayout:1820 android.view.ViewRootImpl.relayoutWindow:9005 android.view.ViewRootImpl.performTraversals:3360 android.view.ViewRootImpl.doTraversal:2618 android.view.ViewRootImpl$TraversalRunnable.run:9971 android.view.Choreographer$CallbackRecord.run:1010 android.view.Choreographer.doCallbacks:809 android.view.Choreographer.doFrame:744 android.view.Choreographer$FrameDisplayEventReceiver.run:995 
02-06 18:17:12.799 15428 15428 I SurfaceControl: nativeRelease nativeObject s[-5476376618277102208]
02-06 18:17:12.799 15428 15428 I SurfaceControl: nativeRelease nativeObject e[-5476376618277102208]
02-06 18:17:12.799 15428 15428 I SurfaceControl: nativeRelease nativeObject s[-5476376618277111328]
02-06 18:17:12.799 15428 15428 I SurfaceControl: nativeRelease nativeObject e[-5476376618277111328]
02-06 18:17:12.799 15428 15428 I SurfaceControl: nativeRelease nativeObject s[-5476376618202113376]
02-06 18:17:12.799 15428 15428 I SurfaceControl: nativeRelease nativeObject e[-5476376618202113376]
02-06 18:17:12.799 15428 15428 I ViewRootImpl@36d3ab1[LoginActivity]: Relayout returned: old=(0,0,2000,1200) new=(0,0,2000,1200) req=(2000,1200)0 dur=11 res=0x1 s={true -5476376618310496256} ch=false fn=877
02-06 18:17:12.802 15428 15428 V MediaPlayerNative: invoke 76
02-06 18:17:12.904 15428 17309 V MediaPlayerNative: message received msg=6, ext1=0, ext2=0
02-06 18:17:12.996 15428 17309 V MediaPlayerNative: message received msg=211, ext1=0, ext2=0
02-06 18:17:12.996 15428 15428 V MediaPlayer-JNI: getCurrentPosition: 37 (msec)
02-06 18:17:13.044 15428 17309 V MediaPlayerNative: message received msg=211, ext1=0, ext2=0
02-06 18:17:13.045 15428 17309 V MediaPlayerNative: message received msg=211, ext1=0, ext2=0
02-06 18:17:13.045 15428 16893 V MediaPlayerNative: message received msg=211, ext1=0, ext2=0
02-06 18:17:14.744 15428 15428 V MediaPlayer-JNI: stop
02-06 18:17:14.744 15428 15428 V MediaPlayerNative: stop
02-06 18:17:14.746 15428 16902 V MediaPlayerNative: message received msg=8, ext1=0, ext2=0
02-06 18:17:14.749 15428 15428 V MediaPlayer: resetDrmState:  mDrmInfo=null mDrmProvisioningThread=null mPrepareDrmInProgress=false mActiveDrmScheme=false
02-06 18:17:14.749 15428 15428 V MediaPlayer: cleanDrmObj: mDrmObj=null mDrmSessionId=null
02-06 18:17:14.749 15428 15428 V MediaPlayer-JNI: release
02-06 18:17:14.749 15428 15428 V MediaPlayerNative: setListener
02-06 18:17:14.749 15428 15428 V MediaPlayerNative: disconnect
02-06 18:17:14.751 15428 16902 V MediaPlayerNative: message received msg=211, ext1=0, ext2=0
02-06 18:17:14.751 15428 16902 V MediaPlayerNative: notify(211, 0, 0) callback on disconnected mediaplayer
02-06 18:17:14.779 15428 15428 V MediaPlayerNative: destructor
02-06 18:17:14.780 15428 15428 V MediaPlayerNative: disconnect
02-06 18:17:14.829 15428 15428 W MediaPlayer: mediaplayer went away with unhandled events
02-06 18:17:15.032 15428 15428 I ViewRootImpl@36d3ab1[LoginActivity]: MSG_WINDOW_FOCUS_CHANGED 0 1
02-06 18:17:15.412 15428 15428 I ViewRootImpl@36d3ab1[LoginActivity]: MSG_WINDOW_FOCUS_CHANGED 1 1
02-06 18:17:15.412 15428 15428 D InputMethodManager: prepareNavigationBarInfo() DecorView@9bb0f08[LoginActivity]
02-06 18:17:15.412 15428 15428 D InputMethodManager: getNavigationBarColor() -855310
02-06 18:17:15.420 15428 15428 D InputMethodManager: prepareNavigationBarInfo() DecorView@9bb0f08[LoginActivity]
02-06 18:17:15.420 15428 15428 D InputMethodManager: getNavigationBarColor() -855310
02-06 18:17:15.420 15428 15428 V InputMethodManager: Starting input: tba=com.kyowon.literacy.store ic=null mNaviBarColor -855310 mIsGetNaviBarColorSuccess true , NavVisible : true , NavTrans : false
02-06 18:17:15.420 15428 15428 D InputMethodManager: startInputInner - Id : 0
02-06 18:17:15.420 15428 15428 I InputMethodManager: startInputInner - mService.startInputOrWindowGainedFocus
02-06 18:17:15.431 15428 15428 D InputTransport: Input channel constructed: 'ClientS', fd=91
02-06 18:17:15.431 15428 15428 D InputTransport: Input channel destroyed: 'ClientS', fd=90
02-06 18:17:15.459 15428 15428 I ViewRootImpl@36d3ab1[LoginActivity]: stopped(false) old=false
02-06 18:17:15.460 15428 15428 V MediaPlayer-JNI: native_setup
02-06 18:17:15.460 15428 15428 V MediaPlayerNative: constructor
02-06 18:17:15.461 15428 15428 V MediaPlayerNative: setListener
02-06 18:17:15.467 15428 15428 V MediaPlayer-JNI: setVolume: left 1.000000  right 1.000000
02-06 18:17:15.467 15428 15428 V MediaPlayerNative: MediaPlayer::setVolume(1.000000, 1.000000)
02-06 18:17:15.467 15428 15428 V MediaPlayer-JNI: setAuxEffectSendLevel: level 0.000000
02-06 18:17:15.467 15428 15428 V MediaPlayerNative: MediaPlayer::setAuxEffectSendLevel(0.000000)
02-06 18:17:15.467 15428 15428 V MediaPlayer-JNI: setParameter: key 1400
02-06 18:17:15.467 15428 15428 V MediaPlayerNative: MediaPlayer::setParameter(1400)
02-06 18:17:15.467 15428 15428 V MediaPlayer-JNI: set_session_id(): 11577
02-06 18:17:15.467 15428 15428 V MediaPlayerNative: MediaPlayer::setAudioSessionId(11577)
02-06 18:17:15.468 15428 15428 V MediaPlayer-JNI: setDataSourceFD: fd 82
02-06 18:17:15.468 15428 15428 V MediaPlayerNative: setDataSource(82, 80149264, 611808)
02-06 18:17:15.505 15428 15428 V MediaPlayerNative: setVideoSurfaceTexture
02-06 18:17:15.505 15428 15428 V MediaPlayerNative: prepare
02-06 18:17:15.567 15428 16902 V MediaPlayerNative: message received msg=200, ext1=10973, ext2=0
02-06 18:17:15.567 15428 16902 W MediaPlayerNative: info/warning (10973, 0)
02-06 18:17:15.569 15428 16902 V MediaPlayerNative: message received msg=1, ext1=0, ext2=0
02-06 18:17:15.569 15428 16902 V MediaPlayerNative: MediaPlayer::notify() prepared
02-06 18:17:15.569 15428 16902 V MediaPlayerNative: signal application thread
02-06 18:17:15.569 15428 15428 V MediaPlayerNative: prepare complete - status=0
02-06 18:17:15.572 15428 15428 V MediaPlayerNative: invoke 76
02-06 18:17:15.573 15428 15428 V MediaPlayer-JNI: setLooping: 1
02-06 18:17:15.573 15428 15428 V MediaPlayerNative: MediaPlayer::setLooping
02-06 18:17:15.573 15428 15428 V MediaPlayer-JNI: setVolume: left 0.800000  right 0.800000
02-06 18:17:15.573 15428 15428 V MediaPlayerNative: MediaPlayer::setVolume(0.800000, 0.800000)
02-06 18:17:15.574 15428 15428 V MediaPlayer-JNI: start
02-06 18:17:15.574 15428 15428 V MediaPlayerNative: start
02-06 18:17:15.583 15428 15428 I SurfaceControl: nativeRelease nativeObject s[-5476376618277113568]
02-06 18:17:15.583 15428 15428 I SurfaceControl: nativeRelease nativeObject e[-5476376618277113568]
02-06 18:17:15.584 15428 15428 I SurfaceControl: assignNativeObject: nativeObject = 0 Surface(name=null)/@0x5e649cd / android.view.SurfaceControl.readFromParcel:1117 android.view.IWindowSession$Stub$Proxy.relayout:1820 android.view.ViewRootImpl.relayoutWindow:9005 android.view.ViewRootImpl.performTraversals:3360 android.view.ViewRootImpl.doTraversal:2618 android.view.ViewRootImpl$TraversalRunnable.run:9971 android.view.Choreographer$CallbackRecord.run:1010 android.view.Choreographer.doCallbacks:809 android.view.Choreographer.doFrame:744 android.view.Choreographer$FrameDisplayEventReceiver.run:995 
02-06 18:17:15.585 15428 15428 I SurfaceControl: nativeRelease nativeObject s[-5476376618202111776]
02-06 18:17:15.585 15428 15428 I SurfaceControl: nativeRelease nativeObject e[-5476376618202111776]
02-06 18:17:15.585 15428 15428 I SurfaceControl: nativeRelease nativeObject s[-5476376618215206752]
02-06 18:17:15.585 15428 15428 I SurfaceControl: nativeRelease nativeObject e[-5476376618215206752]
02-06 18:17:15.585 15428 15428 I SurfaceControl: nativeRelease nativeObject s[-5476376618277115808]
02-06 18:17:15.585 15428 15428 I SurfaceControl: nativeRelease nativeObject e[-5476376618277115808]
02-06 18:17:15.585 15428 15428 I ViewRootImpl@36d3ab1[LoginActivity]: Relayout returned: old=(0,0,2000,1200) new=(0,0,2000,1200) req=(2000,1200)0 dur=7 res=0x1 s={true -5476376618310496256} ch=false fn=927
02-06 18:17:15.589 15428 15428 V MediaPlayerNative: invoke 76
02-06 18:17:15.775 15428 16902 V MediaPlayerNative: message received msg=6, ext1=0, ext2=0
