02-06 18:13:03.197  3905  3956 I Launcher.NotificationListener: notificationIsValidForUI : com.google.android.googlequicksearchbox missingTitleAndText : true isGroupHeader : true
02-06 18:13:03.197  3905  3956 I Launcher.NotificationListener: notificationIsValidForUI : com.google.android.googlequicksearchbox missingTitleAndText : false isGroupHeader : false
02-06 18:13:03.197  3905  3956 I Launcher.NotificationListener: Full refresh isConnected : true active size : 15
02-06 18:13:03.198   862   925 I SurfaceFlinger: id=109877 Removed ActivityRecord{a01969d u0 com.netease.open.pocoservice/.TestActivity t3645}#0 (54)
02-06 18:13:03.198   862   925 I SurfaceFlinger: id=109876 Removed Task=3645#0 (54)
02-06 18:13:03.215  3012  7153 D StorageManagerService: getExternalStorageMountMode: uid=10499 packageName=com.netease.open.pocoservice
02-06 18:13:03.218  2584  2584 I Zygote  : Process 4563 exited due to signal 9 (Killed)
02-06 18:13:03.221  3012  7153 D CompatibilityChangeReporter: Compat change id reported: 135634846; UID 10499; state: DISABLED
02-06 18:13:03.225  3012  7153 D CompatibilityChangeReporter: Compat change id reported: 135754954; UID 10499; state: ENABLED
02-06 18:13:03.225   862   862 I Layer   : id=109876[1] Destroyed Task=3645#0
02-06 18:13:03.225   862   862 I Layer   : id=109877[1] Destroyed ActivityRecord{a01969d u0 com.netease.open.pocoservice/.TestActivity t3645}#0
02-06 18:13:03.226  3012  3082 D CompatibilityChangeReporter: Compat change id reported: 143937733; UID 10499; state: ENABLED
02-06 18:13:03.226  3012  3084 I libprocessgroup: Successfully killed process cgroup uid 10499 pid 4563 in 57ms
02-06 18:13:03.226  3905  3905 I SPayUpdater: updateSpayHandler, show = true, currentDefaultPage = true
02-06 18:13:03.227  3905  3905 I Launcher: setWallpaperOffsets
02-06 18:13:03.227  2587 17530 I CameraService: UidPolicy: No processes running for a uid=10499 disabled=0
02-06 18:13:03.228  2586  9814 V APM_AudioPolicyManager: setAppState(portId:387, state:2)
02-06 18:13:03.228  3905 13831 I Launcher: DisplayMetrics from Resources : DisplayMetrics{density=1.5, width=2000, height=1128, scaledDensity=1.5, xdpi=225.777, ydpi=224.778}
02-06 18:13:03.229  3905 13831 I Launcher: realMetrics from Wm : DisplayMetrics{density=1.5, width=2000, height=1200, scaledDensity=1.5, xdpi=225.777, ydpi=224.778}
02-06 18:13:03.229  3905 13831 I Launcher: DeviceProfile, isLand : true, isMultiWin :false, availableWidthPx : 2000, availableHeightPx : 1128
02-06 18:13:03.231  4375  4375 D NetworkSecurityConfig: No Network Security Config specified, using platform default
02-06 18:13:03.235  3905  3905 W Launcher.NotificationListener: setNotificationsChangedListener connected : true
02-06 18:13:03.235  3905  3905 I BadgeCountUpdaterImpl: onNotificationsChangedConnected
02-06 18:13:03.235  3905  3905 I Launcher.NotificationListener: onNotificationFullRefresh
02-06 18:13:03.235  3905  3905 I PopupDataProvider: onNotificationFullRefresh prev dotInfoSize : 4
02-06 18:13:03.242  3012  3059 W Looper  : Slow dispatch took 128ms android.ui h=com.android.server.am.ActivityManagerService$UiHandler c=null m=53
02-06 18:13:03.243  3012  3061 D GameManagerService: notePauseComponent(), received paused-component: com.netease.open.pocoservice
02-06 18:13:03.247  4508  4508 D SecNativeFeatureCppIf: Free unCompDataBuff
02-06 18:13:03.248  4508  4508 D AndroidRuntime: addProductProperty: pBrand1 is not null
02-06 18:13:03.248  4508  4508 D AndroidRuntime: addProductProperty: not brand or 7
02-06 18:13:03.251  2586  9814 V APM_AudioPolicyManager: setAppState(portId:387, state:2)
02-06 18:13:03.264  3905  3905 I PopupDataProvider: refresh badge  package : com.google.android.googlequicksearchbox count : 1
02-06 18:13:03.264  3905  3905 I PopupDataProvider: refresh badge  package : com.google.android.apps.docs count : 1
02-06 18:13:03.264  3905  3905 I PopupDataProvider: refresh badge  package : com.google.android.gms count : 1
02-06 18:13:03.264  3905  3905 I PopupDataProvider: refresh badge  package : com.google.android.gm count : 12
02-06 18:13:03.264  3905  3905 I LiveIconUpdateEventHandler: registerDateChangedReceiver
02-06 18:13:03.284  3905  3956 I InstallPairAppsReceiver: Pair apps key is null
02-06 18:13:03.308  3012  3061 D EnterpriseDeviceManagerService: isMdmAdminPresentInternal() : MDM Admin Found - com.sec.enterprise.knox.cloudmdm.smdms
02-06 18:13:03.317  3012  3061 D SemGameManager: getGMSBinder(), begin
02-06 18:13:03.318  3012  3061 D SemGameManager: getGMSBinder(), successful: true
02-06 18:13:03.318  3012  3061 D SemGameManager: isAvailable(), ret=true
02-06 18:13:03.318  3012  3061 D SemGameManager: isGamePackage(), pkgName=com.sec.android.app.launcher
02-06 18:13:03.318  3012  3061 D SemGameManager: getGMSBinder(), begin
02-06 18:13:03.319  3012  3061 D SemGameManager: getGMSBinder(), successful: true
02-06 18:13:03.319  3012  3061 D GameManagerService: identifyGamePackage. com.sec.android.app.launcher, mCurrentUserId: 0, callerUserId: 0
02-06 18:13:03.319  3012  3061 D PkgDataHelper: getGamePkgData(). com.sec.android.app.launcher
02-06 18:13:03.319  3012  3061 D SemGameManager: isGamePackage(), ret=false
02-06 18:13:03.319  3012  3061 D GameManagerService: noteResumeComponent(), received resumed-component: com.sec.android.app.launcher
02-06 18:13:03.319  3012  3061 I GameSDK@LifeCycle: noteResumeComponent(): package name  : com.sec.android.app.launcher
02-06 18:13:03.319  3012  3220 D GameManagerService: onLooperPrepared(), msg: MSG_APP_RESUME, resumeComponent: ComponentInfo{com.sec.android.app.launcher/com.android.launcher3.uioverrides.QuickstepLauncher}
02-06 18:13:03.319  3012  3220 D GameManagerService: handleResume().
02-06 18:13:03.319  2584  2584 D Zygote  : Forked child process 4654
02-06 18:13:03.320  3012  3220 D GameManagerService: sendFocusOutConditionally() - mPrevNotiPackage: (unknown)
02-06 18:13:03.320  3012  3220 D GameManagerService:   handleResume(). pkgName: com.sec.android.app.launcher, isTunableApp: null
02-06 18:13:03.320  3012  3220 D GameManagerService: notifyFocusInOut(). of pkg: com.sec.android.app.launcher, type: 4, isMinimized: false, isTunableApp: false
02-06 18:13:03.320  3012  3220 D GameManagerService:   notifyFocusInOut(). unexpected mPrevNotiType: -1
02-06 18:13:03.320  3012  3220 D GameManagerService:NetworkLimit: callRelease
02-06 18:13:03.320  3012  3220 D GM:SystemHelper: callReleaseBlock needReleaseBlock:false
02-06 18:13:03.320  3012  7145 W ActivityManager: Receiver with filter android.content.IntentFilter@7b87c6e already registered for pid 3905, callerPackage is com.sec.android.app.launcher
02-06 18:13:03.323  3012  3012 I SamsungAlarmManager: setLocked to kernel - T:2 / 20260206T182745, set=2194044392, now=2193162549
02-06 18:13:03.323  3905  3905 I LiveIconUpdateEventHandler: cancelDateChangeAlarm
02-06 18:13:03.323  3012  3029 D SamsungAlarmManager: Cancel Alarm calling from uid:10071 pid :3905 / OP:PendingIntent{a8aaf0f: PendingIntentRecord{2fd4b9c com.sec.android.app.launcher broadcastIntent}}
02-06 18:13:03.324  3012  3082 W ActivityManager: Slow operation: 110ms so far, now at startProcess: returned from zygote!
02-06 18:13:03.324  3012  3082 W ActivityManager: Slow operation: 110ms so far, now at startProcess: done updating battery stats
02-06 18:13:03.324  3012  3082 W ActivityManager: Slow operation: 110ms so far, now at startProcess: building log message
02-06 18:13:03.324  3012  3082 I ActivityManager: Start proc 4654:com.netease.open.pocoservice/u0a499 for added application com.netease.open.pocoservice
02-06 18:13:03.324  3012  3082 W ActivityManager: Slow operation: 110ms so far, now at startProcess: starting to update pids map
02-06 18:13:03.324  3012  3012 I SamsungAlarmManager: setLocked to kernel - T:3 / 20260206T181326, set=2193185314, now=2193162551
02-06 18:13:03.324  3012  3082 W ActivityManager: Slow operation: 111ms so far, now at startProcess: done updating pids map
02-06 18:13:03.326  3905  3905 I LiveIconUpdateEventHandler: setDateChangeAlarm
02-06 18:13:03.326  3012  3012 I SamsungAlarmManager: setLocked to kernel - T:2 / 20260206T182745, set=2194044392, now=2193162552
02-06 18:13:03.326  3012  3012 I SamsungAlarmManager: setLocked to kernel - T:3 / 20260206T181326, set=2193185314, now=2193162552
02-06 18:13:03.327  3012  7153 D SamsungAlarmManager: setInexact (T:0/F:0/AC:false) 20260207T000000 now=2193162554 - CU:10071/CP:3905/OP:PendingIntent{df3f17a: PendingIntentRecord{2fd4b9c com.sec.android.app.launcher broadcastIntent}}
02-06 18:13:03.327  3012  7153 I SamsungAlarmManager: setLocked to kernel - T:2 / 20260206T182745, set=2194044392, now=2193162554
02-06 18:13:03.327  3012  7153 I SamsungAlarmManager: setLocked to kernel - T:3 / 20260206T181326, set=2193185314, now=2193162554
02-06 18:13:03.328  3905  3905 I LiveIconUpdateEventHandler: cancelMinuteChangeAlarm
02-06 18:13:03.329  3012  7145 D SamsungAlarmManager: Cancel Alarm calling from uid:10071 pid :3905 / OP:PendingIntent{2cd2d2b: PendingIntentRecord{f618588 com.sec.android.app.launcher broadcastIntent}}
02-06 18:13:03.329  3905  3905 I LiveIconUpdateEventHandler: setMinuteChangeAlarm
02-06 18:13:03.331  3012  7145 D SamsungAlarmManager: setInexact (T:1/F:0/AC:false) 20260206T181400 now=2193162557 - CU:10071/CP:3905/OP:PendingIntent{2657b21: PendingIntentRecord{f618588 com.sec.android.app.launcher broadcastIntent}}
02-06 18:13:03.331  3012  7145 I SamsungAlarmManager: setLocked to kernel - T:2 / 20260206T182745, set=2194044392, now=2193162557
02-06 18:13:03.331  3012  7145 I SamsungAlarmManager: setLocked to kernel - T:3 / 20260206T181326, set=2193185314, now=2193162557
02-06 18:13:03.332  3012  7153 V WindowManager: Relayout Window{eef1fa7 u0 com.sec.android.app.launcher/com.sec.android.app.launcher.activities.LauncherActivity}: viewVisibility=0 req=2000x1200
02-06 18:13:03.335  3012  7153 V WindowManager: Relayout hash=eef1fa7, pid=3905: mAttrs={(0,0)(fillxfill) sim={adjust=nothing forwardNavigation} layoutInDisplayCutoutMode=shortEdges ty=BASE_APPLICATION fmt=TRANSPARENT wanim=0x10302f2
02-06 18:13:03.335  3012  7153 V WindowManager:   fl=81910100
02-06 18:13:03.335  3012  7153 V WindowManager:   pfl=16020000
02-06 18:13:03.335  3012  7153 V WindowManager:   vsysui=1700
02-06 18:13:03.335  3012  7153 V WindowManager:   apr=LIGHT_STATUS_BARS LIGHT_NAVIGATION_BARS
02-06 18:13:03.335  3012  7153 V WindowManager:   bhv=SHOW_TRANSIENT_BARS_BY_SWIPE
02-06 18:13:03.335  3012  7153 V WindowManager:   fitSides= naviIconColor=0}
02-06 18:13:03.335  3012  7153 I SurfaceControl: nativeRelease nativeObject s[-5476376622943664704]
02-06 18:13:03.335  3012  7153 I SurfaceControl: nativeRelease nativeObject e[-5476376622943664704]
02-06 18:13:03.337  3905  3905 I SurfaceControl: nativeRelease nativeObject s[-5476376618258233888]
02-06 18:13:03.337  3905  3905 I SurfaceControl: nativeRelease nativeObject e[-5476376618258233888]
02-06 18:13:03.338  3905  3905 I SurfaceControl: assignNativeObject: nativeObject = 0 Surface(name=null)/@0x194b3cc / android.view.SurfaceControl.readFromParcel:1117 android.view.IWindowSession$Stub$Proxy.relayout:1820 android.view.ViewRootImpl.relayoutWindow:9005 android.view.ViewRootImpl.performTraversals:3360 android.view.ViewRootImpl.doTraversal:2618 android.view.ViewRootImpl$TraversalRunnable.run:9971 android.view.Choreographer$CallbackRecord.run:1010 android.view.Choreographer.doCallbacks:809 android.view.Choreographer.doFrame:744 android.view.Choreographer$FrameDisplayEventReceiver.run:995 
02-06 18:13:03.338  3905  3905 I SurfaceControl: nativeRelease nativeObject s[-5476376618258226688]
02-06 18:13:03.338  3905  3905 I SurfaceControl: nativeRelease nativeObject e[-5476376618258226688]
02-06 18:13:03.338  3905  3905 I SurfaceControl: nativeRelease nativeObject s[-5476376619840379808]
02-06 18:13:03.338  3905  3905 I SurfaceControl: nativeRelease nativeObject e[-5476376619840379808]
02-06 18:13:03.338  3905  3905 I ViewRootImpl@fca7672[LauncherActivity]: Relayout returned: old=(0,0,2000,1200) new=(0,0,2000,1200) req=(2000,1200)0 dur=7 res=0x1 s={true -5476376619836227584} ch=false fn=10
02-06 18:13:03.339  3905  3905 I ViewRootImpl@fca7672[LauncherActivity]: MSG_WINDOW_FOCUS_CHANGED 1 1
02-06 18:13:03.340  3905  3905 I InputMethodManager: startInputInner - mService.startInputOrWindowGainedFocus
02-06 18:13:03.341  3012  3932 D ActivityTaskManager: getRecentPairTasks() maxNum :3 from 10071
02-06 18:13:03.341  3012  3932 D RecentTaskItemController: getRecentPairTasksImpl() maxNum :3 from 10071
02-06 18:13:03.343  3012  7145 D InputMethodManagerService: mSecureKeypadEnabled = false
02-06 18:13:03.345  3012  7145 D InputMethodManagerService: mDesktopModeManager null!
02-06 18:13:03.345  3012  7145 V InputMethodManagerService: getDisplayIdOfInputMethodWindowToBeAdded : 0
02-06 18:13:03.345  3905  3905 W Launcher: onEnterAnimationComplete
02-06 18:13:03.354  3012  7145 I SemDvfsHyPerManager: acquire hyper - AMS_RESUME_TAIL/3012@21, type = -999
02-06 18:13:03.354  3012  7145 I SemDvfsHyPerManager: acquire hyper - AMS_ACT_LAZY/3012@22, type = -999
02-06 18:13:03.354  3012  7145 D ActivityManagerPerformance: AMP_acquire() TAIL
02-06 18:13:03.354  3012  7145 D ActivityManagerPerformance: AMP_release() APP_SWITCH
02-06 18:13:03.355  3012  4289 E libprocessgroup: Failed to write 'THAWED' to /dev/freezer/olaf/freezer.state: No such file or directory
02-06 18:13:03.355  3012  4289 W libprocessgroup: Failed to apply DoNothingOlaf task profile: No such file or directory
02-06 18:13:03.356  2594  2614 I HYPER-HAL: [RequestManager.cpp]acquire(): Acquired ID : 4601082  [3012 / 21]    HINT : AMS_RESUME_TAIL    list : 
02-06 18:13:03.356  2594  2614 I HYPER-HAL: [ResourceManager.cpp]updateResource(): [CPULittleMinFreq] UpdateResource Request ID : 4601082    Value : 1017600
02-06 18:13:03.362  2594  2614 I HYPER-HAL: [ResourceManager.cpp]updateResource(): [CPUMinFreq] UpdateResource Request ID : 4601082    Value : 1401600
02-06 18:13:03.364  2594  2614 I HYPER-HAL: [RequestManager.cpp]acquire(): Acquired ID : 4604117  [3012 / 22]    HINT : AMS_ACT_LAZY    list : 
02-06 18:13:03.365  2594  2614 I HYPER-HAL: [ResourceManager.cpp]removeResource(): [CPULittleMinFreq] RemoveResource Request ID : 4598048
02-06 18:13:03.370  2594  2614 I HYPER-HAL: [ResourceManager.cpp]removeResource(): [CPUMinFreq] RemoveResource Request ID : 4598048
02-06 18:13:03.371  2594  2614 I HYPER-HAL: [RequestManager.cpp]releaseLocked(): Released ID : 4598048
02-06 18:13:03.402  4654  4654 I pen.pocoservic: Late-enabling -Xcheck:jni
02-06 18:13:03.411  3012  3081 V BroadcastQueue: Delayed Parallel Broadcast added to main list BroadcastRecord{31cb3cf u0 android.intent.action.PACKAGE_RESTARTED}
02-06 18:13:03.411  3012  3081 V BroadcastQueue: Delayed Ordered Broadcast added to main list BroadcastRecord{31bd15c u0 android.intent.action.PACKAGE_RESTARTED}
02-06 18:13:03.416  3012  3012 D SamsungAlarmManager: Remove alarm for next reason : android.intent.action.PACKAGE_RESTARTED / pkg:com.kyowon.literacy.store
02-06 18:13:03.420  4624  4624 D AndroidRuntime: >>>>>> START com.android.internal.os.RuntimeInit uid 2000 <<<<<<
02-06 18:13:03.411  4617  4617 D AndroidRuntime: >>>>>> START com.android.internal.os.RuntimeInit uid 2000 <<<<<<
02-06 18:13:03.429 20284 20322 D CCodecBufferChannel: [c2.android.opus.encoder#378] DEBUG: elapsed: n=4 [in=0 pipeline=0 out=0 smoothness=4]
02-06 18:13:03.430 20284 20322 D PipelineWatcher: DEBUG: elapsed 1 / 4
02-06 18:13:03.432  4624  4624 I AndroidRuntime: Using default boot image
02-06 18:13:03.432  4617  4617 I AndroidRuntime: Using default boot image
02-06 18:13:03.432  4624  4624 I AndroidRuntime: Leaving lock profiling enabled
02-06 18:13:03.432  4617  4617 I AndroidRuntime: Leaving lock profiling enabled
02-06 18:13:03.433  4624  4624 D SecNativeFeatureCppIf: encoded
02-06 18:13:03.433  4617  4617 D SecNativeFeatureCppIf: encoded
02-06 18:13:03.433  4624  4624 D SecNativeFeatureCppIf: decoding and unzip finish
02-06 18:13:03.433  4624  4624 D SecNativeFeatureCppIf: use unCompDataBuff. encoded
02-06 18:13:03.434  4617  4617 D SecNativeFeatureCppIf: decoding and unzip finish
02-06 18:13:03.434  4617  4617 D SecNativeFeatureCppIf: use unCompDataBuff. encoded
02-06 18:13:03.435  4624  4624 D SecNativeFeatureCppIf: Free unCompDataBuff
02-06 18:13:03.435  4624  4624 D SecNativeFeatureCppIf: encoded
02-06 18:13:03.435  4624  4624 D SecNativeFeatureCppIf: decoding and unzip finish
02-06 18:13:03.435  4624  4624 D SecNativeFeatureCppIf: use unCompDataBuff. encoded
02-06 18:13:03.435  4624  4624 D SecNativeFeatureCppIf: Free unCompDataBuff
02-06 18:13:03.435  4624  4624 D AndroidRuntime: addProductProperty: pBrand1 is not null
02-06 18:13:03.435  4624  4624 D AndroidRuntime: addProductProperty: not brand or 7
02-06 18:13:03.437  4617  4617 D SecNativeFeatureCppIf: Free unCompDataBuff
02-06 18:13:03.437  4617  4617 D SecNativeFeatureCppIf: encoded
02-06 18:13:03.437  4617  4617 D SecNativeFeatureCppIf: decoding and unzip finish
02-06 18:13:03.437  4617  4617 D SecNativeFeatureCppIf: use unCompDataBuff. encoded
02-06 18:13:03.438  4617  4617 D SecNativeFeatureCppIf: Free unCompDataBuff
02-06 18:13:03.438  4617  4617 D AndroidRuntime: addProductProperty: pBrand1 is not null
02-06 18:13:03.438  4617  4617 D AndroidRuntime: addProductProperty: not brand or 7
02-06 18:13:03.450  3393  3393 E PhoneInterfaceManager: [PhoneIntfMgr] getCarrierPackageNamesForIntentAndPhone: No UICC
02-06 18:13:03.451  3393  3393 D CarrierSvcBindHelper: No carrier app for: 0
02-06 18:13:03.455  3012  3081 W BroadcastQueue: Background execution not allowed: receiving Intent { act=android.intent.action.PACKAGE_RESTARTED dat=package:com.kyowon.literacy.store flg=0x10 (has extras) } to android/com.kddi.android.CpaNotiReceiver
02-06 18:13:03.456  3012  3081 W BroadcastQueue: Background execution not allowed: receiving Intent { act=android.intent.action.PACKAGE_RESTARTED dat=package:com.kyowon.literacy.store flg=0x10 (has extras) } to com.kyowon.allng.adm/com.allng.apps.dms.receiver.AdmBroadcastReceiver
02-06 18:13:03.456  3012  3081 W BroadcastQueue: Background execution not allowed: receiving Intent { act=android.intent.action.PACKAGE_RESTARTED dat=package:com.kyowon.literacy.store flg=0x10 (has extras) } to com.rsupport.rs.activity.rsupport.kyowon.sec/com.rsupport.rs.receiver.SystemEventReceiver
02-06 18:13:03.457  3012  3081 W BroadcastQueue: Background execution not allowed: receiving Intent { act=android.intent.action.PACKAGE_RESTARTED dat=package:com.kyowon.literacy.store flg=0x10 (has extras) } to com.soosanint.android.kyowon.safechild/.receiver.PackageReceiver
02-06 18:13:03.476  4654  4654 I pen.pocoservic: Unquickening 26 vdex files!
02-06 18:13:03.489  4375  4375 D ActivityThread: handleBindApplication() -- skipGraphicsSupport=false
02-06 18:13:03.494  7990  7997 I adbd    : jdwp connection from 4654
02-06 18:13:03.554  4464  4464 I ecbz    : SslGuard completed installation.
02-06 18:13:03.574  4654  4654 D ActivityThread: setConscryptValidator
02-06 18:13:03.575  4654  4654 D ActivityThread: setConscryptValidator - put
02-06 18:13:03.626  4384  4384 D app_process: Time zone APEX ICU file found: /apex/com.android.tzdata/etc/icu/icu_tzdata.dat
02-06 18:13:03.626  4384  4384 D app_process: I18n APEX ICU file found: /apex/com.android.i18n/etc/icu/icudt66l.dat
02-06 18:13:03.629  3012  3061 W ActivityTaskManager: Activity top resumed state loss timeout for ActivityRecord{a01969d u0 com.netease.open.pocoservice/.TestActivity t-1 f}}
02-06 18:13:03.634  3012  3932 I ActivityManager: DSS OFF for com.netease.open.pocoservice
02-06 18:13:03.639  3012  3932 D ActivityManager: attachApplicationLocked() app=ProcessRecord{f9fd658 4654:com.netease.open.pocoservice/u0a499} app.isolatedEntryPoint=null instr2=ActiveInstrumentation{2fb79ff {com.netease.open.pocoservice/androidx.test.runner.AndroidJUnitRunner} 1 procs}
02-06 18:13:03.643  3012  3932 I ActivityManager: Changes in 10499 19 to 4, 0 to 6 Caller=com.android.server.am.OomAdjuster.updateOomAdjLocked:399 com.android.server.am.OomAdjuster.updateOomAdjLocked:446 com.android.server.am.ActivityManagerService.updateOomAdjLocked:21491 com.android.server.am.ActivityManagerService.attachApplicationLocked:6680 com.android.server.am.ActivityManagerService.attachApplication:6715 android.app.IActivityManager$Stub.onTransact:2779 com.android.server.am.ActivityManagerService.onTransact:3621 
02-06 18:13:03.644  3012  3932 I AppOps  : updateUidProcState uid: 10499 procState: 4 capability:6
02-06 18:13:03.647  2586  9814 V APM_AudioPolicyManager: setAppState(portId:387, state:2)
02-06 18:13:03.647  2586  9814 V APM_AudioPolicyManager: setAppState(portId:387, state:2)
02-06 18:13:03.658  2594  4647 I HYPER-HAL: [ResourceManager.cpp]removeResource(): [CPULittleMinFreq] RemoveResource Request ID : 4616267
02-06 18:13:03.660  2594  4647 I HYPER-HAL: [ResourceManager.cpp]removeResource(): [CPUMinFreq] RemoveResource Request ID : 4616267
02-06 18:13:03.661  2594  4647 I HYPER-HAL: [RequestManager.cpp]releaseLocked(): Released ID : 4616267
02-06 18:13:03.677  4338  4338 D app_process: Time zone APEX ICU file found: /apex/com.android.tzdata/etc/icu/icu_tzdata.dat
02-06 18:13:03.677  4338  4338 D app_process: I18n APEX ICU file found: /apex/com.android.i18n/etc/icu/icudt66l.dat
02-06 18:13:03.684  3905  3956 I Launcher.NotificationListener: notificationIsValidForUI : com.google.android.gm missingTitleAndText : false isGroupHeader : true
02-06 18:13:03.685  3905  3956 I Launcher.NotificationListener: notificationIsValidForUI : com.google.android.gm missingTitleAndText : false isGroupHeader : false
02-06 18:13:03.685  3905  3956 I Launcher.NotificationListener: notificationIsValidForUI : com.google.android.gm missingTitleAndText : false isGroupHeader : false
02-06 18:13:03.685  3905  3956 I Launcher.NotificationListener: notificationIsValidForUI : com.google.android.gm missingTitleAndText : false isGroupHeader : false
02-06 18:13:03.685  3905  3956 I Launcher.NotificationListener: notificationIsValidForUI : com.google.android.gm missingTitleAndText : false isGroupHeader : false
02-06 18:13:03.685  3905  3956 I Launcher.NotificationListener: notificationIsValidForUI : com.google.android.gm missingTitleAndText : false isGroupHeader : false
02-06 18:13:03.685  3905  3956 I Launcher.NotificationListener: notificationIsValidForUI : com.google.android.gm missingTitleAndText : false isGroupHeader : false
02-06 18:13:03.685  3905  3956 I Launcher.NotificationListener: notificationIsValidForUI : com.google.android.gm missingTitleAndText : false isGroupHeader : false
02-06 18:13:03.685  3905  3956 I Launcher.NotificationListener: notificationIsValidForUI : com.google.android.gm missingTitleAndText : false isGroupHeader : false
02-06 18:13:03.685  3905  3956 I Launcher.NotificationListener: notificationIsValidForUI : com.google.android.gm missingTitleAndText : false isGroupHeader : false
02-06 18:13:03.685  3905  3956 I Launcher.NotificationListener: notificationIsValidForUI : com.google.android.gm missingTitleAndText : false isGroupHeader : false
02-06 18:13:03.686  3905  3956 I Launcher.NotificationListener: notificationIsValidForUI : com.google.android.gm missingTitleAndText : false isGroupHeader : true
02-06 18:13:03.686  3905  3956 I Launcher.NotificationListener: notificationIsValidForUI : com.google.android.gm missingTitleAndText : false isGroupHeader : false
02-06 18:13:03.686  3905  3956 I Launcher.NotificationListener: notificationIsValidForUI : com.google.android.gm missingTitleAndText : false isGroupHeader : false
02-06 18:13:03.686  3905  3956 I Launcher.NotificationListener: notificationIsValidForUI : com.google.android.gms missingTitleAndText : false isGroupHeader : false
02-06 18:13:03.686  3905  3956 I Launcher.NotificationListener: notificationIsValidForUI : com.google.android.apps.docs missingTitleAndText : false isGroupHeader : false
02-06 18:13:03.686  3905  3956 I Launcher.NotificationListener: notificationIsValidForUI : com.google.android.googlequicksearchbox missingTitleAndText : true isGroupHeader : true
02-06 18:13:03.686  3905  3956 I Launcher.NotificationListener: notificationIsValidForUI : com.google.android.googlequicksearchbox missingTitleAndText : false isGroupHeader : false
02-06 18:13:03.686  3905  3956 I Launcher.NotificationListener: Full refresh isConnected : true active size : 15
02-06 18:13:03.686  3905  3905 I PopupDataProvider: onNotificationFullRefresh prev dotInfoSize : 4
02-06 18:13:03.686  3905  3905 I PopupDataProvider: refresh badge  package : com.google.android.googlequicksearchbox count : 1
02-06 18:13:03.686  3905  3905 I PopupDataProvider: refresh badge  package : com.google.android.apps.docs count : 1
02-06 18:13:03.686  3905  3905 I PopupDataProvider: refresh badge  package : com.google.android.gms count : 1
02-06 18:13:03.686  3905  3905 I PopupDataProvider: refresh badge  package : com.google.android.gm count : 12
02-06 18:13:03.719  4384  4384 I app_process: The ClassLoaderContext is a special shared library.
02-06 18:13:03.732  4654  4654 D ActivityThread: handleBindApplication()++ app=com.netease.open.pocoservice
02-06 18:13:03.736  4338  4338 I app_process: The ClassLoaderContext is a special shared library.
02-06 18:13:03.761  4375  4375 W InputMethodService: isPackageExists failed: unknown package com.sec.android.desktopmode.uiservice
02-06 18:13:03.789  4295  4295 D app_process: Time zone APEX ICU file found: /apex/com.android.tzdata/etc/icu/icu_tzdata.dat
02-06 18:13:03.790  4295  4295 D app_process: I18n APEX ICU file found: /apex/com.android.i18n/etc/icu/icudt66l.dat
02-06 18:13:03.815  4338  4338 E SemDvfsManager_JNI: SemDvfsManager: registerfunction enter
02-06 18:13:03.815  4338  4338 E SemAffinityControl: SemAffinityControl: registerfunction enter
02-06 18:13:03.818  4295  4295 I app_process: The ClassLoaderContext is a special shared library.
02-06 18:13:03.817  3012  3932 V InputMethodManagerService: getCurrentFocusDisplayID : mFocusedDisplayId0
02-06 18:13:03.819  4375  4375 D InputMethodService: onCreate getCurrentFocusDisplayID() : 0
02-06 18:13:03.819  3012  3932 V InputMethodManagerService: getCurTokenDisplayId : mCurTokenDisplayId0
02-06 18:13:03.819  4375  4375 D InputMethodService: onCreate getCurTokenDisplayId() : 0
02-06 18:13:03.819  4375  4375 D InputMethodService: mTargetDisplayContext is null
02-06 18:13:03.821  4338  4338 W app_process: JNI RegisterNativeMethods: attempt to register 0 native methods for android.media.AudioAttributes
02-06 18:13:03.837  3012  3932 I GenerationRegistry: mBackingStore.isClosed() : false
02-06 18:13:03.850  4375  4375 I Dialog  : mIsSamsungBasicInteraction = false, isMetaDataInActivity = false
02-06 18:13:03.852  4338  4338 D AndroidRuntime: Calling main entry com.android.commands.am.Am
02-06 18:13:03.864  2594  4661 I HYPER-HAL: [ResourceManager.cpp]removeResource(): [CPULittleMinFreq] RemoveResource Request ID : 4601082
02-06 18:13:03.867  2594  4661 I HYPER-HAL: [ResourceManager.cpp]removeResource(): [CPUMinFreq] RemoveResource Request ID : 4601082
02-06 18:13:03.867  2594  4661 I HYPER-HAL: [RequestManager.cpp]releaseLocked(): Released ID : 4601082
02-06 18:13:03.871  3012  3932 I ActivityManager: Force stopping com.netease.open.pocoservice appid=10499 user=0: start instr
02-06 18:13:03.872  3012  3932 I ActivityManager: Killing 4654:com.netease.open.pocoservice/u0a499 (adj 0): stop com.netease.open.pocoservice due to start instr
02-06 18:13:03.873  3012  3932 D ActivityManager: proc ProcessRecord{f9fd658 4654:com.netease.open.pocoservice/u0a499} already removed. so we skip next process.
02-06 18:13:03.873  4384  4384 E SemDvfsManager_JNI: SemDvfsManager: registerfunction enter
02-06 18:13:03.874  4384  4384 E SemAffinityControl: SemAffinityControl: registerfunction enter
02-06 18:13:03.875  3012  3932 W ActivityManager: Crash of app com.netease.open.pocoservice running instrumentation ComponentInfo{com.netease.open.pocoservice/androidx.test.runner.AndroidJUnitRunner}
02-06 18:13:03.876  3012  3932 I ActivityManager: Force stopping com.netease.open.pocoservice appid=10499 user=0: finished inst
02-06 18:13:03.876  4384  4384 W app_process: JNI RegisterNativeMethods: attempt to register 0 native methods for android.media.AudioAttributes
02-06 18:13:03.884 13536 13536 I Finsky  : [2] Memory trim requested to level 80
02-06 18:13:03.885 13536 13536 I Finsky  : [2] Flushing in-memory image cache
02-06 18:13:03.888  2584  2584 I Zygote  : Process 4654 exited due to signal 9 (Killed)
02-06 18:13:03.889  4362  4362 D AndroidRuntime: Shutting down VM
02-06 18:13:03.892  4295  4295 E SemDvfsManager_JNI: SemDvfsManager: registerfunction enter
02-06 18:13:03.892  4295  4295 E SemAffinityControl: SemAffinityControl: registerfunction enter
02-06 18:13:03.896  4295  4295 W app_process: JNI RegisterNativeMethods: attempt to register 0 native methods for android.media.AudioAttributes
02-06 18:13:03.899  4375  4375 I DecorView: [INFO] isPopOver=false, config=false
02-06 18:13:03.899  4375  4375 I DecorView: updateCaptionType >> DecorView@43a5f37[InputMethod], isFloating=true, isApplication=false, hasWindowDecorCaption=false, hasWindowControllerCallback=false
02-06 18:13:03.899  4375  4375 D DecorView: setCaptionType = 0, this = DecorView@43a5f37[InputMethod]
02-06 18:13:03.904  3012  3084 I libprocessgroup: Successfully killed process cgroup uid 10499 pid 4654 in 27ms
02-06 18:13:03.906  3012  3081 I SemDvfsHyPerManager: acquire hyper - APP_LAUNCH/3012@19, type = -999
02-06 18:13:03.910  2594  2614 I HYPER-HAL: [RequestManager.cpp]acquire(): Acquired ID : 4595015  [3012 / 19]    HINT : APP_LAUNCH    list : 
02-06 18:13:03.910  2594  2614 I HYPER-HAL: [ResourceManager.cpp]updateResource(): [CPULittleMinFreq] UpdateResource Request ID : 4595015    Value : 1804800
02-06 18:13:03.912  8094  8094 W DMASA[U]: [AppLogData]onTrimMemory(5):1770369183911
02-06 18:13:03.912  2594  2614 E HYPER-HAL: [HandlerSysfs.cpp]doResourceHandling(): Couldn't Open Sysfs - /sys/class/scsi_host/host0/../../../clkscale_enable
02-06 18:13:03.913  8094  8094 W DMASA[C]: [DiagMonAgentApplication]onTrimMemory (5)
02-06 18:13:03.914  2594  2614 I HYPER-HAL: [ResourceManager.cpp]updateResource(): [CPUMinFreq] UpdateResource Request ID : 4595015    Value : 2016000
02-06 18:13:03.922  3012  7145 I ActivityTaskManager: START u0 {flg=0x10000000 cmp=com.netease.open.pocoservice/.TestActivity} from uid 2000
02-06 18:13:03.924  3012  7145 D ActivityTaskManager: TaskLaunchParamsModifier:task=null activity=ActivityRecord{92e67e8 u0 com.netease.open.pocoservice/.TestActivity task-display-area=DefaultTaskDisplayArea@168164836 display-area-windowing-mode=1
02-06 18:13:03.925  3012  4289 I SemDvfsHyPerManager: acquire hyper - AMS_APP_SWITCH/3012@20, type = -999
02-06 18:13:03.925  3012  7145 D ActivityTaskManager: TaskLaunchParamsModifier:task=null activity=ActivityRecord{92e67e8 u0 com.netease.open.pocoservice/.TestActivity t-1} task-display-area=DefaultTaskDisplayArea@168164836 display-area-windowing-mode=1 non-freeform-display maximized-bounds
02-06 18:13:03.926  3012  3323 D DexPreloader: create a new DexPreloadTask pkg:com.netease.open.pocoservice  path:/data/app/~~fkxe-PwEwpS3aOAmL9X4_A==/com.netease.open.pocoservice-JE6kp9AlGetf5MSP_9m6gQ==
02-06 18:13:03.926  2594  2614 I HYPER-HAL: [RequestManager.cpp]acquire(): Acquired ID : 4598048  [3012 / 20]    HINT : AMS_ACT_SWITCH    list : 
02-06 18:13:03.926  2594  2614 I HYPER-HAL: [ResourceManager.cpp]updateResource(): [CPULittleMinFreq] UpdateResource Request ID : 4598048    Value : 1804800
02-06 18:13:03.927  3012  4289 D ActivityManagerPerformance: AMP_acquire() APP_SWITCH
02-06 18:13:03.928  2594  2614 I HYPER-HAL: [ResourceManager.cpp]updateResource(): [CPUMinFreq] UpdateResource Request ID : 4598048    Value : 2016000
02-06 18:13:03.928   862   925 I SurfaceFlinger: id=109878 createSurf (0x0),-1 flag=24004, Task=3646#0
02-06 18:13:03.930  3435  3435 D SystemUIService: onTrimMemory = 5
02-06 18:13:03.930  3435  3435 D StatusBar: onTrimMemory = 5
02-06 18:13:03.930  3435  3435 D SystemUIService: onTrimMemory : 5
02-06 18:13:03.932  3012  7145 D ActivityTaskManager: TaskLaunchParamsModifier:task=Task{1db1e01 #3646 visible=false type=standard mode=fullscreen translucent=true A=10499:com.netease.open.pocoservice U=0 StackId=3646 sz=0} activity=ActivityRecord{92e67e8 u0 com.netease.open.pocoservice/.TestActivity t-1} display-from-task=0 task-display-area=DefaultTaskDisplayArea@168164836 display-area-windowing-mode=1 non-freeform-display maximized-bounds
02-06 18:13:03.934   862  2572 I SurfaceFlinger: id=109879 createSurf (0x0),-1 flag=80004, ActivityRecord{92e67e8 u0 com.netease.open.pocoservice/.TestActivity t3646}#0
02-06 18:13:03.938  1093 13961 I OMX-VENC: venc_dev: stats: avg. fps 12.00, bitrate 429911
02-06 18:13:03.938  3012  7145 V WindowManager: Prepare app transition: transit=TRANSIT_TASK_OPEN mNextAppTransition=TRANSIT_UNSET alwaysKeepCurrent=false displayId=0 Callers=com.android.server.wm.DisplayContent.prepareAppTransition:5809 com.android.server.wm.DisplayContent.prepareAppTransition:5803 com.android.server.wm.ActivityStack.startActivityLocked:2595 com.android.server.wm.ActivityStarter.startActivityInner:2674 com.android.server.wm.ActivityStarter.startActivityUnchecked:2205 
02-06 18:13:03.941  3012  4289 E libprocessgroup: Failed to write 'FROZEN' to /dev/freezer/olaf/freezer.state: No such file or directory
02-06 18:13:03.941  3012  4289 W libprocessgroup: Failed to apply DoSomethingOlaf task profile: No such file or directory
02-06 18:13:03.946  3012  4735 D DexPreloader: /data/app/~~fkxe-PwEwpS3aOAmL9X4_A==/com.netease.open.pocoservice-JE6kp9AlGetf5MSP_9m6gQ==/oat/arm64/base.odex is already preloaded
02-06 18:13:03.947  4295  4295 D AndroidRuntime: Calling main entry com.android.commands.am.Am
02-06 18:13:03.949  3012  7145 I SemDvfsHyPerManager: acquire hyper - AMS_APP_LAUNCH/3012@23, type = -999
02-06 18:13:03.949  2594  2614 I HYPER-HAL: [RequestManager.cpp]acquire(): Acquired ID : 4607153  [3012 / 23]    HINT : AMS_APP_LAUNCH    list : 
02-06 18:13:03.949  2594  2614 I HYPER-HAL: [ResourceManager.cpp]updateResource(): [CPULittleMinFreq] UpdateResource Request ID : 4607153    Value : 1804800
02-06 18:13:03.950  3012  3932 V ActivityManager: Changed top to -1,null
02-06 18:13:03.950  4725  4732 I cmd     : oneway function results will be dropped but finished with status OK and parcel size 4
02-06 18:13:03.951  3905  3905 I DragController: endDrag
02-06 18:13:03.952  3905  3905 I SPayUpdater: updateSpayHandler launcher activity is paused false
02-06 18:13:03.953  3012  7145 D MARsPolicyManager: onPackageResumedFG pkgName = com.netease.open.pocoservice, userId = 0
02-06 18:13:03.954  3012  7145 V WindowManager: Prepare app transition: transit=TRANSIT_TASK_OPEN mNextAppTransition=TRANSIT_TASK_OPEN alwaysKeepCurrent=false displayId=0 Callers=com.android.server.wm.DisplayContent.prepareAppTransition:5809 com.android.server.wm.DisplayContent.prepareAppTransition:5803 com.android.server.wm.ActivityStack.resumeTopActivityInnerLocked:2255 com.android.server.wm.ActivityStack.resumeTopActivityUncheckedLocked:1873 com.android.server.wm.RootWindowContainer.resumeFocusedStacksTopActivities:2677 
02-06 18:13:03.954  2594  2614 E HYPER-HAL: [HandlerSysfs.cpp]doResourceHandling(): Couldn't Open Sysfs - /sys/class/scsi_host/host0/../../../clkscale_enable
02-06 18:13:03.955  2594  2614 I HYPER-HAL: [ResourceManager.cpp]updateResource(): [CPUMinFreq] UpdateResource Request ID : 4607153    Value : 2016000
02-06 18:13:03.963  3012  3932 I WindowManager:   Force finishing activity ActivityRecord{92e67e8 u0 com.netease.open.pocoservice/.TestActivity t3646}
02-06 18:13:03.963  3012  3932 I WindowManager: Add to removeList. it will finish after. ActivityRecord{92e67e8 u0 com.netease.open.pocoservice/.TestActivity t3646}
02-06 18:13:03.966  3012  3932 V WindowManager: Prepare app transition: transit=TRANSIT_TASK_CLOSE mNextAppTransition=TRANSIT_TASK_OPEN alwaysKeepCurrent=false displayId=0 Callers=com.android.server.wm.DisplayContent.prepareAppTransition:5809 com.android.server.wm.DisplayContent.prepareAppTransition:5803 com.android.server.wm.ActivityRecord.prepareActivityHideTransitionAnimation:3264 com.android.server.wm.ActivityRecord.finishIfPossible:3221 com.android.server.wm.ActivityRecord.finishIfPossible:3053 
02-06 18:13:03.967  3012  3932 W WindowManager: Execute app transition: mNextAppTransition=TRANSIT_TASK_OPEN, displayId: 0 Callers=com.android.server.wm.ActivityRecord.prepareActivityHideTransitionAnimation:3266 com.android.server.wm.ActivityRecord.finishIfPossible:3221 com.android.server.wm.ActivityRecord.finishIfPossible:3053 com.android.server.wm.RootWindowContainer$FinishDisabledPackageActivitiesHelper.process:3750 com.android.server.wm.RootWindowContainer.finishDisabledPackageActivities:3804 
02-06 18:13:03.969  3012  3932 D MARsPolicyManager: onPackageResumedFG pkgName = com.sec.android.app.launcher, userId = 0
02-06 18:13:03.969  3012  3932 V MARsPolicyManager: Current Home Package com.sec.android.app.launcher Resumed
02-06 18:13:03.969  3012  3932 I SemDvfsHyPerManager: acquire hyper - AMS_ACT_RESUME/3012@35, type = -999
02-06 18:13:03.969  3012  3932 D ActivityManagerPerformance: AMP_acquire() ACT_RESUME
02-06 18:13:03.971  3012  3932 V WindowManager: Prepare app transition: transit=TRANSIT_ACTIVITY_OPEN mNextAppTransition=TRANSIT_TASK_OPEN alwaysKeepCurrent=false displayId=0 Callers=com.android.server.wm.DisplayContent.prepareAppTransition:5809 com.android.server.wm.DisplayContent.prepareAppTransition:5803 com.android.server.wm.ActivityStack.resumeTopActivityInnerLocked:2267 com.android.server.wm.ActivityStack.resumeTopActivityUncheckedLocked:1873 com.android.server.wm.ActivityRecord.makeActiveIfNeeded:5510 
02-06 18:13:03.973  3012  3932 V WindowManager: rotationForOrientation(orient=SCREEN_ORIENTATION_UNSPECIFIED (-1), last=ROTATION_90 (1)); user=ROTATION_0 (0) 
02-06 18:13:03.973  3012  3932 D WindowManager: rotationForOrientation, orientationSource=ActivityRecord{2ef51a5 u0 com.sec.android.app.launcher/.activities.LauncherActivity t3331}
02-06 18:13:03.973  3012  3932 V WindowOrientationListener: getProposedRotation: 1
02-06 18:13:03.974  3012  3932 V WindowManager: Computed rotation=ROTATION_90 (1) for display id=0 based on lastOrientation=SCREEN_ORIENTATION_UNSPECIFIED (-1) and oldRotation=ROTATION_90 (1), caller=com.android.server.wm.DisplayRotation.updateOrientation:394 com.android.server.wm.DisplayContent.updateOrientation:1698 com.android.server.wm.DisplayContent.updateOrientation:1626 com.android.server.wm.RootWindowContainer.ensureVisibilityAndConfig:2164 com.android.server.wm.ActivityStack.resumeTopActivityInnerLocked:2340 com.android.server.wm.ActivityStack.resumeTopActivityUncheckedLocked:1873 
02-06 18:13:03.975  3012  3932 D TspStateManager: updateCustomValue customSetting=
02-06 18:13:03.976  3012  3932 D TspStateManager: updateCustomValue customSetting=
02-06 18:13:03.978  4384  4384 D AndroidRuntime: Calling main entry com.android.commands.monkey.Monkey
02-06 18:13:03.978  3012  3932 D MARsPolicyManager: onPackageResumedFG pkgName = com.sec.android.app.launcher, userId = 0
02-06 18:13:03.978  3012  3932 V MARsPolicyManager: Current Home Package com.sec.android.app.launcher Resumed
02-06 18:13:03.979  3012  3932 W WindowManager: Execute app transition: mNextAppTransition=TRANSIT_TASK_OPEN, displayId: 0 Callers=com.android.server.wm.RootWindowContainer.executeAppTransitionForAllDisplay:2598 com.android.server.wm.ActivityStackSupervisor.reportResumedActivityLocked:2267 com.android.server.wm.ActivityRecord.completeResumeLocked:5710 com.android.server.wm.ActivityStack.resumeTopActivityInnerLocked:2434 com.android.server.wm.ActivityStack.resumeTopActivityUncheckedLocked:1873 
02-06 18:13:03.980  3012  3932 I ActivityTaskManager: Removing activity ActivityRecord{92e67e8 u0 com.netease.open.pocoservice/.TestActivity t3646 f}}(finish-imm:finishIfPossible hadNoApp)  from stack callers=com.android.server.wm.ActivityRecord.destroyImmediately:3521 com.android.server.wm.ActivityRecord.destroyIfPossible:3390 com.android.server.wm.ActivityRecord.completeFinishing:3349 com.android.server.wm.ActivityRecord.finishIfPossible:3224 com.android.server.wm.ActivityRecord.finishIfPossible:3053 
02-06 18:13:03.981  3012  3932 I SurfaceControl: nativeRelease nativeObject s[-5476376624087144768]
02-06 18:13:03.981  3012  3932 I SurfaceControl: nativeRelease nativeObject e[-5476376624087144768]
02-06 18:13:03.982  3012  3932 I SurfaceControl: nativeRelease nativeObject s[-5476376624087146208]
02-06 18:13:03.982  3012  3932 I SurfaceControl: nativeRelease nativeObject e[-5476376624087146208]
02-06 18:13:03.984  4384  4384 W Monkey  : args: [-p, com.kyowon.literacy.store, -c, android.intent.category.LAUNCHER, 1]
02-06 18:13:03.984  3012  3932 W WindowManager: Execute app transition: mNextAppTransition=TRANSIT_TASK_OPEN, displayId: 0 Callers=com.android.server.wm.ActivityStack.executeAppTransition:4054 com.android.server.wm.RootWindowContainer.resumeFocusedStacksTopActivities:2702 com.android.server.wm.RootWindowContainer.resumeFocusedStacksTopActivities:2664 com.android.server.wm.ActivityRecord.destroyIfPossible:3400 com.android.server.wm.ActivityRecord.completeFinishing:3349 
02-06 18:13:03.985  3012  3932 W WindowManager: Execute app transition: mNextAppTransition=TRANSIT_TASK_OPEN, displayId: 0 Callers=com.android.server.wm.ActivityStack.executeAppTransition:4054 com.android.server.wm.ActivityStack.resumeTopActivityInnerLocked:1994 com.android.server.wm.ActivityStack.resumeTopActivityUncheckedLocked:1873 com.android.server.wm.RootWindowContainer.resumeFocusedStacksTopActivities:2731 com.android.server.wm.RootWindowContainer.resumeFocusedStacksTopActivities:2664 
02-06 18:13:03.988  4537  4537 D app_process: Time zone APEX ICU file found: /apex/com.android.tzdata/etc/icu/icu_tzdata.dat
02-06 18:13:03.988  4537  4537 D app_process: I18n APEX ICU file found: /apex/com.android.i18n/etc/icu/icudt66l.dat
02-06 18:13:03.993  2594  2614 I HYPER-HAL: [RequestManager.cpp]acquire(): Acquired ID : 4643663  [3012 / 35]    HINT : AMS_ACT_RESUME    list : 
02-06 18:13:03.999  2594  2614 I HYPER-HAL: [ResourceManager.cpp]updateResource(): [CPUMinFreq] UpdateResource Request ID : 4643663    Value : 1401600
02-06 18:13:03.999  4384  4384 W Monkey  :  arg: "-p"
02-06 18:13:03.999  4384  4384 W Monkey  :  arg: "com.kyowon.literacy.store"
02-06 18:13:04.003   862  2572 I Layer   : id=109879 removeFromCurrentState ActivityRecord{92e67e8 u0 com.netease.open.pocoservice/.TestActivity t3646}#0 (54)
02-06 18:13:04.003   862  2572 I Layer   : id=109878 removeFromCurrentState Task=3646#0 (54)
02-06 18:13:04.005   862  2572 I SurfaceFlinger: id=109879 Removed ActivityRecord{92e67e8 u0 com.netease.open.pocoservice/.TestActivity t3646}#0 (54)
02-06 18:13:04.006   862  2572 I SurfaceFlinger: id=109878 Removed Task=3646#0 (54)
02-06 18:13:04.009  3012  3932 D ActivityTaskManager: finishFixedRotationTransform, r=ActivityRecord{2ef51a5 u0 com.sec.android.app.launcher/.activities.LauncherActivity t3331}, caller=com.android.server.wm.WindowToken.finishFixedRotationTransform:664 com.android.server.wm.DisplayContent$FixedRotationTransitionListener.onAppTransitionFinishedLocked:7026 com.android.server.wm.AppTransition.notifyAppTransitionFinishedLocked:543 com.android.server.wm.DisplayContent.handleAnimatingStoppedAndTransition:5836 com.android.server.wm.RootWindowContainer.checkAppTransitionReady:1264 
02-06 18:13:04.013  4384  4384 W Monkey  :  arg: "-c"
02-06 18:13:04.014  4384  4384 W Monkey  :  arg: "android.intent.category.LAUNCHER"
02-06 18:13:04.015  4384  4384 W Monkey  :  arg: "1"
02-06 18:13:04.015  4384  4384 W Monkey  : data="com.kyowon.literacy.store"
02-06 18:13:04.016  4384  4384 W Monkey  : data="android.intent.category.LAUNCHER"
02-06 18:13:04.018  3012  7145 V WindowManager: Relayout Window{eef1fa7 u0 com.sec.android.app.launcher/com.sec.android.app.launcher.activities.LauncherActivity}: viewVisibility=0 req=2000x1200
02-06 18:13:04.026  3012  7145 V WindowManager: Relayout hash=eef1fa7, pid=3905: mAttrs={(0,0)(fillxfill) sim={adjust=nothing} layoutInDisplayCutoutMode=shortEdges ty=BASE_APPLICATION fmt=TRANSPARENT wanim=0x10302f2
02-06 18:13:04.026  3012  7145 V WindowManager:   fl=81910100
02-06 18:13:04.026  3012  7145 V WindowManager:   pfl=16020000
02-06 18:13:04.026  3012  7145 V WindowManager:   vsysui=1700
02-06 18:13:04.026  3012  7145 V WindowManager:   apr=LIGHT_STATUS_BARS LIGHT_NAVIGATION_BARS
02-06 18:13:04.026  3012  7145 V WindowManager:   bhv=SHOW_TRANSIENT_BARS_BY_SWIPE
02-06 18:13:04.026  3012  7145 V WindowManager:   fitSides= naviIconColor=0}
02-06 18:13:04.026  3012  7145 I SurfaceControl: nativeRelease nativeObject s[-5476376624087144608]
02-06 18:13:04.026  3012  7145 I SurfaceControl: nativeRelease nativeObject e[-5476376624087144608]
02-06 18:13:04.028  3905  3905 I SurfaceControl: nativeRelease nativeObject s[-5476376620349385216]
02-06 18:13:04.028  3905  3905 I SurfaceControl: nativeRelease nativeObject e[-5476376620349385216]
02-06 18:13:04.028  3012  3932 V ActivityManager: Changed top to 10071,ProcessRecord{8a6b8a7 3905:com.sec.android.app.launcher/u0a71}
02-06 18:13:04.030  3905  3905 I SurfaceControl: assignNativeObject: nativeObject = 0 Surface(name=null)/@0x194b3cc / android.view.SurfaceControl.readFromParcel:1117 android.view.IWindowSession$Stub$Proxy.relayout:1820 android.view.ViewRootImpl.relayoutWindow:9005 android.view.ViewRootImpl.performTraversals:3360 android.view.ViewRootImpl.doTraversal:2618 android.view.ViewRootImpl$TraversalRunnable.run:9971 android.view.Choreographer$CallbackRecord.run:1010 android.view.Choreographer.doCallbacks:809 android.view.Choreographer.doFrame:744 android.view.Choreographer$FrameDisplayEventReceiver.run:995 
02-06 18:13:04.030  3012  3932 D StorageManagerService: getExternalStorageMountMode: uid=10499 packageName=com.netease.open.pocoservice
02-06 18:13:04.037  3012  3932 D CompatibilityChangeReporter: Compat change id reported: 135634846; UID 10499; state: DISABLED
02-06 18:13:04.038  3012  3932 D CompatibilityChangeReporter: Compat change id reported: 135754954; UID 10499; state: ENABLED
02-06 18:13:04.039  3012  3082 D CompatibilityChangeReporter: Compat change id reported: 143937733; UID 10499; state: ENABLED
02-06 18:13:04.040  2586  2739 V APM_AudioPolicyManager: setAppState(portId:387, state:2)
02-06 18:13:04.041  2587 17530 I CameraService: UidPolicy: No processes running for a uid=10499 disabled=0
02-06 18:13:04.041  3012  3059 W Looper  : Slow dispatch took 170ms android.ui h=com.android.server.am.ActivityManagerService$UiHandler c=null m=53
02-06 18:13:04.041  3905  3905 I SurfaceControl: nativeRelease nativeObject s[-5476376620349385056]
02-06 18:13:04.041  3905  3905 I SurfaceControl: nativeRelease nativeObject e[-5476376620349385056]
02-06 18:13:04.042  3905  3905 I SurfaceControl: nativeRelease nativeObject s[-5476376618258233888]
02-06 18:13:04.042  3905  3905 I SurfaceControl: nativeRelease nativeObject e[-5476376618258233888]
02-06 18:13:04.042  3905  3905 I ViewRootImpl@fca7672[LauncherActivity]: Relayout returned: old=(0,0,2000,1200) new=(0,0,2000,1200) req=(2000,1200)0 dur=60 res=0x1 s={true -5476376619836227584} ch=false fn=11
02-06 18:13:04.042  3905  3905 I ViewRootImpl@fca7672[LauncherActivity]: stopped(false) old=false
02-06 18:13:04.042  3905  3905 I Launcher: !@Boot_DEBUG: Launcher.onResume()
02-06 18:13:04.042  3905  3905 I Launcher: !@Boot_EBS_D: Launcher.onResume()
02-06 18:13:04.043  3012  3029 I ActivityManager: Force stopping com.netease.open.pocoservice appid=10499 user=0: start instr
02-06 18:13:04.043  3012  3029 I ActivityManager: Killing 0:com.netease.open.pocoservice/u0a499 (adj -10000): stop com.netease.open.pocoservice due to start instr
02-06 18:13:04.044  3012  3029 D ActivityManager: proc ProcessRecord{8f20532 0:com.netease.open.pocoservice/u0a499} already removed. so we skip next process.
02-06 18:13:04.044  3012  3029 W ActivityManager: Crash of app com.netease.open.pocoservice running instrumentation ComponentInfo{com.netease.open.pocoservice/androidx.test.runner.AndroidJUnitRunner}
02-06 18:13:04.044  3012  3029 I ActivityManager: Force stopping com.netease.open.pocoservice appid=10499 user=0: finished inst
02-06 18:13:04.044  8119  9164 I FASProvider: makeValuesForFasUpdate contentValues = package_name=com.netease.open.pocoservice extras=0 reason=deleted_from_mars_auto disableReason=deleted_from_mars_auto uid=10499 mode=0 level=1 resetTime=0
02-06 18:13:04.056  4338  4338 D AndroidRuntime: Shutting down VM
02-06 18:13:04.057  3012  3029 D StorageManagerService: getExternalStorageMountMode: uid=10499 packageName=com.netease.open.pocoservice
02-06 18:13:04.064  2584  2584 D Zygote  : Forked child process 4742
02-06 18:13:04.076  4375  4375 D InputMethodService: updateNavigationBarColor android.inputmethodservice.InputMethodService.onCreate:1648 com.netease.nie.ime.luajava.LuaService.onCreate:282 com.netease.nie.ime.trime.YosemiteIME.onCreate:382 com.netease.nie.ime.ime.ImeService1.onCreate:127 android.app.ActivityThread.handleCreateService:4624 
02-06 18:13:04.077  3905  3905 I SPayUpdater: updateSpayHandler, show = true, currentDefaultPage = true
02-06 18:13:04.078  3012  3082 W ActivityManager: ProcessRecord{8f20532 0:com.netease.open.pocoservice/u0a499} start not valid, killing pid=4742, killedByAm=true;No entry in mProcessNames;pendingStart=false;
02-06 18:13:04.078  3905 26063 I Launcher: DisplayMetrics from Resources : DisplayMetrics{density=1.5, width=2000, height=1128, scaledDensity=1.5, xdpi=225.777, ydpi=224.778}
