02-06 18:16:03.099   862   862 I Layer   : id=110404[1] Destroyed com.kyowon.literacy.store/com.kyowon.literacy.ui.main.activity.MainActivity$_4843#0
02-06 18:16:03.142   862   862 D SurfaceFlinger:      DEVICE | 0xb400007ac04d16a0 | 0002 | RGBA_8888    |    0.0    0.0 1200.0 2000.0 |    0    0 1200 2000 | com.kyowon.literacy.store/com.kyowon[...]i.main.activity.MainActivity$_4843#1
02-06 18:16:03.144   862   862 I Layer   : id=110402[1] Destroyed 828392d com.kyowon.literacy.store/com.kyowon.literacy.ui.main.activity.MainActivity#0
02-06 18:16:03.221   862  1519 I SurfaceFlinger: id=110409 createSurf (0x0),-1 flag=80004, 87e40f8 com.kyowon.literacy.store/com.kyowon.literacy.ui.main.activity.MainActivity#0
02-06 18:16:03.230  4843  4843 D InsetsSourceConsumer: setRequestedVisible: visible=false, type=2, host=com.kyowon.literacy.store/com.kyowon.literacy.ui.main.activity.MainActivity, from=android.view.InsetsSourceConsumer.hide:236 android.view.InsetsController.collectSourceControls:1172 android.view.InsetsController.controlAnimationUnchecked:1049 android.view.InsetsController.applyAnimation:1417 android.view.InsetsController.hide:984 android.view.InsetsController.hide:967 android.view.PendingInsetsController.hide:60 androidx.core.view.WindowInsetsControllerCompat$Impl30.hide:654 androidx.core.view.WindowInsetsControllerCompat.hide:189 com.kyowon.literacy.utils.SystemUiHelper.hideSystemUI:19 
02-06 18:16:03.232  4843  4843 D InsetsSourceConsumer: setRequestedVisible: visible=false, type=1, host=com.kyowon.literacy.store/com.kyowon.literacy.ui.main.activity.MainActivity, from=android.view.InsetsSourceConsumer.hide:236 android.view.InsetsController.collectSourceControls:1172 android.view.InsetsController.controlAnimationUnchecked:1049 android.view.InsetsController.applyAnimation:1417 android.view.InsetsController.hide:984 android.view.InsetsController.hide:967 android.view.PendingInsetsController.hide:60 androidx.core.view.WindowInsetsControllerCompat$Impl30.hide:654 androidx.core.view.WindowInsetsControllerCompat.hide:189 com.kyowon.literacy.utils.SystemUiHelper.hideSystemUI:19 
02-06 18:16:03.232  4843  4843 D InsetsSourceConsumer: setRequestedVisible: visible=false, type=0, host=com.kyowon.literacy.store/com.kyowon.literacy.ui.main.activity.MainActivity, from=android.view.InsetsSourceConsumer.hide:236 android.view.InsetsController.collectSourceControls:1172 android.view.InsetsController.controlAnimationUnchecked:1049 android.view.InsetsController.applyAnimation:1417 android.view.InsetsController.hide:984 android.view.InsetsController.hide:967 android.view.PendingInsetsController.hide:60 androidx.core.view.WindowInsetsControllerCompat$Impl30.hide:654 androidx.core.view.WindowInsetsControllerCompat.hide:189 com.kyowon.literacy.utils.SystemUiHelper.hideSystemUI:19 
02-06 18:16:03.244  4843  4843 V InputMethodManager: Starting input: tba=com.kyowon.literacy.store ic=null mNaviBarColor -855310 mIsGetNaviBarColorSuccess true , NavVisible : true , NavTrans : false
02-06 18:16:03.263  3012  3624 V WindowManager: Relayout Window{87e40f8 u0 com.kyowon.literacy.store/com.kyowon.literacy.ui.main.activity.MainActivity}: viewVisibility=0 req=2000x1200
02-06 18:16:03.278  3012  3624 D WindowManager: isScreenshotDisabledLocked - win: Window{87e40f8 u0 com.kyowon.literacy.store/com.kyowon.literacy.ui.main.activity.MainActivity}
02-06 18:16:03.279   862   924 I SurfaceFlinger: id=110411 createSurf (2000x1200),1 flag=4, com.kyowon.literacy.store/com.kyowon.literacy.ui.main.activity.MainActivity$_4843#0
02-06 18:16:03.281  3012  3624 D WindowManager: makeSurface duration=3 name=com.kyowon.literacy.store/com.kyowon.literacy.ui.main.activity.MainActivity$_4843
02-06 18:16:03.283  3012  3624 V WindowManager: Changing focus from Window{ddd19de u0 com.kyowon.literacy.store/com.kyowon.literacy.ui.main.activity.MainActivity} to Window{87e40f8 u0 com.kyowon.literacy.store/com.kyowon.literacy.ui.main.activity.MainActivity} displayId=0 Callers=com.android.server.wm.RootWindowContainer.updateFocusedWindowLocked:566 com.android.server.wm.WindowManagerService.updateFocusedWindowLocked:6311 com.android.server.wm.WindowManagerService.relayoutWindow:2713 com.android.server.wm.Session.relayout:219 
02-06 18:16:03.370  3012  7166 D WindowManager: finishDrawingWindow: Window{87e40f8 u0 com.kyowon.literacy.store/com.kyowon.literacy.ui.main.activity.MainActivity} mDrawState=DRAW_PENDING
02-06 18:16:03.390  3012  7184 I WindowManager: Destroying surface Surface(name=com.kyowon.literacy.store/com.kyowon.literacy.ui.main.activity.MainActivity$_4843)/@0x27fd828 called by com.android.server.wm.WindowStateAnimator.destroySurface:1794 com.android.server.wm.WindowStateAnimator.destroySurfaceLocked:765 com.android.server.wm.WindowState.removeImmediately:2665 com.android.server.wm.WindowState.removeIfPossible:2830 com.android.server.wm.WindowState.removeIfPossible:2688 com.android.server.wm.WindowManagerService.removeWindow:2186 com.android.server.wm.Session.remove:199 android.view.IWindowSession$Stub.onTransact:813 
02-06 18:16:03.391   862  1520 I Layer   : id=110411 removeFromCurrentState com.kyowon.literacy.store/com.kyowon.literacy.ui.main.activity.MainActivity$_4843#0 (79)
02-06 18:16:03.396   862  2572 I Layer   : id=110409 removeFromCurrentState 87e40f8 com.kyowon.literacy.store/com.kyowon.literacy.ui.main.activity.MainActivity#0 (79)
02-06 18:16:03.399  3012  7184 V WindowManager: Changing focus from Window{87e40f8 u0 com.kyowon.literacy.store/com.kyowon.literacy.ui.main.activity.MainActivity} to Window{ddd19de u0 com.kyowon.literacy.store/com.kyowon.literacy.ui.main.activity.MainActivity} displayId=0 Callers=com.android.server.wm.RootWindowContainer.updateFocusedWindowLocked:566 com.android.server.wm.WindowManagerService.updateFocusedWindowLocked:6311 com.android.server.wm.WindowState.removeIfPossible:2839 com.android.server.wm.WindowState.removeIfPossible:2688 
02-06 18:16:03.400   862  2572 I SurfaceFlinger: id=110409 Removed 87e40f8 com.kyowon.literacy.store/com.kyowon.literacy.ui.main.activity.MainActivity#0 (79)
02-06 18:16:03.405   862   924 I SurfaceFlinger: id=110411 Removed com.kyowon.literacy.store/com.kyowon.literacy.ui.main.activity.MainActivity$_4843#0 (81)
02-06 18:16:03.409   862   862 I Layer   : id=110409[1] Destroyed 87e40f8 com.kyowon.literacy.store/com.kyowon.literacy.ui.main.activity.MainActivity#0
02-06 18:16:03.410   862   862 I Layer   : id=110411[1] Destroyed com.kyowon.literacy.store/com.kyowon.literacy.ui.main.activity.MainActivity$_4843#0
02-06 18:16:03.538  4843  4843 V InputMethodManager: Starting input: tba=com.kyowon.literacy.store ic=null mNaviBarColor -855310 mIsGetNaviBarColorSuccess true , NavVisible : true , NavTrans : false
02-06 18:16:03.666   862  1519 I SurfaceFlinger: id=110416 createSurf (0x0),-1 flag=80004, f6b8440 com.kyowon.literacy.store/com.kyowon.literacy.ui.main.activity.MainActivity#0
02-06 18:16:03.671  4843  4843 D InsetsSourceConsumer: setRequestedVisible: visible=false, type=2, host=com.kyowon.literacy.store/com.kyowon.literacy.ui.main.activity.MainActivity, from=android.view.InsetsSourceConsumer.hide:236 android.view.InsetsController.collectSourceControls:1172 android.view.InsetsController.controlAnimationUnchecked:1049 android.view.InsetsController.applyAnimation:1417 android.view.InsetsController.hide:984 android.view.InsetsController.hide:967 android.view.PendingInsetsController.hide:60 androidx.core.view.WindowInsetsControllerCompat$Impl30.hide:654 androidx.core.view.WindowInsetsControllerCompat.hide:189 com.kyowon.literacy.utils.SystemUiHelper.hideSystemUI:19 
02-06 18:16:03.672  4843  4843 D InsetsSourceConsumer: setRequestedVisible: visible=false, type=1, host=com.kyowon.literacy.store/com.kyowon.literacy.ui.main.activity.MainActivity, from=android.view.InsetsSourceConsumer.hide:236 android.view.InsetsController.collectSourceControls:1172 android.view.InsetsController.controlAnimationUnchecked:1049 android.view.InsetsController.applyAnimation:1417 android.view.InsetsController.hide:984 android.view.InsetsController.hide:967 android.view.PendingInsetsController.hide:60 androidx.core.view.WindowInsetsControllerCompat$Impl30.hide:654 androidx.core.view.WindowInsetsControllerCompat.hide:189 com.kyowon.literacy.utils.SystemUiHelper.hideSystemUI:19 
02-06 18:16:03.672  4843  4843 D InsetsSourceConsumer: setRequestedVisible: visible=false, type=0, host=com.kyowon.literacy.store/com.kyowon.literacy.ui.main.activity.MainActivity, from=android.view.InsetsSourceConsumer.hide:236 android.view.InsetsController.collectSourceControls:1172 android.view.InsetsController.controlAnimationUnchecked:1049 android.view.InsetsController.applyAnimation:1417 android.view.InsetsController.hide:984 android.view.InsetsController.hide:967 android.view.PendingInsetsController.hide:60 androidx.core.view.WindowInsetsControllerCompat$Impl30.hide:654 androidx.core.view.WindowInsetsControllerCompat.hide:189 com.kyowon.literacy.utils.SystemUiHelper.hideSystemUI:19 
02-06 18:16:03.768  3012  3624 V WindowManager: Relayout Window{f6b8440 u0 com.kyowon.literacy.store/com.kyowon.literacy.ui.main.activity.MainActivity}: viewVisibility=0 req=2000x1200
02-06 18:16:03.774  3012  3624 D WindowManager: isScreenshotDisabledLocked - win: Window{f6b8440 u0 com.kyowon.literacy.store/com.kyowon.literacy.ui.main.activity.MainActivity}
02-06 18:16:03.774   862   925 I SurfaceFlinger: id=110417 createSurf (2000x1200),1 flag=4, com.kyowon.literacy.store/com.kyowon.literacy.ui.main.activity.MainActivity$_4843#0
02-06 18:16:03.776  3012  3624 D WindowManager: makeSurface duration=2 name=com.kyowon.literacy.store/com.kyowon.literacy.ui.main.activity.MainActivity$_4843
02-06 18:16:03.777  3012  3624 V WindowManager: Changing focus from Window{ddd19de u0 com.kyowon.literacy.store/com.kyowon.literacy.ui.main.activity.MainActivity} to Window{f6b8440 u0 com.kyowon.literacy.store/com.kyowon.literacy.ui.main.activity.MainActivity} displayId=0 Callers=com.android.server.wm.RootWindowContainer.updateFocusedWindowLocked:566 com.android.server.wm.WindowManagerService.updateFocusedWindowLocked:6311 com.android.server.wm.WindowManagerService.relayoutWindow:2713 com.android.server.wm.Session.relayout:219 
02-06 18:16:03.819  3012  3030 D WindowManager: finishDrawingWindow: Window{f6b8440 u0 com.kyowon.literacy.store/com.kyowon.literacy.ui.main.activity.MainActivity} mDrawState=DRAW_PENDING
02-06 18:16:03.896  3012  3936 I WindowManager: Destroying surface Surface(name=com.kyowon.literacy.store/com.kyowon.literacy.ui.main.activity.MainActivity$_4843)/@0x98bc7f4 called by com.android.server.wm.WindowStateAnimator.destroySurface:1794 com.android.server.wm.WindowStateAnimator.destroySurfaceLocked:765 com.android.server.wm.WindowState.removeImmediately:2665 com.android.server.wm.WindowState.removeIfPossible:2830 com.android.server.wm.WindowState.removeIfPossible:2688 com.android.server.wm.WindowManagerService.removeWindow:2186 com.android.server.wm.Session.remove:199 android.view.IWindowSession$Stub.onTransact:813 
02-06 18:16:03.896   862   925 I Layer   : id=110417 removeFromCurrentState com.kyowon.literacy.store/com.kyowon.literacy.ui.main.activity.MainActivity$_4843#0 (80)
02-06 18:16:03.898   862   925 I SurfaceFlinger: id=110417 Removed com.kyowon.literacy.store/com.kyowon.literacy.ui.main.activity.MainActivity$_4843#0 (80)
02-06 18:16:03.898   862   924 I Layer   : id=110416 removeFromCurrentState f6b8440 com.kyowon.literacy.store/com.kyowon.literacy.ui.main.activity.MainActivity#0 (80)
02-06 18:16:03.900  3012  3936 V WindowManager: Changing focus from Window{f6b8440 u0 com.kyowon.literacy.store/com.kyowon.literacy.ui.main.activity.MainActivity} to Window{ddd19de u0 com.kyowon.literacy.store/com.kyowon.literacy.ui.main.activity.MainActivity} displayId=0 Callers=com.android.server.wm.RootWindowContainer.updateFocusedWindowLocked:566 com.android.server.wm.WindowManagerService.updateFocusedWindowLocked:6311 com.android.server.wm.WindowState.removeIfPossible:2839 com.android.server.wm.WindowState.removeIfPossible:2688 
02-06 18:16:03.901   862   924 I SurfaceFlinger: id=110416 Removed f6b8440 com.kyowon.literacy.store/com.kyowon.literacy.ui.main.activity.MainActivity#0 (80)
02-06 18:16:03.910   862   862 D SurfaceFlinger:      DEVICE | 0xb400007ac04cff00 | 0002 | RGBA_8888    |    0.0    0.0 1200.0 2000.0 |    0    0 1200 2000 | com.kyowon.literacy.store/com.kyowon[...]i.main.activity.MainActivity$_4843#1
02-06 18:16:03.910   862   862 D SurfaceFlinger:      CLIENT | 0xb400007acfe1e8c0 | 0000 | RGBA_8888    |    0.0    0.0 1200.0 2000.0 |    0    0 1200 2000 | com.kyowon.literacy.store/com.kyowon[...]i.main.activity.MainActivity$_4843#0
02-06 18:16:03.912   862   925 I SurfaceFlinger: id=110422 createSurf (0x0),-1 flag=80004, b25c9d9 com.kyowon.literacy.store/com.kyowon.literacy.ui.main.activity.MainActivity#0
02-06 18:16:03.916   862   862 I Layer   : id=110416[1] Destroyed f6b8440 com.kyowon.literacy.store/com.kyowon.literacy.ui.main.activity.MainActivity#0
02-06 18:16:03.920  4843  4843 D InsetsSourceConsumer: setRequestedVisible: visible=false, type=2, host=com.kyowon.literacy.store/com.kyowon.literacy.ui.main.activity.MainActivity, from=android.view.InsetsSourceConsumer.hide:236 android.view.InsetsController.collectSourceControls:1172 android.view.InsetsController.controlAnimationUnchecked:1049 android.view.InsetsController.applyAnimation:1417 android.view.InsetsController.hide:984 android.view.InsetsController.hide:967 android.view.PendingInsetsController.hide:60 androidx.core.view.WindowInsetsControllerCompat$Impl30.hide:654 androidx.core.view.WindowInsetsControllerCompat.hide:189 com.kyowon.literacy.utils.SystemUiHelper.hideSystemUI:19 
02-06 18:16:03.920  4843  4843 D InsetsSourceConsumer: setRequestedVisible: visible=false, type=1, host=com.kyowon.literacy.store/com.kyowon.literacy.ui.main.activity.MainActivity, from=android.view.InsetsSourceConsumer.hide:236 android.view.InsetsController.collectSourceControls:1172 android.view.InsetsController.controlAnimationUnchecked:1049 android.view.InsetsController.applyAnimation:1417 android.view.InsetsController.hide:984 android.view.InsetsController.hide:967 android.view.PendingInsetsController.hide:60 androidx.core.view.WindowInsetsControllerCompat$Impl30.hide:654 androidx.core.view.WindowInsetsControllerCompat.hide:189 com.kyowon.literacy.utils.SystemUiHelper.hideSystemUI:19 
02-06 18:16:03.921  4843  4843 D InsetsSourceConsumer: setRequestedVisible: visible=false, type=0, host=com.kyowon.literacy.store/com.kyowon.literacy.ui.main.activity.MainActivity, from=android.view.InsetsSourceConsumer.hide:236 android.view.InsetsController.collectSourceControls:1172 android.view.InsetsController.controlAnimationUnchecked:1049 android.view.InsetsController.applyAnimation:1417 android.view.InsetsController.hide:984 android.view.InsetsController.hide:967 android.view.PendingInsetsController.hide:60 androidx.core.view.WindowInsetsControllerCompat$Impl30.hide:654 androidx.core.view.WindowInsetsControllerCompat.hide:189 com.kyowon.literacy.utils.SystemUiHelper.hideSystemUI:19 
02-06 18:16:03.928   862   862 I Layer   : id=110417[1] Destroyed com.kyowon.literacy.store/com.kyowon.literacy.ui.main.activity.MainActivity$_4843#0
02-06 18:16:03.931  4843  4843 V InputMethodManager: Starting input: tba=com.kyowon.literacy.store ic=null mNaviBarColor -855310 mIsGetNaviBarColorSuccess true , NavVisible : true , NavTrans : false
02-06 18:16:03.965   862   862 D SurfaceFlinger:      DEVICE | 0xb400007ac04cff00 | 0002 | RGBA_8888    |    0.0    0.0 1200.0 2000.0 |    0    0 1200 2000 | com.kyowon.literacy.store/com.kyowon[...]i.main.activity.MainActivity$_4843#1
02-06 18:16:03.991  3012  7153 V WindowManager: Relayout Window{b25c9d9 u0 com.kyowon.literacy.store/com.kyowon.literacy.ui.main.activity.MainActivity}: viewVisibility=0 req=2000x1200
02-06 18:16:03.996  3012  7153 D WindowManager: isScreenshotDisabledLocked - win: Window{b25c9d9 u0 com.kyowon.literacy.store/com.kyowon.literacy.ui.main.activity.MainActivity}
02-06 18:16:03.998   862  1520 I SurfaceFlinger: id=110423 createSurf (2000x1200),1 flag=4, com.kyowon.literacy.store/com.kyowon.literacy.ui.main.activity.MainActivity$_4843#0
02-06 18:16:03.999  3012  7153 D WindowManager: makeSurface duration=2 name=com.kyowon.literacy.store/com.kyowon.literacy.ui.main.activity.MainActivity$_4843
02-06 18:16:04.002  3012  7153 V WindowManager: Changing focus from Window{ddd19de u0 com.kyowon.literacy.store/com.kyowon.literacy.ui.main.activity.MainActivity} to Window{b25c9d9 u0 com.kyowon.literacy.store/com.kyowon.literacy.ui.main.activity.MainActivity} displayId=0 Callers=com.android.server.wm.RootWindowContainer.updateFocusedWindowLocked:566 com.android.server.wm.WindowManagerService.updateFocusedWindowLocked:6311 com.android.server.wm.WindowManagerService.relayoutWindow:2713 com.android.server.wm.Session.relayout:219 
02-06 18:16:04.084  3012  3936 D WindowManager: finishDrawingWindow: Window{b25c9d9 u0 com.kyowon.literacy.store/com.kyowon.literacy.ui.main.activity.MainActivity} mDrawState=DRAW_PENDING
02-06 18:16:04.108  3012  7184 I WindowManager: Destroying surface Surface(name=com.kyowon.literacy.store/com.kyowon.literacy.ui.main.activity.MainActivity$_4843)/@0x64a2ee5 called by com.android.server.wm.WindowStateAnimator.destroySurface:1794 com.android.server.wm.WindowStateAnimator.destroySurfaceLocked:765 com.android.server.wm.WindowState.removeImmediately:2665 com.android.server.wm.WindowState.removeIfPossible:2830 com.android.server.wm.WindowState.removeIfPossible:2688 com.android.server.wm.WindowManagerService.removeWindow:2186 com.android.server.wm.Session.remove:199 android.view.IWindowSession$Stub.onTransact:813 
02-06 18:16:04.108   862   925 I Layer   : id=110423 removeFromCurrentState com.kyowon.literacy.store/com.kyowon.literacy.ui.main.activity.MainActivity$_4843#0 (81)
02-06 18:16:04.110   862   924 I Layer   : id=110422 removeFromCurrentState b25c9d9 com.kyowon.literacy.store/com.kyowon.literacy.ui.main.activity.MainActivity#0 (81)
02-06 18:16:04.111  3012  7184 V WindowManager: Changing focus from Window{b25c9d9 u0 com.kyowon.literacy.store/com.kyowon.literacy.ui.main.activity.MainActivity} to Window{ddd19de u0 com.kyowon.literacy.store/com.kyowon.literacy.ui.main.activity.MainActivity} displayId=0 Callers=com.android.server.wm.RootWindowContainer.updateFocusedWindowLocked:566 com.android.server.wm.WindowManagerService.updateFocusedWindowLocked:6311 com.android.server.wm.WindowState.removeIfPossible:2839 com.android.server.wm.WindowState.removeIfPossible:2688 
02-06 18:16:04.112   862  1519 I SurfaceFlinger: id=110422 Removed b25c9d9 com.kyowon.literacy.store/com.kyowon.literacy.ui.main.activity.MainActivity#0 (81)
02-06 18:16:04.112   862   925 I SurfaceFlinger: id=110423 Removed com.kyowon.literacy.store/com.kyowon.literacy.ui.main.activity.MainActivity$_4843#0 (81)
02-06 18:16:04.124   862   925 I SurfaceFlinger: id=110428 createSurf (0x0),-1 flag=80004, 2028c47 com.kyowon.literacy.store/com.kyowon.literacy.ui.main.activity.MainActivity#0
02-06 18:16:04.144  4843  4843 D InsetsSourceConsumer: setRequestedVisible: visible=false, type=2, host=com.kyowon.literacy.store/com.kyowon.literacy.ui.main.activity.MainActivity, from=android.view.InsetsSourceConsumer.hide:236 android.view.InsetsController.collectSourceControls:1172 android.view.InsetsController.controlAnimationUnchecked:1049 android.view.InsetsController.applyAnimation:1417 android.view.InsetsController.hide:984 android.view.InsetsController.hide:967 android.view.PendingInsetsController.hide:60 androidx.core.view.WindowInsetsControllerCompat$Impl30.hide:654 androidx.core.view.WindowInsetsControllerCompat.hide:189 com.kyowon.literacy.utils.SystemUiHelper.hideSystemUI:19 
02-06 18:16:04.145  4843  4843 D InsetsSourceConsumer: setRequestedVisible: visible=false, type=1, host=com.kyowon.literacy.store/com.kyowon.literacy.ui.main.activity.MainActivity, from=android.view.InsetsSourceConsumer.hide:236 android.view.InsetsController.collectSourceControls:1172 android.view.InsetsController.controlAnimationUnchecked:1049 android.view.InsetsController.applyAnimation:1417 android.view.InsetsController.hide:984 android.view.InsetsController.hide:967 android.view.PendingInsetsController.hide:60 androidx.core.view.WindowInsetsControllerCompat$Impl30.hide:654 androidx.core.view.WindowInsetsControllerCompat.hide:189 com.kyowon.literacy.utils.SystemUiHelper.hideSystemUI:19 
02-06 18:16:04.145  4843  4843 D InsetsSourceConsumer: setRequestedVisible: visible=false, type=0, host=com.kyowon.literacy.store/com.kyowon.literacy.ui.main.activity.MainActivity, from=android.view.InsetsSourceConsumer.hide:236 android.view.InsetsController.collectSourceControls:1172 android.view.InsetsController.controlAnimationUnchecked:1049 android.view.InsetsController.applyAnimation:1417 android.view.InsetsController.hide:984 android.view.InsetsController.hide:967 android.view.PendingInsetsController.hide:60 androidx.core.view.WindowInsetsControllerCompat$Impl30.hide:654 androidx.core.view.WindowInsetsControllerCompat.hide:189 com.kyowon.literacy.utils.SystemUiHelper.hideSystemUI:19 
02-06 18:16:04.153   862   862 D SurfaceFlinger:      DEVICE | 0xb400007ac04d16a0 | 0002 | RGBA_8888    |    0.0    0.0 1200.0 2000.0 |    0    0 1200 2000 | com.kyowon.literacy.store/com.kyowon[...]i.main.activity.MainActivity$_4843#1
02-06 18:16:04.153   862   862 D SurfaceFlinger:      CLIENT | 0xb400007ac04d2430 | 0000 | RGBA_8888    |    0.0    0.0 1200.0 2000.0 |    0    0 1200 2000 | com.kyowon.literacy.store/com.kyowon[...]i.main.activity.MainActivity$_4843#0
02-06 18:16:04.156   862   862 I Layer   : id=110422[1] Destroyed b25c9d9 com.kyowon.literacy.store/com.kyowon.literacy.ui.main.activity.MainActivity#0
02-06 18:16:04.159   862   862 I Layer   : id=110423[1] Destroyed com.kyowon.literacy.store/com.kyowon.literacy.ui.main.activity.MainActivity$_4843#0
02-06 18:16:04.162   862  1520 I Layer   : id=110428 removeFromCurrentState 2028c47 com.kyowon.literacy.store/com.kyowon.literacy.ui.main.activity.MainActivity#0 (80)
02-06 18:16:04.165   862   924 I SurfaceFlinger: id=110428 Removed 2028c47 com.kyowon.literacy.store/com.kyowon.literacy.ui.main.activity.MainActivity#0 (80)
02-06 18:16:04.230  4843  4843 V InputMethodManager: Starting input: tba=com.kyowon.literacy.store ic=null mNaviBarColor -855310 mIsGetNaviBarColorSuccess true , NavVisible : true , NavTrans : false
02-06 18:16:04.255   862   862 D SurfaceFlinger:      DEVICE | 0xb400007ac04d16a0 | 0002 | RGBA_8888    |    0.0    0.0 1200.0 2000.0 |    0    0 1200 2000 | com.kyowon.literacy.store/com.kyowon[...]i.main.activity.MainActivity$_4843#1
02-06 18:16:04.260   862   862 I Layer   : id=110428[1] Destroyed 2028c47 com.kyowon.literacy.store/com.kyowon.literacy.ui.main.activity.MainActivity#0
02-06 18:16:05.102  3012  3061 D GameManagerService: notePauseComponent(), received paused-component: com.kyowon.literacy.store
02-06 18:16:05.103  3012  3936 D WindowManager: rotationForOrientation, orientationSource=ActivityRecord{d5c4885 u0 com.kyowon.literacy.store/com.kyowon.literacy.ui.main.activity.MainActivity t3753}
02-06 18:16:05.117  3012  3936 V WindowManager: Changing focus from Window{ddd19de u0 com.kyowon.literacy.store/com.kyowon.literacy.ui.main.activity.MainActivity} to null displayId=0 Callers=com.android.server.wm.RootWindowContainer.updateFocusedWindowLocked:566 com.android.server.wm.WindowManagerService.updateFocusedWindowLocked:6311 com.android.server.wm.DisplayContent.setFocusedApp:6776 com.android.server.wm.ActivityTaskManagerService.setResumedActivityUncheckLocked:6725 
02-06 18:16:05.187  3012  3323 D PkgPredictorService: previous pkgs: com.netease.open.pocoservice,com.netease.open.pocoservice,com.kyowon.literacy.store running pkg: com.netease.open.pocoservice, uid: 0 is system: false
02-06 18:16:05.187  3012  3323 D PkgPredictorService-Collector:  (hour:18 day:6 previous:[com.netease.open.pocoservice, com.netease.open.pocoservice, com.kyowon.literacy.store] activityName:unknown running:com.netease.open.pocoservice userId:0 screenOrientation:1 wifi:1 bt:1 predictTime:2 apkVersion:1.0.0.68 consumeTime:-1 preloaded:false>)
02-06 18:16:05.188  3012  3323 D PkgPredictorService-NapClassifier: Predict result: 0.0,86.0,63.0, - [0_&_com.android.vending, 0_&_com.kyowon.literacy.store, 0_&_com.netease.open.pocoservice]
02-06 18:16:05.317  3012  7166 V WindowManager: Changing focus from null to Window{ddd19de u0 com.kyowon.literacy.store/com.kyowon.literacy.ui.main.activity.MainActivity} displayId=0 Callers=com.android.server.wm.RootWindowContainer.updateFocusedWindowLocked:566 com.android.server.wm.WindowManagerService.updateFocusedWindowLocked:6311 com.android.server.wm.DisplayContent.layoutAndAssignWindowLayersIfNeeded:4201 com.android.server.wm.TaskDisplayArea.positionStackAt:1016 
02-06 18:16:05.358  3012  3462 D MdnieScenarioControlService:  packageName : com.kyowon.literacy.store    className : com.kyowon.literacy.ui.main.activity.MainActivity
02-06 18:16:05.360  3012  3571 V ActivityManager: Changed top to 10584,ProcessRecord{2233c6e 4843:com.kyowon.literacy.store/u0a584}
02-06 18:16:05.392   862   862 D SurfaceFlinger:      DEVICE | 0xb400007ac04d16a0 | 0002 | RGBA_8888    |    0.0    0.0 1200.0 2000.0 |    0    0 1200 2000 | com.kyowon.literacy.store/com.kyowon[...]i.main.activity.MainActivity$_4843#1
02-06 18:16:05.446  3012  3624 D MARsPolicyManager: onPackageResumedFG pkgName = com.kyowon.literacy.store, userId = 0
02-06 18:16:05.453  3012  3624 D WindowManager: rotationForOrientation, orientationSource=ActivityRecord{d5c4885 u0 com.kyowon.literacy.store/com.kyowon.literacy.ui.main.activity.MainActivity t3753}
02-06 18:16:05.455  3012  3624 D MARsPolicyManager: onPackageResumedFG pkgName = com.kyowon.literacy.store, userId = 0
02-06 18:16:05.462  3012  3220 D GameManagerService: onLooperPrepared(), msg: MSG_TASK_FOCUSED, focusedComponent: ComponentInfo{com.kyowon.literacy.store/com.kyowon.literacy.ui.main.activity.MainActivity}
02-06 18:16:05.462  3012  3220 D GameManagerService:   handleTaskFocused(), pkgName: com.kyowon.literacy.store, clsName: com.kyowon.literacy.ui.main.activity.MainActivity, userID:0
02-06 18:16:05.474  3012  3624 D ActivityTaskManager: finishFixedRotationTransform, r=ActivityRecord{d5c4885 u0 com.kyowon.literacy.store/com.kyowon.literacy.ui.main.activity.MainActivity t3753}, caller=com.android.server.wm.WindowToken.finishFixedRotationTransform:664 com.android.server.wm.DisplayContent$FixedRotationTransitionListener.onAppTransitionFinishedLocked:7026 com.android.server.wm.AppTransition.notifyAppTransitionFinishedLocked:543 com.android.server.wm.DisplayContent.handleAnimatingStoppedAndTransition:5836 com.android.server.wm.RootWindowContainer.checkAppTransitionReady:1264 
02-06 18:16:05.476  4843  4843 V InputMethodManager: Starting input: tba=com.kyowon.literacy.store ic=null mNaviBarColor -855310 mIsGetNaviBarColorSuccess true , NavVisible : true , NavTrans : false
02-06 18:16:05.630  3012  3061 D GameManagerService: noteResumeComponent(), received resumed-component: com.kyowon.literacy.store
02-06 18:16:05.630  3012  3061 I GameSDK@LifeCycle: noteResumeComponent(): package name  : com.kyowon.literacy.store
02-06 18:16:05.630  3012  3220 D GameManagerService: onLooperPrepared(), msg: MSG_APP_RESUME, resumeComponent: ComponentInfo{com.kyowon.literacy.store/com.kyowon.literacy.ui.main.activity.MainActivity}
02-06 18:16:05.630  3012  3220 D GameManagerService:   handleResume(). pkgName: com.kyowon.literacy.store, isTunableApp: null
02-06 18:16:05.630  3012  3220 D GameManagerService: notifyFocusInOut(). of pkg: com.kyowon.literacy.store, type: 4, isMinimized: false, isTunableApp: false
02-06 18:16:05.632   862   862 D SurfaceFlinger:      DEVICE | 0xb400007ac04d1470 | 0002 | RGBA_8888    |    0.0    0.0 1200.0 2000.0 |    0    0 1200 2000 | com.kyowon.literacy.store/com.kyowon[...]i.main.activity.MainActivity$_4843#1
02-06 18:16:05.642   862  1520 I SurfaceFlinger: id=110439 createSurf (0x0),-1 flag=80004, 8e0e7a6 com.kyowon.literacy.store/com.kyowon.literacy.ui.main.activity.MainActivity#0
02-06 18:16:05.679  4843  4843 D InsetsSourceConsumer: setRequestedVisible: visible=false, type=2, host=com.kyowon.literacy.store/com.kyowon.literacy.ui.main.activity.MainActivity, from=android.view.InsetsSourceConsumer.hide:236 android.view.InsetsController.collectSourceControls:1172 android.view.InsetsController.controlAnimationUnchecked:1049 android.view.InsetsController.applyAnimation:1417 android.view.InsetsController.hide:984 android.view.InsetsController.hide:967 android.view.PendingInsetsController.hide:60 androidx.core.view.WindowInsetsControllerCompat$Impl30.hide:654 androidx.core.view.WindowInsetsControllerCompat.hide:189 com.kyowon.literacy.utils.SystemUiHelper.hideSystemUI:19 
02-06 18:16:05.680  3012  3059 D SehCodecSolutionService: Update top [com.kyowon.literacy.store]
02-06 18:16:05.680  4843  4843 D InsetsSourceConsumer: setRequestedVisible: visible=false, type=1, host=com.kyowon.literacy.store/com.kyowon.literacy.ui.main.activity.MainActivity, from=android.view.InsetsSourceConsumer.hide:236 android.view.InsetsController.collectSourceControls:1172 android.view.InsetsController.controlAnimationUnchecked:1049 android.view.InsetsController.applyAnimation:1417 android.view.InsetsController.hide:984 android.view.InsetsController.hide:967 android.view.PendingInsetsController.hide:60 androidx.core.view.WindowInsetsControllerCompat$Impl30.hide:654 androidx.core.view.WindowInsetsControllerCompat.hide:189 com.kyowon.literacy.utils.SystemUiHelper.hideSystemUI:19 
02-06 18:16:05.681  4843  4843 D InsetsSourceConsumer: setRequestedVisible: visible=false, type=0, host=com.kyowon.literacy.store/com.kyowon.literacy.ui.main.activity.MainActivity, from=android.view.InsetsSourceConsumer.hide:236 android.view.InsetsController.collectSourceControls:1172 android.view.InsetsController.controlAnimationUnchecked:1049 android.view.InsetsController.applyAnimation:1417 android.view.InsetsController.hide:984 android.view.InsetsController.hide:967 android.view.PendingInsetsController.hide:60 androidx.core.view.WindowInsetsControllerCompat$Impl30.hide:654 androidx.core.view.WindowInsetsControllerCompat.hide:189 com.kyowon.literacy.utils.SystemUiHelper.hideSystemUI:19 
02-06 18:16:05.700  3012  3934 V WindowManager: Relayout Window{8e0e7a6 u0 com.kyowon.literacy.store/com.kyowon.literacy.ui.main.activity.MainActivity}: viewVisibility=0 req=2000x1200
02-06 18:16:05.703  3012  3934 D WindowManager: isScreenshotDisabledLocked - win: Window{8e0e7a6 u0 com.kyowon.literacy.store/com.kyowon.literacy.ui.main.activity.MainActivity}
02-06 18:16:05.703   862   924 I SurfaceFlinger: id=110440 createSurf (2000x1200),1 flag=4, com.kyowon.literacy.store/com.kyowon.literacy.ui.main.activity.MainActivity$_4843#0
02-06 18:16:05.704  3012  3934 D WindowManager: makeSurface duration=2 name=com.kyowon.literacy.store/com.kyowon.literacy.ui.main.activity.MainActivity$_4843
02-06 18:16:05.706  3012  3934 V WindowManager: Changing focus from Window{ddd19de u0 com.kyowon.literacy.store/com.kyowon.literacy.ui.main.activity.MainActivity} to Window{8e0e7a6 u0 com.kyowon.literacy.store/com.kyowon.literacy.ui.main.activity.MainActivity} displayId=0 Callers=com.android.server.wm.RootWindowContainer.updateFocusedWindowLocked:566 com.android.server.wm.WindowManagerService.updateFocusedWindowLocked:6311 com.android.server.wm.WindowManagerService.relayoutWindow:2713 com.android.server.wm.Session.relayout:219 
02-06 18:16:05.740  3012  3936 V WindowManager: Relayout Window{ddd19de u0 com.kyowon.literacy.store/com.kyowon.literacy.ui.main.activity.MainActivity}: viewVisibility=0 req=2000x1200
02-06 18:16:05.771  3012  3936 D WindowManager: finishDrawingWindow: Window{8e0e7a6 u0 com.kyowon.literacy.store/com.kyowon.literacy.ui.main.activity.MainActivity} mDrawState=DRAW_PENDING
02-06 18:16:05.788  3012  3936 I WindowManager: Destroying surface Surface(name=com.kyowon.literacy.store/com.kyowon.literacy.ui.main.activity.MainActivity$_4843)/@0x533e4a9 called by com.android.server.wm.WindowStateAnimator.destroySurface:1794 com.android.server.wm.WindowStateAnimator.destroySurfaceLocked:765 com.android.server.wm.WindowState.removeImmediately:2665 com.android.server.wm.WindowState.removeIfPossible:2830 com.android.server.wm.WindowState.removeIfPossible:2688 com.android.server.wm.WindowManagerService.removeWindow:2186 com.android.server.wm.Session.remove:199 android.view.IWindowSession$Stub.onTransact:813 
02-06 18:16:05.789   862   924 I Layer   : id=110440 removeFromCurrentState com.kyowon.literacy.store/com.kyowon.literacy.ui.main.activity.MainActivity$_4843#0 (77)
02-06 18:16:05.791   862   925 I Layer   : id=110439 removeFromCurrentState 8e0e7a6 com.kyowon.literacy.store/com.kyowon.literacy.ui.main.activity.MainActivity#0 (77)
02-06 18:16:05.802  3012  3936 V WindowManager: Changing focus from Window{8e0e7a6 u0 com.kyowon.literacy.store/com.kyowon.literacy.ui.main.activity.MainActivity} to Window{ddd19de u0 com.kyowon.literacy.store/com.kyowon.literacy.ui.main.activity.MainActivity} displayId=0 Callers=com.android.server.wm.RootWindowContainer.updateFocusedWindowLocked:566 com.android.server.wm.WindowManagerService.updateFocusedWindowLocked:6311 com.android.server.wm.WindowState.removeIfPossible:2839 com.android.server.wm.WindowState.removeIfPossible:2688 
02-06 18:16:05.803   862   925 I SurfaceFlinger: id=110439 Removed 8e0e7a6 com.kyowon.literacy.store/com.kyowon.literacy.ui.main.activity.MainActivity#0 (78)
02-06 18:16:05.804   862   924 I SurfaceFlinger: id=110440 Removed com.kyowon.literacy.store/com.kyowon.literacy.ui.main.activity.MainActivity$_4843#0 (78)
02-06 18:16:05.811  3012  3462 D MdnieScenarioControlService:  packageName : com.kyowon.literacy.store    className : com.kyowon.literacy.ui.main.activity.MainActivity
02-06 18:16:05.850   862   862 I Layer   : id=110439[1] Destroyed 8e0e7a6 com.kyowon.literacy.store/com.kyowon.literacy.ui.main.activity.MainActivity#0
02-06 18:16:05.850   862   862 I Layer   : id=110440[1] Destroyed com.kyowon.literacy.store/com.kyowon.literacy.ui.main.activity.MainActivity$_4843#0
02-06 18:16:05.891  4843  4843 V InputMethodManager: Starting input: tba=com.kyowon.literacy.store ic=null mNaviBarColor -855310 mIsGetNaviBarColorSuccess true , NavVisible : true , NavTrans : false
02-06 18:16:06.197   862  1519 I SurfaceFlinger: id=110447 createSurf (0x0),-1 flag=80004, 4eca38d com.kyowon.literacy.store/com.kyowon.literacy.ui.main.activity.MainActivity#0
02-06 18:16:06.201  4843  4843 D InsetsSourceConsumer: setRequestedVisible: visible=false, type=2, host=com.kyowon.literacy.store/com.kyowon.literacy.ui.main.activity.MainActivity, from=android.view.InsetsSourceConsumer.hide:236 android.view.InsetsController.collectSourceControls:1172 android.view.InsetsController.controlAnimationUnchecked:1049 android.view.InsetsController.applyAnimation:1417 android.view.InsetsController.hide:984 android.view.InsetsController.hide:967 android.view.PendingInsetsController.hide:60 androidx.core.view.WindowInsetsControllerCompat$Impl30.hide:654 androidx.core.view.WindowInsetsControllerCompat.hide:189 com.kyowon.literacy.utils.SystemUiHelper.hideSystemUI:19 
02-06 18:16:06.202  4843  4843 D InsetsSourceConsumer: setRequestedVisible: visible=false, type=1, host=com.kyowon.literacy.store/com.kyowon.literacy.ui.main.activity.MainActivity, from=android.view.InsetsSourceConsumer.hide:236 android.view.InsetsController.collectSourceControls:1172 android.view.InsetsController.controlAnimationUnchecked:1049 android.view.InsetsController.applyAnimation:1417 android.view.InsetsController.hide:984 android.view.InsetsController.hide:967 android.view.PendingInsetsController.hide:60 androidx.core.view.WindowInsetsControllerCompat$Impl30.hide:654 androidx.core.view.WindowInsetsControllerCompat.hide:189 com.kyowon.literacy.utils.SystemUiHelper.hideSystemUI:19 
02-06 18:16:06.202  4843  4843 D InsetsSourceConsumer: setRequestedVisible: visible=false, type=0, host=com.kyowon.literacy.store/com.kyowon.literacy.ui.main.activity.MainActivity, from=android.view.InsetsSourceConsumer.hide:236 android.view.InsetsController.collectSourceControls:1172 android.view.InsetsController.controlAnimationUnchecked:1049 android.view.InsetsController.applyAnimation:1417 android.view.InsetsController.hide:984 android.view.InsetsController.hide:967 android.view.PendingInsetsController.hide:60 androidx.core.view.WindowInsetsControllerCompat$Impl30.hide:654 androidx.core.view.WindowInsetsControllerCompat.hide:189 com.kyowon.literacy.utils.SystemUiHelper.hideSystemUI:19 
02-06 18:16:06.291  3012  8909 V ActivityManager: Changed top to 10584,ProcessRecord{2233c6e 4843:com.kyowon.literacy.store/u0a584}
02-06 18:16:06.324  3012  3936 V WindowManager: Relayout Window{4eca38d u0 com.kyowon.literacy.store/com.kyowon.literacy.ui.main.activity.MainActivity}: viewVisibility=0 req=2000x1200
02-06 18:16:06.326  3012  3936 D WindowManager: isScreenshotDisabledLocked - win: Window{4eca38d u0 com.kyowon.literacy.store/com.kyowon.literacy.ui.main.activity.MainActivity}
02-06 18:16:06.326   862  1519 I SurfaceFlinger: id=110448 createSurf (2000x1200),1 flag=4, com.kyowon.literacy.store/com.kyowon.literacy.ui.main.activity.MainActivity$_4843#0
02-06 18:16:06.328  3012  3936 D WindowManager: makeSurface duration=2 name=com.kyowon.literacy.store/com.kyowon.literacy.ui.main.activity.MainActivity$_4843
02-06 18:16:06.329  3012  3936 V WindowManager: Changing focus from Window{ddd19de u0 com.kyowon.literacy.store/com.kyowon.literacy.ui.main.activity.MainActivity} to Window{4eca38d u0 com.kyowon.literacy.store/com.kyowon.literacy.ui.main.activity.MainActivity} displayId=0 Callers=com.android.server.wm.RootWindowContainer.updateFocusedWindowLocked:566 com.android.server.wm.WindowManagerService.updateFocusedWindowLocked:6311 com.android.server.wm.WindowManagerService.relayoutWindow:2713 com.android.server.wm.Session.relayout:219 
02-06 18:16:06.383  3012  7159 D WindowManager: finishDrawingWindow: Window{4eca38d u0 com.kyowon.literacy.store/com.kyowon.literacy.ui.main.activity.MainActivity} mDrawState=DRAW_PENDING
02-06 18:16:06.427  3012  7166 D MARsPolicyManager: onPackageResumedFG pkgName = com.kyowon.literacy.store, userId = 0
02-06 18:16:06.431  3012  3061 D GameManagerService: notePauseComponent(), received paused-component: com.kyowon.literacy.store
02-06 18:16:06.432  3012  7166 D WindowManager: rotationForOrientation, orientationSource=ActivityRecord{d5c4885 u0 com.kyowon.literacy.store/com.kyowon.literacy.ui.main.activity.MainActivity t3753}
02-06 18:16:06.438  3012  7166 D MARsPolicyManager: onPackageResumedFG pkgName = com.kyowon.literacy.store, userId = 0
02-06 18:16:06.451  3012  7166 D ActivityTaskManager: finishFixedRotationTransform, r=ActivityRecord{d5c4885 u0 com.kyowon.literacy.store/com.kyowon.literacy.ui.main.activity.MainActivity t3753}, caller=com.android.server.wm.WindowToken.finishFixedRotationTransform:664 com.android.server.wm.DisplayContent$FixedRotationTransitionListener.onAppTransitionFinishedLocked:7026 com.android.server.wm.AppTransition.notifyAppTransitionFinishedLocked:543 com.android.server.wm.DisplayContent.handleAnimatingStoppedAndTransition:5836 com.android.server.wm.RootWindowContainer.checkAppTransitionReady:1264 
02-06 18:16:06.481   862   862 D SurfaceFlinger:      DEVICE | 0xb400007ac04cff00 | 0002 | RGBA_8888    |    0.0    0.0 1200.0 2000.0 |    0    0 1200 2000 | com.kyowon.literacy.store/com.kyowon[...]i.main.activity.MainActivity$_4843#1
02-06 18:16:06.481   862   862 D SurfaceFlinger:      CLIENT | 0xb400007acfe1e930 | 0000 | RGBA_8888    |    0.0    0.0 1200.0 2000.0 |    0    0 1200 2000 | com.kyowon.literacy.store/com.kyowon[...]i.main.activity.MainActivity$_4843#0
02-06 18:16:06.520  3012  3936 I WindowManager: Destroying surface Surface(name=com.kyowon.literacy.store/com.kyowon.literacy.ui.main.activity.MainActivity$_4843)/@0xc705654 called by com.android.server.wm.WindowStateAnimator.destroySurface:1794 com.android.server.wm.WindowStateAnimator.destroySurfaceLocked:765 com.android.server.wm.WindowState.removeImmediately:2665 com.android.server.wm.WindowState.removeIfPossible:2830 com.android.server.wm.WindowState.removeIfPossible:2688 com.android.server.wm.WindowManagerService.removeWindow:2186 com.android.server.wm.Session.remove:199 android.view.IWindowSession$Stub.onTransact:813 
02-06 18:16:06.522   862  1519 I Layer   : id=110448 removeFromCurrentState com.kyowon.literacy.store/com.kyowon.literacy.ui.main.activity.MainActivity$_4843#0 (80)
02-06 18:16:06.525   862  2572 I SurfaceFlinger: id=110448 Removed com.kyowon.literacy.store/com.kyowon.literacy.ui.main.activity.MainActivity$_4843#0 (80)
02-06 18:16:06.525   862  1520 I Layer   : id=110447 removeFromCurrentState 4eca38d com.kyowon.literacy.store/com.kyowon.literacy.ui.main.activity.MainActivity#0 (80)
02-06 18:16:06.526  3012  3936 V WindowManager: Changing focus from Window{4eca38d u0 com.kyowon.literacy.store/com.kyowon.literacy.ui.main.activity.MainActivity} to Window{ddd19de u0 com.kyowon.literacy.store/com.kyowon.literacy.ui.main.activity.MainActivity} displayId=0 Callers=com.android.server.wm.RootWindowContainer.updateFocusedWindowLocked:566 com.android.server.wm.WindowManagerService.updateFocusedWindowLocked:6311 com.android.server.wm.WindowState.removeIfPossible:2839 com.android.server.wm.WindowState.removeIfPossible:2688 
02-06 18:16:06.526   862  1520 I SurfaceFlinger: id=110447 Removed 4eca38d com.kyowon.literacy.store/com.kyowon.literacy.ui.main.activity.MainActivity#0 (80)
02-06 18:16:06.537   862  2572 I SurfaceFlinger: id=110453 createSurf (0x0),-1 flag=80004, 5501bec com.kyowon.literacy.store/com.kyowon.literacy.ui.main.activity.MainActivity#0
02-06 18:16:06.544  4843  4843 D InsetsSourceConsumer: setRequestedVisible: visible=false, type=2, host=com.kyowon.literacy.store/com.kyowon.literacy.ui.main.activity.MainActivity, from=android.view.InsetsSourceConsumer.hide:236 android.view.InsetsController.collectSourceControls:1172 android.view.InsetsController.controlAnimationUnchecked:1049 android.view.InsetsController.applyAnimation:1417 android.view.InsetsController.hide:984 android.view.InsetsController.hide:967 android.view.PendingInsetsController.hide:60 androidx.core.view.WindowInsetsControllerCompat$Impl30.hide:654 androidx.core.view.WindowInsetsControllerCompat.hide:189 com.kyowon.literacy.utils.SystemUiHelper.hideSystemUI:19 
02-06 18:16:06.544  4843  4843 D InsetsSourceConsumer: setRequestedVisible: visible=false, type=1, host=com.kyowon.literacy.store/com.kyowon.literacy.ui.main.activity.MainActivity, from=android.view.InsetsSourceConsumer.hide:236 android.view.InsetsController.collectSourceControls:1172 android.view.InsetsController.controlAnimationUnchecked:1049 android.view.InsetsController.applyAnimation:1417 android.view.InsetsController.hide:984 android.view.InsetsController.hide:967 android.view.PendingInsetsController.hide:60 androidx.core.view.WindowInsetsControllerCompat$Impl30.hide:654 androidx.core.view.WindowInsetsControllerCompat.hide:189 com.kyowon.literacy.utils.SystemUiHelper.hideSystemUI:19 
02-06 18:16:06.544   862   862 I Layer   : id=110447[1] Destroyed 4eca38d com.kyowon.literacy.store/com.kyowon.literacy.ui.main.activity.MainActivity#0
02-06 18:16:06.544  4843  4843 D InsetsSourceConsumer: setRequestedVisible: visible=false, type=0, host=com.kyowon.literacy.store/com.kyowon.literacy.ui.main.activity.MainActivity, from=android.view.InsetsSourceConsumer.hide:236 android.view.InsetsController.collectSourceControls:1172 android.view.InsetsController.controlAnimationUnchecked:1049 android.view.InsetsController.applyAnimation:1417 android.view.InsetsController.hide:984 android.view.InsetsController.hide:967 android.view.PendingInsetsController.hide:60 androidx.core.view.WindowInsetsControllerCompat$Impl30.hide:654 androidx.core.view.WindowInsetsControllerCompat.hide:189 com.kyowon.literacy.utils.SystemUiHelper.hideSystemUI:19 
02-06 18:16:06.549   862   862 I Layer   : id=110448[1] Destroyed com.kyowon.literacy.store/com.kyowon.literacy.ui.main.activity.MainActivity$_4843#0
02-06 18:16:06.574  3012  3061 D GameManagerService: noteResumeComponent(), received resumed-component: com.kyowon.literacy.store
02-06 18:16:06.574  3012  3061 I GameSDK@LifeCycle: noteResumeComponent(): package name  : com.kyowon.literacy.store
02-06 18:16:06.575  3012  3220 D GameManagerService: onLooperPrepared(), msg: MSG_APP_RESUME, resumeComponent: ComponentInfo{com.kyowon.literacy.store/com.kyowon.literacy.ui.main.activity.MainActivity}
02-06 18:16:06.575  3012  3220 D GameManagerService:   handleResume(). pkgName: com.kyowon.literacy.store, isTunableApp: null
02-06 18:16:06.575  3012  3220 D GameManagerService: notifyFocusInOut(). of pkg: com.kyowon.literacy.store, type: 4, isMinimized: false, isTunableApp: false
02-06 18:16:06.620   862   862 D SurfaceFlinger:      DEVICE | 0xb400007ac04d16a0 | 0002 | RGBA_8888    |    0.0    0.0 1200.0 2000.0 |    0    0 1200 2000 | com.kyowon.literacy.store/com.kyowon[...]i.main.activity.MainActivity$_4843#1
02-06 18:16:06.632  3012  3936 V WindowManager: Relayout Window{5501bec u0 com.kyowon.literacy.store/com.kyowon.literacy.ui.main.activity.MainActivity}: viewVisibility=0 req=2000x1200
02-06 18:16:06.639  3012  3936 D WindowManager: isScreenshotDisabledLocked - win: Window{5501bec u0 com.kyowon.literacy.store/com.kyowon.literacy.ui.main.activity.MainActivity}
02-06 18:16:06.640   862   924 I SurfaceFlinger: id=110454 createSurf (2000x1200),1 flag=4, com.kyowon.literacy.store/com.kyowon.literacy.ui.main.activity.MainActivity$_4843#0
02-06 18:16:06.641  3012  3936 D WindowManager: makeSurface duration=2 name=com.kyowon.literacy.store/com.kyowon.literacy.ui.main.activity.MainActivity$_4843
02-06 18:16:06.642  3012  3936 V WindowManager: Changing focus from Window{ddd19de u0 com.kyowon.literacy.store/com.kyowon.literacy.ui.main.activity.MainActivity} to Window{5501bec u0 com.kyowon.literacy.store/com.kyowon.literacy.ui.main.activity.MainActivity} displayId=0 Callers=com.android.server.wm.RootWindowContainer.updateFocusedWindowLocked:566 com.android.server.wm.WindowManagerService.updateFocusedWindowLocked:6311 com.android.server.wm.WindowManagerService.relayoutWindow:2713 com.android.server.wm.Session.relayout:219 
02-06 18:16:06.842  3012  7184 V WindowManager: Relayout Window{ddd19de u0 com.kyowon.literacy.store/com.kyowon.literacy.ui.main.activity.MainActivity}: viewVisibility=0 req=2000x1200
02-06 18:16:06.863  3012  7159 D WindowManager: finishDrawingWindow: Window{5501bec u0 com.kyowon.literacy.store/com.kyowon.literacy.ui.main.activity.MainActivity} mDrawState=DRAW_PENDING
02-06 18:16:06.907  3012  7184 I WindowManager: Destroying surface Surface(name=com.kyowon.literacy.store/com.kyowon.literacy.ui.main.activity.MainActivity$_4843)/@0x3be652 called by com.android.server.wm.WindowStateAnimator.destroySurface:1794 com.android.server.wm.WindowStateAnimator.destroySurfaceLocked:765 com.android.server.wm.WindowState.removeImmediately:2665 com.android.server.wm.WindowState.removeIfPossible:2830 com.android.server.wm.WindowState.removeIfPossible:2688 com.android.server.wm.WindowManagerService.removeWindow:2186 com.android.server.wm.Session.remove:199 android.view.IWindowSession$Stub.onTransact:813 
02-06 18:16:06.907   862   924 I Layer   : id=110454 removeFromCurrentState com.kyowon.literacy.store/com.kyowon.literacy.ui.main.activity.MainActivity$_4843#0 (81)
02-06 18:16:06.910   862  1520 I Layer   : id=110453 removeFromCurrentState 5501bec com.kyowon.literacy.store/com.kyowon.literacy.ui.main.activity.MainActivity#0 (81)
02-06 18:16:06.911  3012  7184 V WindowManager: Changing focus from Window{5501bec u0 com.kyowon.literacy.store/com.kyowon.literacy.ui.main.activity.MainActivity} to Window{ddd19de u0 com.kyowon.literacy.store/com.kyowon.literacy.ui.main.activity.MainActivity} displayId=0 Callers=com.android.server.wm.RootWindowContainer.updateFocusedWindowLocked:566 com.android.server.wm.WindowManagerService.updateFocusedWindowLocked:6311 com.android.server.wm.WindowState.removeIfPossible:2839 com.android.server.wm.WindowState.removeIfPossible:2688 
02-06 18:16:06.912   862  1520 I SurfaceFlinger: id=110454 Removed com.kyowon.literacy.store/com.kyowon.literacy.ui.main.activity.MainActivity$_4843#0 (81)
02-06 18:16:06.912   862  1520 I SurfaceFlinger: id=110453 Removed 5501bec com.kyowon.literacy.store/com.kyowon.literacy.ui.main.activity.MainActivity#0 (81)
02-06 18:16:06.942   862   924 I SurfaceFlinger: id=110460 createSurf (0x0),-1 flag=80004, 541edaa com.kyowon.literacy.store/com.kyowon.literacy.ui.main.activity.MainActivity#0
02-06 18:16:06.950   862   862 D SurfaceFlinger:      DEVICE | 0xb400007ac04d16a0 | 0002 | RGBA_8888    |    0.0    0.0 1200.0 2000.0 |    0    0 1200 2000 | com.kyowon.literacy.store/com.kyowon[...]i.main.activity.MainActivity$_4843#1
02-06 18:16:06.950   862   862 D SurfaceFlinger:      CLIENT | 0xb400007ac04d2200 | 0000 | RGBA_8888    |    0.0    0.0 1200.0 2000.0 |    0    0 1200 2000 | com.kyowon.literacy.store/com.kyowon[...]i.main.activity.MainActivity$_4843#0
02-06 18:16:06.952   862   862 I Layer   : id=110453[1] Destroyed 5501bec com.kyowon.literacy.store/com.kyowon.literacy.ui.main.activity.MainActivity#0
