02-11 10:12:19.253  1451  1535 D InsetsSourceProvider: updateVisibility: serverVisible=true, clientVisible=false, source=InsetsSource: {d4260000 mType=statusBars mFrame=[0,0][1920,45] mVisible=false mFlags= mSideHint=TOP mBoundingRects=null}, controlTarget=Window{d45ae0c u0 kr.co.kyowon.videolesson.play/com.kyowon.livechat_lib.MeetingActivity}, from=com.android.server.wm.InsetsSourceProvider.setClientVisible:8 com.android.server.wm.InsetsSourceProvider.updateClientVisibility:20 com.android.server.wm.InsetsStateController.onRequestedVisibleTypesChanged:44 com.android.server.wm.InsetsStateController$$ExternalSyntheticLambda1.run:172 com.android.server.wm.WindowAnimator$$ExternalSyntheticLambda2.onTransactionCommitted:26 android.view.SurfaceControl$Transaction$$ExternalSyntheticLambda4.run:0 android.os.Handler.handleCallback:995 android.os.Handler.dispatchMessage:103 android.os.Looper.loopOnce:273 android.os.Looper.loop:363 
02-11 10:12:19.284 23211 23211 I InsetsController: onStateChanged: host=kr.co.kyowon.videolesson.play/com.kyowon.livechat_lib.MeetingActivity, from=android.view.ViewRootImpl.onInsetsStateChanged:3031, state=InsetsState: {mDisplayFrame=Rect(0, 0 - 1920, 1200), mDisplayCutout=DisplayCutout{insets=Rect(0, 0 - 0, 0) waterfall=Insets{left=0, top=0, right=0, bottom=0} boundingRect={Bounds=[Rect(0, 0 - 0, 0), Rect(0, 0 - 0, 0), Rect(0, 0 - 0, 0), Rect(0, 0 - 0, 0)]} cutoutPathParserInfo={CutoutPathParserInfo{displayWidth=0 displayHeight=0 physicalDisplayWidth=0 physicalDisplayHeight=0 density={0.0} cutoutSpec={} rotation={0} scale={0.0} physicalPixelDisplaySizeRatio={0.0}}} sideOverrides=null}, mRoundedCorners=RoundedCorners{[RoundedCorner{position=TopLeft, radius=20, center=Point(20, 20)}, RoundedCorner{position=TopRight, radius=20, center=Point(1900, 20)}, RoundedCorner{position=BottomRight, radius=20, center=Point(1900, 1180)}, RoundedCorner{position=BottomLeft, radius=20, center=Point(20, 1180)}]}  mRoundedCornerFrame=Rect(0, 0 - 1920, 1200), mPrivacyIndicatorBounds=PrivacyIndicatorBounds {static bounds=Rect(1854, 0 - 1920, 45) rotation=1}, mDisplayShape=DisplayShape{ spec=-311912193 displayWidth=1200 displayHeight=1920 physicalPixelDisplaySizeRatio=1.0 rotation=1 offsetX=0 offsetY=0 scale=1.0}, mSources= { InsetsSource: {d4260000 mType=statusBars mFrame=[0,0][1920,45] mVisible=true mFlags= mSideHint=TOP mBoundingRects=null}, InsetsSource: {d4260005 mType=mandatorySystemGestures mFrame=[0,0][1920,45] mVisible=true mFlags= mSideHint=TOP mBoundingRects=null}, InsetsSource: {d4260006 mType=tappableElement mFrame=[0,0][1920,45] mVisible=true mFlags= mSideHint=TOP mBoundingRects=null}, InsetsSource: {f8790001 mType=navigationBars mFrame=[0,1128][1920,1200] mVisible=false mFlags= mSideHint=BOTTOM mBoundingRects=null}, InsetsSource: {f8790004 mType=systemGestures mFrame=[0,0][0,0] mVisible=true mFlags= mSideHint=NONE mBoundingRects=null}, InsetsSource: {f8790005 mType=mandatorySystemGestures mFrame=[0,1128][1920,1200] mVisible=true mFlags= mSideHint=BOTTOM mBoundingRects=null}, InsetsSource: {f8790006 mType=tappableElement mFrame=[0,1128][1920,1200] mVisible=true mFlags= mSideHint=BOTTOM mBoundingRects=null}, InsetsSource: {f8790024 mType=systemGestures mFrame=[0,0][0,0] mVisible=true mFlags= mSideHint=NONE mBoundingRects=null}, InsetsSource: {3 mType=ime mFrame=[0,0][0,0] mVisible=false mFlags= mSideHint=NONE mBoundingRects=null} }
02-11 10:12:19.285 23211 23211 I InsetsController: controlAnimationUncheckedInner: Added types=statusBars, animType=1, host=kr.co.kyowon.videolesson.play/com.kyowon.livechat_lib.MeetingActivity, from=android.view.InsetsController.controlAnimationUnchecked:1620 android.view.InsetsController.applyAnimation:2429 android.view.InsetsController.applyAnimation:2355 
02-11 10:12:19.287 23211 23211 I InsetsController: onStateChanged: host=kr.co.kyowon.videolesson.play/com.kyowon.livechat_lib.MeetingActivity, from=android.view.ViewRootImpl.onInsetsStateChanged:3031, state=InsetsState: {mDisplayFrame=Rect(0, 0 - 1920, 1200), mDisplayCutout=DisplayCutout{insets=Rect(0, 0 - 0, 0) waterfall=Insets{left=0, top=0, right=0, bottom=0} boundingRect={Bounds=[Rect(0, 0 - 0, 0), Rect(0, 0 - 0, 0), Rect(0, 0 - 0, 0), Rect(0, 0 - 0, 0)]} cutoutPathParserInfo={CutoutPathParserInfo{displayWidth=0 displayHeight=0 physicalDisplayWidth=0 physicalDisplayHeight=0 density={0.0} cutoutSpec={} rotation={0} scale={0.0} physicalPixelDisplaySizeRatio={0.0}}} sideOverrides=null}, mRoundedCorners=RoundedCorners{[RoundedCorner{position=TopLeft, radius=20, center=Point(20, 20)}, RoundedCorner{position=TopRight, radius=20, center=Point(1900, 20)}, RoundedCorner{position=BottomRight, radius=20, center=Point(1900, 1180)}, RoundedCorner{position=BottomLeft, radius=20, center=Point(20, 1180)}]}  mRoundedCornerFrame=Rect(0, 0 - 1920, 1200), mPrivacyIndicatorBounds=PrivacyIndicatorBounds {static bounds=Rect(1854, 0 - 1920, 45) rotation=1}, mDisplayShape=DisplayShape{ spec=-311912193 displayWidth=1200 displayHeight=1920 physicalPixelDisplaySizeRatio=1.0 rotation=1 offsetX=0 offsetY=0 scale=1.0}, mSources= { InsetsSource: {d4260000 mType=statusBars mFrame=[0,0][1920,45] mVisible=false mFlags= mSideHint=TOP mBoundingRects=null}, InsetsSource: {d4260005 mType=mandatorySystemGestures mFrame=[0,0][1920,45] mVisible=true mFlags= mSideHint=TOP mBoundingRects=null}, InsetsSource: {d4260006 mType=tappableElement mFrame=[0,0][1920,45] mVisible=true mFlags= mSideHint=TOP mBoundingRects=null}, InsetsSource: {f8790001 mType=navigationBars mFrame=[0,1128][1920,1200] mVisible=false mFlags= mSideHint=BOTTOM mBoundingRects=null}, InsetsSource: {f8790004 mType=systemGestures mFrame=[0,0][0,0] mVisible=true mFlags= mSideHint=NONE mBoundingRects=null}, InsetsSource: {f8790005 mType=mandatorySystemGestures mFrame=[0,1128][1920,1200] mVisible=true mFlags= mSideHint=BOTTOM mBoundingRects=null}, InsetsSource: {f8790006 mType=tappableElement mFrame=[0,1128][1920,1200] mVisible=true mFlags= mSideHint=BOTTOM mBoundingRects=null}, InsetsSource: {f8790024 mType=systemGestures mFrame=[0,0][0,0] mVisible=true mFlags= mSideHint=NONE mBoundingRects=null}, InsetsSource: {3 mType=ime mFrame=[0,0][0,0] mVisible=false mFlags= mSideHint=NONE mBoundingRects=null} }
02-11 10:12:19.563  1074  1074 I BufferQueueProducer: [kr.co.kyowon.videolesson.play/com.kyowon.livechat_lib.MeetingActivity$_23211#43848](this:0xb400007cb393ead8,id:-1,api:0,p:-1,c:1074) queueBuffer: fps=59.44 dur=1009.37 max=33.64 min=13.93
02-11 10:12:19.605  1074  1074 D SurfaceFlinger:        DEVICE |           99690485907458 | 00002100 | RGBA_8888    |    0.0    0.0    0.0    0.0 |    0    0   -1   -1 | kr.co.kyowon.videolesson.play/kr.co.[...]esson.play.MainActivity$_23211#43805 (7)
02-11 10:12:19.605  1074  1074 D SurfaceFlinger:        DEVICE |           99690485907511 | 00002100 | RGBA_8888    |    0.0    0.0 1200.0 1920.0 |    0    0 1200 1920 | kr.co.kyowon.videolesson.play/com.ky[...]hat_lib.MeetingActivity$_23211#43848 (28655)
02-11 10:12:19.662 23211 23211 I InsetsController: cancelAnimation: types=statusBars, animType=1, host=kr.co.kyowon.videolesson.play/com.kyowon.livechat_lib.MeetingActivity, from=android.view.InsetsController.notifyFinished:2018 android.view.InsetsAnimationThreadControlRunner$1.lambda$notifyFinished$0:82 android.view.InsetsAnimationThreadControlRunner$1.$r8$lambda$cDFF0h4Ncq-8EXdGszv69jrUu7c:0 
02-11 10:12:19.777  1074  1074 I BufferQueueProducer: [69d3395 SurfaceView[kr.co.kyowon.videolesson.play/com.kyowon.livechat_lib.MeetingActivity]@0(BLAST)#43991](this:0xb400007cb398b908,id:-1,api:0,p:-1,c:1074) queueBuffer: fps=28.83 dur=1006.05 max=115.07 min=15.95
02-11 10:12:19.876  1074  1074 I BufferQueueProducer: [df4c49e SurfaceView[kr.co.kyowon.videolesson.play/com.kyowon.livechat_lib.MeetingActivity]@0(BLAST)#43987](this:0xb400007cb397a7a8,id:-1,api:0,p:-1,c:1074) queueBuffer: fps=24.00 dur=1041.49 max=51.27 min=31.52
02-11 10:12:20.571  1074  1074 I BufferQueueProducer: [kr.co.kyowon.videolesson.play/com.kyowon.livechat_lib.MeetingActivity$_23211#43848](this:0xb400007cb393ead8,id:-1,api:0,p:-1,c:1074) queueBuffer: fps=60.53 dur=1007.78 max=17.72 min=14.75
02-11 10:12:20.786  1074  1074 I BufferQueueProducer: [69d3395 SurfaceView[kr.co.kyowon.videolesson.play/com.kyowon.livechat_lib.MeetingActivity]@0(BLAST)#43991](this:0xb400007cb398b908,id:-1,api:0,p:-1,c:1074) queueBuffer: fps=29.75 dur=1008.41 max=49.98 min=16.10
02-11 10:12:20.918  1074  1074 I BufferQueueProducer: [df4c49e SurfaceView[kr.co.kyowon.videolesson.play/com.kyowon.livechat_lib.MeetingActivity]@0(BLAST)#43987](this:0xb400007cb397a7a8,id:-1,api:0,p:-1,c:1074) queueBuffer: fps=24.00 dur=1041.76 max=50.09 min=32.68
02-11 10:12:21.580  1074  1074 I BufferQueueProducer: [kr.co.kyowon.videolesson.play/com.kyowon.livechat_lib.MeetingActivity$_23211#43848](this:0xb400007cb393ead8,id:-1,api:0,p:-1,c:1074) queueBuffer: fps=60.48 dur=1008.67 max=17.53 min=15.70
02-11 10:12:21.795  1074  1074 I BufferQueueProducer: [69d3395 SurfaceView[kr.co.kyowon.videolesson.play/com.kyowon.livechat_lib.MeetingActivity]@0(BLAST)#43991](this:0xb400007cb398b908,id:-1,api:0,p:-1,c:1074) queueBuffer: fps=29.74 dur=1008.79 max=49.63 min=16.09
02-11 10:12:21.927  1074  1074 I BufferQueueProducer: [df4c49e SurfaceView[kr.co.kyowon.videolesson.play/com.kyowon.livechat_lib.MeetingActivity]@0(BLAST)#43987](this:0xb400007cb397a7a8,id:-1,api:0,p:-1,c:1074) queueBuffer: fps=23.78 dur=1009.40 max=50.27 min=32.46
02-11 10:12:22.588  1074  1074 I BufferQueueProducer: [kr.co.kyowon.videolesson.play/com.kyowon.livechat_lib.MeetingActivity$_23211#43848](this:0xb400007cb393ead8,id:-1,api:0,p:-1,c:1074) queueBuffer: fps=60.47 dur=1008.74 max=17.53 min=15.06
02-11 10:12:22.804  1074  1074 I BufferQueueProducer: [69d3395 SurfaceView[kr.co.kyowon.videolesson.play/com.kyowon.livechat_lib.MeetingActivity]@0(BLAST)#43991](this:0xb400007cb398b908,id:-1,api:0,p:-1,c:1074) queueBuffer: fps=29.72 dur=1009.42 max=50.84 min=15.12
02-11 10:12:22.969  1074  1074 I BufferQueueProducer: [df4c49e SurfaceView[kr.co.kyowon.videolesson.play/com.kyowon.livechat_lib.MeetingActivity]@0(BLAST)#43987](this:0xb400007cb397a7a8,id:-1,api:0,p:-1,c:1074) queueBuffer: fps=24.00 dur=1041.51 max=50.31 min=32.27
02-11 10:12:23.598  1074  1074 I BufferQueueProducer: [kr.co.kyowon.videolesson.play/com.kyowon.livechat_lib.MeetingActivity$_23211#43848](this:0xb400007cb393ead8,id:-1,api:0,p:-1,c:1074) queueBuffer: fps=60.43 dur=1009.40 max=17.89 min=15.68
02-11 10:12:23.812  1074  1074 I BufferQueueProducer: [69d3395 SurfaceView[kr.co.kyowon.videolesson.play/com.kyowon.livechat_lib.MeetingActivity]@0(BLAST)#43991](this:0xb400007cb398b908,id:-1,api:0,p:-1,c:1074) queueBuffer: fps=29.76 dur=1008.13 max=50.77 min=16.21
02-11 10:12:24.011  1074  1074 I BufferQueueProducer: [df4c49e SurfaceView[kr.co.kyowon.videolesson.play/com.kyowon.livechat_lib.MeetingActivity]@0(BLAST)#43987](this:0xb400007cb397a7a8,id:-1,api:0,p:-1,c:1074) queueBuffer: fps=23.99 dur=1041.98 max=66.02 min=15.82
02-11 10:12:24.300 23211 23211 I BLASTBufferQueue: [69d3395 SurfaceView[kr.co.kyowon.videolesson.play/com.kyowon.livechat_lib.MeetingActivity]@0#26](f:0,a:3,s:0) destructor()
02-11 10:12:24.300 23211 23211 D BufferQueueConsumer: [69d3395 SurfaceView[kr.co.kyowon.videolesson.play/com.kyowon.livechat_lib.MeetingActivity]@0#26(BLAST Consumer)26](id:5aab00000027,api:0,p:-1,c:23211) disconnect
02-11 10:12:24.370  1228 27189 I CameraService: finishCameraStreamingOps: finish camera streaming ops, package name = kr.co.kyowon.videolesson.play, client UID = 10354
02-11 10:12:24.371  1228 27189 I CameraServiceProxyWrapper: updateProxyDeviceState: notifyCameraState for Camera ID 1, newState 2, facing 1, clientName kr.co.kyowon.videolesson.play, apiLevel 2
02-11 10:12:24.371  1451  2301 I CameraService_proxy: wmi.removeRefreshRateRangeForPackage clientName = kr.co.kyowon.videolesson.play
02-11 10:12:24.371  1451  3251 I CameraManagerGlobal: Camera 1 facing CAMERA_FACING_FRONT state now CAMERA_STATE_IDLE for client kr.co.kyowon.videolesson.play API Level 2 User Id 0Device Id 0
02-11 10:12:24.372 17720 17927 I CameraManagerGlobal: Camera 1 facing CAMERA_FACING_FRONT state now CAMERA_STATE_IDLE for client kr.co.kyowon.videolesson.play API Level 2 User Id 0Device Id 0
02-11 10:12:24.372 23211 23427 I CameraManagerGlobal: Camera 1 facing CAMERA_FACING_FRONT state now CAMERA_STATE_IDLE for client kr.co.kyowon.videolesson.play API Level 2 User Id 0Device Id 0
02-11 10:12:24.372  3487  5177 I CameraManagerGlobal: Camera 1 facing CAMERA_FACING_FRONT state now CAMERA_STATE_IDLE for client kr.co.kyowon.videolesson.play API Level 2 User Id 0Device Id 0
02-11 10:12:24.372 22284 22361 I CameraManagerGlobal: Camera 1 facing CAMERA_FACING_FRONT state now CAMERA_STATE_IDLE for client kr.co.kyowon.videolesson.play API Level 2 User Id 0Device Id 0
02-11 10:12:24.372 24327 28185 I CameraManagerGlobal: Camera 1 facing CAMERA_FACING_FRONT state now CAMERA_STATE_IDLE for client kr.co.kyowon.videolesson.play API Level 2 User Id 0Device Id 0
02-11 10:12:24.375  2097  2177 I CameraManagerGlobal: Camera 1 facing CAMERA_FACING_FRONT state now CAMERA_STATE_IDLE for client kr.co.kyowon.videolesson.play API Level 2 User Id 0Device Id 0
02-11 10:12:24.375  1944  4785 I CameraManagerGlobal: Camera 1 facing CAMERA_FACING_FRONT state now CAMERA_STATE_IDLE for client kr.co.kyowon.videolesson.play API Level 2 User Id 0Device Id 0
02-11 10:12:24.375  3081 12361 I CameraManagerGlobal: Camera 1 facing CAMERA_FACING_FRONT state now CAMERA_STATE_IDLE for client kr.co.kyowon.videolesson.play API Level 2 User Id 0Device Id 0
02-11 10:12:24.380  1074  1074 I LayerHistory: 69d3395 SurfaceView[kr.co.kyowon.videolesson.play/com.kyowon.livechat_lib.MeetingActivity]@0(BLAST)#43991 Max (can't resolve refresh rate)
02-11 10:12:24.380  1074  1074 I LayerHistory: df4c49e SurfaceView[kr.co.kyowon.videolesson.play/com.kyowon.livechat_lib.MeetingActivity]@0(BLAST)#43987 Max (can't resolve refresh rate)
02-11 10:12:24.380  1074  1074 I LayerHistory: kr.co.kyowon.videolesson.play/com.kyowon.livechat_lib.MeetingActivity$_23211#43848 Max (can't resolve refresh rate)
02-11 10:12:24.381  1074  1074 I SurfaceFlinger: Weight ignores 69d3395 SurfaceView[kr.co.kyowon.videolesson.play/com.kyowon.livechat_lib.MeetingActivity]@0(BLAST)#43991 (type=Max, weight=0.22, seamlessness=Default) 0.00 Hz's 90.00 Hz
02-11 10:12:24.381  1074  1074 I SurfaceFlinger: Weight ignores df4c49e SurfaceView[kr.co.kyowon.videolesson.play/com.kyowon.livechat_lib.MeetingActivity]@0(BLAST)#43987 (type=Max, weight=0.22, seamlessness=Default) 0.00 Hz's 90.00 Hz
02-11 10:12:24.437  1228  8239 I CameraServiceProxyWrapper: updateProxyDeviceState: notifyCameraState for Camera ID 1, newState 3, facing 1, clientName kr.co.kyowon.videolesson.play, apiLevel 2
02-11 10:12:24.438  1228  8239 I CameraService: notifyCameraClosing: Finish camera ops, package name = kr.co.kyowon.videolesson.play, client UID = 10354
02-11 10:12:24.440  3487  5177 I CameraManagerGlobal: Camera 1 facing CAMERA_FACING_FRONT state now CAMERA_STATE_CLOSED for client kr.co.kyowon.videolesson.play API Level 2 User Id 0Device Id 0
02-11 10:12:24.440  2097  2177 I CameraManagerGlobal: Camera 1 facing CAMERA_FACING_FRONT state now CAMERA_STATE_CLOSED for client kr.co.kyowon.videolesson.play API Level 2 User Id 0Device Id 0
02-11 10:12:24.440 23211 23427 I CameraManagerGlobal: Camera 1 facing CAMERA_FACING_FRONT state now CAMERA_STATE_CLOSED for client kr.co.kyowon.videolesson.play API Level 2 User Id 0Device Id 0
02-11 10:12:24.440  3081 12361 I CameraManagerGlobal: Camera 1 facing CAMERA_FACING_FRONT state now CAMERA_STATE_CLOSED for client kr.co.kyowon.videolesson.play API Level 2 User Id 0Device Id 0
02-11 10:12:24.440  1451  3287 I CameraManagerGlobal: Camera 1 facing CAMERA_FACING_FRONT state now CAMERA_STATE_CLOSED for client kr.co.kyowon.videolesson.play API Level 2 User Id 0Device Id 0
02-11 10:12:24.441  1944  4785 I CameraManagerGlobal: Camera 1 facing CAMERA_FACING_FRONT state now CAMERA_STATE_CLOSED for client kr.co.kyowon.videolesson.play API Level 2 User Id 0Device Id 0
02-11 10:12:24.441 24327 28185 I CameraManagerGlobal: Camera 1 facing CAMERA_FACING_FRONT state now CAMERA_STATE_CLOSED for client kr.co.kyowon.videolesson.play API Level 2 User Id 0Device Id 0
02-11 10:12:24.442 17720 17927 I CameraManagerGlobal: Camera 1 facing CAMERA_FACING_FRONT state now CAMERA_STATE_CLOSED for client kr.co.kyowon.videolesson.play API Level 2 User Id 0Device Id 0
02-11 10:12:24.442 22284 22361 I CameraManagerGlobal: Camera 1 facing CAMERA_FACING_FRONT state now CAMERA_STATE_CLOSED for client kr.co.kyowon.videolesson.play API Level 2 User Id 0Device Id 0
02-11 10:12:24.461  1451  3232 D SGM:GameManager: identifyGamePackage. kr.co.kyowon.videolesson.play, mCurrentUserId: 0, callingMethodInfo: com.samsung.android.game.SemGameManager.isGamePackage(SemGameManager.java:106)
02-11 10:12:24.461  1451  3232 D SGM:SemGameManager: isGamePackage(), pkgName=kr.co.kyowon.videolesson.play, ret=false
02-11 10:12:24.486  1451  2301 V AS.AudioService: setMode(mode=0, pid=23211, uid=10354, caller=kr.co.kyowon.videolesson.play)
02-11 10:12:24.489  1074  1074 I SurfaceFlinger: [LayerHierarchy{RequestedLayerState{69d3395 SurfaceView[kr.co.kyowon.videolesson.play/com.kyowon.livechat_lib.MeetingActivity]@0#43990 z=-2} 2 children}] reparent to OffscreenRoot
02-11 10:12:24.489  1074  1074 I SurfaceFlinger: [LayerHierarchy{RequestedLayerState{69d3395 SurfaceView[kr.co.kyowon.videolesson.play/com.kyowon.livechat_lib.MeetingActivity]@0#43990 z=-2} 2 children}] RelativeParent to null
02-11 10:12:24.489  1074  1074 I SurfaceFlinger: [LayerHierarchy{RequestedLayerState{69d3395 SurfaceView[kr.co.kyowon.videolesson.play/com.kyowon.livechat_lib.MeetingActivity]@0(BLAST)#43991} no children}] reparent to OffscreenRoot
02-11 10:12:24.489  1074  1074 I SurfaceFlinger: [LayerHierarchy{RequestedLayerState{69d3395 SurfaceView[kr.co.kyowon.videolesson.play/com.kyowon.livechat_lib.MeetingActivity]@0(BLAST)#43991} no children}] RelativeParent to null
02-11 10:12:24.489  1074  1074 I SurfaceFlinger: [LayerHierarchy{RequestedLayerState{Background for 69d3395 SurfaceView[kr.co.kyowon.videolesson.play/com.kyowon.livechat_lib.MeetingActivity]@0#43992 z=-2147483648} no children}] reparent to OffscreenRoot
02-11 10:12:24.489  1074  1074 I SurfaceFlinger: [LayerHierarchy{RequestedLayerState{Background for 69d3395 SurfaceView[kr.co.kyowon.videolesson.play/com.kyowon.livechat_lib.MeetingActivity]@0#43992 z=-2147483648} no children}] RelativeParent to null
02-11 10:12:24.500  1074  1074 D SurfaceFlinger:        DEVICE |           99690485907458 | 00002100 | RGBA_8888    |    0.0    0.0    0.0    0.0 |    0    0   -1   -1 | kr.co.kyowon.videolesson.play/kr.co.[...]esson.play.MainActivity$_23211#43805 (7)
02-11 10:12:24.500  1074  1074 D SurfaceFlinger:        DEVICE |           99690485907509 | 00002100 | RGBA_8888    |    0.0    0.0 1200.0 1920.0 |    0    0 1200 1920 | kr.co.kyowon.videolesson.play/com.ky[...]hat_lib.MeetingActivity$_23211#43848 (28941)
02-11 10:12:24.501  1451  1793 I MicModeManager: updateAudioMode() audioMode=0, caller=kr.co.kyowon.videolesson.play, curCallDevice=2
02-11 10:12:24.501  1451  1793 I MicModeManager: updateMicModeSettings is enabled false, effect:0, kr.co.kyowon.videolesson.play
02-11 10:12:24.507  1074  3823 I SurfaceFlinger: onHandleDestroyed: layerId=43992, name=Background for 69d3395 SurfaceView[kr.co.kyowon.videolesson.play/com.kyowon.livechat_lib.MeetingActivity]@0#43992
02-11 10:12:24.507  1074  3823 I SurfaceFlinger: id=43992 Removed Background for 69d3395 SurfaceView[kr.co.kyowon.videolesson.play/com.kyowon.livechat_lib.MeetingActivity]@0#43992 (150)
02-11 10:12:24.507  1074  3823 I SurfaceFlinger: onHandleDestroyed: layerId=43990, name=69d3395 SurfaceView[kr.co.kyowon.videolesson.play/com.kyowon.livechat_lib.MeetingActivity]@0#43990
02-11 10:12:24.507  1074  3823 I SurfaceFlinger: id=43990 Removed 69d3395 SurfaceView[kr.co.kyowon.videolesson.play/com.kyowon.livechat_lib.MeetingActivity]@0#43990 (150)
02-11 10:12:24.507  1074  3823 I SurfaceFlinger: onHandleDestroyed: layerId=43991, name=69d3395 SurfaceView[kr.co.kyowon.videolesson.play/com.kyowon.livechat_lib.MeetingActivity]@0(BLAST)#43991
02-11 10:12:24.507  1074  3823 I SurfaceFlinger: id=43991 Removed 69d3395 SurfaceView[kr.co.kyowon.videolesson.play/com.kyowon.livechat_lib.MeetingActivity]@0(BLAST)#43991 (150)
02-11 10:12:24.511  1074  1074 D SurfaceFlinger:        DEVICE |           99690485907458 | 00002100 | RGBA_8888    |    0.0    0.0    0.0    0.0 |    0    0   -1   -1 | kr.co.kyowon.videolesson.play/kr.co.[...]esson.play.MainActivity$_23211#43805 (7)
02-11 10:12:24.511  1074  1074 D SurfaceFlinger:        DEVICE |           99690485907510 | 00002100 | RGBA_8888    |    0.0    0.0 1200.0 1920.0 |    0    0 1200 1920 | kr.co.kyowon.videolesson.play/com.ky[...]hat_lib.MeetingActivity$_23211#43848 (28942)
02-11 10:12:24.512  1074  1074 I SurfaceFlinger: destroyed 69d3395 SurfaceView[kr.co.kyowon.videolesson.play/com.kyowon.livechat_lib.MeetingActivity]@0#43990
02-11 10:12:24.512  1074  1074 I SurfaceFlinger: destroyed 69d3395 SurfaceView[kr.co.kyowon.videolesson.play/com.kyowon.livechat_lib.MeetingActivity]@0(BLAST)#43991
02-11 10:12:24.512  1074  1074 I SurfaceFlinger: destroyed Background for 69d3395 SurfaceView[kr.co.kyowon.videolesson.play/com.kyowon.livechat_lib.MeetingActivity]@0#43992
02-11 10:12:24.514  1074  1074 I Layer   : id=43991 Destroyed 69d3395 SurfaceView[kr.co.kyowon.videolesson.play/com.kyowon.livechat_lib.MeetingActivity]@0(BLAST)#43991
02-11 10:12:24.516  1074  1074 I Layer   : id=43990 Destroyed 69d3395 SurfaceView[kr.co.kyowon.videolesson.play/com.kyowon.livechat_lib.MeetingActivity]@0#43990
02-11 10:12:24.516  1074  1074 I Layer   : id=43992 Destroyed Background for 69d3395 SurfaceView[kr.co.kyowon.videolesson.play/com.kyowon.livechat_lib.MeetingActivity]@0#43992
02-11 10:12:24.598  1074  1074 I BufferQueueProducer: [kr.co.kyowon.videolesson.play/com.kyowon.livechat_lib.MeetingActivity$_23211#43848](this:0xb400007cb393ead8,id:-1,api:0,p:-1,c:1074) queueBuffer: fps=53.96 dur=1000.80 max=182.15 min=9.27
02-11 10:12:24.930  1451  1793 I AS.AudioDeviceBroker: setModeRequesterPackage requesterPackage=kr.co.kyowon.videolesson.play
02-11 10:12:25.466  1074  1144 I SurfaceFlinger: id=43994 createSurf, flag=84004, ae3707c kr.co.kyowon.videolesson.play/com.kyowon.livechat_lib.MeetingActivity#43994
02-11 10:12:25.468  1451  3287 D WindowManager: Changing focus from Window{d45ae0c u0 kr.co.kyowon.videolesson.play/com.kyowon.livechat_lib.MeetingActivity} to Window{ae3707c u0 kr.co.kyowon.videolesson.play/com.kyowon.livechat_lib.MeetingActivity} displayId=0 Callers=com.android.server.wm.WindowManagerService.addWindowInner:565 com.android.server.wm.WindowManagerService.addWindow:1842 com.android.server.wm.Session.addToDisplayAsUser:24 android.view.IWindowSession$Stub.onTransact:757 
02-11 10:12:25.469  1451  3287 D WindowManager: updateSystemBarAttributes: displayId=0, focusedCanBeNavColorWin=false, win=Window{ae3707c u0 kr.co.kyowon.videolesson.play/com.kyowon.livechat_lib.MeetingActivity}, navColorWin=Window{d45ae0c u0 kr.co.kyowon.videolesson.play/com.kyowon.livechat_lib.MeetingActivity}, caller=com.android.server.wm.WindowManagerService.updateFocusedWindowLocked:372 com.android.server.wm.WindowManagerService.addWindowInner:565 com.android.server.wm.WindowManagerService.addWindow:1842 
02-11 10:12:25.469  1074  1074 I SurfaceFlinger: [ae3707c kr.co.kyowon.videolesson.play/com.kyowon.livechat_lib.MeetingActivity#43994] attach to parent LayerHierarchy{RequestedLayerState{ActivityRecord{97819389 u0 kr.co.kyowon.videolesson.play/com.kyowon.livechat_lib.MeetingActivity t426}#43840 parentId=43795 z=1} 4 children}
02-11 10:12:25.470  1451  3287 V SystemKeyManager: updateFocusedWindow() is called, kr.co.kyowon.videolesson.play/com.kyowon.livechat_lib.MeetingActivity
02-11 10:12:25.470  1451  3287 I SystemKeyManager: requested systemKeyInfo size=1 focusedWindow=kr.co.kyowon.videolesson.play/com.kyowon.livechat_lib.MeetingActivity
02-11 10:12:25.470  1451  3287 I SystemKeyManager: requested systemKeyInfo size=1 focusedWindow=kr.co.kyowon.videolesson.play/com.kyowon.livechat_lib.MeetingActivity
02-11 10:12:25.470  1944  1944 D TaskbarDelegate: onSystemBarAttributesChanged() - displayId:0, appearance:16 (LIGHT_NAVIGATION_BARS ), navbarColorManagedByIme: false, packageName: kr.co.kyowon.videolesson.play
02-11 10:12:25.473 23211 23211 I InsetsController: onStateChanged: host=kr.co.kyowon.videolesson.play/com.kyowon.livechat_lib.MeetingActivity, from=android.view.ViewRootImpl.onInsetsStateChanged:3031, state=InsetsState: {mDisplayFrame=Rect(0, 0 - 1920, 1200), mDisplayCutout=DisplayCutout{insets=Rect(0, 0 - 0, 0) waterfall=Insets{left=0, top=0, right=0, bottom=0} boundingRect={Bounds=[Rect(0, 0 - 0, 0), Rect(0, 0 - 0, 0), Rect(0, 0 - 0, 0), Rect(0, 0 - 0, 0)]} cutoutPathParserInfo={CutoutPathParserInfo{displayWidth=0 displayHeight=0 physicalDisplayWidth=0 physicalDisplayHeight=0 density={0.0} cutoutSpec={} rotation={0} scale={0.0} physicalPixelDisplaySizeRatio={0.0}}} sideOverrides=null}, mRoundedCorners=RoundedCorners{[RoundedCorner{position=TopLeft, radius=20, center=Point(20, 20)}, RoundedCorner{position=TopRight, radius=20, center=Point(1900, 20)}, RoundedCorner{position=BottomRight, radius=20, center=Point(1900, 1180)}, RoundedCorner{position=BottomLeft, radius=20, center=Point(20, 1180)}]}  mRoundedCornerFrame=Rect(0, 0 - 1920, 1200), mPrivacyIndicatorBounds=PrivacyIndicatorBounds {static bounds=Rect(1854, 0 - 1920, 45) rotation=1}, mDisplayShape=DisplayShape{ spec=-311912193 displayWidth=1200 displayHeight=1920 physicalPixelDisplaySizeRatio=1.0 rotation=1 offsetX=0 offsetY=0 scale=1.0}, mSources= { InsetsSource: {d4260000 mType=statusBars mFrame=[0,0][1920,45] mVisible=false mFlags= mSideHint=TOP mBoundingRects=null}, InsetsSource: {d4260005 mType=mandatorySystemGestures mFrame=[0,0][1920,45] mVisible=true mFlags= mSideHint=TOP mBoundingRects=null}, InsetsSource: {d4260006 mType=tappableElement mFrame=[0,0][1920,45] mVisible=true mFlags= mSideHint=TOP mBoundingRects=null}, InsetsSource: {f8790001 mType=navigationBars mFrame=[0,1128][1920,1200] mVisible=false mFlags= mSideHint=BOTTOM mBoundingRects=null}, InsetsSource: {f8790004 mType=systemGestures mFrame=[0,0][0,0] mVisible=true mFlags= mSideHint=NONE mBoundingRects=null}, InsetsSource: {f8790005 mType=mandatorySystemGestures mFrame=[0,1128][1920,1200] mVisible=true mFlags= mSideHint=BOTTOM mBoundingRects=null}, InsetsSource: {f8790006 mType=tappableElement mFrame=[0,1128][1920,1200] mVisible=true mFlags= mSideHint=BOTTOM mBoundingRects=null}, InsetsSource: {f8790024 mType=systemGestures mFrame=[0,0][0,0] mVisible=true mFlags= mSideHint=NONE mBoundingRects=null}, InsetsSource: {3 mType=ime mFrame=[0,0][0,0] mVisible=false mFlags= mSideHint=NONE mBoundingRects=null} }
02-11 10:12:25.475  1451  3287 D CoreBackPreview: Window{ae3707c u0 kr.co.kyowon.videolesson.play/com.kyowon.livechat_lib.MeetingActivity}: Setting back callback OnBackInvokedCallbackInfo{mCallback=android.window.IOnBackInvokedCallback$Stub$Proxy@347d15a, mPriority=-1, mIsAnimationCallback=false, mOverrideBehavior=0}
02-11 10:12:25.476  1451  3287 I WindowManager: Relayout Window{ae3707c u0 kr.co.kyowon.videolesson.play/com.kyowon.livechat_lib.MeetingActivity}: viewVisibility=0 req=810x546 ty=2 d0
02-11 10:12:25.477  1074  1144 I SurfaceFlinger: id=43995 createSurf, flag=44004, kr.co.kyowon.videolesson.play/com.kyowon.livechat_lib.MeetingActivity$_23211#43995
02-11 10:12:25.477  1451  3287 D WindowManager: makeSurface duration=1 name=kr.co.kyowon.videolesson.play/com.kyowon.livechat_lib.MeetingActivity$_23211
02-11 10:12:25.481  1074  1074 I SurfaceFlinger: [LayerHierarchy{RequestedLayerState{ImeContainer#15 parentId=43840 relativeParentId=43994 z=1} 1 children}] RelativeParent to LayerHierarchy{RequestedLayerState{ae3707c kr.co.kyowon.videolesson.play/com.kyowon.livechat_lib.MeetingActivity#43994 parentId=43840 z=1} 1 children}
02-11 10:12:25.481  1074  1074 I SurfaceFlinger: [kr.co.kyowon.videolesson.play/com.kyowon.livechat_lib.MeetingActivity$_23211#43995] attach to parent LayerHierarchy{RequestedLayerState{ae3707c kr.co.kyowon.videolesson.play/com.kyowon.livechat_lib.MeetingActivity#43994 parentId=43840 z=1} 2 children}
02-11 10:12:25.494  1451  5096 D WindowManager: finishDrawingWindow: Window{ae3707c u0 kr.co.kyowon.videolesson.play/com.kyowon.livechat_lib.MeetingActivity} mDrawState=DRAW_PENDING seqId=0
02-11 10:12:25.496  1451  1535 I WindowManager: Reparenting to leash, surface=Surface(name=ae3707c kr.co.kyowon.videolesson.play/com.kyowon.livechat_lib.MeetingActivity)/@0xcf9bf8b, leashParent=Surface(name=ActivityRecord{97819389 u0 kr.co.kyowon.videolesson.play/com.kyowon.livechat_lib.MeetingActivity t426})/@0x881e172
02-11 10:12:25.496  1074  1144 I SurfaceFlinger: id=43996 createSurf, flag=24004, Surface(name=ae3707c kr.co.kyowon.videolesson.play/com.kyowon.livechat_lib.MeetingActivity)/@0xcf9bf8b - animation-leash of window_animation#43996
02-11 10:12:25.497  1451  1535 D WindowManager: makeSurface duration=1 leash=Surface(name=Surface(name=ae3707c kr.co.kyowon.videolesson.play/com.kyowon.livechat_lib.MeetingActivity)/@0xcf9bf8b - animation-leash of window_animation)/@0xf351868
02-11 10:12:25.497  1451  1535 V WindowManager: performShowLocked: mDrawState=HAS_DRAWN in Window{ae3707c u0 kr.co.kyowon.videolesson.play/com.kyowon.livechat_lib.MeetingActivity}
02-11 10:12:25.498  1074  1191 D SurfaceFlinger: [input] setFocusedWindow: ae3707c kr.co.kyowon.videolesson.play/com.kyowon.livechat_lib.MeetingActivity
02-11 10:12:25.498  1074  1191 D SurfaceFlinger: updateWinowInfo=1, setFocusedWindow timestamp=240372922000997, windowName=ae3707c kr.co.kyowon.videolesson.play/com.kyowon.livechat_lib.MeetingActivity
02-11 10:12:25.498  1451  3287 D InputDispatcher: Once focus requested (0): ae3707c kr.co.kyowon.videolesson.play/com.kyowon.livechat_lib.MeetingActivity
02-11 10:12:25.498  1451  3287 D InputDispatcher: Focus request (0): ae3707c kr.co.kyowon.videolesson.play/com.kyowon.livechat_lib.MeetingActivity but waiting because NOT_VISIBLE
02-11 10:12:25.498  1451  3287 D InputDispatcher: Focus left window (0): d45ae0c kr.co.kyowon.videolesson.play/com.kyowon.livechat_lib.MeetingActivity
02-11 10:12:25.502  1074  1074 I SurfaceFlinger: [Surface(name=ae3707c kr.co.kyowon.videolesson.play/com.kyowon.livechat_lib.MeetingActivity)/@0xcf9bf8b - animation-leash of window_animation#43996] attach to parent LayerHierarchy{RequestedLayerState{ActivityRecord{97819389 u0 kr.co.kyowon.videolesson.play/com.kyowon.livechat_lib.MeetingActivity t426}#43840 parentId=43795 z=1} 5 children}
02-11 10:12:25.513  1074  1074 E SurfaceFlinger: alpha changed 1.000 -> 0.000 - Surface(name=ae3707c kr.co.kyowon.videolesson.play/com.kyowon.livechat_lib.MeetingActivity)/@0xcf9bf8b - animation-leash of window_animation#43996
02-11 10:12:25.513  1074  1074 E SurfaceFlinger: alpha changed 0.000 -> 0.000 - Surface(name=ae3707c kr.co.kyowon.videolesson.play/com.kyowon.livechat_lib.MeetingActivity)/@0xcf9bf8b - animation-leash of window_animation#43996
02-11 10:12:25.513  1074  1074 I SurfaceFlinger: RequestedLayer [kr.co.kyowon.videolesson.play/com.ky[...]hat_lib.MeetingActivity$_23211#43995] hidden!! flag  from(1) --> to(0)
02-11 10:12:25.514  1074  1074 I SurfaceFlinger: [LayerHierarchy{RequestedLayerState{ae3707c kr.co.kyowon.videolesson.play/com.kyowon.livechat_lib.MeetingActivity#43994 parentId=43996 z=1} 2 children}] reparent to LayerHierarchy{RequestedLayerState{Surface(name=ae3707c kr.co.kyowon.videolesson.play/com.kyowon.livechat_lib.MeetingActivity)/@0xcf9bf8b - animation-leash of window_animation#43996 parentId=43840 z=1} 1 children}
02-11 10:12:25.524  1074  1074 E SurfaceFlinger: alpha changed 0.000 -> 0.029 - Surface(name=ae3707c kr.co.kyowon.videolesson.play/com.kyowon.livechat_lib.MeetingActivity)/@0xcf9bf8b - animation-leash of window_animation#43996
02-11 10:12:25.532  1074  1074 D SurfaceFlinger:        DEVICE |           99690485907458 | 00002100 | RGBA_8888    |    0.0    0.0    0.0    0.0 |    0    0   -1   -1 | kr.co.kyowon.videolesson.play/kr.co.[...]esson.play.MainActivity$_23211#43805 (7)
02-11 10:12:25.532  1074  1074 D SurfaceFlinger:        DEVICE |           99690485907512 | 00002100 | RGBA_8888    |    0.0    0.0 1200.0 1920.0 |    0    0 1200 1920 | kr.co.kyowon.videolesson.play/com.ky[...]hat_lib.MeetingActivity$_23211#43848 (29034)
02-11 10:12:25.532  1074  1074 D SurfaceFlinger:        DEVICE |           99690485907710 | 00002100 | RGBA_8888    |    0.0    0.0  642.0  906.0 |  308  507  950 1413 | kr.co.kyowon.videolesson.play/com.ky[...]hat_lib.MeetingActivity$_23211#43995 (1)
02-11 10:12:25.532  1451  3287 D InputDispatcher: Focus entered window (0): ae3707c kr.co.kyowon.videolesson.play/com.kyowon.livechat_lib.MeetingActivity
02-11 10:12:25.546  1451  1706 I ImeTracker: kr.co.kyowon.videolesson.play:42faf6a1: onRequestHide at ORIGIN_SERVER reason HIDE_UNSPECIFIED_WINDOW fromUser false
02-11 10:12:25.550 23211 23211 I ImeTracker: kr.co.kyowon.videolesson.play:42faf6a1: onCancelled at PHASE_CLIENT_ALREADY_HIDDEN
02-11 10:12:25.551  1451  3287 D InsetsSourceProvider: updateControlForTarget: control=InsetsSourceControl: {3 mType=ime mSurfacePosition=Point(0, 45) mInsetsHint=Insets{left=0, top=0, right=0, bottom=561}}, target=Window{ae3707c u0 kr.co.kyowon.videolesson.play/com.kyowon.livechat_lib.MeetingActivity}, from=com.android.server.wm.ImeInsetsSourceProvider.updateControlForTarget:17 com.android.server.wm.InsetsStateController.onControlTargetChanged:83 com.android.server.wm.DisplayContent.updateImeControlTarget:21 com.android.server.wm.DisplayContent.updateImeInputAndControlTarget:266 com.android.server.wm.WindowManagerService$LocalService.updateInputMethodTargetWindow:64 
02-11 10:12:25.569  1074  1074 I SurfaceFlinger: [LayerHierarchy{RequestedLayerState{ImeContainer#15 parentId=43840 relativeParentId=43994 z=1} 1 children}] RelativeParent to LayerHierarchy{RequestedLayerState{ae3707c kr.co.kyowon.videolesson.play/com.kyowon.livechat_lib.MeetingActivity#43994 parentId=43996 z=1} 2 children}
02-11 10:12:25.603  1074  1074 I BufferQueueProducer: [kr.co.kyowon.videolesson.play/com.kyowon.livechat_lib.MeetingActivity$_23211#43848](this:0xb400007cb393ead8,id:-1,api:0,p:-1,c:1074) queueBuffer: fps=89.61 dur=1004.37 max=21.74 min=10.24
02-11 10:12:25.724  1451  1535 I WindowManager: Reparenting to original parent: Surface(name=ActivityRecord{97819389 u0 kr.co.kyowon.videolesson.play/com.kyowon.livechat_lib.MeetingActivity t426})/@0x881e172, destroy=true, surface=Surface(name=ae3707c kr.co.kyowon.videolesson.play/com.kyowon.livechat_lib.MeetingActivity)/@0xcf9bf8b
02-11 10:12:25.745  1074  1074 I SurfaceFlinger: [LayerHierarchy{RequestedLayerState{ae3707c kr.co.kyowon.videolesson.play/com.kyowon.livechat_lib.MeetingActivity#43994 parentId=43840 z=1} 2 children}] reparent to LayerHierarchy{RequestedLayerState{ActivityRecord{97819389 u0 kr.co.kyowon.videolesson.play/com.kyowon.livechat_lib.MeetingActivity t426}#43840 parentId=43795 z=1} 5 children}
02-11 10:12:25.745  1074  1074 I SurfaceFlinger: [LayerHierarchy{RequestedLayerState{Surface(name=ae3707c kr.co.kyowon.videolesson.play/com.kyowon.livechat_lib.MeetingActivity)/@0xcf9bf8b - animation-leash of window_animation#43996 z=1} no children}] reparent to OffscreenRoot
02-11 10:12:25.745  1074  1074 I SurfaceFlinger: [LayerHierarchy{RequestedLayerState{Surface(name=ae3707c kr.co.kyowon.videolesson.play/com.kyowon.livechat_lib.MeetingActivity)/@0xcf9bf8b - animation-leash of window_animation#43996 z=1} no children}] RelativeParent to null
02-11 10:12:25.748  1074  1074 I SurfaceFlinger: onHandleDestroyed: layerId=43996, name=Surface(name=ae3707c kr.co.kyowon.videolesson.play/com.kyowon.livechat_lib.MeetingActivity)/@0xcf9bf8b - animation-leash of window_animation#43996
02-11 10:12:25.748  1074  1074 I SurfaceFlinger: id=43996 Removed Surface(name=ae3707c kr.co.kyowon.videolesson.play/com.kyowon.livechat_lib.MeetingActivity)/@0xcf9bf8b - animation-leash of window_animation#43996 (147)
02-11 10:12:25.756  1074  1074 I SurfaceFlinger: destroyed Surface(name=ae3707c kr.co.kyowon.videolesson.play/com.kyowon.livechat_lib.MeetingActivity)/@0xcf9bf8b - animation-leash of window_animation#43996
02-11 10:12:25.758  1074  1074 I Layer   : id=43996 Destroyed Surface(name=ae3707c kr.co.kyowon.videolesson.play/com.kyowon.livechat_lib.MeetingActivity)/@0xcf9bf8b - animation-leash of window_animation#43996
02-11 10:12:26.605  1074  1074 I BufferQueueProducer: [kr.co.kyowon.videolesson.play/com.kyowon.livechat_lib.MeetingActivity$_23211#43848](this:0xb400007cb393ead8,id:-1,api:0,p:-1,c:1074) queueBuffer: fps=90.81 dur=1002.13 max=11.88 min=10.15
02-11 10:12:27.580  1451  1451 D SemApeController: updateAppState: type=0x01 (false) uid=-1  (before=0x01 after=0x00) size=0, foreground uid=10354 kr.co.kyowon.videolesson.play
02-11 10:12:27.609  1074  1074 I BufferQueueProducer: [kr.co.kyowon.videolesson.play/com.kyowon.livechat_lib.MeetingActivity$_23211#43848](this:0xb400007cb393ead8,id:-1,api:0,p:-1,c:1074) queueBuffer: fps=90.67 dur=1003.66 max=11.52 min=10.43
02-11 10:12:28.612  1074  1074 I BufferQueueProducer: [kr.co.kyowon.videolesson.play/com.kyowon.livechat_lib.MeetingActivity$_23211#43848](this:0xb400007cb393ead8,id:-1,api:0,p:-1,c:1074) queueBuffer: fps=90.72 dur=1003.10 max=11.53 min=10.50
02-11 10:12:29.615  1074  1074 I BufferQueueProducer: [kr.co.kyowon.videolesson.play/com.kyowon.livechat_lib.MeetingActivity$_23211#43848](this:0xb400007cb393ead8,id:-1,api:0,p:-1,c:1074) queueBuffer: fps=90.73 dur=1003.02 max=11.58 min=10.31
02-11 10:12:29.670  1074  1074 I SurfaceFlinger: [kr.co.kyowon.videolesson.play/com.kyowon.livechat_lib.MeetingActivity$_23211#43995] setFrameRateCategory: HighHint
02-11 10:12:29.692  1074  1074 I BufferQueueProducer: [kr.co.kyowon.videolesson.play/com.kyowon.livechat_lib.MeetingActivity$_23211#43995](this:0xb400007cb38dddb8,id:-1,api:0,p:-1,c:1074) queueBuffer: fps=0.24 dur=4188.44 max=4188.44 min=4188.44
02-11 10:12:29.748  1451  3287 D CoreBackPreview: Window{ae3707c u0 kr.co.kyowon.videolesson.play/com.kyowon.livechat_lib.MeetingActivity}: Setting back callback null
02-11 10:12:29.751  1451  3287 V WindowManager: Remove Window{ae3707c u0 kr.co.kyowon.videolesson.play/com.kyowon.livechat_lib.MeetingActivity}: mSurfaceControl=Surface(name=kr.co.kyowon.videolesson.play/com.kyowon.livechat_lib.MeetingActivity$_23211)/@0xcd11761 mAnimatingExit=false mRemoveOnExit=false mHasSurface=true surfaceShowing=true animating=false app-animation=false callers=com.android.server.wm.Session.remove:16 android.view.IWindowSession$Stub.onTransact:804 com.android.server.wm.Session.onTransact:1 android.os.Binder.execTransactInternal:1457 android.os.Binder.execTransact:1401 <bottom of call stack> 
02-11 10:12:29.752  1451  3287 I WindowManager: Reparenting to leash, surface=Surface(name=ae3707c kr.co.kyowon.videolesson.play/com.kyowon.livechat_lib.MeetingActivity)/@0xcf9bf8b, leashParent=Surface(name=ActivityRecord{97819389 u0 kr.co.kyowon.videolesson.play/com.kyowon.livechat_lib.MeetingActivity t426})/@0x881e172
02-11 10:12:29.753  1074  1145 I SurfaceFlinger: id=43998 createSurf, flag=24000, Surface(name=ae3707c kr.co.kyowon.videolesson.play/com.kyowon.livechat_lib.MeetingActivity)/@0xcf9bf8b - animation-leash of window_animation#43998
02-11 10:12:29.753  1451  3287 D WindowManager: makeSurface duration=1 leash=Surface(name=Surface(name=ae3707c kr.co.kyowon.videolesson.play/com.kyowon.livechat_lib.MeetingActivity)/@0xcf9bf8b - animation-leash of window_animation)/@0x2cb286
02-11 10:12:29.754  1451  3287 D WindowManager: Changing focus from Window{ae3707c u0 kr.co.kyowon.videolesson.play/com.kyowon.livechat_lib.MeetingActivity EXITING} to Window{d45ae0c u0 kr.co.kyowon.videolesson.play/com.kyowon.livechat_lib.MeetingActivity} displayId=0 Callers=com.android.server.wm.WindowState.removeIfPossible:602 com.android.server.wm.Session.remove:16 android.view.IWindowSession$Stub.onTransact:804 com.android.server.wm.Session.onTransact:1 
02-11 10:12:29.755  1451  3287 D WindowManager: updateSystemBarAttributes: displayId=0, focusedCanBeNavColorWin=false, win=Window{d45ae0c u0 kr.co.kyowon.videolesson.play/com.kyowon.livechat_lib.MeetingActivity}, navColorWin=Window{d45ae0c u0 kr.co.kyowon.videolesson.play/com.kyowon.livechat_lib.MeetingActivity}, caller=com.android.server.wm.WindowManagerService.updateFocusedWindowLocked:372 com.android.server.wm.WindowState.removeIfPossible:602 com.android.server.wm.Session.remove:16 
02-11 10:12:29.755  1451  3287 V SystemKeyManager: updateFocusedWindow() is called, kr.co.kyowon.videolesson.play/com.kyowon.livechat_lib.MeetingActivity
02-11 10:12:29.756  1451  3287 I SystemKeyManager: requested systemKeyInfo size=1 focusedWindow=kr.co.kyowon.videolesson.play/com.kyowon.livechat_lib.MeetingActivity
02-11 10:12:29.756  1451  3287 I SystemKeyManager: requested systemKeyInfo size=1 focusedWindow=kr.co.kyowon.videolesson.play/com.kyowon.livechat_lib.MeetingActivity
02-11 10:12:29.758  1074  1074 I SurfaceFlinger: [Surface(name=ae3707c kr.co.kyowon.videolesson.play/com.kyowon.livechat_lib.MeetingActivity)/@0xcf9bf8b - animation-leash of window_animation#43998] attach to parent LayerHierarchy{RequestedLayerState{ActivityRecord{97819389 u0 kr.co.kyowon.videolesson.play/com.kyowon.livechat_lib.MeetingActivity t426}#43840 parentId=43795 z=1} 5 children}
02-11 10:12:29.760 23211 23211 I BLASTBufferQueue: [df4c49e SurfaceView[kr.co.kyowon.videolesson.play/com.kyowon.livechat_lib.MeetingActivity]@0#25](f:0,a:3,s:0) destructor()
02-11 10:12:29.760 23211 23211 D BufferQueueConsumer: [df4c49e SurfaceView[kr.co.kyowon.videolesson.play/com.kyowon.livechat_lib.MeetingActivity]@0#25(BLAST Consumer)25](id:5aab00000026,api:0,p:-1,c:23211) disconnect
02-11 10:12:29.763  1944  1944 D TaskbarDelegate: onSystemBarAttributesChanged() - displayId:0, appearance:16 (LIGHT_NAVIGATION_BARS ), navbarColorManagedByIme: false, packageName: kr.co.kyowon.videolesson.play
02-11 10:12:29.764  1944  2214 D CollapsedStatusBarFragmentExt: fullscreen    shouldHideIconsForNextAppWindow:false, lastFullscreen(pkg:kr.co.kyowon.videolesson.play, flag:false),    keyguard(fa:false, ga:false, oc:false, show:false)
02-11 10:12:29.764 23211 23211 I InsetsController: setRequestedVisibleTypes: visible=false, mask=statusBars navigationBars captionBar, host=kr.co.kyowon.videolesson.play/com.kyowon.livechat_lib.MeetingActivity, from=android.view.InsetsController.controlAnimationUnchecked:1616 android.view.InsetsController.applyAnimation:2429 android.view.InsetsController.applyAnimation:2355 android.view.InsetsController.hide:1552 android.view.InsetsController.hide:1462 android.view.ViewRootImpl.controlInsetsForCompatibility:4175 android.view.ViewRootImpl.setView:1975 android.view.WindowManagerGlobal.addView:605 android.view.WindowManagerImpl.addView:158 android.app.Dialog.show:540 
02-11 10:12:29.765  1451  3287 D InputDispatcher: Focus left window (0): ae3707c kr.co.kyowon.videolesson.play/com.kyowon.livechat_lib.MeetingActivity
02-11 10:12:29.766  1074  1469 I SurfaceFlinger: id=43999 createSurf, flag=84004, e61eb74 kr.co.kyowon.videolesson.play/com.kyowon.livechat_lib.MeetingActivity#43999
02-11 10:12:29.767  1451  5096 D WindowManager: Changing focus from Window{d45ae0c u0 kr.co.kyowon.videolesson.play/com.kyowon.livechat_lib.MeetingActivity} to Window{e61eb74 u0 kr.co.kyowon.videolesson.play/com.kyowon.livechat_lib.MeetingActivity} displayId=0 Callers=com.android.server.wm.WindowManagerService.addWindowInner:565 com.android.server.wm.WindowManagerService.addWindow:1842 com.android.server.wm.Session.addToDisplayAsUser:24 android.view.IWindowSession$Stub.onTransact:757 
02-11 10:12:29.767  1451  5096 V SystemKeyManager: updateFocusedWindow() is called, kr.co.kyowon.videolesson.play/com.kyowon.livechat_lib.MeetingActivity
02-11 10:12:29.767  1451  5096 I SystemKeyManager: requested systemKeyInfo size=1 focusedWindow=kr.co.kyowon.videolesson.play/com.kyowon.livechat_lib.MeetingActivity
02-11 10:12:29.767  1451  5096 I SystemKeyManager: requested systemKeyInfo size=1 focusedWindow=kr.co.kyowon.videolesson.play/com.kyowon.livechat_lib.MeetingActivity
02-11 10:12:29.768 23211 23211 I InsetsController: onStateChanged: host=kr.co.kyowon.videolesson.play/com.kyowon.livechat_lib.MeetingActivity, from=android.view.ViewRootImpl.onInsetsStateChanged:3031, state=InsetsState: {mDisplayFrame=Rect(0, 0 - 1920, 1200), mDisplayCutout=DisplayCutout{insets=Rect(0, 0 - 0, 0) waterfall=Insets{left=0, top=0, right=0, bottom=0} boundingRect={Bounds=[Rect(0, 0 - 0, 0), Rect(0, 0 - 0, 0), Rect(0, 0 - 0, 0), Rect(0, 0 - 0, 0)]} cutoutPathParserInfo={CutoutPathParserInfo{displayWidth=0 displayHeight=0 physicalDisplayWidth=0 physicalDisplayHeight=0 density={0.0} cutoutSpec={} rotation={0} scale={0.0} physicalPixelDisplaySizeRatio={0.0}}} sideOverrides=null}, mRoundedCorners=RoundedCorners{[RoundedCorner{position=TopLeft, radius=20, center=Point(20, 20)}, RoundedCorner{position=TopRight, radius=20, center=Point(1900, 20)}, RoundedCorner{position=BottomRight, radius=20, center=Point(1900, 1180)}, RoundedCorner{position=BottomLeft, radius=20, center=Point(20, 1180)}]}  mRoundedCornerFrame=Rect(0, 0 - 1920, 1200), mPrivacyIndicatorBounds=PrivacyIndicatorBounds {static bounds=Rect(1854, 0 - 1920, 45) rotation=1}, mDisplayShape=DisplayShape{ spec=-311912193 displayWidth=1200 displayHeight=1920 physicalPixelDisplaySizeRatio=1.0 rotation=1 offsetX=0 offsetY=0 scale=1.0}, mSources= { InsetsSource: {d4260000 mType=statusBars mFrame=[0,0][1920,45] mVisible=false mFlags= mSideHint=TOP mBoundingRects=null}, InsetsSource: {d4260005 mType=mandatorySystemGestures mFrame=[0,0][1920,45] mVisible=true mFlags= mSideHint=TOP mBoundingRects=null}, InsetsSource: {d4260006 mType=tappableElement mFrame=[0,0][1920,45] mVisible=true mFlags= mSideHint=TOP mBoundingRects=null}, InsetsSource: {f8790001 mType=navigationBars mFrame=[0,1128][1920,1200] mVisible=false mFlags= mSideHint=BOTTOM mBoundingRects=null}, InsetsSource: {f8790004 mType=systemGestures mFrame=[0,0][0,0] mVisible=true mFlags= mSideHint=NONE mBoundingRects=null}, InsetsSource: {f8790005 mType=mandatorySystemGestures mFrame=[0,1128][1920,1200] mVisible=true mFlags= mSideHint=BOTTOM mBoundingRects=null}, InsetsSource: {f8790006 mType=tappableElement mFrame=[0,1128][1920,1200] mVisible=true mFlags= mSideHint=BOTTOM mBoundingRects=null}, InsetsSource: {f8790024 mType=systemGestures mFrame=[0,0][0,0] mVisible=true mFlags= mSideHint=NONE mBoundingRects=null} }
02-11 10:12:29.769  1074  1074 I SurfaceFlinger: [LayerHierarchy{RequestedLayerState{ae3707c kr.co.kyowon.videolesson.play/com.kyowon.livechat_lib.MeetingActivity#43994 parentId=43998 z=1} 1 children}] reparent to LayerHierarchy{RequestedLayerState{Surface(name=ae3707c kr.co.kyowon.videolesson.play/com.kyowon.livechat_lib.MeetingActivity)/@0xcf9bf8b - animation-leash of window_animation#43998 parentId=43840 z=1} 1 children}
02-11 10:12:29.769  1074  1074 I SurfaceFlinger: [e61eb74 kr.co.kyowon.videolesson.play/com.kyowon.livechat_lib.MeetingActivity#43999] attach to parent LayerHierarchy{RequestedLayerState{ActivityRecord{97819389 u0 kr.co.kyowon.videolesson.play/com.kyowon.livechat_lib.MeetingActivity t426}#43840 parentId=43795 z=1} 5 children}
02-11 10:12:29.778  1074  1191 D SurfaceFlinger: [input] setFocusedWindow: d45ae0c kr.co.kyowon.videolesson.play/com.kyowon.livechat_lib.MeetingActivity
02-11 10:12:29.778  1074  1191 D SurfaceFlinger: updateWinowInfo=1, setFocusedWindow timestamp=240377199656151, windowName=d45ae0c kr.co.kyowon.videolesson.play/com.kyowon.livechat_lib.MeetingActivity
02-11 10:12:29.778  1451  5096 D InputDispatcher: Once focus requested (0): d45ae0c kr.co.kyowon.videolesson.play/com.kyowon.livechat_lib.MeetingActivity
02-11 10:12:29.779  1451  5096 D InputDispatcher: Focus entered window (0): d45ae0c kr.co.kyowon.videolesson.play/com.kyowon.livechat_lib.MeetingActivity
02-11 10:12:29.783  1451  3287 D CoreBackPreview: Window{e61eb74 u0 kr.co.kyowon.videolesson.play/com.kyowon.livechat_lib.MeetingActivity}: Setting back callback OnBackInvokedCallbackInfo{mCallback=android.window.IOnBackInvokedCallback$Stub$Proxy@2ccd0e3, mPriority=-1, mIsAnimationCallback=false, mOverrideBehavior=0}
02-11 10:12:29.784  1451  3287 I WindowManager: Relayout Window{e61eb74 u0 kr.co.kyowon.videolesson.play/com.kyowon.livechat_lib.MeetingActivity}: viewVisibility=0 req=1056x544 ty=2 d0
02-11 10:12:29.784  1074  1145 I SurfaceFlinger: id=44000 createSurf, flag=44004, kr.co.kyowon.videolesson.play/com.kyowon.livechat_lib.MeetingActivity$_23211#44000
02-11 10:12:29.784  1451  3287 D WindowManager: makeSurface duration=0 name=kr.co.kyowon.videolesson.play/com.kyowon.livechat_lib.MeetingActivity$_23211
02-11 10:12:29.791  1074  1074 I SurfaceFlinger: [LayerHierarchy{RequestedLayerState{df4c49e SurfaceView[kr.co.kyowon.videolesson.play/com.kyowon.livechat_lib.MeetingActivity]@0#43986 z=-2} 2 children}] reparent to OffscreenRoot
02-11 10:12:29.791  1074  1074 I SurfaceFlinger: [LayerHierarchy{RequestedLayerState{df4c49e SurfaceView[kr.co.kyowon.videolesson.play/com.kyowon.livechat_lib.MeetingActivity]@0#43986 z=-2} 2 children}] RelativeParent to null
02-11 10:12:29.791  1074  1074 I SurfaceFlinger: [LayerHierarchy{RequestedLayerState{df4c49e SurfaceView[kr.co.kyowon.videolesson.play/com.kyowon.livechat_lib.MeetingActivity]@0(BLAST)#43987} no children}] reparent to OffscreenRoot
