02-11 10:10:09.909 23211 25439 D VQApply : minquality: applies only to VBR encoding
02-11 10:10:09.909 23211 25439 D MediaCodec: shapeMediaFormat: deltas(0): AMessage(what = 0x00000000) = {
02-11 10:10:09.909 23211 25439 D MediaCodec:   }
02-11 10:10:09.909 23211 25545 D CCodec  : [c2.mtk.avc.encoder] buffers are bound to CCodec for this session
02-11 10:10:09.909 23211 25545 I CCodec  : appPid(23211) width(320) height(224)
02-11 10:10:09.910 23211 25545 D CCodecConfig: no c2 equivalents for color-format
02-11 10:10:09.910 23211 25545 D CCodecConfig: no c2 equivalents for flags
02-11 10:10:09.910 23211 25545 D CCodecConfig: no c2 equivalents for encoder
02-11 10:10:09.910 23211 25545 D CCodecConfig: no c2 equivalents for color-standard
02-11 10:10:09.912 23211 25545 D CCodecConfig: c2 config diff is   c2::u32 algo.bitrate-mode.value = 1
02-11 10:10:09.912 23211 25545 D CCodecConfig:   c2::u32 coded.bitrate.value = 500000
02-11 10:10:09.912 23211 25545 D CCodecConfig:   c2::float coded.frame-rate.value = 30
02-11 10:10:09.912 23211 25545 D CCodecConfig:   c2::u32 coded.vui.color.matrix = 3
02-11 10:10:09.912 23211 25545 D CCodecConfig:   c2::u32 coded.vui.color.primaries = 4
02-11 10:10:09.912 23211 25545 D CCodecConfig:   c2::u32 coded.vui.color.range = 2
02-11 10:10:09.912 23211 25545 D CCodecConfig:   c2::u32 coded.vui.color.transfer = 3
02-11 10:10:09.912 23211 25545 D CCodecConfig:   c2::i64 coding.sync-frame-interval.value = 3600000000
02-11 10:10:09.912 23211 25545 D CCodecConfig:   c2::u32 raw.color.matrix = 3
02-11 10:10:09.912 23211 25545 D CCodecConfig:   c2::u32 raw.color.primaries = 4
02-11 10:10:09.912 23211 25545 D CCodecConfig:   c2::u32 raw.color.range = 2
02-11 10:10:09.912 23211 25545 D CCodecConfig:   c2::u32 raw.color.transfer = 3
02-11 10:10:09.912 23211 25545 D CCodecConfig:   c2::u32 raw.pixel-format.value = 35
02-11 10:10:09.912 23211 25545 D CCodecConfig:   c2::u32 raw.size.height = 224
02-11 10:10:09.912 23211 25545 D CCodecConfig:   c2::u32 raw.size.width = 320
02-11 10:10:09.913 23211 25545 W Codec2Client: query -- param skipped: index = 3254781982.
02-11 10:10:09.913 23211 25545 D CCodec  : Setting encoder options for disabling wrapping
02-11 10:10:09.917 23211 25545 D BufferPoolAccessor2.0: Destruction - bufferpool2 0xb400007185452fc8 cached: 0/0M, 0/0% in use; allocs: 1, 0% recycled; transfers: 0, 0% unfetched
02-11 10:10:09.917 23211 25545 D CCodec  : encoding statistics level = 0
02-11 10:10:09.917 23211 25545 D CCodec  : setup formats input: AMessage(what = 0x00000000) = {
02-11 10:10:09.917 23211 25545 D CCodec  :   int32_t android._color-format = 19
02-11 10:10:09.917 23211 25545 D CCodec  :   Rect crop(0, 0, 319, 223)
02-11 10:10:09.917 23211 25545 D CCodec  :   int32_t color-standard = 4
02-11 10:10:09.917 23211 25545 D CCodec  :   int32_t color-range = 2
02-11 10:10:09.917 23211 25545 D CCodec  :   int32_t color-transfer = 3
02-11 10:10:09.917 23211 25545 D CCodec  :   int32_t frame-rate = 30
02-11 10:10:09.917 23211 25545 D CCodec  :   int32_t height = 224
02-11 10:10:09.917 23211 25545 D CCodec  :   float input.time-stretch = 1.000000
02-11 10:10:09.917 23211 25545 D CCodec  :   int32_t intra-refresh-period = 0
02-11 10:10:09.917 23211 25545 D CCodec  :   int32_t latency = 3
02-11 10:10:09.917 23211 25545 D CCodec  :   string mime = "video/raw"
02-11 10:10:09.917 23211 25545 D CCodec  :   int32_t prepend-sps-pps-to-idr-frames = 0
02-11 10:10:09.917 23211 25545 D CCodec  :   int32_t priority = 0
02-11 10:10:09.917 23211 25545 D CCodec  :   int32_t video-qp-average = 0
02-11 10:10:09.917 23211 25545 D CCodec  :   int32_t width = 320
02-11 10:10:09.917 23211 25545 D CCodec  :   int32_t android._dataspace = 259
02-11 10:10:09.917 23211 25545 D CCodec  :   int64_t android._C2MemoryUsage = 0
02-11 10:10:09.917 23211 25545 D CCodec  :   int32_t color-format = 19
02-11 10:10:09.917 23211 25545 D CCodec  :   int32_t bytebuffer-wrapping-disable = 1
02-11 10:10:09.917 23211 25545 D CCodec  :   int32_t stride = 320
02-11 10:10:09.917 23211 25545 D CCodec  :   int32_t slice-height = 224
02-11 10:10:09.917 23211 25545 D CCodec  : }
02-11 10:10:09.917 23211 25545 D CCodec  : setup formats output: AMessage(what = 0x00000000) = {
02-11 10:10:09.917 23211 25545 D CCodec  :   int32_t bitrate = 500000
02-11 10:10:09.917 23211 25545 D CCodec  :   int32_t bitrate-mode = 2
02-11 10:10:09.917 23211 25545 D CCodec  :   Rect crop(0, 0, 319, 223)
02-11 10:10:09.917 23211 25545 D CCodec  :   int32_t width = 320
02-11 10:10:09.917 23211 25545 D CCodec  :   int32_t color-standard = 4
02-11 10:10:09.917 23211 25545 D CCodec  :   int32_t color-range = 2
02-11 10:10:09.917 23211 25545 D CCodec  :   int32_t color-transfer = 3
02-11 10:10:09.917 23211 25545 D CCodec  :   int32_t frame-rate = 30
02-11 10:10:09.917 23211 25545 D CCodec  :   int32_t height = 224
02-11 10:10:09.917 23211 25545 D CCodec  :   float input.time-stretch = 1.000000
02-11 10:10:09.917 23211 25545 D CCodec  :   int32_t intra-refresh-period = 0
02-11 10:10:09.917 23211 25545 D CCodec  :   int32_t latency = 3
02-11 10:10:09.917 23211 25545 D CCodec  :   int32_t level = 1
02-11 10:10:09.917 23211 25545 D CCodec  :   int32_t max-bitrate = 500000
02-11 10:10:09.917 23211 25545 D CCodec  :   string mime = "video/avc"
02-11 10:10:09.917 23211 25545 D CCodec  :   int32_t prepend-sps-pps-to-idr-frames = 0
02-11 10:10:09.917 23211 25545 D CCodec  :   int32_t priority = 0
02-11 10:10:09.917 23211 25545 D CCodec  :   int32_t video-qp-average = 0
02-11 10:10:09.917 23211 25545 D CCodec  : }
02-11 10:10:09.917 23211 25545 I CCodecConfig: query failed after returning 23 values (BAD_INDEX)
02-11 10:10:09.918 23211 25545 D CCodecConfig: c2 config diff is   c2::u32 coded.pl.level = 20484
02-11 10:10:09.918 23211 25545 D CCodecConfig:   c2::u32 coded.tile-layout.columns = 2
02-11 10:10:09.918 23211 25545 E ideolesson.play: Failed to query component interface for required system resources: 6
02-11 10:10:09.922 23211 25544 I CCodec  : [c2.mtk.avc.encoder] state->set(STARTING)
02-11 10:10:09.925 23211 25545 W Codec2Client: query -- param skipped: index = 1342179345.
02-11 10:10:09.925 23211 25545 W Codec2Client: query -- param skipped: index = 2415921170.
02-11 10:10:09.926 23211 25545 D CCodecBufferChannel: [c2.mtk.avc.encoder#107] Using basic input block pool with poolID 1 => got 1 - OK (0)
02-11 10:10:09.930 23211 25545 I CCodecBufferChannel: [c2.mtk.avc.encoder#107] Created output block pool with allocatorID 16 => poolID 41 - OK
02-11 10:10:09.931 23211 25545 D CCodecBufferChannel: [c2.mtk.avc.encoder#107] Configured output block pool ids 41 => OK
02-11 10:10:09.931 23211 25545 I CCodec  : [c2.mtk.avc.encoder] state->set(RUNNING)
02-11 10:10:09.932 23211 25545 D CCodecBuffers: [c2.mtk.avc.encoder#107:2D-BB-Input] updating image-data
02-11 10:10:09.932 23211 25545 D CCodecBuffers: [c2.mtk.avc.encoder#107:2D-BB-Input] updating stride = 320, width: 320, height: 224
02-11 10:10:09.932 23211 25545 D CCodecBuffers: [c2.mtk.avc.encoder#107:2D-BB-Input] updating vstride = 224
02-11 10:10:09.940 23211 25545 I CCodecBufferChannel: [c2.mtk.avc.encoder#107] 7 initial input buffers available
02-11 10:10:09.944 23211 25544 I MediaCodec: setCodecState state(0), called in 6, domain 1, 0
02-11 10:10:09.949 23211 25544 D CCodecConfig: c2 config diff is   c2::u32 coding.request-sync-frame.value = 1
02-11 10:10:09.971 23211 25545 D CCodecConfig: c2 config diff is   Buffer coded.init-data.value = {
02-11 10:10:09.971 23211 25545 D CCodecConfig:     00000000:  00 00 00 01 67 64 00 0d  ac 1a d0 28 3b 4d 41 80  ....gd.....(;MA.
02-11 10:10:09.971 23211 25545 D CCodecConfig:     00000010:  41 41 e1 10 8d 40 00 00  00 01 68 ea 43 cb        AA...@....h.C.
02-11 10:10:09.971 23211 25545 D CCodecConfig:   c2::u32 vendor.mtk.venc.output.stream.info.is-single-nal = 1
02-11 10:10:09.972 23211 25556 I Logging : HardwareVideoEncoder: Releasing MediaCodec on output thread
02-11 10:10:09.972 23211 25544 I CCodec  : [c2.mtk.avc.encoder] state->set(STOPPING)
02-11 10:10:09.972 23211 25544 D CCodecBufferChannel: [c2.mtk.avc.encoder#107] MediaCodec discarded an unknown buffer
02-11 10:10:09.972 23211 25545 I CCodec  : [stop][3288] surface -> component
02-11 10:10:09.972 23211 25544 D CCodecBufferChannel: [c2.mtk.avc.encoder#107] MediaCodec discarded an unknown buffer
02-11 10:10:09.972 23211 25544 D CCodecBufferChannel: [c2.mtk.avc.encoder#107] MediaCodec discarded an unknown buffer
02-11 10:10:09.972 23211 25544 D CCodecBufferChannel: [c2.mtk.avc.encoder#107] MediaCodec discarded an unknown buffer
02-11 10:10:09.972 23211 25544 D CCodecBufferChannel: [c2.mtk.avc.encoder#107] MediaCodec discarded an unknown buffer
02-11 10:10:09.973 23211 25544 D CCodecBufferChannel: [c2.mtk.avc.encoder#107] MediaCodec discarded an unknown buffer
02-11 10:10:09.973 23211 25544 D CCodecBufferChannel: [c2.mtk.avc.encoder#107] MediaCodec discarded an unknown buffer
02-11 10:10:09.973 23211 25544 D CCodecBufferChannel: [c2.mtk.avc.encoder#107] MediaCodec discarded an unknown buffer
02-11 10:10:09.973 23211 25544 D CCodecBufferChannel: [c2.mtk.avc.encoder#107] MediaCodec discarded an unknown buffer
02-11 10:10:09.973 23211 25545 I CCodec  : [c2.mtk.avc.encoder] state->set(ALLOCATED)
02-11 10:10:09.974 23211 25544 I CCodec  : [c2.mtk.avc.encoder] state->set(RELEASING)
02-11 10:10:09.974 23211 25558 I CCodec  : [release][3422] surface -> component
02-11 10:10:09.975 23211 25556 I Logging : HardwareVideoEncoder: Release on output thread done
02-11 10:10:09.975 23211 25439 I Logging : HardwareVideoEncoder: initEncode: 320 x 240. @ 500kbps. Fps: 30 Use surface mode: false
02-11 10:10:09.976 23211 25439 D MediaCodec: MediaCodec::reclaim(0xb40000712545e9f0) OMX.MTK.VIDEO.ENCODER.AVC
02-11 10:10:09.986 23211 25558 I CCodec  : [c2.mtk.avc.encoder] state->set(RELEASED)
02-11 10:10:09.986 23211 25544 I MediaCodec: Codec shutdown complete
02-11 10:10:09.987 23211 25545 I Codec2Client: Component destructing
02-11 10:10:09.987 23211 25545 I hw-BpHwBinder: onLastStrongRef automatically unlinking death recipients
02-11 10:10:09.989 23211 25439 D MediaCodec: MediaCodec looper is gone, skip reclaim
02-11 10:10:09.992 23211 25439 I CCodecBufferChannel: CCodecBufferChannel destructing c2.mtk.avc.encoder#107
02-11 10:10:09.994 23211 25559 I CCodec  : state->set(ALLOCATING)
02-11 10:10:09.994 23211 25560 I CCodec  : allocate(c2.mtk.avc.encoder)
02-11 10:10:09.994 23211 25560 D CCodec  : allocate(c2.mtk.avc.encoder)
02-11 10:10:09.999 23211 25560 I CCodec  : setting up 'default' as default (vendor) store
02-11 10:10:10.006 23211 25560 I CCodec  : Created component [c2.mtk.avc.encoder] for [c2.mtk.avc.encoder]
02-11 10:10:10.006 23211 25560 I CCodec  : [c2.mtk.avc.encoder] state->set(ALLOCATED)
02-11 10:10:10.007 23211 25560 D CCodecConfig: read media type: video/avc
02-11 10:10:10.012 23211 25560 D ReflectedParamUpdater: extent() != 1 for single value type: algo.buffers.max-count.values
02-11 10:10:10.012 23211 25560 D ReflectedParamUpdater: extent() != 1 for single value type: output.subscribed-indices.values
02-11 10:10:10.012 23211 25560 D ReflectedParamUpdater: extent() != 1 for single value type: input.buffers.allocator-ids.values
02-11 10:10:10.012 23211 25560 D ReflectedParamUpdater: extent() != 1 for single value type: output.buffers.allocator-ids.values
02-11 10:10:10.012 23211 25560 D ReflectedParamUpdater: extent() != 1 for single value type: algo.buffers.allocator-ids.values
02-11 10:10:10.012 23211 25560 D ReflectedParamUpdater: extent() != 1 for single value type: output.buffers.pool-ids.values
02-11 10:10:10.013 23211 25560 D ReflectedParamUpdater: extent() != 1 for single value type: algo.buffers.pool-ids.values
02-11 10:10:10.015 23211 25560 D ReflectedParamUpdater: ignored struct field coding.gop.values
02-11 10:10:10.016 23211 25560 D ReflectedParamUpdater: ignored struct field coding.qp.values
02-11 10:10:10.017 23211 25560 D CCodecConfig: ignoring local param raw.color (0xc2001809) as it is already supported
02-11 10:10:10.018 23211 25560 I CCodec  : [c2.mtk.avc.encoder] config->initialize() : 0
02-11 10:10:10.018 23211 25560 I CCodecConfig: query failed after returning 22 values (BAD_INDEX)
02-11 10:10:10.018 23211 25560 D CCodecConfig: c2 config diff is Dict {
02-11 10:10:10.018 23211 25560 D CCodecConfig:   c2::u32 algo.bitrate-mode.value = 3
02-11 10:10:10.018 23211 25560 D CCodecConfig:   c2::u32 algo.delay.value = 3
02-11 10:10:10.018 23211 25560 D CCodecConfig:   c2::i32 algo.priority.value = 0
02-11 10:10:10.018 23211 25560 D CCodecConfig:   c2::u32 algo.quality.value = 80
02-11 10:10:10.018 23211 25560 D CCodecConfig:   c2::float algo.rate.value = 0
02-11 10:10:10.018 23211 25560 D CCodecConfig:   c2::i32 coded.average-qp.value = 0
02-11 10:10:10.018 23211 25560 D CCodecConfig:   c2::u32 coded.bitrate.value = 64000
02-11 10:10:10.018 23211 25560 D CCodecConfig:   c2::float coded.frame-rate.value = 15
02-11 10:10:10.018 23211 25560 D CCodecConfig:   c2::u32 coded.picture-type.value = 0
02-11 10:10:10.018 23211 25560 D CCodecConfig:   c2::u32 coded.pl.level = 20480
02-11 10:10:10.018 23211 25560 D CCodecConfig:   c2::u32 coded.pl.profile = 0
02-11 10:10:10.018 23211 25560 D CCodecConfig:   c2::u32 coded.tile-layout.columns = 1
02-11 10:10:10.018 23211 25560 D CCodecConfig:   c2::u32 coded.tile-layout.order = 0
02-11 10:10:10.018 23211 25560 D CCodecConfig:   c2::u32 coded.tile-layout.rows = 1
02-11 10:10:10.018 23211 25560 D CCodecConfig:   c2::u32 coded.tile-layout.tile.height = 256
02-11 10:10:10.018 23211 25560 D CCodecConfig:   c2::u32 coded.tile-layout.tile.width = 256
02-11 10:10:10.018 23211 25560 D CCodecConfig:   c2::u32 coded.vui.color.matrix = 0
02-11 10:10:10.018 23211 25560 D CCodecConfig:   c2::u32 coded.vui.color.primaries = 0
02-11 10:10:10.018 23211 25560 D CCodecConfig:   c2::u32 coded.vui.color.range = 0
02-11 10:10:10.018 23211 25560 D CCodecConfig:   c2::u32 coded.vui.color.transfer = 0
02-11 10:10:10.018 23211 25560 D CCodecConfig:   c2::u32 coding.intra-refresh.mode = 0
02-11 10:10:10.018 23211 25560 D CCodecConfig:   c2::float coding.intra-refresh.period = 0
02-11 10:10:10.018 23211 25560 D CCodecConfig:   c2::u32 coding.request-sync-frame.value = 0
02-11 10:10:10.018 23211 25560 D CCodecConfig:   c2::i64 coding.sync-frame-interval.value = 1000000
02-11 10:10:10.018 23211 25560 D CCodecConfig:   Buffer coding.temporal-layering = {
02-11 10:10:10.018 23211 25560 D CCodecConfig:     00000000:  10 00 00 00 07 20
02-11 10:10:10.019 23211 25560 W ColorUtils: expected specified color aspects (0:0:0:0)
02-11 10:10:10.020 23211 25560 I CCodec  : [c2.mtk.avc.encoder] config->queryConfiguration()
02-11 10:10:10.020 23211 25560 I CCodec  : [c2.mtk.avc.encoder] mCallback->onComponentAllocated() IN
02-11 10:10:10.020 23211 25560 I CCodec  : [c2.mtk.avc.encoder] mCallback->onComponentAllocated() OUT
02-11 10:10:10.026 23211 25439 I Logging : HardwareVideoEncoder: Format: {color-format=19, i-frame-interval=3600, mime=video/avc, width=320, bitrate-mode=2, bitrate=500000, frame-rate=30.0, height=240}
02-11 10:10:10.028 23211 25439 E MediaCodec: Media Quality Service not found.
02-11 10:10:10.028 23211 25439 D VQApply : minquality: applies only to VBR encoding
02-11 10:10:10.028 23211 25439 D MediaCodec: shapeMediaFormat: deltas(0): AMessage(what = 0x00000000) = {
02-11 10:10:10.028 23211 25439 D MediaCodec:   }
02-11 10:10:10.029 23211 25560 D CCodec  : [c2.mtk.avc.encoder] buffers are bound to CCodec for this session
02-11 10:10:10.030 23211 25560 I CCodec  : appPid(23211) width(320) height(240)
02-11 10:10:10.031 23211 25560 D CCodecConfig: no c2 equivalents for color-format
02-11 10:10:10.031 23211 25560 D CCodecConfig: no c2 equivalents for flags
02-11 10:10:10.031 23211 25560 D CCodecConfig: no c2 equivalents for encoder
02-11 10:10:10.031 23211 25560 D CCodecConfig: no c2 equivalents for color-standard
02-11 10:10:10.033 23211 25560 D CCodecConfig: c2 config diff is   c2::u32 algo.bitrate-mode.value = 1
02-11 10:10:10.033 23211 25560 D CCodecConfig:   c2::u32 coded.bitrate.value = 500000
02-11 10:10:10.033 23211 25560 D CCodecConfig:   c2::float coded.frame-rate.value = 30
02-11 10:10:10.033 23211 25560 D CCodecConfig:   c2::u32 coded.vui.color.matrix = 3
02-11 10:10:10.033 23211 25560 D CCodecConfig:   c2::u32 coded.vui.color.primaries = 4
02-11 10:10:10.033 23211 25560 D CCodecConfig:   c2::u32 coded.vui.color.range = 2
02-11 10:10:10.033 23211 25560 D CCodecConfig:   c2::u32 coded.vui.color.transfer = 3
02-11 10:10:10.033 23211 25560 D CCodecConfig:   c2::i64 coding.sync-frame-interval.value = 3600000000
02-11 10:10:10.033 23211 25560 D CCodecConfig:   c2::u32 raw.color.matrix = 3
02-11 10:10:10.033 23211 25560 D CCodecConfig:   c2::u32 raw.color.primaries = 4
02-11 10:10:10.033 23211 25560 D CCodecConfig:   c2::u32 raw.color.range = 2
02-11 10:10:10.033 23211 25560 D CCodecConfig:   c2::u32 raw.color.transfer = 3
02-11 10:10:10.033 23211 25560 D CCodecConfig:   c2::u32 raw.pixel-format.value = 35
02-11 10:10:10.033 23211 25560 D CCodecConfig:   c2::u32 raw.size.height = 240
02-11 10:10:10.033 23211 25560 D CCodecConfig:   c2::u32 raw.size.width = 320
02-11 10:10:10.033 23211 25560 W Codec2Client: query -- param skipped: index = 3254781982.
02-11 10:10:10.033 23211 25560 D CCodec  : Setting encoder options for disabling wrapping
02-11 10:10:10.035 23211 23940 D BufferPoolAccessor2.0: Destruction - bufferpool2 0xb400007185396158 cached: 0/0M, 0/0% in use; allocs: 1, 0% recycled; transfers: 0, 0% unfetched
02-11 10:10:10.035 23211 25560 D CCodec  : encoding statistics level = 0
02-11 10:10:10.035 23211 25560 D CCodec  : setup formats input: AMessage(what = 0x00000000) = {
02-11 10:10:10.035 23211 25560 D CCodec  :   int32_t android._color-format = 19
02-11 10:10:10.035 23211 25560 D CCodec  :   Rect crop(0, 0, 319, 239)
02-11 10:10:10.035 23211 25560 D CCodec  :   int32_t color-standard = 4
02-11 10:10:10.035 23211 25560 D CCodec  :   int32_t color-range = 2
02-11 10:10:10.035 23211 25560 D CCodec  :   int32_t color-transfer = 3
02-11 10:10:10.035 23211 25560 D CCodec  :   int32_t frame-rate = 30
02-11 10:10:10.035 23211 25560 D CCodec  :   int32_t height = 240
02-11 10:10:10.035 23211 25560 D CCodec  :   float input.time-stretch = 1.000000
02-11 10:10:10.035 23211 25560 D CCodec  :   int32_t intra-refresh-period = 0
02-11 10:10:10.035 23211 25560 D CCodec  :   int32_t latency = 3
02-11 10:10:10.035 23211 25560 D CCodec  :   string mime = "video/raw"
02-11 10:10:10.035 23211 25560 D CCodec  :   int32_t prepend-sps-pps-to-idr-frames = 0
02-11 10:10:10.035 23211 25560 D CCodec  :   int32_t priority = 0
02-11 10:10:10.035 23211 25560 D CCodec  :   int32_t video-qp-average = 0
02-11 10:10:10.035 23211 25560 D CCodec  :   int32_t width = 320
02-11 10:10:10.035 23211 25560 D CCodec  :   int32_t android._dataspace = 259
02-11 10:10:10.035 23211 25560 D CCodec  :   int64_t android._C2MemoryUsage = 0
02-11 10:10:10.035 23211 25560 D CCodec  :   int32_t color-format = 19
02-11 10:10:10.035 23211 25560 D CCodec  :   int32_t bytebuffer-wrapping-disable = 1
02-11 10:10:10.035 23211 25560 D CCodec  :   int32_t stride = 320
02-11 10:10:10.035 23211 25560 D CCodec  :   int32_t slice-height = 240
02-11 10:10:10.035 23211 25560 D CCodec  : }
02-11 10:10:10.035 23211 25560 D CCodec  : setup formats output: AMessage(what = 0x00000000) = {
02-11 10:10:10.035 23211 25560 D CCodec  :   int32_t bitrate = 500000
02-11 10:10:10.035 23211 25560 D CCodec  :   int32_t bitrate-mode = 2
02-11 10:10:10.035 23211 25560 D CCodec  :   Rect crop(0, 0, 319, 239)
02-11 10:10:10.035 23211 25560 D CCodec  :   int32_t width = 320
02-11 10:10:10.035 23211 25560 D CCodec  :   int32_t color-standard = 4
02-11 10:10:10.035 23211 25560 D CCodec  :   int32_t color-range = 2
02-11 10:10:10.035 23211 25560 D CCodec  :   int32_t color-transfer = 3
02-11 10:10:10.035 23211 25560 D CCodec  :   int32_t frame-rate = 30
02-11 10:10:10.035 23211 25560 D CCodec  :   int32_t height = 240
02-11 10:10:10.035 23211 25560 D CCodec  :   float input.time-stretch = 1.000000
02-11 10:10:10.035 23211 25560 D CCodec  :   int32_t intra-refresh-period = 0
02-11 10:10:10.035 23211 25560 D CCodec  :   int32_t latency = 3
02-11 10:10:10.035 23211 25560 D CCodec  :   int32_t level = 1
02-11 10:10:10.035 23211 25560 D CCodec  :   int32_t max-bitrate = 500000
02-11 10:10:10.035 23211 25560 D CCodec  :   string mime = "video/avc"
02-11 10:10:10.035 23211 25560 D CCodec  :   int32_t prepend-sps-pps-to-idr-frames = 0
02-11 10:10:10.035 23211 25560 D CCodec  :   int32_t priority = 0
02-11 10:10:10.035 23211 25560 D CCodec  :   int32_t video-qp-average = 0
02-11 10:10:10.035 23211 25560 D CCodec  : }
02-11 10:10:10.036 23211 25560 I CCodecConfig: query failed after returning 23 values (BAD_INDEX)
02-11 10:10:10.036 23211 25560 D CCodecConfig: c2 config diff is   c2::u32 coded.pl.level = 20484
02-11 10:10:10.036 23211 25560 D CCodecConfig:   c2::u32 coded.tile-layout.columns = 2
02-11 10:10:10.037 23211 25560 E ideolesson.play: Failed to query component interface for required system resources: 6
02-11 10:10:10.040 23211 25559 I CCodec  : [c2.mtk.avc.encoder] state->set(STARTING)
02-11 10:10:10.041 23211 25560 W Codec2Client: query -- param skipped: index = 1342179345.
02-11 10:10:10.041 23211 25560 W Codec2Client: query -- param skipped: index = 2415921170.
02-11 10:10:10.041 23211 25560 D CCodecBufferChannel: [c2.mtk.avc.encoder#28] Using basic input block pool with poolID 1 => got 1 - OK (0)
02-11 10:10:10.042 23211 25560 I CCodecBufferChannel: [c2.mtk.avc.encoder#28] Created output block pool with allocatorID 16 => poolID 42 - OK
02-11 10:10:10.042 23211 25560 D CCodecBufferChannel: [c2.mtk.avc.encoder#28] Configured output block pool ids 42 => OK
02-11 10:10:10.042 23211 25560 I CCodec  : [c2.mtk.avc.encoder] state->set(RUNNING)
02-11 10:10:10.043 23211 25560 D CCodecBuffers: [c2.mtk.avc.encoder#28:2D-BB-Input] updating image-data
02-11 10:10:10.043 23211 25560 D CCodecBuffers: [c2.mtk.avc.encoder#28:2D-BB-Input] updating stride = 320, width: 320, height: 240
02-11 10:10:10.043 23211 25560 D CCodecBuffers: [c2.mtk.avc.encoder#28:2D-BB-Input] updating vstride = 240
02-11 10:10:10.047 23211 25560 I CCodecBufferChannel: [c2.mtk.avc.encoder#28] 7 initial input buffers available
02-11 10:10:10.049 23211 25559 I MediaCodec: setCodecState state(0), called in 6, domain 1, 0
02-11 10:10:10.052 23211 25559 D CCodecConfig: c2 config diff is   c2::u32 coding.request-sync-frame.value = 1
02-11 10:10:10.079 23211 25560 D CCodecConfig: c2 config diff is   Buffer coded.init-data.value = {
02-11 10:10:10.079 23211 25560 D CCodecConfig:     00000000:  00 00 00 01 67 64 00 0d  ac 1a d0 28 3f 4d 41 80  ....gd.....(?MA.
02-11 10:10:10.079 23211 25560 D CCodecConfig:     00000010:  41 41 e1 10 8d 40 00 00  00 01 68 ea 43 cb        AA...@....h.C.
02-11 10:10:10.079 23211 25560 D CCodecConfig:   c2::u32 vendor.mtk.venc.output.stream.info.is-single-nal = 1
02-11 10:10:10.080 23211 25572 I Logging : HardwareVideoEncoder: Config frame generated. Offset: 0. Size: 30
02-11 10:10:10.082 23211 25559 D CCodecConfig: c2 config diff is   c2::u32 coded.bitrate.value = 416667
02-11 10:10:10.083 23211 25572 I Logging : HardwareVideoEncoder: Sync frame generated
02-11 10:10:10.083 23211 25572 I Logging : HardwareVideoEncoder: Prepending config frame of size 30 to output buffer with offset 0, size 15083
02-11 10:10:10.083 23211 25559 I MediaCodec: setCodecState state(1), called in 6, domain 1, 0
02-11 10:10:10.681 23211 25559 D CCodecConfig: c2 config diff is   c2::u32 coded.bitrate.value = 121667
02-11 10:10:11.036 23211 23211 I View    : setRequestedFrameRate frameRate=-4.0, this=com.kyowon.kw_video_sdk.view.KWWebView{2c42566 VFEDHVCL. ........ 0,0-1278,953 #7f09011c app:id/kwWebView}, caller=android.view.ViewGroup.setRequestedFrameRate:9952 WV.rf.o:1 WV.rg.h:118 WV.rg.onDraw:7 com.android.webview.chromium.WebViewChromium.onDraw:19 
02-11 10:10:11.226 23211 25572 I Logging : HardwareVideoEncoder: Sync frame generated
02-11 10:10:11.227 23211 25572 I Logging : HardwareVideoEncoder: Prepending config frame of size 30 to output buffer with offset 0, size 3646
02-11 10:10:11.529 23211 25498 I MediaCodec: setCodecState state(0), called in 6, domain 1, 1
02-11 10:10:11.556 23211 25559 D CCodecConfig: c2 config diff is   c2::u32 coded.bitrate.value = 281662
02-11 10:10:11.636 23211 25559 D CCodecConfig: c2 config diff is   c2::u32 coded.bitrate.value = 288763
02-11 10:10:11.976 23211 25559 D CCodecConfig: c2 config diff is   c2::u32 coded.bitrate.value = 313080
02-11 10:10:12.311 23211 25559 D CCodecConfig: c2 config diff is   c2::u32 coded.bitrate.value = 332413
02-11 10:10:12.552 23211 23942 D PipelineWatcher: onInputBufferReleased: frameIndex not found (58); ignored
02-11 10:10:12.693 23211 25498 I MediaCodec: setCodecState state(1), called in 6, domain 1, 1
02-11 10:10:12.700 23211 25444 I SurfaceRenderView: Video frame rotated size changed to 640x480 with rotation Rotation0
02-11 10:10:12.703 23211 25519 I BLASTBufferQueue: [69d3395 SurfaceView[kr.co.kyowon.videolesson.play/com.kyowon.livechat_lib.MeetingActivity]@0#16](f:0,a:0,s:0) onFrameAvailable the first frame is available
02-11 10:10:12.704 23211 25519 I BLASTBufferQueue: [69d3395 SurfaceView[kr.co.kyowon.videolesson.play/com.kyowon.livechat_lib.MeetingActivity]@0#16](f:0,a:1,s:0) acquireNextBufferLocked size=803x623 mFrameNumber=1 applyTransaction=true mTimestamp=240240145725373(auto) mPendingTransactions.size=0 graphicBufferId=99690485907613 transform=4
02-11 10:10:12.707 23211 23211 I DefaultEglRenderer: Setting aspect ratio from 1.2889246 to 1.2889246
02-11 10:10:12.976 23211 25559 D CCodecConfig: c2 config diff is   c2::u32 coded.bitrate.value = 362473
02-11 10:10:13.355 23211 25559 D CCodecConfig: c2 config diff is   c2::u32 coded.bitrate.value = 231182
02-11 10:10:13.650 23211 25559 D CCodecConfig: c2 config diff is   c2::u32 coded.bitrate.value = 233973
02-11 10:10:13.979 23211 25559 D CCodecConfig: c2 config diff is   c2::u32 coded.bitrate.value = 267738
02-11 10:10:14.228 23211 25559 D CCodecConfig: c2 config diff is   c2::u32 coded.bitrate.value = 269626
02-11 10:10:14.316 23211 25559 D CCodecConfig: c2 config diff is   c2::u32 coded.bitrate.value = 282225
02-11 10:10:14.444 23211 25559 D CCodecConfig: c2 config diff is   c2::u32 coded.bitrate.value = 285670
02-11 10:10:14.566 23211 25559 D CCodecConfig: c2 config diff is   c2::u32 coded.bitrate.value = 287615
02-11 10:10:14.690 23211 25559 D CCodecConfig: c2 config diff is   c2::u32 coded.bitrate.value = 289351
02-11 10:10:14.735 23211 25498 D BufferPoolAccessor2.0: bufferpool2 0xb4000071854458b8 : 9(18874368 size) total buffers - 8(16777216 size) used buffers - 63/72 (recycle/alloc) - 10/65 (fetch/transfer)
02-11 10:10:14.754 23211 23211 I Companion: ====> joinRunnable false true true
02-11 10:10:14.813 23211 25559 D CCodecConfig: c2 config diff is   c2::u32 coded.bitrate.value = 291898
02-11 10:10:14.861 23211 25559 D CCodecConfig: c2 config diff is   c2::u32 coded.bitrate.value = 291705
02-11 10:10:14.983 23211 25559 D CCodecConfig: c2 config diff is   c2::u32 coded.bitrate.value = 292915
02-11 10:10:15.064 23211 25559 D CCodecConfig: c2 config diff is   c2::u32 coded.bitrate.value = 294614
02-11 10:10:15.191 23211 25559 D CCodecConfig: c2 config diff is   c2::u32 coded.bitrate.value = 296906
02-11 10:10:15.277 23211 25559 D CCodecConfig: c2 config diff is   c2::u32 coded.bitrate.value = 297062
02-11 10:10:15.361 23211 25559 D CCodecConfig: c2 config diff is   c2::u32 coded.bitrate.value = 298517
02-11 10:10:15.522 23211 23941 D BufferPoolAccessor2.0: evictor expired: 4, evicted: 0
02-11 10:10:15.531 23211 25559 D CCodecConfig: c2 config diff is   c2::u32 coded.bitrate.value = 300525
02-11 10:10:15.614 23211 25559 D CCodecConfig: c2 config diff is   c2::u32 coded.bitrate.value = 304340
02-11 10:10:15.739 23211 25559 D CCodecConfig: c2 config diff is   c2::u32 coded.bitrate.value = 306025
02-11 10:10:15.872 23211 25559 D CCodecConfig: c2 config diff is   c2::u32 coded.bitrate.value = 308465
02-11 10:10:15.947 23211 25559 D CCodecConfig: c2 config diff is   c2::u32 coded.bitrate.value = 309716
02-11 10:10:15.998 23211 25559 D CCodecConfig: c2 config diff is   c2::u32 coded.bitrate.value = 309921
02-11 10:10:16.119 23211 25559 D CCodecConfig: c2 config diff is   c2::u32 coded.bitrate.value = 311903
02-11 10:10:16.222 23211 25559 D CCodecConfig: c2 config diff is   c2::u32 coded.bitrate.value = 314244
02-11 10:10:16.301 23211 25559 D CCodecConfig: c2 config diff is   c2::u32 coded.bitrate.value = 316198
02-11 10:10:16.328 23211 23942 D PipelineWatcher: onInputBufferReleased: frameIndex not found (148); ignored
02-11 10:10:16.413 23211 25559 D CCodecConfig: c2 config diff is   c2::u32 coded.bitrate.value = 318440
02-11 10:10:16.579 23211 25559 D CCodecConfig: c2 config diff is   c2::u32 coded.bitrate.value = 323549
02-11 10:10:16.729 23211 25559 D CCodecConfig: c2 config diff is   c2::u32 coded.bitrate.value = 325043
02-11 10:10:16.786 23211 25559 D CCodecConfig: c2 config diff is   c2::u32 coded.bitrate.value = 324432
02-11 10:10:16.912 23211 25559 D CCodecConfig: c2 config diff is   c2::u32 coded.bitrate.value = 326078
02-11 10:10:16.995 23211 25559 D CCodecConfig: c2 config diff is   c2::u32 coded.bitrate.value = 325861
02-11 10:10:17.049 23211 25559 D CCodecConfig: c2 config diff is   c2::u32 coded.bitrate.value = 328793
02-11 10:10:17.171 23211 25559 D CCodecConfig: c2 config diff is   c2::u32 coded.bitrate.value = 332337
02-11 10:10:17.246 23211 25559 D CCodecConfig: c2 config diff is   c2::u32 coded.bitrate.value = 332998
02-11 10:10:17.373 23211 25559 D CCodecConfig: c2 config diff is   c2::u32 coded.bitrate.value = 335969
02-11 10:10:17.468 23211 25559 D CCodecConfig: c2 config diff is   c2::u32 coded.bitrate.value = 338776
02-11 10:10:17.623 23211 25559 D CCodecConfig: c2 config diff is   c2::u32 coded.bitrate.value = 339652
02-11 10:10:17.706 23211 25559 D CCodecConfig: c2 config diff is   c2::u32 coded.bitrate.value = 343190
02-11 10:10:17.749 23211 25559 D CCodecConfig: c2 config diff is   c2::u32 coded.bitrate.value = 342951
02-11 10:10:17.832 23211 25559 D CCodecConfig: c2 config diff is   c2::u32 coded.bitrate.value = 345947
02-11 10:10:17.911 23211 25559 D CCodecConfig: c2 config diff is   c2::u32 coded.bitrate.value = 347590
02-11 10:10:18.005 23211 25559 D CCodecConfig: c2 config diff is   c2::u32 coded.bitrate.value = 351097
02-11 10:10:18.039 23211 25559 D CCodecConfig: c2 config diff is   c2::u32 coded.bitrate.value = 350784
02-11 10:10:18.168 23211 25559 D CCodecConfig: c2 config diff is   c2::u32 coded.bitrate.value = 353854
02-11 10:10:18.194 23211 23215 I ideolesson.play: Background concurrent mark compact GC freed 11MB AllocSpace bytes, 0(0B) LOS objects, 49% free, 10MB/21MB, paused 883us,1.619ms total 105.576ms
02-11 10:10:18.254 23211 25559 D CCodecConfig: c2 config diff is   c2::u32 coded.bitrate.value = 357178
02-11 10:10:18.335 23211 25559 D CCodecConfig: c2 config diff is   c2::u32 coded.bitrate.value = 258855
02-11 10:10:18.378 23211 25559 D CCodecConfig: c2 config diff is   c2::u32 coded.bitrate.value = 169830
02-11 10:10:18.503 23211 25559 D CCodecConfig: c2 config diff is   c2::u32 coded.bitrate.value = 205489
02-11 10:10:18.758 23211 25559 D CCodecConfig: c2 config diff is   c2::u32 coded.bitrate.value = 221176
02-11 10:10:18.878 23211 25559 D CCodecConfig: c2 config diff is   c2::u32 coded.bitrate.value = 227533
02-11 10:10:18.965 23211 25559 D CCodecConfig: c2 config diff is   c2::u32 coded.bitrate.value = 229524
02-11 10:10:19.006 23211 25559 D CCodecConfig: c2 config diff is   c2::u32 coded.bitrate.value = 233813
02-11 10:10:19.132 23211 25559 D CCodecConfig: c2 config diff is   c2::u32 coded.bitrate.value = 169025
02-11 10:10:19.214 23211 23942 D PipelineWatcher: onInputBufferReleased: frameIndex not found (217); ignored
02-11 10:10:19.352 23211 25559 D CCodecConfig: c2 config diff is   c2::u32 coded.bitrate.value = 166223
02-11 10:10:19.504 23211 25559 D CCodecConfig: c2 config diff is   c2::u32 coded.bitrate.value = 170356
02-11 10:10:19.553 23211 25559 D CCodecConfig: c2 config diff is   c2::u32 coded.bitrate.value = 175740
02-11 10:10:19.587 23211 25559 D CCodecConfig: c2 config diff is   c2::u32 coded.bitrate.value = 175918
02-11 10:10:19.792 23211 25559 D CCodecConfig: c2 config diff is   c2::u32 coded.bitrate.value = 183388
02-11 10:10:19.833 23211 25559 D CCodecConfig: c2 config diff is   c2::u32 coded.bitrate.value = 175489
02-11 10:10:19.911 23211 25498 D BufferPoolAccessor2.0: bufferpool2 0xb4000071854458b8 : 9(18874368 size) total buffers - 8(16777216 size) used buffers - 215/224 (recycle/alloc) - 10/217 (fetch/transfer)
02-11 10:10:20.047 23211 25559 D CCodecConfig: c2 config diff is   c2::u32 coded.bitrate.value = 166098
02-11 10:10:20.089 23211 25559 D CCodecConfig: c2 config diff is   c2::u32 coded.bitrate.value = 164637
02-11 10:10:20.223 23211 25559 D CCodecConfig: c2 config diff is   c2::u32 coded.bitrate.value = 163110
02-11 10:10:20.488 23211 25559 D CCodecConfig: c2 config diff is   c2::u32 coded.bitrate.value = 167217
02-11 10:10:20.671 23211 25559 D CCodecConfig: c2 config diff is   c2::u32 coded.bitrate.value = 173409
02-11 10:10:21.046 23211 25559 D CCodecConfig: c2 config diff is   c2::u32 coded.bitrate.value = 172998
02-11 10:10:21.217 23211 25559 D CCodecConfig: c2 config diff is   c2::u32 coded.bitrate.value = 199610
02-11 10:10:21.426 23211 25559 D CCodecConfig: c2 config diff is   c2::u32 coded.bitrate.value = 218313
02-11 10:10:21.640 23211 25559 D CCodecConfig: c2 config diff is   c2::u32 coded.bitrate.value = 229142
02-11 10:10:21.844 23211 25559 D CCodecConfig: c2 config diff is   c2::u32 coded.bitrate.value = 234569
02-11 10:10:21.887 23211 25559 D CCodecConfig: c2 config diff is   c2::u32 coded.bitrate.value = 234413
02-11 10:10:22.050 23211 25559 D CCodecConfig: c2 config diff is   c2::u32 coded.bitrate.value = 240792
02-11 10:10:22.264 23211 25559 D CCodecConfig: c2 config diff is   c2::u32 coded.bitrate.value = 257396
02-11 10:10:22.468 23211 23942 D PipelineWatcher: onInputBufferReleased: frameIndex not found (295); ignored
02-11 10:10:22.510 23211 25559 D CCodecConfig: c2 config diff is   c2::u32 coded.bitrate.value = 266534
02-11 10:10:22.687 23211 25559 D CCodecConfig: c2 config diff is   c2::u32 coded.bitrate.value = 269323
02-11 10:10:22.824 23211 25157 I com.kyowon.kw_video_sdk.utils.PostLogger: PostLogger sent: 200
02-11 10:10:22.824 23211 25157 D VideoViewManager: postLogger send complete
02-11 10:10:22.894 23211 25559 D CCodecConfig: c2 config diff is   c2::u32 coded.bitrate.value = 272156
02-11 10:10:22.935 23211 25559 D CCodecConfig: c2 config diff is   c2::u32 coded.bitrate.value = 272226
02-11 10:10:23.073 23211 25559 D CCodecConfig: c2 config diff is   c2::u32 coded.bitrate.value = 191969
02-11 10:10:23.118 23211 25559 D CCodecConfig: c2 config diff is   c2::u32 coded.bitrate.value = 192099
02-11 10:10:23.310 23211 25559 D CCodecConfig: c2 config diff is   c2::u32 coded.bitrate.value = 189182
02-11 10:10:23.474 23211 25559 D CCodecConfig: c2 config diff is   c2::u32 coded.bitrate.value = 193743
02-11 10:10:23.517 23211 25559 D CCodecConfig: c2 config diff is   c2::u32 coded.bitrate.value = 193917
02-11 10:10:23.726 23211 25559 D CCodecConfig: c2 config diff is   c2::u32 coded.bitrate.value = 201283
02-11 10:10:23.945 23211 25559 D CCodecConfig: c2 config diff is   c2::u32 coded.bitrate.value = 207177
02-11 10:10:24.058 23211 25559 D CCodecConfig: c2 config diff is   c2::u32 coded.bitrate.value = 206439
02-11 10:10:24.149 23211 25559 D CCodecConfig: c2 config diff is   c2::u32 coded.bitrate.value = 212224
02-11 10:10:24.401 23211 25559 D CCodecConfig: c2 config diff is   c2::u32 coded.bitrate.value = 218252
02-11 10:10:24.562 23211 25559 D CCodecConfig: c2 config diff is   c2::u32 coded.bitrate.value = 140597
02-11 10:10:24.686 23211 25559 D CCodecConfig: c2 config diff is   c2::u32 coded.bitrate.value = 137167
02-11 10:10:24.831 23211 25559 D CCodecConfig: c2 config diff is   c2::u32 coded.bitrate.value = 137448
02-11 10:10:24.961 23211 23942 D BufferPoolAccessor2.0: bufferpool2 0xb4000071854458b8 : 9(18874368 size) total buffers - 9(18874368 size) used buffers - 368/377 (recycle/alloc) - 10/369 (fetch/transfer)
02-11 10:10:24.998 23211 25559 D CCodecConfig: c2 config diff is   c2::u32 coded.bitrate.value = 141058
02-11 10:10:25.069 23211 25559 D CCodecConfig: c2 config diff is   c2::u32 coded.bitrate.value = 140635
02-11 10:10:25.190 23211 25559 D CCodecConfig: c2 config diff is   c2::u32 coded.bitrate.value = 144010
02-11 10:10:25.252 23211 23211 E VideoViewManager: onRemoteVideoSourceUnavailable
02-11 10:10:25.253 23211 23211 I VideoViewManager: ====> onVideoTileRemoved 1 Unpaused
02-11 10:10:25.257 23211 23211 I SurfaceRenderView: Releasing render view
02-11 10:10:25.257 23211 23211 I DefaultEglRenderer: Releasing EGL renderer
02-11 10:10:25.269 23211 25519 D libMEOW : meow delete tls: 0xb4000070e5baf910
02-11 10:10:25.303 23211 25442 I Logging : AndroidVideoDecoder: release
02-11 10:10:25.310 23211 25559 D CCodecConfig: c2 config diff is   c2::u32 coded.bitrate.value = 500000
02-11 10:10:25.315 23211 23211 I VideoViewManager: ====> onAttendeesLeft 1
02-11 10:10:25.316 23211 23211 I SV[110965653 MeetingActivity]: onWindowVisibilityChanged(8) false com.amazonaws.services.chime.sdk.meetings.audiovideo.video.DefaultVideoRenderView{69d3395 V.E...... ........ 0,0-803,623 #7f09011b app:id/kwVideoView} of VRI[MeetingActivity]@f34625f
02-11 10:10:25.316 23211 23211 I SurfaceView: 110965653 Changes: creating=false format=false size=false visible=true alpha=false hint=false left=false top=false z=false attached=true lifecycleStrategy=false
02-11 10:10:25.316 23211 23211 I SurfaceView: 110965653 Cur surface: Surface(name=null mNativeObject=-5476376665489567280)/@0xc5d6cea
02-11 10:10:25.316 23211 23211 I SurfaceView: 110965653 surfaceDestroyed
02-11 10:10:25.316 23211 23211 I SV[110965653 MeetingActivity]: surfaceDestroyed callback.size 1 #2 com.amazonaws.services.chime.sdk.meetings.audiovideo.video.DefaultVideoRenderView{69d3395 V.E...... ........ 0,0-803,623 #7f09011b app:id/kwVideoView}
02-11 10:10:25.316 23211 23211 I SurfaceRenderView: Surface destroyed, releasing EGL surface
02-11 10:10:25.316 23211 23211 I SV[110965653 MeetingActivity]: updateSurface: mVisible = false mSurface.isValid() = true
02-11 10:10:25.316 23211 23211 I BLASTBufferQueue: [69d3395 SurfaceView[kr.co.kyowon.videolesson.play/com.kyowon.livechat_lib.MeetingActivity]@0#16](f:0,a:3,s:0) destructor()
02-11 10:10:25.316 23211 23211 D BufferQueueConsumer: [69d3395 SurfaceView[kr.co.kyowon.videolesson.play/com.kyowon.livechat_lib.MeetingActivity]@0#16(BLAST Consumer)16](id:5aab00000016,api:0,p:-1,c:23211) disconnect
02-11 10:10:25.317 23211 23211 I SV[110965653 MeetingActivity]: releaseSurfaces: viewRoot = VRI[MeetingActivity]@f34625f
02-11 10:10:25.317 23211 23211 V SurfaceView: Layout: x=134 y=269 w=803 h=623, frame=Rect(0, 0 - 803, 623)
02-11 10:10:25.317 23211 23211 I SurfaceView: 110965653 Detaching SV
02-11 10:10:25.317 23211 23211 I SurfaceView: 110965653 Changes: creating=false format=false size=false visible=false alpha=false hint=false left=false top=false z=false attached=false lifecycleStrategy=false
02-11 10:10:25.318 23211 23211 I SV[110965653 MeetingActivity]: onDetachedFromWindow: tryReleaseSurfaces()
02-11 10:10:25.318 23211 23211 I SV[110965653 MeetingActivity]: releaseSurfaces: viewRoot = VRI[MeetingActivity]@f34625f
02-11 10:10:25.318 23211 23211 I System.out: VideoViewManager videoFinish
02-11 10:10:25.320 23211 25126 D ideolesson.play: PlayerBase::stop() from IPlayer
02-11 10:10:25.320 23211 25126 D AudioTrack: stop(2049): called with 1129920 frames delivered
02-11 10:10:25.383 23211 25514 I Logging : AndroidVideoDecoder: Releasing MediaCodec on output thread
02-11 10:10:25.383 23211 23427 I CameraManagerGlobal: Camera 1 facing CAMERA_FACING_FRONT state now CAMERA_STATE_IDLE for client kr.co.kyowon.videolesson.play API Level 2 User Id 0Device Id 0
02-11 10:10:25.384 23211 25498 I CCodec  : [c2.mtk.avc.decoder] state->set(STOPPING)
02-11 10:10:25.384 23211 25498 D CCodecBufferChannel: [c2.mtk.avc.decoder#827] MediaCodec discarded an unknown buffer
02-11 10:10:25.384 23211 25499 I CCodec  : [stop][3288] surface -> component
02-11 10:10:25.384 23211 25498 D CCodecBufferChannel: [c2.mtk.avc.decoder#827] MediaCodec discarded an unknown buffer
02-11 10:10:25.384 23211 25498 D CCodecBufferChannel: [c2.mtk.avc.decoder#827] MediaCodec discarded an unknown buffer
02-11 10:10:25.384 23211 25498 D CCodecBufferChannel: [c2.mtk.avc.decoder#827] MediaCodec discarded an unknown buffer
02-11 10:10:25.384 23211 25498 D CCodecBufferChannel: [c2.mtk.avc.decoder#827] MediaCodec discarded an unknown buffer
02-11 10:10:25.384 23211 25498 D CCodecBufferChannel: [c2.mtk.avc.decoder#827] MediaCodec discarded an unknown buffer
02-11 10:10:25.384 23211 25498 D CCodecBufferChannel: [c2.mtk.avc.decoder#827] MediaCodec discarded an unknown buffer
02-11 10:10:25.384 23211 25498 D CCodecBufferChannel: [c2.mtk.avc.decoder#827] MediaCodec discarded an unknown buffer
02-11 10:10:25.388 23211 25499 I CCodec  : [c2.mtk.avc.decoder] state->set(ALLOCATED)
02-11 10:10:25.391 23211 25498 I CCodec  : [c2.mtk.avc.decoder] state->set(RELEASING)
02-11 10:10:25.392 23211 25514 I Logging : AndroidVideoDecoder: Release on output thread done
02-11 10:10:25.393 23211 25651 I CCodec  : [release][3422] surface -> component
02-11 10:10:25.400 23211 25651 I CCodec  : [c2.mtk.avc.decoder] state->set(RELEASED)
02-11 10:10:25.400 23211 25499 I Codec2Client: Component destructing
02-11 10:10:25.401 23211 25498 I MediaCodec: Codec shutdown complete
02-11 10:10:25.401 23211 25499 I hw-BpHwBinder: onLastStrongRef automatically unlinking death recipients
02-11 10:10:25.402 23211 25652 I Logging : AndroidVideoDecoder: ctor name: c2.mtk.avc.decoder type: H264 color format: 19 context: null
02-11 10:10:25.410 23211 25498 I CCodecBufferChannel: CCodecBufferChannel destructing c2.mtk.avc.decoder#827
02-11 10:10:25.452 23211 25572 I Logging : HardwareVideoEncoder: Releasing MediaCodec on output thread
02-11 10:10:25.452 23211 25559 I CCodec  : [c2.mtk.avc.encoder] state->set(STOPPING)
02-11 10:10:25.452 23211 25559 D CCodecBufferChannel: [c2.mtk.avc.encoder#28] MediaCodec discarded an unknown buffer
02-11 10:10:25.453 23211 25559 D CCodecBufferChannel: [c2.mtk.avc.encoder#28] MediaCodec discarded an unknown buffer
02-11 10:10:25.453 23211 25559 D CCodecBufferChannel: [c2.mtk.avc.encoder#28] MediaCodec discarded an unknown buffer
02-11 10:10:25.453 23211 25559 D CCodecBufferChannel: [c2.mtk.avc.encoder#28] MediaCodec discarded an unknown buffer
02-11 10:10:25.453 23211 25559 D CCodecBufferChannel: [c2.mtk.avc.encoder#28] MediaCodec discarded an unknown buffer
02-11 10:10:25.454 23211 25559 D CCodecBufferChannel: [c2.mtk.avc.encoder#28] MediaCodec discarded an unknown buffer
02-11 10:10:25.454 23211 25559 D CCodecBufferChannel: [c2.mtk.avc.encoder#28] MediaCodec discarded an unknown buffer
02-11 10:10:25.454 23211 25559 D CCodecBufferChannel: [c2.mtk.avc.encoder#28] MediaCodec discarded an unknown buffer
02-11 10:10:25.454 23211 25560 I CCodec  : [stop][3288] surface -> component
02-11 10:10:25.463 23211 25560 I CCodec  : [c2.mtk.avc.encoder] state->set(ALLOCATED)
02-11 10:10:25.464 23211 25559 I CCodec  : [c2.mtk.avc.encoder] state->set(RELEASING)
02-11 10:10:25.464 23211 25666 I CCodec  : [release][3422] surface -> component
02-11 10:10:25.465 23211 25572 I Logging : HardwareVideoEncoder: Release on output thread done
02-11 10:10:25.470 23211 23427 I CameraManagerGlobal: postSingleUpdate device: camera id 1 status STATUS_PRESENT
02-11 10:10:25.473 23211 23427 I CameraManagerGlobal: Camera 1 facing CAMERA_FACING_FRONT state now CAMERA_STATE_CLOSED for client kr.co.kyowon.videolesson.play API Level 2 User Id 0Device Id 0
02-11 10:10:25.484 23211 25666 I CCodec  : [c2.mtk.avc.encoder] state->set(RELEASED)
02-11 10:10:25.484 23211 25559 I MediaCodec: Codec shutdown complete
02-11 10:10:25.485 23211 25666 I Codec2Client: Component destructing
02-11 10:10:25.485 23211 25666 I hw-BpHwBinder: onLastStrongRef automatically unlinking death recipients
02-11 10:10:25.488 23211 25358 D BufferQueueConsumer: [SurfaceTexture-4-23211-6](id:5aab00000017,api:0,p:-1,c:23211) disconnect
02-11 10:10:25.489 23211 23211 W VideoViewManager: gpuVideoProcessor not initialized, skip release
02-11 10:10:25.489 23211 23211 W VideoViewManager: cpuVideoProcessor not initialized, skip release
02-11 10:10:25.489 23211 23211 I System.out: VideoViewManager====> videoFinish remove observers
02-11 10:10:25.513 23211 23211 I VRI[MeetingActivity]@f34625f: registerCallbackForPendingTransactions
02-11 10:10:25.515 23211 23287 D SurfaceView: 47994401 windowPositionLost, frameNr = 20672
02-11 10:10:25.516 23211 25559 I CCodecBufferChannel: CCodecBufferChannel destructing c2.mtk.avc.encoder#28
02-11 10:10:25.517 23211 23297 I VRI[MeetingActivity]@f34625f: mWNT: t=0xb4000071953cd510 mBlastBufferQueue=0xb4000071453097a0 fn= 20672 HdrRenderState mRenderHdrSdrRatio=1.0 caller= android.view.ViewRootImpl$10.onFrameDraw:6540 android.view.ViewRootImpl$4.onFrameDraw:2494 android.view.ThreadedRenderer$1.onFrameDraw:718 
02-11 10:10:25.524 23211 25358 D libMEOW : meow delete tls: 0xb4000070e592f690
02-11 10:10:26.496 23211 23211 I Dialog  : mIsDeviceDefault = false, mIsSamsungBasicInteraction = false, isMetaDataInActivity = false
02-11 10:10:26.497 23211 23211 I Dialog  : mIsDeviceDefault = false, mIsSamsungBasicInteraction = false, isMetaDataInActivity = false
02-11 10:10:26.505 23211 23211 I DecorView: setWindowBackground: isPopOver=false color=fff1f1f3 d=android.graphics.drawable.InsetDrawable@31019a3
02-11 10:10:26.513 23211 23211 I DecorView: setWindowBackground: isPopOver=false color=0 d=android.graphics.drawable.ColorDrawable@ca4d3ef
02-11 10:10:26.513 23211 23211 I WindowManager: WindowManagerGlobal#addView, ty=2, view=com.android.internal.policy.DecorView{49b3efc V.ED..... R.....I. 0,0-0,0}[MeetingActivity], caller=android.view.WindowManagerImpl.addView:158 android.app.Dialog.show:540 com.kyowon.livechat_lib.KWDialog.start:56 
02-11 10:10:26.513 23211 23211 D ViewRootImpl: desktopMode is false
02-11 10:10:26.514 23211 23211 I ViewRootImpl: dVRR is disabled
02-11 10:10:26.514 23211 23287 D NativeCustomFrequencyManager: [NativeCFMS] BpCustomFrequencyManager::BpCustomFrequencyManager()
02-11 10:10:26.523 23211 23211 D InputTransport: Input channel constructed: 'fed220b', fd=378
02-11 10:10:26.523 23211 23211 I InsetsController: onStateChanged: host=kr.co.kyowon.videolesson.play/com.kyowon.livechat_lib.MeetingActivity, from=android.view.ViewRootImpl.onInsetsStateChanged:3031, state=InsetsState: {mDisplayFrame=Rect(0, 0 - 1920, 1200), mDisplayCutout=DisplayCutout{insets=Rect(0, 0 - 0, 0) waterfall=Insets{left=0, top=0, right=0, bottom=0} boundingRect={Bounds=[Rect(0, 0 - 0, 0), Rect(0, 0 - 0, 0), Rect(0, 0 - 0, 0), Rect(0, 0 - 0, 0)]} cutoutPathParserInfo={CutoutPathParserInfo{displayWidth=0 displayHeight=0 physicalDisplayWidth=0 physicalDisplayHeight=0 density={0.0} cutoutSpec={} rotation={0} scale={0.0} physicalPixelDisplaySizeRatio={0.0}}} sideOverrides=null}, mRoundedCorners=RoundedCorners{[RoundedCorner{position=TopLeft, radius=20, center=Point(20, 20)}, RoundedCorner{position=TopRight, radius=20, center=Point(1900, 20)}, RoundedCorner{position=BottomRight, radius=20, center=Point(1900, 1180)}, RoundedCorner{position=BottomLeft, radius=20, center=Point(20, 1180)}]}  mRoundedCornerFrame=Rect(0, 0 - 1920, 1200), mPrivacyIndicatorBounds=PrivacyIndicatorBounds {static bounds=Rect(1854, 0 - 1920, 45) rotation=1}, mDisplayShape=DisplayShape{ spec=-311912193 displayWidth=1200 displayHeight=1920 physicalPixelDisplaySizeRatio=1.0 rotation=1 offsetX=0 offsetY=0 scale=1.0}, mSources= { InsetsSource: {d4260000 mType=statusBars mFrame=[0,0][1920,45] mVisible=false mFlags= mSideHint=TOP mBoundingRects=null}, InsetsSource: {d4260005 mType=mandatorySystemGestures mFrame=[0,0][1920,45] mVisible=true mFlags= mSideHint=TOP mBoundingRects=null}, InsetsSource: {d4260006 mType=tappableElement mFrame=[0,0][1920,45] mVisible=true mFlags= mSideHint=TOP mBoundingRects=null}, InsetsSource: {f8790001 mType=navigationBars mFrame=[0,1128][1920,1200] mVisible=false mFlags= mSideHint=BOTTOM mBoundingRects=null}, InsetsSource: {f8790004 mType=systemGestures mFrame=[0,0][0,0] mVisible=true mFlags= mSideHint=NONE mBoundingRects=null}, InsetsSource: {f8790005 mType=mandatorySystemGestures mFrame=[0,1128][1920,1200] mVisible=true mFlags= mSideHint=BOTTOM mBoundingRects=null}, InsetsSource: {f8790006 mType=tappableElement mFrame=[0,1128][1920,1200] mVisible=true mFlags= mSideHint=BOTTOM mBoundingRects=null}, InsetsSource: {f8790024 mType=systemGestures mFrame=[0,0][0,0] mVisible=true mFlags= mSideHint=NONE mBoundingRects=null}, InsetsSource: {3 mType=ime mFrame=[0,0][0,0] mVisible=false mFlags= mSideHint=NONE mBoundingRects=null} }
02-11 10:10:26.523 23211 23211 I VRI[MeetingActivity]@632c985: synced displayState. AttachInfo displayState=2
02-11 10:10:26.524 23211 23211 I VRI[MeetingActivity]@632c985: setView = com.android.internal.policy.DecorView@49b3efc IsHRR=false mFlingFrameRateChange=0 TM=true
02-11 10:10:26.534 23211 23211 D BufferQueueConsumer: [](id:5aab00000018,api:0,p:-1,c:23211) connect: controlledByApp=false
02-11 10:10:26.535 23211 23211 I BLASTBufferQueue: [VRI[MeetingActivity]@632c985#17](f:0,a:0,s:0) constructor()
