02-11 10:12:40.655  1944  2198 I CameraManagerGlobal: Camera 1 facing CAMERA_FACING_FRONT state now CAMERA_STATE_OPEN for client kr.co.kyowon.videolesson.play API Level 2 User Id 0Device Id 0
02-11 10:12:40.655 17720 20342 I CameraManagerGlobal: Camera 1 facing CAMERA_FACING_FRONT state now CAMERA_STATE_OPEN for client kr.co.kyowon.videolesson.play API Level 2 User Id 0Device Id 0
02-11 10:12:40.655 24327 29055 I CameraManagerGlobal: Camera 1 facing CAMERA_FACING_FRONT state now CAMERA_STATE_OPEN for client kr.co.kyowon.videolesson.play API Level 2 User Id 0Device Id 0
02-11 10:12:40.666  1451  2223 I CameraManagerGlobal: Camera 1 facing CAMERA_FACING_FRONT state now CAMERA_STATE_OPEN for client kr.co.kyowon.videolesson.play API Level 2 User Id 0Device Id 0
02-11 10:12:40.669  1451  1898 D NetdEventListenerService: DNS Requested by 103, 10354(kr.co.kyowon.videolesson.play), SUCCESS, 1ms
02-11 10:12:40.672  1451  1898 D NetdEventListenerService: DNS Requested by 103, 10354(kr.co.kyowon.videolesson.play), SUCCESS, 2ms
02-11 10:12:40.684  1074  1074 I BufferQueueProducer: [kr.co.kyowon.videolesson.play/com.kyowon.livechat_lib.MeetingActivity$_23211#43848](this:0xb400007cb393ead8,id:-1,api:0,p:-1,c:1074) queueBuffer: fps=48.26 dur=1035.98 max=297.83 min=10.19
02-11 10:12:40.706  1451  1898 D NetdEventListenerService: DNS Requested by 103, 10354(kr.co.kyowon.videolesson.play), SUCCESS, 1ms
02-11 10:12:40.724  1074  3823 I SurfaceFlinger: id=44004 createSurf, flag=84004, 69d3395 SurfaceView[kr.co.kyowon.videolesson.play/com.kyowon.livechat_lib.MeetingActivity]@0#44004
02-11 10:12:40.725  1074  1145 I SurfaceFlinger: id=44005 createSurf, flag=44400, 69d3395 SurfaceView[kr.co.kyowon.videolesson.play/com.kyowon.livechat_lib.MeetingActivity]@0(BLAST)#44005
02-11 10:12:40.725  1074  1145 I SurfaceFlinger: id=44006 createSurf, flag=20404, Background for 69d3395 SurfaceView[kr.co.kyowon.videolesson.play/com.kyowon.livechat_lib.MeetingActivity]@0#44006
02-11 10:12:40.726 23211 23211 I BLASTBufferQueue: [69d3395 SurfaceView[kr.co.kyowon.videolesson.play/com.kyowon.livechat_lib.MeetingActivity]@0#29](f:0,a:0,s:0) constructor()
02-11 10:12:40.726 23211 23211 I BLASTBufferQueue_Java: new BLASTBufferQueue, mName= 69d3395 SurfaceView[kr.co.kyowon.videolesson.play/com.kyowon.livechat_lib.MeetingActivity]@0 mNativeObject= 0xb4000071452dfb50 caller= android.view.SurfaceView.createBlastSurfaceControls:1795 android.view.SurfaceView.updateSurface:1450 android.view.SurfaceView.lambda$new$0:280 android.view.SurfaceView.$r8$lambda$NfZyM_TG8F8lqzaOVZ7noREFjzU:0 android.view.SurfaceView$$ExternalSyntheticLambda1.onPreDraw:0 android.view.ViewTreeObserver.dispatchOnPreDraw:1229 android.view.ViewRootImpl.performTraversals:5452 android.view.ViewRootImpl.doTraversal:3929 android.view.ViewRootImpl$TraversalRunnable.run:12907 android.view.Choreographer$CallbackRecord.run:1901 
02-11 10:12:40.726 23211 23211 I BLASTBufferQueue_Java: update, w= 803 h= 623 mName = 69d3395 SurfaceView[kr.co.kyowon.videolesson.play/com.kyowon.livechat_lib.MeetingActivity]@0 mNativeObject= 0xb4000071452dfb50 sc.mNativeObject= 0xb4000070f52f7a90 format= 4 caller= android.view.SurfaceView.createBlastSurfaceControls:1796 android.view.SurfaceView.updateSurface:1450 android.view.SurfaceView.lambda$new$0:280 android.view.SurfaceView.$r8$lambda$NfZyM_TG8F8lqzaOVZ7noREFjzU:0 android.view.SurfaceView$$ExternalSyntheticLambda1.onPreDraw:0 android.view.ViewTreeObserver.dispatchOnPreDraw:1229 
02-11 10:12:40.726 23211 23211 I BLASTBufferQueue: [69d3395 SurfaceView[kr.co.kyowon.videolesson.play/com.kyowon.livechat_lib.MeetingActivity]@0#29](f:0,a:0,s:0) update width=803 height=623 format=4 mTransformHint=7
02-11 10:12:40.727  1074  1145 I SurfaceFlinger: id=44007 createSurf, flag=84004, df4c49e SurfaceView[kr.co.kyowon.videolesson.play/com.kyowon.livechat_lib.MeetingActivity]@0#44007
02-11 10:12:40.728  1074  1074 I SurfaceFlinger: [69d3395 SurfaceView[kr.co.kyowon.videolesson.play/com.kyowon.livechat_lib.MeetingActivity]@0#44004] attach to parent LayerHierarchy{RequestedLayerState{Bounds for - kr.co.kyowon.videolesson.play/com.kyowon.livechat_lib.MeetingActivity@0#43860 parentId=43848} 1 children}
02-11 10:12:40.728  1074  1074 I SurfaceFlinger: [69d3395 SurfaceView[kr.co.kyowon.videolesson.play/com.kyowon.livechat_lib.MeetingActivity]@0(BLAST)#44005] attach to parent LayerHierarchy{RequestedLayerState{69d3395 SurfaceView[kr.co.kyowon.videolesson.play/com.kyowon.livechat_lib.MeetingActivity]@0#44004 parentId=43860} 1 children}
02-11 10:12:40.728  1074  1074 I SurfaceFlinger: [Background for 69d3395 SurfaceView[kr.co.kyowon.videolesson.play/com.kyowon.livechat_lib.MeetingActivity]@0#44006] attach to parent LayerHierarchy{RequestedLayerState{69d3395 SurfaceView[kr.co.kyowon.videolesson.play/com.kyowon.livechat_lib.MeetingActivity]@0#44004 parentId=43860} 2 children}
02-11 10:12:40.728  1074  1074 I SurfaceFlinger: [df4c49e SurfaceView[kr.co.kyowon.videolesson.play/com.kyowon.livechat_lib.MeetingActivity]@0#44007] attach to parent LayerHierarchy{RequestedLayerState{Bounds for - kr.co.kyowon.videolesson.play/com.kyowon.livechat_lib.MeetingActivity@0#43860 parentId=43848} 2 children}
02-11 10:12:40.728  1074  1145 I SurfaceFlinger: id=44008 createSurf, flag=44400, df4c49e SurfaceView[kr.co.kyowon.videolesson.play/com.kyowon.livechat_lib.MeetingActivity]@0(BLAST)#44008
02-11 10:12:40.730  1074  1145 I SurfaceFlinger: id=44009 createSurf, flag=20404, Background for df4c49e SurfaceView[kr.co.kyowon.videolesson.play/com.kyowon.livechat_lib.MeetingActivity]@0#44009
02-11 10:12:40.730  1451 27575 W ActivityManager: crash : kr.co.kyowon.videolesson.play,10354
02-11 10:12:40.730  1451  3287 W ActivityTaskManager:   Force finishing activity kr.co.kyowon.videolesson.play/com.kyowon.livechat_lib.MeetingActivity
02-11 10:12:40.730 23211 23211 I BLASTBufferQueue: [df4c49e SurfaceView[kr.co.kyowon.videolesson.play/com.kyowon.livechat_lib.MeetingActivity]@0#30](f:0,a:0,s:0) constructor()
02-11 10:12:40.731 23211 23211 I BLASTBufferQueue_Java: new BLASTBufferQueue, mName= df4c49e SurfaceView[kr.co.kyowon.videolesson.play/com.kyowon.livechat_lib.MeetingActivity]@0 mNativeObject= 0xb400007145326d40 caller= android.view.SurfaceView.createBlastSurfaceControls:1795 android.view.SurfaceView.updateSurface:1450 android.view.SurfaceView.lambda$new$0:280 android.view.SurfaceView.$r8$lambda$NfZyM_TG8F8lqzaOVZ7noREFjzU:0 android.view.SurfaceView$$ExternalSyntheticLambda1.onPreDraw:0 android.view.ViewTreeObserver.dispatchOnPreDraw:1229 android.view.ViewRootImpl.performTraversals:5452 android.view.ViewRootImpl.doTraversal:3929 android.view.ViewRootImpl$TraversalRunnable.run:12907 android.view.Choreographer$CallbackRecord.run:1901 
02-11 10:12:40.731 23211 23211 I BLASTBufferQueue_Java: update, w= 803 h= 623 mName = df4c49e SurfaceView[kr.co.kyowon.videolesson.play/com.kyowon.livechat_lib.MeetingActivity]@0 mNativeObject= 0xb400007145326d40 sc.mNativeObject= 0xb4000070f52fa910 format= 4 caller= android.view.SurfaceView.createBlastSurfaceControls:1796 android.view.SurfaceView.updateSurface:1450 android.view.SurfaceView.lambda$new$0:280 android.view.SurfaceView.$r8$lambda$NfZyM_TG8F8lqzaOVZ7noREFjzU:0 android.view.SurfaceView$$ExternalSyntheticLambda1.onPreDraw:0 android.view.ViewTreeObserver.dispatchOnPreDraw:1229 
02-11 10:12:40.731 23211 23211 I BLASTBufferQueue: [df4c49e SurfaceView[kr.co.kyowon.videolesson.play/com.kyowon.livechat_lib.MeetingActivity]@0#30](f:0,a:0,s:0) update width=803 height=623 format=4 mTransformHint=7
02-11 10:12:40.733  1451  3287 V WindowManager: Collecting in transition 2229: ActivityRecord{97819389 u0 kr.co.kyowon.videolesson.play/com.kyowon.livechat_lib.MeetingActivity t426 f}}, caller=com.android.server.wm.Transition.collectExistenceChange:40 com.android.server.wm.Transition.collectClose:7 com.android.server.wm.ActivityRecord.finishIfPossible:50 com.android.server.wm.ActivityRecord.finishIfPossible:1 com.android.server.wm.RootWindowContainer$$ExternalSyntheticLambda34.accept:179 
02-11 10:12:40.733  1451  3287 D WindowManager: prepareSync <SYNC_STATE_WAITING_FOR_DRAW>, mPrepareSyncSeqId=0, win=Window{d45ae0c u0 kr.co.kyowon.videolesson.play/com.kyowon.livechat_lib.MeetingActivity}
02-11 10:12:40.733  1451  3287 V WindowManager: Collecting in transition 2229: ActivityRecord{97819389 u0 kr.co.kyowon.videolesson.play/com.kyowon.livechat_lib.MeetingActivity t426 f}}, caller=com.android.server.wm.TransitionController.collect:7 com.android.server.wm.ActivityRecord.setVisibility:142 com.android.server.wm.ActivityRecord.finishIfPossible:87 com.android.server.wm.ActivityRecord.finishIfPossible:1 com.android.server.wm.RootWindowContainer$$ExternalSyntheticLambda34.accept:179 
02-11 10:12:40.733  1451  3287 D ActivityTaskManager: scheduleTopResumedActivityChanged, onTop=false, r=ActivityRecord{97819389 u0 kr.co.kyowon.videolesson.play/com.kyowon.livechat_lib.MeetingActivity t426 f}}, caller=com.android.server.wm.ActivityTaskSupervisor.scheduleTopResumedActivityStateLossIfNeeded:19 com.android.server.wm.ActivityTaskSupervisor.updateTopResumedActivityIfNeeded:53 com.android.server.wm.TaskFragment.setResumedActivity:30 com.android.server.wm.ActivityRecord.setState:91 com.android.server.wm.TaskFragment.startPausing$1:209 com.android.server.wm.ActivityRecord.finishIfPossible:94 
02-11 10:12:40.733  1944  2070 V WindowManagerShell: Transition requested (#2229): android.os.BinderProxy@31b7283 TransitionRequestInfo { type = CLOSE, triggerTask = TaskInfo{userId=0 taskId=426 effectiveUid=10354 displayId=0 isRunning=true baseIntent=Intent { act=android.intent.action.MAIN cat=[android.intent.category.LAUNCHER] flg=0x10200000 cmp=kr.co.kyowon.videolesson.play/.MainActivity } baseActivity=ComponentInfo{kr.co.kyowon.videolesson.play/kr.co.kyowon.videolesson.play.MainActivity} topActivity=ComponentInfo{kr.co.kyowon.videolesson.play/com.kyowon.livechat_lib.MeetingActivity} origActivity=null realActivity=ComponentInfo{kr.co.kyowon.videolesson.play/kr.co.kyowon.videolesson.play.MainActivity} numActivities=2 lastActiveTime=2422757109 supportsMultiWindow=false resizeMode=0 isResizeable=false minWidth=-1 minHeight=-1 maxWidth=-1 maxHeight=-1 defaultMinSize=220 desktopDefaultMinSize=304 token=WCT{android.window.IWindowContainerToken$Stub$Proxy@3e5dc00} topActivityType=1 pictureInPictureParams=null shouldDockBigOverlays=false launchIntoPipHostTaskId=-1 lastParentTaskIdBeforePip=-1 displayCutoutSafeInsets=Rect(0, 0 - 0, 0) topActivityInfo=ActivityInfo{9e6dc39 com.kyowon.livechat_lib.MeetingActivity} launchCookies=[android.os.BinderProxy@ee24a4f] positionInParent=Point(0, 0) parentTaskId=-1 isFocused=true isVisible=true isVisibleRequested=true isTopActivityNoDisplay=false isSleeping=false locusId=null displayAreaFeatureId=1 isTopActivityTransparent=true isActivityStackTransparent=false lastNonFullscreenBounds=Rect(672, 154 - 1248, 1018) capturedLink=null capturedLinkTimestamp=0 requestedVisibleTypes=-16 topActivityRequestOpenInBrowserEducationTimestamp=0 appCompatTaskInfo=AppCompatTaskInfo { topActivityInSizeCompat=false eligibleForLetterboxEducation= false isLetterboxEducationEnabled= false isLetterboxDoubleTapEnabled= false eligibleForUserAspectRatioButton= true topActivityBoundsLetterboxed= false isFromLetterboxDoubleTap= false topActivityLetterboxVerticalPosition= -1 topActivityLetterboxHorizontalPosition= -1 topActivityLetterboxWidth=-1 topActivityLetterboxHeight=-1 topActivityAppBounds=Rect(0, 0 - 1920, 1200) isUserFullscreenOverrideEnabled=false isSystemFullscreenOverrideEnabled=false hasMinAspectRatioOverride=false topActivityLetterboxBounds=null cameraCompatTaskInfo=CameraCompatTaskInfo { freeformCameraCompatMode=inactive} topActivityBounds=null topActivityInDisplayCompat=false topActivityInCameraCompat=false forceRotationButtonState=0 singleTapFromLetterbox=false} topActivityMainWindowFrame=null originallySupportedMultiWindow=false hasWallpaper=false rootAffinity=10354:kr.co.kyowon.videolesson.play isTopTaskInStage=false CoverLauncherWidgetTask=false LaunchedFromAppsCoverLauncherTask=false LaunchedFromMultistarCoverLauncherTask=false isAllowedSeamlessRotation=false isTopTransparentActivity=true isAliasManaged=false hasConfigChanged=false snappingGuideBounds=null isAiKeyRemoveAppTask=false lastDesktopWindowingBounds=null lastExternalDesktopWindowingBounds=null isTopFullScreenWindow=true isFullSizeWindow=trueisHandleImmersive=true safeCutoutInsets=null}, pipChange = null, remoteTransition = null, displayChange = null, flags = 16, debugId = 2229 }
02-11 10:12:40.734  1451  3287 W ActivityTaskManager:   Force finishing activity kr.co.kyowon.videolesson.play/.MainActivity
02-11 10:12:40.734  1451  3287 V WindowManager: Collecting in transition 2229: Task{a7c3590 #426 type=standard A=10354:kr.co.kyowon.videolesson.play nonResizable}, caller=com.android.server.wm.Transition.collectExistenceChange:40 com.android.server.wm.Transition.collectClose:7 com.android.server.wm.ActivityRecord.finishIfPossible:50 com.android.server.wm.ActivityRecord.finishIfPossible:1 com.android.server.wm.RootWindowContainer$$ExternalSyntheticLambda34.accept:241 
02-11 10:12:40.734  1451  3287 D WindowManager: prepareSync <SYNC_STATE_WAITING_FOR_DRAW>, mPrepareSyncSeqId=0, win=Window{87a9c4f u0 kr.co.kyowon.videolesson.play/kr.co.kyowon.videolesson.play.MainActivity}
02-11 10:12:40.735  1451  3287 V WindowManager: Collecting in transition 2229: ActivityRecord{162789459 u0 kr.co.kyowon.videolesson.play/.MainActivity t426 f}}, caller=com.android.server.wm.TransitionController.collect:7 com.android.server.wm.ActivityRecord.setVisibility:142 com.android.server.wm.ActivityRecord.finishIfPossible:109 com.android.server.wm.ActivityRecord.finishIfPossible:1 com.android.server.wm.RootWindowContainer$$ExternalSyntheticLambda34.accept:241 
02-11 10:12:40.739  1074  1074 I SurfaceFlinger: [df4c49e SurfaceView[kr.co.kyowon.videolesson.play/com.kyowon.livechat_lib.MeetingActivity]@0(BLAST)#44008] attach to parent LayerHierarchy{RequestedLayerState{df4c49e SurfaceView[kr.co.kyowon.videolesson.play/com.kyowon.livechat_lib.MeetingActivity]@0#44007 parentId=43860} 1 children}
02-11 10:12:40.739  1074  1074 I SurfaceFlinger: [Background for df4c49e SurfaceView[kr.co.kyowon.videolesson.play/com.kyowon.livechat_lib.MeetingActivity]@0#44009] attach to parent LayerHierarchy{RequestedLayerState{df4c49e SurfaceView[kr.co.kyowon.videolesson.play/com.kyowon.livechat_lib.MeetingActivity]@0#44007 parentId=43860} 2 children}
02-11 10:12:40.762  1451  2223 D InputDispatcher: Focus left window (0): d45ae0c kr.co.kyowon.videolesson.play/com.kyowon.livechat_lib.MeetingActivity
02-11 10:12:40.772  3081  3081 I SDHMS:PowerAnomaly:Gatherer:AppError: update AppError : uid=10354, pkg=kr.co.kyowon.videolesson.play, errorType=crash
02-11 10:12:40.776  3081  3081 I SDHMS:PowerAnomaly:Analyzer:AppError: analyze app error : uid=10354, pkg=kr.co.kyowon.videolesson.play, appErrorCount=3
02-11 10:12:40.842  1451  3232 W ActivityManager: Scheduling restart of crashed service kr.co.kyowon.videolesson.play/org.chromium.content.app.SandboxedProcessService0:0 in 1000ms for connection
02-11 10:12:40.960 15544 17174 I HoneySpace.HistoryRepositoryImpl150569839@OneUI: [Add] displayId:0, deskId:-1 item:[0], (#0,#-1,#1), item=id:-2 label:  componnet:kr.co.kyowon.videolesson.play/.MainActivity#UserHandle{0} badgeCount:0  drag:false iconState:NONE, tasks=[[id=426 windowingMode=1 user=0 lastActiveTime=2423201443] null], [RecentApp], showRunningCue=false, isRunning=false, isMinimized=false, [426]
02-11 10:12:40.961 15544 17174 I HoneySpace.FilteredItemProvider: collect filtered items o, [PK(p='kr.co.kyowon.videolesson.play', u=UserHandle{0}), PK(p='com.android.settings', u=UserHandle{0}), PK(p='com.android.vending', u=UserHandle{0}), PK(p='com.sec.android.app.camera', u=UserHandle{0})]
02-11 10:12:40.961 15544 17174 I HoneySpace.SuggestedItemsFacade: filteredItem : PK(p='kr.co.kyowon.videolesson.play', u=UserHandle{0})
02-11 10:12:40.969 15544 20934 I HoneySpace.FilteredItemProvider: collect filtered items o, [PK(p='kr.co.kyowon.videolesson.play', u=UserHandle{0}), PK(p='com.android.settings', u=UserHandle{0}), PK(p='com.android.vending', u=UserHandle{0}), PK(p='com.sec.android.app.camera', u=UserHandle{0})]
02-11 10:12:40.976  1451  3133 D MediaRouterService: Client kr.co.kyowon.videolesson.play (pid 23211): Died!
02-11 10:12:40.977  1228  2011 I Camera2ClientBase: ~Camera2ClientBase: Client object's dtor for Camera Id 1 completed. Client was: kr.co.kyowon.videolesson.play (PID 23211, UID 10354)
02-11 10:12:40.977  1074  1144 D SurfaceFlinger: [SF client] REMOVE (0xb400007c536d5010) for (23211:kr.co.kyowon.videolesson.play)
02-11 10:12:40.977  1074  1144 I SurfaceFlinger: onHandleDestroyed: layerId=43810, name=Bounds for - kr.co.kyowon.videolesson.play/kr.co.kyowon.videolesson.play.MainActivity@0#43810
02-11 10:12:40.978  1074  1145 I SurfaceFlinger: onHandleDestroyed: layerId=43860, name=Bounds for - kr.co.kyowon.videolesson.play/com.kyowon.livechat_lib.MeetingActivity@0#43860
02-11 10:12:40.978  1074  3823 I SurfaceFlinger: onHandleDestroyed: layerId=44006, name=Background for 69d3395 SurfaceView[kr.co.kyowon.videolesson.play/com.kyowon.livechat_lib.MeetingActivity]@0#44006
02-11 10:12:40.978  1074  3823 I SurfaceFlinger: id=44006 Removed Background for 69d3395 SurfaceView[kr.co.kyowon.videolesson.play/com.kyowon.livechat_lib.MeetingActivity]@0#44006 (147)
02-11 10:12:40.978  1074  3823 I SurfaceFlinger: onHandleDestroyed: layerId=44007, name=df4c49e SurfaceView[kr.co.kyowon.videolesson.play/com.kyowon.livechat_lib.MeetingActivity]@0#44007
02-11 10:12:40.978  1074  3823 I SurfaceFlinger: id=44007 Removed df4c49e SurfaceView[kr.co.kyowon.videolesson.play/com.kyowon.livechat_lib.MeetingActivity]@0#44007 (147)
02-11 10:12:40.978  1074  3823 I SurfaceFlinger: onHandleDestroyed: layerId=44008, name=df4c49e SurfaceView[kr.co.kyowon.videolesson.play/com.kyowon.livechat_lib.MeetingActivity]@0(BLAST)#44008
02-11 10:12:40.978  1074  1145 I SurfaceFlinger: id=43860 Removed Bounds for - kr.co.kyowon.videolesson.play/com.kyowon.livechat_lib.MeetingActivity@0#43860 (147)
02-11 10:12:40.978  1074  3823 I SurfaceFlinger: id=44008 Removed df4c49e SurfaceView[kr.co.kyowon.videolesson.play/com.kyowon.livechat_lib.MeetingActivity]@0(BLAST)#44008 (147)
02-11 10:12:40.978  1074  3823 I SurfaceFlinger: onHandleDestroyed: layerId=44009, name=Background for df4c49e SurfaceView[kr.co.kyowon.videolesson.play/com.kyowon.livechat_lib.MeetingActivity]@0#44009
02-11 10:12:40.978  1074  3823 I SurfaceFlinger: id=44009 Removed Background for df4c49e SurfaceView[kr.co.kyowon.videolesson.play/com.kyowon.livechat_lib.MeetingActivity]@0#44009 (147)
02-11 10:12:40.978  1074  1145 I SurfaceFlinger: onHandleDestroyed: layerId=44004, name=69d3395 SurfaceView[kr.co.kyowon.videolesson.play/com.kyowon.livechat_lib.MeetingActivity]@0#44004
02-11 10:12:40.978  1074  1145 I SurfaceFlinger: id=44004 Removed 69d3395 SurfaceView[kr.co.kyowon.videolesson.play/com.kyowon.livechat_lib.MeetingActivity]@0#44004 (147)
02-11 10:12:40.978  1074  1145 I SurfaceFlinger: onHandleDestroyed: layerId=44005, name=69d3395 SurfaceView[kr.co.kyowon.videolesson.play/com.kyowon.livechat_lib.MeetingActivity]@0(BLAST)#44005
02-11 10:12:40.978  1074  1145 I SurfaceFlinger: id=44005 Removed 69d3395 SurfaceView[kr.co.kyowon.videolesson.play/com.kyowon.livechat_lib.MeetingActivity]@0(BLAST)#44005 (147)
02-11 10:12:40.978  1074  1469 I SurfaceFlinger: onHandleDestroyed: layerId=43812, name=e006155 SurfaceView[kr.co.kyowon.videolesson.play/kr.co.kyowon.videolesson.play.MainActivity]@0(BLAST)#43812
02-11 10:12:40.978  1074  1469 I SurfaceFlinger: id=43812 Removed e006155 SurfaceView[kr.co.kyowon.videolesson.play/kr.co.kyowon.videolesson.play.MainActivity]@0(BLAST)#43812 (147)
02-11 10:12:40.978  1074  1469 I SurfaceFlinger: onHandleDestroyed: layerId=43813, name=Background for e006155 SurfaceView[kr.co.kyowon.videolesson.play/kr.co.kyowon.videolesson.play.MainActivity]@0#43813
02-11 10:12:40.978  1074  1469 I SurfaceFlinger: id=43813 Removed Background for e006155 SurfaceView[kr.co.kyowon.videolesson.play/kr.co.kyowon.videolesson.play.MainActivity]@0#43813 (147)
02-11 10:12:40.979  1074  1144 I SurfaceFlinger: id=43810 Removed Bounds for - kr.co.kyowon.videolesson.play/kr.co.kyowon.videolesson.play.MainActivity@0#43810 (147)
02-11 10:12:40.979  1074  1144 I SurfaceFlinger: onHandleDestroyed: layerId=43811, name=e006155 SurfaceView[kr.co.kyowon.videolesson.play/kr.co.kyowon.videolesson.play.MainActivity]@0#43811
02-11 10:12:40.979  1074  1144 I SurfaceFlinger: id=43811 Removed e006155 SurfaceView[kr.co.kyowon.videolesson.play/kr.co.kyowon.videolesson.play.MainActivity]@0#43811 (147)
02-11 10:12:40.980  1451  3133 D SGM:GameManager: identifyGamePackage. kr.co.kyowon.videolesson.play, mCurrentUserId: 0, callingMethodInfo: com.samsung.android.game.SemGameManager.isGamePackage(SemGameManager.java:106)
02-11 10:12:40.980  1451  2301 I ImeTracker: kr.co.kyowon.videolesson.play:6d15b04c: onRequestHide at ORIGIN_SERVER reason HIDE_REMOVE_CLIENT fromUser false
02-11 10:12:40.980  1451  3133 D SGM:SemGameManager: isGamePackage(), pkgName=kr.co.kyowon.videolesson.play, ret=false
02-11 10:12:40.980  1451  2301 I ImeTracker: kr.co.kyowon.videolesson.play:6d15b04c: onCancelled at PHASE_SERVER_SHOULD_HIDE
02-11 10:12:40.980  1451  3286 D AutofillSession: handling death of Token{c94de89 ActivityRecord{162789459 u0 kr.co.kyowon.videolesson.play/.MainActivity t426 f}}} when saving=false
02-11 10:12:40.980  1451  3251 D WindowManager: Changing focus from Window{d45ae0c u0 kr.co.kyowon.videolesson.play/com.kyowon.livechat_lib.MeetingActivity} to null displayId=0 Callers=com.android.server.wm.WindowState.removeIfPossible:602 com.android.server.wm.Session.binderDied:85 android.os.IBinder$DeathRecipient.binderDied:346 android.os.BinderProxy.sendDeathNotice:848 
02-11 10:12:40.981  1451  1494 D AutofillSession: handling death of Token{5b088c0 ActivityRecord{97819389 u0 kr.co.kyowon.videolesson.play/com.kyowon.livechat_lib.MeetingActivity t426 f}}} when saving=false
02-11 10:12:40.984  1451  1769 D ConnectivityService: releasing NetworkRequest [ REQUEST id=9387, [ Capabilities: INTERNET&NOT_RESTRICTED&TRUSTED&NOT_VCN_MANAGED&NOT_BANDWIDTH_CONSTRAINED Uid: 10354 RequestorUid: 10354 RequestorPkg: kr.co.kyowon.videolesson.play UnderlyingNetworks: Null] ] (release request)
02-11 10:12:40.984  1451  2223 I ActivityManager: Process kr.co.kyowon.videolesson.play (pid 23211) has died: fg  TOP (1281,626)
02-11 10:12:40.985  1451  1769 D ConnectivityService: releasing NetworkRequest [ REQUEST id=9389, [ Capabilities: INTERNET&NOT_RESTRICTED&TRUSTED&NOT_VCN_MANAGED&NOT_BANDWIDTH_CONSTRAINED Uid: 10354 RequestorUid: 10354 RequestorPkg: kr.co.kyowon.videolesson.play UnderlyingNetworks: Null] ] (release request)
02-11 10:12:40.987  1451  3251 I WindowManager: WIN DEATH: Window{d45ae0c u0 kr.co.kyowon.videolesson.play/com.kyowon.livechat_lib.MeetingActivity}
02-11 10:12:40.989  1451  3251 V WindowManager: Remove Window{d45ae0c u0 kr.co.kyowon.videolesson.play/com.kyowon.livechat_lib.MeetingActivity}: mSurfaceControl=Surface(name=kr.co.kyowon.videolesson.play/com.kyowon.livechat_lib.MeetingActivity$_23211)/@0x40ebf0 mAnimatingExit=false mRemoveOnExit=false mHasSurface=true surfaceShowing=true animating=false app-animation=false callers=com.android.server.wm.Session.binderDied:85 android.os.IBinder$DeathRecipient.binderDied:346 android.os.BinderProxy.sendDeathNotice:848 <bottom of call stack> <bottom of call stack> <bottom of call stack> 
02-11 10:12:40.990  1451  3251 I WindowManager: WIN DEATH: Window{87a9c4f u0 kr.co.kyowon.videolesson.play/kr.co.kyowon.videolesson.play.MainActivity}
02-11 10:12:40.990  1451  3251 V WindowManager: Remove Window{87a9c4f u0 kr.co.kyowon.videolesson.play/kr.co.kyowon.videolesson.play.MainActivity}: mSurfaceControl=Surface(name=kr.co.kyowon.videolesson.play/kr.co.kyowon.videolesson.play.MainActivity$_23211)/@0xf27c569 mAnimatingExit=false mRemoveOnExit=false mHasSurface=true surfaceShowing=true animating=false app-animation=false callers=com.android.server.wm.Session.binderDied:85 android.os.IBinder$DeathRecipient.binderDied:346 android.os.BinderProxy.sendDeathNotice:848 <bottom of call stack> <bottom of call stack> <bottom of call stack> 
02-11 10:12:40.991  1451  3251 D WindowManager: updateSystemBarAttributes: displayId=0, focusedCanBeNavColorWin=false, win=Window{d45ae0c u0 kr.co.kyowon.videolesson.play/com.kyowon.livechat_lib.MeetingActivity EXITING}, navColorWin=null, caller=com.android.server.wm.DisplayPolicy.finishPostLayoutPolicyLw:17 com.android.server.wm.RootWindowContainer.applySurfaceChangesTransaction$1:195 com.android.server.wm.RootWindowContainer.performSurfacePlacementNoTrace:59 
02-11 10:12:40.993  1944  1944 D TaskbarDelegate: onSystemBarAttributesChanged() - displayId:0, appearance:0, navbarColorManagedByIme: false, packageName: kr.co.kyowon.videolesson.play
02-11 10:12:40.993  1944  1944 D SamsungLightBarControlHelper: updateNavigationBar (WHITE button) isLightOpaque:false, hasLightNavigationBarFlag:false, packageName:kr.co.kyowon.videolesson.play, DirectReplying:false, NavBarColorMangedByIme:false, ForceDarkForScrim:false, ForceLightForScrim:false, QsCustomizing:false, QsExpanded:false
02-11 10:12:40.998  1451  3133 D InsetsSourceProvider: updateFakeControlTarget: fakeControl=InsetsSourceControl: {d4260000 mType=statusBars mSurfacePosition=Point(0, 0) mInsetsHint=Insets{left=0, top=0, right=0, bottom=0}}, fakeTarget=Window{d45ae0c u0 kr.co.kyowon.videolesson.play/com.kyowon.livechat_lib.MeetingActivity EXITING}
02-11 10:12:41.012  1451  2223 V WindowManager: Collecting in transition 2229: ActivityRecord{97819389 u0 kr.co.kyowon.videolesson.play/com.kyowon.livechat_lib.MeetingActivity t426 f}}, caller=com.android.server.wm.Transition.collectClose:12 com.android.server.wm.WindowProcessController.handleAppDied$1:465 com.android.server.am.ActivityManagerService.handleAppDiedLocked:248 com.android.server.am.ActivityManagerService.appDiedLocked:570 com.android.server.am.ActivityManagerService$AppDeathRecipient.binderDied:17 
02-11 10:12:41.012  1063  1529 I audioserver: App op 27 missing, silencing record AttributionSourceState{pid: 23211, uid: 10354, deviceId: 0, packageName: kr.co.kyowon.videolesson.play, attributionTag: (null), token: binder:0xb40000788892b470, renouncedPermissions: (null), next: []}
02-11 10:12:41.012  1451  2223 V WindowManager: Collecting in transition 2229: ActivityRecord{97819389 u0 kr.co.kyowon.videolesson.play/com.kyowon.livechat_lib.MeetingActivity t426 f}}, caller=com.android.server.wm.TransitionController.collect:7 com.android.server.wm.ActivityRecord.onRemovedFromDisplay:258 com.android.server.wm.ActivityRecord.removeFromHistory:173 com.android.server.wm.WindowProcessController.handleAppDied$1:507 com.android.server.am.ActivityManagerService.handleAppDiedLocked:248 
02-11 10:12:41.013  1451  2223 V WindowManager: Collecting in transition 2229: ActivityRecord{162789459 u0 kr.co.kyowon.videolesson.play/.MainActivity t426 f}}, caller=com.android.server.wm.Transition.collectClose:12 com.android.server.wm.WindowProcessController.handleAppDied$1:465 com.android.server.am.ActivityManagerService.handleAppDiedLocked:248 com.android.server.am.ActivityManagerService.appDiedLocked:570 com.android.server.am.ActivityManagerService$AppDeathRecipient.binderDied:17 
02-11 10:12:41.013  1451  2223 V WindowManager: Collecting in transition 2229: ActivityRecord{162789459 u0 kr.co.kyowon.videolesson.play/.MainActivity t426 f}}, caller=com.android.server.wm.TransitionController.collect:7 com.android.server.wm.ActivityRecord.onRemovedFromDisplay:258 com.android.server.wm.ActivityRecord.removeFromHistory:173 com.android.server.wm.WindowProcessController.handleAppDied$1:507 com.android.server.am.ActivityManagerService.handleAppDiedLocked:248 
02-11 10:12:41.024  1451  1534 D SGM:FgCheckThread: pkgName: kr.co.kyowon.videolesson.play is not in foreground
02-11 10:12:41.024  1451  1534 D SGM:FgCheckThread: noteStopComponent(), received pkgName: kr.co.kyowon.videolesson.play, focusedPkgName: com.sec.android.app.launcher, userId: 0
02-11 10:12:41.029  1451  1534 D SGM:FgCheckThread: pkgName: kr.co.kyowon.videolesson.play is not in foreground
02-11 10:12:41.029  1451  1534 D SGM:FgCheckThread: noteStopComponent(), received pkgName: kr.co.kyowon.videolesson.play, focusedPkgName: com.sec.android.app.launcher, userId: 0
02-11 10:12:41.032  1228  8239 I CameraServiceProxyWrapper: updateProxyDeviceState: notifyCameraState for Camera ID 1, newState 3, facing 1, clientName kr.co.kyowon.videolesson.play, apiLevel 2
02-11 10:12:41.032  1228  8239 I CameraService: notifyCameraClosing: Finish camera ops, package name = kr.co.kyowon.videolesson.play, client UID = 10354
02-11 10:12:41.034  3487  5177 I CameraManagerGlobal: Camera 1 facing CAMERA_FACING_FRONT state now CAMERA_STATE_CLOSED for client kr.co.kyowon.videolesson.play API Level 2 User Id 0Device Id 0
02-11 10:12:41.034 22284 22328 I CameraManagerGlobal: Camera 1 facing CAMERA_FACING_FRONT state now CAMERA_STATE_CLOSED for client kr.co.kyowon.videolesson.play API Level 2 User Id 0Device Id 0
02-11 10:12:41.034 24327 29055 I CameraManagerGlobal: Camera 1 facing CAMERA_FACING_FRONT state now CAMERA_STATE_CLOSED for client kr.co.kyowon.videolesson.play API Level 2 User Id 0Device Id 0
02-11 10:12:41.034  2097  2177 I CameraManagerGlobal: Camera 1 facing CAMERA_FACING_FRONT state now CAMERA_STATE_CLOSED for client kr.co.kyowon.videolesson.play API Level 2 User Id 0Device Id 0
02-11 10:12:41.035 17720 20342 I CameraManagerGlobal: Camera 1 facing CAMERA_FACING_FRONT state now CAMERA_STATE_CLOSED for client kr.co.kyowon.videolesson.play API Level 2 User Id 0Device Id 0
02-11 10:12:41.036  3081 11088 I CameraManagerGlobal: Camera 1 facing CAMERA_FACING_FRONT state now CAMERA_STATE_CLOSED for client kr.co.kyowon.videolesson.play API Level 2 User Id 0Device Id 0
02-11 10:12:41.036  1944  2858 I CameraManagerGlobal: Camera 1 facing CAMERA_FACING_FRONT state now CAMERA_STATE_CLOSED for client kr.co.kyowon.videolesson.play API Level 2 User Id 0Device Id 0
02-11 10:12:41.039  1451  1494 I CameraManagerGlobal: Camera 1 facing CAMERA_FACING_FRONT state now CAMERA_STATE_CLOSED for client kr.co.kyowon.videolesson.play API Level 2 User Id 0Device Id 0
02-11 10:12:41.043  1228  8239 I Camera2ClientBase: ~Camera2ClientBase: Client object's dtor for Camera Id 1 completed. Client was: kr.co.kyowon.videolesson.play (PID 23211, UID 10354)
02-11 10:12:41.089 15544 15544 I HoneySpace.HistoryViewModel@135230590@OneUI: loadItem(TASKBAR) : recentApp=id:-1025 label:  componnet:kr.co.kyowon.videolesson.play/.MainActivity#UserHandle{0} badgeCount:0  drag:false iconState:NONE, displayId:0, deskId:-1, taskInfo=[[id=426 windowingMode=1 user=0 lastActiveTime=2423201443] null], isRunning=false, isMinimized=false, [426]
02-11 10:12:41.091  1451  1535 D ChangeTransitionController:    ChangeInfo{83b2be4 container=ActivityRecord{97819389 u0 kr.co.kyowon.videolesson.play/com.kyowon.livechat_lib.MeetingActivity t426 f} isExiting} flags=0x0}
02-11 10:12:41.091  1451  1535 D ChangeTransitionController:    ChangeInfo{b69a013 container=ActivityRecord{162789459 u0 kr.co.kyowon.videolesson.play/.MainActivity t426 f} isExiting} flags=0x0}
02-11 10:12:41.091  1451  1535 D ChangeTransitionController:    ChangeInfo{e802c49 container=Task{a7c3590 #426 type=standard A=10354:kr.co.kyowon.videolesson.play nonResizable} flags=0x0}
02-11 10:12:41.091  1451  1535 V WindowManager: Start calculating TransitionInfo based on participants: {Task{55d763b #417 type=home I=com.sec.android.app.launcher/.activities.LauncherActivity}, ActivityRecord{97819389 u0 kr.co.kyowon.videolesson.play/com.kyowon.livechat_lib.MeetingActivity t426 f} isExiting}, ActivityRecord{162457960 u0 com.sec.android.app.launcher/.activities.LauncherActivity t417}, ActivityRecord{162789459 u0 kr.co.kyowon.videolesson.play/.MainActivity t426 f} isExiting}, Task{a27bf49 #415 type=home}, Task{a7c3590 #426 type=standard A=10354:kr.co.kyowon.videolesson.play nonResizable}, WallpaperWindowToken{a87e78a showWhenLocked=false}_<system>}
02-11 10:12:41.091  1451  1535 V WindowManager:   Final targets: [ChangeInfo{c712250 container=Task{a27bf49 #415 type=home} flags=0x30}, ChangeInfo{e802c49 container=Task{a7c3590 #426 type=standard A=10354:kr.co.kyowon.videolesson.play nonResizable} flags=0x10}, ChangeInfo{387494e container=WallpaperWindowToken{a87e78a showWhenLocked=false}_<system> flags=0x0}]
02-11 10:12:41.093  1451  1535 V WindowManager:         {WCT{RemoteToken{ee0867 Task{a7c3590 #426 type=standard A=10354:kr.co.kyowon.videolesson.play nonResizable}}} m=CLOSE f=EDGE_EXTENSION_RESTRICTION leash=Surface(name=Task=426)/@0x4eab81 sb=Rect(0, 0 - 1920, 1200) eb=Rect(0, 0 - 1920, 1200) epz=Point(1920, 1200) d=0 taskParent=-1 inset=Rect(0, 0 - 0, 0) allowAppBgLayer=true},
02-11 10:12:41.100  1074  1145 I SurfaceFlinger: Capture layer list: 	 Background for e006155 SurfaceView[kr.co.kyowon.videolesson.play/kr.co.kyowon.videolesson.play.MainActivity]@0#43813(seamlessTransition:0)
02-11 10:12:41.100  1074  1145 I SurfaceFlinger: Capture layer list: 	 e006155 SurfaceView[kr.co.kyowon.videolesson.play/kr.co.kyowon.videolesson.play.MainActivity]@0(BLAST)#43812(seamlessTransition:0)
02-11 10:12:41.100  1074  1145 I SurfaceFlinger: Capture layer list: 	 kr.co.kyowon.videolesson.play/kr.co.kyowon.videolesson.play.MainActivity$_23211#43805(seamlessTransition:0)
02-11 10:12:41.100  1074  1145 I SurfaceFlinger: Capture layer list: 	 kr.co.kyowon.videolesson.play/com.kyowon.livechat_lib.MeetingActivity$_23211#43848(seamlessTransition:0)
02-11 10:12:41.108  1451  1531 V WindowManager: Sent Transition (#2229) createdAt=02-11 10:12:40.731 via request=TransitionRequestInfo { type = CLOSE, triggerTask = TaskInfo{userId=0 taskId=426 effectiveUid=10354 displayId=0 isRunning=true baseIntent=Intent { act=android.intent.action.MAIN cat=[android.intent.category.LAUNCHER] flg=0x10200000 cmp=kr.co.kyowon.videolesson.play/.MainActivity } baseActivity=ComponentInfo{kr.co.kyowon.videolesson.play/kr.co.kyowon.videolesson.play.MainActivity} topActivity=ComponentInfo{kr.co.kyowon.videolesson.play/com.kyowon.livechat_lib.MeetingActivity} origActivity=null realActivity=ComponentInfo{kr.co.kyowon.videolesson.play/kr.co.kyowon.videolesson.play.MainActivity} numActivities=2 lastActiveTime=2422757109 supportsMultiWindow=false resizeMode=0 isResizeable=false minWidth=-1 minHeight=-1 maxWidth=-1 maxHeight=-1 defaultMinSize=220 desktopDefaultMinSize=304 token=WCT{RemoteToken{ee0867 Task{a7c3590 #426 type=standard A=10354:kr.co.kyowon.videolesson.play nonResizable}}} topActivityType=1 pictureInPictureParams=null shouldDockBigOverlays=false launchIntoPipHostTaskId=-1 lastParentTaskIdBeforePip=-1 displayCutoutSafeInsets=Rect(0, 0 - 0, 0) topActivityInfo=ActivityInfo{a88a2be com.kyowon.livechat_lib.MeetingActivity} launchCookies=[android.os.BinderProxy@5b97ebd] positionInParent=Point(0, 0) parentTaskId=-1 isFocused=true isVisible=true isVisibleRequested=true isTopActivityNoDisplay=false isSleeping=false locusId=null displayAreaFeatureId=1 isTopActivityTransparent=true isActivityStackTransparent=false lastNonFullscreenBounds=Rect(672, 154 - 1248, 1018) capturedLink=null capturedLinkTimestamp=0 requestedVisibleTypes=-16 topActivityRequestOpenInBrowserEducationTimestamp=0 appCompatTaskInfo=AppCompatTaskInfo { topActivityInSizeCompat=false eligibleForLetterboxEducation= false isLetterboxEducationEnabled= false isLetterboxDoubleTapEnabled= false eligibleForUserAspectRatioButton= true topActivityBoundsLetterboxed= false isFromLetterboxDoubleTap= false topActivityLetterboxVerticalPosition= -1 topActivityLetterboxHorizontalPosition= -1 topActivityLetterboxWidth=-1 topActivityLetterboxHeight=-1 topActivityAppBounds=Rect(0, 0 - 1920, 1200) isUserFullscreenOverrideEnabled=false isSystemFullscreenOverrideEnabled=false hasMinAspectRatioOverride=false topActivityLetterboxBounds=null cameraCompatTaskInfo=CameraCompatTaskInfo { freeformCameraCompatMode=inactive} topActivityBounds=null topActivityInDisplayCompat=false topActivityInCameraCompat=false forceRotationButtonState=0 singleTapFromLetterbox=false} topActivityMainWindowFrame=null originallySupportedMultiWindow=false hasWallpaper=false rootAffinity=10354:kr.co.kyowon.videolesson.play isTopTaskInStage=false CoverLauncherWidgetTask=false LaunchedFromAppsCoverLauncherTask=false LaunchedFromMultistarCoverLauncherTask=false isAllowedSeamlessRotation=false isTopTransparentActivity=true isAliasManaged=false hasConfigChanged=false snappingGuideBounds=null isAiKeyRemoveAppTask=false lastDesktopWindowingBounds=null lastExternalDesktopWindowingBounds=null isTopFullScreenWindow=true isFullSizeWindow=trueisHandleImmersive=true safeCutoutInsets=null}, pipChange = null, remoteTransition = null, displayChange = null, flags = 16, debugId = 2229 }
02-11 10:12:41.108  1451  1531 V WindowManager:         {WCT{RemoteToken{ee0867 Task{a7c3590 #426 type=standard A=10354:kr.co.kyowon.videolesson.play nonResizable}}} m=CLOSE f=EDGE_EXTENSION_RESTRICTION leash=Surface(name=Task=426)/@0x4eab81 sb=Rect(0, 0 - 1920, 1200) eb=Rect(0, 0 - 1920, 1200) epz=Point(1920, 1200) d=0 taskParent=-1 inset=Rect(0, 0 - 0, 0) allowAppBgLayer=true},
02-11 10:12:41.111 15544 15544 I HoneySpace.AppCloseAnimationDelegate: findTargetValue [cookie-136, pkgName-kr.co.kyowon.videolesson.play]
02-11 10:12:41.112 15544 15544 I HoneySpace.AppListFastRecyclerViewAdapter: findCloseTarget : 136, ComponentInfo{kr.co.kyowon.videolesson.play/kr.co.kyowon.videolesson.play.MainActivity}
02-11 10:12:41.112 15544 15544 I HoneySpace.AppCloseAnimationDelegate: findTargetView found:Value(view=com.honeyspace.ui.common.iconview.IconViewImpl{58fe0ee VFED..CL. ........ 900,414-1080,552 #7f0a02ec app:id/icon} -  , visibility:0, alpha:1.0, badge:0, icon:96x96, iconAlpha:255, iconState:NONE, iconSize:86, forceHideBadge:false, isTransparent:false, x=5, y=3, component=ComponentInfo{kr.co.kyowon.videolesson.play/kr.co.kyowon.videolesson.play.MainActivity}, isTargetShortcut=false), com.honeyspace.ui.common.iconview.IconViewImpl{58fe0ee VFED..CL. ........ 900,414-1080,552 #7f0a02ec app:id/icon} -  , visibility:0, alpha:1.0, badge:0, icon:96x96, iconAlpha:255, iconState:NONE, iconSize:86, forceHideBadge:false, isTransparent:false, x=5, y=3
02-11 10:12:41.127  1074  1074 D SurfaceFlinger:        DEVICE |           99690485907458 | 00002100 | RGBA_8888    |    0.0    0.0    0.0    0.0 |    0    0   -1   -1 | kr.co.kyowon.videolesson.play/kr.co.[...]esson.play.MainActivity$_23211#43805 (7)
02-11 10:12:41.127  1074  1074 D SurfaceFlinger:        DEVICE |           99690485907509 | 00002100 | RGBA_8888    |    0.0    0.0 1200.0 1920.0 |    0    0 1200 1920 | kr.co.kyowon.videolesson.play/com.ky[...]hat_lib.MeetingActivity$_23211#43848 (30363)
02-11 10:12:41.155  1074  1074 D SurfaceFlinger:        DEVICE |           99690485907458 | 00002100 | RGBA_8888    |    0.0    0.0    0.0    0.0 |    0    0   -1   -1 | kr.co.kyowon.videolesson.play/kr.co.[...]esson.play.MainActivity$_23211#43805 (7)
02-11 10:12:41.155  1074  1074 D SurfaceFlinger: CLIENT |           99690485907509 | 00002100 | RGBA_8888    |    0.0    0.0 1200.0 1920.0 |    4    5 1195 1911 | kr.co.kyowon.videolesson.play/com.ky[...]hat_lib.MeetingActivity$_23211#43848 (30363)
02-11 10:12:41.162  1074  1074 D SurfaceFlinger:        DEVICE |           99690485907458 | 00002100 | RGBA_8888    |    0.0    0.0    0.0    0.0 |    0    0   -1   -1 | kr.co.kyowon.videolesson.play/kr.co.[...]esson.play.MainActivity$_23211#43805 (7)
02-11 10:12:41.162  1074  1074 D SurfaceFlinger: CLIENT |           99690485907509 | 00002100 | RGBA_8888    |    0.0    2.0 1200.0 1920.0 |   18   21 1182 1882 | kr.co.kyowon.videolesson.play/com.ky[...]hat_lib.MeetingActivity$_23211#43848 (30363)
02-11 10:12:41.207  1074  1074 D SurfaceFlinger:        DEVICE |           99690485907458 | 00002100 | RGBA_8888    |    0.0    0.0    0.0    0.0 |    0    0   -1   -1 | kr.co.kyowon.videolesson.play/kr.co.[...]esson.play.MainActivity$_23211#43805 (7)
02-11 10:12:41.207  1074  1074 D SurfaceFlinger: CLIENT |           99690485907509 | 00002100 | RGBA_8888    |    0.0   38.0 1200.0 1920.0 |  239  287  952 1405 | kr.co.kyowon.videolesson.play/com.ky[...]hat_lib.MeetingActivity$_23211#43848 (30363)
02-11 10:12:41.228  1074  1074 D SurfaceFlinger:        DEVICE |           99690485907458 | 00002100 | RGBA_8888    |    0.0    0.0    0.0    0.0 |    0    0   -1   -1 | kr.co.kyowon.videolesson.play/kr.co.[...]esson.play.MainActivity$_23211#43805 (7)
02-11 10:12:41.228  1074  1074 D SurfaceFlinger:  CLIENT |           99690485907509 | 00002100 | RGBA_8888    |    0.0   82.0 1200.0 1920.0 |  349  419  835 1164 | kr.co.kyowon.videolesson.play/com.ky[...]hat_lib.MeetingActivity$_23211#43848 (30363)
02-11 10:12:41.233  1451  1534 W ActivityTaskManager: Activity top resumed state loss timeout for ActivityRecord{97819389 u0 kr.co.kyowon.videolesson.play/com.kyowon.livechat_lib.MeetingActivity t426 f} isExiting}
02-11 10:12:41.238  1074  1074 D SurfaceFlinger:        DEVICE |           99690485907458 | 00002100 | RGBA_8888    |    0.0    0.0    0.0    0.0 |    0    0   -1   -1 | kr.co.kyowon.videolesson.play/kr.co.[...]esson.play.MainActivity$_23211#43805 (7)
02-11 10:12:41.238  1074  1074 D SurfaceFlinger:  CLIENT |           99690485907509 | 00002100 | RGBA_8888    |    0.0  109.0 1200.0 1920.0 |  388  465  795 1078 | kr.co.kyowon.videolesson.play/com.ky[...]hat_lib.MeetingActivity$_23211#43848 (30363)
02-11 10:12:41.250  1074  1074 D SurfaceFlinger:        DEVICE |           99690485907458 | 00002100 | RGBA_8888    |    0.0    0.0    0.0    0.0 |    0    0   -1   -1 | kr.co.kyowon.videolesson.play/kr.co.[...]esson.play.MainActivity$_23211#43805 (7)
02-11 10:12:41.250  1074  1074 D SurfaceFlinger:  CLIENT |           99690485907509 | 00002100 | RGBA_8888    |    0.0  141.0 1200.0 1920.0 |  420  504  759 1007 | kr.co.kyowon.videolesson.play/com.ky[...]hat_lib.MeetingActivity$_23211#43848 (30363)
02-11 10:12:41.260  1074  1074 D SurfaceFlinger:        DEVICE |           99690485907458 | 00002100 | RGBA_8888    |    0.0    0.0    0.0    0.0 |    0    0   -1   -1 | kr.co.kyowon.videolesson.play/kr.co.[...]esson.play.MainActivity$_23211#43805 (7)
02-11 10:12:41.260  1074  1074 D SurfaceFlinger:  CLIENT |           99690485907509 | 00002100 | RGBA_8888    |    0.0  176.0 1200.0 1920.0 |  446  533  733  951 | kr.co.kyowon.videolesson.play/com.ky[...]hat_lib.MeetingActivity$_23211#43848 (30363)
02-11 10:12:41.330 15544 21232 I HoneySpace.HistoryRepositoryImpl150569839@OneUI: [Add] displayId:0, deskId:-1 item:[0], (#0,#-1,#1), item=id:-2 label:  componnet:kr.co.kyowon.videolesson.play/.MainActivity#UserHandle{0} badgeCount:0  drag:false iconState:NONE, tasks=[[id=426 windowingMode=1 user=0 lastActiveTime=2423201443] null], [RecentApp], showRunningCue=false, isRunning=false, isMinimized=false, [426]
02-11 10:12:41.332 15544 21232 I HoneySpace.FilteredItemProvider: collect filtered items o, [PK(p='kr.co.kyowon.videolesson.play', u=UserHandle{0}), PK(p='com.android.settings', u=UserHandle{0}), PK(p='com.android.vending', u=UserHandle{0}), PK(p='com.sec.android.app.camera', u=UserHandle{0})]
02-11 10:12:41.332 15544 21232 I HoneySpace.SuggestedItemsFacade: filteredItem : PK(p='kr.co.kyowon.videolesson.play', u=UserHandle{0})
02-11 10:12:41.340 15544 21232 I HoneySpace.FilteredItemProvider: collect filtered items o, [PK(p='kr.co.kyowon.videolesson.play', u=UserHandle{0}), PK(p='com.android.settings', u=UserHandle{0}), PK(p='com.android.vending', u=UserHandle{0}), PK(p='com.sec.android.app.camera', u=UserHandle{0})]
02-11 10:12:41.408  1451  3286 V WindowManager:    ChangeInfo{83b2be4 container=ActivityRecord{97819389 u0 kr.co.kyowon.videolesson.play/com.kyowon.livechat_lib.MeetingActivity t426 f} isExiting} flags=0x0}
02-11 10:12:41.408  1451  3286 V WindowManager:    ChangeInfo{b69a013 container=ActivityRecord{162789459 u0 kr.co.kyowon.videolesson.play/.MainActivity t426 f} isExiting} flags=0x0}
02-11 10:12:41.408  1451  3286 V WindowManager:    ChangeInfo{e802c49 container=Task{a7c3590 #426 type=standard A=10354:kr.co.kyowon.videolesson.play nonResizable} flags=0x10}
02-11 10:12:41.413  1451  3286 V WindowManager: Setting visibility of Window{d45ae0c u0 kr.co.kyowon.videolesson.play/com.kyowon.livechat_lib.MeetingActivity EXITING}: false, caller=com.android.server.wm.WindowContainer.sendAppVisibilityToClients:19 com.android.server.wm.WindowToken.setClientVisible:91 com.android.server.wm.ActivityRecord.commitVisibility:186 com.android.server.wm.TransitionController.finishTransition:846 com.android.server.wm.WindowOrganizerController.finishTransitionInner:31 
02-11 10:12:41.414  1451  3286 W WindowManager: Exception thrown during dispatchAppVisibility Window{d45ae0c u0 kr.co.kyowon.videolesson.play/com.kyowon.livechat_lib.MeetingActivity EXITING}
02-11 10:12:41.415  1451  3286 V WindowManager: Setting visibility of Window{87a9c4f u0 kr.co.kyowon.videolesson.play/kr.co.kyowon.videolesson.play.MainActivity EXITING}: false, caller=com.android.server.wm.WindowContainer.sendAppVisibilityToClients:19 com.android.server.wm.WindowToken.setClientVisible:91 com.android.server.wm.ActivityRecord.commitVisibility:186 com.android.server.wm.TransitionController.finishTransition:846 com.android.server.wm.WindowOrganizerController.finishTransitionInner:31 
02-11 10:12:41.415  1451  3286 W WindowManager: Exception thrown during dispatchAppVisibility Window{87a9c4f u0 kr.co.kyowon.videolesson.play/kr.co.kyowon.videolesson.play.MainActivity EXITING}
02-11 10:12:41.420  1451  3286 V WindowManager: Remove Window{d45ae0c u0 kr.co.kyowon.videolesson.play/com.kyowon.livechat_lib.MeetingActivity EXITING}: mSurfaceControl=Surface(name=kr.co.kyowon.videolesson.play/com.kyowon.livechat_lib.MeetingActivity$_23211)/@0x40ebf0 mAnimatingExit=true mRemoveOnExit=true mHasSurface=true surfaceShowing=true animating=false app-animation=false callers=com.android.server.wm.WindowToken.removeAllWindowsIfPossible:45 com.android.server.wm.WindowToken.removeIfPossible:16 com.android.server.wm.WindowToken.handleCompleteDeferredRemoval:5 com.android.server.wm.WindowContainer.handleCompleteDeferredRemoval:21 com.android.server.wm.TaskFragment.handleCompleteDeferredRemoval:17 com.android.server.wm.WindowContainer.handleCompleteDeferredRemoval:21 
02-11 10:12:41.425  1451  3286 D PowerManagerService: [api] release WakeLock SCREEN_BRIGHT_WAKE_LOCK           'WindowManager/displayId:0' ON_AFTER_RELEASE ACQ=-7m57s294ms (uid=1000 pid=1451 ws=WorkSource{10354 kr.co.kyowon.videolesson.play} displayId=0 lock=8848425)
02-11 10:12:41.427  1451  3286 D PowerManagerService: [api] applyWakeLockFlagsOnReleaseLocked : userActivityNoUpdateLocked is called : SCREEN_BRIGHT_WAKE_LOCK           'WindowManager/displayId:0' ON_AFTER_RELEASE DISABLED (uid=1000 pid=1451 ws=WorkSource{10354 kr.co.kyowon.videolesson.play} displayId=0 lock=8848425)
02-11 10:12:41.431  1451  3286 V WindowManager: Remove Window{d45ae0c u0 kr.co.kyowon.videolesson.play/com.kyowon.livechat_lib.MeetingActivity EXITING}: mSurfaceControl=Surface(name=kr.co.kyowon.videolesson.play/com.kyowon.livechat_lib.MeetingActivity$_23211)/@0x40ebf0 mAnimatingExit=true mRemoveOnExit=true mHasSurface=true surfaceShowing=true animating=false app-animation=false callers=com.android.server.wm.WindowToken.removeAllWindowsIfPossible:45 com.android.server.wm.WindowToken.removeIfPossible:16 com.android.server.wm.ActivityRecord.onRemovedFromDisplay:407 com.android.server.wm.ActivityRecord.removeImmediately:46 com.android.server.wm.WindowToken.removeIfPossible:19 com.android.server.wm.WindowToken.handleCompleteDeferredRemoval:5 
02-11 10:12:41.433  1074  1469 I SurfaceFlinger: onHandleDestroyed: layerId=43853, name=f6d43f2 ActivityRecordInputSink kr.co.kyowon.videolesson.play/com.kyowon.livechat_lib.MeetingActivity#43853
02-11 10:12:41.434  1074  1469 I SurfaceFlinger: id=43853 Removed f6d43f2 ActivityRecordInputSink kr.co.kyowon.videolesson.play/com.kyowon.livechat_lib.MeetingActivity#43853 (150)
02-11 10:12:41.438  1451  3286 V WindowManager: Remove Window{87a9c4f u0 kr.co.kyowon.videolesson.play/kr.co.kyowon.videolesson.play.MainActivity EXITING}: mSurfaceControl=Surface(name=kr.co.kyowon.videolesson.play/kr.co.kyowon.videolesson.play.MainActivity$_23211)/@0xf27c569 mAnimatingExit=true mRemoveOnExit=true mHasSurface=true surfaceShowing=true animating=false app-animation=false callers=com.android.server.wm.WindowToken.removeAllWindowsIfPossible:45 com.android.server.wm.WindowToken.removeIfPossible:16 com.android.server.wm.WindowToken.handleCompleteDeferredRemoval:5 com.android.server.wm.WindowContainer.handleCompleteDeferredRemoval:21 com.android.server.wm.TaskFragment.handleCompleteDeferredRemoval:17 com.android.server.wm.WindowContainer.handleCompleteDeferredRemoval:21 
02-11 10:12:41.439 15544 15544 I HoneySpace.HistoryViewModel@40292272@OneUI: loadItem(HOTSEATBAR) : recentApp=id:-1025 label:  componnet:kr.co.kyowon.videolesson.play/.MainActivity#UserHandle{0} badgeCount:0  drag:false iconState:NONE, displayId:0, deskId:-1, taskInfo=[[id=426 windowingMode=1 user=0 lastActiveTime=2423201443] null], isRunning=false, isMinimized=false, [426]
