02-11 10:12:19.231  1451  2223 I WindowManager:       frameRateBoostOnTouch=true
02-11 10:12:19.231  1451  2223 I WindowManager:       dvrrWindowFrameRateHint=true naviIconColor=0}
02-11 10:12:19.231  1451  2223 I WindowManager:     ROTATION_270={(0,0)(fillx45) gr=TOP CENTER_VERTICAL layoutInDisplayCutoutMode=always ty=STATUS_BAR fmt=TRANSLUCENT
02-11 10:12:19.231  1451  2223 I WindowManager:       fl=80000008
02-11 10:12:19.231  1451  2223 I WindowManager:       pfl=11000000
02-11 10:12:19.231  1451  2223 I WindowManager:       bhv=1
02-11 10:12:19.231  1451  2223 I WindowManager:       providedInsets:
02-11 10:12:19.231  1451  2223 I WindowManager:         InsetsFrameProvider: {id=#d4260000, index=0, type=statusBars, source=FRAME, flags=[], insetsSize=Insets{left=0, top=45, right=0, bottom=0}}
02-11 10:12:19.231  1451  2223 I WindowManager:         InsetsFrameProvider: {id=#d4260006, index=0, type=tappableElement, source=FRAME, flags=[], insetsSize=Insets{left=0, top=45, right=0, bottom=0}}
02-11 10:12:19.231  1451  2223 I WindowManager:         InsetsFrameProvider: {id=#d4260005, index=0, type=mandatorySystemGestures, source=FRAME, flags=[], insetsSize=Insets{left=0, top=45, right=0, bottom=0}, mMinimalInsetsSizeInDisplayCutoutSafe=Insets{left=0, top=18, right=0, bottom=0}}
02-11 10:12:19.231  1451  2223 I WindowManager:       frameRateBoostOnTouch=true
02-11 10:12:19.232  1451  2223 I WindowManager:       dvrrWindowFrameRateHint=true naviIconColor=0} naviIconColor=0}
02-11 10:12:19.234  1003 17025 D AudioDspStreamManager: getDspTaskA2DPStatus(), mDspTaskA2DPActive = 0
02-11 10:12:19.248  1074  1074 I SurfaceFlinger: [LayerHierarchy{RequestedLayerState{d5cbea9 StatusBar#96 parentId=43993} 1 children}] reparent to LayerHierarchy{RequestedLayerState{Surface(name=d5cbea9 StatusBar)/@0xdac8d3a - animation-leash of insets_animation#43993 parentId=95} 1 children}
02-11 10:12:19.248  1074  1074 I SurfaceFlinger: [LayerHierarchy{RequestedLayerState{Surface(name=d5cbea9 StatusBar)/@0xdac8d3a - animation-leash of insets_animation#43989} no children}] reparent to OffscreenRoot
02-11 10:12:19.248  1074  1074 I SurfaceFlinger: [LayerHierarchy{RequestedLayerState{Surface(name=d5cbea9 StatusBar)/@0xdac8d3a - animation-leash of insets_animation#43989} no children}] RelativeParent to null
02-11 10:12:19.250  1042 27276 I Hal3ACustomImp: [getResult] [getResult] [idx(1)] Hal3A Plug-in
02-11 10:12:19.250  1042 27276 I Hal3ACustomImp: [convertToMetaset] [convertToMetaset] [idx(1)] Hal3A Plug-in
02-11 10:12:19.250  1042 27276 I sec_custom_ta11plus.cpp: [cust_getIsSECApplication] [cust_getIsSECApplication] gIsSECApplication(0)
02-11 10:12:19.250  1042 27276 I sec_custom_ta11plus.cpp: [cust_getIsSECApplication] [cust_getIsSECApplication] gIsSECApplication(0)
02-11 10:12:19.250  1042 27276 I sec_custom_ta11plus.cpp: [cust_aeGetLiveHdrState] [cust_aeGetLiveHdrState] i4LiveHdrMode(0), ret(101)
02-11 10:12:19.250  1042 27276 I sec_custom_ta11plus.cpp: [cust_shotConditionForSEC] [cust_shotConditionForSEC][param in], idx(1), facing(1), BV(87), nightBv(947) gain(5.100000), zoomRto(1.000000), hdrState(101), isFlash(0), shootingmode(0), gyro(0), Cwr(796), DynamicRange(6342), sunDetectionInfo(0)
02-11 10:12:19.250  1042 27276 I sec_custom_ta11plus.cpp: [cust_shotConditionForSEC] [cust_shotConditionForSEC] jpegW/H(0/0), bIsSECApplication(0)
02-11 10:12:19.250  1042 27276 I sec_custom_ta11plus.cpp: [cust_refineHdrStateByLLSFlag] [cust_refineHdrStateByLLSFlag][param in] idx(1), i4LiveHdrState(101)
02-11 10:12:19.250  1042 27276 I sec_custom_ta11plus.cpp: [cust_refineHdrStateByLLSFlag] [cust_refineHdrStateByLLSFlag][param out] idx(1), ret(101), i4LiveHdrState(101), curLlsFlag(0),  c0(0), c1(0)
02-11 10:12:19.250  1042 27276 I sec_custom_ta11plus.cpp: [cust_getSECGyroState] [cust_getSECGyroState] gyroState(1)
02-11 10:12:19.250  1042 27276 I Hal3ACustomImp: [removePartialMetasetAppTag] [removePartialMetasetAppTag] [idx(1)] Hal3A Plug-in
02-11 10:12:19.252  1042 27278 W HalBlackBoard: [readBoard] [idx(1)] ASSERTION: req(#0x490000003e/#62) has been flushed out, current index is req(#0x4900000041/#65)!
02-11 10:12:19.253  1451  1535 D InsetsSourceProvider: updateVisibility: serverVisible=true, clientVisible=false, source=InsetsSource: {d4260000 mType=statusBars mFrame=[0,0][1920,45] mVisible=false mFlags= mSideHint=TOP mBoundingRects=null}, controlTarget=Window{d45ae0c u0 kr.co.kyowon.videolesson.play/com.kyowon.livechat_lib.MeetingActivity}, from=com.android.server.wm.InsetsSourceProvider.setClientVisible:8 com.android.server.wm.InsetsSourceProvider.updateClientVisibility:20 com.android.server.wm.InsetsStateController.onRequestedVisibleTypesChanged:44 com.android.server.wm.InsetsStateController$$ExternalSyntheticLambda1.run:172 com.android.server.wm.WindowAnimator$$ExternalSyntheticLambda2.onTransactionCommitted:26 android.view.SurfaceControl$Transaction$$ExternalSyntheticLambda4.run:0 android.os.Handler.handleCallback:995 android.os.Handler.dispatchMessage:103 android.os.Looper.loopOnce:273 android.os.Looper.loop:363 
02-11 10:12:19.257  1042 27278 I TsfImp  : [getLscIspInfo] dac_prev(0)
02-11 10:12:19.257  1042 27278 W Hal3AImp_v1_0: [On3AFinish] [idx(1)] [STT](#4900000041) No valid 3A result, calculation might be canceled by stream-off
02-11 10:12:19.257  1042 27278 I Hal3ACustomImp: [convertToPartialMetaset2A] [convertToPartialMetaset2A] [idx(1)] Hal3A Plug-in
02-11 10:12:19.257  1042 27278 W MtkCbAdptor: [1-CoreConverter::convertResult] failed to setEntry, MTK_HALCORE_CALLBACK_REALTIME_MODE
02-11 10:12:19.257  1042  1544 I TsfImp  : [tsfBatch] userId(0), dac_inf:1024,dac_macro:4096,dac_prev/cur:0/0 AE(Y:719,LV:87,ISO:153,LV_IDX:4,shutter:8337142,isStable:1,isLock:0,isFlash:0) AWB(CCT_IDX:7,CCT:5464,GainR/G/B:1086/512/810,isLock:0) Gyro0/1/2:0/0/0,orient:0,faceNum:1,faceRect:1467/214/2172/1041
02-11 10:12:19.259  1042  1547 I DipDrv  : [dipfr_update_tdr] src_tdr_idx(8) ofst:6783360 va:0x758a10f180 iova:3d8e78180 tdr_sz(10896)
02-11 10:12:19.259  1042  1547 I PQDIPDrv: [pqdip_update_tdr] src_tdr_ridx(8) va:0x75f6d3c400, iova:3d7fa6400 tdr_sz(1392) set to dst_tdr_ridx(2)
02-11 10:12:19.260  1451  1534 I InsetsController: onStateChanged: host=TransientControlTarget, from=com.android.server.wm.InsetsPolicy$ControlTarget.run:18, state=InsetsState: {mDisplayFrame=Rect(0, 0 - 1920, 1200), mDisplayCutout=DisplayCutout{insets=Rect(0, 0 - 0, 0) waterfall=Insets{left=0, top=0, right=0, bottom=0} boundingRect={Bounds=[Rect(0, 0 - 0, 0), Rect(0, 0 - 0, 0), Rect(0, 0 - 0, 0), Rect(0, 0 - 0, 0)]} cutoutPathParserInfo={CutoutPathParserInfo{displayWidth=0 displayHeight=0 physicalDisplayWidth=0 physicalDisplayHeight=0 density={0.0} cutoutSpec={} rotation={0} scale={0.0} physicalPixelDisplaySizeRatio={0.0}}} sideOverrides=null}, mRoundedCorners=RoundedCorners{[RoundedCorner{position=TopLeft, radius=20, center=Point(20, 20)}, RoundedCorner{position=TopRight, radius=20, center=Point(1900, 20)}, RoundedCorner{position=BottomRight, radius=20, center=Point(1900, 1180)}, RoundedCorner{position=BottomLeft, radius=20, center=Point(20, 1180)}]}  mRoundedCornerFrame=Rect(0, 0 - 0, 0), mPrivacyIndicatorBounds=PrivacyIndicatorBounds {static bounds=Rect(1854, 0 - 1920, 45) rotation=1}, mDisplayShape=DisplayShape{ spec=-311912193 displayWidth=1200 displayHeight=1920 physicalPixelDisplaySizeRatio=1.0 rotation=1 offsetX=0 offsetY=0 scale=1.0}, mSources= { InsetsSource: {d4260000 mType=statusBars mFrame=[0,0][1920,45] mVisible=false mFlags= mSideHint=TOP mBoundingRects=null}, InsetsSource: {d4260005 mType=mandatorySystemGestures mFrame=[0,0][1920,45] mVisible=true mFlags= mSideHint=TOP mBoundingRects=null}, InsetsSource: {d4260006 mType=tappableElement mFrame=[0,0][1920,45] mVisible=true mFlags= mSideHint=TOP mBoundingRects=null}, InsetsSource: {f8790001 mType=navigationBars mFrame=[0,1128][1920,1200] mVisible=false mFlags= mSideHint=BOTTOM mBoundingRects=null}, InsetsSource: {f8790004 mType=systemGestures mFrame=[0,0][0,0] mVisible=true mFlags= mSideHint=NONE mBoundingRects=null}, InsetsSource: {f8790005 mType=mandatorySystemGestures mFrame=[0,1128][1920,1200] mVisible=true mFlags= mSideHint=BOTTOM mBoundingRects=null}, InsetsSource: {f8790006 mType=tappableElement mFrame=[0,1128][1920,1200] mVisible=true mFlags= mSideHint=BOTTOM mBoundingRects=null}, InsetsSource: {f8790024 mType=systemGestures mFrame=[0,0][0,0] mVisible=true mFlags= mSideHint=NONE mBoundingRects=null}, InsetsSource: {3 mType=ime mFrame=[0,0][0,0] mVisible=false mFlags= mSideHint=NONE mBoundingRects=null} }
02-11 10:12:19.260  1042 27282 I RequestRegulator: Cam::1 [signal] VSirq : SofIdx(221697), getSofIdx(221696/1), processed(68<->67), CamsysFrameSequence(67)
02-11 10:12:19.261  1042 27287 I Hal3ACustomImp: [convertToSetting3A] [convertToSetting3A] [idx(1)] Hal3A Plug-in
02-11 10:12:19.261  1042 25435 I MtkCam/ZoomRatioConverter: [UpdateZoomRatio] pillarboxed crop zoom, ratio:1.000000
02-11 10:12:19.261  1042 25435 W mtkcam-capturesession: [1-CaptureSessionDefault::onGetSharedSteramPoolAllocSize] poolSize 1 -> 0.000000 fail (map is empty) !!
02-11 10:12:19.262  1003 17025 D AudioDspStreamManager: getDspTaskA2DPStatus(), mDspTaskA2DPActive = 0
02-11 10:12:19.262  1074  1469 I SurfaceFlinger: onHandleDestroyed: layerId=43989, name=Surface(name=d5cbea9 StatusBar)/@0xdac8d3a - animation-leash of insets_animation#43989
02-11 10:12:19.262  1074  1469 I SurfaceFlinger: id=43989 Removed Surface(name=d5cbea9 StatusBar)/@0xdac8d3a - animation-leash of insets_animation#43989 (154)
02-11 10:12:19.262  1042 25435 I Hal3ACustomImp: [setControl] [setControl] [idx(1)] Hal3A Plug-in
02-11 10:12:19.262  1042 25435 I Hal3ACustomImp: [convertToRequest] [convertToRequest] [idx(1)] Hal3A Plug-in
02-11 10:12:19.262  1042 25435 I Hal3ACustomImp: [operator()] Prev/Curr CaptureIntent: (3 / 3)
02-11 10:12:19.262  1042 25435 I sec_custom_ta11plus.cpp: [cust_getIsSECApplication] [cust_getIsSECApplication] gIsSECApplication(0)
02-11 10:12:19.262  1042 25435 I sec_custom_ta11plus.cpp: [cust_getIsSECApplication] [cust_getIsSECApplication] gIsSECApplication(0)
02-11 10:12:19.262  1042 25435 I sec_custom_ta11plus.cpp: [cust_multiFrameCtrlForSEC] [cust_multiFrameCtrlForSEC][param in], idx(1), facing(1), i4ShotHint(0), ae_lock(0), ae_exp_index(0), awb_lock(0), pause_af(0)
02-11 10:12:19.262  1042 25435 I sec_custom_ta11plus.cpp: [cust_multiFrameCtrlForSEC] [cust_multiFrameCtrlForSEC][param in], date.0130, curCapCnt(0), curLlsFlag(0), isRemosaic(0), resetAELock(0), bIsSECApplication(0), i4ShootingMode(0), cntWaitAELock(0)
02-11 10:12:19.263  1944  1944 I VRI[ScreenDecorOverlay]@54550bb: Resizing android.view.ViewRootImpl@aab0120: frame = [0,0][25,1200] reportDraw = false forceLayout = false syncSeqId = -1
02-11 10:12:19.263  1944  1944 I VRI[ScreenDecorOverlayBottom]@2ae2f6d: Resizing android.view.ViewRootImpl@795bdb4: frame = [1895,0][1920,1200] reportDraw = false forceLayout = false syncSeqId = -1
02-11 10:12:19.263  1944  2566 I VRI[ScreenDecorOverlay]@54550bb: handleResized, frames=ClientWindowFrames{frame=[0,0][25,1200] display=[0,0][1920,1200] parentFrame=[0,0][0,0]} displayId=0 dragResizing=false compatScale=1.0 frameChanged=false attachedFrameChanged=false configChanged=false displayChanged=false compatScaleChanged=false dragResizingChanged=false
02-11 10:12:19.263  1944  2566 I VRI[ScreenDecorOverlayBottom]@2ae2f6d: handleResized, frames=ClientWindowFrames{frame=[1895,0][1920,1200] display=[0,0][1920,1200] parentFrame=[0,0][0,0]} displayId=0 dragResizing=false compatScale=1.0 frameChanged=false attachedFrameChanged=false configChanged=false displayChanged=false compatScaleChanged=false dragResizingChanged=false
02-11 10:12:19.265  1074  1074 I SurfaceFlinger: destroyed Surface(name=d5cbea9 StatusBar)/@0xdac8d3a - animation-leash of insets_animation#43989
02-11 10:12:19.268  1074  1074 I Layer   : id=43989 Destroyed Surface(name=d5cbea9 StatusBar)/@0xdac8d3a - animation-leash of insets_animation#43989
02-11 10:12:19.269  1042  1538 I mtkcam_hal_legacy2android_device: [convertStreamBuffer] [debug chingchi] requestStreamBuffer bufferHandle:0xb4000076eaf92af0, bufferId:0xb40000777afa1818
02-11 10:12:19.280  1003 17025 D AudioDspStreamManager: getDspTaskA2DPStatus(), mDspTaskA2DPActive = 0
02-11 10:12:19.284 23211 23211 I InsetsController: onStateChanged: host=kr.co.kyowon.videolesson.play/com.kyowon.livechat_lib.MeetingActivity, from=android.view.ViewRootImpl.onInsetsStateChanged:3031, state=InsetsState: {mDisplayFrame=Rect(0, 0 - 1920, 1200), mDisplayCutout=DisplayCutout{insets=Rect(0, 0 - 0, 0) waterfall=Insets{left=0, top=0, right=0, bottom=0} boundingRect={Bounds=[Rect(0, 0 - 0, 0), Rect(0, 0 - 0, 0), Rect(0, 0 - 0, 0), Rect(0, 0 - 0, 0)]} cutoutPathParserInfo={CutoutPathParserInfo{displayWidth=0 displayHeight=0 physicalDisplayWidth=0 physicalDisplayHeight=0 density={0.0} cutoutSpec={} rotation={0} scale={0.0} physicalPixelDisplaySizeRatio={0.0}}} sideOverrides=null}, mRoundedCorners=RoundedCorners{[RoundedCorner{position=TopLeft, radius=20, center=Point(20, 20)}, RoundedCorner{position=TopRight, radius=20, center=Point(1900, 20)}, RoundedCorner{position=BottomRight, radius=20, center=Point(1900, 1180)}, RoundedCorner{position=BottomLeft, radius=20, center=Point(20, 1180)}]}  mRoundedCornerFrame=Rect(0, 0 - 1920, 1200), mPrivacyIndicatorBounds=PrivacyIndicatorBounds {static bounds=Rect(1854, 0 - 1920, 45) rotation=1}, mDisplayShape=DisplayShape{ spec=-311912193 displayWidth=1200 displayHeight=1920 physicalPixelDisplaySizeRatio=1.0 rotation=1 offsetX=0 offsetY=0 scale=1.0}, mSources= { InsetsSource: {d4260000 mType=statusBars mFrame=[0,0][1920,45] mVisible=true mFlags= mSideHint=TOP mBoundingRects=null}, InsetsSource: {d4260005 mType=mandatorySystemGestures mFrame=[0,0][1920,45] mVisible=true mFlags= mSideHint=TOP mBoundingRects=null}, InsetsSource: {d4260006 mType=tappableElement mFrame=[0,0][1920,45] mVisible=true mFlags= mSideHint=TOP mBoundingRects=null}, InsetsSource: {f8790001 mType=navigationBars mFrame=[0,1128][1920,1200] mVisible=false mFlags= mSideHint=BOTTOM mBoundingRects=null}, InsetsSource: {f8790004 mType=systemGestures mFrame=[0,0][0,0] mVisible=true mFlags= mSideHint=NONE mBoundingRects=null}, InsetsSource: {f8790005 mType=mandatorySystemGestures mFrame=[0,1128][1920,1200] mVisible=true mFlags= mSideHint=BOTTOM mBoundingRects=null}, InsetsSource: {f8790006 mType=tappableElement mFrame=[0,1128][1920,1200] mVisible=true mFlags= mSideHint=BOTTOM mBoundingRects=null}, InsetsSource: {f8790024 mType=systemGestures mFrame=[0,0][0,0] mVisible=true mFlags= mSideHint=NONE mBoundingRects=null}, InsetsSource: {3 mType=ime mFrame=[0,0][0,0] mVisible=false mFlags= mSideHint=NONE mBoundingRects=null} }
02-11 10:12:19.285 23211 23211 I InsetsController: controlAnimationUncheckedInner: Added types=statusBars, animType=1, host=kr.co.kyowon.videolesson.play/com.kyowon.livechat_lib.MeetingActivity, from=android.view.InsetsController.controlAnimationUnchecked:1620 android.view.InsetsController.applyAnimation:2429 android.view.InsetsController.applyAnimation:2355 
02-11 10:12:19.286 23211 23211 I VRI[MainActivity]@d928196: handleResized, frames=ClientWindowFrames{frame=[0,0][1920,1200] display=[0,0][1920,1200] parentFrame=[0,0][0,0]} displayId=0 dragResizing=false compatScale=1.0 frameChanged=false attachedFrameChanged=false configChanged=false displayChanged=false compatScaleChanged=false dragResizingChanged=false
02-11 10:12:19.287 23211 23211 I InsetsController: onStateChanged: host=kr.co.kyowon.videolesson.play/com.kyowon.livechat_lib.MeetingActivity, from=android.view.ViewRootImpl.onInsetsStateChanged:3031, state=InsetsState: {mDisplayFrame=Rect(0, 0 - 1920, 1200), mDisplayCutout=DisplayCutout{insets=Rect(0, 0 - 0, 0) waterfall=Insets{left=0, top=0, right=0, bottom=0} boundingRect={Bounds=[Rect(0, 0 - 0, 0), Rect(0, 0 - 0, 0), Rect(0, 0 - 0, 0), Rect(0, 0 - 0, 0)]} cutoutPathParserInfo={CutoutPathParserInfo{displayWidth=0 displayHeight=0 physicalDisplayWidth=0 physicalDisplayHeight=0 density={0.0} cutoutSpec={} rotation={0} scale={0.0} physicalPixelDisplaySizeRatio={0.0}}} sideOverrides=null}, mRoundedCorners=RoundedCorners{[RoundedCorner{position=TopLeft, radius=20, center=Point(20, 20)}, RoundedCorner{position=TopRight, radius=20, center=Point(1900, 20)}, RoundedCorner{position=BottomRight, radius=20, center=Point(1900, 1180)}, RoundedCorner{position=BottomLeft, radius=20, center=Point(20, 1180)}]}  mRoundedCornerFrame=Rect(0, 0 - 1920, 1200), mPrivacyIndicatorBounds=PrivacyIndicatorBounds {static bounds=Rect(1854, 0 - 1920, 45) rotation=1}, mDisplayShape=DisplayShape{ spec=-311912193 displayWidth=1200 displayHeight=1920 physicalPixelDisplaySizeRatio=1.0 rotation=1 offsetX=0 offsetY=0 scale=1.0}, mSources= { InsetsSource: {d4260000 mType=statusBars mFrame=[0,0][1920,45] mVisible=false mFlags= mSideHint=TOP mBoundingRects=null}, InsetsSource: {d4260005 mType=mandatorySystemGestures mFrame=[0,0][1920,45] mVisible=true mFlags= mSideHint=TOP mBoundingRects=null}, InsetsSource: {d4260006 mType=tappableElement mFrame=[0,0][1920,45] mVisible=true mFlags= mSideHint=TOP mBoundingRects=null}, InsetsSource: {f8790001 mType=navigationBars mFrame=[0,1128][1920,1200] mVisible=false mFlags= mSideHint=BOTTOM mBoundingRects=null}, InsetsSource: {f8790004 mType=systemGestures mFrame=[0,0][0,0] mVisible=true mFlags= mSideHint=NONE mBoundingRects=null}, InsetsSource: {f8790005 mType=mandatorySystemGestures mFrame=[0,1128][1920,1200] mVisible=true mFlags= mSideHint=BOTTOM mBoundingRects=null}, InsetsSource: {f8790006 mType=tappableElement mFrame=[0,1128][1920,1200] mVisible=true mFlags= mSideHint=BOTTOM mBoundingRects=null}, InsetsSource: {f8790024 mType=systemGestures mFrame=[0,0][0,0] mVisible=true mFlags= mSideHint=NONE mBoundingRects=null}, InsetsSource: {3 mType=ime mFrame=[0,0][0,0] mVisible=false mFlags= mSideHint=NONE mBoundingRects=null} }
02-11 10:12:19.288 23211 23211 I VRI[MeetingActivity]@f34625f: handleResized, frames=ClientWindowFrames{frame=[0,0][1920,1200] display=[0,0][1920,1200] parentFrame=[0,0][0,0]} displayId=0 dragResizing=false compatScale=1.0 frameChanged=false attachedFrameChanged=false configChanged=false displayChanged=false compatScaleChanged=false dragResizingChanged=false
02-11 10:12:19.288 23211 23211 I VRI[PopupWindow:9814413]@6da7049: handleResized, frames=ClientWindowFrames{frame=[0,0][0,1200] display=[0,0][1920,1200] parentFrame=[0,0][0,0] attachedFrame=[0,0][1920,1200]} displayId=0 dragResizing=false compatScale=1.0 frameChanged=false attachedFrameChanged=false configChanged=false displayChanged=false compatScaleChanged=false dragResizingChanged=false
02-11 10:12:19.292  1042 27278 W HalBlackBoard: [readBoard] [idx(1)] ASSERTION: req(#0x4a0000003f/#63) has been flushed out, current index is req(#0x4a00000042/#66)!
02-11 10:12:19.292  1042 27276 I Hal3ACustomImp: [getResult] [getResult] [idx(1)] Hal3A Plug-in
02-11 10:12:19.292  1042 27276 I Hal3ACustomImp: [convertToMetaset] [convertToMetaset] [idx(1)] Hal3A Plug-in
02-11 10:12:19.292  1042 27276 I sec_custom_ta11plus.cpp: [cust_getIsSECApplication] [cust_getIsSECApplication] gIsSECApplication(0)
02-11 10:12:19.292  1042 27276 I sec_custom_ta11plus.cpp: [cust_getIsSECApplication] [cust_getIsSECApplication] gIsSECApplication(0)
02-11 10:12:19.292  1042 27276 I sec_custom_ta11plus.cpp: [cust_aeGetLiveHdrState] [cust_aeGetLiveHdrState] i4LiveHdrMode(0), ret(101)
02-11 10:12:19.292  1042 27276 I sec_custom_ta11plus.cpp: [cust_shotConditionForSEC] [cust_shotConditionForSEC][param in], idx(1), facing(1), BV(87), nightBv(947) gain(5.100000), zoomRto(1.000000), hdrState(101), isFlash(0), shootingmode(0), gyro(0), Cwr(795), DynamicRange(6340), sunDetectionInfo(0)
02-11 10:12:19.292  1042 27276 I sec_custom_ta11plus.cpp: [cust_shotConditionForSEC] [cust_shotConditionForSEC] jpegW/H(0/0), bIsSECApplication(0)
02-11 10:12:19.292  1042 27276 I sec_custom_ta11plus.cpp: [cust_refineHdrStateByLLSFlag] [cust_refineHdrStateByLLSFlag][param in] idx(1), i4LiveHdrState(101)
02-11 10:12:19.292  1042 27276 I sec_custom_ta11plus.cpp: [cust_refineHdrStateByLLSFlag] [cust_refineHdrStateByLLSFlag][param out] idx(1), ret(101), i4LiveHdrState(101), curLlsFlag(0),  c0(0), c1(0)
02-11 10:12:19.292  1042 27276 I sec_custom_ta11plus.cpp: [cust_getSECGyroState] [cust_getSECGyroState] gyroState(1)
02-11 10:12:19.292  1042 27276 I Hal3ACustomImp: [removePartialMetasetAppTag] [removePartialMetasetAppTag] [idx(1)] Hal3A Plug-in
02-11 10:12:19.295  1042 27278 I TsfImp  : [getLscIspInfo] dac_prev(0)
02-11 10:12:19.296  1042 27278 W Hal3AImp_v1_0: [On3AFinish] [idx(1)] [STT](#4a00000042) No valid 3A result, calculation might be canceled by stream-off
02-11 10:12:19.296  1042 27278 I Hal3ACustomImp: [convertToPartialMetaset2A] [convertToPartialMetaset2A] [idx(1)] Hal3A Plug-in
02-11 10:12:19.296  1042 27278 W MtkCbAdptor: [1-CoreConverter::convertResult] failed to setEntry, MTK_HALCORE_CALLBACK_REALTIME_MODE
02-11 10:12:19.301  1003 17025 D AudioDspStreamManager: getDspTaskA2DPStatus(), mDspTaskA2DPActive = 0
02-11 10:12:19.302  1042 27282 I RequestRegulator: Cam::1 [signal] VSirq : SofIdx(221698), getSofIdx(221697/1), processed(69<->68), CamsysFrameSequence(68)
02-11 10:12:19.302  1042 27287 I Hal3ACustomImp: [convertToSetting3A] [convertToSetting3A] [idx(1)] Hal3A Plug-in
02-11 10:12:19.303  1042  1042 I MtkCam/ZoomRatioConverter: [UpdateZoomRatio] pillarboxed crop zoom, ratio:1.000000
02-11 10:12:19.303  1042  1042 W mtkcam-capturesession: [1-CaptureSessionDefault::onGetSharedSteramPoolAllocSize] poolSize 1 -> 0.000000 fail (map is empty) !!
02-11 10:12:19.304  1042  1042 I Hal3ACustomImp: [setControl] [setControl] [idx(1)] Hal3A Plug-in
02-11 10:12:19.304  1042  1042 I Hal3ACustomImp: [convertToRequest] [convertToRequest] [idx(1)] Hal3A Plug-in
02-11 10:12:19.304  1042  1042 I Hal3ACustomImp: [operator()] Prev/Curr CaptureIntent: (3 / 3)
02-11 10:12:19.304  1042  1042 I sec_custom_ta11plus.cpp: [cust_getIsSECApplication] [cust_getIsSECApplication] gIsSECApplication(0)
02-11 10:12:19.304  1042  1042 I sec_custom_ta11plus.cpp: [cust_getIsSECApplication] [cust_getIsSECApplication] gIsSECApplication(0)
02-11 10:12:19.304  1042  1042 I sec_custom_ta11plus.cpp: [cust_multiFrameCtrlForSEC] [cust_multiFrameCtrlForSEC][param in], idx(1), facing(1), i4ShotHint(0), ae_lock(0), ae_exp_index(0), awb_lock(0), pause_af(0)
02-11 10:12:19.304  1042  1042 I sec_custom_ta11plus.cpp: [cust_multiFrameCtrlForSEC] [cust_multiFrameCtrlForSEC][param in], date.0130, curCapCnt(0), curLlsFlag(0), isRemosaic(0), resetAELock(0), bIsSECApplication(0), i4ShootingMode(0), cntWaitAELock(0)
02-11 10:12:19.305  1042  1547 I DipDrv  : [dipfr_update_tdr] src_tdr_idx(0) ofst:5620096 va:0x7589ff3180 iova:3d8d5c180 tdr_sz(10896)
02-11 10:12:19.305  1042  1547 I PQDIPDrv: [pqdip_update_tdr] src_tdr_ridx(0) va:0x75f6d16400, iova:3d7f80400 tdr_sz(1392) set to dst_tdr_ridx(3)
02-11 10:12:19.309  1042  1541 I mtkcam_hal_legacy2android_device: [convertStreamBuffer] [debug chingchi] requestStreamBuffer bufferHandle:0xb4000076eafb3150, bufferId:0xb40000777afee348
02-11 10:12:19.322  1003 17025 D AudioDspStreamManager: getDspTaskA2DPStatus(), mDspTaskA2DPActive = 0
02-11 10:12:19.334  1042 27278 W HalBlackBoard: [readBoard] [idx(1)] ASSERTION: req(#0x4b00000040/#64) has been flushed out, current index is req(#0x4b00000043/#67)!
02-11 10:12:19.334  1042 27276 I Hal3ACustomImp: [getResult] [getResult] [idx(1)] Hal3A Plug-in
02-11 10:12:19.334  1042 27276 I Hal3ACustomImp: [convertToMetaset] [convertToMetaset] [idx(1)] Hal3A Plug-in
02-11 10:12:19.334  1042 27276 I sec_custom_ta11plus.cpp: [cust_getIsSECApplication] [cust_getIsSECApplication] gIsSECApplication(0)
02-11 10:12:19.334  1042 27276 I sec_custom_ta11plus.cpp: [cust_getIsSECApplication] [cust_getIsSECApplication] gIsSECApplication(0)
02-11 10:12:19.334  1042 27276 I sec_custom_ta11plus.cpp: [cust_aeGetLiveHdrState] [cust_aeGetLiveHdrState] i4LiveHdrMode(0), ret(101)
02-11 10:12:19.334  1042 27276 I sec_custom_ta11plus.cpp: [cust_shotConditionForSEC] [cust_shotConditionForSEC][param in], idx(1), facing(1), BV(87), nightBv(947) gain(5.100000), zoomRto(1.000000), hdrState(101), isFlash(0), shootingmode(0), gyro(0), Cwr(795), DynamicRange(6332), sunDetectionInfo(0)
02-11 10:12:19.334  1042 27276 I sec_custom_ta11plus.cpp: [cust_shotConditionForSEC] [cust_shotConditionForSEC] jpegW/H(0/0), bIsSECApplication(0)
02-11 10:12:19.334  1042 27276 I sec_custom_ta11plus.cpp: [cust_refineHdrStateByLLSFlag] [cust_refineHdrStateByLLSFlag][param in] idx(1), i4LiveHdrState(101)
02-11 10:12:19.334  1042 27276 I sec_custom_ta11plus.cpp: [cust_refineHdrStateByLLSFlag] [cust_refineHdrStateByLLSFlag][param out] idx(1), ret(101), i4LiveHdrState(101), curLlsFlag(0),  c0(0), c1(0)
02-11 10:12:19.334  1042 27276 I sec_custom_ta11plus.cpp: [cust_getSECGyroState] [cust_getSECGyroState] gyroState(1)
02-11 10:12:19.334  1042 27276 I Hal3ACustomImp: [removePartialMetasetAppTag] [removePartialMetasetAppTag] [idx(1)] Hal3A Plug-in
02-11 10:12:19.337  1042 27278 E AwbMgrAdapt: [Calculate] [Calculate:1293] Fail to get id = 58 FS stt data! (Calculate){#1293:vendor/mediatek/proprietary/hardware/mtkcam-core/aaa/common/mgr_3a_adapter/AwbMgrAdapt.cpp}
02-11 10:12:19.337  1042 27278 I TsfImp  : [getLscIspInfo] dac_prev(0)
02-11 10:12:19.337  1042 27278 W Hal3AImp_v1_0: [On3AFinish] [idx(1)] [STT](#4b00000043) No valid 3A result, calculation might be canceled by stream-off
02-11 10:12:19.337  1042 27278 I Hal3ACustomImp: [convertToPartialMetaset2A] [convertToPartialMetaset2A] [idx(1)] Hal3A Plug-in
02-11 10:12:19.337  1042 27278 W MtkCbAdptor: [1-CoreConverter::convertResult] failed to setEntry, MTK_HALCORE_CALLBACK_REALTIME_MODE
02-11 10:12:19.339  1289  1358 D agps    : [agps] WARNING: [CP] cp2_fd_1_reconnect_timeout
02-11 10:12:19.339  1289  1309 E agps    : [agps] ERR: [CP] get_ccci_uart  open failed node=[/dev/ttyC2] reason=[No such file or directory]
02-11 10:12:19.339  1289  1309 E agps    : [agps] ERR: [CP] get_eemcs_uart  open failed node=[/dev/eemcs_ipc_uart] reason=[No such file or directory]
02-11 10:12:19.339  1289  1309 E agps    : [agps] ERR: [CP] ccci_uart_1  open failed
02-11 10:12:19.342  1042  1547 I DipDrv  : [dipfr_update_tdr] src_tdr_idx(1) ofst:5765504 va:0x758a016980 iova:3d8d7f980 tdr_sz(10896)
02-11 10:12:19.342  1042  1547 I PQDIPDrv: [pqdip_update_tdr] src_tdr_ridx(1) va:0x75f6d1b000, iova:3d7f85000 tdr_sz(1392) set to dst_tdr_ridx(4)
02-11 10:12:19.344  1042 27282 I RequestRegulator: Cam::1 [signal] VSirq : SofIdx(221699), getSofIdx(221698/1), processed(70<->69), CamsysFrameSequence(69)
02-11 10:12:19.344  1042 27287 I Hal3ACustomImp: [convertToSetting3A] [convertToSetting3A] [idx(1)] Hal3A Plug-in
02-11 10:12:19.345  1042 25435 I MtkCam/ZoomRatioConverter: [UpdateZoomRatio] pillarboxed crop zoom, ratio:1.000000
02-11 10:12:19.345  1003 17025 D AudioDspStreamManager: getDspTaskA2DPStatus(), mDspTaskA2DPActive = 0
02-11 10:12:19.345  1042 25435 W mtkcam-capturesession: [1-CaptureSessionDefault::onGetSharedSteramPoolAllocSize] poolSize 1 -> 0.000000 fail (map is empty) !!
02-11 10:12:19.346  1042 25435 I Hal3ACustomImp: [setControl] [setControl] [idx(1)] Hal3A Plug-in
02-11 10:12:19.346  1042 25435 I Hal3ACustomImp: [convertToRequest] [convertToRequest] [idx(1)] Hal3A Plug-in
02-11 10:12:19.346  1042 25435 I Hal3ACustomImp: [operator()] Prev/Curr CaptureIntent: (3 / 3)
02-11 10:12:19.346  1042 25435 I sec_custom_ta11plus.cpp: [cust_getIsSECApplication] [cust_getIsSECApplication] gIsSECApplication(0)
02-11 10:12:19.346  1042 25435 I sec_custom_ta11plus.cpp: [cust_getIsSECApplication] [cust_getIsSECApplication] gIsSECApplication(0)
02-11 10:12:19.346  1042 25435 I sec_custom_ta11plus.cpp: [cust_multiFrameCtrlForSEC] [cust_multiFrameCtrlForSEC][param in], idx(1), facing(1), i4ShotHint(0), ae_lock(0), ae_exp_index(0), awb_lock(0), pause_af(0)
02-11 10:12:19.346  1042 25435 I sec_custom_ta11plus.cpp: [cust_multiFrameCtrlForSEC] [cust_multiFrameCtrlForSEC][param in], date.0130, curCapCnt(0), curLlsFlag(0), isRemosaic(0), resetAELock(0), bIsSECApplication(0), i4ShootingMode(0), cntWaitAELock(0)
02-11 10:12:19.350  1042  1541 I mtkcam_hal_legacy2android_device: [convertStreamBuffer] [debug chingchi] requestStreamBuffer bufferHandle:0xb4000076eaf74850, bufferId:0xb40000777afddfc8
02-11 10:12:19.364  1003 17025 D AudioDspStreamManager: getDspTaskA2DPStatus(), mDspTaskA2DPActive = 0
02-11 10:12:19.376  1042 27278 W HalBlackBoard: [readBoard] [idx(1)] ASSERTION: req(#0x4c00000041/#65) has been flushed out, current index is req(#0x4c00000044/#68)!
02-11 10:12:19.376  1042 27276 I Hal3ACustomImp: [getResult] [getResult] [idx(1)] Hal3A Plug-in
02-11 10:12:19.376  1042 27276 I Hal3ACustomImp: [convertToMetaset] [convertToMetaset] [idx(1)] Hal3A Plug-in
02-11 10:12:19.376  1042 27276 I sec_custom_ta11plus.cpp: [cust_getIsSECApplication] [cust_getIsSECApplication] gIsSECApplication(0)
02-11 10:12:19.376  1042 27276 I sec_custom_ta11plus.cpp: [cust_getIsSECApplication] [cust_getIsSECApplication] gIsSECApplication(0)
02-11 10:12:19.376  1042 27276 I sec_custom_ta11plus.cpp: [cust_aeGetLiveHdrState] [cust_aeGetLiveHdrState] i4LiveHdrMode(0), ret(101)
02-11 10:12:19.376  1042 27276 I sec_custom_ta11plus.cpp: [cust_shotConditionForSEC] [cust_shotConditionForSEC][param in], idx(1), facing(1), BV(87), nightBv(947) gain(5.100000), zoomRto(1.000000), hdrState(101), isFlash(0), shootingmode(0), gyro(0), Cwr(794), DynamicRange(6324), sunDetectionInfo(0)
02-11 10:12:19.376  1042 27276 I sec_custom_ta11plus.cpp: [cust_shotConditionForSEC] [cust_shotConditionForSEC] jpegW/H(0/0), bIsSECApplication(0)
02-11 10:12:19.376  1042 27276 I sec_custom_ta11plus.cpp: [cust_refineHdrStateByLLSFlag] [cust_refineHdrStateByLLSFlag][param in] idx(1), i4LiveHdrState(101)
02-11 10:12:19.376  1042 27276 I sec_custom_ta11plus.cpp: [cust_refineHdrStateByLLSFlag] [cust_refineHdrStateByLLSFlag][param out] idx(1), ret(101), i4LiveHdrState(101), curLlsFlag(0),  c0(0), c1(0)
02-11 10:12:19.376  1042 27276 I sec_custom_ta11plus.cpp: [cust_getSECGyroState] [cust_getSECGyroState] gyroState(1)
02-11 10:12:19.376  1042 27276 I Hal3ACustomImp: [removePartialMetasetAppTag] [removePartialMetasetAppTag] [idx(1)] Hal3A Plug-in
02-11 10:12:19.378  1042 27278 I TsfImp  : [getLscIspInfo] dac_prev(0)
02-11 10:12:19.378  1042 27278 W Hal3AImp_v1_0: [On3AFinish] [idx(1)] [STT](#4c00000044) No valid 3A result, calculation might be canceled by stream-off
02-11 10:12:19.378  1042 27278 I Hal3ACustomImp: [convertToPartialMetaset2A] [convertToPartialMetaset2A] [idx(1)] Hal3A Plug-in
02-11 10:12:19.378  1042 27278 W MtkCbAdptor: [1-CoreConverter::convertResult] failed to setEntry, MTK_HALCORE_CALLBACK_REALTIME_MODE
02-11 10:12:19.383  1003 17025 D AudioDspStreamManager: getDspTaskA2DPStatus(), mDspTaskA2DPActive = 0
02-11 10:12:19.385  1042 27282 I RequestRegulator: Cam::1 [signal] VSirq : SofIdx(221700), getSofIdx(221699/1), processed(71<->70), CamsysFrameSequence(70)
02-11 10:12:19.386  1042 27287 I Hal3ACustomImp: [convertToSetting3A] [convertToSetting3A] [idx(1)] Hal3A Plug-in
02-11 10:12:19.386  1042  1042 I MtkCam/ZoomRatioConverter: [UpdateZoomRatio] pillarboxed crop zoom, ratio:1.000000
02-11 10:12:19.386  1042  1042 W mtkcam-capturesession: [1-CaptureSessionDefault::onGetSharedSteramPoolAllocSize] poolSize 1 -> 0.000000 fail (map is empty) !!
02-11 10:12:19.387  1042  1042 I Hal3ACustomImp: [setControl] [setControl] [idx(1)] Hal3A Plug-in
02-11 10:12:19.387  1042  1042 I Hal3ACustomImp: [convertToRequest] [convertToRequest] [idx(1)] Hal3A Plug-in
02-11 10:12:19.387  1042  1042 I Hal3ACustomImp: [operator()] Prev/Curr CaptureIntent: (3 / 3)
02-11 10:12:19.387  1042  1042 I sec_custom_ta11plus.cpp: [cust_getIsSECApplication] [cust_getIsSECApplication] gIsSECApplication(0)
02-11 10:12:19.387  1042  1042 I sec_custom_ta11plus.cpp: [cust_getIsSECApplication] [cust_getIsSECApplication] gIsSECApplication(0)
02-11 10:12:19.387  1042  1042 I sec_custom_ta11plus.cpp: [cust_multiFrameCtrlForSEC] [cust_multiFrameCtrlForSEC][param in], idx(1), facing(1), i4ShotHint(0), ae_lock(0), ae_exp_index(0), awb_lock(0), pause_af(0)
02-11 10:12:19.387  1042  1042 I sec_custom_ta11plus.cpp: [cust_multiFrameCtrlForSEC] [cust_multiFrameCtrlForSEC][param in], date.0130, curCapCnt(0), curLlsFlag(0), isRemosaic(0), resetAELock(0), bIsSECApplication(0), i4ShootingMode(0), cntWaitAELock(0)
02-11 10:12:19.388  1042  1547 I DipDrv  : [dipfr_update_tdr] src_tdr_idx(3) ofst:6056320 va:0x758a05d980 iova:3d8dc6980 tdr_sz(10896)
02-11 10:12:19.388  1042  1547 I PQDIPDrv: [pqdip_update_tdr] src_tdr_ridx(3) va:0x75f6d24800, iova:3d7f8e800 tdr_sz(1392) set to dst_tdr_ridx(5)
02-11 10:12:19.390  1042  1538 I mtkcam_hal_legacy2android_device: [convertStreamBuffer] [debug chingchi] requestStreamBuffer bufferHandle:0xb4000076eaf95850, bufferId:0xb40000777afaebc8
02-11 10:12:19.406  1003 17025 D AudioDspStreamManager: getDspTaskA2DPStatus(), mDspTaskA2DPActive = 0
02-11 10:12:19.417  1010  1010 I hwcomposer: [HWCDisplay] [Display_0 (type:1, mode:2)] fps:60.357868,dur:1010.64,max:26.09,min:11.11  
02-11 10:12:19.417  1042 27276 I Hal3ACustomImp: [getResult] [getResult] [idx(1)] Hal3A Plug-in
02-11 10:12:19.417  1042 27276 I Hal3ACustomImp: [convertToMetaset] [convertToMetaset] [idx(1)] Hal3A Plug-in
02-11 10:12:19.417  1042 27276 I sec_custom_ta11plus.cpp: [cust_getIsSECApplication] [cust_getIsSECApplication] gIsSECApplication(0)
02-11 10:12:19.417  1042 27276 I sec_custom_ta11plus.cpp: [cust_getIsSECApplication] [cust_getIsSECApplication] gIsSECApplication(0)
02-11 10:12:19.417  1042 27276 I sec_custom_ta11plus.cpp: [cust_aeGetLiveHdrState] [cust_aeGetLiveHdrState] i4LiveHdrMode(0), ret(101)
02-11 10:12:19.417  1042 27276 I sec_custom_ta11plus.cpp: [cust_shotConditionForSEC] [cust_shotConditionForSEC][param in], idx(1), facing(1), BV(87), nightBv(947) gain(5.100000), zoomRto(1.000000), hdrState(101), isFlash(0), shootingmode(0), gyro(0), Cwr(794), DynamicRange(6317), sunDetectionInfo(0)
02-11 10:12:19.417  1042 27276 I sec_custom_ta11plus.cpp: [cust_shotConditionForSEC] [cust_shotConditionForSEC] jpegW/H(0/0), bIsSECApplication(0)
02-11 10:12:19.417  1042 27276 I sec_custom_ta11plus.cpp: [cust_refineHdrStateByLLSFlag] [cust_refineHdrStateByLLSFlag][param in] idx(1), i4LiveHdrState(101)
02-11 10:12:19.417  1042 27276 I sec_custom_ta11plus.cpp: [cust_refineHdrStateByLLSFlag] [cust_refineHdrStateByLLSFlag][param out] idx(1), ret(101), i4LiveHdrState(101), curLlsFlag(0),  c0(0), c1(0)
02-11 10:12:19.417  1042 27276 I sec_custom_ta11plus.cpp: [cust_getSECGyroState] [cust_getSECGyroState] gyroState(1)
02-11 10:12:19.417  1042 27276 I Hal3ACustomImp: [removePartialMetasetAppTag] [removePartialMetasetAppTag] [idx(1)] Hal3A Plug-in
02-11 10:12:19.420  1042 27278 W HalBlackBoard: [readBoard] [idx(1)] ASSERTION: req(#0x4d00000042/#66) has been flushed out, current index is req(#0x4d00000045/#69)!
02-11 10:12:19.423  1042 27278 I TsfImp  : [getLscIspInfo] dac_prev(0)
02-11 10:12:19.423  1042  1543 I TsfImp  : [tsfBatch] userId(0), dac_inf:1024,dac_macro:4096,dac_prev/cur:0/0 AE(Y:720,LV:87,ISO:153,LV_IDX:4,shutter:8337142,isStable:1,isLock:0,isFlash:0) AWB(CCT_IDX:7,CCT:5464,GainR/G/B:1086/512/810,isLock:0) Gyro0/1/2:0/0/0,orient:0,faceNum:1,faceRect:1454/232/2159/1026
02-11 10:12:19.423  1042 27278 W Hal3AImp_v1_0: [On3AFinish] [idx(1)] [STT](#4d00000045) No valid 3A result, calculation might be canceled by stream-off
02-11 10:12:19.424  1042 27278 I Hal3ACustomImp: [convertToPartialMetaset2A] [convertToPartialMetaset2A] [idx(1)] Hal3A Plug-in
02-11 10:12:19.424  1042 27278 W MtkCbAdptor: [1-CoreConverter::convertResult] failed to setEntry, MTK_HALCORE_CALLBACK_REALTIME_MODE
02-11 10:12:19.425  1042  1546 I DipDrv  : [dipfr_update_tdr] src_tdr_idx(5) ofst:6347136 va:0x758a0a4980 iova:3d8e0d980 tdr_sz(10896)
02-11 10:12:19.425  1042  1546 I PQDIPDrv: [pqdip_update_tdr] src_tdr_ridx(5) va:0x75f6d2e000, iova:3d7f98000 tdr_sz(1392) set to dst_tdr_ridx(6)
02-11 10:12:19.427  1042 27282 I RequestRegulator: Cam::1 [signal] VSirq : SofIdx(221701), getSofIdx(221700/1), processed(72<->71), CamsysFrameSequence(71)
02-11 10:12:19.427  1042 27287 I Hal3ACustomImp: [convertToSetting3A] [convertToSetting3A] [idx(1)] Hal3A Plug-in
02-11 10:12:19.428  1042 25435 I MtkCam/ZoomRatioConverter: [UpdateZoomRatio] pillarboxed crop zoom, ratio:1.000000
02-11 10:12:19.428  1042 25435 W mtkcam-capturesession: [1-CaptureSessionDefault::onGetSharedSteramPoolAllocSize] poolSize 1 -> 0.000000 fail (map is empty) !!
02-11 10:12:19.429  1042 25435 I Hal3ACustomImp: [setControl] [setControl] [idx(1)] Hal3A Plug-in
02-11 10:12:19.429  1042 25435 I Hal3ACustomImp: [convertToRequest] [convertToRequest] [idx(1)] Hal3A Plug-in
02-11 10:12:19.429  1042 25435 I Hal3ACustomImp: [operator()] Prev/Curr CaptureIntent: (3 / 3)
02-11 10:12:19.429  1042 25435 I sec_custom_ta11plus.cpp: [cust_getIsSECApplication] [cust_getIsSECApplication] gIsSECApplication(0)
02-11 10:12:19.429  1042 25435 I sec_custom_ta11plus.cpp: [cust_getIsSECApplication] [cust_getIsSECApplication] gIsSECApplication(0)
02-11 10:12:19.429  1042 25435 I sec_custom_ta11plus.cpp: [cust_multiFrameCtrlForSEC] [cust_multiFrameCtrlForSEC][param in], idx(1), facing(1), i4ShotHint(0), ae_lock(0), ae_exp_index(0), awb_lock(0), pause_af(0)
02-11 10:12:19.429  1042 25435 I sec_custom_ta11plus.cpp: [cust_multiFrameCtrlForSEC] [cust_multiFrameCtrlForSEC][param in], date.0130, curCapCnt(0), curLlsFlag(0), isRemosaic(0), resetAELock(0), bIsSECApplication(0), i4ShootingMode(0), cntWaitAELock(0)
02-11 10:12:19.431  1003 17025 D AudioDspStreamManager: getDspTaskA2DPStatus(), mDspTaskA2DPActive = 0
02-11 10:12:19.432  1042  1541 I mtkcam_hal_legacy2android_device: [convertStreamBuffer] [debug chingchi] requestStreamBuffer bufferHandle:0xb4000076eafbafd0, bufferId:0xb40000777af9c9e8
02-11 10:12:19.445  2747  2940 E frs     : Failed to open /sys/kernel/thermal/frs_nl_id: No such file or directory
02-11 10:12:19.445  2747  2940 I frs     : read netlink id fail, reason:No such file or directory
02-11 10:12:19.450  1003 17025 D AudioDspStreamManager: getDspTaskA2DPStatus(), mDspTaskA2DPActive = 0
02-11 10:12:19.459  1042 27276 I Hal3ACustomImp: [getResult] [getResult] [idx(1)] Hal3A Plug-in
02-11 10:12:19.459  1042 27276 I Hal3ACustomImp: [convertToMetaset] [convertToMetaset] [idx(1)] Hal3A Plug-in
02-11 10:12:19.459  1042 27276 I sec_custom_ta11plus.cpp: [cust_getIsSECApplication] [cust_getIsSECApplication] gIsSECApplication(0)
02-11 10:12:19.459  1042 27276 I sec_custom_ta11plus.cpp: [cust_getIsSECApplication] [cust_getIsSECApplication] gIsSECApplication(0)
02-11 10:12:19.459  1042 27276 I sec_custom_ta11plus.cpp: [cust_aeGetLiveHdrState] [cust_aeGetLiveHdrState] i4LiveHdrMode(0), ret(101)
02-11 10:12:19.459  1042 27276 I sec_custom_ta11plus.cpp: [cust_shotConditionForSEC] [cust_shotConditionForSEC][param in], idx(1), facing(1), BV(87), nightBv(947) gain(5.100000), zoomRto(1.000000), hdrState(101), isFlash(0), shootingmode(0), gyro(0), Cwr(794), DynamicRange(6314), sunDetectionInfo(0)
02-11 10:12:19.459  1042 27276 I sec_custom_ta11plus.cpp: [cust_shotConditionForSEC] [cust_shotConditionForSEC] jpegW/H(0/0), bIsSECApplication(0)
02-11 10:12:19.459  1042 27276 I sec_custom_ta11plus.cpp: [cust_refineHdrStateByLLSFlag] [cust_refineHdrStateByLLSFlag][param in] idx(1), i4LiveHdrState(101)
02-11 10:12:19.459  1042 27276 I sec_custom_ta11plus.cpp: [cust_refineHdrStateByLLSFlag] [cust_refineHdrStateByLLSFlag][param out] idx(1), ret(101), i4LiveHdrState(101), curLlsFlag(0),  c0(0), c1(0)
02-11 10:12:19.459  1042 27276 I sec_custom_ta11plus.cpp: [cust_getSECGyroState] [cust_getSECGyroState] gyroState(1)
02-11 10:12:19.459  1042 27276 I Hal3ACustomImp: [removePartialMetasetAppTag] [removePartialMetasetAppTag] [idx(1)] Hal3A Plug-in
02-11 10:12:19.460  1042 27278 W HalBlackBoard: [readBoard] [idx(1)] ASSERTION: req(#0x4e00000043/#67) has been flushed out, current index is req(#0x4e00000046/#70)!
02-11 10:12:19.462  1042 27278 I TsfImp  : [getLscIspInfo] dac_prev(0)
02-11 10:12:19.464  1042 27278 W Hal3AImp_v1_0: [On3AFinish] [idx(1)] [STT](#4e00000046) No valid 3A result, calculation might be canceled by stream-off
02-11 10:12:19.464  1042 27278 I Hal3ACustomImp: [convertToPartialMetaset2A] [convertToPartialMetaset2A] [idx(1)] Hal3A Plug-in
02-11 10:12:19.464  1042 27278 W MtkCbAdptor: [1-CoreConverter::convertResult] failed to setEntry, MTK_HALCORE_CALLBACK_REALTIME_MODE
02-11 10:12:19.468  1042  1548 I DipDrv  : [dipfr_update_tdr] src_tdr_idx(4) ofst:6201728 va:0x758a081180 iova:3d8dea180 tdr_sz(10896)
02-11 10:12:19.468  1042  1548 I PQDIPDrv: [pqdip_update_tdr] src_tdr_ridx(4) va:0x75f6d29400, iova:3d7f93400 tdr_sz(1392) set to dst_tdr_ridx(7)
02-11 10:12:19.468  1042 27282 I RequestRegulator: Cam::1 [signal] VSirq : SofIdx(221702), getSofIdx(221701/1), processed(73<->72), CamsysFrameSequence(72)
02-11 10:12:19.469  1042 27287 I Hal3ACustomImp: [convertToSetting3A] [convertToSetting3A] [idx(1)] Hal3A Plug-in
02-11 10:12:19.469  1042  1042 I MtkCam/ZoomRatioConverter: [UpdateZoomRatio] pillarboxed crop zoom, ratio:1.000000
02-11 10:12:19.469  1042  1042 W mtkcam-capturesession: [1-CaptureSessionDefault::onGetSharedSteramPoolAllocSize] poolSize 1 -> 0.000000 fail (map is empty) !!
02-11 10:12:19.470  1042  1042 I Hal3ACustomImp: [setControl] [setControl] [idx(1)] Hal3A Plug-in
02-11 10:12:19.470  1042  1042 I Hal3ACustomImp: [convertToRequest] [convertToRequest] [idx(1)] Hal3A Plug-in
02-11 10:12:19.470  1042  1042 I Hal3ACustomImp: [operator()] Prev/Curr CaptureIntent: (3 / 3)
02-11 10:12:19.470  1042  1042 I sec_custom_ta11plus.cpp: [cust_getIsSECApplication] [cust_getIsSECApplication] gIsSECApplication(0)
02-11 10:12:19.470  1042  1042 I sec_custom_ta11plus.cpp: [cust_getIsSECApplication] [cust_getIsSECApplication] gIsSECApplication(0)
02-11 10:12:19.470  1042  1042 I sec_custom_ta11plus.cpp: [cust_multiFrameCtrlForSEC] [cust_multiFrameCtrlForSEC][param in], idx(1), facing(1), i4ShotHint(0), ae_lock(0), ae_exp_index(0), awb_lock(0), pause_af(0)
02-11 10:12:19.470  1042  1042 I sec_custom_ta11plus.cpp: [cust_multiFrameCtrlForSEC] [cust_multiFrameCtrlForSEC][param in], date.0130, curCapCnt(0), curLlsFlag(0), isRemosaic(0), resetAELock(0), bIsSECApplication(0), i4ShootingMode(0), cntWaitAELock(0)
02-11 10:12:19.473  1003 17025 D AudioDspStreamManager: getDspTaskA2DPStatus(), mDspTaskA2DPActive = 0
02-11 10:12:19.476  1042  1544 I mtkcam_hal_legacy2android_device: [convertStreamBuffer] [debug chingchi] requestStreamBuffer bufferHandle:0xb4000076eaf9f670, bufferId:0xb40000777afa4ae8
02-11 10:12:19.492  1003 17025 D AudioDspStreamManager: getDspTaskA2DPStatus(), mDspTaskA2DPActive = 0
02-11 10:12:19.500  1042 27278 W HalBlackBoard: [readBoard] [idx(1)] ASSERTION: req(#0x4f00000044/#68) has been flushed out, current index is req(#0x4f00000047/#71)!
02-11 10:12:19.501  1042 27276 I Hal3ACustomImp: [getResult] [getResult] [idx(1)] Hal3A Plug-in
02-11 10:12:19.501  1042 27276 I Hal3ACustomImp: [convertToMetaset] [convertToMetaset] [idx(1)] Hal3A Plug-in
02-11 10:12:19.501  1042 27276 I sec_custom_ta11plus.cpp: [cust_getIsSECApplication] [cust_getIsSECApplication] gIsSECApplication(0)
02-11 10:12:19.501  1042 27276 I sec_custom_ta11plus.cpp: [cust_getIsSECApplication] [cust_getIsSECApplication] gIsSECApplication(0)
02-11 10:12:19.501  1042 27276 I sec_custom_ta11plus.cpp: [cust_aeGetLiveHdrState] [cust_aeGetLiveHdrState] i4LiveHdrMode(0), ret(101)
02-11 10:12:19.501  1042 27276 I sec_custom_ta11plus.cpp: [cust_shotConditionForSEC] [cust_shotConditionForSEC][param in], idx(1), facing(1), BV(87), nightBv(947) gain(5.100000), zoomRto(1.000000), hdrState(101), isFlash(0), shootingmode(0), gyro(0), Cwr(794), DynamicRange(6314), sunDetectionInfo(0)
02-11 10:12:19.501  1042 27276 I sec_custom_ta11plus.cpp: [cust_shotConditionForSEC] [cust_shotConditionForSEC] jpegW/H(0/0), bIsSECApplication(0)
02-11 10:12:19.501  1042 27276 I sec_custom_ta11plus.cpp: [cust_refineHdrStateByLLSFlag] [cust_refineHdrStateByLLSFlag][param in] idx(1), i4LiveHdrState(101)
02-11 10:12:19.501  1042 27276 I sec_custom_ta11plus.cpp: [cust_refineHdrStateByLLSFlag] [cust_refineHdrStateByLLSFlag][param out] idx(1), ret(101), i4LiveHdrState(101), curLlsFlag(0),  c0(0), c1(0)
02-11 10:12:19.501  1042 27276 I sec_custom_ta11plus.cpp: [cust_getSECGyroState] [cust_getSECGyroState] gyroState(1)
02-11 10:12:19.501  1042 27276 I Hal3ACustomImp: [removePartialMetasetAppTag] [removePartialMetasetAppTag] [idx(1)] Hal3A Plug-in
02-11 10:12:19.503  1042 27278 I TsfImp  : [getLscIspInfo] dac_prev(0)
02-11 10:12:19.503  1042 27278 W Hal3AImp_v1_0: [On3AFinish] [idx(1)] [STT](#4f00000047) No valid 3A result, calculation might be canceled by stream-off
02-11 10:12:19.504  1042 27278 I Hal3ACustomImp: [convertToPartialMetaset2A] [convertToPartialMetaset2A] [idx(1)] Hal3A Plug-in
02-11 10:12:19.504  1042 27278 W MtkCbAdptor: [1-CoreConverter::convertResult] failed to setEntry, MTK_HALCORE_CALLBACK_REALTIME_MODE
02-11 10:12:19.509  1042  1547 I DipDrv  : [dipfr_update_tdr] src_tdr_idx(2) ofst:5910912 va:0x758a03a180 iova:3d8da3180 tdr_sz(10896)
02-11 10:12:19.509  1042  1547 I PQDIPDrv: [pqdip_update_tdr] src_tdr_ridx(2) va:0x75f6d1fc00, iova:3d7f89c00 tdr_sz(1392) set to dst_tdr_ridx(8)
02-11 10:12:19.510  1042 27282 I RequestRegulator: Cam::1 [signal] VSirq : SofIdx(221703), getSofIdx(221702/1), processed(74<->73), CamsysFrameSequence(73)
02-11 10:12:19.511  1042 27287 I Hal3ACustomImp: [convertToSetting3A] [convertToSetting3A] [idx(1)] Hal3A Plug-in
02-11 10:12:19.511  1042 25435 I MtkCam/ZoomRatioConverter: [UpdateZoomRatio] pillarboxed crop zoom, ratio:1.000000
02-11 10:12:19.511  1042 25435 W mtkcam-capturesession: [1-CaptureSessionDefault::onGetSharedSteramPoolAllocSize] poolSize 1 -> 0.000000 fail (map is empty) !!
02-11 10:12:19.512  1042 25435 I Hal3ACustomImp: [setControl] [setControl] [idx(1)] Hal3A Plug-in
02-11 10:12:19.512  1042 25435 I Hal3ACustomImp: [convertToRequest] [convertToRequest] [idx(1)] Hal3A Plug-in
02-11 10:12:19.512  1042 25435 I Hal3ACustomImp: [operator()] Prev/Curr CaptureIntent: (3 / 3)
02-11 10:12:19.512  1042 25435 I sec_custom_ta11plus.cpp: [cust_getIsSECApplication] [cust_getIsSECApplication] gIsSECApplication(0)
02-11 10:12:19.512  1042 25435 I sec_custom_ta11plus.cpp: [cust_getIsSECApplication] [cust_getIsSECApplication] gIsSECApplication(0)
02-11 10:12:19.512  1042 25435 I sec_custom_ta11plus.cpp: [cust_multiFrameCtrlForSEC] [cust_multiFrameCtrlForSEC][param in], idx(1), facing(1), i4ShotHint(0), ae_lock(0), ae_exp_index(0), awb_lock(0), pause_af(0)
02-11 10:12:19.512  1042 25435 I sec_custom_ta11plus.cpp: [cust_multiFrameCtrlForSEC] [cust_multiFrameCtrlForSEC][param in], date.0130, curCapCnt(0), curLlsFlag(0), isRemosaic(0), resetAELock(0), bIsSECApplication(0), i4ShootingMode(0), cntWaitAELock(0)
02-11 10:12:19.514  1003 17025 D AudioDspStreamManager: getDspTaskA2DPStatus(), mDspTaskA2DPActive = 0
02-11 10:12:19.515  1042  1540 I mtkcam_hal_legacy2android_device: [convertStreamBuffer] [debug chingchi] requestStreamBuffer bufferHandle:0xb4000076eaf92af0, bufferId:0xb40000777afa1818
02-11 10:12:19.535  1003 17025 D AudioDspStreamManager: getDspTaskA2DPStatus(), mDspTaskA2DPActive = 0
02-11 10:12:19.542  1042 27278 W HalBlackBoard: [readBoard] [idx(1)] ASSERTION: req(#0x5000000045/#69) has been flushed out, current index is req(#0x5000000048/#72)!
02-11 10:12:19.542  1042 27276 I Hal3ACustomImp: [getResult] [getResult] [idx(1)] Hal3A Plug-in
02-11 10:12:19.542  1042 27276 I Hal3ACustomImp: [convertToMetaset] [convertToMetaset] [idx(1)] Hal3A Plug-in
02-11 10:12:19.542  1042 27276 I sec_custom_ta11plus.cpp: [cust_getIsSECApplication] [cust_getIsSECApplication] gIsSECApplication(0)
02-11 10:12:19.542  1042 27276 I sec_custom_ta11plus.cpp: [cust_getIsSECApplication] [cust_getIsSECApplication] gIsSECApplication(0)
02-11 10:12:19.542  1042 27276 I sec_custom_ta11plus.cpp: [cust_aeGetLiveHdrState] [cust_aeGetLiveHdrState] i4LiveHdrMode(0), ret(101)
02-11 10:12:19.542  1042 27276 I sec_custom_ta11plus.cpp: [cust_shotConditionForSEC] [cust_shotConditionForSEC][param in], idx(1), facing(1), BV(87), nightBv(947) gain(5.100000), zoomRto(1.000000), hdrState(101), isFlash(0), shootingmode(0), gyro(0), Cwr(795), DynamicRange(6314), sunDetectionInfo(0)
02-11 10:12:19.542  1042 27276 I sec_custom_ta11plus.cpp: [cust_shotConditionForSEC] [cust_shotConditionForSEC] jpegW/H(0/0), bIsSECApplication(0)
02-11 10:12:19.542  1042 27276 I sec_custom_ta11plus.cpp: [cust_refineHdrStateByLLSFlag] [cust_refineHdrStateByLLSFlag][param in] idx(1), i4LiveHdrState(101)
02-11 10:12:19.542  1042 27276 I sec_custom_ta11plus.cpp: [cust_refineHdrStateByLLSFlag] [cust_refineHdrStateByLLSFlag][param out] idx(1), ret(101), i4LiveHdrState(101), curLlsFlag(0),  c0(0), c1(0)
02-11 10:12:19.542  1042 27276 I sec_custom_ta11plus.cpp: [cust_getSECGyroState] [cust_getSECGyroState] gyroState(1)
02-11 10:12:19.542  1042 27276 I Hal3ACustomImp: [removePartialMetasetAppTag] [removePartialMetasetAppTag] [idx(1)] Hal3A Plug-in
02-11 10:12:19.545  1042 27278 I TsfImp  : [getLscIspInfo] dac_prev(0)
02-11 10:12:19.545  1042 27278 W Hal3AImp_v1_0: [On3AFinish] [idx(1)] [STT](#5000000048) No valid 3A result, calculation might be canceled by stream-off
02-11 10:12:19.545  1042 27278 I Hal3ACustomImp: [convertToPartialMetaset2A] [convertToPartialMetaset2A] [idx(1)] Hal3A Plug-in
02-11 10:12:19.546  1042 27278 W MtkCbAdptor: [1-CoreConverter::convertResult] failed to setEntry, MTK_HALCORE_CALLBACK_REALTIME_MODE
02-11 10:12:19.550  1042  1547 I DipDrv  : [dipfr_update_tdr] src_tdr_idx(6) ofst:6492544 va:0x758a0c8180 iova:3d8e31180 tdr_sz(10896)
