02-11 10:08:27.528 23211 24003 D CCodecConfig: c2 config diff is   c2::u32 coded.bitrate.value = 43023
02-11 10:08:27.678 23211 24003 D CCodecConfig: c2 config diff is   c2::u32 coded.bitrate.value = 44398
02-11 10:08:27.891 23211 24003 D CCodecConfig: c2 config diff is   c2::u32 coded.bitrate.value = 44668
02-11 10:08:28.137 23211 24003 D CCodecConfig: c2 config diff is   c2::u32 coded.bitrate.value = 45640
02-11 10:08:28.215 23211 24003 D CCodecConfig: c2 config diff is   c2::u32 coded.bitrate.value = 30061
02-11 10:08:28.358 23211 24003 D CCodecConfig: c2 config diff is   c2::u32 coded.bitrate.value = 30000
02-11 10:08:28.502 23211 23211 D MediaRouter: onRestoreRoute() : route=RouteInfo{ name=, description=null, status=null, category=RouteCategory{ name= types=ROUTE_TYPE_LIVE_AUDIO ROUTE_TYPE_LIVE_VIDEO  groupable=false }, supportedTypes=ROUTE_TYPE_LIVE_AUDIO ROUTE_TYPE_LIVE_VIDEO , presentationDisplay=null }
02-11 10:08:28.502 23211 23211 V MediaRouter: Selecting route: RouteInfo{ name=, description=null, status=null, category=RouteCategory{ name= types=ROUTE_TYPE_LIVE_AUDIO ROUTE_TYPE_LIVE_VIDEO  groupable=false }, supportedTypes=ROUTE_TYPE_LIVE_AUDIO ROUTE_TYPE_LIVE_VIDEO , presentationDisplay=null }
02-11 10:08:31.013 23211 23211 I InsetsController: onStateChanged: host=kr.co.kyowon.videolesson.play/com.kyowon.livechat_lib.MeetingActivity, from=android.view.ViewRootImpl.onInsetsStateChanged:3031, state=InsetsState: {mDisplayFrame=Rect(0, 0 - 1920, 1200), mDisplayCutout=DisplayCutout{insets=Rect(0, 0 - 0, 0) waterfall=Insets{left=0, top=0, right=0, bottom=0} boundingRect={Bounds=[Rect(0, 0 - 0, 0), Rect(0, 0 - 0, 0), Rect(0, 0 - 0, 0), Rect(0, 0 - 0, 0)]} cutoutPathParserInfo={CutoutPathParserInfo{displayWidth=0 displayHeight=0 physicalDisplayWidth=0 physicalDisplayHeight=0 density={0.0} cutoutSpec={} rotation={0} scale={0.0} physicalPixelDisplaySizeRatio={0.0}}} sideOverrides=null}, mRoundedCorners=RoundedCorners{[RoundedCorner{position=TopLeft, radius=20, center=Point(20, 20)}, RoundedCorner{position=TopRight, radius=20, center=Point(1900, 20)}, RoundedCorner{position=BottomRight, radius=20, center=Point(1900, 1180)}, RoundedCorner{position=BottomLeft, radius=20, center=Point(20, 1180)}]}  mRoundedCornerFrame=Rect(0, 0 - 1920, 1200), mPrivacyIndicatorBounds=PrivacyIndicatorBounds {static bounds=Rect(1854, 0 - 1920, 45) rotation=1}, mDisplayShape=DisplayShape{ spec=-311912193 displayWidth=1200 displayHeight=1920 physicalPixelDisplaySizeRatio=1.0 rotation=1 offsetX=0 offsetY=0 scale=1.0}, mSources= { InsetsSource: {d4260000 mType=statusBars mFrame=[0,0][1920,45] mVisible=true mFlags= mSideHint=TOP mBoundingRects=null}, InsetsSource: {d4260005 mType=mandatorySystemGestures mFrame=[0,0][1920,45] mVisible=true mFlags= mSideHint=TOP mBoundingRects=null}, InsetsSource: {d4260006 mType=tappableElement mFrame=[0,0][1920,45] mVisible=true mFlags= mSideHint=TOP mBoundingRects=null}, InsetsSource: {f8790001 mType=navigationBars mFrame=[0,1128][1920,1200] mVisible=false mFlags= mSideHint=BOTTOM mBoundingRects=null}, InsetsSource: {f8790004 mType=systemGestures mFrame=[0,0][0,0] mVisible=true mFlags= mSideHint=NONE mBoundingRects=null}, InsetsSource: {f8790005 mType=mandatorySystemGestures mFrame=[0,1128][1920,1200] mVisible=true mFlags= mSideHint=BOTTOM mBoundingRects=null}, InsetsSource: {f8790006 mType=tappableElement mFrame=[0,1128][1920,1200] mVisible=true mFlags= mSideHint=BOTTOM mBoundingRects=null}, InsetsSource: {f8790024 mType=systemGestures mFrame=[0,0][0,0] mVisible=true mFlags= mSideHint=NONE mBoundingRects=null}, InsetsSource: {3 mType=ime mFrame=[0,0][0,0] mVisible=false mFlags= mSideHint=NONE mBoundingRects=null} }
02-11 10:08:31.014 23211 23211 I InsetsController: controlAnimationUncheckedInner: Added types=statusBars, animType=1, host=kr.co.kyowon.videolesson.play/com.kyowon.livechat_lib.MeetingActivity, from=android.view.InsetsController.controlAnimationUnchecked:1620 android.view.InsetsController.applyAnimation:2429 android.view.InsetsController.applyAnimation:2355 
02-11 10:08:31.014 23211 23211 I VRI[MainActivity]@d928196: handleResized, frames=ClientWindowFrames{frame=[0,0][1920,1200] display=[0,0][1920,1200] parentFrame=[0,0][0,0]} displayId=0 dragResizing=false compatScale=1.0 frameChanged=false attachedFrameChanged=false configChanged=false displayChanged=false compatScaleChanged=false dragResizingChanged=false
02-11 10:08:31.014 23211 23211 I InsetsController: onStateChanged: host=kr.co.kyowon.videolesson.play/com.kyowon.livechat_lib.MeetingActivity, from=android.view.ViewRootImpl.onInsetsStateChanged:3031, state=InsetsState: {mDisplayFrame=Rect(0, 0 - 1920, 1200), mDisplayCutout=DisplayCutout{insets=Rect(0, 0 - 0, 0) waterfall=Insets{left=0, top=0, right=0, bottom=0} boundingRect={Bounds=[Rect(0, 0 - 0, 0), Rect(0, 0 - 0, 0), Rect(0, 0 - 0, 0), Rect(0, 0 - 0, 0)]} cutoutPathParserInfo={CutoutPathParserInfo{displayWidth=0 displayHeight=0 physicalDisplayWidth=0 physicalDisplayHeight=0 density={0.0} cutoutSpec={} rotation={0} scale={0.0} physicalPixelDisplaySizeRatio={0.0}}} sideOverrides=null}, mRoundedCorners=RoundedCorners{[RoundedCorner{position=TopLeft, radius=20, center=Point(20, 20)}, RoundedCorner{position=TopRight, radius=20, center=Point(1900, 20)}, RoundedCorner{position=BottomRight, radius=20, center=Point(1900, 1180)}, RoundedCorner{position=BottomLeft, radius=20, center=Point(20, 1180)}]}  mRoundedCornerFrame=Rect(0, 0 - 1920, 1200), mPrivacyIndicatorBounds=PrivacyIndicatorBounds {static bounds=Rect(1854, 0 - 1920, 45) rotation=1}, mDisplayShape=DisplayShape{ spec=-311912193 displayWidth=1200 displayHeight=1920 physicalPixelDisplaySizeRatio=1.0 rotation=1 offsetX=0 offsetY=0 scale=1.0}, mSources= { InsetsSource: {d4260000 mType=statusBars mFrame=[0,0][1920,45] mVisible=false mFlags= mSideHint=TOP mBoundingRects=null}, InsetsSource: {d4260005 mType=mandatorySystemGestures mFrame=[0,0][1920,45] mVisible=true mFlags= mSideHint=TOP mBoundingRects=null}, InsetsSource: {d4260006 mType=tappableElement mFrame=[0,0][1920,45] mVisible=true mFlags= mSideHint=TOP mBoundingRects=null}, InsetsSource: {f8790001 mType=navigationBars mFrame=[0,1128][1920,1200] mVisible=false mFlags= mSideHint=BOTTOM mBoundingRects=null}, InsetsSource: {f8790004 mType=systemGestures mFrame=[0,0][0,0] mVisible=true mFlags= mSideHint=NONE mBoundingRects=null}, InsetsSource: {f8790005 mType=mandatorySystemGestures mFrame=[0,1128][1920,1200] mVisible=true mFlags= mSideHint=BOTTOM mBoundingRects=null}, InsetsSource: {f8790006 mType=tappableElement mFrame=[0,1128][1920,1200] mVisible=true mFlags= mSideHint=BOTTOM mBoundingRects=null}, InsetsSource: {f8790024 mType=systemGestures mFrame=[0,0][0,0] mVisible=true mFlags= mSideHint=NONE mBoundingRects=null}, InsetsSource: {3 mType=ime mFrame=[0,0][0,0] mVisible=false mFlags= mSideHint=NONE mBoundingRects=null} }
02-11 10:08:31.014 23211 23211 I VRI[MeetingActivity]@f34625f: handleResized, frames=ClientWindowFrames{frame=[0,0][1920,1200] display=[0,0][1920,1200] parentFrame=[0,0][0,0]} displayId=0 dragResizing=false compatScale=1.0 frameChanged=false attachedFrameChanged=false configChanged=false displayChanged=false compatScaleChanged=false dragResizingChanged=false
02-11 10:08:31.014 23211 23211 I VRI[PopupWindow:9814413]@6da7049: handleResized, frames=ClientWindowFrames{frame=[0,0][0,1200] display=[0,0][1920,1200] parentFrame=[0,0][0,0] attachedFrame=[0,0][1920,1200]} displayId=0 dragResizing=false compatScale=1.0 frameChanged=false attachedFrameChanged=false configChanged=false displayChanged=false compatScaleChanged=false dragResizingChanged=false
02-11 10:08:31.393 23211 23211 I InsetsController: cancelAnimation: types=statusBars, animType=1, host=kr.co.kyowon.videolesson.play/com.kyowon.livechat_lib.MeetingActivity, from=android.view.InsetsController.notifyFinished:2018 android.view.InsetsAnimationThreadControlRunner$1.lambda$notifyFinished$0:82 android.view.InsetsAnimationThreadControlRunner$1.$r8$lambda$cDFF0h4Ncq-8EXdGszv69jrUu7c:0 
02-11 10:08:31.979 23211 23942 D BufferPoolAccessor2.0: bufferpool2 0xb400007185471a08 : 9(18874368 size) total buffers - 9(18874368 size) used buffers - 4710/4720 (recycle/alloc) - 17/4712 (fetch/transfer)
02-11 10:08:37.056 23211 23942 D BufferPoolAccessor2.0: bufferpool2 0xb400007185471a08 : 9(18874368 size) total buffers - 9(18874368 size) used buffers - 4861/4871 (recycle/alloc) - 17/4863 (fetch/transfer)
02-11 10:08:38.988 23211 23215 I ideolesson.play: Background concurrent mark compact GC freed 10MB AllocSpace bytes, 0(0B) LOS objects, 49% free, 10MB/21MB, paused 806us,1.885ms total 119.021ms
02-11 10:08:39.420 23211 23942 D PipelineWatcher: onInputBufferReleased: frameIndex not found (3463); ignored
02-11 10:08:39.922 23211 23942 D PipelineWatcher: onInputBufferReleased: frameIndex not found (3471); ignored
02-11 10:08:40.428 23211 23942 D PipelineWatcher: onInputBufferReleased: frameIndex not found (3477); ignored
02-11 10:08:42.136 23211 23937 D BufferPoolAccessor2.0: bufferpool2 0xb400007185471a08 : 9(18874368 size) total buffers - 8(16777216 size) used buffers - 5011/5021 (recycle/alloc) - 17/5014 (fetch/transfer)
02-11 10:08:47.293 23211 23937 D BufferPoolAccessor2.0: bufferpool2 0xb400007185471a08 : 9(18874368 size) total buffers - 8(16777216 size) used buffers - 5164/5174 (recycle/alloc) - 17/5167 (fetch/transfer)
02-11 10:08:49.573 23211 23942 D PipelineWatcher: onInputBufferReleased: frameIndex not found (3595); ignored
02-11 10:08:52.389 23211 23942 D BufferPoolAccessor2.0: bufferpool2 0xb400007185471a08 : 9(18874368 size) total buffers - 9(18874368 size) used buffers - 5317/5327 (recycle/alloc) - 17/5319 (fetch/transfer)
02-11 10:08:52.790 23211 23254 I com.kyowon.kw_video_sdk.utils.PostLogger: PostLogger sent: 200
02-11 10:08:52.790 23211 23254 D VideoViewManager: postLogger send complete
02-11 10:08:53.121 23211 23942 D PipelineWatcher: onInputBufferReleased: frameIndex not found (3636); ignored
02-11 10:08:55.881 23211 24003 D CCodecConfig: c2 config diff is   c2::u32 coded.bitrate.value = 30223
02-11 10:08:55.931 23211 24003 D CCodecConfig: c2 config diff is   c2::u32 coded.bitrate.value = 30000
02-11 10:08:56.201 23211 24003 D CCodecConfig: c2 config diff is   c2::u32 coded.bitrate.value = 30090
02-11 10:08:56.431 23211 24003 D CCodecConfig: c2 config diff is   c2::u32 coded.bitrate.value = 30000
02-11 10:08:56.470 23211 24003 D CCodecConfig: c2 config diff is   c2::u32 coded.bitrate.value = 30450
02-11 10:08:56.808 23211 24003 D CCodecConfig: c2 config diff is   c2::u32 coded.bitrate.value = 30377
02-11 10:08:56.843 23211 24003 D CCodecConfig: c2 config diff is   c2::u32 coded.bitrate.value = 30571
02-11 10:08:57.094 23211 24003 D CCodecConfig: c2 config diff is   c2::u32 coded.bitrate.value = 30744
02-11 10:08:57.354 23211 24003 D CCodecConfig: c2 config diff is   c2::u32 coded.bitrate.value = 31461
02-11 10:08:57.411 23211 24003 D CCodecConfig: c2 config diff is   c2::u32 coded.bitrate.value = 31512
02-11 10:08:57.459 23211 23942 D BufferPoolAccessor2.0: bufferpool2 0xb400007185471a08 : 9(18874368 size) total buffers - 9(18874368 size) used buffers - 5468/5478 (recycle/alloc) - 17/5470 (fetch/transfer)
02-11 10:08:57.643 23211 24003 D CCodecConfig: c2 config diff is   c2::u32 coded.bitrate.value = 32094
02-11 10:08:57.848 23211 24003 D CCodecConfig: c2 config diff is   c2::u32 coded.bitrate.value = 31494
02-11 10:08:57.890 23211 24003 D CCodecConfig: c2 config diff is   c2::u32 coded.bitrate.value = 32652
02-11 10:08:58.102 23211 24003 D CCodecConfig: c2 config diff is   c2::u32 coded.bitrate.value = 33560
02-11 10:08:58.143 23211 24003 D CCodecConfig: c2 config diff is   c2::u32 coded.bitrate.value = 33363
02-11 10:08:58.314 23211 24003 D CCodecConfig: c2 config diff is   c2::u32 coded.bitrate.value = 32975
02-11 10:08:58.348 23211 24003 D CCodecConfig: c2 config diff is   c2::u32 coded.bitrate.value = 34420
02-11 10:08:58.565 23211 24003 D CCodecConfig: c2 config diff is   c2::u32 coded.bitrate.value = 35716
02-11 10:08:58.770 23211 24003 D CCodecConfig: c2 config diff is   c2::u32 coded.bitrate.value = 36516
02-11 10:08:58.852 23211 24003 D CCodecConfig: c2 config diff is   c2::u32 coded.bitrate.value = 36739
02-11 10:08:59.020 23211 24003 D CCodecConfig: c2 config diff is   c2::u32 coded.bitrate.value = 38740
02-11 10:08:59.106 23211 24003 D CCodecConfig: c2 config diff is   c2::u32 coded.bitrate.value = 38724
02-11 10:08:59.228 23211 24003 D CCodecConfig: c2 config diff is   c2::u32 coded.bitrate.value = 40299
02-11 10:08:59.271 23211 24003 D CCodecConfig: c2 config diff is   c2::u32 coded.bitrate.value = 40408
02-11 10:08:59.438 23211 24003 D CCodecConfig: c2 config diff is   c2::u32 coded.bitrate.value = 41798
02-11 10:08:59.482 23211 24003 D CCodecConfig: c2 config diff is   c2::u32 coded.bitrate.value = 42027
02-11 10:08:59.646 23211 24003 D CCodecConfig: c2 config diff is   c2::u32 coded.bitrate.value = 43945
02-11 10:08:59.690 23211 24003 D CCodecConfig: c2 config diff is   c2::u32 coded.bitrate.value = 44095
02-11 10:08:59.818 23211 23942 D PipelineWatcher: onInputBufferReleased: frameIndex not found (3767); ignored
02-11 10:08:59.852 23211 24003 D CCodecConfig: c2 config diff is   c2::u32 coded.bitrate.value = 46054
02-11 10:08:59.902 23211 24003 D CCodecConfig: c2 config diff is   c2::u32 coded.bitrate.value = 46136
02-11 10:09:00.023 23211 23942 D PipelineWatcher: onInputBufferReleased: frameIndex not found (3772); ignored
02-11 10:09:00.062 23211 24003 D CCodecConfig: c2 config diff is   c2::u32 coded.bitrate.value = 47323
02-11 10:09:00.110 23211 24003 D CCodecConfig: c2 config diff is   c2::u32 coded.bitrate.value = 49670
02-11 10:09:00.357 23211 24003 D CCodecConfig: c2 config diff is   c2::u32 coded.bitrate.value = 52416
02-11 10:09:00.612 23211 24003 D CCodecConfig: c2 config diff is   c2::u32 coded.bitrate.value = 56137
02-11 10:09:00.817 23211 24003 D CCodecConfig: c2 config diff is   c2::u32 coded.bitrate.value = 60111
02-11 10:09:00.859 23211 24003 D CCodecConfig: c2 config diff is   c2::u32 coded.bitrate.value = 60603
02-11 10:09:01.025 23211 24003 D CCodecConfig: c2 config diff is   c2::u32 coded.bitrate.value = 63033
02-11 10:09:01.235 23211 23942 D PipelineWatcher: onInputBufferReleased: frameIndex not found (3801); ignored
02-11 10:09:01.238 23211 24003 D CCodecConfig: c2 config diff is   c2::u32 coded.bitrate.value = 67033
02-11 10:09:01.442 23211 24003 D CCodecConfig: c2 config diff is   c2::u32 coded.bitrate.value = 70614
02-11 10:09:01.487 23211 24003 D CCodecConfig: c2 config diff is   c2::u32 coded.bitrate.value = 70932
02-11 10:09:01.613 23211 24003 D CCodecConfig: c2 config diff is   c2::u32 coded.bitrate.value = 71989
02-11 10:09:01.667 23211 24003 D CCodecConfig: c2 config diff is   c2::u32 coded.bitrate.value = 73969
02-11 10:09:01.736 23211 24003 D CCodecConfig: c2 config diff is   c2::u32 coded.bitrate.value = 74827
02-11 10:09:01.864 23211 24003 D CCodecConfig: c2 config diff is   c2::u32 coded.bitrate.value = 77147
02-11 10:09:02.113 23211 24003 D CCodecConfig: c2 config diff is   c2::u32 coded.bitrate.value = 79751
02-11 10:09:02.249 23211 24003 D CCodecConfig: c2 config diff is   c2::u32 coded.bitrate.value = 80928
02-11 10:09:02.364 23211 24003 D CCodecConfig: c2 config diff is   c2::u32 coded.bitrate.value = 83411
02-11 10:09:02.522 23211 23937 D BufferPoolAccessor2.0: bufferpool2 0xb400007185471a08 : 9(18874368 size) total buffers - 8(16777216 size) used buffers - 5618/5628 (recycle/alloc) - 17/5621 (fetch/transfer)
02-11 10:09:02.529 23211 24003 D CCodecConfig: c2 config diff is   c2::u32 coded.bitrate.value = 85947
02-11 10:09:02.575 23211 24003 D CCodecConfig: c2 config diff is   c2::u32 coded.bitrate.value = 86020
02-11 10:09:02.740 23211 24003 D CCodecConfig: c2 config diff is   c2::u32 coded.bitrate.value = 88115
02-11 10:09:02.778 23211 24003 D CCodecConfig: c2 config diff is   c2::u32 coded.bitrate.value = 88182
02-11 10:09:02.866 23211 24003 D CCodecConfig: c2 config diff is   c2::u32 coded.bitrate.value = 88316
02-11 10:09:03.001 23211 24003 D CCodecConfig: c2 config diff is   c2::u32 coded.bitrate.value = 90410
02-11 10:09:03.156 23211 24003 D CCodecConfig: c2 config diff is   c2::u32 coded.bitrate.value = 92336
02-11 10:09:03.413 23211 24003 D CCodecConfig: c2 config diff is   c2::u32 coded.bitrate.value = 93970
02-11 10:09:03.622 23211 24003 D CCodecConfig: c2 config diff is   c2::u32 coded.bitrate.value = 95346
02-11 10:09:03.674 23211 24003 D CCodecConfig: c2 config diff is   c2::u32 coded.bitrate.value = 95583
02-11 10:09:03.832 23211 24003 D CCodecConfig: c2 config diff is   c2::u32 coded.bitrate.value = 96837
02-11 10:09:03.868 23211 24003 D CCodecConfig: c2 config diff is   c2::u32 coded.bitrate.value = 96897
02-11 10:09:03.911 23211 24003 D CCodecConfig: c2 config diff is   c2::u32 coded.bitrate.value = 96383
02-11 10:09:04.033 23211 24003 D CCodecConfig: c2 config diff is   c2::u32 coded.bitrate.value = 97443
02-11 10:09:04.079 23211 24003 D CCodecConfig: c2 config diff is   c2::u32 coded.bitrate.value = 97518
02-11 10:09:04.200 23211 24003 D CCodecConfig: c2 config diff is   c2::u32 coded.bitrate.value = 62841
02-11 10:09:04.248 23211 24003 D CCodecConfig: c2 config diff is   c2::u32 coded.bitrate.value = 62795
02-11 10:09:04.413 23211 24003 D CCodecConfig: c2 config diff is   c2::u32 coded.bitrate.value = 62402
02-11 10:09:04.498 23211 24003 D CCodecConfig: c2 config diff is   c2::u32 coded.bitrate.value = 62728
02-11 10:09:04.705 23211 24003 D CCodecConfig: c2 config diff is   c2::u32 coded.bitrate.value = 63948
02-11 10:09:04.870 23211 24003 D CCodecConfig: c2 config diff is   c2::u32 coded.bitrate.value = 64057
02-11 10:09:04.922 23211 24003 D CCodecConfig: c2 config diff is   c2::u32 coded.bitrate.value = 66085
02-11 10:09:05.078 23211 24003 D CCodecConfig: c2 config diff is   c2::u32 coded.bitrate.value = 67942
02-11 10:09:05.125 23211 24003 D CCodecConfig: c2 config diff is   c2::u32 coded.bitrate.value = 67992
02-11 10:09:05.336 23211 24003 D CCodecConfig: c2 config diff is   c2::u32 coded.bitrate.value = 69890
02-11 10:09:05.376 23211 24003 D CCodecConfig: c2 config diff is   c2::u32 coded.bitrate.value = 69942
02-11 10:09:05.483 23211 24003 D CCodecConfig: c2 config diff is   c2::u32 coded.bitrate.value = 69600
02-11 10:09:05.500 23211 24003 D CCodecConfig: c2 config diff is   c2::u32 coded.bitrate.value = 70971
02-11 10:09:05.544 23211 24003 D CCodecConfig: c2 config diff is   c2::u32 coded.bitrate.value = 70572
02-11 10:09:05.707 23211 24003 D CCodecConfig: c2 config diff is   c2::u32 coded.bitrate.value = 72465
02-11 10:09:05.872 23211 24003 D CCodecConfig: c2 config diff is   c2::u32 coded.bitrate.value = 72733
02-11 10:09:05.980 23211 24003 D CCodecConfig: c2 config diff is   c2::u32 coded.bitrate.value = 74923
02-11 10:09:06.186 23211 24003 D CCodecConfig: c2 config diff is   c2::u32 coded.bitrate.value = 77078
02-11 10:09:06.290 23211 24003 D CCodecConfig: c2 config diff is   c2::u32 coded.bitrate.value = 77226
02-11 10:09:06.380 23211 24003 D CCodecConfig: c2 config diff is   c2::u32 coded.bitrate.value = 78310
02-11 10:09:06.611 23211 24003 D CCodecConfig: c2 config diff is   c2::u32 coded.bitrate.value = 80714
02-11 10:09:06.632 23211 24003 D CCodecConfig: c2 config diff is   c2::u32 coded.bitrate.value = 80741
02-11 10:09:06.836 23211 24003 D CCodecConfig: c2 config diff is   c2::u32 coded.bitrate.value = 82323
02-11 10:09:06.880 23211 24003 D CCodecConfig: c2 config diff is   c2::u32 coded.bitrate.value = 82665
02-11 10:09:07.089 23211 24003 D CCodecConfig: c2 config diff is   c2::u32 coded.bitrate.value = 85341
02-11 10:09:07.294 23211 24003 D CCodecConfig: c2 config diff is   c2::u32 coded.bitrate.value = 88349
02-11 10:09:07.509 23211 24003 D CCodecConfig: c2 config diff is   c2::u32 coded.bitrate.value = 90900
02-11 10:09:07.600 23211 23937 D BufferPoolAccessor2.0: bufferpool2 0xb400007185471a08 : 9(18874368 size) total buffers - 8(16777216 size) used buffers - 5769/5779 (recycle/alloc) - 17/5772 (fetch/transfer)
02-11 10:09:07.725 23211 24003 D CCodecConfig: c2 config diff is   c2::u32 coded.bitrate.value = 92788
02-11 10:09:07.758 23211 24003 D CCodecConfig: c2 config diff is   c2::u32 coded.bitrate.value = 92702
02-11 10:09:07.883 23211 24003 D CCodecConfig: c2 config diff is   c2::u32 coded.bitrate.value = 92788
02-11 10:09:07.920 23211 24003 D CCodecConfig: c2 config diff is   c2::u32 coded.bitrate.value = 95232
02-11 10:09:07.963 23211 24003 D CCodecConfig: c2 config diff is   c2::u32 coded.bitrate.value = 95146
02-11 10:09:08.095 23211 24003 D CCodecConfig: c2 config diff is   c2::u32 coded.bitrate.value = 95738
02-11 10:09:08.150 23211 24003 D CCodecConfig: c2 config diff is   c2::u32 coded.bitrate.value = 98531
02-11 10:09:08.396 23211 24003 D CCodecConfig: c2 config diff is   c2::u32 coded.bitrate.value = 101271
02-11 10:09:08.591 23211 24003 D CCodecConfig: c2 config diff is   c2::u32 coded.bitrate.value = 104610
02-11 10:09:08.667 23211 23211 E VideoViewManager: onRemoteVideoSourceUnavailable
02-11 10:09:08.672 23211 23211 I VideoViewManager: ====> onVideoTileRemoved 1 Unpaused
02-11 10:09:08.673 23211 23211 I SurfaceRenderView: Releasing render view
02-11 10:09:08.673 23211 23211 I DefaultEglRenderer: Releasing EGL renderer
02-11 10:09:08.690 23211 23971 D libMEOW : meow delete tls: 0xb4000070e5a5f7c0
02-11 10:09:08.701 23211 23883 I Logging : AndroidVideoDecoder: release
02-11 10:09:08.718 23211 24003 D CCodecConfig: c2 config diff is   c2::u32 coded.bitrate.value = 500000
02-11 10:09:08.731 23211 23211 I VideoViewManager: ====> onAttendeesLeft 1
02-11 10:09:08.732 23211 23211 I SV[110965653 MeetingActivity]: onWindowVisibilityChanged(8) false com.amazonaws.services.chime.sdk.meetings.audiovideo.video.DefaultVideoRenderView{69d3395 V.E...... ........ 0,0-803,623 #7f09011b app:id/kwVideoView} of VRI[MeetingActivity]@f34625f
02-11 10:09:08.732 23211 23211 I SurfaceView: 110965653 Changes: creating=false format=false size=false visible=true alpha=false hint=false left=false top=false z=false attached=true lifecycleStrategy=false
02-11 10:09:08.732 23211 23211 I SurfaceView: 110965653 Cur surface: Surface(name=null mNativeObject=-5476376665489491472)/@0xc5d6cea
02-11 10:09:08.732 23211 23211 I SurfaceView: 110965653 surfaceDestroyed
02-11 10:09:08.732 23211 23211 I SV[110965653 MeetingActivity]: surfaceDestroyed callback.size 1 #2 com.amazonaws.services.chime.sdk.meetings.audiovideo.video.DefaultVideoRenderView{69d3395 V.E...... ........ 0,0-803,623 #7f09011b app:id/kwVideoView}
02-11 10:09:08.732 23211 23211 I SurfaceRenderView: Surface destroyed, releasing EGL surface
02-11 10:09:08.732 23211 23211 I SV[110965653 MeetingActivity]: updateSurface: mVisible = false mSurface.isValid() = true
02-11 10:09:08.732 23211 23211 I BLASTBufferQueue: [69d3395 SurfaceView[kr.co.kyowon.videolesson.play/com.kyowon.livechat_lib.MeetingActivity]@0#7](f:0,a:3,s:0) destructor()
02-11 10:09:08.732 23211 23211 D BufferQueueConsumer: [69d3395 SurfaceView[kr.co.kyowon.videolesson.play/com.kyowon.livechat_lib.MeetingActivity]@0#7(BLAST Consumer)7](id:5aab0000000a,api:0,p:-1,c:23211) disconnect
02-11 10:09:08.733 23211 23211 I SV[110965653 MeetingActivity]: releaseSurfaces: viewRoot = VRI[MeetingActivity]@f34625f
02-11 10:09:08.735 23211 23211 V SurfaceView: Layout: x=134 y=269 w=803 h=623, frame=Rect(0, 0 - 803, 623)
02-11 10:09:08.736 23211 23211 I SurfaceView: 110965653 Detaching SV
02-11 10:09:08.736 23211 23211 I SurfaceView: 110965653 Changes: creating=false format=false size=false visible=false alpha=false hint=false left=false top=false z=false attached=false lifecycleStrategy=false
02-11 10:09:08.736 23211 23211 I SV[110965653 MeetingActivity]: onDetachedFromWindow: tryReleaseSurfaces()
02-11 10:09:08.736 23211 23211 I SV[110965653 MeetingActivity]: releaseSurfaces: viewRoot = VRI[MeetingActivity]@f34625f
02-11 10:09:08.736 23211 23211 I System.out: VideoViewManager videoFinish
02-11 10:09:08.739 23211 23732 D ideolesson.play: PlayerBase::stop() from IPlayer
02-11 10:09:08.739 23211 23732 D AudioTrack: stop(2041): called with 9382912 frames delivered
02-11 10:09:08.761 23211 23953 I Logging : AndroidVideoDecoder: Releasing MediaCodec on output thread
02-11 10:09:08.761 23211 23937 I CCodec  : [c2.mtk.avc.decoder] state->set(STOPPING)
02-11 10:09:08.762 23211 23937 D CCodecBufferChannel: [c2.mtk.avc.decoder#169] MediaCodec discarded an unknown buffer
02-11 10:09:08.762 23211 23938 I CCodec  : [stop][3288] surface -> component
02-11 10:09:08.762 23211 23937 D CCodecBufferChannel: [c2.mtk.avc.decoder#169] MediaCodec discarded an unknown buffer
02-11 10:09:08.762 23211 23937 D CCodecBufferChannel: [c2.mtk.avc.decoder#169] MediaCodec discarded an unknown buffer
02-11 10:09:08.762 23211 23937 D CCodecBufferChannel: [c2.mtk.avc.decoder#169] MediaCodec discarded an unknown buffer
02-11 10:09:08.762 23211 23937 D CCodecBufferChannel: [c2.mtk.avc.decoder#169] MediaCodec discarded an unknown buffer
02-11 10:09:08.762 23211 23937 D CCodecBufferChannel: [c2.mtk.avc.decoder#169] MediaCodec discarded an unknown buffer
02-11 10:09:08.762 23211 23937 D CCodecBufferChannel: [c2.mtk.avc.decoder#169] MediaCodec discarded an unknown buffer
02-11 10:09:08.762 23211 23937 D CCodecBufferChannel: [c2.mtk.avc.decoder#169] MediaCodec discarded an unknown buffer
02-11 10:09:08.766 23211 23938 I CCodec  : [c2.mtk.avc.decoder] state->set(ALLOCATED)
02-11 10:09:08.768 23211 23937 I CCodec  : [c2.mtk.avc.decoder] state->set(RELEASING)
02-11 10:09:08.769 23211 23953 I Logging : AndroidVideoDecoder: Release on output thread done
02-11 10:09:08.769 23211 24324 I CCodec  : [release][3422] surface -> component
02-11 10:09:08.779 23211 24325 I Logging : AndroidVideoDecoder: ctor name: c2.mtk.avc.decoder type: H264 color format: 19 context: null
02-11 10:09:08.784 23211 24324 I CCodec  : [c2.mtk.avc.decoder] state->set(RELEASED)
02-11 10:09:08.784 23211 23938 I Codec2Client: Component destructing
02-11 10:09:08.784 23211 23938 I hw-BpHwBinder: onLastStrongRef automatically unlinking death recipients
02-11 10:09:08.784 23211 23937 I MediaCodec: Codec shutdown complete
02-11 10:09:08.786 23211 23937 I CCodecBufferChannel: CCodecBufferChannel destructing c2.mtk.avc.decoder#169
02-11 10:09:08.831 23211 24081 I CameraManagerGlobal: Camera 1 facing CAMERA_FACING_FRONT state now CAMERA_STATE_IDLE for client kr.co.kyowon.videolesson.play API Level 2 User Id 0Device Id 0
02-11 10:09:08.863 23211 24015 I Logging : HardwareVideoEncoder: Releasing MediaCodec on output thread
02-11 10:09:08.863 23211 24003 I CCodec  : [c2.mtk.avc.encoder] state->set(STOPPING)
02-11 10:09:08.864 23211 24003 D CCodecBufferChannel: [c2.mtk.avc.encoder#38] MediaCodec discarded an unknown buffer
02-11 10:09:08.864 23211 24004 I CCodec  : [stop][3288] surface -> component
02-11 10:09:08.864 23211 24003 D CCodecBufferChannel: [c2.mtk.avc.encoder#38] MediaCodec discarded an unknown buffer
02-11 10:09:08.864 23211 24003 D CCodecBufferChannel: [c2.mtk.avc.encoder#38] MediaCodec discarded an unknown buffer
02-11 10:09:08.864 23211 24003 D CCodecBufferChannel: [c2.mtk.avc.encoder#38] MediaCodec discarded an unknown buffer
02-11 10:09:08.865 23211 24003 D CCodecBufferChannel: [c2.mtk.avc.encoder#38] MediaCodec discarded an unknown buffer
02-11 10:09:08.865 23211 24003 D CCodecBufferChannel: [c2.mtk.avc.encoder#38] MediaCodec discarded an unknown buffer
02-11 10:09:08.865 23211 24003 D CCodecBufferChannel: [c2.mtk.avc.encoder#38] MediaCodec discarded an unknown buffer
02-11 10:09:08.865 23211 24003 D CCodecBufferChannel: [c2.mtk.avc.encoder#38] MediaCodec discarded an unknown buffer
02-11 10:09:08.870 23211 24004 I CCodec  : [c2.mtk.avc.encoder] state->set(ALLOCATED)
02-11 10:09:08.871 23211 24003 I CCodec  : [c2.mtk.avc.encoder] state->set(RELEASING)
02-11 10:09:08.871 23211 24342 I CCodec  : [release][3422] surface -> component
02-11 10:09:08.871 23211 24015 I Logging : HardwareVideoEncoder: Release on output thread done
02-11 10:09:08.880 23211 24342 I CCodec  : [c2.mtk.avc.encoder] state->set(RELEASED)
02-11 10:09:08.881 23211 24003 I MediaCodec: Codec shutdown complete
02-11 10:09:08.881 23211 24342 I Codec2Client: Component destructing
02-11 10:09:08.881 23211 24342 I hw-BpHwBinder: onLastStrongRef automatically unlinking death recipients
02-11 10:09:08.883 23211 24003 I CCodecBufferChannel: CCodecBufferChannel destructing c2.mtk.avc.encoder#38
02-11 10:09:08.897 23211 23737 D libMEOW : meow new tls: 0xb4000070e59ef750
02-11 10:09:08.897 23211 23737 D libMEOW : applied 0 plugin for [kr.co.kyowon.videolesson.play].
02-11 10:09:08.907 23211 23219 I CameraManagerGlobal: postSingleUpdate device: camera id 1 status STATUS_PRESENT
02-11 10:09:08.907 23211 23219 I CameraManagerGlobal: Camera 1 facing CAMERA_FACING_FRONT state now CAMERA_STATE_CLOSED for client kr.co.kyowon.videolesson.play API Level 2 User Id 0Device Id 0
02-11 10:09:08.908 23211 23211 W VideoViewManager: gpuVideoProcessor not initialized, skip release
02-11 10:09:08.908 23211 23211 W VideoViewManager: cpuVideoProcessor not initialized, skip release
02-11 10:09:08.908 23211 23694 W ideolesson.play: Long monitor contention with owner DefaultCameraCaptureSource (23737) at void android.hardware.camera2.impl.CameraDeviceImpl.close()(CameraDeviceImpl.java:1835) waiters=0 in void android.hardware.camera2.impl.CameraDeviceImpl$CameraDeviceCallbacks.onResultReceived(android.hardware.camera2.CameraMetadataInfo, android.hardware.camera2.impl.CaptureResultExtras, android.hardware.camera2.impl.PhysicalCaptureResultInfo[]) for 160ms
02-11 10:09:08.908 23211 23211 I System.out: VideoViewManager====> videoFinish remove observers
02-11 10:09:08.908 23211 23778 D BufferQueueConsumer: [SurfaceTexture-1-23211-2](id:5aab00000009,api:0,p:-1,c:23211) disconnect
02-11 10:09:08.929 23211 23778 D libMEOW : meow delete tls: 0xb4000070e553f2a0
02-11 10:09:08.937 23211 23211 I VRI[MeetingActivity]@f34625f: registerCallbackForPendingTransactions
02-11 10:09:08.938 23211 23287 D SurfaceView: 213913899 windowPositionLost, frameNr = 14992
02-11 10:09:08.939 23211 23297 I VRI[MeetingActivity]@f34625f: mWNT: t=0xb4000071953f3290 mBlastBufferQueue=0xb4000071453097a0 fn= 14992 HdrRenderState mRenderHdrSdrRatio=1.0 caller= android.view.ViewRootImpl$10.onFrameDraw:6540 android.view.ViewRootImpl$4.onFrameDraw:2494 android.view.ThreadedRenderer$1.onFrameDraw:718 
02-11 10:09:09.912 23211 23211 I Dialog  : mIsDeviceDefault = false, mIsSamsungBasicInteraction = false, isMetaDataInActivity = false
02-11 10:09:09.912 23211 23211 I Dialog  : mIsDeviceDefault = false, mIsSamsungBasicInteraction = false, isMetaDataInActivity = false
02-11 10:09:09.920 23211 23211 I DecorView: setWindowBackground: isPopOver=false color=fff1f1f3 d=android.graphics.drawable.InsetDrawable@d085293
02-11 10:09:09.930 23211 23211 I DecorView: setWindowBackground: isPopOver=false color=0 d=android.graphics.drawable.ColorDrawable@11d87df
02-11 10:09:09.931 23211 23211 I WindowManager: WindowManagerGlobal#addView, ty=2, view=com.android.internal.policy.DecorView{e72fc2c V.ED..... R.....I. 0,0-0,0}[MeetingActivity], caller=android.view.WindowManagerImpl.addView:158 android.app.Dialog.show:540 com.kyowon.livechat_lib.KWDialog.start:56 
02-11 10:09:09.931 23211 23211 D ViewRootImpl: desktopMode is false
02-11 10:09:09.931 23211 23211 I ViewRootImpl: dVRR is disabled
02-11 10:09:09.932 23211 23287 D NativeCustomFrequencyManager: [NativeCFMS] BpCustomFrequencyManager::BpCustomFrequencyManager()
02-11 10:09:09.939 23211 23211 D InputTransport: Input channel constructed: '83ee2b1', fd=384
02-11 10:09:09.939 23211 23211 I InsetsController: onStateChanged: host=kr.co.kyowon.videolesson.play/com.kyowon.livechat_lib.MeetingActivity, from=android.view.ViewRootImpl.onInsetsStateChanged:3031, state=InsetsState: {mDisplayFrame=Rect(0, 0 - 1920, 1200), mDisplayCutout=DisplayCutout{insets=Rect(0, 0 - 0, 0) waterfall=Insets{left=0, top=0, right=0, bottom=0} boundingRect={Bounds=[Rect(0, 0 - 0, 0), Rect(0, 0 - 0, 0), Rect(0, 0 - 0, 0), Rect(0, 0 - 0, 0)]} cutoutPathParserInfo={CutoutPathParserInfo{displayWidth=0 displayHeight=0 physicalDisplayWidth=0 physicalDisplayHeight=0 density={0.0} cutoutSpec={} rotation={0} scale={0.0} physicalPixelDisplaySizeRatio={0.0}}} sideOverrides=null}, mRoundedCorners=RoundedCorners{[RoundedCorner{position=TopLeft, radius=20, center=Point(20, 20)}, RoundedCorner{position=TopRight, radius=20, center=Point(1900, 20)}, RoundedCorner{position=BottomRight, radius=20, center=Point(1900, 1180)}, RoundedCorner{position=BottomLeft, radius=20, center=Point(20, 1180)}]}  mRoundedCornerFrame=Rect(0, 0 - 1920, 1200), mPrivacyIndicatorBounds=PrivacyIndicatorBounds {static bounds=Rect(1854, 0 - 1920, 45) rotation=1}, mDisplayShape=DisplayShape{ spec=-311912193 displayWidth=1200 displayHeight=1920 physicalPixelDisplaySizeRatio=1.0 rotation=1 offsetX=0 offsetY=0 scale=1.0}, mSources= { InsetsSource: {d4260000 mType=statusBars mFrame=[0,0][1920,45] mVisible=false mFlags= mSideHint=TOP mBoundingRects=null}, InsetsSource: {d4260005 mType=mandatorySystemGestures mFrame=[0,0][1920,45] mVisible=true mFlags= mSideHint=TOP mBoundingRects=null}, InsetsSource: {d4260006 mType=tappableElement mFrame=[0,0][1920,45] mVisible=true mFlags= mSideHint=TOP mBoundingRects=null}, InsetsSource: {f8790001 mType=navigationBars mFrame=[0,1128][1920,1200] mVisible=false mFlags= mSideHint=BOTTOM mBoundingRects=null}, InsetsSource: {f8790004 mType=systemGestures mFrame=[0,0][0,0] mVisible=true mFlags= mSideHint=NONE mBoundingRects=null}, InsetsSource: {f8790005 mType=mandatorySystemGestures mFrame=[0,1128][1920,1200] mVisible=true mFlags= mSideHint=BOTTOM mBoundingRects=null}, InsetsSource: {f8790006 mType=tappableElement mFrame=[0,1128][1920,1200] mVisible=true mFlags= mSideHint=BOTTOM mBoundingRects=null}, InsetsSource: {f8790024 mType=systemGestures mFrame=[0,0][0,0] mVisible=true mFlags= mSideHint=NONE mBoundingRects=null}, InsetsSource: {3 mType=ime mFrame=[0,0][0,0] mVisible=false mFlags= mSideHint=NONE mBoundingRects=null} }
02-11 10:09:09.940 23211 23211 I VRI[MeetingActivity]@5d2f6f5: synced displayState. AttachInfo displayState=2
02-11 10:09:09.940 23211 23211 I VRI[MeetingActivity]@5d2f6f5: setView = com.android.internal.policy.DecorView@e72fc2c IsHRR=false mFlingFrameRateChange=0 TM=true
02-11 10:09:09.955 23211 23211 D BufferQueueConsumer: [](id:5aab0000000c,api:0,p:-1,c:23211) connect: controlledByApp=false
02-11 10:09:09.955 23211 23211 I BLASTBufferQueue: [VRI[MeetingActivity]@5d2f6f5#9](f:0,a:0,s:0) constructor()
02-11 10:09:09.955 23211 23211 I BLASTBufferQueue_Java: new BLASTBufferQueue, mName= VRI[MeetingActivity]@5d2f6f5 mNativeObject= 0xb4000071452f6490 caller= android.view.ViewRootImpl.updateBlastSurfaceIfNeeded:3590 android.view.ViewRootImpl.relayoutWindow:11689 android.view.ViewRootImpl.performTraversals:4808 android.view.ViewRootImpl.doTraversal:3929 android.view.ViewRootImpl$TraversalRunnable.run:12907 android.view.Choreographer$CallbackRecord.run:1901 android.view.Choreographer$CallbackRecord.run:1910 android.view.Choreographer.doCallbacks:1367 android.view.Choreographer.doFrame:1292 android.view.Choreographer$FrameDisplayEventReceiver.run:1870 
02-11 10:09:09.955 23211 23211 I BLASTBufferQueue_Java: update, w= 906 h= 642 mName = VRI[MeetingActivity]@5d2f6f5 mNativeObject= 0xb4000071452f6490 sc.mNativeObject= 0xb4000070f52f88d0 format= -2 caller= android.view.ViewRootImpl.updateBlastSurfaceIfNeeded:3595 android.view.ViewRootImpl.relayoutWindow:11689 android.view.ViewRootImpl.performTraversals:4808 android.view.ViewRootImpl.doTraversal:3929 android.view.ViewRootImpl$TraversalRunnable.run:12907 android.view.Choreographer$CallbackRecord.run:1901 
02-11 10:09:09.955 23211 23211 I BLASTBufferQueue: [VRI[MeetingActivity]@5d2f6f5#9](f:0,a:0,s:0) update width=906 height=642 format=-2 mTransformHint=7
02-11 10:09:09.956 23211 23211 I VRI[MeetingActivity]@5d2f6f5: Relayout returned: old=(0,0,1920,1200) new=(555,327,1365,873) relayoutAsync=false req=(810,546)0 dur=5 res=0x3 s={true 0xb400007015416b30} ch=true seqId=0
02-11 10:09:09.957 23211 23211 D VRI[MeetingActivity]@5d2f6f5: mThreadedRenderer.initialize() mSurface={isValid=true 0xb400007015416b30} hwInitialized=true
02-11 10:09:09.958 23211 23211 D VRI[MeetingActivity]@5d2f6f5: reportNextDraw android.view.ViewRootImpl.performTraversals:5447 android.view.ViewRootImpl.doTraversal:3929 android.view.ViewRootImpl$TraversalRunnable.run:12907 android.view.Choreographer$CallbackRecord.run:1901 android.view.Choreographer$CallbackRecord.run:1910 
02-11 10:09:09.958 23211 23211 D VRI[MeetingActivity]@5d2f6f5: Setup new sync=wmsSync-VRI[MeetingActivity]@5d2f6f5#19
02-11 10:09:09.958 23211 23211 I VRI[MeetingActivity]@5d2f6f5: Creating new active sync group VRI[MeetingActivity]@5d2f6f5#20
02-11 10:09:09.958 23211 23211 D VRI[MeetingActivity]@5d2f6f5: registerCallbacksForSync syncBuffer=false
02-11 10:09:09.960 23211 23296 D VRI[MeetingActivity]@5d2f6f5: Received frameDrawingCallback syncResult=0 frameNum=1.
02-11 10:09:09.961 23211 23296 I VRI[MeetingActivity]@5d2f6f5: mWNT: t=0xb400007195401990 mBlastBufferQueue=0xb4000071452f6490 fn= 1 HdrRenderState mRenderHdrSdrRatio=1.0 caller= android.view.ViewRootImpl$12.onFrameDraw:15445 android.view.ThreadedRenderer$1.onFrameDraw:718 <bottom of call stack> 
02-11 10:09:09.961 23211 23296 I VRI[MeetingActivity]@5d2f6f5: Setting up sync and frameCommitCallback
02-11 10:09:09.965 23211 23287 I BLASTBufferQueue: [VRI[MeetingActivity]@5d2f6f5#9](f:0,a:0,s:0) onFrameAvailable the first frame is available
02-11 10:09:09.965 23211 23287 I BLASTBufferQueue: [VRI[MeetingActivity]@5d2f6f5#9](f:0,a:1,s:0) acquireNextBufferLocked size=906x642 mFrameNumber=1 applyTransaction=true mTimestamp=240177407358216(auto) mPendingTransactions.size=0 graphicBufferId=99690485907542 transform=4
02-11 10:09:09.966 23211 23287 I VRI[MeetingActivity]@5d2f6f5: Received frameCommittedCallback lastAttemptedDrawFrameNum=1 didProduceBuffer=true
02-11 10:09:09.966 23211 23287 D HWUI    : CFMS:: SetUp Pid : 23211    Tid : 23287
02-11 10:09:09.966 23211 23211 D VRI[MeetingActivity]@5d2f6f5: reportDrawFinished seqId=0
02-11 10:09:09.967 23211 23287 D HWUI    : HWUI - treat SMPTE_170M as sRGB
02-11 10:09:09.989 23211 23211 I ImeFocusController: onPreWindowFocus: skipped hasWindowFocus=false mHasImeFocus=true
02-11 10:09:09.991 23211 23211 I ImeFocusController: onPostWindowFocus: skipped hasWindowFocus=false mHasImeFocus=true
02-11 10:09:10.010 23211 23211 D VRI[MeetingActivity]@5d2f6f5: mThreadedRenderer.initializeIfNeeded()#2 mSurface={isValid=true 0xb400007015416b30}
02-11 10:09:10.010 23211 23211 D InputMethodManagerUtils: startInputInner - Id : 0
02-11 10:09:10.010 23211 23211 I InputMethodManager: startInputInner - IInputMethodManagerGlobalInvoker.startInputOrWindowGainedFocus
02-11 10:09:10.015 23211 23211 I InputMethodManager: handleMessage: setImeVisibility visible=false
02-11 10:09:10.015 23211 23211 D InsetsController: hide(ime(), fromIme=false)
02-11 10:09:10.015 23211 23211 I ImeTracker: kr.co.kyowon.videolesson.play:190fd224: onCancelled at PHASE_CLIENT_ALREADY_HIDDEN
02-11 10:09:10.016 23211 23232 D InputTransport: Input channel constructed: 'ClientS', fd=413
02-11 10:09:10.389 23211 23744 I Logging : GlShader: Deleting shader.
02-11 10:09:10.402 23211 23254 D libMEOW : meow new tls: 0xb4000070e5b1f880
02-11 10:09:10.404 23211 23254 D libMEOW : applied 0 plugin for [kr.co.kyowon.videolesson.play].
02-11 10:09:10.409 23211 23744 D libMEOW : meow delete tls: 0xb4000070e592f690
02-11 10:09:12.463 23211 23211 I VRI[MeetingActivity]@5d2f6f5: ViewPostIme pointer 0
02-11 10:09:12.464 23211 23211 I VRI[MeetingActivity]@5d2f6f5: call setFrameRateCategory for touch hint category=high hint, reason=touch, vri=VRI[MeetingActivity]@5d2f6f5
02-11 10:09:12.567 23211 23211 I VRI[MeetingActivity]@5d2f6f5: ViewPostIme pointer 1
02-11 10:09:12.578 23211 23211 I Companion: ====> joinRoomConnect
02-11 10:09:12.579 23211 23211 I WindowManager: WindowManagerGlobal#removeView, ty=2, view=com.android.internal.policy.DecorView{e72fc2c V.ED..... R....... 0,0-810,546 aid=1073741825}[MeetingActivity], caller=android.view.WindowManagerGlobal.removeView:655 android.view.WindowManagerImpl.removeViewImmediate:216 android.app.Dialog.dismissDialog:850 
02-11 10:09:12.579 23211 23211 W WindowOnBackDispatcher: sendCancelIfRunning: isInProgress=false callback=android.app.Dialog$$ExternalSyntheticLambda4@829af18
02-11 10:09:12.583 23211 23211 I VRI[MeetingActivity]@5d2f6f5: dispatchDetachedFromWindow
02-11 10:09:12.583 23211 23211 I BLASTBufferQueue: [VRI[MeetingActivity]@5d2f6f5#9](f:0,a:2,s:0) destructor()
02-11 10:09:12.583 23211 23211 D BufferQueueConsumer: [VRI[MeetingActivity]@5d2f6f5#9(BLAST Consumer)9](id:5aab0000000c,api:0,p:-1,c:23211) disconnect
02-11 10:09:12.591 23211 23211 D InputTransport: Input channel destroyed: '83ee2b1', fd=384
02-11 10:09:12.591 23211 23211 I Companion: ====> closeAwsRoom true
02-11 10:09:12.591 23211 23211 I SV[234144926 MeetingActivity]: onWindowVisibilityChanged(8) false com.amazonaws.services.chime.sdk.meetings.audiovideo.video.DefaultVideoRenderView{df4c49e V.E...... ........ 0,0-803,623 #7f09011b app:id/kwVideoView} of VRI[MeetingActivity]@f34625f
02-11 10:09:12.591 23211 23211 I SurfaceView: 234144926 Changes: creating=false format=false size=false visible=true alpha=false hint=false left=false top=false z=false attached=true lifecycleStrategy=false
02-11 10:09:12.591 23211 23211 I SurfaceView: 234144926 Cur surface: Surface(name=null mNativeObject=-5476376665489498064)/@0x9c68678
02-11 10:09:12.591 23211 23211 I SurfaceView: 234144926 surfaceDestroyed
02-11 10:09:12.592 23211 23211 I SV[234144926 MeetingActivity]: surfaceDestroyed callback.size 1 #2 com.amazonaws.services.chime.sdk.meetings.audiovideo.video.DefaultVideoRenderView{df4c49e V.E...... ........ 0,0-803,623 #7f09011b app:id/kwVideoView}
02-11 10:09:12.592 23211 23211 I SurfaceRenderView: Surface destroyed, releasing EGL surface
02-11 10:09:12.592 23211 23961 I DefaultEglRenderer: Releasing EGL surface
02-11 10:09:12.594 23211 23211 I SV[234144926 MeetingActivity]: updateSurface: mVisible = false mSurface.isValid() = true
02-11 10:09:12.594 23211 23211 I BLASTBufferQueue: [df4c49e SurfaceView[kr.co.kyowon.videolesson.play/com.kyowon.livechat_lib.MeetingActivity]@0#8](f:0,a:3,s:0) destructor()
02-11 10:09:12.594 23211 23211 D BufferQueueConsumer: [df4c49e SurfaceView[kr.co.kyowon.videolesson.play/com.kyowon.livechat_lib.MeetingActivity]@0#8(BLAST Consumer)8](id:5aab0000000b,api:0,p:-1,c:23211) disconnect
02-11 10:09:12.594 23211 23211 I SV[234144926 MeetingActivity]: releaseSurfaces: viewRoot = VRI[MeetingActivity]@f34625f
02-11 10:09:12.595 23211 23211 V SurfaceView: Layout: x=983 y=269 w=803 h=623, frame=Rect(0, 0 - 803, 623)
02-11 10:09:12.595 23211 23211 I SurfaceView: 234144926 Detaching SV
02-11 10:09:12.595 23211 23211 I SurfaceView: 234144926 Changes: creating=false format=false size=false visible=false alpha=false hint=false left=false top=false z=false attached=false lifecycleStrategy=false
02-11 10:09:12.595 23211 23211 I SV[234144926 MeetingActivity]: onDetachedFromWindow: tryReleaseSurfaces()
02-11 10:09:12.595 23211 23211 I SV[234144926 MeetingActivity]: releaseSurfaces: viewRoot = VRI[MeetingActivity]@f34625f
02-11 10:09:12.595 23211 23211 I Companion: ====> showProgressDlg
02-11 10:09:12.595 23211 23211 I Companion: ====> connectMq mqUrl livechat-aicando-mq.aicando.kr mqType direct
02-11 10:09:12.596 23211 23254 I System.out: amqp newConnection key : 'P202602271710_4001003_17391678'
02-11 10:09:12.598 23211 23211 D PhoneWindow: forceLight changed to false [kr.co.kyowon.videolesson.play/com.kyowon.livechat_lib.MeetingActivity] from com.android.internal.policy.PhoneWindow.updateForceLightNavigationBar:4584 com.android.internal.policy.PhoneWindow.updateDefaultNavigationBarColor:4472 com.android.internal.policy.DecorView.onConfigurationChanged:2919 android.view.View.dispatchConfigurationChanged:17862 android.view.ViewGroup.dispatchConfigurationChanged:1681 
02-11 10:09:12.598 23211 23211 I WindowManager: WindowManagerGlobal#addView, ty=2, view=com.android.internal.policy.DecorView{7631d26 V.E...... R.....ID 0,0-1056,544}[MeetingActivity], caller=android.view.WindowManagerImpl.addView:158 android.app.Dialog.show:540 com.kyowon.livechat_lib.util.KWProgressDialog.show:34 
02-11 10:09:12.598 23211 23211 D ViewRootImpl: desktopMode is false
02-11 10:09:12.598 23211 23211 I ViewRootImpl: dVRR is disabled
02-11 10:09:12.599 23211 23287 D NativeCustomFrequencyManager: [NativeCFMS] BpCustomFrequencyManager::BpCustomFrequencyManager()
02-11 10:09:12.600 23211 23211 D InsetsController: Setting requestedVisibleTypes to -16 (was -9)
02-11 10:09:12.600 23211 23211 I InsetsController: setRequestedVisibleTypes: visible=false, mask=statusBars navigationBars captionBar, host=kr.co.kyowon.videolesson.play/com.kyowon.livechat_lib.MeetingActivity, from=android.view.InsetsController.controlAnimationUnchecked:1616 android.view.InsetsController.applyAnimation:2429 android.view.InsetsController.applyAnimation:2355 android.view.InsetsController.hide:1552 android.view.InsetsController.hide:1462 android.view.ViewRootImpl.controlInsetsForCompatibility:4175 android.view.ViewRootImpl.setView:1975 android.view.WindowManagerGlobal.addView:605 android.view.WindowManagerImpl.addView:158 android.app.Dialog.show:540 
02-11 10:09:12.604 23211 23211 D InputTransport: Input channel constructed: 'f5e71cd', fd=380
02-11 10:09:12.605 23211 23211 I InsetsController: onStateChanged: host=kr.co.kyowon.videolesson.play/com.kyowon.livechat_lib.MeetingActivity, from=android.view.ViewRootImpl.onInsetsStateChanged:3031, state=InsetsState: {mDisplayFrame=Rect(0, 0 - 1920, 1200), mDisplayCutout=DisplayCutout{insets=Rect(0, 0 - 0, 0) waterfall=Insets{left=0, top=0, right=0, bottom=0} boundingRect={Bounds=[Rect(0, 0 - 0, 0), Rect(0, 0 - 0, 0), Rect(0, 0 - 0, 0), Rect(0, 0 - 0, 0)]} cutoutPathParserInfo={CutoutPathParserInfo{displayWidth=0 displayHeight=0 physicalDisplayWidth=0 physicalDisplayHeight=0 density={0.0} cutoutSpec={} rotation={0} scale={0.0} physicalPixelDisplaySizeRatio={0.0}}} sideOverrides=null}, mRoundedCorners=RoundedCorners{[RoundedCorner{position=TopLeft, radius=20, center=Point(20, 20)}, RoundedCorner{position=TopRight, radius=20, center=Point(1900, 20)}, RoundedCorner{position=BottomRight, radius=20, center=Point(1900, 1180)}, RoundedCorner{position=BottomLeft, radius=20, center=Point(20, 1180)}]}  mRoundedCornerFrame=Rect(0, 0 - 1920, 1200), mPrivacyIndicatorBounds=PrivacyIndicatorBounds {static bounds=Rect(1854, 0 - 1920, 45) rotation=1}, mDisplayShape=DisplayShape{ spec=-311912193 displayWidth=1200 displayHeight=1920 physicalPixelDisplaySizeRatio=1.0 rotation=1 offsetX=0 offsetY=0 scale=1.0}, mSources= { InsetsSource: {d4260000 mType=statusBars mFrame=[0,0][1920,45] mVisible=false mFlags= mSideHint=TOP mBoundingRects=null}, InsetsSource: {d4260005 mType=mandatorySystemGestures mFrame=[0,0][1920,45] mVisible=true mFlags= mSideHint=TOP mBoundingRects=null}, InsetsSource: {d4260006 mType=tappableElement mFrame=[0,0][1920,45] mVisible=true mFlags= mSideHint=TOP mBoundingRects=null}, InsetsSource: {f8790001 mType=navigationBars mFrame=[0,1128][1920,1200] mVisible=false mFlags= mSideHint=BOTTOM mBoundingRects=null}, InsetsSource: {f8790004 mType=systemGestures mFrame=[0,0][0,0] mVisible=true mFlags= mSideHint=NONE mBoundingRects=null}, InsetsSource: {f8790005 mType=mandatorySystemGestures mFrame=[0,1128][1920,1200] mVisible=true mFlags= mSideHint=BOTTOM mBoundingRects=null}, InsetsSource: {f8790006 mType=tappableElement mFrame=[0,1128][1920,1200] mVisible=true mFlags= mSideHint=BOTTOM mBoundingRects=null}, InsetsSource: {f8790024 mType=systemGestures mFrame=[0,0][0,0] mVisible=true mFlags= mSideHint=NONE mBoundingRects=null} }
02-11 10:09:12.605 23211 23211 I VRI[MeetingActivity]@c43c85c: synced displayState. AttachInfo displayState=2
02-11 10:09:12.605 23211 23211 I VRI[MeetingActivity]@c43c85c: setView = com.android.internal.policy.DecorView@7631d26 IsHRR=false mFlingFrameRateChange=0 TM=true
02-11 10:09:12.605 23211 23211 I Companion: ====> requestRoomKey
02-11 10:09:12.606 23211 23211 I RoomKey : ====> checkingRoomKey
02-11 10:09:12.606 23211 23211 D RoomKey : checkingStopRoomKey()
02-11 10:09:12.608 23211 24399 D RoomKey : requestRoomKey() : Message(Name=RequestRoomKey, Canvas=Canvas(Width=0, Height=0), Font=Font(FamilyName=, Size=0.0, Style=, Unit=, GdiCharSet=0, GdiVerticalFont=false), Color=Color(Alpha=0, Red=0, Green=0, Blue=0), Weight=0, Begin=false, Points=[], End=false, Title=, Data=1770772152606, ExData=, Sender=, Type=, DeviceModel=SM-X230, WebUrl=, Time=Time(Year=2026, Month=2, Day=11, Hour=10, Minute=9, Second=12, Millisecond=606))
02-11 10:09:12.609 23211 23253 W System.err: com.rabbitmq.client.AlreadyClosedException: channel is already closed due to clean channel shutdown; protocol method: #method<channel.close>(reply-code=200, reply-text=OK, class-id=0, method-id=0)
02-11 10:09:12.609 23211 23253 W System.err: 	at com.rabbitmq.client.impl.AMQChannel.ensureIsOpen(AMQChannel.java:233)
02-11 10:09:12.609 23211 23253 W System.err: 	at com.rabbitmq.client.impl.AMQChannel.transmit(AMQChannel.java:376)
02-11 10:09:12.609 23211 23253 W System.err: 	at com.rabbitmq.client.impl.ChannelN.basicPublish(ChannelN.java:705)
02-11 10:09:12.609 23211 23253 W System.err: 	at com.rabbitmq.client.impl.ChannelN.basicPublish(ChannelN.java:687)
02-11 10:09:12.609 23211 23253 W System.err: 	at com.rabbitmq.client.impl.ChannelN.basicPublish(ChannelN.java:677)
02-11 10:09:12.609 23211 23253 W System.err: 	at com.rabbitmq.client.impl.recovery.AutorecoveringChannel.basicPublish(AutorecoveringChannel.java:197)
