02-11 10:12:00.395  1074  1074 I BufferQueueProducer: [kr.co.kyowon.videolesson.play/com.kyowon.livechat_lib.MeetingActivity$_23211#43848](this:0xb400007cb393ead8,id:-1,api:0,p:-1,c:1074) queueBuffer: fps=60.47 dur=1008.79 max=18.45 min=14.71
02-11 10:12:00.494  1074  1074 I BufferQueueProducer: [69d3395 SurfaceView[kr.co.kyowon.videolesson.play/com.kyowon.livechat_lib.MeetingActivity]@0(BLAST)#43976](this:0xb400007cb3832ff8,id:-1,api:0,p:-1,c:1074) queueBuffer: fps=28.78 dur=1007.60 max=66.15 min=16.62
02-11 10:12:00.643  1074  1074 I BufferQueueProducer: [df4c49e SurfaceView[kr.co.kyowon.videolesson.play/com.kyowon.livechat_lib.MeetingActivity]@0(BLAST)#43973](this:0xb400007cb38d8298,id:-1,api:0,p:-1,c:1074) queueBuffer: fps=24.38 dur=1025.63 max=51.16 min=31.28
02-11 10:12:01.403  1074  1074 I BufferQueueProducer: [kr.co.kyowon.videolesson.play/com.kyowon.livechat_lib.MeetingActivity$_23211#43848](this:0xb400007cb393ead8,id:-1,api:0,p:-1,c:1074) queueBuffer: fps=60.48 dur=1008.64 max=17.70 min=15.64
02-11 10:12:01.503  1074  1074 I BufferQueueProducer: [69d3395 SurfaceView[kr.co.kyowon.videolesson.play/com.kyowon.livechat_lib.MeetingActivity]@0(BLAST)#43976](this:0xb400007cb3832ff8,id:-1,api:0,p:-1,c:1074) queueBuffer: fps=29.73 dur=1008.95 max=66.35 min=16.14
02-11 10:12:01.652  1074  1074 I BufferQueueProducer: [df4c49e SurfaceView[kr.co.kyowon.videolesson.play/com.kyowon.livechat_lib.MeetingActivity]@0(BLAST)#43973](this:0xb400007cb38d8298,id:-1,api:0,p:-1,c:1074) queueBuffer: fps=23.79 dur=1008.77 max=66.52 min=16.15
02-11 10:12:02.412  1074  1074 I BufferQueueProducer: [kr.co.kyowon.videolesson.play/com.kyowon.livechat_lib.MeetingActivity$_23211#43848](this:0xb400007cb393ead8,id:-1,api:0,p:-1,c:1074) queueBuffer: fps=60.47 dur=1008.73 max=17.37 min=15.09
02-11 10:12:02.512  1074  1074 I BufferQueueProducer: [69d3395 SurfaceView[kr.co.kyowon.videolesson.play/com.kyowon.livechat_lib.MeetingActivity]@0(BLAST)#43976](this:0xb400007cb3832ff8,id:-1,api:0,p:-1,c:1074) queueBuffer: fps=29.71 dur=1009.72 max=50.09 min=16.17
02-11 10:12:02.661  1074  1074 I BufferQueueProducer: [df4c49e SurfaceView[kr.co.kyowon.videolesson.play/com.kyowon.livechat_lib.MeetingActivity]@0(BLAST)#43973](this:0xb400007cb38d8298,id:-1,api:0,p:-1,c:1074) queueBuffer: fps=23.79 dur=1008.88 max=50.11 min=32.41
02-11 10:12:03.421  1074  1074 I BufferQueueProducer: [kr.co.kyowon.videolesson.play/com.kyowon.livechat_lib.MeetingActivity$_23211#43848](this:0xb400007cb393ead8,id:-1,api:0,p:-1,c:1074) queueBuffer: fps=60.45 dur=1009.14 max=17.22 min=15.49
02-11 10:12:03.521  1074  1074 I BufferQueueProducer: [69d3395 SurfaceView[kr.co.kyowon.videolesson.play/com.kyowon.livechat_lib.MeetingActivity]@0(BLAST)#43976](this:0xb400007cb3832ff8,id:-1,api:0,p:-1,c:1074) queueBuffer: fps=29.75 dur=1008.28 max=50.13 min=16.54
02-11 10:12:03.702  1074  1074 I BufferQueueProducer: [df4c49e SurfaceView[kr.co.kyowon.videolesson.play/com.kyowon.livechat_lib.MeetingActivity]@0(BLAST)#43973](this:0xb400007cb38d8298,id:-1,api:0,p:-1,c:1074) queueBuffer: fps=24.00 dur=1041.77 max=50.04 min=32.43
02-11 10:12:04.430  1074  1074 I BufferQueueProducer: [kr.co.kyowon.videolesson.play/com.kyowon.livechat_lib.MeetingActivity$_23211#43848](this:0xb400007cb393ead8,id:-1,api:0,p:-1,c:1074) queueBuffer: fps=60.47 dur=1008.78 max=17.56 min=15.41
02-11 10:12:04.529  1074  1074 I BufferQueueProducer: [69d3395 SurfaceView[kr.co.kyowon.videolesson.play/com.kyowon.livechat_lib.MeetingActivity]@0(BLAST)#43976](this:0xb400007cb3832ff8,id:-1,api:0,p:-1,c:1074) queueBuffer: fps=29.75 dur=1008.54 max=49.80 min=15.90
02-11 10:12:04.711  1074  1074 I BufferQueueProducer: [df4c49e SurfaceView[kr.co.kyowon.videolesson.play/com.kyowon.livechat_lib.MeetingActivity]@0(BLAST)#43973](this:0xb400007cb38d8298,id:-1,api:0,p:-1,c:1074) queueBuffer: fps=23.78 dur=1009.07 max=50.36 min=32.35
02-11 10:12:05.439  1074  1074 I BufferQueueProducer: [kr.co.kyowon.videolesson.play/com.kyowon.livechat_lib.MeetingActivity$_23211#43848](this:0xb400007cb393ead8,id:-1,api:0,p:-1,c:1074) queueBuffer: fps=60.46 dur=1008.94 max=17.97 min=15.11
02-11 10:12:05.538  1074  1074 I BufferQueueProducer: [69d3395 SurfaceView[kr.co.kyowon.videolesson.play/com.kyowon.livechat_lib.MeetingActivity]@0(BLAST)#43976](this:0xb400007cb3832ff8,id:-1,api:0,p:-1,c:1074) queueBuffer: fps=29.74 dur=1008.63 max=50.13 min=15.66
02-11 10:12:05.753  1074  1074 I BufferQueueProducer: [df4c49e SurfaceView[kr.co.kyowon.videolesson.play/com.kyowon.livechat_lib.MeetingActivity]@0(BLAST)#43973](this:0xb400007cb38d8298,id:-1,api:0,p:-1,c:1074) queueBuffer: fps=24.00 dur=1041.66 max=50.73 min=32.01
02-11 10:12:06.447  1074  1074 I BufferQueueProducer: [kr.co.kyowon.videolesson.play/com.kyowon.livechat_lib.MeetingActivity$_23211#43848](this:0xb400007cb393ead8,id:-1,api:0,p:-1,c:1074) queueBuffer: fps=60.50 dur=1008.30 max=17.37 min=15.64
02-11 10:12:06.547  1074  1074 I BufferQueueProducer: [69d3395 SurfaceView[kr.co.kyowon.videolesson.play/com.kyowon.livechat_lib.MeetingActivity]@0(BLAST)#43976](this:0xb400007cb3832ff8,id:-1,api:0,p:-1,c:1074) queueBuffer: fps=29.72 dur=1009.48 max=50.29 min=16.55
02-11 10:12:06.795  1074  1074 I BufferQueueProducer: [df4c49e SurfaceView[kr.co.kyowon.videolesson.play/com.kyowon.livechat_lib.MeetingActivity]@0(BLAST)#43973](this:0xb400007cb38d8298,id:-1,api:0,p:-1,c:1074) queueBuffer: fps=23.99 dur=1042.30 max=50.43 min=32.01
02-11 10:12:07.456  1074  1074 I BufferQueueProducer: [kr.co.kyowon.videolesson.play/com.kyowon.livechat_lib.MeetingActivity$_23211#43848](this:0xb400007cb393ead8,id:-1,api:0,p:-1,c:1074) queueBuffer: fps=60.44 dur=1009.21 max=17.96 min=15.20
02-11 10:12:07.556  1074  1074 I BufferQueueProducer: [69d3395 SurfaceView[kr.co.kyowon.videolesson.play/com.kyowon.livechat_lib.MeetingActivity]@0(BLAST)#43976](this:0xb400007cb3832ff8,id:-1,api:0,p:-1,c:1074) queueBuffer: fps=29.75 dur=1008.37 max=65.54 min=15.79
02-11 10:12:07.831  1451  1596 I PowerManagerService: [PWL]  SCREEN_BRIGHT_WAKE_LOCK           'WindowManager/displayId:0' ON_AFTER_RELEASE ACQ=-7m23s700ms (uid=1000 pid=1451 ws=WorkSource{10354 kr.co.kyowon.videolesson.play} displayId=0 lock=8848425)
02-11 10:12:07.836  1074  1074 I BufferQueueProducer: [df4c49e SurfaceView[kr.co.kyowon.videolesson.play/com.kyowon.livechat_lib.MeetingActivity]@0(BLAST)#43973](this:0xb400007cb38d8298,id:-1,api:0,p:-1,c:1074) queueBuffer: fps=24.01 dur=1041.13 max=50.66 min=32.00
02-11 10:12:08.465  1074  1074 I BufferQueueProducer: [kr.co.kyowon.videolesson.play/com.kyowon.livechat_lib.MeetingActivity$_23211#43848](this:0xb400007cb393ead8,id:-1,api:0,p:-1,c:1074) queueBuffer: fps=60.49 dur=1008.43 max=17.54 min=15.50
02-11 10:12:08.565  1074  1074 I BufferQueueProducer: [69d3395 SurfaceView[kr.co.kyowon.videolesson.play/com.kyowon.livechat_lib.MeetingActivity]@0(BLAST)#43976](this:0xb400007cb3832ff8,id:-1,api:0,p:-1,c:1074) queueBuffer: fps=29.73 dur=1009.13 max=49.92 min=16.64
02-11 10:12:08.846  1074  1074 I BufferQueueProducer: [df4c49e SurfaceView[kr.co.kyowon.videolesson.play/com.kyowon.livechat_lib.MeetingActivity]@0(BLAST)#43973](this:0xb400007cb38d8298,id:-1,api:0,p:-1,c:1074) queueBuffer: fps=23.77 dur=1009.53 max=51.07 min=31.66
02-11 10:12:09.474  1074  1074 I BufferQueueProducer: [kr.co.kyowon.videolesson.play/com.kyowon.livechat_lib.MeetingActivity$_23211#43848](this:0xb400007cb393ead8,id:-1,api:0,p:-1,c:1074) queueBuffer: fps=60.44 dur=1009.29 max=17.77 min=15.57
02-11 10:12:09.573  1074  1074 I BufferQueueProducer: [69d3395 SurfaceView[kr.co.kyowon.videolesson.play/com.kyowon.livechat_lib.MeetingActivity]@0(BLAST)#43976](this:0xb400007cb3832ff8,id:-1,api:0,p:-1,c:1074) queueBuffer: fps=29.76 dur=1008.17 max=65.91 min=15.97
02-11 10:12:09.887  1074  1074 I BufferQueueProducer: [df4c49e SurfaceView[kr.co.kyowon.videolesson.play/com.kyowon.livechat_lib.MeetingActivity]@0(BLAST)#43973](this:0xb400007cb38d8298,id:-1,api:0,p:-1,c:1074) queueBuffer: fps=24.01 dur=1041.05 max=49.99 min=32.43
02-11 10:12:10.483  1074  1074 I BufferQueueProducer: [kr.co.kyowon.videolesson.play/com.kyowon.livechat_lib.MeetingActivity$_23211#43848](this:0xb400007cb393ead8,id:-1,api:0,p:-1,c:1074) queueBuffer: fps=60.45 dur=1009.12 max=17.72 min=15.60
02-11 10:12:10.583  1074  1074 I BufferQueueProducer: [69d3395 SurfaceView[kr.co.kyowon.videolesson.play/com.kyowon.livechat_lib.MeetingActivity]@0(BLAST)#43976](this:0xb400007cb3832ff8,id:-1,api:0,p:-1,c:1074) queueBuffer: fps=29.71 dur=1009.76 max=50.61 min=15.76
02-11 10:12:10.896  1074  1074 I BufferQueueProducer: [df4c49e SurfaceView[kr.co.kyowon.videolesson.play/com.kyowon.livechat_lib.MeetingActivity]@0(BLAST)#43973](this:0xb400007cb38d8298,id:-1,api:0,p:-1,c:1074) queueBuffer: fps=23.78 dur=1009.22 max=50.38 min=32.36
02-11 10:12:11.491  1074  1074 I BufferQueueProducer: [kr.co.kyowon.videolesson.play/com.kyowon.livechat_lib.MeetingActivity$_23211#43848](this:0xb400007cb393ead8,id:-1,api:0,p:-1,c:1074) queueBuffer: fps=60.51 dur=1008.08 max=18.01 min=15.17
02-11 10:12:11.591  1074  1074 I BufferQueueProducer: [69d3395 SurfaceView[kr.co.kyowon.videolesson.play/com.kyowon.livechat_lib.MeetingActivity]@0(BLAST)#43976](this:0xb400007cb3832ff8,id:-1,api:0,p:-1,c:1074) queueBuffer: fps=29.76 dur=1008.21 max=50.03 min=16.30
02-11 10:12:11.938  1074  1074 I BufferQueueProducer: [df4c49e SurfaceView[kr.co.kyowon.videolesson.play/com.kyowon.livechat_lib.MeetingActivity]@0(BLAST)#43973](this:0xb400007cb38d8298,id:-1,api:0,p:-1,c:1074) queueBuffer: fps=24.00 dur=1041.51 max=50.57 min=32.44
02-11 10:12:12.500  1074  1074 I BufferQueueProducer: [kr.co.kyowon.videolesson.play/com.kyowon.livechat_lib.MeetingActivity$_23211#43848](this:0xb400007cb393ead8,id:-1,api:0,p:-1,c:1074) queueBuffer: fps=60.46 dur=1009.01 max=17.71 min=15.69
02-11 10:12:12.600  1074  1074 I BufferQueueProducer: [69d3395 SurfaceView[kr.co.kyowon.videolesson.play/com.kyowon.livechat_lib.MeetingActivity]@0(BLAST)#43976](this:0xb400007cb3832ff8,id:-1,api:0,p:-1,c:1074) queueBuffer: fps=29.74 dur=1008.78 max=66.22 min=16.82
02-11 10:12:12.980  1074  1074 I BufferQueueProducer: [df4c49e SurfaceView[kr.co.kyowon.videolesson.play/com.kyowon.livechat_lib.MeetingActivity]@0(BLAST)#43973](this:0xb400007cb38d8298,id:-1,api:0,p:-1,c:1074) queueBuffer: fps=24.00 dur=1041.84 max=50.57 min=32.19
02-11 10:12:13.509  1074  1074 I BufferQueueProducer: [kr.co.kyowon.videolesson.play/com.kyowon.livechat_lib.MeetingActivity$_23211#43848](this:0xb400007cb393ead8,id:-1,api:0,p:-1,c:1074) queueBuffer: fps=60.47 dur=1008.78 max=17.49 min=15.28
02-11 10:12:13.609  1074  1074 I BufferQueueProducer: [69d3395 SurfaceView[kr.co.kyowon.videolesson.play/com.kyowon.livechat_lib.MeetingActivity]@0(BLAST)#43976](this:0xb400007cb3832ff8,id:-1,api:0,p:-1,c:1074) queueBuffer: fps=29.74 dur=1008.81 max=49.91 min=16.07
02-11 10:12:14.022  1074  1074 I BufferQueueProducer: [df4c49e SurfaceView[kr.co.kyowon.videolesson.play/com.kyowon.livechat_lib.MeetingActivity]@0(BLAST)#43973](this:0xb400007cb38d8298,id:-1,api:0,p:-1,c:1074) queueBuffer: fps=23.99 dur=1042.25 max=50.14 min=32.51
02-11 10:12:14.518  1074  1074 I BufferQueueProducer: [kr.co.kyowon.videolesson.play/com.kyowon.livechat_lib.MeetingActivity$_23211#43848](this:0xb400007cb393ead8,id:-1,api:0,p:-1,c:1074) queueBuffer: fps=60.47 dur=1008.83 max=17.82 min=14.90
02-11 10:12:14.617  1074  1074 I BufferQueueProducer: [69d3395 SurfaceView[kr.co.kyowon.videolesson.play/com.kyowon.livechat_lib.MeetingActivity]@0(BLAST)#43976](this:0xb400007cb3832ff8,id:-1,api:0,p:-1,c:1074) queueBuffer: fps=29.74 dur=1008.91 max=50.20 min=16.24
02-11 10:12:15.030  1074  1074 I BufferQueueProducer: [df4c49e SurfaceView[kr.co.kyowon.videolesson.play/com.kyowon.livechat_lib.MeetingActivity]@0(BLAST)#43973](this:0xb400007cb38d8298,id:-1,api:0,p:-1,c:1074) queueBuffer: fps=23.80 dur=1008.49 max=50.74 min=31.77
02-11 10:12:15.349  1228 26900 I CameraService: finishCameraStreamingOps: finish camera streaming ops, package name = kr.co.kyowon.videolesson.play, client UID = 10354
02-11 10:12:15.351  1228 26900 I CameraServiceProxyWrapper: updateProxyDeviceState: notifyCameraState for Camera ID 1, newState 2, facing 1, clientName kr.co.kyowon.videolesson.play, apiLevel 2
02-11 10:12:15.351  1451  3287 I CameraService_proxy: wmi.removeRefreshRateRangeForPackage clientName = kr.co.kyowon.videolesson.play
02-11 10:12:15.352  1451  3251 I CameraManagerGlobal: Camera 1 facing CAMERA_FACING_FRONT state now CAMERA_STATE_IDLE for client kr.co.kyowon.videolesson.play API Level 2 User Id 0Device Id 0
02-11 10:12:15.351  1944  4785 I CameraManagerGlobal: Camera 1 facing CAMERA_FACING_FRONT state now CAMERA_STATE_IDLE for client kr.co.kyowon.videolesson.play API Level 2 User Id 0Device Id 0
02-11 10:12:15.352 17720 20342 I CameraManagerGlobal: Camera 1 facing CAMERA_FACING_FRONT state now CAMERA_STATE_IDLE for client kr.co.kyowon.videolesson.play API Level 2 User Id 0Device Id 0
02-11 10:12:15.352  3487  5177 I CameraManagerGlobal: Camera 1 facing CAMERA_FACING_FRONT state now CAMERA_STATE_IDLE for client kr.co.kyowon.videolesson.play API Level 2 User Id 0Device Id 0
02-11 10:12:15.352 23211 23427 I CameraManagerGlobal: Camera 1 facing CAMERA_FACING_FRONT state now CAMERA_STATE_IDLE for client kr.co.kyowon.videolesson.play API Level 2 User Id 0Device Id 0
02-11 10:12:15.352  3081 12361 I CameraManagerGlobal: Camera 1 facing CAMERA_FACING_FRONT state now CAMERA_STATE_IDLE for client kr.co.kyowon.videolesson.play API Level 2 User Id 0Device Id 0
02-11 10:12:15.352 22284 22327 I CameraManagerGlobal: Camera 1 facing CAMERA_FACING_FRONT state now CAMERA_STATE_IDLE for client kr.co.kyowon.videolesson.play API Level 2 User Id 0Device Id 0
02-11 10:12:15.353  2097 32082 I CameraManagerGlobal: Camera 1 facing CAMERA_FACING_FRONT state now CAMERA_STATE_IDLE for client kr.co.kyowon.videolesson.play API Level 2 User Id 0Device Id 0
02-11 10:12:15.353 24327 29055 I CameraManagerGlobal: Camera 1 facing CAMERA_FACING_FRONT state now CAMERA_STATE_IDLE for client kr.co.kyowon.videolesson.play API Level 2 User Id 0Device Id 0
02-11 10:12:15.367  1074  1074 I LayerHistory: df4c49e SurfaceView[kr.co.kyowon.videolesson.play/com.kyowon.livechat_lib.MeetingActivity]@0(BLAST)#43973 Max (can't resolve refresh rate)
02-11 10:12:15.367  1074  1074 I LayerHistory: 69d3395 SurfaceView[kr.co.kyowon.videolesson.play/com.kyowon.livechat_lib.MeetingActivity]@0(BLAST)#43976 Max (can't resolve refresh rate)
02-11 10:12:15.367  1074  1074 I LayerHistory: kr.co.kyowon.videolesson.play/com.kyowon.livechat_lib.MeetingActivity$_23211#43848 Max (can't resolve refresh rate)
02-11 10:12:15.367  1074  1074 I SurfaceFlinger: Weight ignores df4c49e SurfaceView[kr.co.kyowon.videolesson.play/com.kyowon.livechat_lib.MeetingActivity]@0(BLAST)#43973 (type=Max, weight=0.22, seamlessness=Default) 0.00 Hz's 90.00 Hz
02-11 10:12:15.367  1074  1074 I SurfaceFlinger: Weight ignores 69d3395 SurfaceView[kr.co.kyowon.videolesson.play/com.kyowon.livechat_lib.MeetingActivity]@0(BLAST)#43976 (type=Max, weight=0.22, seamlessness=Default) 0.00 Hz's 90.00 Hz
02-11 10:12:15.434 23211 26756 D libMEOW : applied 0 plugin for [kr.co.kyowon.videolesson.play].
02-11 10:12:15.440  1228  8239 I CameraServiceProxyWrapper: updateProxyDeviceState: notifyCameraState for Camera ID 1, newState 3, facing 1, clientName kr.co.kyowon.videolesson.play, apiLevel 2
02-11 10:12:15.445  1228  8239 I CameraService: notifyCameraClosing: Finish camera ops, package name = kr.co.kyowon.videolesson.play, client UID = 10354
02-11 10:12:15.446  2097 32082 I CameraManagerGlobal: Camera 1 facing CAMERA_FACING_FRONT state now CAMERA_STATE_CLOSED for client kr.co.kyowon.videolesson.play API Level 2 User Id 0Device Id 0
02-11 10:12:15.447  1944  2858 I CameraManagerGlobal: Camera 1 facing CAMERA_FACING_FRONT state now CAMERA_STATE_CLOSED for client kr.co.kyowon.videolesson.play API Level 2 User Id 0Device Id 0
02-11 10:12:15.448  1451  3287 I CameraManagerGlobal: Camera 1 facing CAMERA_FACING_FRONT state now CAMERA_STATE_CLOSED for client kr.co.kyowon.videolesson.play API Level 2 User Id 0Device Id 0
02-11 10:12:15.449 24327 29055 I CameraManagerGlobal: Camera 1 facing CAMERA_FACING_FRONT state now CAMERA_STATE_CLOSED for client kr.co.kyowon.videolesson.play API Level 2 User Id 0Device Id 0
02-11 10:12:15.449  3487  5177 I CameraManagerGlobal: Camera 1 facing CAMERA_FACING_FRONT state now CAMERA_STATE_CLOSED for client kr.co.kyowon.videolesson.play API Level 2 User Id 0Device Id 0
02-11 10:12:15.449 17720 20342 I CameraManagerGlobal: Camera 1 facing CAMERA_FACING_FRONT state now CAMERA_STATE_CLOSED for client kr.co.kyowon.videolesson.play API Level 2 User Id 0Device Id 0
02-11 10:12:15.450 22284 22327 I CameraManagerGlobal: Camera 1 facing CAMERA_FACING_FRONT state now CAMERA_STATE_CLOSED for client kr.co.kyowon.videolesson.play API Level 2 User Id 0Device Id 0
02-11 10:12:15.453  3081 12361 I CameraManagerGlobal: Camera 1 facing CAMERA_FACING_FRONT state now CAMERA_STATE_CLOSED for client kr.co.kyowon.videolesson.play API Level 2 User Id 0Device Id 0
02-11 10:12:15.457 23211 23427 I CameraManagerGlobal: Camera 1 facing CAMERA_FACING_FRONT state now CAMERA_STATE_CLOSED for client kr.co.kyowon.videolesson.play API Level 2 User Id 0Device Id 0
02-11 10:12:15.464 23211 23211 I BLASTBufferQueue: [df4c49e SurfaceView[kr.co.kyowon.videolesson.play/com.kyowon.livechat_lib.MeetingActivity]@0#23](f:0,a:3,s:0) destructor()
02-11 10:12:15.464 23211 23211 D BufferQueueConsumer: [df4c49e SurfaceView[kr.co.kyowon.videolesson.play/com.kyowon.livechat_lib.MeetingActivity]@0#23(BLAST Consumer)23](id:5aab00000023,api:0,p:-1,c:23211) disconnect
02-11 10:12:15.487  1074  1074 I SurfaceFlinger: [LayerHierarchy{RequestedLayerState{df4c49e SurfaceView[kr.co.kyowon.videolesson.play/com.kyowon.livechat_lib.MeetingActivity]@0#43972 z=-2} 2 children}] reparent to OffscreenRoot
02-11 10:12:15.487  1074  1074 I SurfaceFlinger: [LayerHierarchy{RequestedLayerState{df4c49e SurfaceView[kr.co.kyowon.videolesson.play/com.kyowon.livechat_lib.MeetingActivity]@0#43972 z=-2} 2 children}] RelativeParent to null
02-11 10:12:15.487  1074  1074 I SurfaceFlinger: [LayerHierarchy{RequestedLayerState{df4c49e SurfaceView[kr.co.kyowon.videolesson.play/com.kyowon.livechat_lib.MeetingActivity]@0(BLAST)#43973} no children}] reparent to OffscreenRoot
02-11 10:12:15.487  1074  1074 I SurfaceFlinger: [LayerHierarchy{RequestedLayerState{df4c49e SurfaceView[kr.co.kyowon.videolesson.play/com.kyowon.livechat_lib.MeetingActivity]@0(BLAST)#43973} no children}] RelativeParent to null
02-11 10:12:15.487  1074  1074 I SurfaceFlinger: [LayerHierarchy{RequestedLayerState{Background for df4c49e SurfaceView[kr.co.kyowon.videolesson.play/com.kyowon.livechat_lib.MeetingActivity]@0#43974 z=-2147483648} no children}] reparent to OffscreenRoot
02-11 10:12:15.487  1074  1074 I SurfaceFlinger: [LayerHierarchy{RequestedLayerState{Background for df4c49e SurfaceView[kr.co.kyowon.videolesson.play/com.kyowon.livechat_lib.MeetingActivity]@0#43974 z=-2147483648} no children}] RelativeParent to null
02-11 10:12:15.497  1074  1074 D SurfaceFlinger:        DEVICE |           99690485907458 | 00002100 | RGBA_8888    |    0.0    0.0    0.0    0.0 |    0    0   -1   -1 | kr.co.kyowon.videolesson.play/kr.co.[...]esson.play.MainActivity$_23211#43805 (7)
02-11 10:12:15.497  1074  1144 I SurfaceFlinger: onHandleDestroyed: layerId=43974, name=Background for df4c49e SurfaceView[kr.co.kyowon.videolesson.play/com.kyowon.livechat_lib.MeetingActivity]@0#43974
02-11 10:12:15.497  1074  1074 D SurfaceFlinger:        DEVICE |           99690485907509 | 00002100 | RGBA_8888    |    0.0    0.0 1200.0 1920.0 |    0    0 1200 1920 | kr.co.kyowon.videolesson.play/com.ky[...]hat_lib.MeetingActivity$_23211#43848 (28401)
02-11 10:12:15.497  1074  1144 I SurfaceFlinger: id=43974 Removed Background for df4c49e SurfaceView[kr.co.kyowon.videolesson.play/com.kyowon.livechat_lib.MeetingActivity]@0#43974 (153)
02-11 10:12:15.497  1074  1144 I SurfaceFlinger: onHandleDestroyed: layerId=43972, name=df4c49e SurfaceView[kr.co.kyowon.videolesson.play/com.kyowon.livechat_lib.MeetingActivity]@0#43972
02-11 10:12:15.497  1074  1144 I SurfaceFlinger: id=43972 Removed df4c49e SurfaceView[kr.co.kyowon.videolesson.play/com.kyowon.livechat_lib.MeetingActivity]@0#43972 (153)
02-11 10:12:15.497  1074  1144 I SurfaceFlinger: onHandleDestroyed: layerId=43973, name=df4c49e SurfaceView[kr.co.kyowon.videolesson.play/com.kyowon.livechat_lib.MeetingActivity]@0(BLAST)#43973
02-11 10:12:15.497  1074  1144 I SurfaceFlinger: id=43973 Removed df4c49e SurfaceView[kr.co.kyowon.videolesson.play/com.kyowon.livechat_lib.MeetingActivity]@0(BLAST)#43973 (153)
02-11 10:12:15.497  1074  1074 I SurfaceFlinger: destroyed df4c49e SurfaceView[kr.co.kyowon.videolesson.play/com.kyowon.livechat_lib.MeetingActivity]@0#43972
02-11 10:12:15.497  1074  1074 I SurfaceFlinger: destroyed df4c49e SurfaceView[kr.co.kyowon.videolesson.play/com.kyowon.livechat_lib.MeetingActivity]@0(BLAST)#43973
02-11 10:12:15.497  1074  1074 I SurfaceFlinger: destroyed Background for df4c49e SurfaceView[kr.co.kyowon.videolesson.play/com.kyowon.livechat_lib.MeetingActivity]@0#43974
02-11 10:12:15.499  1074  1074 I Layer   : id=43973 Destroyed df4c49e SurfaceView[kr.co.kyowon.videolesson.play/com.kyowon.livechat_lib.MeetingActivity]@0(BLAST)#43973
02-11 10:12:15.501  1074  1074 I Layer   : id=43972 Destroyed df4c49e SurfaceView[kr.co.kyowon.videolesson.play/com.kyowon.livechat_lib.MeetingActivity]@0#43972
02-11 10:12:15.502  1074  1074 I Layer   : id=43974 Destroyed Background for df4c49e SurfaceView[kr.co.kyowon.videolesson.play/com.kyowon.livechat_lib.MeetingActivity]@0#43974
02-11 10:12:15.520  1074  1074 I BufferQueueProducer: [kr.co.kyowon.videolesson.play/com.kyowon.livechat_lib.MeetingActivity$_23211#43848](this:0xb400007cb393ead8,id:-1,api:0,p:-1,c:1074) queueBuffer: fps=51.92 dur=1001.55 max=160.58 min=9.81
02-11 10:12:15.619  1074  1074 I BufferQueueProducer: [69d3395 SurfaceView[kr.co.kyowon.videolesson.play/com.kyowon.livechat_lib.MeetingActivity]@0(BLAST)#43976](this:0xb400007cb3832ff8,id:-1,api:0,p:-1,c:1074) queueBuffer: fps=29.96 dur=1001.38 max=55.32 min=16.11
02-11 10:12:16.012 23211 27181 D libMEOW : applied 0 plugin for [kr.co.kyowon.videolesson.play].
02-11 10:12:16.022  1228  8267 I CameraService: CameraService::connect call (PID 23211 UID 10354 "kr.co.kyowon.videolesson.play", camera ID 1) and Camera API version 2
02-11 10:12:16.023  1228  8267 I CameraService: isUidActiveLocked E: uid 10354, callingPackage kr.co.kyowon.videolesson.play, isRegistered true
02-11 10:12:16.023  1228  8267 I CameraService: isUidActiveLocked X: uid 10354, callingPackage kr.co.kyowon.videolesson.play, isActive true.
02-11 10:12:16.025  1228  8267 I CameraService: CameraService::validateClientPermissionsLocked is ok : calling pid 23211, calling uid 10354, client kr.co.kyowon.videolesson.play , cameraservice pid=1228, device user 0, currently allowed device users: 0
02-11 10:12:16.026  1228  8267 I Camera2ClientBase: Camera 1: Opened. Client: kr.co.kyowon.videolesson.play (PID 23211, UID 10354)
02-11 10:12:16.027  1228  8267 I CameraService: service.camera.client set to kr.co.kyowon.videolesson.play
02-11 10:12:16.027  1451  2301 I CameraManagerGlobal: Camera 1 facing CAMERA_FACING_FRONT state now CAMERA_STATE_OPENING for client kr.co.kyowon.videolesson.play API Level 2 User Id 0Device Id 0
02-11 10:12:16.028  3081 12097 I CameraManagerGlobal: Camera 1 facing CAMERA_FACING_FRONT state now CAMERA_STATE_OPENING for client kr.co.kyowon.videolesson.play API Level 2 User Id 0Device Id 0
02-11 10:12:16.030 24327 28185 I CameraManagerGlobal: Camera 1 facing CAMERA_FACING_FRONT state now CAMERA_STATE_OPENING for client kr.co.kyowon.videolesson.play API Level 2 User Id 0Device Id 0
02-11 10:12:16.030 23211 23427 I CameraManagerGlobal: Camera 1 facing CAMERA_FACING_FRONT state now CAMERA_STATE_OPENING for client kr.co.kyowon.videolesson.play API Level 2 User Id 0Device Id 0
02-11 10:12:16.028  2097  2177 I CameraManagerGlobal: Camera 1 facing CAMERA_FACING_FRONT state now CAMERA_STATE_OPENING for client kr.co.kyowon.videolesson.play API Level 2 User Id 0Device Id 0
02-11 10:12:16.028 22284 22327 I CameraManagerGlobal: Camera 1 facing CAMERA_FACING_FRONT state now CAMERA_STATE_OPENING for client kr.co.kyowon.videolesson.play API Level 2 User Id 0Device Id 0
02-11 10:12:16.029  1944  4785 I CameraManagerGlobal: Camera 1 facing CAMERA_FACING_FRONT state now CAMERA_STATE_OPENING for client kr.co.kyowon.videolesson.play API Level 2 User Id 0Device Id 0
02-11 10:12:16.028 17720 20342 I CameraManagerGlobal: Camera 1 facing CAMERA_FACING_FRONT state now CAMERA_STATE_OPENING for client kr.co.kyowon.videolesson.play API Level 2 User Id 0Device Id 0
02-11 10:12:16.033  1944  2182 D CollapsedStatusBarFragmentExt: onCameraOpened(cId:1, pId:kr.co.kyowon.videolesson.play)    shouldHideIconsForNextAppWindow:false, lastFullscreen(pkg:kr.co.kyowon.videolesson.play, flag:true),    keyguard(fa:false, ga:false, oc:false, show:false)
02-11 10:12:16.034  3487  5177 I CameraManagerGlobal: Camera 1 facing CAMERA_FACING_FRONT state now CAMERA_STATE_OPENING for client kr.co.kyowon.videolesson.play API Level 2 User Id 0Device Id 0
02-11 10:12:16.054  1042 25435 I Unihal  : UniHal3InterfaceEntry.cpp: uni_set_parameters: 483: set_parameters : pkgName=kr.co.kyowon.videolesson.play;
02-11 10:12:16.058  1042 25435 I SecCameraUtil: pkgName: kr.co.kyowon.videolesson.play
02-11 10:12:16.058  1228  8267 I CameraServiceProxyWrapper: updateProxyDeviceState: notifyCameraState for Camera ID 1, newState 0, facing 1, clientName kr.co.kyowon.videolesson.play, apiLevel 2
02-11 10:12:16.060 24327 28185 I CameraManagerGlobal: Camera 1 facing CAMERA_FACING_FRONT state now CAMERA_STATE_OPEN for client kr.co.kyowon.videolesson.play API Level 2 User Id 0Device Id 0
02-11 10:12:16.061 23211 23231 I CameraManagerGlobal: Camera 1 facing CAMERA_FACING_FRONT state now CAMERA_STATE_OPEN for client kr.co.kyowon.videolesson.play API Level 2 User Id 0Device Id 0
02-11 10:12:16.063  1944  2198 I CameraManagerGlobal: Camera 1 facing CAMERA_FACING_FRONT state now CAMERA_STATE_OPEN for client kr.co.kyowon.videolesson.play API Level 2 User Id 0Device Id 0
02-11 10:12:16.065  1451  3287 I CameraManagerGlobal: Camera 1 facing CAMERA_FACING_FRONT state now CAMERA_STATE_OPEN for client kr.co.kyowon.videolesson.play API Level 2 User Id 0Device Id 0
02-11 10:12:16.065  2097  2177 I CameraManagerGlobal: Camera 1 facing CAMERA_FACING_FRONT state now CAMERA_STATE_OPEN for client kr.co.kyowon.videolesson.play API Level 2 User Id 0Device Id 0
02-11 10:12:16.066  3081 12361 I CameraManagerGlobal: Camera 1 facing CAMERA_FACING_FRONT state now CAMERA_STATE_OPEN for client kr.co.kyowon.videolesson.play API Level 2 User Id 0Device Id 0
02-11 10:12:16.068 17720 17927 I CameraManagerGlobal: Camera 1 facing CAMERA_FACING_FRONT state now CAMERA_STATE_OPEN for client kr.co.kyowon.videolesson.play API Level 2 User Id 0Device Id 0
02-11 10:12:16.068  3487  5177 I CameraManagerGlobal: Camera 1 facing CAMERA_FACING_FRONT state now CAMERA_STATE_OPEN for client kr.co.kyowon.videolesson.play API Level 2 User Id 0Device Id 0
02-11 10:12:16.070 22284 22327 I CameraManagerGlobal: Camera 1 facing CAMERA_FACING_FRONT state now CAMERA_STATE_OPEN for client kr.co.kyowon.videolesson.play API Level 2 User Id 0Device Id 0
02-11 10:12:16.085  1074  1144 I SurfaceFlinger: id=43986 createSurf, flag=84004, df4c49e SurfaceView[kr.co.kyowon.videolesson.play/com.kyowon.livechat_lib.MeetingActivity]@0#43986
02-11 10:12:16.087  1074  1145 I SurfaceFlinger: id=43987 createSurf, flag=44400, df4c49e SurfaceView[kr.co.kyowon.videolesson.play/com.kyowon.livechat_lib.MeetingActivity]@0(BLAST)#43987
02-11 10:12:16.087  1074  1144 I SurfaceFlinger: id=43988 createSurf, flag=20404, Background for df4c49e SurfaceView[kr.co.kyowon.videolesson.play/com.kyowon.livechat_lib.MeetingActivity]@0#43988
02-11 10:12:16.089 23211 23211 I BLASTBufferQueue: [df4c49e SurfaceView[kr.co.kyowon.videolesson.play/com.kyowon.livechat_lib.MeetingActivity]@0#25](f:0,a:0,s:0) constructor()
02-11 10:12:16.090 23211 23211 I BLASTBufferQueue_Java: new BLASTBufferQueue, mName= df4c49e SurfaceView[kr.co.kyowon.videolesson.play/com.kyowon.livechat_lib.MeetingActivity]@0 mNativeObject= 0xb40000714531dcc0 caller= android.view.SurfaceView.createBlastSurfaceControls:1795 android.view.SurfaceView.updateSurface:1450 android.view.SurfaceView.lambda$new$0:280 android.view.SurfaceView.$r8$lambda$NfZyM_TG8F8lqzaOVZ7noREFjzU:0 android.view.SurfaceView$$ExternalSyntheticLambda1.onPreDraw:0 android.view.ViewTreeObserver.dispatchOnPreDraw:1229 android.view.ViewRootImpl.performTraversals:5452 android.view.ViewRootImpl.doTraversal:3929 android.view.ViewRootImpl$TraversalRunnable.run:12907 android.view.Choreographer$CallbackRecord.run:1901 
02-11 10:12:16.090 23211 23211 I BLASTBufferQueue_Java: update, w= 803 h= 623 mName = df4c49e SurfaceView[kr.co.kyowon.videolesson.play/com.kyowon.livechat_lib.MeetingActivity]@0 mNativeObject= 0xb40000714531dcc0 sc.mNativeObject= 0xb4000070f52fbf90 format= 4 caller= android.view.SurfaceView.createBlastSurfaceControls:1796 android.view.SurfaceView.updateSurface:1450 android.view.SurfaceView.lambda$new$0:280 android.view.SurfaceView.$r8$lambda$NfZyM_TG8F8lqzaOVZ7noREFjzU:0 android.view.SurfaceView$$ExternalSyntheticLambda1.onPreDraw:0 android.view.ViewTreeObserver.dispatchOnPreDraw:1229 
02-11 10:12:16.090 23211 23211 I BLASTBufferQueue: [df4c49e SurfaceView[kr.co.kyowon.videolesson.play/com.kyowon.livechat_lib.MeetingActivity]@0#25](f:0,a:0,s:0) update width=803 height=623 format=4 mTransformHint=7
02-11 10:12:16.093  1074  1074 I SurfaceFlinger: [df4c49e SurfaceView[kr.co.kyowon.videolesson.play/com.kyowon.livechat_lib.MeetingActivity]@0#43986] attach to parent LayerHierarchy{RequestedLayerState{Bounds for - kr.co.kyowon.videolesson.play/com.kyowon.livechat_lib.MeetingActivity@0#43860 parentId=43848} 2 children}
02-11 10:12:16.093  1074  1074 I SurfaceFlinger: [df4c49e SurfaceView[kr.co.kyowon.videolesson.play/com.kyowon.livechat_lib.MeetingActivity]@0(BLAST)#43987] attach to parent LayerHierarchy{RequestedLayerState{df4c49e SurfaceView[kr.co.kyowon.videolesson.play/com.kyowon.livechat_lib.MeetingActivity]@0#43986 parentId=43860} 1 children}
02-11 10:12:16.093  1074  1074 I SurfaceFlinger: [Background for df4c49e SurfaceView[kr.co.kyowon.videolesson.play/com.kyowon.livechat_lib.MeetingActivity]@0#43988] attach to parent LayerHierarchy{RequestedLayerState{df4c49e SurfaceView[kr.co.kyowon.videolesson.play/com.kyowon.livechat_lib.MeetingActivity]@0#43986 parentId=43860} 2 children}
02-11 10:12:16.126  1074  1074 I SurfaceFlinger: [LayerHierarchy{RequestedLayerState{df4c49e SurfaceView[kr.co.kyowon.videolesson.play/com.kyowon.livechat_lib.MeetingActivity]@0#43986 parentId=43860 relativeParentId=43848 z=-2} 2 children}] RelativeParent to LayerHierarchy{RequestedLayerState{kr.co.kyowon.videolesson.play/com.kyowon.livechat_lib.MeetingActivity$_23211#43848 parentId=43842} 4 children}
02-11 10:12:16.126  1074  1074 I SurfaceFlinger: [LayerHierarchy{RequestedLayerState{Background for df4c49e SurfaceView[kr.co.kyowon.videolesson.play/com.kyowon.livechat_lib.MeetingActivity]@0#43988 parentId=43986 relativeParentId=43848 z=-2147483648} no children}] RelativeParent to LayerHierarchy{RequestedLayerState{kr.co.kyowon.videolesson.play/com.kyowon.livechat_lib.MeetingActivity$_23211#43848 parentId=43842} 5 children}
02-11 10:12:16.135  1074  1074 D SurfaceFlinger:        DEVICE |           99690485907458 | 00002100 | RGBA_8888    |    0.0    0.0    0.0    0.0 |    0    0   -1   -1 | kr.co.kyowon.videolesson.play/kr.co.[...]esson.play.MainActivity$_23211#43805 (7)
02-11 10:12:16.135  1074  1074 D SurfaceFlinger:        DEVICE |           99690485907509 | 00002100 | RGBA_8888    |    0.0    0.0 1200.0 1920.0 |    0    0 1200 1920 | kr.co.kyowon.videolesson.play/com.ky[...]hat_lib.MeetingActivity$_23211#43848 (28449)
02-11 10:12:16.140  1228 27189 I CameraService: startCameraStreamingOps: Start camera streaming ops, package name = kr.co.kyowon.videolesson.play, client UID = 10354
02-11 10:12:16.147  1451  1557 D SensorPrivacyService: onOpNoted  kr.co.kyowon.videolesson.play  code=26  uid=10354
02-11 10:12:16.147  1228 27189 I CameraServiceProxyWrapper: updateProxyDeviceState: notifyCameraState for Camera ID 1, newState 1, facing 1, clientName kr.co.kyowon.videolesson.play, apiLevel 2
02-11 10:12:16.149  1451  3251 I CameraService_proxy: wmi.addRefreshRateRangeForPackage minFPS = 30.000002, maxFPS = 60.0, clientName = kr.co.kyowon.videolesson.play
02-11 10:12:16.149 24327 28185 I CameraManagerGlobal: Camera 1 facing CAMERA_FACING_FRONT state now CAMERA_STATE_ACTIVE for client kr.co.kyowon.videolesson.play API Level 2 User Id 0Device Id 0
02-11 10:12:16.149  2097  2177 I CameraManagerGlobal: Camera 1 facing CAMERA_FACING_FRONT state now CAMERA_STATE_ACTIVE for client kr.co.kyowon.videolesson.play API Level 2 User Id 0Device Id 0
02-11 10:12:16.149  3081 12361 I CameraManagerGlobal: Camera 1 facing CAMERA_FACING_FRONT state now CAMERA_STATE_ACTIVE for client kr.co.kyowon.videolesson.play API Level 2 User Id 0Device Id 0
02-11 10:12:16.152  1944  4785 I CameraManagerGlobal: Camera 1 facing CAMERA_FACING_FRONT state now CAMERA_STATE_ACTIVE for client kr.co.kyowon.videolesson.play API Level 2 User Id 0Device Id 0
02-11 10:12:16.152  3487  5177 I CameraManagerGlobal: Camera 1 facing CAMERA_FACING_FRONT state now CAMERA_STATE_ACTIVE for client kr.co.kyowon.videolesson.play API Level 2 User Id 0Device Id 0
02-11 10:12:16.153 23211 23427 I CameraManagerGlobal: Camera 1 facing CAMERA_FACING_FRONT state now CAMERA_STATE_ACTIVE for client kr.co.kyowon.videolesson.play API Level 2 User Id 0Device Id 0
02-11 10:12:16.153 22284 22327 I CameraManagerGlobal: Camera 1 facing CAMERA_FACING_FRONT state now CAMERA_STATE_ACTIVE for client kr.co.kyowon.videolesson.play API Level 2 User Id 0Device Id 0
02-11 10:12:16.153  1451  2301 I CameraManagerGlobal: Camera 1 facing CAMERA_FACING_FRONT state now CAMERA_STATE_ACTIVE for client kr.co.kyowon.videolesson.play API Level 2 User Id 0Device Id 0
02-11 10:12:16.154 17720 17927 I CameraManagerGlobal: Camera 1 facing CAMERA_FACING_FRONT state now CAMERA_STATE_ACTIVE for client kr.co.kyowon.videolesson.play API Level 2 User Id 0Device Id 0
02-11 10:12:16.159  1074  1074 I LayerHistory: 69d3395 SurfaceView[kr.co.kyowon.videolesson.play/com.kyowon.livechat_lib.MeetingActivity]@0(BLAST)#43976 Max (can't resolve refresh rate)
02-11 10:12:16.159  1074  1074 I LayerHistory: kr.co.kyowon.videolesson.play/com.kyowon.livechat_lib.MeetingActivity$_23211#43848 Max (can't resolve refresh rate)
02-11 10:12:16.307  1228  8267 I Camera2ClientBase: ~Camera2ClientBase: Client object's dtor for Camera Id 1 completed. Client was: kr.co.kyowon.videolesson.play (PID 23211, UID 10354)
02-11 10:12:16.536  1074  1074 I BufferQueueProducer: [kr.co.kyowon.videolesson.play/com.kyowon.livechat_lib.MeetingActivity$_23211#43848](this:0xb400007cb393ead8,id:-1,api:0,p:-1,c:1074) queueBuffer: fps=69.88 dur=1015.97 max=111.70 min=9.46
02-11 10:12:16.636  1074  1074 I BufferQueueProducer: [69d3395 SurfaceView[kr.co.kyowon.videolesson.play/com.kyowon.livechat_lib.MeetingActivity]@0(BLAST)#43976](this:0xb400007cb3832ff8,id:-1,api:0,p:-1,c:1074) queueBuffer: fps=28.51 dur=1017.07 max=67.49 min=11.24
02-11 10:12:16.706 23211 27314 D libMEOW : applied 0 plugin for [kr.co.kyowon.videolesson.play].
02-11 10:12:16.709  1451  3251 D InsetsSourceProvider: updateFakeControlTarget: fakeControl=InsetsSourceControl: {d4260000 mType=statusBars mSurfacePosition=Point(0, 0) mInsetsHint=Insets{left=0, top=0, right=0, bottom=0}}, fakeTarget=Window{d45ae0c u0 kr.co.kyowon.videolesson.play/com.kyowon.livechat_lib.MeetingActivity}
02-11 10:12:16.784 23211 27314 I BLASTBufferQueue: [df4c49e SurfaceView[kr.co.kyowon.videolesson.play/com.kyowon.livechat_lib.MeetingActivity]@0#25](f:0,a:0,s:0) onFrameAvailable the first frame is available
02-11 10:12:16.785 23211 27314 I BLASTBufferQueue: [df4c49e SurfaceView[kr.co.kyowon.videolesson.play/com.kyowon.livechat_lib.MeetingActivity]@0#25](f:0,a:1,s:0) acquireNextBufferLocked size=803x623 mFrameNumber=1 applyTransaction=true mTimestamp=240364226567765(auto) mPendingTransactions.size=0 graphicBufferId=99690485907699 transform=4
02-11 10:12:16.801  1074  1074 D SurfaceFlinger:        DEVICE |           99690485907458 | 00002100 | RGBA_8888    |    0.0    0.0    0.0    0.0 |    0    0   -1   -1 | kr.co.kyowon.videolesson.play/kr.co.[...]esson.play.MainActivity$_23211#43805 (7)
02-11 10:12:16.801  1074  1074 D SurfaceFlinger:        DEVICE |           99690485907511 | 00002100 | RGBA_8888    |    0.0    0.0 1200.0 1920.0 |    0    0 1200 1920 | kr.co.kyowon.videolesson.play/com.ky[...]hat_lib.MeetingActivity$_23211#43848 (28487)
02-11 10:12:16.811  1074  1074 D SurfaceFlinger:        DEVICE |           99690485907458 | 00002100 | RGBA_8888    |    0.0    0.0    0.0    0.0 |    0    0   -1   -1 | kr.co.kyowon.videolesson.play/kr.co.[...]esson.play.MainActivity$_23211#43805 (7)
02-11 10:12:16.811  1074  1074 D SurfaceFlinger:        DEVICE |           99690485907512 | 00002100 | RGBA_8888    |    0.0    0.0 1200.0 1920.0 |    0    0 1200 1920 | kr.co.kyowon.videolesson.play/com.ky[...]hat_lib.MeetingActivity$_23211#43848 (28488)
02-11 10:12:17.546  1074  1074 I BufferQueueProducer: [kr.co.kyowon.videolesson.play/com.kyowon.livechat_lib.MeetingActivity$_23211#43848](this:0xb400007cb393ead8,id:-1,api:0,p:-1,c:1074) queueBuffer: fps=58.41 dur=1010.12 max=49.31 min=14.45
02-11 10:12:17.645  1074  1074 I BufferQueueProducer: [69d3395 SurfaceView[kr.co.kyowon.videolesson.play/com.kyowon.livechat_lib.MeetingActivity]@0(BLAST)#43976](this:0xb400007cb3832ff8,id:-1,api:0,p:-1,c:1074) queueBuffer: fps=29.73 dur=1008.94 max=83.77 min=14.72
02-11 10:12:17.826  1074  1074 I BufferQueueProducer: [df4c49e SurfaceView[kr.co.kyowon.videolesson.play/com.kyowon.livechat_lib.MeetingActivity]@0(BLAST)#43987](this:0xb400007cb397a7a8,id:-1,api:0,p:-1,c:1074) queueBuffer: fps=24.45 dur=1022.60 max=51.46 min=31.30
02-11 10:12:17.986 23211 23211 I BLASTBufferQueue: [69d3395 SurfaceView[kr.co.kyowon.videolesson.play/com.kyowon.livechat_lib.MeetingActivity]@0#24](f:0,a:3,s:0) destructor()
02-11 10:12:17.986 23211 23211 D BufferQueueConsumer: [69d3395 SurfaceView[kr.co.kyowon.videolesson.play/com.kyowon.livechat_lib.MeetingActivity]@0#24(BLAST Consumer)24](id:5aab00000024,api:0,p:-1,c:23211) disconnect
02-11 10:12:18.024  1074  1074 I SurfaceFlinger: [LayerHierarchy{RequestedLayerState{69d3395 SurfaceView[kr.co.kyowon.videolesson.play/com.kyowon.livechat_lib.MeetingActivity]@0#43975 z=-2} 2 children}] reparent to OffscreenRoot
02-11 10:12:18.024  1074  1074 I SurfaceFlinger: [LayerHierarchy{RequestedLayerState{69d3395 SurfaceView[kr.co.kyowon.videolesson.play/com.kyowon.livechat_lib.MeetingActivity]@0#43975 z=-2} 2 children}] RelativeParent to null
02-11 10:12:18.024  1074  1074 I SurfaceFlinger: [LayerHierarchy{RequestedLayerState{69d3395 SurfaceView[kr.co.kyowon.videolesson.play/com.kyowon.livechat_lib.MeetingActivity]@0(BLAST)#43976} no children}] reparent to OffscreenRoot
02-11 10:12:18.024  1074  1074 I SurfaceFlinger: [LayerHierarchy{RequestedLayerState{69d3395 SurfaceView[kr.co.kyowon.videolesson.play/com.kyowon.livechat_lib.MeetingActivity]@0(BLAST)#43976} no children}] RelativeParent to null
02-11 10:12:18.024  1074  1074 I SurfaceFlinger: [LayerHierarchy{RequestedLayerState{Background for 69d3395 SurfaceView[kr.co.kyowon.videolesson.play/com.kyowon.livechat_lib.MeetingActivity]@0#43977 z=-2147483648} no children}] reparent to OffscreenRoot
02-11 10:12:18.024  1074  1074 I SurfaceFlinger: [LayerHierarchy{RequestedLayerState{Background for 69d3395 SurfaceView[kr.co.kyowon.videolesson.play/com.kyowon.livechat_lib.MeetingActivity]@0#43977 z=-2147483648} no children}] RelativeParent to null
02-11 10:12:18.033  1074  1074 D SurfaceFlinger:        DEVICE |           99690485907458 | 00002100 | RGBA_8888    |    0.0    0.0    0.0    0.0 |    0    0   -1   -1 | kr.co.kyowon.videolesson.play/kr.co.[...]esson.play.MainActivity$_23211#43805 (7)
02-11 10:12:18.033  1074  1074 D SurfaceFlinger:        DEVICE |           99690485907508 | 00002100 | RGBA_8888    |    0.0    0.0 1200.0 1920.0 |    0    0 1200 1920 | kr.co.kyowon.videolesson.play/com.ky[...]hat_lib.MeetingActivity$_23211#43848 (28562)
02-11 10:12:18.033  1074  2446 I SurfaceFlinger: onHandleDestroyed: layerId=43977, name=Background for 69d3395 SurfaceView[kr.co.kyowon.videolesson.play/com.kyowon.livechat_lib.MeetingActivity]@0#43977
02-11 10:12:18.033  1074  2446 I SurfaceFlinger: id=43977 Removed Background for 69d3395 SurfaceView[kr.co.kyowon.videolesson.play/com.kyowon.livechat_lib.MeetingActivity]@0#43977 (153)
02-11 10:12:18.033  1074  2446 I SurfaceFlinger: onHandleDestroyed: layerId=43975, name=69d3395 SurfaceView[kr.co.kyowon.videolesson.play/com.kyowon.livechat_lib.MeetingActivity]@0#43975
02-11 10:12:18.034  1074  2446 I SurfaceFlinger: id=43975 Removed 69d3395 SurfaceView[kr.co.kyowon.videolesson.play/com.kyowon.livechat_lib.MeetingActivity]@0#43975 (153)
02-11 10:12:18.034  1074  2446 I SurfaceFlinger: onHandleDestroyed: layerId=43976, name=69d3395 SurfaceView[kr.co.kyowon.videolesson.play/com.kyowon.livechat_lib.MeetingActivity]@0(BLAST)#43976
02-11 10:12:18.034  1074  2446 I SurfaceFlinger: id=43976 Removed 69d3395 SurfaceView[kr.co.kyowon.videolesson.play/com.kyowon.livechat_lib.MeetingActivity]@0(BLAST)#43976 (153)
02-11 10:12:18.042  1074  1074 I SurfaceFlinger: destroyed 69d3395 SurfaceView[kr.co.kyowon.videolesson.play/com.kyowon.livechat_lib.MeetingActivity]@0#43975
02-11 10:12:18.042  1074  1074 I SurfaceFlinger: destroyed 69d3395 SurfaceView[kr.co.kyowon.videolesson.play/com.kyowon.livechat_lib.MeetingActivity]@0(BLAST)#43976
02-11 10:12:18.042  1074  1074 I SurfaceFlinger: destroyed Background for 69d3395 SurfaceView[kr.co.kyowon.videolesson.play/com.kyowon.livechat_lib.MeetingActivity]@0#43977
02-11 10:12:18.045  1074  1074 I Layer   : id=43976 Destroyed 69d3395 SurfaceView[kr.co.kyowon.videolesson.play/com.kyowon.livechat_lib.MeetingActivity]@0(BLAST)#43976
02-11 10:12:18.047  1074  1074 I Layer   : id=43975 Destroyed 69d3395 SurfaceView[kr.co.kyowon.videolesson.play/com.kyowon.livechat_lib.MeetingActivity]@0#43975
02-11 10:12:18.047  1074  1074 I Layer   : id=43977 Destroyed Background for 69d3395 SurfaceView[kr.co.kyowon.videolesson.play/com.kyowon.livechat_lib.MeetingActivity]@0#43977
02-11 10:12:18.425  1074  1469 I SurfaceFlinger: id=43990 createSurf, flag=84004, 69d3395 SurfaceView[kr.co.kyowon.videolesson.play/com.kyowon.livechat_lib.MeetingActivity]@0#43990
02-11 10:12:18.426  1074  1469 I SurfaceFlinger: id=43991 createSurf, flag=44400, 69d3395 SurfaceView[kr.co.kyowon.videolesson.play/com.kyowon.livechat_lib.MeetingActivity]@0(BLAST)#43991
02-11 10:12:18.427  1074  1469 I SurfaceFlinger: id=43992 createSurf, flag=20404, Background for 69d3395 SurfaceView[kr.co.kyowon.videolesson.play/com.kyowon.livechat_lib.MeetingActivity]@0#43992
02-11 10:12:18.428 23211 23211 I BLASTBufferQueue: [69d3395 SurfaceView[kr.co.kyowon.videolesson.play/com.kyowon.livechat_lib.MeetingActivity]@0#26](f:0,a:0,s:0) constructor()
02-11 10:12:18.429 23211 23211 I BLASTBufferQueue_Java: new BLASTBufferQueue, mName= 69d3395 SurfaceView[kr.co.kyowon.videolesson.play/com.kyowon.livechat_lib.MeetingActivity]@0 mNativeObject= 0xb4000071452f6490 caller= android.view.SurfaceView.createBlastSurfaceControls:1795 android.view.SurfaceView.updateSurface:1450 android.view.SurfaceView.lambda$new$0:280 android.view.SurfaceView.$r8$lambda$NfZyM_TG8F8lqzaOVZ7noREFjzU:0 android.view.SurfaceView$$ExternalSyntheticLambda1.onPreDraw:0 android.view.ViewTreeObserver.dispatchOnPreDraw:1229 android.view.ViewRootImpl.performTraversals:5452 android.view.ViewRootImpl.doTraversal:3929 android.view.ViewRootImpl$TraversalRunnable.run:12907 android.view.Choreographer$CallbackRecord.run:1901 
02-11 10:12:18.429 23211 23211 I BLASTBufferQueue_Java: update, w= 803 h= 623 mName = 69d3395 SurfaceView[kr.co.kyowon.videolesson.play/com.kyowon.livechat_lib.MeetingActivity]@0 mNativeObject= 0xb4000071452f6490 sc.mNativeObject= 0xb4000070f53189d0 format= 4 caller= android.view.SurfaceView.createBlastSurfaceControls:1796 android.view.SurfaceView.updateSurface:1450 android.view.SurfaceView.lambda$new$0:280 android.view.SurfaceView.$r8$lambda$NfZyM_TG8F8lqzaOVZ7noREFjzU:0 android.view.SurfaceView$$ExternalSyntheticLambda1.onPreDraw:0 android.view.ViewTreeObserver.dispatchOnPreDraw:1229 
02-11 10:12:18.429 23211 23211 I BLASTBufferQueue: [69d3395 SurfaceView[kr.co.kyowon.videolesson.play/com.kyowon.livechat_lib.MeetingActivity]@0#26](f:0,a:0,s:0) update width=803 height=623 format=4 mTransformHint=7
02-11 10:12:18.437  1074  1074 I SurfaceFlinger: [69d3395 SurfaceView[kr.co.kyowon.videolesson.play/com.kyowon.livechat_lib.MeetingActivity]@0#43990] attach to parent LayerHierarchy{RequestedLayerState{Bounds for - kr.co.kyowon.videolesson.play/com.kyowon.livechat_lib.MeetingActivity@0#43860 parentId=43848} 2 children}
02-11 10:12:18.437  1074  1074 I SurfaceFlinger: [69d3395 SurfaceView[kr.co.kyowon.videolesson.play/com.kyowon.livechat_lib.MeetingActivity]@0(BLAST)#43991] attach to parent LayerHierarchy{RequestedLayerState{69d3395 SurfaceView[kr.co.kyowon.videolesson.play/com.kyowon.livechat_lib.MeetingActivity]@0#43990 parentId=43860} 1 children}
02-11 10:12:18.437  1074  1074 I SurfaceFlinger: [Background for 69d3395 SurfaceView[kr.co.kyowon.videolesson.play/com.kyowon.livechat_lib.MeetingActivity]@0#43992] attach to parent LayerHierarchy{RequestedLayerState{69d3395 SurfaceView[kr.co.kyowon.videolesson.play/com.kyowon.livechat_lib.MeetingActivity]@0#43990 parentId=43860} 2 children}
02-11 10:12:18.454  1074  1074 I SurfaceFlinger: [LayerHierarchy{RequestedLayerState{69d3395 SurfaceView[kr.co.kyowon.videolesson.play/com.kyowon.livechat_lib.MeetingActivity]@0#43990 parentId=43860 relativeParentId=43848 z=-2} 2 children}] RelativeParent to LayerHierarchy{RequestedLayerState{kr.co.kyowon.videolesson.play/com.kyowon.livechat_lib.MeetingActivity$_23211#43848 parentId=43842} 4 children}
02-11 10:12:18.454  1074  1074 I SurfaceFlinger: [LayerHierarchy{RequestedLayerState{Background for 69d3395 SurfaceView[kr.co.kyowon.videolesson.play/com.kyowon.livechat_lib.MeetingActivity]@0#43992 parentId=43990 relativeParentId=43848 z=-2147483648} no children}] RelativeParent to LayerHierarchy{RequestedLayerState{kr.co.kyowon.videolesson.play/com.kyowon.livechat_lib.MeetingActivity$_23211#43848 parentId=43842} 5 children}
02-11 10:12:18.471  1074  1074 D SurfaceFlinger:        DEVICE |           99690485907458 | 00002100 | RGBA_8888    |    0.0    0.0    0.0    0.0 |    0    0   -1   -1 | kr.co.kyowon.videolesson.play/kr.co.[...]esson.play.MainActivity$_23211#43805 (7)
02-11 10:12:18.471  1074  1074 D SurfaceFlinger:        DEVICE |           99690485907509 | 00002100 | RGBA_8888    |    0.0    0.0 1200.0 1920.0 |    0    0 1200 1920 | kr.co.kyowon.videolesson.play/com.ky[...]hat_lib.MeetingActivity$_23211#43848 (28587)
02-11 10:12:18.554  1074  1074 I BufferQueueProducer: [kr.co.kyowon.videolesson.play/com.kyowon.livechat_lib.MeetingActivity$_23211#43848](this:0xb400007cb393ead8,id:-1,api:0,p:-1,c:1074) queueBuffer: fps=59.52 dur=1008.05 max=32.07 min=13.02
02-11 10:12:18.731 23211 27351 D libMEOW : applied 0 plugin for [kr.co.kyowon.videolesson.play].
02-11 10:12:18.766 23211 27351 I BLASTBufferQueue: [69d3395 SurfaceView[kr.co.kyowon.videolesson.play/com.kyowon.livechat_lib.MeetingActivity]@0#26](f:0,a:0,s:0) onFrameAvailable the first frame is available
02-11 10:12:18.767 23211 27351 I BLASTBufferQueue: [69d3395 SurfaceView[kr.co.kyowon.videolesson.play/com.kyowon.livechat_lib.MeetingActivity]@0#26](f:0,a:1,s:0) acquireNextBufferLocked size=803x623 mFrameNumber=1 applyTransaction=true mTimestamp=240366208550612(auto) mPendingTransactions.size=0 graphicBufferId=99690485907703 transform=4
02-11 10:12:18.781  1074  1074 D SurfaceFlinger:        DEVICE |           99690485907458 | 00002100 | RGBA_8888    |    0.0    0.0    0.0    0.0 |    0    0   -1   -1 | kr.co.kyowon.videolesson.play/kr.co.[...]esson.play.MainActivity$_23211#43805 (7)
02-11 10:12:18.781  1074  1074 D SurfaceFlinger:        DEVICE |           99690485907509 | 00002100 | RGBA_8888    |    0.0    0.0 1200.0 1920.0 |    0    0 1200 1920 | kr.co.kyowon.videolesson.play/com.ky[...]hat_lib.MeetingActivity$_23211#43848 (28605)
02-11 10:12:18.835  1074  1074 I BufferQueueProducer: [df4c49e SurfaceView[kr.co.kyowon.videolesson.play/com.kyowon.livechat_lib.MeetingActivity]@0(BLAST)#43987](this:0xb400007cb397a7a8,id:-1,api:0,p:-1,c:1074) queueBuffer: fps=23.78 dur=1009.10 max=67.98 min=13.94
02-11 10:12:19.227  1451  2223 D InsetsSourceProvider: updateControlForTarget: control=InsetsSourceControl: {d4260000 mType=statusBars initiallyVisible mSurfacePosition=Point(0, 0) mInsetsHint=Insets{left=0, top=45, right=0, bottom=0}}, target=Window{d45ae0c u0 kr.co.kyowon.videolesson.play/com.kyowon.livechat_lib.MeetingActivity}, from=com.android.server.wm.InsetsStateController.onControlTargetChanged:83 com.android.server.wm.InsetsPolicy.updateBarControlTarget:212 com.android.server.wm.DisplayPolicy.updateSystemBarAttributes:262 com.android.server.wm.DisplayPolicy.finishPostLayoutPolicyLw:17 com.android.server.wm.RootWindowContainer.applySurfaceChangesTransaction$1:195 
