02-11 10:12:29.791  1074  1074 I SurfaceFlinger: [LayerHierarchy{RequestedLayerState{df4c49e SurfaceView[kr.co.kyowon.videolesson.play/com.kyowon.livechat_lib.MeetingActivity]@0(BLAST)#43987} no children}] RelativeParent to null
02-11 10:12:29.792  1074  1074 I SurfaceFlinger: [LayerHierarchy{RequestedLayerState{Background for df4c49e SurfaceView[kr.co.kyowon.videolesson.play/com.kyowon.livechat_lib.MeetingActivity]@0#43988 z=-2147483648} no children}] reparent to OffscreenRoot
02-11 10:12:29.792  1074  1074 I SurfaceFlinger: [LayerHierarchy{RequestedLayerState{Background for df4c49e SurfaceView[kr.co.kyowon.videolesson.play/com.kyowon.livechat_lib.MeetingActivity]@0#43988 z=-2147483648} no children}] RelativeParent to null
02-11 10:12:29.792  1074  1074 I SurfaceFlinger: [kr.co.kyowon.videolesson.play/com.kyowon.livechat_lib.MeetingActivity$_23211#44000] attach to parent LayerHierarchy{RequestedLayerState{e61eb74 kr.co.kyowon.videolesson.play/com.kyowon.livechat_lib.MeetingActivity#43999 parentId=43840 z=2} 1 children}
02-11 10:12:29.798  1451  3287 D WindowManager: finishDrawingWindow: Window{e61eb74 u0 kr.co.kyowon.videolesson.play/com.kyowon.livechat_lib.MeetingActivity} mDrawState=DRAW_PENDING seqId=0
02-11 10:12:29.800  1074  1074 D SurfaceFlinger:        DEVICE |           99690485907458 | 00002100 | RGBA_8888    |    0.0    0.0    0.0    0.0 |    0    0   -1   -1 | kr.co.kyowon.videolesson.play/kr.co.[...]esson.play.MainActivity$_23211#43805 (7)
02-11 10:12:29.800  1074  1074 D SurfaceFlinger:        DEVICE |           99690485907507 | 00002100 | RGBA_8888    |    0.0    0.0 1200.0 1920.0 |    0    0 1200 1920 | kr.co.kyowon.videolesson.play/com.ky[...]hat_lib.MeetingActivity$_23211#43848 (29419)
02-11 10:12:29.800  1074  1074 D SurfaceFlinger:  DEVICE |           99690485907716 | 00002100 | RGBA_8888    |    0.0    0.0  642.0  906.0 |  278  507  920 1413 | kr.co.kyowon.videolesson.play/com.ky[...]hat_lib.MeetingActivity$_23211#43995 (2)
02-11 10:12:29.800  1451  1535 I WindowManager: Reparenting to leash, surface=Surface(name=e61eb74 kr.co.kyowon.videolesson.play/com.kyowon.livechat_lib.MeetingActivity)/@0xb6c4ae0, leashParent=Surface(name=ActivityRecord{97819389 u0 kr.co.kyowon.videolesson.play/com.kyowon.livechat_lib.MeetingActivity t426})/@0x881e172
02-11 10:12:29.800  1074  1469 I SurfaceFlinger: id=44001 createSurf, flag=24004, Surface(name=e61eb74 kr.co.kyowon.videolesson.play/com.kyowon.livechat_lib.MeetingActivity)/@0xb6c4ae0 - animation-leash of window_animation#44001
02-11 10:12:29.800  1074  1469 I SurfaceFlinger: onHandleDestroyed: layerId=43988, name=Background for df4c49e SurfaceView[kr.co.kyowon.videolesson.play/com.kyowon.livechat_lib.MeetingActivity]@0#43988
02-11 10:12:29.800  1074  1469 I SurfaceFlinger: id=43988 Removed Background for df4c49e SurfaceView[kr.co.kyowon.videolesson.play/com.kyowon.livechat_lib.MeetingActivity]@0#43988 (150)
02-11 10:12:29.800  1074  1469 I SurfaceFlinger: onHandleDestroyed: layerId=43986, name=df4c49e SurfaceView[kr.co.kyowon.videolesson.play/com.kyowon.livechat_lib.MeetingActivity]@0#43986
02-11 10:12:29.800  1074  1469 I SurfaceFlinger: id=43986 Removed df4c49e SurfaceView[kr.co.kyowon.videolesson.play/com.kyowon.livechat_lib.MeetingActivity]@0#43986 (150)
02-11 10:12:29.800  1074  1469 I SurfaceFlinger: onHandleDestroyed: layerId=43987, name=df4c49e SurfaceView[kr.co.kyowon.videolesson.play/com.kyowon.livechat_lib.MeetingActivity]@0(BLAST)#43987
02-11 10:12:29.800  1074  1469 I SurfaceFlinger: id=43987 Removed df4c49e SurfaceView[kr.co.kyowon.videolesson.play/com.kyowon.livechat_lib.MeetingActivity]@0(BLAST)#43987 (150)
02-11 10:12:29.801  1451  1535 D WindowManager: makeSurface duration=1 leash=Surface(name=Surface(name=e61eb74 kr.co.kyowon.videolesson.play/com.kyowon.livechat_lib.MeetingActivity)/@0xb6c4ae0 - animation-leash of window_animation)/@0x52c5199
02-11 10:12:29.801  1451  1535 V WindowManager: performShowLocked: mDrawState=HAS_DRAWN in Window{e61eb74 u0 kr.co.kyowon.videolesson.play/com.kyowon.livechat_lib.MeetingActivity}
02-11 10:12:29.802  1074  1074 I SurfaceFlinger: destroyed df4c49e SurfaceView[kr.co.kyowon.videolesson.play/com.kyowon.livechat_lib.MeetingActivity]@0#43986
02-11 10:12:29.802  1074  1074 I SurfaceFlinger: destroyed df4c49e SurfaceView[kr.co.kyowon.videolesson.play/com.kyowon.livechat_lib.MeetingActivity]@0(BLAST)#43987
02-11 10:12:29.802  1074  1074 I SurfaceFlinger: destroyed Background for df4c49e SurfaceView[kr.co.kyowon.videolesson.play/com.kyowon.livechat_lib.MeetingActivity]@0#43988
02-11 10:12:29.802  1074  1074 I SurfaceFlinger: [Surface(name=e61eb74 kr.co.kyowon.videolesson.play/com.kyowon.livechat_lib.MeetingActivity)/@0xb6c4ae0 - animation-leash of window_animation#44001] attach to parent LayerHierarchy{RequestedLayerState{ActivityRecord{97819389 u0 kr.co.kyowon.videolesson.play/com.kyowon.livechat_lib.MeetingActivity t426}#43840 parentId=43795 z=1} 6 children}
02-11 10:12:29.805  1074  1074 I Layer   : id=43987 Destroyed df4c49e SurfaceView[kr.co.kyowon.videolesson.play/com.kyowon.livechat_lib.MeetingActivity]@0(BLAST)#43987
02-11 10:12:29.807  1074  1074 I Layer   : id=43986 Destroyed df4c49e SurfaceView[kr.co.kyowon.videolesson.play/com.kyowon.livechat_lib.MeetingActivity]@0#43986
02-11 10:12:29.807  1074  1074 I Layer   : id=43988 Destroyed Background for df4c49e SurfaceView[kr.co.kyowon.videolesson.play/com.kyowon.livechat_lib.MeetingActivity]@0#43988
02-11 10:12:29.812  1074  1191 D SurfaceFlinger: [input] setFocusedWindow: e61eb74 kr.co.kyowon.videolesson.play/com.kyowon.livechat_lib.MeetingActivity
02-11 10:12:29.812  1074  1191 D SurfaceFlinger: updateWinowInfo=1, setFocusedWindow timestamp=240377228947843, windowName=e61eb74 kr.co.kyowon.videolesson.play/com.kyowon.livechat_lib.MeetingActivity
02-11 10:12:29.812  1451  5096 D InputDispatcher: Once focus requested (0): e61eb74 kr.co.kyowon.videolesson.play/com.kyowon.livechat_lib.MeetingActivity
02-11 10:12:29.812  1451  5096 D InputDispatcher: Focus request (0): e61eb74 kr.co.kyowon.videolesson.play/com.kyowon.livechat_lib.MeetingActivity but waiting because NOT_VISIBLE
02-11 10:12:29.813  1074  1074 E SurfaceFlinger: alpha changed 1.000 -> 0.000 - Surface(name=e61eb74 kr.co.kyowon.videolesson.play/com.kyowon.livechat_lib.MeetingActivity)/@0xb6c4ae0 - animation-leash of window_animation#44001
02-11 10:12:29.813  1074  1074 E SurfaceFlinger: alpha changed 0.000 -> 0.000 - Surface(name=e61eb74 kr.co.kyowon.videolesson.play/com.kyowon.livechat_lib.MeetingActivity)/@0xb6c4ae0 - animation-leash of window_animation#44001
02-11 10:12:29.813  1074  1074 I SurfaceFlinger: RequestedLayer [kr.co.kyowon.videolesson.play/com.ky[...]hat_lib.MeetingActivity$_23211#44000] hidden!! flag  from(1) --> to(0)
02-11 10:12:29.814  1074  1074 I SurfaceFlinger: [LayerHierarchy{RequestedLayerState{e61eb74 kr.co.kyowon.videolesson.play/com.kyowon.livechat_lib.MeetingActivity#43999 parentId=44001 z=2} 1 children}] reparent to LayerHierarchy{RequestedLayerState{Surface(name=e61eb74 kr.co.kyowon.videolesson.play/com.kyowon.livechat_lib.MeetingActivity)/@0xb6c4ae0 - animation-leash of window_animation#44001 parentId=43840 z=2} 1 children}
02-11 10:12:29.817  1451  5096 D InputDispatcher: Focus left window (0): d45ae0c kr.co.kyowon.videolesson.play/com.kyowon.livechat_lib.MeetingActivity
02-11 10:12:29.819  1451  1706 I ImeTracker: kr.co.kyowon.videolesson.play:5c160f39: onRequestHide at ORIGIN_SERVER reason HIDE_UNSPECIFIED_WINDOW fromUser false
02-11 10:12:29.821 23211 23211 I ImeTracker: kr.co.kyowon.videolesson.play:5c160f39: onCancelled at PHASE_CLIENT_ALREADY_HIDDEN
02-11 10:12:29.824  1074  1074 E SurfaceFlinger: alpha changed 0.000 -> 0.036 - Surface(name=e61eb74 kr.co.kyowon.videolesson.play/com.kyowon.livechat_lib.MeetingActivity)/@0xb6c4ae0 - animation-leash of window_animation#44001
02-11 10:12:29.827  1451  1898 D NetdEventListenerService: DNS Requested by 103, 10354(kr.co.kyowon.videolesson.play), SUCCESS, 2ms
02-11 10:12:29.827  1451  5096 D InsetsSourceProvider: updateControlForTarget: control=InsetsSourceControl: {3 mType=ime mSurfacePosition=Point(0, 45) mInsetsHint=Insets{left=0, top=0, right=0, bottom=561}}, target=Window{d45ae0c u0 kr.co.kyowon.videolesson.play/com.kyowon.livechat_lib.MeetingActivity}, from=com.android.server.wm.ImeInsetsSourceProvider.updateControlForTarget:17 com.android.server.wm.InsetsStateController.onControlTargetChanged:83 com.android.server.wm.DisplayContent.updateImeControlTarget:21 com.android.server.wm.DisplayContent.updateImeInputAndControlTarget:266 com.android.server.wm.WindowManagerService$LocalService.updateInputMethodTargetWindow:64 
02-11 10:12:29.832  1074  1074 D SurfaceFlinger:        DEVICE |           99690485907458 | 00002100 | RGBA_8888    |    0.0    0.0    0.0    0.0 |    0    0   -1   -1 | kr.co.kyowon.videolesson.play/kr.co.[...]esson.play.MainActivity$_23211#43805 (7)
02-11 10:12:29.832  1074  1074 D SurfaceFlinger:        DEVICE |           99690485907509 | 00002100 | RGBA_8888    |    0.0    0.0 1200.0 1920.0 |    0    0 1200 1920 | kr.co.kyowon.videolesson.play/com.ky[...]hat_lib.MeetingActivity$_23211#43848 (29421)
02-11 10:12:29.832  1074  1074 D SurfaceFlinger:  DEVICE |           99690485907716 | 00002100 | RGBA_8888    |    0.0    0.0  642.0  906.0 |  275  507  917 1413 | kr.co.kyowon.videolesson.play/com.ky[...]hat_lib.MeetingActivity$_23211#43995 (2)
02-11 10:12:29.832  1074  1074 D SurfaceFlinger:        DEVICE |           99690485907725 | 00002100 | RGBA_8888    |    0.0    0.0  640.0 1152.0 |  309  384  949 1536 | kr.co.kyowon.videolesson.play/com.ky[...]hat_lib.MeetingActivity$_23211#44000 (3)
02-11 10:12:29.832  1451  5096 D InputDispatcher: Focus entered window (0): e61eb74 kr.co.kyowon.videolesson.play/com.kyowon.livechat_lib.MeetingActivity
02-11 10:12:29.856 23211 23211 I InsetsController: onStateChanged: host=kr.co.kyowon.videolesson.play/com.kyowon.livechat_lib.MeetingActivity, from=android.view.ViewRootImpl.onInsetsStateChanged:3031, state=InsetsState: {mDisplayFrame=Rect(0, 0 - 1920, 1200), mDisplayCutout=DisplayCutout{insets=Rect(0, 0 - 0, 0) waterfall=Insets{left=0, top=0, right=0, bottom=0} boundingRect={Bounds=[Rect(0, 0 - 0, 0), Rect(0, 0 - 0, 0), Rect(0, 0 - 0, 0), Rect(0, 0 - 0, 0)]} cutoutPathParserInfo={CutoutPathParserInfo{displayWidth=0 displayHeight=0 physicalDisplayWidth=0 physicalDisplayHeight=0 density={0.0} cutoutSpec={} rotation={0} scale={0.0} physicalPixelDisplaySizeRatio={0.0}}} sideOverrides=null}, mRoundedCorners=RoundedCorners{[RoundedCorner{position=TopLeft, radius=20, center=Point(20, 20)}, RoundedCorner{position=TopRight, radius=20, center=Point(1900, 20)}, RoundedCorner{position=BottomRight, radius=20, center=Point(1900, 1180)}, RoundedCorner{position=BottomLeft, radius=20, center=Point(20, 1180)}]}  mRoundedCornerFrame=Rect(0, 0 - 1920, 1200), mPrivacyIndicatorBounds=PrivacyIndicatorBounds {static bounds=Rect(1854, 0 - 1920, 45) rotation=1}, mDisplayShape=DisplayShape{ spec=-311912193 displayWidth=1200 displayHeight=1920 physicalPixelDisplaySizeRatio=1.0 rotation=1 offsetX=0 offsetY=0 scale=1.0}, mSources= { InsetsSource: {d4260000 mType=statusBars mFrame=[0,0][1920,45] mVisible=false mFlags= mSideHint=TOP mBoundingRects=null}, InsetsSource: {d4260005 mType=mandatorySystemGestures mFrame=[0,0][1920,45] mVisible=true mFlags= mSideHint=TOP mBoundingRects=null}, InsetsSource: {d4260006 mType=tappableElement mFrame=[0,0][1920,45] mVisible=true mFlags= mSideHint=TOP mBoundingRects=null}, InsetsSource: {f8790001 mType=navigationBars mFrame=[0,1128][1920,1200] mVisible=false mFlags= mSideHint=BOTTOM mBoundingRects=null}, InsetsSource: {f8790004 mType=systemGestures mFrame=[0,0][0,0] mVisible=true mFlags= mSideHint=NONE mBoundingRects=null}, InsetsSource: {f8790005 mType=mandatorySystemGestures mFrame=[0,1128][1920,1200] mVisible=true mFlags= mSideHint=BOTTOM mBoundingRects=null}, InsetsSource: {f8790006 mType=tappableElement mFrame=[0,1128][1920,1200] mVisible=true mFlags= mSideHint=BOTTOM mBoundingRects=null}, InsetsSource: {f8790024 mType=systemGestures mFrame=[0,0][0,0] mVisible=true mFlags= mSideHint=NONE mBoundingRects=null} }
02-11 10:12:29.913  1451  1535 I WindowManager: Reparenting to original parent: Surface(name=ActivityRecord{97819389 u0 kr.co.kyowon.videolesson.play/com.kyowon.livechat_lib.MeetingActivity t426})/@0x881e172, destroy=true, surface=Surface(name=ae3707c kr.co.kyowon.videolesson.play/com.kyowon.livechat_lib.MeetingActivity)/@0xcf9bf8b
02-11 10:12:29.913  1451  1535 E WindowManager: win=Window{ae3707c u0 kr.co.kyowon.videolesson.play/com.kyowon.livechat_lib.MeetingActivity EXITING} destroySurfaces: appStopped=false cleanupOnResume=false win.mWindowRemovalAllowed=true win.mRemoveOnExit=true win.mViewVisibility=0 caller=com.android.server.wm.WindowState.onExitAnimationDone:224 com.android.server.wm.WindowState.onAnimationFinished:161 com.android.server.wm.WindowContainer$$ExternalSyntheticLambda8.onAnimationFinished:3 com.android.server.wm.SurfaceAnimator$$ExternalSyntheticLambda0.onAnimationFinished:69 com.android.server.wm.LocalAnimationAdapter$$ExternalSyntheticLambda0.run:10 android.os.Handler.handleCallback:995 android.os.Handler.dispatchMessage:103 
02-11 10:12:29.923  1074  1074 E SurfaceFlinger: alpha changed 0.056 -> 0.000 - Surface(name=ae3707c kr.co.kyowon.videolesson.play/com.kyowon.livechat_lib.MeetingActivity)/@0xcf9bf8b - animation-leash of window_animation#43998
02-11 10:12:29.924  1074  1074 I SurfaceFlinger: [LayerHierarchy{RequestedLayerState{kr.co.kyowon.videolesson.play/com.kyowon.livechat_lib.MeetingActivity$_23211#43995} no children}] reparent to OffscreenRoot
02-11 10:12:29.924  1074  1074 I SurfaceFlinger: [LayerHierarchy{RequestedLayerState{kr.co.kyowon.videolesson.play/com.kyowon.livechat_lib.MeetingActivity$_23211#43995} no children}] RelativeParent to null
02-11 10:12:29.930  1074  1074 D SurfaceFlinger:        DEVICE |           99690485907458 | 00002100 | RGBA_8888    |    0.0    0.0    0.0    0.0 |    0    0   -1   -1 | kr.co.kyowon.videolesson.play/kr.co.[...]esson.play.MainActivity$_23211#43805 (7)
02-11 10:12:29.930  1074  1074 D SurfaceFlinger:        DEVICE |           99690485907512 | 00002100 | RGBA_8888    |    0.0    0.0 1200.0 1920.0 |    0    0 1200 1920 | kr.co.kyowon.videolesson.play/com.ky[...]hat_lib.MeetingActivity$_23211#43848 (29430)
02-11 10:12:29.930  1074  1074 D SurfaceFlinger:  DEVICE |           99690485907727 | 00002100 | RGBA_8888    |    0.0    0.0  640.0 1152.0 |  284  384  924 1536 | kr.co.kyowon.videolesson.play/com.ky[...]hat_lib.MeetingActivity$_23211#44000 (11)
02-11 10:12:29.934  1074  1074 I SurfaceFlinger: RequestedLayer [kr.co.kyowon.videolesson.play/com.ky[...]hat_lib.MeetingActivity$_23211#43995] hidden!! flag  from(0) --> to(1)
02-11 10:12:29.935  1074  1074 I SurfaceFlinger: [LayerHierarchy{RequestedLayerState{ae3707c kr.co.kyowon.videolesson.play/com.kyowon.livechat_lib.MeetingActivity#43994 z=1} no children}] reparent to OffscreenRoot
02-11 10:12:29.935  1074  1074 I SurfaceFlinger: [LayerHierarchy{RequestedLayerState{ae3707c kr.co.kyowon.videolesson.play/com.kyowon.livechat_lib.MeetingActivity#43994 z=1} no children}] RelativeParent to null
02-11 10:12:29.935  1074  1074 I SurfaceFlinger: [LayerHierarchy{RequestedLayerState{Surface(name=ae3707c kr.co.kyowon.videolesson.play/com.kyowon.livechat_lib.MeetingActivity)/@0xcf9bf8b - animation-leash of window_animation#43998 z=1} no children}] reparent to OffscreenRoot
02-11 10:12:29.935  1074  1074 I SurfaceFlinger: [LayerHierarchy{RequestedLayerState{Surface(name=ae3707c kr.co.kyowon.videolesson.play/com.kyowon.livechat_lib.MeetingActivity)/@0xcf9bf8b - animation-leash of window_animation#43998 z=1} no children}] RelativeParent to null
02-11 10:12:29.936  1074  1074 I SurfaceFlinger: onHandleDestroyed: layerId=43995, name=kr.co.kyowon.videolesson.play/com.kyowon.livechat_lib.MeetingActivity$_23211#43995
02-11 10:12:29.937  1074  1074 I SurfaceFlinger: id=43995 Removed kr.co.kyowon.videolesson.play/com.kyowon.livechat_lib.MeetingActivity$_23211#43995 (147)
02-11 10:12:29.937  1074  1074 I SurfaceFlinger: onHandleDestroyed: layerId=43998, name=Surface(name=ae3707c kr.co.kyowon.videolesson.play/com.kyowon.livechat_lib.MeetingActivity)/@0xcf9bf8b - animation-leash of window_animation#43998
02-11 10:12:29.937  1074  1074 I SurfaceFlinger: id=43998 Removed Surface(name=ae3707c kr.co.kyowon.videolesson.play/com.kyowon.livechat_lib.MeetingActivity)/@0xcf9bf8b - animation-leash of window_animation#43998 (147)
02-11 10:12:29.937  1074  1074 I SurfaceFlinger: onHandleDestroyed: layerId=43994, name=ae3707c kr.co.kyowon.videolesson.play/com.kyowon.livechat_lib.MeetingActivity#43994
02-11 10:12:29.937  1074  1074 I SurfaceFlinger: id=43994 Removed ae3707c kr.co.kyowon.videolesson.play/com.kyowon.livechat_lib.MeetingActivity#43994 (147)
02-11 10:12:29.945  1074  1074 I SurfaceFlinger: destroyed ae3707c kr.co.kyowon.videolesson.play/com.kyowon.livechat_lib.MeetingActivity#43994
02-11 10:12:29.946  1074  1074 I SurfaceFlinger: destroyed Surface(name=ae3707c kr.co.kyowon.videolesson.play/com.kyowon.livechat_lib.MeetingActivity)/@0xcf9bf8b - animation-leash of window_animation#43998
02-11 10:12:29.946  1074  1074 I SurfaceFlinger: destroyed kr.co.kyowon.videolesson.play/com.kyowon.livechat_lib.MeetingActivity$_23211#43995
02-11 10:12:29.948  1074  1074 I Layer   : id=43994 Destroyed ae3707c kr.co.kyowon.videolesson.play/com.kyowon.livechat_lib.MeetingActivity#43994
02-11 10:12:29.948  1074  1074 I Layer   : id=43998 Destroyed Surface(name=ae3707c kr.co.kyowon.videolesson.play/com.kyowon.livechat_lib.MeetingActivity)/@0xcf9bf8b - animation-leash of window_animation#43998
02-11 10:12:29.948  1074  1074 I Layer   : id=43995 Destroyed kr.co.kyowon.videolesson.play/com.kyowon.livechat_lib.MeetingActivity$_23211#43995
02-11 10:12:30.023  1451  1535 I WindowManager: Reparenting to original parent: Surface(name=ActivityRecord{97819389 u0 kr.co.kyowon.videolesson.play/com.kyowon.livechat_lib.MeetingActivity t426})/@0x881e172, destroy=true, surface=Surface(name=e61eb74 kr.co.kyowon.videolesson.play/com.kyowon.livechat_lib.MeetingActivity)/@0xb6c4ae0
02-11 10:12:30.045  1074  1074 I SurfaceFlinger: [LayerHierarchy{RequestedLayerState{Surface(name=e61eb74 kr.co.kyowon.videolesson.play/com.kyowon.livechat_lib.MeetingActivity)/@0xb6c4ae0 - animation-leash of window_animation#44001 z=1} 1 children}] reparent to OffscreenRoot
02-11 10:12:30.045  1074  1074 I SurfaceFlinger: [LayerHierarchy{RequestedLayerState{Surface(name=e61eb74 kr.co.kyowon.videolesson.play/com.kyowon.livechat_lib.MeetingActivity)/@0xb6c4ae0 - animation-leash of window_animation#44001 z=1} 1 children}] RelativeParent to null
02-11 10:12:30.045  1074  1074 I SurfaceFlinger: [LayerHierarchy{RequestedLayerState{e61eb74 kr.co.kyowon.videolesson.play/com.kyowon.livechat_lib.MeetingActivity#43999 parentId=43840 z=1} 1 children}] reparent to LayerHierarchy{RequestedLayerState{ActivityRecord{97819389 u0 kr.co.kyowon.videolesson.play/com.kyowon.livechat_lib.MeetingActivity t426}#43840 parentId=43795 z=1} 4 children}
02-11 10:12:30.047  1074  1074 I SurfaceFlinger: onHandleDestroyed: layerId=44001, name=Surface(name=e61eb74 kr.co.kyowon.videolesson.play/com.kyowon.livechat_lib.MeetingActivity)/@0xb6c4ae0 - animation-leash of window_animation#44001
02-11 10:12:30.047  1074  1074 I SurfaceFlinger: id=44001 Removed Surface(name=e61eb74 kr.co.kyowon.videolesson.play/com.kyowon.livechat_lib.MeetingActivity)/@0xb6c4ae0 - animation-leash of window_animation#44001 (144)
02-11 10:12:30.056  1074  1074 I SurfaceFlinger: destroyed Surface(name=e61eb74 kr.co.kyowon.videolesson.play/com.kyowon.livechat_lib.MeetingActivity)/@0xb6c4ae0 - animation-leash of window_animation#44001
02-11 10:12:30.058  1074  1074 I Layer   : id=44001 Destroyed Surface(name=e61eb74 kr.co.kyowon.videolesson.play/com.kyowon.livechat_lib.MeetingActivity)/@0xb6c4ae0 - animation-leash of window_animation#44001
02-11 10:12:30.619  1074  1074 I BufferQueueProducer: [kr.co.kyowon.videolesson.play/com.kyowon.livechat_lib.MeetingActivity$_23211#43848](this:0xb400007cb393ead8,id:-1,api:0,p:-1,c:1074) queueBuffer: fps=87.66 dur=1003.83 max=33.77 min=9.97
02-11 10:12:30.806  1074  1074 I BufferQueueProducer: [kr.co.kyowon.videolesson.play/com.kyowon.livechat_lib.MeetingActivity$_23211#44000](this:0xb400007cb3866418,id:-1,api:0,p:-1,c:1074) queueBuffer: fps=89.83 dur=1001.93 max=22.40 min=9.98
02-11 10:12:31.622  1074  1074 I BufferQueueProducer: [kr.co.kyowon.videolesson.play/com.kyowon.livechat_lib.MeetingActivity$_23211#43848](this:0xb400007cb393ead8,id:-1,api:0,p:-1,c:1074) queueBuffer: fps=90.70 dur=1003.27 max=11.66 min=10.44
02-11 10:12:31.809  1074  1074 I BufferQueueProducer: [kr.co.kyowon.videolesson.play/com.kyowon.livechat_lib.MeetingActivity$_23211#44000](this:0xb400007cb3866418,id:-1,api:0,p:-1,c:1074) queueBuffer: fps=90.71 dur=1003.23 max=11.63 min=10.49
02-11 10:12:32.625  1074  1074 I BufferQueueProducer: [kr.co.kyowon.videolesson.play/com.kyowon.livechat_lib.MeetingActivity$_23211#43848](this:0xb400007cb393ead8,id:-1,api:0,p:-1,c:1074) queueBuffer: fps=90.72 dur=1003.06 max=11.66 min=10.55
02-11 10:12:32.812  1074  1074 I BufferQueueProducer: [kr.co.kyowon.videolesson.play/com.kyowon.livechat_lib.MeetingActivity$_23211#44000](this:0xb400007cb3866418,id:-1,api:0,p:-1,c:1074) queueBuffer: fps=90.70 dur=1003.28 max=11.64 min=10.62
02-11 10:12:33.628  1074  1074 I BufferQueueProducer: [kr.co.kyowon.videolesson.play/com.kyowon.livechat_lib.MeetingActivity$_23211#43848](this:0xb400007cb393ead8,id:-1,api:0,p:-1,c:1074) queueBuffer: fps=90.72 dur=1003.07 max=11.28 min=10.66
02-11 10:12:33.815  1074  1074 I BufferQueueProducer: [kr.co.kyowon.videolesson.play/com.kyowon.livechat_lib.MeetingActivity$_23211#44000](this:0xb400007cb3866418,id:-1,api:0,p:-1,c:1074) queueBuffer: fps=88.71 dur=1003.23 max=22.15 min=10.68
02-11 10:12:34.631  1074  1074 I BufferQueueProducer: [kr.co.kyowon.videolesson.play/com.kyowon.livechat_lib.MeetingActivity$_23211#43848](this:0xb400007cb393ead8,id:-1,api:0,p:-1,c:1074) queueBuffer: fps=90.69 dur=1003.42 max=11.91 min=10.06
02-11 10:12:34.819  1074  1074 I BufferQueueProducer: [kr.co.kyowon.videolesson.play/com.kyowon.livechat_lib.MeetingActivity$_23211#44000](this:0xb400007cb3866418,id:-1,api:0,p:-1,c:1074) queueBuffer: fps=90.70 dur=1003.30 max=11.61 min=10.37
02-11 10:12:35.635  1074  1074 I BufferQueueProducer: [kr.co.kyowon.videolesson.play/com.kyowon.livechat_lib.MeetingActivity$_23211#43848](this:0xb400007cb393ead8,id:-1,api:0,p:-1,c:1074) queueBuffer: fps=90.70 dur=1003.29 max=11.33 min=10.67
02-11 10:12:35.822  1074  1074 I BufferQueueProducer: [kr.co.kyowon.videolesson.play/com.kyowon.livechat_lib.MeetingActivity$_23211#44000](this:0xb400007cb3866418,id:-1,api:0,p:-1,c:1074) queueBuffer: fps=89.70 dur=1003.30 max=22.12 min=10.41
02-11 10:12:36.638  1074  1074 I BufferQueueProducer: [kr.co.kyowon.videolesson.play/com.kyowon.livechat_lib.MeetingActivity$_23211#43848](this:0xb400007cb393ead8,id:-1,api:0,p:-1,c:1074) queueBuffer: fps=90.70 dur=1003.27 max=11.75 min=10.31
02-11 10:12:36.826  1074  1074 I BufferQueueProducer: [kr.co.kyowon.videolesson.play/com.kyowon.livechat_lib.MeetingActivity$_23211#44000](this:0xb400007cb3866418,id:-1,api:0,p:-1,c:1074) queueBuffer: fps=90.68 dur=1003.58 max=11.70 min=10.39
02-11 10:12:37.641  1074  1074 I BufferQueueProducer: [kr.co.kyowon.videolesson.play/com.kyowon.livechat_lib.MeetingActivity$_23211#43848](this:0xb400007cb393ead8,id:-1,api:0,p:-1,c:1074) queueBuffer: fps=90.70 dur=1003.26 max=11.71 min=10.42
02-11 10:12:37.828  1074  1074 I BufferQueueProducer: [kr.co.kyowon.videolesson.play/com.kyowon.livechat_lib.MeetingActivity$_23211#44000](this:0xb400007cb3866418,id:-1,api:0,p:-1,c:1074) queueBuffer: fps=89.74 dur=1002.87 max=22.02 min=10.73
02-11 10:12:38.644  1074  1074 I BufferQueueProducer: [kr.co.kyowon.videolesson.play/com.kyowon.livechat_lib.MeetingActivity$_23211#43848](this:0xb400007cb393ead8,id:-1,api:0,p:-1,c:1074) queueBuffer: fps=90.72 dur=1003.14 max=11.45 min=10.70
02-11 10:12:38.832  1074  1074 I BufferQueueProducer: [kr.co.kyowon.videolesson.play/com.kyowon.livechat_lib.MeetingActivity$_23211#44000](this:0xb400007cb3866418,id:-1,api:0,p:-1,c:1074) queueBuffer: fps=90.70 dur=1003.33 max=11.44 min=10.70
02-11 10:12:39.648  1074  1074 I BufferQueueProducer: [kr.co.kyowon.videolesson.play/com.kyowon.livechat_lib.MeetingActivity$_23211#43848](this:0xb400007cb393ead8,id:-1,api:0,p:-1,c:1074) queueBuffer: fps=89.69 dur=1003.43 max=22.06 min=10.62
02-11 10:12:39.835  1074  1074 I BufferQueueProducer: [kr.co.kyowon.videolesson.play/com.kyowon.livechat_lib.MeetingActivity$_23211#44000](this:0xb400007cb3866418,id:-1,api:0,p:-1,c:1074) queueBuffer: fps=87.71 dur=1003.27 max=22.15 min=10.63
02-11 10:12:39.998  1451  5096 D CoreBackPreview: Window{e61eb74 u0 kr.co.kyowon.videolesson.play/com.kyowon.livechat_lib.MeetingActivity}: Setting back callback null
02-11 10:12:40.001  1451  5096 V WindowManager: Remove Window{e61eb74 u0 kr.co.kyowon.videolesson.play/com.kyowon.livechat_lib.MeetingActivity}: mSurfaceControl=Surface(name=kr.co.kyowon.videolesson.play/com.kyowon.livechat_lib.MeetingActivity$_23211)/@0x5aaf270 mAnimatingExit=false mRemoveOnExit=false mHasSurface=true surfaceShowing=true animating=false app-animation=false callers=com.android.server.wm.Session.remove:16 android.view.IWindowSession$Stub.onTransact:804 com.android.server.wm.Session.onTransact:1 android.os.Binder.execTransactInternal:1457 android.os.Binder.execTransact:1401 <bottom of call stack> 
02-11 10:12:40.002  1451  5096 I WindowManager: Reparenting to leash, surface=Surface(name=e61eb74 kr.co.kyowon.videolesson.play/com.kyowon.livechat_lib.MeetingActivity)/@0xb6c4ae0, leashParent=Surface(name=ActivityRecord{97819389 u0 kr.co.kyowon.videolesson.play/com.kyowon.livechat_lib.MeetingActivity t426})/@0x881e172
02-11 10:12:40.004  1074  3823 I SurfaceFlinger: id=44003 createSurf, flag=24000, Surface(name=e61eb74 kr.co.kyowon.videolesson.play/com.kyowon.livechat_lib.MeetingActivity)/@0xb6c4ae0 - animation-leash of window_animation#44003
02-11 10:12:40.005  1451  5096 D WindowManager: makeSurface duration=3 leash=Surface(name=Surface(name=e61eb74 kr.co.kyowon.videolesson.play/com.kyowon.livechat_lib.MeetingActivity)/@0xb6c4ae0 - animation-leash of window_animation)/@0x24789e9
02-11 10:12:40.005  1451  5096 D WindowManager: Changing focus from Window{e61eb74 u0 kr.co.kyowon.videolesson.play/com.kyowon.livechat_lib.MeetingActivity EXITING} to Window{d45ae0c u0 kr.co.kyowon.videolesson.play/com.kyowon.livechat_lib.MeetingActivity} displayId=0 Callers=com.android.server.wm.WindowState.removeIfPossible:602 com.android.server.wm.Session.remove:16 android.view.IWindowSession$Stub.onTransact:804 com.android.server.wm.Session.onTransact:1 
02-11 10:12:40.006  1451  5096 V SystemKeyManager: updateFocusedWindow() is called, kr.co.kyowon.videolesson.play/com.kyowon.livechat_lib.MeetingActivity
02-11 10:12:40.006  1451  5096 I SystemKeyManager: requested systemKeyInfo size=1 focusedWindow=kr.co.kyowon.videolesson.play/com.kyowon.livechat_lib.MeetingActivity
02-11 10:12:40.006  1451  5096 I SystemKeyManager: requested systemKeyInfo size=1 focusedWindow=kr.co.kyowon.videolesson.play/com.kyowon.livechat_lib.MeetingActivity
02-11 10:12:40.011  1074  1074 I SurfaceFlinger: [Surface(name=e61eb74 kr.co.kyowon.videolesson.play/com.kyowon.livechat_lib.MeetingActivity)/@0xb6c4ae0 - animation-leash of window_animation#44003] attach to parent LayerHierarchy{RequestedLayerState{ActivityRecord{97819389 u0 kr.co.kyowon.videolesson.play/com.kyowon.livechat_lib.MeetingActivity t426}#43840 parentId=43795 z=1} 5 children}
02-11 10:12:40.019  1451  2223 D InputDispatcher: Focus left window (0): e61eb74 kr.co.kyowon.videolesson.play/com.kyowon.livechat_lib.MeetingActivity
02-11 10:12:40.022  1074  1074 I SurfaceFlinger: [LayerHierarchy{RequestedLayerState{e61eb74 kr.co.kyowon.videolesson.play/com.kyowon.livechat_lib.MeetingActivity#43999 parentId=44003 z=1} 1 children}] reparent to LayerHierarchy{RequestedLayerState{Surface(name=e61eb74 kr.co.kyowon.videolesson.play/com.kyowon.livechat_lib.MeetingActivity)/@0xb6c4ae0 - animation-leash of window_animation#44003 parentId=43840 z=1} 1 children}
02-11 10:12:40.027  1074  1191 D SurfaceFlinger: [input] setFocusedWindow: d45ae0c kr.co.kyowon.videolesson.play/com.kyowon.livechat_lib.MeetingActivity
02-11 10:12:40.027  1074  1191 D SurfaceFlinger: updateWinowInfo=1, setFocusedWindow timestamp=240387450827844, windowName=d45ae0c kr.co.kyowon.videolesson.play/com.kyowon.livechat_lib.MeetingActivity
02-11 10:12:40.028  1451  3287 D InputDispatcher: Once focus requested (0): d45ae0c kr.co.kyowon.videolesson.play/com.kyowon.livechat_lib.MeetingActivity
02-11 10:12:40.029  1451  3287 D InputDispatcher: Focus entered window (0): d45ae0c kr.co.kyowon.videolesson.play/com.kyowon.livechat_lib.MeetingActivity
02-11 10:12:40.039  1451  1706 I ImeTracker: kr.co.kyowon.videolesson.play:77bc7ecb: onRequestHide at ORIGIN_SERVER reason HIDE_SAME_WINDOW_FOCUSED_WITHOUT_EDITOR fromUser false
02-11 10:12:40.044 23211 23211 I ImeTracker: kr.co.kyowon.videolesson.play:77bc7ecb: onCancelled at PHASE_CLIENT_ALREADY_HIDDEN
02-11 10:12:40.166  1451  1535 I WindowManager: Reparenting to original parent: Surface(name=ActivityRecord{97819389 u0 kr.co.kyowon.videolesson.play/com.kyowon.livechat_lib.MeetingActivity t426})/@0x881e172, destroy=true, surface=Surface(name=e61eb74 kr.co.kyowon.videolesson.play/com.kyowon.livechat_lib.MeetingActivity)/@0xb6c4ae0
02-11 10:12:40.166  1451  1535 E WindowManager: win=Window{e61eb74 u0 kr.co.kyowon.videolesson.play/com.kyowon.livechat_lib.MeetingActivity EXITING} destroySurfaces: appStopped=false cleanupOnResume=false win.mWindowRemovalAllowed=true win.mRemoveOnExit=true win.mViewVisibility=0 caller=com.android.server.wm.WindowState.onExitAnimationDone:224 com.android.server.wm.WindowState.onAnimationFinished:161 com.android.server.wm.WindowContainer$$ExternalSyntheticLambda8.onAnimationFinished:3 com.android.server.wm.SurfaceAnimator$$ExternalSyntheticLambda0.onAnimationFinished:69 com.android.server.wm.LocalAnimationAdapter$$ExternalSyntheticLambda0.run:10 android.os.Handler.handleCallback:995 android.os.Handler.dispatchMessage:103 
02-11 10:12:40.176  1074  1074 E SurfaceFlinger: alpha changed 0.065 -> 0.000 - Surface(name=e61eb74 kr.co.kyowon.videolesson.play/com.kyowon.livechat_lib.MeetingActivity)/@0xb6c4ae0 - animation-leash of window_animation#44003
02-11 10:12:40.177  1074  1074 I SurfaceFlinger: [LayerHierarchy{RequestedLayerState{kr.co.kyowon.videolesson.play/com.kyowon.livechat_lib.MeetingActivity$_23211#44000} no children}] reparent to OffscreenRoot
02-11 10:12:40.177  1074  1074 I SurfaceFlinger: [LayerHierarchy{RequestedLayerState{kr.co.kyowon.videolesson.play/com.kyowon.livechat_lib.MeetingActivity$_23211#44000} no children}] RelativeParent to null
02-11 10:12:40.180  1451  3287 V AS.AudioService: setMode(mode=3, pid=23211, uid=10354, caller=kr.co.kyowon.videolesson.play)
02-11 10:12:40.181  1451  1793 I MicModeManager: updateAudioMode() audioMode=3, caller=kr.co.kyowon.videolesson.play, curCallDevice=2
02-11 10:12:40.181  1451  1793 I MicModeManager: updateMicModeSettings is enabled true, effect:0, kr.co.kyowon.videolesson.play
02-11 10:12:40.181  1451  1793 I MicModeManager: updateMicModeSettings() enable, effect:0, caller:kr.co.kyowon.videolesson.play
02-11 10:12:40.183  1074  1074 D SurfaceFlinger:        DEVICE |           99690485907458 | 00002100 | RGBA_8888    |    0.0    0.0    0.0    0.0 |    0    0   -1   -1 | kr.co.kyowon.videolesson.play/kr.co.[...]esson.play.MainActivity$_23211#43805 (7)
02-11 10:12:40.183  1074  1074 D SurfaceFlinger:        DEVICE |           99690485907509 | 00002100 | RGBA_8888    |    0.0    0.0 1200.0 1920.0 |    0    0 1200 1920 | kr.co.kyowon.videolesson.play/com.ky[...]hat_lib.MeetingActivity$_23211#43848 (30357)
02-11 10:12:40.188  1074  1074 I SurfaceFlinger: RequestedLayer [kr.co.kyowon.videolesson.play/com.ky[...]hat_lib.MeetingActivity$_23211#44000] hidden!! flag  from(0) --> to(1)
02-11 10:12:40.188  1074  1074 I SurfaceFlinger: [LayerHierarchy{RequestedLayerState{e61eb74 kr.co.kyowon.videolesson.play/com.kyowon.livechat_lib.MeetingActivity#43999 z=1} no children}] reparent to OffscreenRoot
02-11 10:12:40.188  1074  1074 I SurfaceFlinger: [LayerHierarchy{RequestedLayerState{e61eb74 kr.co.kyowon.videolesson.play/com.kyowon.livechat_lib.MeetingActivity#43999 z=1} no children}] RelativeParent to null
02-11 10:12:40.188  1074  1074 I SurfaceFlinger: [LayerHierarchy{RequestedLayerState{Surface(name=e61eb74 kr.co.kyowon.videolesson.play/com.kyowon.livechat_lib.MeetingActivity)/@0xb6c4ae0 - animation-leash of window_animation#44003 z=1} no children}] reparent to OffscreenRoot
02-11 10:12:40.188  1074  1074 I SurfaceFlinger: [LayerHierarchy{RequestedLayerState{Surface(name=e61eb74 kr.co.kyowon.videolesson.play/com.kyowon.livechat_lib.MeetingActivity)/@0xb6c4ae0 - animation-leash of window_animation#44003 z=1} no children}] RelativeParent to null
02-11 10:12:40.190  1074  1074 I SurfaceFlinger: onHandleDestroyed: layerId=44000, name=kr.co.kyowon.videolesson.play/com.kyowon.livechat_lib.MeetingActivity$_23211#44000
02-11 10:12:40.190  1074  1074 I SurfaceFlinger: id=44000 Removed kr.co.kyowon.videolesson.play/com.kyowon.livechat_lib.MeetingActivity$_23211#44000 (144)
02-11 10:12:40.190  1074  1074 I SurfaceFlinger: onHandleDestroyed: layerId=44003, name=Surface(name=e61eb74 kr.co.kyowon.videolesson.play/com.kyowon.livechat_lib.MeetingActivity)/@0xb6c4ae0 - animation-leash of window_animation#44003
02-11 10:12:40.190  1074  1074 I SurfaceFlinger: id=44003 Removed Surface(name=e61eb74 kr.co.kyowon.videolesson.play/com.kyowon.livechat_lib.MeetingActivity)/@0xb6c4ae0 - animation-leash of window_animation#44003 (144)
02-11 10:12:40.190  1074  1074 I SurfaceFlinger: onHandleDestroyed: layerId=43999, name=e61eb74 kr.co.kyowon.videolesson.play/com.kyowon.livechat_lib.MeetingActivity#43999
02-11 10:12:40.190  1074  1074 I SurfaceFlinger: id=43999 Removed e61eb74 kr.co.kyowon.videolesson.play/com.kyowon.livechat_lib.MeetingActivity#43999 (144)
02-11 10:12:40.197 23211 27484 D libMEOW : applied 0 plugin for [kr.co.kyowon.videolesson.play].
02-11 10:12:40.199  1074  1074 I SurfaceFlinger: destroyed e61eb74 kr.co.kyowon.videolesson.play/com.kyowon.livechat_lib.MeetingActivity#43999
02-11 10:12:40.199  1074  1074 I SurfaceFlinger: destroyed Surface(name=e61eb74 kr.co.kyowon.videolesson.play/com.kyowon.livechat_lib.MeetingActivity)/@0xb6c4ae0 - animation-leash of window_animation#44003
02-11 10:12:40.199  1074  1074 I SurfaceFlinger: destroyed kr.co.kyowon.videolesson.play/com.kyowon.livechat_lib.MeetingActivity$_23211#44000
02-11 10:12:40.201  1074  1074 I Layer   : id=43999 Destroyed e61eb74 kr.co.kyowon.videolesson.play/com.kyowon.livechat_lib.MeetingActivity#43999
02-11 10:12:40.201  1074  1074 I Layer   : id=44003 Destroyed Surface(name=e61eb74 kr.co.kyowon.videolesson.play/com.kyowon.livechat_lib.MeetingActivity)/@0xb6c4ae0 - animation-leash of window_animation#44003
02-11 10:12:40.201  1074  1074 I Layer   : id=44000 Destroyed kr.co.kyowon.videolesson.play/com.kyowon.livechat_lib.MeetingActivity$_23211#44000
02-11 10:12:40.234  1451  1898 D NetdEventListenerService: DNS Requested by 103, 10354(kr.co.kyowon.videolesson.play), SUCCESS, 33ms
02-11 10:12:40.255  1228  6322 I Camera2ClientBase: ~Camera2ClientBase: Client object's dtor for Camera Id 1 completed. Client was: kr.co.kyowon.videolesson.play (PID 23211, UID 10354)
02-11 10:12:40.313  1451  1793 I AS.AudioDeviceBroker: setModeRequesterPackage requesterPackage=kr.co.kyowon.videolesson.play
02-11 10:12:40.339  1451  1789 I MicModeManager: updateMicModeSettings() enable, effect:0, caller:kr.co.kyowon.videolesson.play
02-11 10:12:40.395  1451  1451 D SemApeController: VoIP started: uid=10354 kr.co.kyowon.videolesson.play
02-11 10:12:40.395  1451  1451 D SemApeController: updateAppState: type=0x01 (true) uid=10354 kr.co.kyowon.videolesson.play (before=0x00 after=0x01) size=1, foreground uid=10354 kr.co.kyowon.videolesson.play
02-11 10:12:40.395  1451  1451 I SemApeController: (v2.0.5) Send broadcast ENABLE_APE=1 uid=10354 kr.co.kyowon.videolesson.play
02-11 10:12:40.397  1451  1451 I SemApeController: (v2.0.5) APE_INFO: msg_type=REALTIME_APP_INFO Enable(1) type=0x01 uid=10354 kr.co.kyowon.videolesson.play
02-11 10:12:40.399  1451  1898 D NetdEventListenerService: DNS Requested by 103, 10354(kr.co.kyowon.videolesson.play), SUCCESS, 14ms
02-11 10:12:40.400  1451  1866 I SemApeService: (v2.1.0) EVENT_START: UID=10354 package=kr.co.kyowon.videolesson.play type=0x01 mIsRuleApplied=false mTrafficMonitor.uid=invalid
02-11 10:12:40.401  1451  1866 D SGM:GameManager: identifyGamePackage. kr.co.kyowon.videolesson.play, mCurrentUserId: 0, callingMethodInfo: com.samsung.android.game.SemGameManager.isGamePackage(SemGameManager.java:106)
02-11 10:12:40.401  1451  1866 D SGM:SemGameManager: isGamePackage(), pkgName=kr.co.kyowon.videolesson.play, ret=false
02-11 10:12:40.475  1451  1557 D SensorPrivacyService: onOpNoted  kr.co.kyowon.videolesson.play  code=27  uid=10354
02-11 10:12:40.496  1451  2107 D SGM:GameManager: identifyGamePackage. kr.co.kyowon.videolesson.play, mCurrentUserId: 0, callingMethodInfo: com.samsung.android.game.SemGameManager.isGamePackage(SemGameManager.java:106)
02-11 10:12:40.497  1451  2107 D SGM:SemGameManager: isGamePackage(), pkgName=kr.co.kyowon.videolesson.play, ret=false
02-11 10:12:40.509 23211 27507 D libMEOW : applied 0 plugin for [kr.co.kyowon.videolesson.play].
02-11 10:12:40.520  1228  6322 I CameraService: CameraService::connect call (PID 23211 UID 10354 "kr.co.kyowon.videolesson.play", camera ID 1) and Camera API version 2
02-11 10:12:40.521  1228  6322 I CameraService: isUidActiveLocked E: uid 10354, callingPackage kr.co.kyowon.videolesson.play, isRegistered true
02-11 10:12:40.521  1228  6322 I CameraService: isUidActiveLocked X: uid 10354, callingPackage kr.co.kyowon.videolesson.play, isActive true.
02-11 10:12:40.522  1228  6322 I CameraService: CameraService::validateClientPermissionsLocked is ok : calling pid 23211, calling uid 10354, client kr.co.kyowon.videolesson.play , cameraservice pid=1228, device user 0, currently allowed device users: 0
02-11 10:12:40.522  1228  6322 I Camera2ClientBase: Camera 1: Opened. Client: kr.co.kyowon.videolesson.play (PID 23211, UID 10354)
02-11 10:12:40.523  1228  6322 I CameraService: service.camera.client set to kr.co.kyowon.videolesson.play
02-11 10:12:40.523  1451  3287 I CameraManagerGlobal: Camera 1 facing CAMERA_FACING_FRONT state now CAMERA_STATE_OPENING for client kr.co.kyowon.videolesson.play API Level 2 User Id 0Device Id 0
02-11 10:12:40.523  3487  5177 I CameraManagerGlobal: Camera 1 facing CAMERA_FACING_FRONT state now CAMERA_STATE_OPENING for client kr.co.kyowon.videolesson.play API Level 2 User Id 0Device Id 0
02-11 10:12:40.523 17720 20342 I CameraManagerGlobal: Camera 1 facing CAMERA_FACING_FRONT state now CAMERA_STATE_OPENING for client kr.co.kyowon.videolesson.play API Level 2 User Id 0Device Id 0
02-11 10:12:40.523 24327 28185 I CameraManagerGlobal: Camera 1 facing CAMERA_FACING_FRONT state now CAMERA_STATE_OPENING for client kr.co.kyowon.videolesson.play API Level 2 User Id 0Device Id 0
02-11 10:12:40.523  3081 12097 I CameraManagerGlobal: Camera 1 facing CAMERA_FACING_FRONT state now CAMERA_STATE_OPENING for client kr.co.kyowon.videolesson.play API Level 2 User Id 0Device Id 0
02-11 10:12:40.523 23211 23427 I CameraManagerGlobal: Camera 1 facing CAMERA_FACING_FRONT state now CAMERA_STATE_OPENING for client kr.co.kyowon.videolesson.play API Level 2 User Id 0Device Id 0
02-11 10:12:40.524  2097  2177 I CameraManagerGlobal: Camera 1 facing CAMERA_FACING_FRONT state now CAMERA_STATE_OPENING for client kr.co.kyowon.videolesson.play API Level 2 User Id 0Device Id 0
02-11 10:12:40.524  1944  2198 I CameraManagerGlobal: Camera 1 facing CAMERA_FACING_FRONT state now CAMERA_STATE_OPENING for client kr.co.kyowon.videolesson.play API Level 2 User Id 0Device Id 0
02-11 10:12:40.523 22284 22361 I CameraManagerGlobal: Camera 1 facing CAMERA_FACING_FRONT state now CAMERA_STATE_OPENING for client kr.co.kyowon.videolesson.play API Level 2 User Id 0Device Id 0
02-11 10:12:40.529  1944  2182 D CollapsedStatusBarFragmentExt: onCameraOpened(cId:1, pId:kr.co.kyowon.videolesson.play)    shouldHideIconsForNextAppWindow:false, lastFullscreen(pkg:kr.co.kyowon.videolesson.play, flag:true),    keyguard(fa:false, ga:false, oc:false, show:false)
02-11 10:12:40.547  1042 25435 I Unihal  : UniHal3InterfaceEntry.cpp: uni_set_parameters: 483: set_parameters : pkgName=kr.co.kyowon.videolesson.play;
02-11 10:12:40.547  1042 25435 I SecCameraUtil: pkgName: kr.co.kyowon.videolesson.play
02-11 10:12:40.548  1228  6322 I CameraServiceProxyWrapper: updateProxyDeviceState: notifyCameraState for Camera ID 1, newState 0, facing 1, clientName kr.co.kyowon.videolesson.play, apiLevel 2
02-11 10:12:40.548 17720 20342 I CameraManagerGlobal: Camera 1 facing CAMERA_FACING_FRONT state now CAMERA_STATE_OPEN for client kr.co.kyowon.videolesson.play API Level 2 User Id 0Device Id 0
02-11 10:12:40.548 24327 28185 I CameraManagerGlobal: Camera 1 facing CAMERA_FACING_FRONT state now CAMERA_STATE_OPEN for client kr.co.kyowon.videolesson.play API Level 2 User Id 0Device Id 0
02-11 10:12:40.548  2097  2106 I CameraManagerGlobal: Camera 1 facing CAMERA_FACING_FRONT state now CAMERA_STATE_OPEN for client kr.co.kyowon.videolesson.play API Level 2 User Id 0Device Id 0
02-11 10:12:40.548 23211 23427 I CameraManagerGlobal: Camera 1 facing CAMERA_FACING_FRONT state now CAMERA_STATE_OPEN for client kr.co.kyowon.videolesson.play API Level 2 User Id 0Device Id 0
02-11 10:12:40.548 22284 26338 I CameraManagerGlobal: Camera 1 facing CAMERA_FACING_FRONT state now CAMERA_STATE_OPEN for client kr.co.kyowon.videolesson.play API Level 2 User Id 0Device Id 0
02-11 10:12:40.549  3487  5177 I CameraManagerGlobal: Camera 1 facing CAMERA_FACING_FRONT state now CAMERA_STATE_OPEN for client kr.co.kyowon.videolesson.play API Level 2 User Id 0Device Id 0
02-11 10:12:40.558  3081 12361 I CameraManagerGlobal: Camera 1 facing CAMERA_FACING_FRONT state now CAMERA_STATE_OPEN for client kr.co.kyowon.videolesson.play API Level 2 User Id 0Device Id 0
02-11 10:12:40.561  1944  6041 I CameraManagerGlobal: Camera 1 facing CAMERA_FACING_FRONT state now CAMERA_STATE_OPEN for client kr.co.kyowon.videolesson.play API Level 2 User Id 0Device Id 0
02-11 10:12:40.568  1451  2107 I CameraManagerGlobal: Camera 1 facing CAMERA_FACING_FRONT state now CAMERA_STATE_OPEN for client kr.co.kyowon.videolesson.play API Level 2 User Id 0Device Id 0
02-11 10:12:40.571 23211 27478 E AndroidRuntime: Process: kr.co.kyowon.videolesson.play, PID: 23211
02-11 10:12:40.579 23211 27478 D FirebaseSessions: App backgrounded on kr.co.kyowon.videolesson.play
02-11 10:12:40.579 23211 27523 D libMEOW : applied 0 plugin for [kr.co.kyowon.videolesson.play].
02-11 10:12:40.601  1228  6322 I CameraService: CameraService::connect call (PID 23211 UID 10354 "kr.co.kyowon.videolesson.play", camera ID 1) and Camera API version 2
02-11 10:12:40.602  1228  6322 I CameraService: isUidActiveLocked E: uid 10354, callingPackage kr.co.kyowon.videolesson.play, isRegistered true
02-11 10:12:40.602  1228  6322 I CameraService: isUidActiveLocked X: uid 10354, callingPackage kr.co.kyowon.videolesson.play, isActive true.
02-11 10:12:40.604  1228  6322 I CameraService: CameraService::validateClientPermissionsLocked is ok : calling pid 23211, calling uid 10354, client kr.co.kyowon.videolesson.play , cameraservice pid=1228, device user 0, currently allowed device users: 0
02-11 10:12:40.623  1451  1898 D NetdEventListenerService: DNS Requested by 103, 10354(kr.co.kyowon.videolesson.play), SUCCESS, 21ms
02-11 10:12:40.632  1228  6322 I CameraServiceProxyWrapper: updateProxyDeviceState: notifyCameraState for Camera ID 1, newState 3, facing 1, clientName kr.co.kyowon.videolesson.play, apiLevel 2
02-11 10:12:40.634  1228  6322 I CameraService: notifyCameraClosing: Finish camera ops, package name = kr.co.kyowon.videolesson.play, client UID = 10354
02-11 10:12:40.635  1228  6322 I Camera2ClientBase: Camera 1: Opened. Client: kr.co.kyowon.videolesson.play (PID 23211, UID 10354)
02-11 10:12:40.635  2097  2106 I CameraManagerGlobal: Camera 1 facing CAMERA_FACING_FRONT state now CAMERA_STATE_CLOSED for client kr.co.kyowon.videolesson.play API Level 2 User Id 0Device Id 0
02-11 10:12:40.635 22284 26338 I CameraManagerGlobal: Camera 1 facing CAMERA_FACING_FRONT state now CAMERA_STATE_CLOSED for client kr.co.kyowon.videolesson.play API Level 2 User Id 0Device Id 0
02-11 10:12:40.635 24327 28185 I CameraManagerGlobal: Camera 1 facing CAMERA_FACING_FRONT state now CAMERA_STATE_CLOSED for client kr.co.kyowon.videolesson.play API Level 2 User Id 0Device Id 0
02-11 10:12:40.635 23211 23427 I CameraManagerGlobal: Camera 1 facing CAMERA_FACING_FRONT state now CAMERA_STATE_CLOSED for client kr.co.kyowon.videolesson.play API Level 2 User Id 0Device Id 0
02-11 10:12:40.636 17720 20342 I CameraManagerGlobal: Camera 1 facing CAMERA_FACING_FRONT state now CAMERA_STATE_CLOSED for client kr.co.kyowon.videolesson.play API Level 2 User Id 0Device Id 0
02-11 10:12:40.636  3487  5177 I CameraManagerGlobal: Camera 1 facing CAMERA_FACING_FRONT state now CAMERA_STATE_CLOSED for client kr.co.kyowon.videolesson.play API Level 2 User Id 0Device Id 0
02-11 10:12:40.636  1228  6322 I CameraService: service.camera.client set to kr.co.kyowon.videolesson.play
02-11 10:12:40.636  2097  2177 I CameraManagerGlobal: Camera 1 facing CAMERA_FACING_FRONT state now CAMERA_STATE_OPENING for client kr.co.kyowon.videolesson.play API Level 2 User Id 0Device Id 0
02-11 10:12:40.636  3487  5177 I CameraManagerGlobal: Camera 1 facing CAMERA_FACING_FRONT state now CAMERA_STATE_OPENING for client kr.co.kyowon.videolesson.play API Level 2 User Id 0Device Id 0
02-11 10:12:40.636  1451  2107 I CameraManagerGlobal: Camera 1 facing CAMERA_FACING_FRONT state now CAMERA_STATE_CLOSED for client kr.co.kyowon.videolesson.play API Level 2 User Id 0Device Id 0
02-11 10:12:40.636 24327 29055 I CameraManagerGlobal: Camera 1 facing CAMERA_FACING_FRONT state now CAMERA_STATE_OPENING for client kr.co.kyowon.videolesson.play API Level 2 User Id 0Device Id 0
02-11 10:12:40.637 22284 22328 I CameraManagerGlobal: Camera 1 facing CAMERA_FACING_FRONT state now CAMERA_STATE_OPENING for client kr.co.kyowon.videolesson.play API Level 2 User Id 0Device Id 0
02-11 10:12:40.637 23211 23395 I CameraManagerGlobal: Camera 1 facing CAMERA_FACING_FRONT state now CAMERA_STATE_OPENING for client kr.co.kyowon.videolesson.play API Level 2 User Id 0Device Id 0
02-11 10:12:40.637 17720 20342 I CameraManagerGlobal: Camera 1 facing CAMERA_FACING_FRONT state now CAMERA_STATE_OPENING for client kr.co.kyowon.videolesson.play API Level 2 User Id 0Device Id 0
02-11 10:12:40.638  1944  6041 I CameraManagerGlobal: Camera 1 facing CAMERA_FACING_FRONT state now CAMERA_STATE_CLOSED for client kr.co.kyowon.videolesson.play API Level 2 User Id 0Device Id 0
02-11 10:12:40.638  1944  6041 I CameraManagerGlobal: Camera 1 facing CAMERA_FACING_FRONT state now CAMERA_STATE_OPENING for client kr.co.kyowon.videolesson.play API Level 2 User Id 0Device Id 0
02-11 10:12:40.638  1451  5096 I CameraManagerGlobal: Camera 1 facing CAMERA_FACING_FRONT state now CAMERA_STATE_OPENING for client kr.co.kyowon.videolesson.play API Level 2 User Id 0Device Id 0
02-11 10:12:40.640  3081 12361 I CameraManagerGlobal: Camera 1 facing CAMERA_FACING_FRONT state now CAMERA_STATE_CLOSED for client kr.co.kyowon.videolesson.play API Level 2 User Id 0Device Id 0
02-11 10:12:40.640  3081 12361 I CameraManagerGlobal: Camera 1 facing CAMERA_FACING_FRONT state now CAMERA_STATE_OPENING for client kr.co.kyowon.videolesson.play API Level 2 User Id 0Device Id 0
02-11 10:12:40.640  1944  2182 D CollapsedStatusBarFragmentExt: onCameraOpened(cId:1, pId:kr.co.kyowon.videolesson.play)    shouldHideIconsForNextAppWindow:false, lastFullscreen(pkg:kr.co.kyowon.videolesson.play, flag:true),    keyguard(fa:false, ga:false, oc:false, show:false)
02-11 10:12:40.652  1042 25505 I Unihal  : UniHal3InterfaceEntry.cpp: uni_set_parameters: 483: set_parameters : pkgName=kr.co.kyowon.videolesson.play;
02-11 10:12:40.652  1042 25505 I SecCameraUtil: pkgName: kr.co.kyowon.videolesson.play
02-11 10:12:40.652  1228  6322 I CameraServiceProxyWrapper: updateProxyDeviceState: notifyCameraState for Camera ID 1, newState 0, facing 1, clientName kr.co.kyowon.videolesson.play, apiLevel 2
02-11 10:12:40.653  3081 12097 I CameraManagerGlobal: Camera 1 facing CAMERA_FACING_FRONT state now CAMERA_STATE_OPEN for client kr.co.kyowon.videolesson.play API Level 2 User Id 0Device Id 0
02-11 10:12:40.653 22284 22328 I CameraManagerGlobal: Camera 1 facing CAMERA_FACING_FRONT state now CAMERA_STATE_OPEN for client kr.co.kyowon.videolesson.play API Level 2 User Id 0Device Id 0
02-11 10:12:40.653  3487  5177 I CameraManagerGlobal: Camera 1 facing CAMERA_FACING_FRONT state now CAMERA_STATE_OPEN for client kr.co.kyowon.videolesson.play API Level 2 User Id 0Device Id 0
02-11 10:12:40.653 23211 23395 I CameraManagerGlobal: Camera 1 facing CAMERA_FACING_FRONT state now CAMERA_STATE_OPEN for client kr.co.kyowon.videolesson.play API Level 2 User Id 0Device Id 0
02-11 10:12:40.654  2097  2177 I CameraManagerGlobal: Camera 1 facing CAMERA_FACING_FRONT state now CAMERA_STATE_OPEN for client kr.co.kyowon.videolesson.play API Level 2 User Id 0Device Id 0
