02-11 10:12:19.550  1042  1547 I PQDIPDrv: [pqdip_update_tdr] src_tdr_ridx(6) va:0x75f6d32c00, iova:3d7f9cc00 tdr_sz(1392) set to dst_tdr_ridx(9)
02-11 10:12:19.552  1042 27282 I RequestRegulator: Cam::1 [signal] VSirq : SofIdx(221704), getSofIdx(221703/1), processed(75<->74), CamsysFrameSequence(74)
02-11 10:12:19.552  1042 27287 I Hal3ACustomImp: [convertToSetting3A] [convertToSetting3A] [idx(1)] Hal3A Plug-in
02-11 10:12:19.553  1042  1042 I MtkCam/ZoomRatioConverter: [UpdateZoomRatio] pillarboxed crop zoom, ratio:1.000000
02-11 10:12:19.553  1042  1042 W mtkcam-capturesession: [1-CaptureSessionDefault::onGetSharedSteramPoolAllocSize] poolSize 1 -> 0.000000 fail (map is empty) !!
02-11 10:12:19.554  1042  1042 I Hal3ACustomImp: [setControl] [setControl] [idx(1)] Hal3A Plug-in
02-11 10:12:19.554  1042  1042 I Hal3ACustomImp: [convertToRequest] [convertToRequest] [idx(1)] Hal3A Plug-in
02-11 10:12:19.554  1042  1042 I Hal3ACustomImp: [operator()] Prev/Curr CaptureIntent: (3 / 3)
02-11 10:12:19.554  1042  1042 I sec_custom_ta11plus.cpp: [cust_getIsSECApplication] [cust_getIsSECApplication] gIsSECApplication(0)
02-11 10:12:19.554  1042  1042 I sec_custom_ta11plus.cpp: [cust_getIsSECApplication] [cust_getIsSECApplication] gIsSECApplication(0)
02-11 10:12:19.554  1042  1042 I sec_custom_ta11plus.cpp: [cust_multiFrameCtrlForSEC] [cust_multiFrameCtrlForSEC][param in], idx(1), facing(1), i4ShotHint(0), ae_lock(0), ae_exp_index(0), awb_lock(0), pause_af(0)
02-11 10:12:19.554  1042  1042 I sec_custom_ta11plus.cpp: [cust_multiFrameCtrlForSEC] [cust_multiFrameCtrlForSEC][param in], date.0130, curCapCnt(0), curLlsFlag(0), isRemosaic(0), resetAELock(0), bIsSECApplication(0), i4ShootingMode(0), cntWaitAELock(0)
02-11 10:12:19.557  1003 17025 D AudioDspStreamManager: getDspTaskA2DPStatus(), mDspTaskA2DPActive = 0
02-11 10:12:19.557  1042  1540 I mtkcam_hal_legacy2android_device: [convertStreamBuffer] [debug chingchi] requestStreamBuffer bufferHandle:0xb4000076eafb3150, bufferId:0xb40000777afee348
02-11 10:12:19.563  1074  1074 I BufferQueueProducer: [kr.co.kyowon.videolesson.play/com.kyowon.livechat_lib.MeetingActivity$_23211#43848](this:0xb400007cb393ead8,id:-1,api:0,p:-1,c:1074) queueBuffer: fps=59.44 dur=1009.37 max=33.64 min=13.93
02-11 10:12:19.574  1003 17025 D AudioDspStreamManager: getDspTaskA2DPStatus(), mDspTaskA2DPActive = 0
02-11 10:12:19.584  1042 27278 W HalBlackBoard: [readBoard] [idx(1)] ASSERTION: req(#0x5100000046/#70) has been flushed out, current index is req(#0x5100000049/#73)!
02-11 10:12:19.584  1042 27276 I Hal3ACustomImp: [getResult] [getResult] [idx(1)] Hal3A Plug-in
02-11 10:12:19.584  1042 27276 I Hal3ACustomImp: [convertToMetaset] [convertToMetaset] [idx(1)] Hal3A Plug-in
02-11 10:12:19.584  1042 27276 I sec_custom_ta11plus.cpp: [cust_getIsSECApplication] [cust_getIsSECApplication] gIsSECApplication(0)
02-11 10:12:19.584  1042 27276 I sec_custom_ta11plus.cpp: [cust_getIsSECApplication] [cust_getIsSECApplication] gIsSECApplication(0)
02-11 10:12:19.584  1042 27276 I sec_custom_ta11plus.cpp: [cust_aeGetLiveHdrState] [cust_aeGetLiveHdrState] i4LiveHdrMode(0), ret(101)
02-11 10:12:19.584  1042 27276 I sec_custom_ta11plus.cpp: [cust_shotConditionForSEC] [cust_shotConditionForSEC][param in], idx(1), facing(1), BV(87), nightBv(947) gain(5.100000), zoomRto(1.000000), hdrState(101), isFlash(0), shootingmode(0), gyro(0), Cwr(795), DynamicRange(6314), sunDetectionInfo(0)
02-11 10:12:19.584  1042 27276 I sec_custom_ta11plus.cpp: [cust_shotConditionForSEC] [cust_shotConditionForSEC] jpegW/H(0/0), bIsSECApplication(0)
02-11 10:12:19.584  1042 27276 I sec_custom_ta11plus.cpp: [cust_refineHdrStateByLLSFlag] [cust_refineHdrStateByLLSFlag][param in] idx(1), i4LiveHdrState(101)
02-11 10:12:19.584  1042 27276 I sec_custom_ta11plus.cpp: [cust_refineHdrStateByLLSFlag] [cust_refineHdrStateByLLSFlag][param out] idx(1), ret(101), i4LiveHdrState(101), curLlsFlag(0),  c0(0), c1(0)
02-11 10:12:19.584  1042 27276 I sec_custom_ta11plus.cpp: [cust_getSECGyroState] [cust_getSECGyroState] gyroState(1)
02-11 10:12:19.584  1042 27276 I Hal3ACustomImp: [removePartialMetasetAppTag] [removePartialMetasetAppTag] [idx(1)] Hal3A Plug-in
02-11 10:12:19.587  1042 27278 I TsfImp  : [getLscIspInfo] dac_prev(0)
02-11 10:12:19.587  1042  1537 I TsfImp  : [tsfBatch] userId(0), dac_inf:1024,dac_macro:4096,dac_prev/cur:0/0 AE(Y:716,LV:87,ISO:153,LV_IDX:4,shutter:8337142,isStable:1,isLock:0,isFlash:0) AWB(CCT_IDX:7,CCT:5434,GainR/G/B:1079/512/814,isLock:0) Gyro0/1/2:0/0/0,orient:0,faceNum:1,faceRect:1470/227/2158/1022
02-11 10:12:19.587  1042 27278 W Hal3AImp_v1_0: [On3AFinish] [idx(1)] [STT](#5100000049) No valid 3A result, calculation might be canceled by stream-off
02-11 10:12:19.587  1042 27278 I Hal3ACustomImp: [convertToPartialMetaset2A] [convertToPartialMetaset2A] [idx(1)] Hal3A Plug-in
02-11 10:12:19.587  1042 27278 W MtkCbAdptor: [1-CoreConverter::convertResult] failed to setEntry, MTK_HALCORE_CALLBACK_REALTIME_MODE
02-11 10:12:19.593  1063 26773 D AF::RecordTrack: interceptBuffer: took 746us to intercept 0 recordtracks
02-11 10:12:19.593  1042 27282 I RequestRegulator: Cam::1 [signal] VSirq : SofIdx(221705), getSofIdx(221704/1), processed(76<->75), CamsysFrameSequence(75)
02-11 10:12:19.594  1042 27287 I Hal3ACustomImp: [convertToSetting3A] [convertToSetting3A] [idx(1)] Hal3A Plug-in
02-11 10:12:19.594  1042 25435 I MtkCam/ZoomRatioConverter: [UpdateZoomRatio] pillarboxed crop zoom, ratio:1.000000
02-11 10:12:19.595  1042 25435 W mtkcam-capturesession: [1-CaptureSessionDefault::onGetSharedSteramPoolAllocSize] poolSize 1 -> 0.000000 fail (map is empty) !!
02-11 10:12:19.596  1042 25435 I Hal3ACustomImp: [setControl] [setControl] [idx(1)] Hal3A Plug-in
02-11 10:12:19.596  1042 25435 I Hal3ACustomImp: [convertToRequest] [convertToRequest] [idx(1)] Hal3A Plug-in
02-11 10:12:19.596  1042 25435 I Hal3ACustomImp: [operator()] Prev/Curr CaptureIntent: (3 / 3)
02-11 10:12:19.596  1042 25435 I sec_custom_ta11plus.cpp: [cust_getIsSECApplication] [cust_getIsSECApplication] gIsSECApplication(0)
02-11 10:12:19.596  1042 25435 I sec_custom_ta11plus.cpp: [cust_getIsSECApplication] [cust_getIsSECApplication] gIsSECApplication(0)
02-11 10:12:19.596  1042 25435 I sec_custom_ta11plus.cpp: [cust_multiFrameCtrlForSEC] [cust_multiFrameCtrlForSEC][param in], idx(1), facing(1), i4ShotHint(0), ae_lock(0), ae_exp_index(0), awb_lock(0), pause_af(0)
02-11 10:12:19.596  1042 25435 I sec_custom_ta11plus.cpp: [cust_multiFrameCtrlForSEC] [cust_multiFrameCtrlForSEC][param in], date.0130, curCapCnt(0), curLlsFlag(0), isRemosaic(0), resetAELock(0), bIsSECApplication(0), i4ShootingMode(0), cntWaitAELock(0)
02-11 10:12:19.596  1042  1546 I DipDrv  : [dipfr_update_tdr] src_tdr_idx(7) ofst:6637952 va:0x758a0eb980 iova:3d8e54980 tdr_sz(10896)
02-11 10:12:19.596  1042  1546 I PQDIPDrv: [pqdip_update_tdr] src_tdr_ridx(7) va:0x75f6d37800, iova:3d7fa1800 tdr_sz(1392) set to dst_tdr_ridx(10)
02-11 10:12:19.598  1042  1544 I mtkcam_hal_legacy2android_device: [convertStreamBuffer] [debug chingchi] requestStreamBuffer bufferHandle:0xb4000076eaf74850, bufferId:0xb40000777afddfc8
02-11 10:12:19.600  1003 17025 D AudioDspStreamManager: getDspTaskA2DPStatus(), mDspTaskA2DPActive = 0
02-11 10:12:19.605  1074  1074 D SurfaceFlinger: Display 4627039422300187648 HWC layers:
02-11 10:12:19.605  1074  1074 D SurfaceFlinger:   SOLID_COLOR |                        0 | 00000002 | N/A          |    0.0    0.0    0.0    0.0 |    0    0   -1   -1 | Background for e006155 SurfaceView[k[...]deolesson.play.MainActivity]@0#43813 (0)
02-11 10:12:19.605  1074  1074 D SurfaceFlinger:        DEVICE |           99690485907460 | 00000502 | RGBA_8888    |    0.0    0.0 1200.0 1920.0 |    0    0 1200 1920 | e006155 SurfaceView[kr.co.kyowon.vid[...]on.play.MainActivity]@0(BLAST)#43812 (1082)
02-11 10:12:19.605  1074  1074 D SurfaceFlinger:        DEVICE |           99690485907458 | 00002100 | RGBA_8888    |    0.0    0.0    0.0    0.0 |    0    0   -1   -1 | kr.co.kyowon.videolesson.play/kr.co.[...]esson.play.MainActivity$_23211#43805 (7)
02-11 10:12:19.605  1074  1074 D SurfaceFlinger:   SOLID_COLOR |                        0 | 00000002 | N/A          |    0.0    0.0    0.0    0.0 |    0    0   -1   -1 | Background for df4c49e SurfaceView[k[...]ivechat_lib.MeetingActivity]@0#43988 (0)
02-11 10:12:19.605  1074  1074 D SurfaceFlinger:   SOLID_COLOR |                        0 | 00000002 | N/A          |    0.0    0.0    0.0    0.0 |    0    0   -1   -1 | Background for 69d3395 SurfaceView[k[...]ivecha
02-11 10:12:19.605  1074  1074 D SurfaceFlinger: t_lib.MeetingActivity]@0#43992 (0)
02-11 10:12:19.605  1074  1074 D SurfaceFlinger:        DEVICE |           99690485907702 | 00000502 | RGBA_8888    |    0.0    0.0  623.0  803.0 |  269  134  892  937 | df4c49e SurfaceView[kr.co.kyowon.vid[...]_lib.MeetingActivity]@0(BLAST)#43987 (68)
02-11 10:12:19.605  1074  1074 D SurfaceFlinger:        DEVICE |           99690485907703 | 00000502 | RGBA_8888    |    0.0    0.0  623.0  803.0 |  269  983  892 1786 | 69d3395 SurfaceView[kr.co.kyowon.vid[...]_lib.MeetingActivity]@0(BLAST)#43991 (24)
02-11 10:12:19.605  1074  1074 D SurfaceFlinger:        DEVICE |           99690485907511 | 00002100 | RGBA_8888    |    0.0    0.0 1200.0 1920.0 |    0    0 1200 1920 | kr.co.kyowon.videolesson.play/com.ky[...]hat_lib.MeetingActivity$_23211#43848 (28655)
02-11 10:12:19.605  1074  1074 D SurfaceFlinger:        DEVICE |           99690485907536 | 00002100 | RGBA_8888    |    0.0    0.0 1200.0    1.0 |    0 1919 1200 1920 | PopupWindow:9814413$_23211#43855 (3)
02-11 10:12:19.605  1074  1074 D SurfaceFlinger:        DEVICE |            8349416434874 | 00002100 | RGBA_8888    |    0.0    0.0    0.0    0.0 |    0    0   -1   -1 | StatusBar$_1944#100 (44243)
02-11 10:12:19.605  1074  1074 D SurfaceFlinger:        DEVICE |            8349416435210 | 00002140 | RGBA_8888   
02-11 10:12:19.605  1074  1074 D SurfaceFlinger:  |    0.0    0.0 1200.0   25.0 |    0 1895 1200 1920 | ScreenDecorOverlay$_1944#43983 (2)
02-11 10:12:19.605  1074  1074 D SurfaceFlinger:        DEVICE |            8349416435212 | 00002140 | RGBA_8888    |    0.0    0.0 1200.0   25.0 |    0    0 1200   25 | ScreenDecorOverlayBottom$_1944#43984 (33)
02-11 10:12:19.605  1074  1074 D SurfaceFlinger: 
02-11 10:12:19.616  1003 17025 D AudioDspStreamManager: getDspTaskA2DPStatus(), mDspTaskA2DPActive = 0
02-11 10:12:19.625  1042 27278 W HalBlackBoard: [readBoard] [idx(1)] ASSERTION: req(#0x5200000047/#71) has been flushed out, current index is req(#0x520000004a/#74)!
02-11 10:12:19.627  1042 27276 I Hal3ACustomImp: [getResult] [getResult] [idx(1)] Hal3A Plug-in
02-11 10:12:19.628  1042 27276 I Hal3ACustomImp: [convertToMetaset] [convertToMetaset] [idx(1)] Hal3A Plug-in
02-11 10:12:19.628  1042 27276 I sec_custom_ta11plus.cpp: [cust_getIsSECApplication] [cust_getIsSECApplication] gIsSECApplication(0)
02-11 10:12:19.628  1042 27276 I sec_custom_ta11plus.cpp: [cust_getIsSECApplication] [cust_getIsSECApplication] gIsSECApplication(0)
02-11 10:12:19.628  1042 27276 I sec_custom_ta11plus.cpp: [cust_aeGetLiveHdrState] [cust_aeGetLiveHdrState] i4LiveHdrMode(0), ret(101)
02-11 10:12:19.628  1042 27276 I sec_custom_ta11plus.cpp: [cust_shotConditionForSEC] [cust_shotConditionForSEC][param in], idx(1), facing(1), BV(87), nightBv(947) gain(5.100000), zoomRto(1.000000), hdrState(101), isFlash(0), shootingmode(0), gyro(0), Cwr(795), DynamicRange(6309), sunDetectionInfo(0)
02-11 10:12:19.628  1042 27276 I sec_custom_ta11plus.cpp: [cust_shotConditionForSEC] [cust_shotConditionForSEC] jpegW/H(0/0), bIsSECApplication(0)
02-11 10:12:19.628  1042 27276 I sec_custom_ta11plus.cpp: [cust_refineHdrStateByLLSFlag] [cust_refineHdrStateByLLSFlag][param in] idx(1), i4LiveHdrState(101)
02-11 10:12:19.628  1042 27276 I sec_custom_ta11plus.cpp: [cust_refineHdrStateByLLSFlag] [cust_refineHdrStateByLLSFlag][param out] idx(1), ret(101), i4LiveHdrState(101), curLlsFlag(0),  c0(0), c1(0)
02-11 10:12:19.628  1042 27276 I sec_custom_ta11plus.cpp: [cust_getSECGyroState] [cust_getSECGyroState] gyroState(1)
02-11 10:12:19.628  1042 27276 I Hal3ACustomImp: [removePartialMetasetAppTag] [removePartialMetasetAppTag] [idx(1)] Hal3A Plug-in
02-11 10:12:19.628  1042 27278 I TsfImp  : [getLscIspInfo] dac_prev(0)
02-11 10:12:19.628  1042 27278 W Hal3AImp_v1_0: [On3AFinish] [idx(1)] [STT](#520000004a) No valid 3A result, calculation might be canceled by stream-off
02-11 10:12:19.628  1042 27278 I Hal3ACustomImp: [convertToPartialMetaset2A] [convertToPartialMetaset2A] [idx(1)] Hal3A Plug-in
02-11 10:12:19.628  1042 27278 W MtkCbAdptor: [1-CoreConverter::convertResult] failed to setEntry, MTK_HALCORE_CALLBACK_REALTIME_MODE
02-11 10:12:19.635  1042  1547 I DipDrv  : [dipfr_update_tdr] src_tdr_idx(9) ofst:6928768 va:0x758a132980 iova:3d8e9b980 tdr_sz(10896)
02-11 10:12:19.635  1042  1547 I PQDIPDrv: [pqdip_update_tdr] src_tdr_ridx(9) va:0x75f6d41000, iova:3d7fab000 tdr_sz(1392) set to dst_tdr_ridx(11)
02-11 10:12:19.636  1042 27282 I RequestRegulator: Cam::1 [signal] VSirq : SofIdx(221706), getSofIdx(221705/1), processed(77<->76), CamsysFrameSequence(76)
02-11 10:12:19.637  1042 27287 I Hal3ACustomImp: [convertToSetting3A] [convertToSetting3A] [idx(1)] Hal3A Plug-in
02-11 10:12:19.637  1042  1042 I MtkCam/ZoomRatioConverter: [UpdateZoomRatio] pillarboxed crop zoom, ratio:1.000000
02-11 10:12:19.637  1042  1042 W mtkcam-capturesession: [1-CaptureSessionDefault::onGetSharedSteramPoolAllocSize] poolSize 1 -> 0.000000 fail (map is empty) !!
02-11 10:12:19.639  1042  1042 I Hal3ACustomImp: [setControl] [setControl] [idx(1)] Hal3A Plug-in
02-11 10:12:19.639  1042  1042 I Hal3ACustomImp: [convertToRequest] [convertToRequest] [idx(1)] Hal3A Plug-in
02-11 10:12:19.639  1042  1042 I Hal3ACustomImp: [operator()] Prev/Curr CaptureIntent: (3 / 3)
02-11 10:12:19.639  1042  1042 I sec_custom_ta11plus.cpp: [cust_getIsSECApplication] [cust_getIsSECApplication] gIsSECApplication(0)
02-11 10:12:19.639  1042  1042 I sec_custom_ta11plus.cpp: [cust_getIsSECApplication] [cust_getIsSECApplication] gIsSECApplication(0)
02-11 10:12:19.639  1042  1042 I sec_custom_ta11plus.cpp: [cust_multiFrameCtrlForSEC] [cust_multiFrameCtrlForSEC][param in], idx(1), facing(1), i4ShotHint(0), ae_lock(0), ae_exp_index(0), awb_lock(0), pause_af(0)
02-11 10:12:19.639  1042  1042 I sec_custom_ta11plus.cpp: [cust_multiFrameCtrlForSEC] [cust_multiFrameCtrlForSEC][param in], date.0130, curCapCnt(0), curLlsFlag(0), isRemosaic(0), resetAELock(0), bIsSECApplication(0), i4ShootingMode(0), cntWaitAELock(0)
02-11 10:12:19.641  1042  1544 I mtkcam_hal_legacy2android_device: [convertStreamBuffer] [debug chingchi] requestStreamBuffer bufferHandle:0xb4000076eaf95850, bufferId:0xb40000777afaebc8
02-11 10:12:19.642  1003 17025 D AudioDspStreamManager: getDspTaskA2DPStatus(), mDspTaskA2DPActive = 0
02-11 10:12:19.661  1074  1074 I SurfaceFlinger: RequestedLayer [Surface(name=d5cbea9 StatusBar)/@0xd[...]tion-leash of insets_animation#43993] hidden!! flag  from(0) --> to(1)
02-11 10:12:19.662 23211 23211 I InsetsController: cancelAnimation: types=statusBars, animType=1, host=kr.co.kyowon.videolesson.play/com.kyowon.livechat_lib.MeetingActivity, from=android.view.InsetsController.notifyFinished:2018 android.view.InsetsAnimationThreadControlRunner$1.lambda$notifyFinished$0:82 android.view.InsetsAnimationThreadControlRunner$1.$r8$lambda$cDFF0h4Ncq-8EXdGszv69jrUu7c:0 
02-11 10:12:19.663  1003 17025 D AudioDspStreamManager: getDspTaskA2DPStatus(), mDspTaskA2DPActive = 0
02-11 10:12:19.661  1451  1866 D SemApeService: Deducted link capacity (M: R=273 T=81) RSSI=-61
02-11 10:12:19.668  1451  1866 D SemApeService: Timer=25 RT(R=1785 T=765) NRT(R=0 T=0) Alloc=1 Estimate(gamma=0 our=2 gapi=76) NB=0 SB=0 DC=0 Link(R=273 T=81) RSSI=-61 Rule=[false][Restrict][NoneCase]
02-11 10:12:19.668  1042 27278 W HalBlackBoard: [readBoard] [idx(1)] ASSERTION: req(#0x5300000048/#72) has been flushed out, current index is req(#0x530000004b/#75)!
02-11 10:12:19.668  1042 27276 I Hal3ACustomImp: [getResult] [getResult] [idx(1)] Hal3A Plug-in
02-11 10:12:19.668  1042 27276 I Hal3ACustomImp: [convertToMetaset] [convertToMetaset] [idx(1)] Hal3A Plug-in
02-11 10:12:19.668  1042 27276 I sec_custom_ta11plus.cpp: [cust_getIsSECApplication] [cust_getIsSECApplication] gIsSECApplication(0)
02-11 10:12:19.668  1042 27276 I sec_custom_ta11plus.cpp: [cust_getIsSECApplication] [cust_getIsSECApplication] gIsSECApplication(0)
02-11 10:12:19.668  1042 27276 I sec_custom_ta11plus.cpp: [cust_aeGetLiveHdrState] [cust_aeGetLiveHdrState] i4LiveHdrMode(0), ret(101)
02-11 10:12:19.668  1042 27276 I sec_custom_ta11plus.cpp: [cust_shotConditionForSEC] [cust_shotConditionForSEC][param in], idx(1), facing(1), BV(87), nightBv(947) gain(5.100000), zoomRto(1.000000), hdrState(101), isFlash(0), shootingmode(0), gyro(0), Cwr(794), DynamicRange(6298), sunDetectionInfo(0)
02-11 10:12:19.668  1042 27276 I sec_custom_ta11plus.cpp: [cust_shotConditionForSEC] [cust_shotConditionForSEC] jpegW/H(0/0), bIsSECApplication(0)
02-11 10:12:19.668  1042 27276 I sec_custom_ta11plus.cpp: [cust_refineHdrStateByLLSFlag] [cust_refineHdrStateByLLSFlag][param in] idx(1), i4LiveHdrState(101)
02-11 10:12:19.668  1042 27276 I sec_custom_ta11plus.cpp: [cust_refineHdrStateByLLSFlag] [cust_refineHdrStateByLLSFlag][param out] idx(1), ret(101), i4LiveHdrState(101), curLlsFlag(0),  c0(0), c1(0)
02-11 10:12:19.668  1042 27276 I sec_custom_ta11plus.cpp: [cust_getSECGyroState] [cust_getSECGyroState] gyroState(1)
02-11 10:12:19.668  1042 27276 I Hal3ACustomImp: [removePartialMetasetAppTag] [removePartialMetasetAppTag] [idx(1)] Hal3A Plug-in
02-11 10:12:19.671  1042 27278 I TsfImp  : [getLscIspInfo] dac_prev(0)
02-11 10:12:19.672  1042 27278 W Hal3AImp_v1_0: [On3AFinish] [idx(1)] [STT](#530000004b) No valid 3A result, calculation might be canceled by stream-off
02-11 10:12:19.672  1042 27278 I Hal3ACustomImp: [convertToPartialMetaset2A] [convertToPartialMetaset2A] [idx(1)] Hal3A Plug-in
02-11 10:12:19.672  1042 27278 W MtkCbAdptor: [1-CoreConverter::convertResult] failed to setEntry, MTK_HALCORE_CALLBACK_REALTIME_MODE
02-11 10:12:19.675   635   635 D io_stats: !@   8,32 r 7213810 250797140 w 3862842 83216152 d 508335 76136048 f 252293 709949 iot 1553760 0 th 0 0 0 pt 0 inp 0 0 240367.117
02-11 10:12:19.675   635   635 D io_stats: !@ Read_top(KB): ndroid.systemui(1944) 32 id.diagmonagent(3065) 16
02-11 10:12:19.675   635   635 D io_stats: !@ Write_top(KB): kworker/u16:1(21222) 108 id.diagmonagent(3065) 48 vendor.samsung.(1043) 8
02-11 10:12:19.677  1042  1545 I DipDrv  : [dipfr_update_tdr] src_tdr_idx(11) ofst:7219584 va:0x758a179980 iova:3d8ee2980 tdr_sz(10896)
02-11 10:12:19.677  1042  1545 I PQDIPDrv: [pqdip_update_tdr] src_tdr_ridx(11) va:0x75f6d4a800, iova:3d7fb4800 tdr_sz(1392) set to dst_tdr_ridx(0)
02-11 10:12:19.678  1042 27282 I RequestRegulator: Cam::1 [signal] VSirq : SofIdx(221707), getSofIdx(221706/1), processed(78<->77), CamsysFrameSequence(77)
02-11 10:12:19.679  1042 27287 I Hal3ACustomImp: [convertToSetting3A] [convertToSetting3A] [idx(1)] Hal3A Plug-in
02-11 10:12:19.679  1042 25435 I MtkCam/ZoomRatioConverter: [UpdateZoomRatio] pillarboxed crop zoom, ratio:1.000000
02-11 10:12:19.680  1042 25435 W mtkcam-capturesession: [1-CaptureSessionDefault::onGetSharedSteramPoolAllocSize] poolSize 1 -> 0.000000 fail (map is empty) !!
02-11 10:12:19.681  1042 25435 I Hal3ACustomImp: [setControl] [setControl] [idx(1)] Hal3A Plug-in
02-11 10:12:19.681  1042 25435 I Hal3ACustomImp: [convertToRequest] [convertToRequest] [idx(1)] Hal3A Plug-in
02-11 10:12:19.681  1042 25435 I Hal3ACustomImp: [operator()] Prev/Curr CaptureIntent: (3 / 3)
02-11 10:12:19.681  1042 25435 I sec_custom_ta11plus.cpp: [cust_getIsSECApplication] [cust_getIsSECApplication] gIsSECApplication(0)
02-11 10:12:19.681  1042 25435 I sec_custom_ta11plus.cpp: [cust_getIsSECApplication] [cust_getIsSECApplication] gIsSECApplication(0)
02-11 10:12:19.681  1042 25435 I sec_custom_ta11plus.cpp: [cust_multiFrameCtrlForSEC] [cust_multiFrameCtrlForSEC][param in], idx(1), facing(1), i4ShotHint(0), ae_lock(0), ae_exp_index(0), awb_lock(0), pause_af(0)
02-11 10:12:19.681  1042 25435 I sec_custom_ta11plus.cpp: [cust_multiFrameCtrlForSEC] [cust_multiFrameCtrlForSEC][param in], date.0130, curCapCnt(0), curLlsFlag(0), isRemosaic(0), resetAELock(0), bIsSECApplication(0), i4ShootingMode(0), cntWaitAELock(0)
02-11 10:12:19.682  1042  1544 I mtkcam_hal_legacy2android_device: [convertStreamBuffer] [debug chingchi] requestStreamBuffer bufferHandle:0xb4000076eafbafd0, bufferId:0xb40000777af9c9e8
02-11 10:12:19.684  1003 17025 D AudioDspStreamManager: getDspTaskA2DPStatus(), mDspTaskA2DPActive = 0
02-11 10:12:19.703  1003 17025 D AudioDspStreamManager: getDspTaskA2DPStatus(), mDspTaskA2DPActive = 0
02-11 10:12:19.710  1042 27278 W HalBlackBoard: [readBoard] [idx(1)] ASSERTION: req(#0x5400000049/#73) has been flushed out, current index is req(#0x540000004c/#76)!
02-11 10:12:19.713  1042 27278 I TsfImp  : [getLscIspInfo] dac_prev(0)
02-11 10:12:19.713  1042 27278 W Hal3AImp_v1_0: [On3AFinish] [idx(1)] [STT](#540000004c) No valid 3A result, calculation might be canceled by stream-off
02-11 10:12:19.713  1042 27278 I Hal3ACustomImp: [convertToPartialMetaset2A] [convertToPartialMetaset2A] [idx(1)] Hal3A Plug-in
02-11 10:12:19.713  1042 27278 W MtkCbAdptor: [1-CoreConverter::convertResult] failed to setEntry, MTK_HALCORE_CALLBACK_REALTIME_MODE
02-11 10:12:19.714  1042 27276 I Hal3ACustomImp: [getResult] [getResult] [idx(1)] Hal3A Plug-in
02-11 10:12:19.714  1042 27276 I Hal3ACustomImp: [convertToMetaset] [convertToMetaset] [idx(1)] Hal3A Plug-in
02-11 10:12:19.714  1042 27276 I sec_custom_ta11plus.cpp: [cust_getIsSECApplication] [cust_getIsSECApplication] gIsSECApplication(0)
02-11 10:12:19.714  1042 27276 I sec_custom_ta11plus.cpp: [cust_getIsSECApplication] [cust_getIsSECApplication] gIsSECApplication(0)
02-11 10:12:19.714  1042 27276 I sec_custom_ta11plus.cpp: [cust_aeGetLiveHdrState] [cust_aeGetLiveHdrState] i4LiveHdrMode(0), ret(101)
02-11 10:12:19.714  1042 27276 I sec_custom_ta11plus.cpp: [cust_shotConditionForSEC] [cust_shotConditionForSEC][param in], idx(1), facing(1), BV(87), nightBv(947) gain(5.100000), zoomRto(1.000000), hdrState(101), isFlash(0), shootingmode(0), gyro(0), Cwr(791), DynamicRange(6270), sunDetectionInfo(0)
02-11 10:12:19.714  1042 27276 I sec_custom_ta11plus.cpp: [cust_shotConditionForSEC] [cust_shotConditionForSEC] jpegW/H(0/0), bIsSECApplication(0)
02-11 10:12:19.714  1042 27276 I sec_custom_ta11plus.cpp: [cust_refineHdrStateByLLSFlag] [cust_refineHdrStateByLLSFlag][param in] idx(1), i4LiveHdrState(101)
02-11 10:12:19.714  1042 27276 I sec_custom_ta11plus.cpp: [cust_refineHdrStateByLLSFlag] [cust_refineHdrStateByLLSFlag][param out] idx(1), ret(101), i4LiveHdrState(101), curLlsFlag(0),  c0(0), c1(0)
02-11 10:12:19.714  1042 27276 I sec_custom_ta11plus.cpp: [cust_getSECGyroState] [cust_getSECGyroState] gyroState(1)
02-11 10:12:19.714  1042 27276 I Hal3ACustomImp: [removePartialMetasetAppTag] [removePartialMetasetAppTag] [idx(1)] Hal3A Plug-in
02-11 10:12:19.720  1042 27282 I RequestRegulator: Cam::1 [signal] VSirq : SofIdx(221708), getSofIdx(221707/1), processed(79<->78), CamsysFrameSequence(78)
02-11 10:12:19.720  1042 27287 I Hal3ACustomImp: [convertToSetting3A] [convertToSetting3A] [idx(1)] Hal3A Plug-in
02-11 10:12:19.721  1042  1042 I MtkCam/ZoomRatioConverter: [UpdateZoomRatio] pillarboxed crop zoom, ratio:1.000000
02-11 10:12:19.721  1042  1042 W mtkcam-capturesession: [1-CaptureSessionDefault::onGetSharedSteramPoolAllocSize] poolSize 1 -> 0.000000 fail (map is empty) !!
02-11 10:12:19.721  1042  1548 I DipDrv  : [dipfr_update_tdr] src_tdr_idx(10) ofst:7074176 va:0x758a156180 iova:3d8ebf180 tdr_sz(10896)
02-11 10:12:19.721  1042  1548 I PQDIPDrv: [pqdip_update_tdr] src_tdr_ridx(10) va:0x75f6d45c00, iova:3d7fafc00 tdr_sz(1392) set to dst_tdr_ridx(1)
02-11 10:12:19.722  1042  1042 I Hal3ACustomImp: [setControl] [setControl] [idx(1)] Hal3A Plug-in
02-11 10:12:19.722  1042  1042 I Hal3ACustomImp: [convertToRequest] [convertToRequest] [idx(1)] Hal3A Plug-in
02-11 10:12:19.722  1042  1042 I Hal3ACustomImp: [operator()] Prev/Curr CaptureIntent: (3 / 3)
02-11 10:12:19.722  1042  1042 I sec_custom_ta11plus.cpp: [cust_getIsSECApplication] [cust_getIsSECApplication] gIsSECApplication(0)
02-11 10:12:19.722  1042  1042 I sec_custom_ta11plus.cpp: [cust_getIsSECApplication] [cust_getIsSECApplication] gIsSECApplication(0)
02-11 10:12:19.722  1042  1042 I sec_custom_ta11plus.cpp: [cust_multiFrameCtrlForSEC] [cust_multiFrameCtrlForSEC][param in], idx(1), facing(1), i4ShotHint(0), ae_lock(0), ae_exp_index(0), awb_lock(0), pause_af(0)
02-11 10:12:19.722  1042  1042 I sec_custom_ta11plus.cpp: [cust_multiFrameCtrlForSEC] [cust_multiFrameCtrlForSEC][param in], date.0130, curCapCnt(0), curLlsFlag(0), isRemosaic(0), resetAELock(0), bIsSECApplication(0), i4ShootingMode(0), cntWaitAELock(0)
02-11 10:12:19.724  1042  1544 I mtkcam_hal_legacy2android_device: [convertStreamBuffer] [debug chingchi] requestStreamBuffer bufferHandle:0xb4000076eaf9f670, bufferId:0xb40000777afa4ae8
02-11 10:12:19.728  1003 17025 D AudioDspStreamManager: getDspTaskA2DPStatus(), mDspTaskA2DPActive = 0
02-11 10:12:19.749  1003 17025 D AudioDspStreamManager: getDspTaskA2DPStatus(), mDspTaskA2DPActive = 0
02-11 10:12:19.752  1042 27278 W HalBlackBoard: [readBoard] [idx(1)] ASSERTION: req(#0x550000004a/#74) has been flushed out, current index is req(#0x550000004d/#77)!
02-11 10:12:19.752  1042 27276 I Hal3ACustomImp: [getResult] [getResult] [idx(1)] Hal3A Plug-in
02-11 10:12:19.752  1042 27276 I Hal3ACustomImp: [convertToMetaset] [convertToMetaset] [idx(1)] Hal3A Plug-in
02-11 10:12:19.752  1042 27276 I sec_custom_ta11plus.cpp: [cust_getIsSECApplication] [cust_getIsSECApplication] gIsSECApplication(0)
02-11 10:12:19.752  1042 27276 I sec_custom_ta11plus.cpp: [cust_getIsSECApplication] [cust_getIsSECApplication] gIsSECApplication(0)
02-11 10:12:19.752  1042 27276 I sec_custom_ta11plus.cpp: [cust_aeGetLiveHdrState] [cust_aeGetLiveHdrState] i4LiveHdrMode(0), ret(101)
02-11 10:12:19.752  1042 27276 I sec_custom_ta11plus.cpp: [cust_shotConditionForSEC] [cust_shotConditionForSEC][param in], idx(1), facing(1), BV(87), nightBv(947) gain(5.100000), zoomRto(1.000000), hdrState(101), isFlash(0), shootingmode(0), gyro(0), Cwr(786), DynamicRange(6249), sunDetectionInfo(0)
02-11 10:12:19.752  1042 27276 I sec_custom_ta11plus.cpp: [cust_shotConditionForSEC] [cust_shotConditionForSEC] jpegW/H(0/0), bIsSECApplication(0)
02-11 10:12:19.752  1042 27276 I sec_custom_ta11plus.cpp: [cust_refineHdrStateByLLSFlag] [cust_refineHdrStateByLLSFlag][param in] idx(1), i4LiveHdrState(101)
02-11 10:12:19.752  1042 27276 I sec_custom_ta11plus.cpp: [cust_refineHdrStateByLLSFlag] [cust_refineHdrStateByLLSFlag][param out] idx(1), ret(101), i4LiveHdrState(101), curLlsFlag(0),  c0(0), c1(0)
02-11 10:12:19.752  1042 27276 I sec_custom_ta11plus.cpp: [cust_getSECGyroState] [cust_getSECGyroState] gyroState(1)
02-11 10:12:19.752  1042 27276 I Hal3ACustomImp: [removePartialMetasetAppTag] [removePartialMetasetAppTag] [idx(1)] Hal3A Plug-in
02-11 10:12:19.753  1042 27270 I MtkCam/FdProcessor: [RunFaceDetection] check FD frame timestamp : 240367161940000
02-11 10:12:19.753  1042 27270 I MtkCam/FdProcessor: [RunFaceDetection] check FD count : 337, duration : 41
02-11 10:12:19.755  1042  1537 I TsfImp  : [tsfBatch] userId(0), dac_inf:1024,dac_macro:4096,dac_prev/cur:0/0 AE(Y:705,LV:87,ISO:153,LV_IDX:4,shutter:8337142,isStable:1,isLock:0,isFlash:0) AWB(CCT_IDX:7,CCT:5434,GainR/G/B:1079/512/814,isLock:0) Gyro0/1/2:0/0/0,orient:0,faceNum:1,faceRect:1441/245/2026/1085
02-11 10:12:19.755  1042 27278 I TsfImp  : [getLscIspInfo] dac_prev(0)
02-11 10:12:19.755  1042 27278 W Hal3AImp_v1_0: [On3AFinish] [idx(1)] [STT](#550000004d) No valid 3A result, calculation might be canceled by stream-off
02-11 10:12:19.755  1042 27278 I Hal3ACustomImp: [convertToPartialMetaset2A] [convertToPartialMetaset2A] [idx(1)] Hal3A Plug-in
02-11 10:12:19.755  1042 27278 W MtkCbAdptor: [1-CoreConverter::convertResult] failed to setEntry, MTK_HALCORE_CALLBACK_REALTIME_MODE
02-11 10:12:19.762  1042 27282 I RequestRegulator: Cam::1 [signal] VSirq : SofIdx(221709), getSofIdx(221708/1), processed(80<->79), CamsysFrameSequence(79)
02-11 10:12:19.762  1042  1548 I DipDrv  : [dipfr_update_tdr] src_tdr_idx(8) ofst:6783360 va:0x758a10f180 iova:3d8e78180 tdr_sz(10896)
02-11 10:12:19.762  1042 27287 I Hal3ACustomImp: [convertToSetting3A] [convertToSetting3A] [idx(1)] Hal3A Plug-in
02-11 10:12:19.762  1042  1548 I PQDIPDrv: [pqdip_update_tdr] src_tdr_ridx(8) va:0x75f6d3c400, iova:3d7fa6400 tdr_sz(1392) set to dst_tdr_ridx(2)
02-11 10:12:19.762  1042 25435 I MtkCam/ZoomRatioConverter: [UpdateZoomRatio] pillarboxed crop zoom, ratio:1.000000
02-11 10:12:19.763  1042 25435 W mtkcam-capturesession: [1-CaptureSessionDefault::onGetSharedSteramPoolAllocSize] poolSize 1 -> 0.000000 fail (map is empty) !!
02-11 10:12:19.763  1042 25435 I Hal3ACustomImp: [setControl] [setControl] [idx(1)] Hal3A Plug-in
02-11 10:12:19.763  1042 25435 I Hal3ACustomImp: [convertToRequest] [convertToRequest] [idx(1)] Hal3A Plug-in
02-11 10:12:19.763  1042 25435 I Hal3ACustomImp: [operator()] Prev/Curr CaptureIntent: (3 / 3)
02-11 10:12:19.763  1042 25435 I sec_custom_ta11plus.cpp: [cust_getIsSECApplication] [cust_getIsSECApplication] gIsSECApplication(0)
02-11 10:12:19.764  1042 25435 I sec_custom_ta11plus.cpp: [cust_getIsSECApplication] [cust_getIsSECApplication] gIsSECApplication(0)
02-11 10:12:19.764  1042 25435 I sec_custom_ta11plus.cpp: [cust_multiFrameCtrlForSEC] [cust_multiFrameCtrlForSEC][param in], idx(1), facing(1), i4ShotHint(0), ae_lock(0), ae_exp_index(0), awb_lock(0), pause_af(0)
02-11 10:12:19.764  1042 25435 I sec_custom_ta11plus.cpp: [cust_multiFrameCtrlForSEC] [cust_multiFrameCtrlForSEC][param in], date.0130, curCapCnt(0), curLlsFlag(0), isRemosaic(0), resetAELock(0), bIsSECApplication(0), i4ShootingMode(0), cntWaitAELock(0)
02-11 10:12:19.765  1003 26829 D aurisys_lib_handler: [LIB] [oem:fvsam]in ch=2 out ch=1 in size=2560 out size=1280 proc size=1280 bit=16
02-11 10:12:19.766  1042  1542 I mtkcam_hal_legacy2android_device: [convertStreamBuffer] [debug chingchi] requestStreamBuffer bufferHandle:0xb4000076eaf92af0, bufferId:0xb40000777afa1818
02-11 10:12:19.770  1003 17025 D AudioDspStreamManager: getDspTaskA2DPStatus(), mDspTaskA2DPActive = 0
02-11 10:12:19.775  1003 26829 D aurisys_lib_handler: [LIB] [oem:fvsam]se category=Scene,Default,Profile,Handsfree
02-11 10:12:19.775  1003 26829 D aurisys_lib_handler: [LIB] [oem:dv] [I] in ch=1 out ch=1 in size=1280 out size=1280 proc size=1280 bit=16
02-11 10:12:19.775  1003 26829 D aurisys_lib_handler: [LIB] [oem:dv] [I] tx se category=Scene,Default,Profile,Handsfree
02-11 10:12:19.775  1003 26829 D aurisys_lib_handler: [LIB] [oem:dv] [I] dvtxdbg,640,71,-94,-96;
02-11 10:12:19.775  1003 26829 D aurisys_lib_handler: [LIB] [oem:dv] [I] dv tx done mode=71
02-11 10:12:19.777  1074  1074 I BufferQueueProducer: [69d3395 SurfaceView[kr.co.kyowon.videolesson.play/com.kyowon.livechat_lib.MeetingActivity]@0(BLAST)#43991](this:0xb400007cb398b908,id:-1,api:0,p:-1,c:1074) queueBuffer: fps=28.83 dur=1006.05 max=115.07 min=15.95
02-11 10:12:19.786  1011 20224 V C2MtkVenc: getAVCLevel: w:20 h:15 fps:9000 mbs:300 maxD:20
02-11 10:12:19.786  1011 20224 V C2MtkVenc: getAVCLevel: derived level value 20484, max supported value 20495
02-11 10:12:19.786  1011 20224 V C2MtkVenc: ProfileLevelSetter: curLevel:20484
02-11 10:12:19.786 23211 27074 D CCodecConfig: c2 config diff is   c2::u32 coded.bitrate.value = 395376
02-11 10:12:19.790  1003 17025 D AudioDspStreamManager: getDspTaskA2DPStatus(), mDspTaskA2DPActive = 0
02-11 10:12:19.793  1042 27278 W HalBlackBoard: [readBoard] [idx(1)] ASSERTION: req(#0x560000004b/#75) has been flushed out, current index is req(#0x560000004e/#78)!
02-11 10:12:19.793  1042 27276 I Hal3ACustomImp: [getResult] [getResult] [idx(1)] Hal3A Plug-in
02-11 10:12:19.793  1042 27276 I Hal3ACustomImp: [convertToMetaset] [convertToMetaset] [idx(1)] Hal3A Plug-in
02-11 10:12:19.794  1042 27276 I sec_custom_ta11plus.cpp: [cust_getIsSECApplication] [cust_getIsSECApplication] gIsSECApplication(0)
02-11 10:12:19.794  1042 27276 I sec_custom_ta11plus.cpp: [cust_getIsSECApplication] [cust_getIsSECApplication] gIsSECApplication(0)
02-11 10:12:19.794  1042 27276 I sec_custom_ta11plus.cpp: [cust_aeGetLiveHdrState] [cust_aeGetLiveHdrState] i4LiveHdrMode(0), ret(101)
02-11 10:12:19.794  1042 27276 I sec_custom_ta11plus.cpp: [cust_shotConditionForSEC] [cust_shotConditionForSEC][param in], idx(1), facing(1), BV(87), nightBv(947) gain(5.100000), zoomRto(1.000000), hdrState(101), isFlash(0), shootingmode(0), gyro(0), Cwr(784), DynamicRange(6209), sunDetectionInfo(0)
02-11 10:12:19.794  1042 27276 I sec_custom_ta11plus.cpp: [cust_shotConditionForSEC] [cust_shotConditionForSEC] jpegW/H(0/0), bIsSECApplication(0)
02-11 10:12:19.794  1042 27276 I sec_custom_ta11plus.cpp: [cust_refineHdrStateByLLSFlag] [cust_refineHdrStateByLLSFlag][param in] idx(1), i4LiveHdrState(101)
02-11 10:12:19.794  1042 27276 I sec_custom_ta11plus.cpp: [cust_refineHdrStateByLLSFlag] [cust_refineHdrStateByLLSFlag][param out] idx(1), ret(101), i4LiveHdrState(101), curLlsFlag(0),  c0(0), c1(0)
02-11 10:12:19.794  1042 27276 I sec_custom_ta11plus.cpp: [cust_getSECGyroState] [cust_getSECGyroState] gyroState(1)
02-11 10:12:19.794  1042 27276 I Hal3ACustomImp: [removePartialMetasetAppTag] [removePartialMetasetAppTag] [idx(1)] Hal3A Plug-in
02-11 10:12:19.796  1042 27278 I TsfImp  : [getLscIspInfo] dac_prev(0)
02-11 10:12:19.796  1042 27278 W Hal3AImp_v1_0: [On3AFinish] [idx(1)] [STT](#560000004e) No valid 3A result, calculation might be canceled by stream-off
02-11 10:12:19.796  1042 27278 I Hal3ACustomImp: [convertToPartialMetaset2A] [convertToPartialMetaset2A] [idx(1)] Hal3A Plug-in
02-11 10:12:19.796  1042 27278 W MtkCbAdptor: [1-CoreConverter::convertResult] failed to setEntry, MTK_HALCORE_CALLBACK_REALTIME_MODE
02-11 10:12:19.801  1042  1545 I DipDrv  : [dipfr_update_tdr] src_tdr_idx(0) ofst:5620096 va:0x7589ff3180 iova:3d8d5c180 tdr_sz(10896)
02-11 10:12:19.801  1042  1545 I PQDIPDrv: [pqdip_update_tdr] src_tdr_ridx(0) va:0x75f6d16400, iova:3d7f80400 tdr_sz(1392) set to dst_tdr_ridx(3)
02-11 10:12:19.803  1042 27282 I RequestRegulator: Cam::1 [signal] VSirq : SofIdx(221710), getSofIdx(221709/1), processed(81<->80), CamsysFrameSequence(80)
02-11 10:12:19.804  1042 27287 I Hal3ACustomImp: [convertToSetting3A] [convertToSetting3A] [idx(1)] Hal3A Plug-in
02-11 10:12:19.804  1042  1042 I MtkCam/ZoomRatioConverter: [UpdateZoomRatio] pillarboxed crop zoom, ratio:1.000000
02-11 10:12:19.805  1042  1042 W mtkcam-capturesession: [1-CaptureSessionDefault::onGetSharedSteramPoolAllocSize] poolSize 1 -> 0.000000 fail (map is empty) !!
02-11 10:12:19.806  1042  1042 I Hal3ACustomImp: [setControl] [setControl] [idx(1)] Hal3A Plug-in
02-11 10:12:19.806  1042  1042 I Hal3ACustomImp: [convertToRequest] [convertToRequest] [idx(1)] Hal3A Plug-in
02-11 10:12:19.806  1042  1042 I Hal3ACustomImp: [operator()] Prev/Curr CaptureIntent: (3 / 3)
02-11 10:12:19.806  1042  1042 I sec_custom_ta11plus.cpp: [cust_getIsSECApplication] [cust_getIsSECApplication] gIsSECApplication(0)
02-11 10:12:19.806  1042  1042 I sec_custom_ta11plus.cpp: [cust_getIsSECApplication] [cust_getIsSECApplication] gIsSECApplication(0)
02-11 10:12:19.806  1042  1042 I sec_custom_ta11plus.cpp: [cust_multiFrameCtrlForSEC] [cust_multiFrameCtrlForSEC][param in], idx(1), facing(1), i4ShotHint(0), ae_lock(0), ae_exp_index(0), awb_lock(0), pause_af(0)
02-11 10:12:19.806  1042  1042 I sec_custom_ta11plus.cpp: [cust_multiFrameCtrlForSEC] [cust_multiFrameCtrlForSEC][param in], date.0130, curCapCnt(0), curLlsFlag(0), isRemosaic(0), resetAELock(0), bIsSECApplication(0), i4ShootingMode(0), cntWaitAELock(0)
02-11 10:12:19.812  1042  1542 I mtkcam_hal_legacy2android_device: [convertStreamBuffer] [debug chingchi] requestStreamBuffer bufferHandle:0xb4000076eafb3150, bufferId:0xb40000777afee348
02-11 10:12:19.812  1003 17025 D AudioDspStreamManager: getDspTaskA2DPStatus(), mDspTaskA2DPActive = 0
02-11 10:12:19.833  1003 17025 D AudioDspStreamManager: getDspTaskA2DPStatus(), mDspTaskA2DPActive = 0
02-11 10:12:19.835  1042 27278 W HalBlackBoard: [readBoard] [idx(1)] ASSERTION: req(#0x570000004c/#76) has been flushed out, current index is req(#0x570000004f/#79)!
02-11 10:12:19.835  1042 27276 I Hal3ACustomImp: [getResult] [getResult] [idx(1)] Hal3A Plug-in
02-11 10:12:19.835  1042 27276 I Hal3ACustomImp: [convertToMetaset] [convertToMetaset] [idx(1)] Hal3A Plug-in
02-11 10:12:19.835  1042 27276 I sec_custom_ta11plus.cpp: [cust_getIsSECApplication] [cust_getIsSECApplication] gIsSECApplication(0)
02-11 10:12:19.835  1042 27276 I sec_custom_ta11plus.cpp: [cust_getIsSECApplication] [cust_getIsSECApplication] gIsSECApplication(0)
02-11 10:12:19.835  1042 27276 I sec_custom_ta11plus.cpp: [cust_aeGetLiveHdrState] [cust_aeGetLiveHdrState] i4LiveHdrMode(0), ret(101)
02-11 10:12:19.835  1042 27276 I sec_custom_ta11plus.cpp: [cust_shotConditionForSEC] [cust_shotConditionForSEC][param in], idx(1), facing(1), BV(87), nightBv(947) gain(5.100000), zoomRto(1.000000), hdrState(101), isFlash(0), shootingmode(0), gyro(0), Cwr(784), DynamicRange(6182), sunDetectionInfo(0)
02-11 10:12:19.835  1042 27276 I sec_custom_ta11plus.cpp: [cust_shotConditionForSEC] [cust_shotConditionForSEC] jpegW/H(0/0), bIsSECApplication(0)
02-11 10:12:19.835  1042 27276 I sec_custom_ta11plus.cpp: [cust_refineHdrStateByLLSFlag] [cust_refineHdrStateByLLSFlag][param in] idx(1), i4LiveHdrState(101)
02-11 10:12:19.835  1042 27276 I sec_custom_ta11plus.cpp: [cust_refineHdrStateByLLSFlag] [cust_refineHdrStateByLLSFlag][param out] idx(1), ret(101), i4LiveHdrState(101), curLlsFlag(0),  c0(0), c1(0)
02-11 10:12:19.835  1042 27276 I sec_custom_ta11plus.cpp: [cust_getSECGyroState] [cust_getSECGyroState] gyroState(1)
02-11 10:12:19.835  1042 27276 I Hal3ACustomImp: [removePartialMetasetAppTag] [removePartialMetasetAppTag] [idx(1)] Hal3A Plug-in
02-11 10:12:19.838  1042 27278 I TsfImp  : [getLscIspInfo] dac_prev(0)
02-11 10:12:19.839  1042 27278 W Hal3AImp_v1_0: [On3AFinish] [idx(1)] [STT](#570000004f) No valid 3A result, calculation might be canceled by stream-off
02-11 10:12:19.839  1042 27278 I Hal3ACustomImp: [convertToPartialMetaset2A] [convertToPartialMetaset2A] [idx(1)] Hal3A Plug-in
02-11 10:12:19.839  1042 27278 W MtkCbAdptor: [1-CoreConverter::convertResult] failed to setEntry, MTK_HALCORE_CALLBACK_REALTIME_MODE
02-11 10:12:19.845  1042 27282 I RequestRegulator: Cam::1 [signal] VSirq : SofIdx(221711), getSofIdx(221710/1), processed(82<->81), CamsysFrameSequence(81)
02-11 10:12:19.845  1042 27287 I Hal3ACustomImp: [convertToSetting3A] [convertToSetting3A] [idx(1)] Hal3A Plug-in
02-11 10:12:19.845  1042  1546 I DipDrv  : [dipfr_update_tdr] src_tdr_idx(1) ofst:5765504 va:0x758a016980 iova:3d8d7f980 tdr_sz(10896)
02-11 10:12:19.846  1042  1546 I PQDIPDrv: [pqdip_update_tdr] src_tdr_ridx(1) va:0x75f6d1b000, iova:3d7f85000 tdr_sz(1392) set to dst_tdr_ridx(4)
02-11 10:12:19.846  1042 25435 I MtkCam/ZoomRatioConverter: [UpdateZoomRatio] pillarboxed crop zoom, ratio:1.000000
02-11 10:12:19.846  1042 25435 W mtkcam-capturesession: [1-CaptureSessionDefault::onGetSharedSteramPoolAllocSize] poolSize 1 -> 0.000000 fail (map is empty) !!
02-11 10:12:19.847  1042 25435 I Hal3ACustomImp: [setControl] [setControl] [idx(1)] Hal3A Plug-in
02-11 10:12:19.847  1042 25435 I Hal3ACustomImp: [convertToRequest] [convertToRequest] [idx(1)] Hal3A Plug-in
02-11 10:12:19.847  1042 25435 I Hal3ACustomImp: [operator()] Prev/Curr CaptureIntent: (3 / 3)
02-11 10:12:19.847  1042 25435 I sec_custom_ta11plus.cpp: [cust_getIsSECApplication] [cust_getIsSECApplication] gIsSECApplication(0)
02-11 10:12:19.847  1042 25435 I sec_custom_ta11plus.cpp: [cust_getIsSECApplication] [cust_getIsSECApplication] gIsSECApplication(0)
02-11 10:12:19.847  1042 25435 I sec_custom_ta11plus.cpp: [cust_multiFrameCtrlForSEC] [cust_multiFrameCtrlForSEC][param in], idx(1), facing(1), i4ShotHint(0), ae_lock(0), ae_exp_index(0), awb_lock(0), pause_af(0)
02-11 10:12:19.847  1042 25435 I sec_custom_ta11plus.cpp: [cust_multiFrameCtrlForSEC] [cust_multiFrameCtrlForSEC][param in], date.0130, curCapCnt(0), curLlsFlag(0), isRemosaic(0), resetAELock(0), bIsSECApplication(0), i4ShootingMode(0), cntWaitAELock(0)
02-11 10:12:19.849  1042  1541 I mtkcam_hal_legacy2android_device: [convertStreamBuffer] [debug chingchi] requestStreamBuffer bufferHandle:0xb4000076eaf74850, bufferId:0xb40000777afddfc8
02-11 10:12:19.856  1003 17025 D AudioDspStreamManager: getDspTaskA2DPStatus(), mDspTaskA2DPActive = 0
02-11 10:12:19.856  3081  3081 I SDHMS:LOAD: type: LoadsFreqs, value: 157:83:44:1382000:1400000:1100000:1380000:1400000:1100000:274:797:0
02-11 10:12:19.876  1003 17025 D AudioDspStreamManager: getDspTaskA2DPStatus(), mDspTaskA2DPActive = 0
02-11 10:12:19.876  1074  1074 I BufferQueueProducer: [df4c49e SurfaceView[kr.co.kyowon.videolesson.play/com.kyowon.livechat_lib.MeetingActivity]@0(BLAST)#43987](this:0xb400007cb397a7a8,id:-1,api:0,p:-1,c:1074) queueBuffer: fps=24.00 dur=1041.49 max=51.27 min=31.52
02-11 10:12:19.877  1042 27278 W HalBlackBoard: [readBoard] [idx(1)] ASSERTION: req(#0x580000004d/#77) has been flushed out, current index is req(#0x5800000050/#80)!
02-11 10:12:19.877  1042 27276 I Hal3ACustomImp: [getResult] [getResult] [idx(1)] Hal3A Plug-in
02-11 10:12:19.877  1042 27276 I Hal3ACustomImp: [convertToMetaset] [convertToMetaset] [idx(1)] Hal3A Plug-in
02-11 10:12:19.877  1042 27276 I sec_custom_ta11plus.cpp: [cust_getIsSECApplication] [cust_getIsSECApplication] gIsSECApplication(0)
02-11 10:12:19.877  1042 27276 I sec_custom_ta11plus.cpp: [cust_getIsSECApplication] [cust_getIsSECApplication] gIsSECApplication(0)
02-11 10:12:19.877  1042 27276 I sec_custom_ta11plus.cpp: [cust_aeGetLiveHdrState] [cust_aeGetLiveHdrState] i4LiveHdrMode(0), ret(101)
02-11 10:12:19.877  1042 27276 I sec_custom_ta11plus.cpp: [cust_shotConditionForSEC] [cust_shotConditionForSEC][param in], idx(1), facing(1), BV(87), nightBv(947) gain(5.100000), zoomRto(1.000000), hdrState(101), isFlash(0), shootingmode(0), gyro(0), Cwr(786), DynamicRange(6159), sunDetectionInfo(0)
02-11 10:12:19.877  1042 27276 I sec_custom_ta11plus.cpp: [cust_shotConditionForSEC] [cust_shotConditionForSEC] jpegW/H(0/0), bIsSECApplication(0)
02-11 10:12:19.877  1042 27276 I sec_custom_ta11plus.cpp: [cust_refineHdrStateByLLSFlag] [cust_refineHdrStateByLLSFlag][param in] idx(1), i4LiveHdrState(101)
02-11 10:12:19.877  1042 27276 I sec_custom_ta11plus.cpp: [cust_refineHdrStateByLLSFlag] [cust_refineHdrStateByLLSFlag][param out] idx(1), ret(101), i4LiveHdrState(101), curLlsFlag(0),  c0(0), c1(0)
02-11 10:12:19.877  1042 27276 I sec_custom_ta11plus.cpp: [cust_getSECGyroState] [cust_getSECGyroState] gyroState(1)
02-11 10:12:19.877  1042 27276 I Hal3ACustomImp: [removePartialMetasetAppTag] [removePartialMetasetAppTag] [idx(1)] Hal3A Plug-in
02-11 10:12:19.880  1042 27278 I TsfImp  : [getLscIspInfo] dac_prev(0)
02-11 10:12:19.880  1042 27278 W Hal3AImp_v1_0: [On3AFinish] [idx(1)] [STT](#5800000050) No valid 3A result, calculation might be canceled by stream-off
02-11 10:12:19.880  1042 27278 I Hal3ACustomImp: [convertToPartialMetaset2A] [convertToPartialMetaset2A] [idx(1)] Hal3A Plug-in
02-11 10:12:19.880  1042 27278 W MtkCbAdptor: [1-CoreConverter::convertResult] failed to setEntry, MTK_HALCORE_CALLBACK_REALTIME_MODE
02-11 10:12:19.885  1042  1548 I DipDrv  : [dipfr_update_tdr] src_tdr_idx(3) ofst:6056320 va:0x758a05d980 iova:3d8dc6980 tdr_sz(10896)
02-11 10:12:19.885  1042  1548 I PQDIPDrv: [pqdip_update_tdr] src_tdr_ridx(3) va:0x75f6d24800, iova:3d7f8e800 tdr_sz(1392) set to dst_tdr_ridx(5)
02-11 10:12:19.886  1042 27282 I RequestRegulator: Cam::1 [signal] VSirq : SofIdx(221712), getSofIdx(221711/1), processed(83<->82), CamsysFrameSequence(82)
02-11 10:12:19.887  1042 27287 I Hal3ACustomImp: [convertToSetting3A] [convertToSetting3A] [idx(1)] Hal3A Plug-in
02-11 10:12:19.887  1042  1042 I MtkCam/ZoomRatioConverter: [UpdateZoomRatio] pillarboxed crop zoom, ratio:1.000000
02-11 10:12:19.887  1042  1042 W mtkcam-capturesession: [1-CaptureSessionDefault::onGetSharedSteramPoolAllocSize] poolSize 1 -> 0.000000 fail (map is empty) !!
02-11 10:12:19.889  1042  1042 I Hal3ACustomImp: [setControl] [setControl] [idx(1)] Hal3A Plug-in
02-11 10:12:19.889  1042  1042 I Hal3ACustomImp: [convertToRequest] [convertToRequest] [idx(1)] Hal3A Plug-in
02-11 10:12:19.889  1042  1042 I Hal3ACustomImp: [operator()] Prev/Curr CaptureIntent: (3 / 3)
02-11 10:12:19.889  1042  1042 I sec_custom_ta11plus.cpp: [cust_getIsSECApplication] [cust_getIsSECApplication] gIsSECApplication(0)
02-11 10:12:19.889  1042  1042 I sec_custom_ta11plus.cpp: [cust_getIsSECApplication] [cust_getIsSECApplication] gIsSECApplication(0)
02-11 10:12:19.889  1042  1042 I sec_custom_ta11plus.cpp: [cust_multiFrameCtrlForSEC] [cust_multiFrameCtrlForSEC][param in], idx(1), facing(1), i4ShotHint(0), ae_lock(0), ae_exp_index(0), awb_lock(0), pause_af(0)
02-11 10:12:19.889  1042  1042 I sec_custom_ta11plus.cpp: [cust_multiFrameCtrlForSEC] [cust_multiFrameCtrlForSEC][param in], date.0130, curCapCnt(0), curLlsFlag(0), isRemosaic(0), resetAELock(0), bIsSECApplication(0), i4ShootingMode(0), cntWaitAELock(0)
02-11 10:12:19.893  1042  1541 I mtkcam_hal_legacy2android_device: [convertStreamBuffer] [debug chingchi] requestStreamBuffer bufferHandle:0xb4000076eaf95850, bufferId:0xb40000777afaebc8
02-11 10:12:19.894  1003 17025 D AudioDspStreamManager: getDspTaskA2DPStatus(), mDspTaskA2DPActive = 0
02-11 10:12:19.918  1042 27278 W HalBlackBoard: [readBoard] [idx(1)] ASSERTION: req(#0x590000004e/#78) has been flushed out, current index is req(#0x5900000051/#81)!
02-11 10:12:19.920  1003 17025 D AudioDspStreamManager: getDspTaskA2DPStatus(), mDspTaskA2DPActive = 0
02-11 10:12:19.920  1003 17025 D aurisys_lib_handler: [LIB] [oem:dv] [I] in ch=1 out ch=1 in size=1280 out size=1280 proc size=1280 bit=16
02-11 10:12:19.920  1003 17025 D aurisys_lib_handler: [LIB] [oem:dv] [I] rx se category=Scene,Default,Profile,Handsfree
02-11 10:12:19.920  1003 17025 D aurisys_lib_handler: [LIB] [oem:dv] [I] dvrxdbg,640,515,4,-110,-110,0,-115,-96;
02-11 10:12:19.920  1003 17025 D aurisys_lib_handler: [LIB] [oem:dv] [I] dv rx done vol idx=4 vol gain=-110 mode=515 dha=0
02-11 10:12:19.921  1042 27278 I TsfImp  : [getLscIspInfo] dac_prev(0)
02-11 10:12:19.921  1042 27278 W Hal3AImp_v1_0: [On3AFinish] [idx(1)] [STT](#5900000051) No valid 3A result, calculation might be canceled by stream-off
02-11 10:12:19.921  1042 27278 I Hal3ACustomImp: [convertToPartialMetaset2A] [convertToPartialMetaset2A] [idx(1)] Hal3A Plug-in
02-11 10:12:19.921  1042  1543 I TsfImp  : [tsfBatch] userId(0), dac_inf:1024,dac_macro:4096,dac_prev/cur:0/0 AE(Y:708,LV:87,ISO:153,LV_IDX:4,shutter:8337142,isStable:1,isLock:0,isFlash:0) AWB(CCT_IDX:7,CCT:5434,GainR/G/B:1081/512/814,isLock:0) Gyro0/1/2:0/0/0,orient:0,faceNum:1,faceRect:1421/323/1911/1117
02-11 10:12:19.921  1042 27278 W MtkCbAdptor: [1-CoreConverter::convertResult] failed to setEntry, MTK_HALCORE_CALLBACK_REALTIME_MODE
02-11 10:12:19.922  1042 27276 I Hal3ACustomImp: [getResult] [getResult] [idx(1)] Hal3A Plug-in
02-11 10:12:19.922  1042 27276 I Hal3ACustomImp: [convertToMetaset] [convertToMetaset] [idx(1)] Hal3A Plug-in
02-11 10:12:19.922  1042 27276 I sec_custom_ta11plus.cpp: [cust_getIsSECApplication] [cust_getIsSECApplication] gIsSECApplication(0)
02-11 10:12:19.922  1042 27276 I sec_custom_ta11plus.cpp: [cust_getIsSECApplication] [cust_getIsSECApplication] gIsSECApplication(0)
02-11 10:12:19.922  1042 27276 I sec_custom_ta11plus.cpp: [cust_aeGetLiveHdrState] [cust_aeGetLiveHdrState] i4LiveHdrMode(0), ret(101)
02-11 10:12:19.922  1042 27276 I sec_custom_ta11plus.cpp: [cust_shotConditionForSEC] [cust_shotConditionForSEC][param in], idx(1), facing(1), BV(87), nightBv(947) gain(5.100000), zoomRto(1.000000), hdrState(101), isFlash(0), shootingmode(0), gyro(0), Cwr(787), DynamicRange(6142), sunDetectionInfo(0)
02-11 10:12:19.922  1042 27276 I sec_custom_ta11plus.cpp: [cust_shotConditionForSEC] [cust_shotConditionForSEC] jpegW/H(0/0), bIsSECApplication(0)
02-11 10:12:19.922  1042 27276 I sec_custom_ta11plus.cpp: [cust_refineHdrStateByLLSFlag] [cust_refineHdrStateByLLSFlag][param in] idx(1), i4LiveHdrState(101)
02-11 10:12:19.922  1042 27276 I sec_custom_ta11plus.cpp: [cust_refineHdrStateByLLSFlag] [cust_refineHdrStateByLLSFlag][param out] idx(1), ret(101), i4LiveHdrState(101), curLlsFlag(0),  c0(0), c1(0)
02-11 10:12:19.922  1042 27276 I sec_custom_ta11plus.cpp: [cust_getSECGyroState] [cust_getSECGyroState] gyroState(1)
02-11 10:12:19.922  1042 27276 I Hal3ACustomImp: [removePartialMetasetAppTag] [removePartialMetasetAppTag] [idx(1)] Hal3A Plug-in
02-11 10:12:19.928  1042 27282 I RequestRegulator: Cam::1 [signal] VSirq : SofIdx(221713), getSofIdx(221712/1), processed(84<->83), CamsysFrameSequence(83)
02-11 10:12:19.929  1042 27287 I Hal3ACustomImp: [convertToSetting3A] [convertToSetting3A] [idx(1)] Hal3A Plug-in
02-11 10:12:19.930  1042 25435 I MtkCam/ZoomRatioConverter: [UpdateZoomRatio] pillarboxed crop zoom, ratio:1.000000
02-11 10:12:19.930  1042 25435 W mtkcam-capturesession: [1-CaptureSessionDefault::onGetSharedSteramPoolAllocSize] poolSize 1 -> 0.000000 fail (map is empty) !!
02-11 10:12:19.931  1042 25435 I Hal3ACustomImp: [setControl] [setControl] [idx(1)] Hal3A Plug-in
02-11 10:12:19.931  1042 25435 I Hal3ACustomImp: [convertToRequest] [convertToRequest] [idx(1)] Hal3A Plug-in
02-11 10:12:19.931  1042 25435 I Hal3ACustomImp: [operator()] Prev/Curr CaptureIntent: (3 / 3)
