--------- beginning of system
02-11 10:04:39.257 23211 23211 D ActivityThread: kr.co.kyowon.videolesson.play will use render engine as VK
02-11 10:04:39.261 23211 23287 I DisplayManager: Choreographer implicitly registered for the refresh rate.
02-11 10:04:39.347 23211 23211 D InsetsController: Setting requestedVisibleTypes to -16 (was -9)
02-11 10:04:44.436 23211 23294 E ActivityThread: Failed to find provider info for kr.co.kyowon.provider.ExternalAccountProvider
02-11 10:04:47.362 23211 23211 D InsetsController: Setting requestedVisibleTypes to -1 (was -9)
02-11 10:05:00.206 23211 23211 D InsetsController: Setting requestedVisibleTypes to -1 (was -9)
02-11 10:05:16.402 23211 23211 D ActivityThread: kr.co.kyowon.videolesson.play will use render engine as VK
02-11 10:05:16.566 23211 23211 W ResourcesManager: Found a null ResourcesImpl, skipped.
02-11 10:05:16.569 23211 23211 V ResourcesManager: The following library key has been added: ResourcesKey{ mHash=9f600d13 mResDir=null mSplitDirs=[] mOverlayDirs=[] mLibDirs=[/data/app/~~2ZpJqkwws-u7rscOrMnDWA==/com.google.android.webview-3PvkSK33LtyeWUt5OOzI2A==/base.apk,/data/app/~~Or--y7wRMDTpag2X97Ozhg==/com.google.android.trichromelibrary_755910933-SVvUvGH0uUB2I4LaPa1H1g==/base.apk,/system_ext/framework/androidx.window.extensions.jar] mDisplayId=0 mOverrideConfig=v36 mCompatInfo={240dpi always-compat} mLoaders=[]}
02-11 10:05:16.767 23211 23211 D InsetsController: Setting requestedVisibleTypes to -16 (was -9)
02-11 10:05:16.783 23211 23211 D InsetsController: Setting requestedVisibleTypes to -16 (was -9)
02-11 10:06:39.400 23211 23211 D InsetsController: Setting requestedVisibleTypes to -8 (was -16)
02-11 10:06:40.329 23211 23211 D InsetsController: Setting requestedVisibleTypes to -16 (was -8)
--------- beginning of main
02-11 10:07:19.743 23211 24003 D CCodecConfig: c2 config diff is   c2::u32 coded.bitrate.value = 30183
02-11 10:07:19.917 23211 24003 D CCodecConfig: c2 config diff is   c2::u32 coded.bitrate.value = 30000
02-11 10:07:20.079 23211 24003 D CCodecConfig: c2 config diff is   c2::u32 coded.bitrate.value = 30525
02-11 10:07:20.413 23211 24003 D CCodecConfig: c2 config diff is   c2::u32 coded.bitrate.value = 30419
02-11 10:07:20.653 23211 23942 D BufferPoolAccessor2.0: bufferpool2 0xb400007185471a08 : 9(18874368 size) total buffers - 9(18874368 size) used buffers - 2587/2597 (recycle/alloc) - 17/2589 (fetch/transfer)
02-11 10:07:20.709 23211 24003 D CCodecConfig: c2 config diff is   c2::u32 coded.bitrate.value = 30717
02-11 10:07:20.876 23211 24003 D CCodecConfig: c2 config diff is   c2::u32 coded.bitrate.value = 30306
02-11 10:07:20.959 23211 24003 D CCodecConfig: c2 config diff is   c2::u32 coded.bitrate.value = 30219
02-11 10:07:20.999 23211 24003 D CCodecConfig: c2 config diff is   c2::u32 coded.bitrate.value = 31808
02-11 10:07:21.041 23211 24003 D CCodecConfig: c2 config diff is   c2::u32 coded.bitrate.value = 31261
02-11 10:07:21.291 23211 24003 D CCodecConfig: c2 config diff is   c2::u32 coded.bitrate.value = 31738
02-11 10:07:21.334 23211 24003 D CCodecConfig: c2 config diff is   c2::u32 coded.bitrate.value = 31851
02-11 10:07:21.588 23211 24003 D CCodecConfig: c2 config diff is   c2::u32 coded.bitrate.value = 31755
02-11 10:07:21.628 23211 24003 D CCodecConfig: c2 config diff is   c2::u32 coded.bitrate.value = 32073
02-11 10:07:21.835 23211 24003 D CCodecConfig: c2 config diff is   c2::u32 coded.bitrate.value = 32469
02-11 10:07:21.918 23211 24003 D CCodecConfig: c2 config diff is   c2::u32 coded.bitrate.value = 32483
02-11 10:07:22.027 23211 23211 I VRI[MeetingActivity]@f34625f: ViewPostIme pointer 0
02-11 10:07:22.028 23211 23211 I VRI[MeetingActivity]@f34625f: call setFrameRateCategory for touch hint category=high hint, reason=touch, vri=VRI[MeetingActivity]@f34625f
02-11 10:07:22.044 23211 24003 D CCodecConfig: c2 config diff is   c2::u32 coded.bitrate.value = 32215
02-11 10:07:22.082 23211 24003 D CCodecConfig: c2 config diff is   c2::u32 coded.bitrate.value = 32957
02-11 10:07:22.156 23211 23211 I VRI[MeetingActivity]@f34625f: ViewPostIme pointer 1
02-11 10:07:22.171 23211 24003 D CCodecConfig: c2 config diff is   c2::u32 coded.bitrate.value = 32759
02-11 10:07:22.340 23211 24003 D CCodecConfig: c2 config diff is   c2::u32 coded.bitrate.value = 33340
02-11 10:07:22.376 23211 24003 D CCodecConfig: c2 config diff is   c2::u32 coded.bitrate.value = 33437
02-11 10:07:22.422 23211 23211 I VRI[MeetingActivity]@f34625f: ViewPostIme pointer 0
02-11 10:07:22.471 23211 23211 I VRI[MeetingActivity]@f34625f: ViewPostIme pointer 1
02-11 10:07:22.584 23211 24003 D CCodecConfig: c2 config diff is   c2::u32 coded.bitrate.value = 34351
02-11 10:07:22.637 23211 23211 I VRI[MeetingActivity]@f34625f: ViewPostIme pointer 0
02-11 10:07:22.672 23211 24003 D CCodecConfig: c2 config diff is   c2::u32 coded.bitrate.value = 34520
02-11 10:07:22.736 23211 23211 I VRI[MeetingActivity]@f34625f: ViewPostIme pointer 1
02-11 10:07:22.838 23211 24003 D CCodecConfig: c2 config diff is   c2::u32 coded.bitrate.value = 34812
02-11 10:07:22.879 23211 24003 D CCodecConfig: c2 config diff is   c2::u32 coded.bitrate.value = 34853
02-11 10:07:22.885 23211 23211 I VRI[MeetingActivity]@f34625f: ViewPostIme pointer 0
02-11 10:07:22.924 23211 24003 D CCodecConfig: c2 config diff is   c2::u32 coded.bitrate.value = 34876
02-11 10:07:22.967 23211 23211 I VRI[MeetingActivity]@f34625f: ViewPostIme pointer 1
02-11 10:07:23.127 23211 23942 D PipelineWatcher: onInputBufferReleased: frameIndex not found (1918); ignored
02-11 10:07:23.128 23211 24003 D CCodecConfig: c2 config diff is   c2::u32 coded.bitrate.value = 35810
02-11 10:07:23.133 23211 23211 I VRI[MeetingActivity]@f34625f: ViewPostIme pointer 0
02-11 10:07:23.199 23211 23211 I VRI[MeetingActivity]@f34625f: ViewPostIme pointer 1
02-11 10:07:23.335 23211 24003 D CCodecConfig: c2 config diff is   c2::u32 coded.bitrate.value = 36895
02-11 10:07:23.377 23211 24003 D CCodecConfig: c2 config diff is   c2::u32 coded.bitrate.value = 36987
02-11 10:07:23.414 23211 23211 I VRI[MeetingActivity]@f34625f: ViewPostIme pointer 0
02-11 10:07:23.481 23211 23211 I VRI[MeetingActivity]@f34625f: ViewPostIme pointer 1
02-11 10:07:23.590 23211 24003 D CCodecConfig: c2 config diff is   c2::u32 coded.bitrate.value = 37776
02-11 10:07:23.799 23211 24003 D CCodecConfig: c2 config diff is   c2::u32 coded.bitrate.value = 38248
02-11 10:07:23.843 23211 24003 D CCodecConfig: c2 config diff is   c2::u32 coded.bitrate.value = 38366
02-11 10:07:23.923 23211 24003 D CCodecConfig: c2 config diff is   c2::u32 coded.bitrate.value = 38125
02-11 10:07:24.004 23211 24003 D CCodecConfig: c2 config diff is   c2::u32 coded.bitrate.value = 39195
02-11 10:07:24.260 23211 24003 D CCodecConfig: c2 config diff is   c2::u32 coded.bitrate.value = 40292
02-11 10:07:24.387 23211 24003 D CCodecConfig: c2 config diff is   c2::u32 coded.bitrate.value = 40545
02-11 10:07:24.511 23211 24003 D CCodecConfig: c2 config diff is   c2::u32 coded.bitrate.value = 41476
02-11 10:07:24.725 23211 24003 D CCodecConfig: c2 config diff is   c2::u32 coded.bitrate.value = 42975
02-11 10:07:24.760 23211 24003 D CCodecConfig: c2 config diff is   c2::u32 coded.bitrate.value = 43027
02-11 10:07:24.931 23211 24003 D CCodecConfig: c2 config diff is   c2::u32 coded.bitrate.value = 44258
02-11 10:07:24.971 23211 24003 D CCodecConfig: c2 config diff is   c2::u32 coded.bitrate.value = 44449
02-11 10:07:25.181 23211 24003 D CCodecConfig: c2 config diff is   c2::u32 coded.bitrate.value = 46504
02-11 10:07:25.221 23211 24003 D CCodecConfig: c2 config diff is   c2::u32 coded.bitrate.value = 46599
02-11 10:07:25.432 23211 24003 D CCodecConfig: c2 config diff is   c2::u32 coded.bitrate.value = 47178
02-11 10:07:25.600 23211 24003 D CCodecConfig: c2 config diff is   c2::u32 coded.bitrate.value = 47862
02-11 10:07:25.639 23211 24003 D CCodecConfig: c2 config diff is   c2::u32 coded.bitrate.value = 48925
02-11 10:07:25.722 23211 23942 D BufferPoolAccessor2.0: bufferpool2 0xb400007185471a08 : 9(18874368 size) total buffers - 9(18874368 size) used buffers - 2738/2748 (recycle/alloc) - 17/2740 (fetch/transfer)
02-11 10:07:25.803 23211 24003 D CCodecConfig: c2 config diff is   c2::u32 coded.bitrate.value = 51361
02-11 10:07:25.849 23211 24003 D CCodecConfig: c2 config diff is   c2::u32 coded.bitrate.value = 51330
02-11 10:07:25.934 23211 24003 D CCodecConfig: c2 config diff is   c2::u32 coded.bitrate.value = 51839
02-11 10:07:26.015 23211 24003 D CCodecConfig: c2 config diff is   c2::u32 coded.bitrate.value = 52727
02-11 10:07:26.059 23211 24003 D CCodecConfig: c2 config diff is   c2::u32 coded.bitrate.value = 53809
02-11 10:07:26.264 23211 24003 D CCodecConfig: c2 config diff is   c2::u32 coded.bitrate.value = 56029
02-11 10:07:26.310 23211 24003 D CCodecConfig: c2 config diff is   c2::u32 coded.bitrate.value = 56483
02-11 10:07:26.478 23211 24003 D CCodecConfig: c2 config diff is   c2::u32 coded.bitrate.value = 58375
02-11 10:07:26.483 23211 23211 I VRI[MeetingActivity]@f34625f: call setFrameRateCategory for touch hint category=no preference, reason=boost timeout, vri=VRI[MeetingActivity]@f34625f
02-11 10:07:26.516 23211 24003 D CCodecConfig: c2 config diff is   c2::u32 coded.bitrate.value = 58531
02-11 10:07:26.767 23211 24003 D CCodecConfig: c2 config diff is   c2::u32 coded.bitrate.value = 61073
02-11 10:07:26.896 23211 24003 D CCodecConfig: c2 config diff is   c2::u32 coded.bitrate.value = 32615
02-11 10:07:26.933 23211 24003 D CCodecConfig: c2 config diff is   c2::u32 coded.bitrate.value = 32782
02-11 10:07:27.231 23211 24003 D CCodecConfig: c2 config diff is   c2::u32 coded.bitrate.value = 32693
02-11 10:07:27.268 23211 24003 D CCodecConfig: c2 config diff is   c2::u32 coded.bitrate.value = 32350
02-11 10:07:27.350 23211 23942 D PipelineWatcher: onInputBufferReleased: frameIndex not found (2019); ignored
02-11 10:07:27.564 23211 24003 D CCodecConfig: c2 config diff is   c2::u32 coded.bitrate.value = 32710
02-11 10:07:27.602 23211 24003 D CCodecConfig: c2 config diff is   c2::u32 coded.bitrate.value = 32573
02-11 10:07:27.816 23211 24003 D CCodecConfig: c2 config diff is   c2::u32 coded.bitrate.value = 31589
02-11 10:07:27.856 23211 24003 D CCodecConfig: c2 config diff is   c2::u32 coded.bitrate.value = 32666
02-11 10:07:27.938 23211 24003 D CCodecConfig: c2 config diff is   c2::u32 coded.bitrate.value = 32527
02-11 10:07:28.186 23211 24003 D CCodecConfig: c2 config diff is   c2::u32 coded.bitrate.value = 32397
02-11 10:07:28.234 23211 24003 D CCodecConfig: c2 config diff is   c2::u32 coded.bitrate.value = 32460
02-11 10:07:28.439 23211 24003 D CCodecConfig: c2 config diff is   c2::u32 coded.bitrate.value = 33193
02-11 10:07:28.522 23211 23942 D PipelineWatcher: onInputBufferReleased: frameIndex not found (2046); ignored
02-11 10:07:28.646 23211 24003 D CCodecConfig: c2 config diff is   c2::u32 coded.bitrate.value = 32195
02-11 10:07:28.778 23211 24003 D CCodecConfig: c2 config diff is   c2::u32 coded.bitrate.value = 33227
02-11 10:07:28.941 23211 24003 D CCodecConfig: c2 config diff is   c2::u32 coded.bitrate.value = 32751
02-11 10:07:28.982 23211 24003 D CCodecConfig: c2 config diff is   c2::u32 coded.bitrate.value = 30000
02-11 10:07:30.768 23211 23942 D BufferPoolAccessor2.0: bufferpool2 0xb400007185471a08 : 9(18874368 size) total buffers - 9(18874368 size) used buffers - 2888/2898 (recycle/alloc) - 17/2890 (fetch/transfer)
02-11 10:07:32.035 23211 24003 D CCodecConfig: c2 config diff is   c2::u32 coded.bitrate.value = 30029
02-11 10:07:32.074 23211 24003 D CCodecConfig: c2 config diff is   c2::u32 coded.bitrate.value = 30279
02-11 10:07:32.326 23211 24003 D CCodecConfig: c2 config diff is   c2::u32 coded.bitrate.value = 30678
02-11 10:07:32.367 23211 24003 D CCodecConfig: c2 config diff is   c2::u32 coded.bitrate.value = 30692
02-11 10:07:32.536 23211 23942 D PipelineWatcher: onInputBufferReleased: frameIndex not found (2118); ignored
02-11 10:07:32.619 23211 24003 D CCodecConfig: c2 config diff is   c2::u32 coded.bitrate.value = 31667
02-11 10:07:32.662 23211 24003 D CCodecConfig: c2 config diff is   c2::u32 coded.bitrate.value = 31391
02-11 10:07:32.912 23211 24003 D CCodecConfig: c2 config diff is   c2::u32 coded.bitrate.value = 32195
02-11 10:07:33.077 23211 24003 D CCodecConfig: c2 config diff is   c2::u32 coded.bitrate.value = 31819
02-11 10:07:33.160 23211 24003 D CCodecConfig: c2 config diff is   c2::u32 coded.bitrate.value = 32046
02-11 10:07:33.244 23211 24003 D CCodecConfig: c2 config diff is   c2::u32 coded.bitrate.value = 31847
02-11 10:07:33.415 23211 24003 D CCodecConfig: c2 config diff is   c2::u32 coded.bitrate.value = 32634
02-11 10:07:33.660 23211 24003 D CCodecConfig: c2 config diff is   c2::u32 coded.bitrate.value = 33522
02-11 10:07:33.713 23211 24003 D CCodecConfig: c2 config diff is   c2::u32 coded.bitrate.value = 33673
02-11 10:07:33.876 23211 24003 D CCodecConfig: c2 config diff is   c2::u32 coded.bitrate.value = 34758
02-11 10:07:33.916 23211 24003 D CCodecConfig: c2 config diff is   c2::u32 coded.bitrate.value = 34840
02-11 10:07:34.081 23211 24003 D CCodecConfig: c2 config diff is   c2::u32 coded.bitrate.value = 35493
02-11 10:07:34.125 23211 24003 D CCodecConfig: c2 config diff is   c2::u32 coded.bitrate.value = 35618
02-11 10:07:34.248 23211 24003 D CCodecConfig: c2 config diff is   c2::u32 coded.bitrate.value = 35613
02-11 10:07:34.294 23211 24003 D CCodecConfig: c2 config diff is   c2::u32 coded.bitrate.value = 36767
02-11 10:07:34.335 23211 24003 D CCodecConfig: c2 config diff is   c2::u32 coded.bitrate.value = 36890
02-11 10:07:34.544 23211 24003 D CCodecConfig: c2 config diff is   c2::u32 coded.bitrate.value = 38707
02-11 10:07:34.712 23211 24003 D CCodecConfig: c2 config diff is   c2::u32 coded.bitrate.value = 38918
02-11 10:07:34.750 23211 24003 D CCodecConfig: c2 config diff is   c2::u32 coded.bitrate.value = 40855
02-11 10:07:34.795 23211 24003 D CCodecConfig: c2 config diff is   c2::u32 coded.bitrate.value = 41032
02-11 10:07:34.963 23211 24003 D CCodecConfig: c2 config diff is   c2::u32 coded.bitrate.value = 42834
02-11 10:07:35.008 23211 24003 D CCodecConfig: c2 config diff is   c2::u32 coded.bitrate.value = 42983
02-11 10:07:35.092 23211 24003 D CCodecConfig: c2 config diff is   c2::u32 coded.bitrate.value = 43377
02-11 10:07:35.128 23211 24003 D CCodecConfig: c2 config diff is   c2::u32 coded.bitrate.value = 43609
02-11 10:07:35.173 23211 24003 D CCodecConfig: c2 config diff is   c2::u32 coded.bitrate.value = 45111
02-11 10:07:35.212 23211 24003 D CCodecConfig: c2 config diff is   c2::u32 coded.bitrate.value = 45106
02-11 10:07:35.336 23211 24003 D CCodecConfig: c2 config diff is   c2::u32 coded.bitrate.value = 46048
02-11 10:07:35.387 23211 24003 D CCodecConfig: c2 config diff is   c2::u32 coded.bitrate.value = 47753
02-11 10:07:35.674 23211 24003 D CCodecConfig: c2 config diff is   c2::u32 coded.bitrate.value = 51661
02-11 10:07:35.839 23211 24003 D CCodecConfig: c2 config diff is   c2::u32 coded.bitrate.value = 54376
02-11 10:07:35.870 23211 23942 D BufferPoolAccessor2.0: bufferpool2 0xb400007185471a08 : 9(18874368 size) total buffers - 9(18874368 size) used buffers - 3040/3050 (recycle/alloc) - 17/3042 (fetch/transfer)
02-11 10:07:36.046 23211 24003 D CCodecConfig: c2 config diff is   c2::u32 coded.bitrate.value = 58784
02-11 10:07:36.088 23211 24003 D CCodecConfig: c2 config diff is   c2::u32 coded.bitrate.value = 59003
02-11 10:07:36.130 23211 24003 D CCodecConfig: c2 config diff is   c2::u32 coded.bitrate.value = 59212
02-11 10:07:36.255 23211 24003 D CCodecConfig: c2 config diff is   c2::u32 coded.bitrate.value = 63587
02-11 10:07:36.301 23211 24003 D CCodecConfig: c2 config diff is   c2::u32 coded.bitrate.value = 63791
02-11 10:07:36.466 23211 24003 D CCodecConfig: c2 config diff is   c2::u32 coded.bitrate.value = 67710
02-11 10:07:36.506 23211 24003 D CCodecConfig: c2 config diff is   c2::u32 coded.bitrate.value = 68133
02-11 10:07:36.671 23211 24003 D CCodecConfig: c2 config diff is   c2::u32 coded.bitrate.value = 71856
02-11 10:07:36.715 23211 24003 D CCodecConfig: c2 config diff is   c2::u32 coded.bitrate.value = 72030
02-11 10:07:36.881 23211 24003 D CCodecConfig: c2 config diff is   c2::u32 coded.bitrate.value = 76279
02-11 10:07:36.926 23211 24003 D CCodecConfig: c2 config diff is   c2::u32 coded.bitrate.value = 76672
02-11 10:07:37.093 23211 24003 D CCodecConfig: c2 config diff is   c2::u32 coded.bitrate.value = 81002
02-11 10:07:37.136 23211 24003 D CCodecConfig: c2 config diff is   c2::u32 coded.bitrate.value = 81292
02-11 10:07:37.341 23211 24003 D CCodecConfig: c2 config diff is   c2::u32 coded.bitrate.value = 86982
02-11 10:07:37.475 23211 24003 D CCodecConfig: c2 config diff is   c2::u32 coded.bitrate.value = 47522
02-11 10:07:37.510 23211 24003 D CCodecConfig: c2 config diff is   c2::u32 coded.bitrate.value = 39437
02-11 10:07:37.847 23211 24003 D CCodecConfig: c2 config diff is   c2::u32 coded.bitrate.value = 38619
02-11 10:07:38.101 23211 24003 D CCodecConfig: c2 config diff is   c2::u32 coded.bitrate.value = 38076
02-11 10:07:38.136 23211 24003 D CCodecConfig: c2 config diff is   c2::u32 coded.bitrate.value = 39991
02-11 10:07:38.389 23211 24003 D CCodecConfig: c2 config diff is   c2::u32 coded.bitrate.value = 41557
02-11 10:07:38.428 23211 24003 D CCodecConfig: c2 config diff is   c2::u32 coded.bitrate.value = 41551
02-11 10:07:38.638 23211 24003 D CCodecConfig: c2 config diff is   c2::u32 coded.bitrate.value = 43237
02-11 10:07:38.684 23211 24003 D CCodecConfig: c2 config diff is   c2::u32 coded.bitrate.value = 43319
02-11 10:07:38.889 23211 24003 D CCodecConfig: c2 config diff is   c2::u32 coded.bitrate.value = 44133
02-11 10:07:39.143 23211 24003 D CCodecConfig: c2 config diff is   c2::u32 coded.bitrate.value = 45546
02-11 10:07:39.181 23211 24003 D CCodecConfig: c2 config diff is   c2::u32 coded.bitrate.value = 45626
02-11 10:07:39.352 23211 24003 D CCodecConfig: c2 config diff is   c2::u32 coded.bitrate.value = 46982
02-11 10:07:39.640 23211 24003 D CCodecConfig: c2 config diff is   c2::u32 coded.bitrate.value = 48668
02-11 10:07:39.851 23211 24003 D CCodecConfig: c2 config diff is   c2::u32 coded.bitrate.value = 49692
02-11 10:07:39.895 23211 24003 D CCodecConfig: c2 config diff is   c2::u32 coded.bitrate.value = 49587
02-11 10:07:40.060 23211 24003 D CCodecConfig: c2 config diff is   c2::u32 coded.bitrate.value = 51450
02-11 10:07:40.104 23211 24003 D CCodecConfig: c2 config diff is   c2::u32 coded.bitrate.value = 51627
02-11 10:07:40.268 23211 24003 D CCodecConfig: c2 config diff is   c2::u32 coded.bitrate.value = 53450
02-11 10:07:40.520 23211 24003 D CCodecConfig: c2 config diff is   c2::u32 coded.bitrate.value = 55151
02-11 10:07:40.730 23211 24003 D CCodecConfig: c2 config diff is   c2::u32 coded.bitrate.value = 58930
02-11 10:07:40.770 23211 24003 D CCodecConfig: c2 config diff is   c2::u32 coded.bitrate.value = 59034
02-11 10:07:40.977 23211 24003 D CCodecConfig: c2 config diff is   c2::u32 coded.bitrate.value = 62286
02-11 10:07:40.983 23211 23937 D BufferPoolAccessor2.0: bufferpool2 0xb400007185471a08 : 9(18874368 size) total buffers - 8(16777216 size) used buffers - 3191/3201 (recycle/alloc) - 17/3194 (fetch/transfer)
02-11 10:07:41.148 23211 24003 D CCodecConfig: c2 config diff is   c2::u32 coded.bitrate.value = 62726
02-11 10:07:41.192 23211 24003 D CCodecConfig: c2 config diff is   c2::u32 coded.bitrate.value = 65014
02-11 10:07:41.355 23211 24003 D CCodecConfig: c2 config diff is   c2::u32 coded.bitrate.value = 67873
02-11 10:07:41.397 23211 24003 D CCodecConfig: c2 config diff is   c2::u32 coded.bitrate.value = 67953
02-11 10:07:41.561 23211 24003 D CCodecConfig: c2 config diff is   c2::u32 coded.bitrate.value = 68178
02-11 10:07:41.608 23211 24003 D CCodecConfig: c2 config diff is   c2::u32 coded.bitrate.value = 71124
02-11 10:07:41.690 23211 24003 D CCodecConfig: c2 config diff is   c2::u32 coded.bitrate.value = 71144
02-11 10:07:41.816 23211 24003 D CCodecConfig: c2 config diff is   c2::u32 coded.bitrate.value = 73678
02-11 10:07:41.861 23211 24003 D CCodecConfig: c2 config diff is   c2::u32 coded.bitrate.value = 73607
02-11 10:07:41.988 23211 24003 D CCodecConfig: c2 config diff is   c2::u32 coded.bitrate.value = 74213
02-11 10:07:42.066 23211 23942 D PipelineWatcher: onInputBufferReleased: frameIndex not found (2341); ignored
02-11 10:07:42.068 23211 24003 D CCodecConfig: c2 config diff is   c2::u32 coded.bitrate.value = 77187
02-11 10:07:42.149 23211 24003 D CCodecConfig: c2 config diff is   c2::u32 coded.bitrate.value = 77721
02-11 10:07:42.317 23211 24003 D CCodecConfig: c2 config diff is   c2::u32 coded.bitrate.value = 80485
02-11 10:07:42.489 23211 24003 D CCodecConfig: c2 config diff is   c2::u32 coded.bitrate.value = 83760
02-11 10:07:42.525 23211 24003 D CCodecConfig: c2 config diff is   c2::u32 coded.bitrate.value = 83819
02-11 10:07:42.698 23211 24003 D CCodecConfig: c2 config diff is   c2::u32 coded.bitrate.value = 87212
02-11 10:07:42.733 23211 24003 D CCodecConfig: c2 config diff is   c2::u32 coded.bitrate.value = 87285
02-11 10:07:42.903 23211 24003 D CCodecConfig: c2 config diff is   c2::u32 coded.bitrate.value = 90039
02-11 10:07:42.948 23211 24003 D CCodecConfig: c2 config diff is   c2::u32 coded.bitrate.value = 90088
02-11 10:07:43.115 23211 24003 D CCodecConfig: c2 config diff is   c2::u32 coded.bitrate.value = 93221
02-11 10:07:43.156 23211 24003 D CCodecConfig: c2 config diff is   c2::u32 coded.bitrate.value = 93509
02-11 10:07:43.361 23211 24003 D CCodecConfig: c2 config diff is   c2::u32 coded.bitrate.value = 96556
02-11 10:07:43.533 23211 24003 D CCodecConfig: c2 config diff is   c2::u32 coded.bitrate.value = 98324
02-11 10:07:43.576 23211 24003 D CCodecConfig: c2 config diff is   c2::u32 coded.bitrate.value = 98364
02-11 10:07:43.741 23211 24003 D CCodecConfig: c2 config diff is   c2::u32 coded.bitrate.value = 100045
02-11 10:07:43.990 23211 24003 D CCodecConfig: c2 config diff is   c2::u32 coded.bitrate.value = 101891
02-11 10:07:44.160 23211 24003 D CCodecConfig: c2 config diff is   c2::u32 coded.bitrate.value = 101689
02-11 10:07:44.239 23211 24003 D CCodecConfig: c2 config diff is   c2::u32 coded.bitrate.value = 103696
02-11 10:07:44.405 23211 24003 D CCodecConfig: c2 config diff is   c2::u32 coded.bitrate.value = 104251
02-11 10:07:44.446 23211 24003 D CCodecConfig: c2 config diff is   c2::u32 coded.bitrate.value = 103880
02-11 10:07:44.619 23211 24003 D CCodecConfig: c2 config diff is   c2::u32 coded.bitrate.value = 105647
02-11 10:07:44.657 23211 24003 D CCodecConfig: c2 config diff is   c2::u32 coded.bitrate.value = 105687
02-11 10:07:44.869 23211 24003 D CCodecConfig: c2 config diff is   c2::u32 coded.bitrate.value = 108164
02-11 10:07:45.031 23211 23942 D PipelineWatcher: onInputBufferReleased: frameIndex not found (2412); ignored
02-11 10:07:45.033 23211 24003 D CCodecConfig: c2 config diff is   c2::u32 coded.bitrate.value = 110001
02-11 10:07:45.077 23211 24003 D CCodecConfig: c2 config diff is   c2::u32 coded.bitrate.value = 110056
02-11 10:07:45.160 23211 24003 D CCodecConfig: c2 config diff is   c2::u32 coded.bitrate.value = 109910
02-11 10:07:45.284 23211 24003 D CCodecConfig: c2 config diff is   c2::u32 coded.bitrate.value = 111526
02-11 10:07:45.497 23211 24003 D CCodecConfig: c2 config diff is   c2::u32 coded.bitrate.value = 113351
02-11 10:07:45.535 23211 24003 D CCodecConfig: c2 config diff is   c2::u32 coded.bitrate.value = 113290
02-11 10:07:45.702 23211 24003 D CCodecConfig: c2 config diff is   c2::u32 coded.bitrate.value = 115331
02-11 10:07:45.744 23211 24003 D CCodecConfig: c2 config diff is   c2::u32 coded.bitrate.value = 114913
02-11 10:07:45.911 23211 24003 D CCodecConfig: c2 config diff is   c2::u32 coded.bitrate.value = 116594
02-11 10:07:46.086 23211 23937 D BufferPoolAccessor2.0: bufferpool2 0xb400007185471a08 : 9(18874368 size) total buffers - 8(16777216 size) used buffers - 3343/3353 (recycle/alloc) - 17/3346 (fetch/transfer)
02-11 10:07:46.159 23211 24003 D CCodecConfig: c2 config diff is   c2::u32 coded.bitrate.value = 118305
02-11 10:07:46.372 23211 24003 D CCodecConfig: c2 config diff is   c2::u32 coded.bitrate.value = 119247
02-11 10:07:46.462 23211 24003 D CCodecConfig: c2 config diff is   c2::u32 coded.bitrate.value = 119539
02-11 10:07:46.589 23211 24003 D CCodecConfig: c2 config diff is   c2::u32 coded.bitrate.value = 121596
02-11 10:07:46.790 23211 24003 D CCodecConfig: c2 config diff is   c2::u32 coded.bitrate.value = 123210
02-11 10:07:47.038 23211 24003 D CCodecConfig: c2 config diff is   c2::u32 coded.bitrate.value = 124530
02-11 10:07:47.167 23211 24003 D CCodecConfig: c2 config diff is   c2::u32 coded.bitrate.value = 124408
02-11 10:07:47.250 23211 24003 D CCodecConfig: c2 config diff is   c2::u32 coded.bitrate.value = 124275
02-11 10:07:47.291 23211 24003 D CCodecConfig: c2 config diff is   c2::u32 coded.bitrate.value = 127144
02-11 10:07:47.459 23211 24003 D CCodecConfig: c2 config diff is   c2::u32 coded.bitrate.value = 130509
02-11 10:07:47.501 23211 24003 D CCodecConfig: c2 config diff is   c2::u32 coded.bitrate.value = 130600
02-11 10:07:47.662 23211 24003 D CCodecConfig: c2 config diff is   c2::u32 coded.bitrate.value = 132649
02-11 10:07:47.921 23211 24003 D CCodecConfig: c2 config diff is   c2::u32 coded.bitrate.value = 134216
02-11 10:07:48.086 23211 24003 D CCodecConfig: c2 config diff is   c2::u32 coded.bitrate.value = 136187
02-11 10:07:48.131 23211 24003 D CCodecConfig: c2 config diff is   c2::u32 coded.bitrate.value = 136260
02-11 10:07:48.170 23211 24003 D CCodecConfig: c2 config diff is   c2::u32 coded.bitrate.value = 136096
02-11 10:07:48.292 23211 24003 D CCodecConfig: c2 config diff is   c2::u32 coded.bitrate.value = 138578
02-11 10:07:48.339 23211 24003 D CCodecConfig: c2 config diff is   c2::u32 coded.bitrate.value = 138531
02-11 10:07:48.545 23211 24003 D CCodecConfig: c2 config diff is   c2::u32 coded.bitrate.value = 141094
02-11 10:07:48.712 23211 24003 D CCodecConfig: c2 config diff is   c2::u32 coded.bitrate.value = 142940
02-11 10:07:48.756 23211 24003 D CCodecConfig: c2 config diff is   c2::u32 coded.bitrate.value = 143452
02-11 10:07:48.922 23211 24003 D CCodecConfig: c2 config diff is   c2::u32 coded.bitrate.value = 146364
02-11 10:07:49.130 23211 24003 D CCodecConfig: c2 config diff is   c2::u32 coded.bitrate.value = 149366
02-11 10:07:49.173 23211 24003 D CCodecConfig: c2 config diff is   c2::u32 coded.bitrate.value = 149618
02-11 10:07:49.339 23211 24003 D CCodecConfig: c2 config diff is   c2::u32 coded.bitrate.value = 151591
02-11 10:07:49.383 23211 24003 D CCodecConfig: c2 config diff is   c2::u32 coded.bitrate.value = 151664
02-11 10:07:49.550 23211 24003 D CCodecConfig: c2 config diff is   c2::u32 coded.bitrate.value = 154014
02-11 10:07:49.762 23211 24003 D CCodecConfig: c2 config diff is   c2::u32 coded.bitrate.value = 157356
02-11 10:07:49.965 23211 24003 D CCodecConfig: c2 config diff is   c2::u32 coded.bitrate.value = 159901
02-11 10:07:50.009 23211 24003 D CCodecConfig: c2 config diff is   c2::u32 coded.bitrate.value = 160545
02-11 10:07:50.139 23211 24003 D CCodecConfig: c2 config diff is   c2::u32 coded.bitrate.value = 160886
02-11 10:07:50.177 23211 24003 D CCodecConfig: c2 config diff is   c2::u32 coded.bitrate.value = 160961
02-11 10:07:50.218 23211 24003 D CCodecConfig: c2 config diff is   c2::u32 coded.bitrate.value = 163878
02-11 10:07:50.429 23211 24003 D CCodecConfig: c2 config diff is   c2::u32 coded.bitrate.value = 167404
02-11 10:07:50.469 23211 24003 D CCodecConfig: c2 config diff is   c2::u32 coded.bitrate.value = 167478
02-11 10:07:50.637 23211 24003 D CCodecConfig: c2 config diff is   c2::u32 coded.bitrate.value = 165510
02-11 10:07:50.678 23211 24003 D CCodecConfig: c2 config diff is   c2::u32 coded.bitrate.value = 167912
02-11 10:07:50.885 23211 24003 D CCodecConfig: c2 config diff is   c2::u32 coded.bitrate.value = 170624
02-11 10:07:51.094 23211 24003 D CCodecConfig: c2 config diff is   c2::u32 coded.bitrate.value = 174453
02-11 10:07:51.221 23211 24003 D CCodecConfig: c2 config diff is   c2::u32 coded.bitrate.value = 174707
02-11 10:07:51.255 23211 23937 D BufferPoolAccessor2.0: bufferpool2 0xb400007185471a08 : 9(18874368 size) total buffers - 8(16777216 size) used buffers - 3497/3507 (recycle/alloc) - 17/3500 (fetch/transfer)
02-11 10:07:51.306 23211 24003 D CCodecConfig: c2 config diff is   c2::u32 coded.bitrate.value = 177601
02-11 10:07:51.352 23211 24003 D CCodecConfig: c2 config diff is   c2::u32 coded.bitrate.value = 177696
02-11 10:07:51.553 23211 24003 D CCodecConfig: c2 config diff is   c2::u32 coded.bitrate.value = 181100
02-11 10:07:51.764 23211 24003 D CCodecConfig: c2 config diff is   c2::u32 coded.bitrate.value = 183517
02-11 10:07:51.806 23211 24003 D CCodecConfig: c2 config diff is   c2::u32 coded.bitrate.value = 120362
02-11 10:07:52.057 23211 24003 D CCodecConfig: c2 config diff is   c2::u32 coded.bitrate.value = 118344
02-11 10:07:52.222 23211 24003 D CCodecConfig: c2 config diff is   c2::u32 coded.bitrate.value = 123123
02-11 10:07:52.264 23211 24003 D CCodecConfig: c2 config diff is   c2::u32 coded.bitrate.value = 122978
02-11 10:07:52.428 23211 24003 D CCodecConfig: c2 config diff is   c2::u32 coded.bitrate.value = 126269
02-11 10:07:52.473 23211 24003 D CCodecConfig: c2 config diff is   c2::u32 coded.bitrate.value = 126364
02-11 10:07:52.689 23211 24003 D CCodecConfig: c2 config diff is   c2::u32 coded.bitrate.value = 130768
02-11 10:07:52.893 23211 24003 D CCodecConfig: c2 config diff is   c2::u32 coded.bitrate.value = 134280
02-11 10:07:53.101 23211 24003 D CCodecConfig: c2 config diff is   c2::u32 coded.bitrate.value = 138915
02-11 10:07:53.147 23211 24003 D CCodecConfig: c2 config diff is   c2::u32 coded.bitrate.value = 138881
02-11 10:07:53.269 23211 24003 D CCodecConfig: c2 config diff is   c2::u32 coded.bitrate.value = 138111
02-11 10:07:53.305 23211 24003 D CCodecConfig: c2 config diff is   c2::u32 coded.bitrate.value = 142465
02-11 10:07:53.518 23211 24003 D CCodecConfig: c2 config diff is   c2::u32 coded.bitrate.value = 147242
02-11 10:07:53.727 23211 24003 D CCodecConfig: c2 config diff is   c2::u32 coded.bitrate.value = 151899
02-11 10:07:53.771 23211 24003 D CCodecConfig: c2 config diff is   c2::u32 coded.bitrate.value = 151870
02-11 10:07:53.938 23211 24003 D CCodecConfig: c2 config diff is   c2::u32 coded.bitrate.value = 156435
02-11 10:07:53.981 23211 24003 D CCodecConfig: c2 config diff is   c2::u32 coded.bitrate.value = 156545
02-11 10:07:54.188 23211 24003 D CCodecConfig: c2 config diff is   c2::u32 coded.bitrate.value = 160195
02-11 10:07:54.272 23211 24003 D CCodecConfig: c2 config diff is   c2::u32 coded.bitrate.value = 160342
02-11 10:07:54.355 23211 24003 D CCodecConfig: c2 config diff is   c2::u32 coded.bitrate.value = 164538
02-11 10:07:54.398 23211 24003 D CCodecConfig: c2 config diff is   c2::u32 coded.bitrate.value = 164534
02-11 10:07:54.564 23211 24003 D CCodecConfig: c2 config diff is   c2::u32 coded.bitrate.value = 164345
02-11 10:07:54.610 23211 24003 D CCodecConfig: c2 config diff is   c2::u32 coded.bitrate.value = 169485
02-11 10:07:54.689 23211 24003 D CCodecConfig: c2 config diff is   c2::u32 coded.bitrate.value = 116191
02-11 10:07:54.813 23211 23942 D PipelineWatcher: onInputBufferReleased: frameIndex not found (2646); ignored
02-11 10:07:54.862 23211 24003 D CCodecConfig: c2 config diff is   c2::u32 coded.bitrate.value = 116736
02-11 10:07:54.982 23211 24003 D CCodecConfig: c2 config diff is   c2::u32 coded.bitrate.value = 116576
02-11 10:07:55.188 23211 24003 D CCodecConfig: c2 config diff is   c2::u32 coded.bitrate.value = 119579
02-11 10:07:55.279 23211 24003 D CCodecConfig: c2 config diff is   c2::u32 coded.bitrate.value = 119850
02-11 10:07:55.319 23211 24003 D CCodecConfig: c2 config diff is   c2::u32 coded.bitrate.value = 100580
02-11 10:07:55.400 23211 24003 D CCodecConfig: c2 config diff is   c2::u32 coded.bitrate.value = 96240
02-11 10:07:55.654 23211 24003 D CCodecConfig: c2 config diff is   c2::u32 coded.bitrate.value = 96123
02-11 10:07:55.823 23211 24003 D CCodecConfig: c2 config diff is   c2::u32 coded.bitrate.value = 96053
02-11 10:07:55.866 23211 24003 D CCodecConfig: c2 config diff is   c2::u32 coded.bitrate.value = 99272
02-11 10:07:55.992 23211 24003 D CCodecConfig: c2 config diff is   c2::u32 coded.bitrate.value = 99206
02-11 10:07:56.072 23211 24003 D CCodecConfig: c2 config diff is   c2::u32 coded.bitrate.value = 101501
02-11 10:07:56.280 23211 24003 D CCodecConfig: c2 config diff is   c2::u32 coded.bitrate.value = 102093
02-11 10:07:56.324 23211 24003 D CCodecConfig: c2 config diff is   c2::u32 coded.bitrate.value = 105651
02-11 10:07:56.438 23211 23937 D BufferPoolAccessor2.0: bufferpool2 0xb400007185471a08 : 9(18874368 size) total buffers - 8(16777216 size) used buffers - 3651/3661 (recycle/alloc) - 17/3654 (fetch/transfer)
02-11 10:07:56.528 23211 24003 D CCodecConfig: c2 config diff is   c2::u32 coded.bitrate.value = 109181
02-11 10:07:56.780 23211 24003 D CCodecConfig: c2 config diff is   c2::u32 coded.bitrate.value = 112936
02-11 10:07:56.988 23211 24003 D CCodecConfig: c2 config diff is   c2::u32 coded.bitrate.value = 68854
02-11 10:07:57.284 23211 24003 D CCodecConfig: c2 config diff is   c2::u32 coded.bitrate.value = 67777
02-11 10:07:57.326 23211 24003 D CCodecConfig: c2 config diff is   c2::u32 coded.bitrate.value = 67908
02-11 10:07:57.487 23211 24003 D CCodecConfig: c2 config diff is   c2::u32 coded.bitrate.value = 69860
02-11 10:07:57.656 23211 24003 D CCodecConfig: c2 config diff is   c2::u32 coded.bitrate.value = 71661
02-11 10:07:57.864 23211 24003 D CCodecConfig: c2 config diff is   c2::u32 coded.bitrate.value = 53018
02-11 10:07:57.951 23211 24003 D CCodecConfig: c2 config diff is   c2::u32 coded.bitrate.value = 49912
02-11 10:07:57.991 23211 24003 D CCodecConfig: c2 config diff is   c2::u32 coded.bitrate.value = 47595
02-11 10:07:58.281 23211 24003 D CCodecConfig: c2 config diff is   c2::u32 coded.bitrate.value = 47291
02-11 10:07:58.331 23211 24003 D CCodecConfig: c2 config diff is   c2::u32 coded.bitrate.value = 46954
02-11 10:07:58.493 23211 24003 D CCodecConfig: c2 config diff is   c2::u32 coded.bitrate.value = 48126
02-11 10:07:58.706 23211 24003 D CCodecConfig: c2 config diff is   c2::u32 coded.bitrate.value = 49466
02-11 10:07:58.784 23211 24003 D CCodecConfig: c2 config diff is   c2::u32 coded.bitrate.value = 49437
02-11 10:07:58.954 23211 24003 D CCodecConfig: c2 config diff is   c2::u32 coded.bitrate.value = 51041
02-11 10:07:59.165 23211 24003 D CCodecConfig: c2 config diff is   c2::u32 coded.bitrate.value = 52789
02-11 10:07:59.206 23211 24003 D CCodecConfig: c2 config diff is   c2::u32 coded.bitrate.value = 52737
02-11 10:07:59.332 23211 24003 D CCodecConfig: c2 config diff is   c2::u32 coded.bitrate.value = 52783
02-11 10:07:59.418 23211 24003 D CCodecConfig: c2 config diff is   c2::u32 coded.bitrate.value = 53763
02-11 10:07:59.622 23211 24003 D CCodecConfig: c2 config diff is   c2::u32 coded.bitrate.value = 54932
02-11 10:07:59.789 23211 24003 D CCodecConfig: c2 config diff is   c2::u32 coded.bitrate.value = 54921
02-11 10:07:59.834 23211 24003 D CCodecConfig: c2 config diff is   c2::u32 coded.bitrate.value = 56524
02-11 10:07:59.914 23211 23942 D PipelineWatcher: onInputBufferReleased: frameIndex not found (2768); ignored
02-11 10:08:00.087 23211 24003 D CCodecConfig: c2 config diff is   c2::u32 coded.bitrate.value = 59161
02-11 10:08:00.297 23211 24003 D CCodecConfig: c2 config diff is   c2::u32 coded.bitrate.value = 61118
02-11 10:08:00.334 23211 24003 D CCodecConfig: c2 config diff is   c2::u32 coded.bitrate.value = 61124
02-11 10:08:00.379 23211 24003 D CCodecConfig: c2 config diff is   c2::u32 coded.bitrate.value = 33721
02-11 10:08:00.419 23211 24003 D CCodecConfig: c2 config diff is   c2::u32 coded.bitrate.value = 33752
02-11 10:08:00.629 23211 24003 D CCodecConfig: c2 config diff is   c2::u32 coded.bitrate.value = 31147
02-11 10:08:00.876 23211 24003 D CCodecConfig: c2 config diff is   c2::u32 coded.bitrate.value = 30000
02-11 10:08:01.479 23211 23937 D BufferPoolAccessor2.0: bufferpool2 0xb400007185471a08 : 9(18874368 size) total buffers - 8(16777216 size) used buffers - 3801/3811 (recycle/alloc) - 17/3804 (fetch/transfer)
02-11 10:08:06.518 23211 23937 D BufferPoolAccessor2.0: bufferpool2 0xb400007185471a08 : 9(18874368 size) total buffers - 8(16777216 size) used buffers - 3951/3961 (recycle/alloc) - 17/3954 (fetch/transfer)
02-11 10:08:11.620 23211 23937 D BufferPoolAccessor2.0: bufferpool2 0xb400007185471a08 : 9(18874368 size) total buffers - 8(16777216 size) used buffers - 4103/4113 (recycle/alloc) - 17/4106 (fetch/transfer)
02-11 10:08:13.875 23211 24003 D CCodecConfig: c2 config diff is   c2::u32 coded.bitrate.value = 30126
02-11 10:08:13.917 23211 24003 D CCodecConfig: c2 config diff is   c2::u32 coded.bitrate.value = 30147
02-11 10:08:14.169 23211 24003 D CCodecConfig: c2 config diff is   c2::u32 coded.bitrate.value = 30931
02-11 10:08:14.206 23211 24003 D CCodecConfig: c2 config diff is   c2::u32 coded.bitrate.value = 31004
02-11 10:08:14.374 23211 24003 D CCodecConfig: c2 config diff is   c2::u32 coded.bitrate.value = 30315
02-11 10:08:14.462 23211 24003 D CCodecConfig: c2 config diff is   c2::u32 coded.bitrate.value = 31079
02-11 10:08:14.671 23211 24003 D CCodecConfig: c2 config diff is   c2::u32 coded.bitrate.value = 30476
02-11 10:08:14.711 23211 24003 D CCodecConfig: c2 config diff is   c2::u32 coded.bitrate.value = 31829
02-11 10:08:14.838 23211 24003 D CCodecConfig: c2 config diff is   c2::u32 coded.bitrate.value = 31413
02-11 10:08:14.919 23211 24003 D CCodecConfig: c2 config diff is   c2::u32 coded.bitrate.value = 32394
02-11 10:08:14.961 23211 24003 D CCodecConfig: c2 config diff is   c2::u32 coded.bitrate.value = 32339
02-11 10:08:15.089 23211 24003 D CCodecConfig: c2 config diff is   c2::u32 coded.bitrate.value = 32825
02-11 10:08:15.178 23211 24003 D CCodecConfig: c2 config diff is   c2::u32 coded.bitrate.value = 34077
02-11 10:08:15.462 23211 24003 D CCodecConfig: c2 config diff is   c2::u32 coded.bitrate.value = 34430
02-11 10:08:15.631 23211 24003 D CCodecConfig: c2 config diff is   c2::u32 coded.bitrate.value = 34387
02-11 10:08:15.678 23211 24003 D CCodecConfig: c2 config diff is   c2::u32 coded.bitrate.value = 35187
02-11 10:08:15.879 23211 24003 D CCodecConfig: c2 config diff is   c2::u32 coded.bitrate.value = 36203
02-11 10:08:16.089 23211 24003 D CCodecConfig: c2 config diff is   c2::u32 coded.bitrate.value = 36932
02-11 10:08:16.340 23211 24003 D CCodecConfig: c2 config diff is   c2::u32 coded.bitrate.value = 38597
02-11 10:08:16.468 23211 24003 D CCodecConfig: c2 config diff is   c2::u32 coded.bitrate.value = 39216
02-11 10:08:16.550 23211 24003 D CCodecConfig: c2 config diff is   c2::u32 coded.bitrate.value = 40517
02-11 10:08:16.726 23211 23937 D BufferPoolAccessor2.0: bufferpool2 0xb400007185471a08 : 9(18874368 size) total buffers - 8(16777216 size) used buffers - 4255/4265 (recycle/alloc) - 17/4258 (fetch/transfer)
02-11 10:08:16.760 23211 24003 D CCodecConfig: c2 config diff is   c2::u32 coded.bitrate.value = 41592
02-11 10:08:16.801 23211 24003 D CCodecConfig: c2 config diff is   c2::u32 coded.bitrate.value = 41618
02-11 10:08:16.928 23211 24003 D CCodecConfig: c2 config diff is   c2::u32 coded.bitrate.value = 41358
02-11 10:08:17.009 23211 24003 D CCodecConfig: c2 config diff is   c2::u32 coded.bitrate.value = 42565
02-11 10:08:17.180 23211 24003 D CCodecConfig: c2 config diff is   c2::u32 coded.bitrate.value = 43165
02-11 10:08:17.219 23211 24003 D CCodecConfig: c2 config diff is   c2::u32 coded.bitrate.value = 43858
02-11 10:08:17.433 23211 24003 D CCodecConfig: c2 config diff is   c2::u32 coded.bitrate.value = 46490
02-11 10:08:17.468 23211 24003 D CCodecConfig: c2 config diff is   c2::u32 coded.bitrate.value = 46560
02-11 10:08:17.638 23211 24003 D CCodecConfig: c2 config diff is   c2::u32 coded.bitrate.value = 48538
02-11 10:08:17.681 23211 24003 D CCodecConfig: c2 config diff is   c2::u32 coded.bitrate.value = 48647
02-11 10:08:17.845 23211 24003 D CCodecConfig: c2 config diff is   c2::u32 coded.bitrate.value = 51546
02-11 10:08:17.887 23211 24003 D CCodecConfig: c2 config diff is   c2::u32 coded.bitrate.value = 51819
02-11 10:08:18.013 23211 24003 D CCodecConfig: c2 config diff is   c2::u32 coded.bitrate.value = 53094
02-11 10:08:18.061 23211 24003 D CCodecConfig: c2 config diff is   c2::u32 coded.bitrate.value = 54345
02-11 10:08:18.103 23211 24003 D CCodecConfig: c2 config diff is   c2::u32 coded.bitrate.value = 54530
02-11 10:08:18.261 23211 24003 D CCodecConfig: c2 config diff is   c2::u32 coded.bitrate.value = 57329
02-11 10:08:18.307 23211 24003 D CCodecConfig: c2 config diff is   c2::u32 coded.bitrate.value = 57582
02-11 10:08:18.469 23211 24003 D CCodecConfig: c2 config diff is   c2::u32 coded.bitrate.value = 58910
02-11 10:08:18.517 23211 24003 D CCodecConfig: c2 config diff is   c2::u32 coded.bitrate.value = 59856
02-11 10:08:18.722 23211 24003 D CCodecConfig: c2 config diff is   c2::u32 coded.bitrate.value = 62547
02-11 10:08:18.765 23211 24003 D CCodecConfig: c2 config diff is   c2::u32 coded.bitrate.value = 62757
02-11 10:08:18.932 23211 24003 D CCodecConfig: c2 config diff is   c2::u32 coded.bitrate.value = 65636
02-11 10:08:18.975 23211 24003 D CCodecConfig: c2 config diff is   c2::u32 coded.bitrate.value = 65773
02-11 10:08:19.183 23211 24003 D CCodecConfig: c2 config diff is   c2::u32 coded.bitrate.value = 68872
02-11 10:08:19.228 23211 24003 D CCodecConfig: c2 config diff is   c2::u32 coded.bitrate.value = 68993
02-11 10:08:19.395 23211 24003 D CCodecConfig: c2 config diff is   c2::u32 coded.bitrate.value = 71272
02-11 10:08:19.433 23211 24003 D CCodecConfig: c2 config diff is   c2::u32 coded.bitrate.value = 72163
02-11 10:08:19.479 23211 24003 D CCodecConfig: c2 config diff is   c2::u32 coded.bitrate.value = 72265
02-11 10:08:19.606 23211 24003 D CCodecConfig: c2 config diff is   c2::u32 coded.bitrate.value = 74280
02-11 10:08:19.647 23211 24003 D CCodecConfig: c2 config diff is   c2::u32 coded.bitrate.value = 74374
02-11 10:08:19.850 23211 24003 D CCodecConfig: c2 config diff is   c2::u32 coded.bitrate.value = 76583
02-11 10:08:19.897 23211 24003 D CCodecConfig: c2 config diff is   c2::u32 coded.bitrate.value = 76915
02-11 10:08:20.021 23211 24003 D CCodecConfig: c2 config diff is   c2::u32 coded.bitrate.value = 77635
02-11 10:08:20.060 23211 24003 D CCodecConfig: c2 config diff is   c2::u32 coded.bitrate.value = 79655
02-11 10:08:20.105 23211 24003 D CCodecConfig: c2 config diff is   c2::u32 coded.bitrate.value = 79715
02-11 10:08:20.273 23211 24003 D CCodecConfig: c2 config diff is   c2::u32 coded.bitrate.value = 81833
02-11 10:08:20.479 23211 24003 D CCodecConfig: c2 config diff is   c2::u32 coded.bitrate.value = 83289
02-11 10:08:20.519 23211 24003 D CCodecConfig: c2 config diff is   c2::u32 coded.bitrate.value = 83343
02-11 10:08:20.689 23211 24003 D CCodecConfig: c2 config diff is   c2::u32 coded.bitrate.value = 83668
02-11 10:08:20.733 23211 24003 D CCodecConfig: c2 config diff is   c2::u32 coded.bitrate.value = 85288
02-11 10:08:20.940 23211 24003 D CCodecConfig: c2 config diff is   c2::u32 coded.bitrate.value = 85907
02-11 10:08:21.154 23211 24003 D CCodecConfig: c2 config diff is   c2::u32 coded.bitrate.value = 86422
02-11 10:08:21.191 23211 24003 D CCodecConfig: c2 config diff is   c2::u32 coded.bitrate.value = 86490
02-11 10:08:21.435 23211 24003 D CCodecConfig: c2 config diff is   c2::u32 coded.bitrate.value = 88278
02-11 10:08:21.484 23211 24003 D CCodecConfig: c2 config diff is   c2::u32 coded.bitrate.value = 88207
02-11 10:08:21.651 23211 24003 D CCodecConfig: c2 config diff is   c2::u32 coded.bitrate.value = 88546
02-11 10:08:21.696 23211 24003 D CCodecConfig: c2 config diff is   c2::u32 coded.bitrate.value = 90380
02-11 10:08:21.835 23211 23942 D BufferPoolAccessor2.0: bufferpool2 0xb400007185471a08 : 9(18874368 size) total buffers - 9(18874368 size) used buffers - 4408/4418 (recycle/alloc) - 17/4410 (fetch/transfer)
02-11 10:08:21.944 23211 24003 D CCodecConfig: c2 config diff is   c2::u32 coded.bitrate.value = 91980
02-11 10:08:22.108 23211 24003 D CCodecConfig: c2 config diff is   c2::u32 coded.bitrate.value = 93196
02-11 10:08:22.193 23211 24003 D CCodecConfig: c2 config diff is   c2::u32 coded.bitrate.value = 92865
02-11 10:08:22.358 23211 24003 D CCodecConfig: c2 config diff is   c2::u32 coded.bitrate.value = 93810
02-11 10:08:22.406 23211 24003 D CCodecConfig: c2 config diff is   c2::u32 coded.bitrate.value = 93897
02-11 10:08:22.567 23211 24003 D CCodecConfig: c2 config diff is   c2::u32 coded.bitrate.value = 95741
02-11 10:08:22.610 23211 24003 D CCodecConfig: c2 config diff is   c2::u32 coded.bitrate.value = 95435
02-11 10:08:22.818 23211 24003 D CCodecConfig: c2 config diff is   c2::u32 coded.bitrate.value = 97699
02-11 10:08:22.861 23211 24003 D CCodecConfig: c2 config diff is   c2::u32 coded.bitrate.value = 97609
02-11 10:08:22.985 23211 24003 D CCodecConfig: c2 config diff is   c2::u32 coded.bitrate.value = 97416
02-11 10:08:23.070 23211 24003 D CCodecConfig: c2 config diff is   c2::u32 coded.bitrate.value = 99258
02-11 10:08:23.197 23211 24003 D CCodecConfig: c2 config diff is   c2::u32 coded.bitrate.value = 99660
02-11 10:08:23.253 23211 24003 D CCodecConfig: c2 config diff is   c2::u32 coded.bitrate.value = 100919
02-11 10:08:23.295 23211 24003 D CCodecConfig: c2 config diff is   c2::u32 coded.bitrate.value = 100832
02-11 10:08:23.492 23211 24003 D CCodecConfig: c2 config diff is   c2::u32 coded.bitrate.value = 103293
02-11 10:08:23.658 23211 24003 D CCodecConfig: c2 config diff is   c2::u32 coded.bitrate.value = 103500
02-11 10:08:23.745 23211 24003 D CCodecConfig: c2 config diff is   c2::u32 coded.bitrate.value = 106050
02-11 10:08:23.948 23211 24003 D CCodecConfig: c2 config diff is   c2::u32 coded.bitrate.value = 108337
02-11 10:08:24.128 23211 24003 D CCodecConfig: c2 config diff is   c2::u32 coded.bitrate.value = 69393
02-11 10:08:24.409 23211 24003 D CCodecConfig: c2 config diff is   c2::u32 coded.bitrate.value = 68007
02-11 10:08:24.492 23211 24003 D CCodecConfig: c2 config diff is   c2::u32 coded.bitrate.value = 65575
02-11 10:08:24.619 23211 24003 D CCodecConfig: c2 config diff is   c2::u32 coded.bitrate.value = 63162
02-11 10:08:24.658 23211 24003 D CCodecConfig: c2 config diff is   c2::u32 coded.bitrate.value = 63059
02-11 10:08:24.782 23211 24003 D CCodecConfig: c2 config diff is   c2::u32 coded.bitrate.value = 63213
02-11 10:08:24.912 23211 24003 D CCodecConfig: c2 config diff is   c2::u32 coded.bitrate.value = 63271
02-11 10:08:25.124 23211 24003 D CCodecConfig: c2 config diff is   c2::u32 coded.bitrate.value = 65807
02-11 10:08:25.293 23211 24003 D CCodecConfig: c2 config diff is   c2::u32 coded.bitrate.value = 68022
02-11 10:08:25.335 23211 24003 D CCodecConfig: c2 config diff is   c2::u32 coded.bitrate.value = 68017
02-11 10:08:25.494 23211 24003 D CCodecConfig: c2 config diff is   c2::u32 coded.bitrate.value = 67985
02-11 10:08:25.540 23211 24003 D CCodecConfig: c2 config diff is   c2::u32 coded.bitrate.value = 70062
02-11 10:08:25.714 23211 24003 D CCodecConfig: c2 config diff is   c2::u32 coded.bitrate.value = 71370
02-11 10:08:25.962 23211 24003 D CCodecConfig: c2 config diff is   c2::u32 coded.bitrate.value = 73228
02-11 10:08:26.159 23211 24003 D CCodecConfig: c2 config diff is   c2::u32 coded.bitrate.value = 73782
02-11 10:08:26.376 23211 24003 D CCodecConfig: c2 config diff is   c2::u32 coded.bitrate.value = 74695
02-11 10:08:26.427 23211 24003 D CCodecConfig: c2 config diff is   c2::u32 coded.bitrate.value = 73974
02-11 10:08:26.514 23211 24003 D CCodecConfig: c2 config diff is   c2::u32 coded.bitrate.value = 70539
02-11 10:08:26.610 23211 24003 D CCodecConfig: c2 config diff is   c2::u32 coded.bitrate.value = 72136
02-11 10:08:26.709 23211 24003 D CCodecConfig: c2 config diff is   c2::u32 coded.bitrate.value = 43761
02-11 10:08:26.812 23211 24003 D CCodecConfig: c2 config diff is   c2::u32 coded.bitrate.value = 42705
02-11 10:08:26.939 23211 23937 D BufferPoolAccessor2.0: bufferpool2 0xb400007185471a08 : 9(18874368 size) total buffers - 8(16777216 size) used buffers - 4559/4569 (recycle/alloc) - 17/4562 (fetch/transfer)
02-11 10:08:27.043 23211 24003 D CCodecConfig: c2 config diff is   c2::u32 coded.bitrate.value = 40907
02-11 10:08:27.043 23211 23211 I VRI[MainActivity]@d928196: handleResized, frames=ClientWindowFrames{frame=[0,0][1920,1200] display=[0,0][1920,1200] parentFrame=[0,0][0,0]} displayId=0 dragResizing=false compatScale=1.0 frameChanged=false attachedFrameChanged=false configChanged=false displayChanged=false compatScaleChanged=false dragResizingChanged=false
02-11 10:08:27.043 23211 23211 I VRI[MeetingActivity]@f34625f: handleResized, frames=ClientWindowFrames{frame=[0,0][1920,1200] display=[0,0][1920,1200] parentFrame=[0,0][0,0]} displayId=0 dragResizing=false compatScale=1.0 frameChanged=false attachedFrameChanged=false configChanged=false displayChanged=false compatScaleChanged=false dragResizingChanged=false
02-11 10:08:27.043 23211 23211 I VRI[PopupWindow:9814413]@6da7049: handleResized, frames=ClientWindowFrames{frame=[0,0][0,1200] display=[0,0][1920,1200] parentFrame=[0,0][0,0] attachedFrame=[0,0][1920,1200]} displayId=0 dragResizing=false compatScale=1.0 frameChanged=false attachedFrameChanged=false configChanged=false displayChanged=false compatScaleChanged=false dragResizingChanged=false
02-11 10:08:27.208 23211 24003 D CCodecConfig: c2 config diff is   c2::u32 coded.bitrate.value = 42376
02-11 10:08:27.283 23211 24003 D CCodecConfig: c2 config diff is   c2::u32 coded.bitrate.value = 41907
02-11 10:08:27.445 23211 24003 D CCodecConfig: c2 config diff is   c2::u32 coded.bitrate.value = 43214
