02-11 10:12:18.874  1042 27276 I sec_custom_ta11plus.cpp: [cust_getSECGyroState] [cust_getSECGyroState] gyroState(1)
02-11 10:12:18.874  1042 27276 I Hal3ACustomImp: [removePartialMetasetAppTag] [removePartialMetasetAppTag] [idx(1)] Hal3A Plug-in
02-11 10:12:18.874  1042 27278 W HalBlackBoard: [readBoard] [idx(1)] ASSERTION: req(#0x4000000035/#53) has been flushed out, current index is req(#0x4000000038/#56)!
02-11 10:12:18.878  1042 27278 I TsfImp  : [getLscIspInfo] dac_prev(0)
02-11 10:12:18.878  1042 27278 W Hal3AImp_v1_0: [On3AFinish] [idx(1)] [STT](#4000000038) No valid 3A result, calculation might be canceled by stream-off
02-11 10:12:18.878  1042 27278 I Hal3ACustomImp: [convertToPartialMetaset2A] [convertToPartialMetaset2A] [idx(1)] Hal3A Plug-in
02-11 10:12:18.878  1042 27278 W MtkCbAdptor: [1-CoreConverter::convertResult] failed to setEntry, MTK_HALCORE_CALLBACK_REALTIME_MODE
02-11 10:12:18.883  1042  1545 I DipDrv  : [dipfr_update_tdr] src_tdr_idx(4) ofst:6201728 va:0x758a081180 iova:3d8dea180 tdr_sz(10896)
02-11 10:12:18.883  1042  1545 I PQDIPDrv: [pqdip_update_tdr] src_tdr_ridx(4) va:0x75f6d29400, iova:3d7f93400 tdr_sz(1392) set to dst_tdr_ridx(5)
02-11 10:12:18.884  1042 27282 I RequestRegulator: Cam::1 [signal] VSirq : SofIdx(221688), getSofIdx(221687/1), processed(59<->58), CamsysFrameSequence(58)
02-11 10:12:18.885  1042 27287 I Hal3ACustomImp: [convertToSetting3A] [convertToSetting3A] [idx(1)] Hal3A Plug-in
02-11 10:12:18.885  1042  1042 I MtkCam/ZoomRatioConverter: [UpdateZoomRatio] pillarboxed crop zoom, ratio:1.000000
02-11 10:12:18.885  1042  1042 W mtkcam-capturesession: [1-CaptureSessionDefault::onGetSharedSteramPoolAllocSize] poolSize 1 -> 0.000000 fail (map is empty) !!
02-11 10:12:18.886  1042  1042 I Hal3ACustomImp: [setControl] [setControl] [idx(1)] Hal3A Plug-in
02-11 10:12:18.886  1042  1042 I Hal3ACustomImp: [convertToRequest] [convertToRequest] [idx(1)] Hal3A Plug-in
02-11 10:12:18.886  1042  1042 I Hal3ACustomImp: [operator()] Prev/Curr CaptureIntent: (3 / 3)
02-11 10:12:18.886  1042  1042 I sec_custom_ta11plus.cpp: [cust_getIsSECApplication] [cust_getIsSECApplication] gIsSECApplication(0)
02-11 10:12:18.886  1042  1042 I sec_custom_ta11plus.cpp: [cust_getIsSECApplication] [cust_getIsSECApplication] gIsSECApplication(0)
02-11 10:12:18.886  1042  1042 I sec_custom_ta11plus.cpp: [cust_multiFrameCtrlForSEC] [cust_multiFrameCtrlForSEC][param in], idx(1), facing(1), i4ShotHint(0), ae_lock(0), ae_exp_index(0), awb_lock(0), pause_af(0)
02-11 10:12:18.886  1042  1042 I sec_custom_ta11plus.cpp: [cust_multiFrameCtrlForSEC] [cust_multiFrameCtrlForSEC][param in], date.0130, curCapCnt(0), curLlsFlag(0), isRemosaic(0), resetAELock(0), bIsSECApplication(0), i4ShootingMode(0), cntWaitAELock(0)
02-11 10:12:18.891  1042  1542 I mtkcam_hal_legacy2android_device: [convertStreamBuffer] [debug chingchi] requestStreamBuffer bufferHandle:0xb4000076eaf95850, bufferId:0xb40000777afaebc8
02-11 10:12:18.895  1003 17025 D AudioDspStreamManager: getDspTaskA2DPStatus(), mDspTaskA2DPActive = 0
02-11 10:12:18.916  1042 27278 W HalBlackBoard: [readBoard] [idx(1)] ASSERTION: req(#0x4100000036/#54) has been flushed out, current index is req(#0x4100000039/#57)!
02-11 10:12:18.916  1042 27276 I Hal3ACustomImp: [getResult] [getResult] [idx(1)] Hal3A Plug-in
02-11 10:12:18.916  1042 27276 I Hal3ACustomImp: [convertToMetaset] [convertToMetaset] [idx(1)] Hal3A Plug-in
02-11 10:12:18.916  1042 27276 I sec_custom_ta11plus.cpp: [cust_getIsSECApplication] [cust_getIsSECApplication] gIsSECApplication(0)
02-11 10:12:18.916  1042 27276 I sec_custom_ta11plus.cpp: [cust_getIsSECApplication] [cust_getIsSECApplication] gIsSECApplication(0)
02-11 10:12:18.916  1042 27276 I sec_custom_ta11plus.cpp: [cust_aeGetLiveHdrState] [cust_aeGetLiveHdrState] i4LiveHdrMode(0), ret(101)
02-11 10:12:18.916  1042 27276 I sec_custom_ta11plus.cpp: [cust_shotConditionForSEC] [cust_shotConditionForSEC][param in], idx(1), facing(1), BV(87), nightBv(947) gain(5.100000), zoomRto(1.000000), hdrState(101), isFlash(0), shootingmode(0), gyro(0), Cwr(781), DynamicRange(6339), sunDetectionInfo(0)
02-11 10:12:18.916  1042 27276 I sec_custom_ta11plus.cpp: [cust_shotConditionForSEC] [cust_shotConditionForSEC] jpegW/H(0/0), bIsSECApplication(0)
02-11 10:12:18.916  1042 27276 I sec_custom_ta11plus.cpp: [cust_refineHdrStateByLLSFlag] [cust_refineHdrStateByLLSFlag][param in] idx(1), i4LiveHdrState(101)
02-11 10:12:18.916  1042 27276 I sec_custom_ta11plus.cpp: [cust_refineHdrStateByLLSFlag] [cust_refineHdrStateByLLSFlag][param out] idx(1), ret(101), i4LiveHdrState(101), curLlsFlag(0),  c0(0), c1(0)
02-11 10:12:18.916  1042 27276 I sec_custom_ta11plus.cpp: [cust_getSECGyroState] [cust_getSECGyroState] gyroState(1)
02-11 10:12:18.916  1042 27276 I Hal3ACustomImp: [removePartialMetasetAppTag] [removePartialMetasetAppTag] [idx(1)] Hal3A Plug-in
02-11 10:12:18.918  1042 27278 E AwbMgrAdapt: [Calculate] [Calculate:1293] Fail to get id = 48 FS stt data! (Calculate){#1293:vendor/mediatek/proprietary/hardware/mtkcam-core/aaa/common/mgr_3a_adapter/AwbMgrAdapt.cpp}
02-11 10:12:18.918  1042 27278 I TsfImp  : [getLscIspInfo] dac_prev(0)
02-11 10:12:18.919  1042 27278 W Hal3AImp_v1_0: [On3AFinish] [idx(1)] [STT](#4100000039) No valid 3A result, calculation might be canceled by stream-off
02-11 10:12:18.919  1042 27278 I Hal3ACustomImp: [convertToPartialMetaset2A] [convertToPartialMetaset2A] [idx(1)] Hal3A Plug-in
02-11 10:12:18.919  1042  1537 I TsfImp  : [tsfBatch] userId(0), dac_inf:1024,dac_macro:4096,dac_prev/cur:0/0 AE(Y:722,LV:87,ISO:153,LV_IDX:4,shutter:8337142,isStable:1,isLock:0,isFlash:0) AWB(CCT_IDX:7,CCT:5464,GainR/G/B:1086/512/810,isLock:0) Gyro0/1/2:0/0/0,orient:0,faceNum:1,faceRect:1472/212/2176/1053
02-11 10:12:18.919  1042 27278 W MtkCbAdptor: [1-CoreConverter::convertResult] failed to setEntry, MTK_HALCORE_CALLBACK_REALTIME_MODE
02-11 10:12:18.919  1003 17025 D AudioDspStreamManager: getDspTaskA2DPStatus(), mDspTaskA2DPActive = 0
02-11 10:12:18.919  1003 17025 D aurisys_lib_handler: [LIB] [oem:dv] [I] in ch=1 out ch=1 in size=1280 out size=1280 proc size=1280 bit=16
02-11 10:12:18.920  1003 17025 D aurisys_lib_handler: [LIB] [oem:dv] [I] rx se category=Scene,Default,Profile,Handsfree
02-11 10:12:18.920  1003 17025 D aurisys_lib_handler: [LIB] [oem:dv] [I] dvrxdbg,640,515,4,-110,-110,0,-115,-96;
02-11 10:12:18.920  1003 17025 D aurisys_lib_handler: [LIB] [oem:dv] [I] dv rx done vol idx=4 vol gain=-110 mode=515 dha=0
02-11 10:12:18.925  1042  1548 I DipDrv  : [dipfr_update_tdr] src_tdr_idx(3) ofst:6056320 va:0x758a05d980 iova:3d8dc6980 tdr_sz(10896)
02-11 10:12:18.925  1042  1548 I PQDIPDrv: [pqdip_update_tdr] src_tdr_ridx(3) va:0x75f6d24800, iova:3d7f8e800 tdr_sz(1392) set to dst_tdr_ridx(6)
02-11 10:12:18.926  1042 27282 I RequestRegulator: Cam::1 [signal] VSirq : SofIdx(221689), getSofIdx(221688/1), processed(60<->59), CamsysFrameSequence(59)
02-11 10:12:18.926  1042 27287 I Hal3ACustomImp: [convertToSetting3A] [convertToSetting3A] [idx(1)] Hal3A Plug-in
02-11 10:12:18.926  1042 25435 I MtkCam/ZoomRatioConverter: [UpdateZoomRatio] pillarboxed crop zoom, ratio:1.000000
02-11 10:12:18.927  1042 25435 W mtkcam-capturesession: [1-CaptureSessionDefault::onGetSharedSteramPoolAllocSize] poolSize 1 -> 0.000000 fail (map is empty) !!
02-11 10:12:18.927  1042 25435 I Hal3ACustomImp: [setControl] [setControl] [idx(1)] Hal3A Plug-in
02-11 10:12:18.927  1042 25435 I Hal3ACustomImp: [convertToRequest] [convertToRequest] [idx(1)] Hal3A Plug-in
02-11 10:12:18.927  1042 25435 I Hal3ACustomImp: [operator()] Prev/Curr CaptureIntent: (3 / 3)
02-11 10:12:18.927  1042 25435 I sec_custom_ta11plus.cpp: [cust_getIsSECApplication] [cust_getIsSECApplication] gIsSECApplication(0)
02-11 10:12:18.927  1042 25435 I sec_custom_ta11plus.cpp: [cust_getIsSECApplication] [cust_getIsSECApplication] gIsSECApplication(0)
02-11 10:12:18.927  1042 25435 I sec_custom_ta11plus.cpp: [cust_multiFrameCtrlForSEC] [cust_multiFrameCtrlForSEC][param in], idx(1), facing(1), i4ShotHint(0), ae_lock(0), ae_exp_index(0), awb_lock(0), pause_af(0)
02-11 10:12:18.927  1042 25435 I sec_custom_ta11plus.cpp: [cust_multiFrameCtrlForSEC] [cust_multiFrameCtrlForSEC][param in], date.0130, curCapCnt(0), curLlsFlag(0), isRemosaic(0), resetAELock(0), bIsSECApplication(0), i4ShootingMode(0), cntWaitAELock(0)
02-11 10:12:18.931  1042  1543 I mtkcam_hal_legacy2android_device: [convertStreamBuffer] [debug chingchi] requestStreamBuffer bufferHandle:0xb4000076eafbafd0, bufferId:0xb40000777af9c9e8
02-11 10:12:18.932  1003 17025 D AudioDspStreamManager: getDspTaskA2DPStatus(), mDspTaskA2DPActive = 0
02-11 10:12:18.957  1042 27278 W HalBlackBoard: [readBoard] [idx(1)] ASSERTION: req(#0x4200000037/#55) has been flushed out, current index is req(#0x420000003a/#58)!
02-11 10:12:18.958  1042 27276 I Hal3ACustomImp: [getResult] [getResult] [idx(1)] Hal3A Plug-in
02-11 10:12:18.958  1042 27276 I Hal3ACustomImp: [convertToMetaset] [convertToMetaset] [idx(1)] Hal3A Plug-in
02-11 10:12:18.958  1042 27276 I sec_custom_ta11plus.cpp: [cust_getIsSECApplication] [cust_getIsSECApplication] gIsSECApplication(0)
02-11 10:12:18.958  1042 27276 I sec_custom_ta11plus.cpp: [cust_getIsSECApplication] [cust_getIsSECApplication] gIsSECApplication(0)
02-11 10:12:18.958  1042 27276 I sec_custom_ta11plus.cpp: [cust_aeGetLiveHdrState] [cust_aeGetLiveHdrState] i4LiveHdrMode(0), ret(101)
02-11 10:12:18.958  1042 27276 I sec_custom_ta11plus.cpp: [cust_shotConditionForSEC] [cust_shotConditionForSEC][param in], idx(1), facing(1), BV(87), nightBv(947) gain(5.100000), zoomRto(1.000000), hdrState(101), isFlash(0), shootingmode(0), gyro(0), Cwr(784), DynamicRange(6340), sunDetectionInfo(0)
02-11 10:12:18.958  1042 27276 I sec_custom_ta11plus.cpp: [cust_shotConditionForSEC] [cust_shotConditionForSEC] jpegW/H(0/0), bIsSECApplication(0)
02-11 10:12:18.958  1042 27276 I sec_custom_ta11plus.cpp: [cust_refineHdrStateByLLSFlag] [cust_refineHdrStateByLLSFlag][param in] idx(1), i4LiveHdrState(101)
02-11 10:12:18.958  1042 27276 I sec_custom_ta11plus.cpp: [cust_refineHdrStateByLLSFlag] [cust_refineHdrStateByLLSFlag][param out] idx(1), ret(101), i4LiveHdrState(101), curLlsFlag(0),  c0(0), c1(0)
02-11 10:12:18.958  1042 27276 I sec_custom_ta11plus.cpp: [cust_getSECGyroState] [cust_getSECGyroState] gyroState(1)
02-11 10:12:18.958  1042 27276 I Hal3ACustomImp: [removePartialMetasetAppTag] [removePartialMetasetAppTag] [idx(1)] Hal3A Plug-in
02-11 10:12:18.960  1042 27278 I TsfImp  : [getLscIspInfo] dac_prev(0)
02-11 10:12:18.960  1042 27278 W Hal3AImp_v1_0: [On3AFinish] [idx(1)] [STT](#420000003a) No valid 3A result, calculation might be canceled by stream-off
02-11 10:12:18.960  1042 27278 I Hal3ACustomImp: [convertToPartialMetaset2A] [convertToPartialMetaset2A] [idx(1)] Hal3A Plug-in
02-11 10:12:18.960  1042 27278 W MtkCbAdptor: [1-CoreConverter::convertResult] failed to setEntry, MTK_HALCORE_CALLBACK_REALTIME_MODE
02-11 10:12:18.961  1003 17025 D AudioDspStreamManager: getDspTaskA2DPStatus(), mDspTaskA2DPActive = 0
02-11 10:12:18.967  1042 27282 I RequestRegulator: Cam::1 [signal] VSirq : SofIdx(221690), getSofIdx(221689/1), processed(61<->60), CamsysFrameSequence(60)
02-11 10:12:18.968  1042  1545 I DipDrv  : [dipfr_update_tdr] src_tdr_idx(1) ofst:5765504 va:0x758a016980 iova:3d8d7f980 tdr_sz(10896)
02-11 10:12:18.968  1042  1545 I PQDIPDrv: [pqdip_update_tdr] src_tdr_ridx(1) va:0x75f6d1b000, iova:3d7f85000 tdr_sz(1392) set to dst_tdr_ridx(7)
02-11 10:12:18.968  1042 27287 I Hal3ACustomImp: [convertToSetting3A] [convertToSetting3A] [idx(1)] Hal3A Plug-in
02-11 10:12:18.969  1042  1042 I MtkCam/ZoomRatioConverter: [UpdateZoomRatio] pillarboxed crop zoom, ratio:1.000000
02-11 10:12:18.969  1042  1042 W mtkcam-capturesession: [1-CaptureSessionDefault::onGetSharedSteramPoolAllocSize] poolSize 1 -> 0.000000 fail (map is empty) !!
02-11 10:12:18.971  1042  1042 I Hal3ACustomImp: [setControl] [setControl] [idx(1)] Hal3A Plug-in
02-11 10:12:18.971  1042  1042 I Hal3ACustomImp: [convertToRequest] [convertToRequest] [idx(1)] Hal3A Plug-in
02-11 10:12:18.971  1042  1042 I Hal3ACustomImp: [operator()] Prev/Curr CaptureIntent: (3 / 3)
02-11 10:12:18.971  1042  1042 I sec_custom_ta11plus.cpp: [cust_getIsSECApplication] [cust_getIsSECApplication] gIsSECApplication(0)
02-11 10:12:18.971  1042  1042 I sec_custom_ta11plus.cpp: [cust_getIsSECApplication] [cust_getIsSECApplication] gIsSECApplication(0)
02-11 10:12:18.971  1042  1042 I sec_custom_ta11plus.cpp: [cust_multiFrameCtrlForSEC] [cust_multiFrameCtrlForSEC][param in], idx(1), facing(1), i4ShotHint(0), ae_lock(0), ae_exp_index(0), awb_lock(0), pause_af(0)
02-11 10:12:18.971  1042  1042 I sec_custom_ta11plus.cpp: [cust_multiFrameCtrlForSEC] [cust_multiFrameCtrlForSEC][param in], date.0130, curCapCnt(0), curLlsFlag(0), isRemosaic(0), resetAELock(0), bIsSECApplication(0), i4ShootingMode(0), cntWaitAELock(0)
02-11 10:12:18.977  1042  1543 I mtkcam_hal_legacy2android_device: [convertStreamBuffer] [debug chingchi] requestStreamBuffer bufferHandle:0xb4000076eaf9f670, bufferId:0xb40000777afa4ae8
02-11 10:12:18.981  1003 17025 D AudioDspStreamManager: getDspTaskA2DPStatus(), mDspTaskA2DPActive = 0
02-11 10:12:18.999  1042 27278 W HalBlackBoard: [readBoard] [idx(1)] ASSERTION: req(#0x4300000038/#56) has been flushed out, current index is req(#0x430000003b/#59)!
02-11 10:12:18.999  1042 27276 I Hal3ACustomImp: [getResult] [getResult] [idx(1)] Hal3A Plug-in
02-11 10:12:18.999  1042 27276 I Hal3ACustomImp: [convertToMetaset] [convertToMetaset] [idx(1)] Hal3A Plug-in
02-11 10:12:18.999  1042 27276 I sec_custom_ta11plus.cpp: [cust_getIsSECApplication] [cust_getIsSECApplication] gIsSECApplication(0)
02-11 10:12:18.999  1042 27276 I sec_custom_ta11plus.cpp: [cust_getIsSECApplication] [cust_getIsSECApplication] gIsSECApplication(0)
02-11 10:12:18.999  1042 27276 I sec_custom_ta11plus.cpp: [cust_aeGetLiveHdrState] [cust_aeGetLiveHdrState] i4LiveHdrMode(0), ret(101)
02-11 10:12:18.999  1042 27276 I sec_custom_ta11plus.cpp: [cust_shotConditionForSEC] [cust_shotConditionForSEC][param in], idx(1), facing(1), BV(87), nightBv(947) gain(5.100000), zoomRto(1.000000), hdrState(101), isFlash(0), shootingmode(0), gyro(0), Cwr(786), DynamicRange(6341), sunDetectionInfo(0)
02-11 10:12:18.999  1042 27276 I sec_custom_ta11plus.cpp: [cust_shotConditionForSEC] [cust_shotConditionForSEC] jpegW/H(0/0), bIsSECApplication(0)
02-11 10:12:18.999  1042 27276 I sec_custom_ta11plus.cpp: [cust_refineHdrStateByLLSFlag] [cust_refineHdrStateByLLSFlag][param in] idx(1), i4LiveHdrState(101)
02-11 10:12:18.999  1042 27276 I sec_custom_ta11plus.cpp: [cust_refineHdrStateByLLSFlag] [cust_refineHdrStateByLLSFlag][param out] idx(1), ret(101), i4LiveHdrState(101), curLlsFlag(0),  c0(0), c1(0)
02-11 10:12:18.999  1042 27276 I sec_custom_ta11plus.cpp: [cust_getSECGyroState] [cust_getSECGyroState] gyroState(1)
02-11 10:12:18.999  1042 27276 I Hal3ACustomImp: [removePartialMetasetAppTag] [removePartialMetasetAppTag] [idx(1)] Hal3A Plug-in
02-11 10:12:19.002  1042 27278 I TsfImp  : [getLscIspInfo] dac_prev(0)
02-11 10:12:19.002  1042 27278 W Hal3AImp_v1_0: [On3AFinish] [idx(1)] [STT](#430000003b) No valid 3A result, calculation might be canceled by stream-off
02-11 10:12:19.002  1042 27278 I Hal3ACustomImp: [convertToPartialMetaset2A] [convertToPartialMetaset2A] [idx(1)] Hal3A Plug-in
02-11 10:12:19.002  1042 27278 W MtkCbAdptor: [1-CoreConverter::convertResult] failed to setEntry, MTK_HALCORE_CALLBACK_REALTIME_MODE
02-11 10:12:19.004  1003 17025 D AudioDspStreamManager: getDspTaskA2DPStatus(), mDspTaskA2DPActive = 0
02-11 10:12:19.009  1042 27282 I RequestRegulator: Cam::1 [signal] VSirq : SofIdx(221691), getSofIdx(221690/1), processed(62<->61), CamsysFrameSequence(61)
02-11 10:12:19.009  1042 27287 I Hal3ACustomImp: [convertToSetting3A] [convertToSetting3A] [idx(1)] Hal3A Plug-in
02-11 10:12:19.010  1042 25435 I MtkCam/ZoomRatioConverter: [UpdateZoomRatio] pillarboxed crop zoom, ratio:1.000000
02-11 10:12:19.010  1042  1547 I DipDrv  : [dipfr_update_tdr] src_tdr_idx(7) ofst:6637952 va:0x758a0eb980 iova:3d8e54980 tdr_sz(10896)
02-11 10:12:19.010  1042  1547 I PQDIPDrv: [pqdip_update_tdr] src_tdr_ridx(7) va:0x75f6d37800, iova:3d7fa1800 tdr_sz(1392) set to dst_tdr_ridx(8)
02-11 10:12:19.010  1042 25435 W mtkcam-capturesession: [1-CaptureSessionDefault::onGetSharedSteramPoolAllocSize] poolSize 1 -> 0.000000 fail (map is empty) !!
02-11 10:12:19.011  1042 25435 I Hal3ACustomImp: [setControl] [setControl] [idx(1)] Hal3A Plug-in
02-11 10:12:19.011  1042 25435 I Hal3ACustomImp: [convertToRequest] [convertToRequest] [idx(1)] Hal3A Plug-in
02-11 10:12:19.011  1042 25435 I Hal3ACustomImp: [operator()] Prev/Curr CaptureIntent: (3 / 3)
02-11 10:12:19.011  1042 25435 I sec_custom_ta11plus.cpp: [cust_getIsSECApplication] [cust_getIsSECApplication] gIsSECApplication(0)
02-11 10:12:19.011  1042 25435 I sec_custom_ta11plus.cpp: [cust_getIsSECApplication] [cust_getIsSECApplication] gIsSECApplication(0)
02-11 10:12:19.011  1042 25435 I sec_custom_ta11plus.cpp: [cust_multiFrameCtrlForSEC] [cust_multiFrameCtrlForSEC][param in], idx(1), facing(1), i4ShotHint(0), ae_lock(0), ae_exp_index(0), awb_lock(0), pause_af(0)
02-11 10:12:19.011  1042 25435 I sec_custom_ta11plus.cpp: [cust_multiFrameCtrlForSEC] [cust_multiFrameCtrlForSEC][param in], date.0130, curCapCnt(0), curLlsFlag(0), isRemosaic(0), resetAELock(0), bIsSECApplication(0), i4ShootingMode(0), cntWaitAELock(0)
02-11 10:12:19.014  1042  1539 I mtkcam_hal_legacy2android_device: [convertStreamBuffer] [debug chingchi] requestStreamBuffer bufferHandle:0xb4000076eaf92af0, bufferId:0xb40000777afa1818
02-11 10:12:19.023  1003 17025 D AudioDspStreamManager: getDspTaskA2DPStatus(), mDspTaskA2DPActive = 0
02-11 10:12:19.038  5376  5376 I wpa_supplicant: Heartbeat 15358
02-11 10:12:19.041  1042 27278 W HalBlackBoard: [readBoard] [idx(1)] ASSERTION: req(#0x4400000039/#57) has been flushed out, current index is req(#0x440000003c/#60)!
02-11 10:12:19.041  1042 27276 I Hal3ACustomImp: [getResult] [getResult] [idx(1)] Hal3A Plug-in
02-11 10:12:19.041  1042 27276 I Hal3ACustomImp: [convertToMetaset] [convertToMetaset] [idx(1)] Hal3A Plug-in
02-11 10:12:19.041  1042 27276 I sec_custom_ta11plus.cpp: [cust_getIsSECApplication] [cust_getIsSECApplication] gIsSECApplication(0)
02-11 10:12:19.041  1042 27276 I sec_custom_ta11plus.cpp: [cust_getIsSECApplication] [cust_getIsSECApplication] gIsSECApplication(0)
02-11 10:12:19.041  1042 27276 I sec_custom_ta11plus.cpp: [cust_aeGetLiveHdrState] [cust_aeGetLiveHdrState] i4LiveHdrMode(0), ret(101)
02-11 10:12:19.041  1042 27276 I sec_custom_ta11plus.cpp: [cust_shotConditionForSEC] [cust_shotConditionForSEC][param in], idx(1), facing(1), BV(87), nightBv(947) gain(5.100000), zoomRto(1.000000), hdrState(101), isFlash(0), shootingmode(0), gyro(0), Cwr(789), DynamicRange(6342), sunDetectionInfo(0)
02-11 10:12:19.041  1042 27276 I sec_custom_ta11plus.cpp: [cust_shotConditionForSEC] [cust_shotConditionForSEC] jpegW/H(0/0), bIsSECApplication(0)
02-11 10:12:19.041  1042 27276 I sec_custom_ta11plus.cpp: [cust_refineHdrStateByLLSFlag] [cust_refineHdrStateByLLSFlag][param in] idx(1), i4LiveHdrState(101)
02-11 10:12:19.041  1042 27276 I sec_custom_ta11plus.cpp: [cust_refineHdrStateByLLSFlag] [cust_refineHdrStateByLLSFlag][param out] idx(1), ret(101), i4LiveHdrState(101), curLlsFlag(0),  c0(0), c1(0)
02-11 10:12:19.041  1042 27276 I sec_custom_ta11plus.cpp: [cust_getSECGyroState] [cust_getSECGyroState] gyroState(1)
02-11 10:12:19.041  1042 27276 I Hal3ACustomImp: [removePartialMetasetAppTag] [removePartialMetasetAppTag] [idx(1)] Hal3A Plug-in
02-11 10:12:19.043  1042 27278 I TsfImp  : [getLscIspInfo] dac_prev(0)
02-11 10:12:19.043  1042 27278 W Hal3AImp_v1_0: [On3AFinish] [idx(1)] [STT](#440000003c) No valid 3A result, calculation might be canceled by stream-off
02-11 10:12:19.043  1042 27278 I Hal3ACustomImp: [convertToPartialMetaset2A] [convertToPartialMetaset2A] [idx(1)] Hal3A Plug-in
02-11 10:12:19.043  1042 27278 W MtkCbAdptor: [1-CoreConverter::convertResult] failed to setEntry, MTK_HALCORE_CALLBACK_REALTIME_MODE
02-11 10:12:19.046  1003 17025 D AudioDspStreamManager: getDspTaskA2DPStatus(), mDspTaskA2DPActive = 0
02-11 10:12:19.049  1042  1546 I DipDrv  : [dipfr_update_tdr] src_tdr_idx(5) ofst:6347136 va:0x758a0a4980 iova:3d8e0d980 tdr_sz(10896)
02-11 10:12:19.049  1042  1546 I PQDIPDrv: [pqdip_update_tdr] src_tdr_ridx(5) va:0x75f6d2e000, iova:3d7f98000 tdr_sz(1392) set to dst_tdr_ridx(9)
02-11 10:12:19.051  1042 27282 I RequestRegulator: Cam::1 [signal] VSirq : SofIdx(221692), getSofIdx(221691/1), processed(63<->62), CamsysFrameSequence(62)
02-11 10:12:19.051  1042 27287 I Hal3ACustomImp: [convertToSetting3A] [convertToSetting3A] [idx(1)] Hal3A Plug-in
02-11 10:12:19.052  1042  1042 I MtkCam/ZoomRatioConverter: [UpdateZoomRatio] pillarboxed crop zoom, ratio:1.000000
02-11 10:12:19.052  1042  1042 W mtkcam-capturesession: [1-CaptureSessionDefault::onGetSharedSteramPoolAllocSize] poolSize 1 -> 0.000000 fail (map is empty) !!
02-11 10:12:19.052  1042  1042 I Hal3ACustomImp: [setControl] [setControl] [idx(1)] Hal3A Plug-in
02-11 10:12:19.052  1042  1042 I Hal3ACustomImp: [convertToRequest] [convertToRequest] [idx(1)] Hal3A Plug-in
02-11 10:12:19.053  1042  1042 I Hal3ACustomImp: [operator()] Prev/Curr CaptureIntent: (3 / 3)
02-11 10:12:19.053  1042  1042 I sec_custom_ta11plus.cpp: [cust_getIsSECApplication] [cust_getIsSECApplication] gIsSECApplication(0)
02-11 10:12:19.053  1042  1042 I sec_custom_ta11plus.cpp: [cust_getIsSECApplication] [cust_getIsSECApplication] gIsSECApplication(0)
02-11 10:12:19.053  1042  1042 I sec_custom_ta11plus.cpp: [cust_multiFrameCtrlForSEC] [cust_multiFrameCtrlForSEC][param in], idx(1), facing(1), i4ShotHint(0), ae_lock(0), ae_exp_index(0), awb_lock(0), pause_af(0)
02-11 10:12:19.053  1042  1042 I sec_custom_ta11plus.cpp: [cust_multiFrameCtrlForSEC] [cust_multiFrameCtrlForSEC][param in], date.0130, curCapCnt(0), curLlsFlag(0), isRemosaic(0), resetAELock(0), bIsSECApplication(0), i4ShootingMode(0), cntWaitAELock(0)
02-11 10:12:19.054  1042  1539 I mtkcam_hal_legacy2android_device: [convertStreamBuffer] [debug chingchi] requestStreamBuffer bufferHandle:0xb4000076eafb3150, bufferId:0xb40000777afee348
02-11 10:12:19.066  1003 17025 D AudioDspStreamManager: getDspTaskA2DPStatus(), mDspTaskA2DPActive = 0
02-11 10:12:19.082  1042 27278 W HalBlackBoard: [readBoard] [idx(1)] ASSERTION: req(#0x450000003a/#58) has been flushed out, current index is req(#0x450000003d/#61)!
02-11 10:12:19.083  1042 27276 I Hal3ACustomImp: [getResult] [getResult] [idx(1)] Hal3A Plug-in
02-11 10:12:19.083  1042 27276 I Hal3ACustomImp: [convertToMetaset] [convertToMetaset] [idx(1)] Hal3A Plug-in
02-11 10:12:19.083  1042 27276 I sec_custom_ta11plus.cpp: [cust_getIsSECApplication] [cust_getIsSECApplication] gIsSECApplication(0)
02-11 10:12:19.083  1042 27276 I sec_custom_ta11plus.cpp: [cust_getIsSECApplication] [cust_getIsSECApplication] gIsSECApplication(0)
02-11 10:12:19.083  1042 27276 I sec_custom_ta11plus.cpp: [cust_aeGetLiveHdrState] [cust_aeGetLiveHdrState] i4LiveHdrMode(0), ret(101)
02-11 10:12:19.083  1042 27276 I sec_custom_ta11plus.cpp: [cust_shotConditionForSEC] [cust_shotConditionForSEC][param in], idx(1), facing(1), BV(87), nightBv(947) gain(5.100000), zoomRto(1.000000), hdrState(101), isFlash(0), shootingmode(0), gyro(0), Cwr(790), DynamicRange(6342), sunDetectionInfo(0)
02-11 10:12:19.083  1042 27276 I sec_custom_ta11plus.cpp: [cust_shotConditionForSEC] [cust_shotConditionForSEC] jpegW/H(0/0), bIsSECApplication(0)
02-11 10:12:19.083  1042 27276 I sec_custom_ta11plus.cpp: [cust_refineHdrStateByLLSFlag] [cust_refineHdrStateByLLSFlag][param in] idx(1), i4LiveHdrState(101)
02-11 10:12:19.083  1042 27276 I sec_custom_ta11plus.cpp: [cust_refineHdrStateByLLSFlag] [cust_refineHdrStateByLLSFlag][param out] idx(1), ret(101), i4LiveHdrState(101), curLlsFlag(0),  c0(0), c1(0)
02-11 10:12:19.083  1042 27276 I sec_custom_ta11plus.cpp: [cust_getSECGyroState] [cust_getSECGyroState] gyroState(1)
02-11 10:12:19.083  1042 27276 I Hal3ACustomImp: [removePartialMetasetAppTag] [removePartialMetasetAppTag] [idx(1)] Hal3A Plug-in
02-11 10:12:19.084  1042 27278 I TsfImp  : [getLscIspInfo] dac_prev(0)
02-11 10:12:19.084  1042  1544 I TsfImp  : [tsfBatch] userId(0), dac_inf:1024,dac_macro:4096,dac_prev/cur:0/0 AE(Y:721,LV:87,ISO:153,LV_IDX:4,shutter:8337142,isStable:1,isLock:0,isFlash:0) AWB(CCT_IDX:7,CCT:5464,GainR/G/B:1086/512/810,isLock:0) Gyro0/1/2:0/0/0,orient:0,faceNum:1,faceRect:1470/199/2180/1054
02-11 10:12:19.085  1042 27278 W Hal3AImp_v1_0: [On3AFinish] [idx(1)] [STT](#450000003d) No valid 3A result, calculation might be canceled by stream-off
02-11 10:12:19.085  1042 27278 I Hal3ACustomImp: [convertToPartialMetaset2A] [convertToPartialMetaset2A] [idx(1)] Hal3A Plug-in
02-11 10:12:19.085  1042 27278 W MtkCbAdptor: [1-CoreConverter::convertResult] failed to setEntry, MTK_HALCORE_CALLBACK_REALTIME_MODE
02-11 10:12:19.090  1003 17025 D AudioDspStreamManager: getDspTaskA2DPStatus(), mDspTaskA2DPActive = 0
02-11 10:12:19.092  1042  1546 I DipDrv  : [dipfr_update_tdr] src_tdr_idx(6) ofst:6492544 va:0x758a0c8180 iova:3d8e31180 tdr_sz(10896)
02-11 10:12:19.092  1042  1546 I PQDIPDrv: [pqdip_update_tdr] src_tdr_ridx(6) va:0x75f6d32c00, iova:3d7f9cc00 tdr_sz(1392) set to dst_tdr_ridx(10)
02-11 10:12:19.092  1042 27282 I RequestRegulator: Cam::1 [signal] VSirq : SofIdx(221693), getSofIdx(221692/1), processed(64<->63), CamsysFrameSequence(63)
02-11 10:12:19.093  1042 27287 I Hal3ACustomImp: [convertToSetting3A] [convertToSetting3A] [idx(1)] Hal3A Plug-in
02-11 10:12:19.093  1042 25435 I MtkCam/ZoomRatioConverter: [UpdateZoomRatio] pillarboxed crop zoom, ratio:1.000000
02-11 10:12:19.093  1042 25435 W mtkcam-capturesession: [1-CaptureSessionDefault::onGetSharedSteramPoolAllocSize] poolSize 1 -> 0.000000 fail (map is empty) !!
02-11 10:12:19.094  1042 25435 I Hal3ACustomImp: [setControl] [setControl] [idx(1)] Hal3A Plug-in
02-11 10:12:19.094  1042 25435 I Hal3ACustomImp: [convertToRequest] [convertToRequest] [idx(1)] Hal3A Plug-in
02-11 10:12:19.094  1042 25435 I Hal3ACustomImp: [operator()] Prev/Curr CaptureIntent: (3 / 3)
02-11 10:12:19.094  1042 25435 I sec_custom_ta11plus.cpp: [cust_getIsSECApplication] [cust_getIsSECApplication] gIsSECApplication(0)
02-11 10:12:19.094  1042 25435 I sec_custom_ta11plus.cpp: [cust_getIsSECApplication] [cust_getIsSECApplication] gIsSECApplication(0)
02-11 10:12:19.094  1042 25435 I sec_custom_ta11plus.cpp: [cust_multiFrameCtrlForSEC] [cust_multiFrameCtrlForSEC][param in], idx(1), facing(1), i4ShotHint(0), ae_lock(0), ae_exp_index(0), awb_lock(0), pause_af(0)
02-11 10:12:19.094  1042 25435 I sec_custom_ta11plus.cpp: [cust_multiFrameCtrlForSEC] [cust_multiFrameCtrlForSEC][param in], date.0130, curCapCnt(0), curLlsFlag(0), isRemosaic(0), resetAELock(0), bIsSECApplication(0), i4ShootingMode(0), cntWaitAELock(0)
02-11 10:12:19.097  1042  1543 I mtkcam_hal_legacy2android_device: [convertStreamBuffer] [debug chingchi] requestStreamBuffer bufferHandle:0xb4000076eaf74850, bufferId:0xb40000777afddfc8
02-11 10:12:19.109  1003 17025 D AudioDspStreamManager: getDspTaskA2DPStatus(), mDspTaskA2DPActive = 0
02-11 10:12:19.124  1042 27276 I Hal3ACustomImp: [getResult] [getResult] [idx(1)] Hal3A Plug-in
02-11 10:12:19.124  1042 27276 I Hal3ACustomImp: [convertToMetaset] [convertToMetaset] [idx(1)] Hal3A Plug-in
02-11 10:12:19.124  1042 27276 I sec_custom_ta11plus.cpp: [cust_getIsSECApplication] [cust_getIsSECApplication] gIsSECApplication(0)
02-11 10:12:19.124  1042 27276 I sec_custom_ta11plus.cpp: [cust_getIsSECApplication] [cust_getIsSECApplication] gIsSECApplication(0)
02-11 10:12:19.124  1042 27276 I sec_custom_ta11plus.cpp: [cust_aeGetLiveHdrState] [cust_aeGetLiveHdrState] i4LiveHdrMode(0), ret(101)
02-11 10:12:19.124  1042 27276 I sec_custom_ta11plus.cpp: [cust_shotConditionForSEC] [cust_shotConditionForSEC][param in], idx(1), facing(1), BV(87), nightBv(947) gain(5.100000), zoomRto(1.000000), hdrState(101), isFlash(0), shootingmode(0), gyro(0), Cwr(791), DynamicRange(6342), sunDetectionInfo(0)
02-11 10:12:19.124  1042 27276 I sec_custom_ta11plus.cpp: [cust_shotConditionForSEC] [cust_shotConditionForSEC] jpegW/H(0/0), bIsSECApplication(0)
02-11 10:12:19.124  1042 27276 I sec_custom_ta11plus.cpp: [cust_refineHdrStateByLLSFlag] [cust_refineHdrStateByLLSFlag][param in] idx(1), i4LiveHdrState(101)
02-11 10:12:19.124  1042 27276 I sec_custom_ta11plus.cpp: [cust_refineHdrStateByLLSFlag] [cust_refineHdrStateByLLSFlag][param out] idx(1), ret(101), i4LiveHdrState(101), curLlsFlag(0),  c0(0), c1(0)
02-11 10:12:19.124  1042 27276 I sec_custom_ta11plus.cpp: [cust_getSECGyroState] [cust_getSECGyroState] gyroState(1)
02-11 10:12:19.124  1042 27276 I Hal3ACustomImp: [removePartialMetasetAppTag] [removePartialMetasetAppTag] [idx(1)] Hal3A Plug-in
02-11 10:12:19.125  1042 27278 W HalBlackBoard: [readBoard] [idx(1)] ASSERTION: req(#0x460000003b/#59) has been flushed out, current index is req(#0x460000003e/#62)!
02-11 10:12:19.128  1042 27278 I TsfImp  : [getLscIspInfo] dac_prev(0)
02-11 10:12:19.128  1042 27278 W Hal3AImp_v1_0: [On3AFinish] [idx(1)] [STT](#460000003e) No valid 3A result, calculation might be canceled by stream-off
02-11 10:12:19.128  1042 27278 I Hal3ACustomImp: [convertToPartialMetaset2A] [convertToPartialMetaset2A] [idx(1)] Hal3A Plug-in
02-11 10:12:19.128  1042 27278 W MtkCbAdptor: [1-CoreConverter::convertResult] failed to setEntry, MTK_HALCORE_CALLBACK_REALTIME_MODE
02-11 10:12:19.130  1003 17025 D AudioDspStreamManager: getDspTaskA2DPStatus(), mDspTaskA2DPActive = 0
02-11 10:12:19.132  1042  1546 I DipDrv  : [dipfr_update_tdr] src_tdr_idx(9) ofst:6928768 va:0x758a132980 iova:3d8e9b980 tdr_sz(10896)
02-11 10:12:19.132  1042  1546 I PQDIPDrv: [pqdip_update_tdr] src_tdr_ridx(9) va:0x75f6d41000, iova:3d7fab000 tdr_sz(1392) set to dst_tdr_ridx(11)
02-11 10:12:19.134  1042 27282 I RequestRegulator: Cam::1 [signal] VSirq : SofIdx(221694), getSofIdx(221693/1), processed(65<->64), CamsysFrameSequence(64)
02-11 10:12:19.134  1042 27287 I Hal3ACustomImp: [convertToSetting3A] [convertToSetting3A] [idx(1)] Hal3A Plug-in
02-11 10:12:19.135  1042  1042 I MtkCam/ZoomRatioConverter: [UpdateZoomRatio] pillarboxed crop zoom, ratio:1.000000
02-11 10:12:19.135  1042  1042 W mtkcam-capturesession: [1-CaptureSessionDefault::onGetSharedSteramPoolAllocSize] poolSize 1 -> 0.000000 fail (map is empty) !!
02-11 10:12:19.136  1042  1042 I Hal3ACustomImp: [setControl] [setControl] [idx(1)] Hal3A Plug-in
02-11 10:12:19.136  1042  1042 I Hal3ACustomImp: [convertToRequest] [convertToRequest] [idx(1)] Hal3A Plug-in
02-11 10:12:19.136  1042  1042 I Hal3ACustomImp: [operator()] Prev/Curr CaptureIntent: (3 / 3)
02-11 10:12:19.136  1042  1042 I sec_custom_ta11plus.cpp: [cust_getIsSECApplication] [cust_getIsSECApplication] gIsSECApplication(0)
02-11 10:12:19.136  1042  1042 I sec_custom_ta11plus.cpp: [cust_getIsSECApplication] [cust_getIsSECApplication] gIsSECApplication(0)
02-11 10:12:19.136  1042  1042 I sec_custom_ta11plus.cpp: [cust_multiFrameCtrlForSEC] [cust_multiFrameCtrlForSEC][param in], idx(1), facing(1), i4ShotHint(0), ae_lock(0), ae_exp_index(0), awb_lock(0), pause_af(0)
02-11 10:12:19.136  1042  1042 I sec_custom_ta11plus.cpp: [cust_multiFrameCtrlForSEC] [cust_multiFrameCtrlForSEC][param in], date.0130, curCapCnt(0), curLlsFlag(0), isRemosaic(0), resetAELock(0), bIsSECApplication(0), i4ShootingMode(0), cntWaitAELock(0)
02-11 10:12:19.141  1042  1543 I mtkcam_hal_legacy2android_device: [convertStreamBuffer] [debug chingchi] requestStreamBuffer bufferHandle:0xb4000076eaf95850, bufferId:0xb40000777afaebc8
02-11 10:12:19.145  1451  2223 I EDMNativeHelperService: isCameraEnabled
02-11 10:12:19.145  1451  2223 D EDMNativeHelper: isCameraEnabled
02-11 10:12:19.145  1451  2223 D EDMNativeHelper: checking for camera in EnterpriseDeviceManagerService
02-11 10:12:19.146  1451  2223 D EnterpriseDeviceManagerService: isCameraEnabledNative
02-11 10:12:19.147  1451  2223 D EnterpriseDeviceManagerService: checking for camera in restriction policy
02-11 10:12:19.148  1451  2223 D RestrictionPolicy: isCameraEnabled ret(true) userId(0) cxtInfo.mCallerUid(10354) cxtInfo.mContainerId(0)
02-11 10:12:19.151  1003 17025 D AudioDspStreamManager: getDspTaskA2DPStatus(), mDspTaskA2DPActive = 0
02-11 10:12:19.166  1042 27278 W HalBlackBoard: [readBoard] [idx(1)] ASSERTION: req(#0x470000003c/#60) has been flushed out, current index is req(#0x470000003f/#63)!
02-11 10:12:19.166  1042 27276 I Hal3ACustomImp: [getResult] [getResult] [idx(1)] Hal3A Plug-in
02-11 10:12:19.166  1042 27276 I Hal3ACustomImp: [convertToMetaset] [convertToMetaset] [idx(1)] Hal3A Plug-in
02-11 10:12:19.166  1042 27276 I sec_custom_ta11plus.cpp: [cust_getIsSECApplication] [cust_getIsSECApplication] gIsSECApplication(0)
02-11 10:12:19.166  1042 27276 I sec_custom_ta11plus.cpp: [cust_getIsSECApplication] [cust_getIsSECApplication] gIsSECApplication(0)
02-11 10:12:19.166  1042 27276 I sec_custom_ta11plus.cpp: [cust_aeGetLiveHdrState] [cust_aeGetLiveHdrState] i4LiveHdrMode(0), ret(101)
02-11 10:12:19.166  1042 27276 I sec_custom_ta11plus.cpp: [cust_shotConditionForSEC] [cust_shotConditionForSEC][param in], idx(1), facing(1), BV(87), nightBv(947) gain(5.100000), zoomRto(1.000000), hdrState(101), isFlash(0), shootingmode(0), gyro(0), Cwr(794), DynamicRange(6342), sunDetectionInfo(0)
02-11 10:12:19.166  1042 27276 I sec_custom_ta11plus.cpp: [cust_shotConditionForSEC] [cust_shotConditionForSEC] jpegW/H(0/0), bIsSECApplication(0)
02-11 10:12:19.166  1042 27276 I sec_custom_ta11plus.cpp: [cust_refineHdrStateByLLSFlag] [cust_refineHdrStateByLLSFlag][param in] idx(1), i4LiveHdrState(101)
02-11 10:12:19.166  1042 27276 I sec_custom_ta11plus.cpp: [cust_refineHdrStateByLLSFlag] [cust_refineHdrStateByLLSFlag][param out] idx(1), ret(101), i4LiveHdrState(101), curLlsFlag(0),  c0(0), c1(0)
02-11 10:12:19.166  1042 27276 I sec_custom_ta11plus.cpp: [cust_getSECGyroState] [cust_getSECGyroState] gyroState(1)
02-11 10:12:19.166  1042 27276 I Hal3ACustomImp: [removePartialMetasetAppTag] [removePartialMetasetAppTag] [idx(1)] Hal3A Plug-in
02-11 10:12:19.168  1042 27278 I TsfImp  : [getLscIspInfo] dac_prev(0)
02-11 10:12:19.168  1042 27278 W Hal3AImp_v1_0: [On3AFinish] [idx(1)] [STT](#470000003f) No valid 3A result, calculation might be canceled by stream-off
02-11 10:12:19.169  1042 27278 I Hal3ACustomImp: [convertToPartialMetaset2A] [convertToPartialMetaset2A] [idx(1)] Hal3A Plug-in
02-11 10:12:19.169  1042 27278 W MtkCbAdptor: [1-CoreConverter::convertResult] failed to setEntry, MTK_HALCORE_CALLBACK_REALTIME_MODE
02-11 10:12:19.171  1003 17025 D AudioDspStreamManager: getDspTaskA2DPStatus(), mDspTaskA2DPActive = 0
02-11 10:12:19.175  1042  1546 I DipDrv  : [dipfr_update_tdr] src_tdr_idx(11) ofst:7219584 va:0x758a179980 iova:3d8ee2980 tdr_sz(10896)
02-11 10:12:19.175  1042  1546 I PQDIPDrv: [pqdip_update_tdr] src_tdr_ridx(11) va:0x75f6d4a800, iova:3d7fb4800 tdr_sz(1392) set to dst_tdr_ridx(0)
02-11 10:12:19.175  1042 27282 I RequestRegulator: Cam::1 [signal] VSirq : SofIdx(221695), getSofIdx(221694/1), processed(66<->65), CamsysFrameSequence(65)
02-11 10:12:19.176  1042 27287 I Hal3ACustomImp: [convertToSetting3A] [convertToSetting3A] [idx(1)] Hal3A Plug-in
02-11 10:12:19.177  1042 25435 I MtkCam/ZoomRatioConverter: [UpdateZoomRatio] pillarboxed crop zoom, ratio:1.000000
02-11 10:12:19.177  1042 25435 W mtkcam-capturesession: [1-CaptureSessionDefault::onGetSharedSteramPoolAllocSize] poolSize 1 -> 0.000000 fail (map is empty) !!
02-11 10:12:19.178  1042 25435 I Hal3ACustomImp: [setControl] [setControl] [idx(1)] Hal3A Plug-in
02-11 10:12:19.178  1042 25435 I Hal3ACustomImp: [convertToRequest] [convertToRequest] [idx(1)] Hal3A Plug-in
02-11 10:12:19.178  1042 25435 I Hal3ACustomImp: [operator()] Prev/Curr CaptureIntent: (3 / 3)
02-11 10:12:19.178  1042 25435 I sec_custom_ta11plus.cpp: [cust_getIsSECApplication] [cust_getIsSECApplication] gIsSECApplication(0)
02-11 10:12:19.178  1042 25435 I sec_custom_ta11plus.cpp: [cust_getIsSECApplication] [cust_getIsSECApplication] gIsSECApplication(0)
02-11 10:12:19.178  1042 25435 I sec_custom_ta11plus.cpp: [cust_multiFrameCtrlForSEC] [cust_multiFrameCtrlForSEC][param in], idx(1), facing(1), i4ShotHint(0), ae_lock(0), ae_exp_index(0), awb_lock(0), pause_af(0)
02-11 10:12:19.178  1042 25435 I sec_custom_ta11plus.cpp: [cust_multiFrameCtrlForSEC] [cust_multiFrameCtrlForSEC][param in], date.0130, curCapCnt(0), curLlsFlag(0), isRemosaic(0), resetAELock(0), bIsSECApplication(0), i4ShootingMode(0), cntWaitAELock(0)
02-11 10:12:19.181  1042  1540 I mtkcam_hal_legacy2android_device: [convertStreamBuffer] [debug chingchi] requestStreamBuffer bufferHandle:0xb4000076eafbafd0, bufferId:0xb40000777af9c9e8
02-11 10:12:19.194  1003 17025 D AudioDspStreamManager: getDspTaskA2DPStatus(), mDspTaskA2DPActive = 0
02-11 10:12:19.207  1042 27278 W HalBlackBoard: [readBoard] [idx(1)] ASSERTION: req(#0x480000003d/#61) has been flushed out, current index is req(#0x4800000040/#64)!
02-11 10:12:19.207  1042 27276 I Hal3ACustomImp: [getResult] [getResult] [idx(1)] Hal3A Plug-in
02-11 10:12:19.207  1042 27276 I Hal3ACustomImp: [convertToMetaset] [convertToMetaset] [idx(1)] Hal3A Plug-in
02-11 10:12:19.208  1042 27276 I sec_custom_ta11plus.cpp: [cust_getIsSECApplication] [cust_getIsSECApplication] gIsSECApplication(0)
02-11 10:12:19.208  1042 27276 I sec_custom_ta11plus.cpp: [cust_getIsSECApplication] [cust_getIsSECApplication] gIsSECApplication(0)
02-11 10:12:19.208  1042 27276 I sec_custom_ta11plus.cpp: [cust_aeGetLiveHdrState] [cust_aeGetLiveHdrState] i4LiveHdrMode(0), ret(101)
02-11 10:12:19.208  1042 27276 I sec_custom_ta11plus.cpp: [cust_shotConditionForSEC] [cust_shotConditionForSEC][param in], idx(1), facing(1), BV(87), nightBv(947) gain(5.100000), zoomRto(1.000000), hdrState(101), isFlash(0), shootingmode(0), gyro(0), Cwr(796), DynamicRange(6343), sunDetectionInfo(0)
02-11 10:12:19.208  1042 27276 I sec_custom_ta11plus.cpp: [cust_shotConditionForSEC] [cust_shotConditionForSEC] jpegW/H(0/0), bIsSECApplication(0)
02-11 10:12:19.208  1042 27276 I sec_custom_ta11plus.cpp: [cust_refineHdrStateByLLSFlag] [cust_refineHdrStateByLLSFlag][param in] idx(1), i4LiveHdrState(101)
02-11 10:12:19.208  1042 27276 I sec_custom_ta11plus.cpp: [cust_refineHdrStateByLLSFlag] [cust_refineHdrStateByLLSFlag][param out] idx(1), ret(101), i4LiveHdrState(101), curLlsFlag(0),  c0(0), c1(0)
02-11 10:12:19.208  1042 27276 I sec_custom_ta11plus.cpp: [cust_getSECGyroState] [cust_getSECGyroState] gyroState(1)
02-11 10:12:19.208  1042 27276 I Hal3ACustomImp: [removePartialMetasetAppTag] [removePartialMetasetAppTag] [idx(1)] Hal3A Plug-in
02-11 10:12:19.210  1042 27278 I TsfImp  : [getLscIspInfo] dac_prev(0)
02-11 10:12:19.210  1042 27278 W Hal3AImp_v1_0: [On3AFinish] [idx(1)] [STT](#4800000040) No valid 3A result, calculation might be canceled by stream-off
02-11 10:12:19.210  1042 27278 I Hal3ACustomImp: [convertToPartialMetaset2A] [convertToPartialMetaset2A] [idx(1)] Hal3A Plug-in
02-11 10:12:19.210  1042 27278 W MtkCbAdptor: [1-CoreConverter::convertResult] failed to setEntry, MTK_HALCORE_CALLBACK_REALTIME_MODE
02-11 10:12:19.213  1003 17025 D AudioDspStreamManager: getDspTaskA2DPStatus(), mDspTaskA2DPActive = 0
02-11 10:12:19.216  1042  1547 I DipDrv  : [dipfr_update_tdr] src_tdr_idx(10) ofst:7074176 va:0x758a156180 iova:3d8ebf180 tdr_sz(10896)
02-11 10:12:19.216  1042  1547 I PQDIPDrv: [pqdip_update_tdr] src_tdr_ridx(10) va:0x75f6d45c00, iova:3d7fafc00 tdr_sz(1392) set to dst_tdr_ridx(1)
02-11 10:12:19.218  1042 27282 I RequestRegulator: Cam::1 [signal] VSirq : SofIdx(221696), getSofIdx(221695/1), processed(67<->66), CamsysFrameSequence(66)
02-11 10:12:19.218  1042 27287 I Hal3ACustomImp: [convertToSetting3A] [convertToSetting3A] [idx(1)] Hal3A Plug-in
02-11 10:12:19.219  1042  1042 I MtkCam/ZoomRatioConverter: [UpdateZoomRatio] pillarboxed crop zoom, ratio:1.000000
02-11 10:12:19.219  1042  1042 W mtkcam-capturesession: [1-CaptureSessionDefault::onGetSharedSteramPoolAllocSize] poolSize 1 -> 0.000000 fail (map is empty) !!
02-11 10:12:19.219  1451  2223 I WindowManager: Relayout Window{d5cbea9 u0 StatusBar}: viewVisibility=0 req=1920x45 ty=2000 d0
02-11 10:12:19.220  1042  1042 I Hal3ACustomImp: [setControl] [setControl] [idx(1)] Hal3A Plug-in
02-11 10:12:19.220  1042  1042 I Hal3ACustomImp: [convertToRequest] [convertToRequest] [idx(1)] Hal3A Plug-in
02-11 10:12:19.220  1042  1042 I Hal3ACustomImp: [operator()] Prev/Curr CaptureIntent: (3 / 3)
02-11 10:12:19.220  1042  1042 I sec_custom_ta11plus.cpp: [cust_getIsSECApplication] [cust_getIsSECApplication] gIsSECApplication(0)
02-11 10:12:19.220  1042  1042 I sec_custom_ta11plus.cpp: [cust_getIsSECApplication] [cust_getIsSECApplication] gIsSECApplication(0)
02-11 10:12:19.220  1042  1042 I sec_custom_ta11plus.cpp: [cust_multiFrameCtrlForSEC] [cust_multiFrameCtrlForSEC][param in], idx(1), facing(1), i4ShotHint(0), ae_lock(0), ae_exp_index(0), awb_lock(0), pause_af(0)
02-11 10:12:19.220  1042  1042 I sec_custom_ta11plus.cpp: [cust_multiFrameCtrlForSEC] [cust_multiFrameCtrlForSEC][param in], date.0130, curCapCnt(0), curLlsFlag(0), isRemosaic(0), resetAELock(0), bIsSECApplication(0), i4ShootingMode(0), cntWaitAELock(0)
02-11 10:12:19.222  1042  1540 I mtkcam_hal_legacy2android_device: [convertStreamBuffer] [debug chingchi] requestStreamBuffer bufferHandle:0xb4000076eaf9f670, bufferId:0xb40000777afa4ae8
02-11 10:12:19.222  1944  1944 I BLASTBufferQueue_Java: update, w= 1920 h= 45 mName = VRI[StatusBar]@1081867 mNativeObject= 0xb4000071452c13a0 sc.mNativeObject= 0xb4000070f52c9f50 format= -3 caller= android.view.ViewRootImpl.updateBlastSurfaceIfNeeded:3579 android.view.ViewRootImpl.relayoutWindow:11689 android.view.ViewRootImpl.performTraversals:4808 android.view.ViewRootImpl.doTraversal:3929 android.view.ViewRootImpl$TraversalRunnable.run:12907 android.view.Choreographer$CallbackRecord.run:1901 
02-11 10:12:19.222  1944  1944 I VRI[StatusBar]@1081867: Relayout returned: old=(0,0,1920,45) new=(0,0,1920,45) relayoutAsync=true req=(1920,45)0 dur=4 res=0x0 s={true 0xb400007015426cb0} ch=false seqId=0
02-11 10:12:19.223  1451  2223 I WindowManager: Cancelling animation restarting=true, leash=Surface(name=Surface(name=d5cbea9 StatusBar)/@0xdac8d3a - animation-leash of insets_animation)/@0xa2c2666
02-11 10:12:19.224  1451  2223 I WindowManager: Reparenting to original parent: Surface(name=WindowToken{b350230 type=2000 android.os.BinderProxy@2a663e2})/@0xa5bfdeb, destroy=false, surface=Surface(name=d5cbea9 StatusBar)/@0xdac8d3a
02-11 10:12:19.224  1944  1944 I VRI[StatusBar]@1081867: registerCallbackForPendingTransactions
02-11 10:12:19.224  1451  2223 I WindowManager: Reparenting to leash, surface=Surface(name=d5cbea9 StatusBar)/@0xdac8d3a, leashParent=Surface(name=WindowToken{b350230 type=2000 android.os.BinderProxy@2a663e2})/@0xa5bfdeb
02-11 10:12:19.225  1944  2220 I VRI[StatusBar]@1081867: mWNT: t=0xb4000071954493d0 mBlastBufferQueue=0xb4000071452c13a0 fn= 44243 HdrRenderState mRenderHdrSdrRatio=1.0 caller= android.view.ViewRootImpl$10.onFrameDraw:6540 android.view.ViewRootImpl$4.onFrameDraw:2494 android.view.ThreadedRenderer$1.onFrameDraw:718 
02-11 10:12:19.225  1074  1144 I SurfaceFlinger: id=43993 createSurf, flag=24000, Surface(name=d5cbea9 StatusBar)/@0xdac8d3a - animation-leash of insets_animation#43993
02-11 10:12:19.226  1451  2223 D WindowManager: makeSurface duration=2 leash=Surface(name=Surface(name=d5cbea9 StatusBar)/@0xdac8d3a - animation-leash of insets_animation)/@0x9a53e4a
02-11 10:12:19.227  1451  2223 D InsetsSourceProvider: updateControlForTarget: control=InsetsSourceControl: {d4260000 mType=statusBars initiallyVisible mSurfacePosition=Point(0, 0) mInsetsHint=Insets{left=0, top=45, right=0, bottom=0}}, target=Window{d45ae0c u0 kr.co.kyowon.videolesson.play/com.kyowon.livechat_lib.MeetingActivity}, from=com.android.server.wm.InsetsStateController.onControlTargetChanged:83 com.android.server.wm.InsetsPolicy.updateBarControlTarget:212 com.android.server.wm.DisplayPolicy.updateSystemBarAttributes:262 com.android.server.wm.DisplayPolicy.finishPostLayoutPolicyLw:17 com.android.server.wm.RootWindowContainer.applySurfaceChangesTransaction$1:195 
02-11 10:12:19.227  1451  2223 D InsetsSourceProvider: updateFakeControlTarget: fakeControl=InsetsSourceControl: {d4260000 mType=statusBars mSurfacePosition=Point(0, 0) mInsetsHint=Insets{left=0, top=0, right=0, bottom=0}}, fakeTarget=null
02-11 10:12:19.231  1074  1074 I SurfaceFlinger: [Surface(name=d5cbea9 StatusBar)/@0xdac8d3a - animation-leash of insets_animation#43993] attach to parent LayerHierarchy{RequestedLayerState{WindowToken{b350230 type=2000 android.os.BinderProxy@2a663e2}#95 parentId=17} 2 children}
02-11 10:12:19.231  1451  2223 I WindowManager: Relayout hash=d5cbea9, pid=0, syncId=-1: mAttrs={(0,0)(fillx45) gr=TOP CENTER_VERTICAL sim={adjust=pan} layoutInDisplayCutoutMode=always ty=STATUS_BAR fmt=TRANSLUCENT
02-11 10:12:19.231  1451  2223 I WindowManager:   fl=81000008
02-11 10:12:19.231  1451  2223 I WindowManager:   pfl=11000000
02-11 10:12:19.231  1451  2223 I WindowManager:   bhv=1
02-11 10:12:19.231  1451  2223 I WindowManager:   providedInsets:
02-11 10:12:19.231  1451  2223 I WindowManager:     InsetsFrameProvider: {id=#d4260000, index=0, type=statusBars, source=FRAME, flags=[], insetsSize=Insets{left=0, top=45, right=0, bottom=0}}
02-11 10:12:19.231  1451  2223 I WindowManager:     InsetsFrameProvider: {id=#d4260006, index=0, type=tappableElement, source=FRAME, flags=[], insetsSize=Insets{left=0, top=45, right=0, bottom=0}}
02-11 10:12:19.231  1451  2223 I WindowManager:     InsetsFrameProvider: {id=#d4260005, index=0, type=mandatorySystemGestures, source=FRAME, flags=[], mMinimalInsetsSizeInDisplayCutoutSafe=Insets{left=0, top=18, right=0, bottom=0}}
02-11 10:12:19.231  1451  2223 I WindowManager:   frameRateBoostOnTouch=true
02-11 10:12:19.231  1451  2223 I WindowManager:   dvrrWindowFrameRateHint=true
02-11 10:12:19.231  1451  2223 I WindowManager:   paramsForRotation:
02-11 10:12:19.231  1451  2223 I WindowManager:     ROTATION_0={(0,0)(fillx45) gr=TOP CENTER_VERTICAL layoutInDisplayCutoutMode=always ty=STATUS_BAR fmt=TRANSLUCENT
02-11 10:12:19.231  1451  2223 I WindowManager:       fl=80000008
02-11 10:12:19.231  1451  2223 I WindowManager:       pfl=11000000
02-11 10:12:19.231  1451  2223 I WindowManager:       bhv=1
02-11 10:12:19.231  1451  2223 I WindowManager:       providedInsets:
02-11 10:12:19.231  1451  2223 I WindowManager:         InsetsFrameProvider: {id=#d4260000, index=0, type=statusBars, source=FRAME, flags=[], insetsSize=Insets{left=0, top=45, right=0, bottom=0}}
02-11 10:12:19.231  1451  2223 I WindowManager:         InsetsFrameProvider: {id=#d4260006, index=0, type=tappableElement, source=FRAME, flags=[], insetsSize=Insets{left=0, top=45, right=0, bottom=0}}
02-11 10:12:19.231  1451  2223 I WindowManager:         InsetsFrameProvider: {id=#d4260005, index=0, type=mandatorySystemGestures, source=FRAME, flags=[], insetsSize=Insets{left=0, top=45, right=0, bottom=0}, mMinimalInsetsSizeInDisplayCutoutSafe=Insets{left=0, top=18, right=0, bottom=0}}
02-11 10:12:19.231  1451  2223 I WindowManager:       frameRateBoostOnTouch=true
02-11 10:12:19.231  1451  2223 I WindowManager:       dvrrWindowFrameRateHint=true naviIconColor=0}
02-11 10:12:19.231  1451  2223 I WindowManager:     ROTATION_90={(0,0)(fillx45) gr=TOP CENTER_VERTICAL layoutInDisplayCutoutMode=always ty=STATUS_BAR fmt=TRANSLUCENT
02-11 10:12:19.231  1451  2223 I WindowManager:       fl=80000008
02-11 10:12:19.231  1451  2223 I WindowManager:       pfl=11000000
02-11 10:12:19.231  1451  2223 I WindowManager:       bhv=1
02-11 10:12:19.231  1451  2223 I WindowManager:       providedInsets:
02-11 10:12:19.231  1451  2223 I WindowManager:         InsetsFrameProvider: {id=#d4260000, index=0, type=statusBars, source=FRAME, flags=[], insetsSize=Insets{left=0, top=45, right=0, bottom=0}}
02-11 10:12:19.231  1451  2223 I WindowManager:         InsetsFrameProvider: {id=#d4260006, index=0, type=tappableElement, source=FRAME, flags=[], insetsSize=Insets{left=0, top=45, right=0, bottom=0}}
02-11 10:12:19.231  1451  2223 I WindowManager:         InsetsFrameProvider: {id=#d4260005, index=0, type=mandatorySystemGestures, source=FRAME, flags=[], insetsSize=Insets{left=0, top=45, right=0, bottom=0}, mMinimalInsetsSizeInDisplayCutoutSafe=Insets{left=0, top=18, right=0, bottom=0}}
02-11 10:12:19.231  1451  2223 I WindowManager:       frameRateBoostOnTouch=true
02-11 10:12:19.231  1451  2223 I WindowManager:       dvrrWindowFrameRateHint=true naviIconColor=0}
02-11 10:12:19.231  1451  2223 I WindowManager:     ROTATION_180={(0,0)(fillx45) gr=TOP CENTER_VERTICAL layoutInDisplayCutoutMode=always ty=STATUS_BAR fmt=TRANSLUCENT
02-11 10:12:19.231  1451  2223 I WindowManager:       fl=80000008
02-11 10:12:19.231  1451  2223 I WindowManager:       pfl=11000000
02-11 10:12:19.231  1451  2223 I WindowManager:       bhv=1
02-11 10:12:19.231  1451  2223 I WindowManager:       providedInsets:
02-11 10:12:19.231  1451  2223 I WindowManager:         InsetsFrameProvider: {id=#d4260000, index=0, type=statusBars, source=FRAME, flags=[], insetsSize=Insets{left=0, top=45, right=0, bottom=0}}
02-11 10:12:19.231  1451  2223 I WindowManager:         InsetsFrameProvider: {id=#d4260006, index=0, type=tappableElement, source=FRAME, flags=[], insetsSize=Insets{left=0, top=45, right=0, bottom=0}}
02-11 10:12:19.231  1451  2223 I WindowManager:         InsetsFrameProvider: {id=#d4260005, index=0, type=mandatorySystemGestures, source=FRAME, flags=[], insetsSize=Insets{left=0, top=45, right=0, bottom=0}, mMinimalInsetsSizeInDisplayCutoutSafe=Insets{left=0, top=18, right=0, bottom=0}}
