02-11 10:09:24.108 23211 24743 D CCodecConfig:   c2::u32 raw.color.transfer = 0
02-11 10:09:24.108 23211 24743 D CCodecConfig:   c2::u32 raw.crop.height = 239
02-11 10:09:24.108 23211 24743 D CCodecConfig:   c2::u32 raw.crop.left = 0
02-11 10:09:24.108 23211 24743 D CCodecConfig:   c2::u32 raw.crop.top = 0
02-11 10:09:24.108 23211 24743 D CCodecConfig:   c2::u32 raw.crop.width = 319
02-11 10:09:24.108 23211 24743 D CCodecConfig:   c2::float raw.hdr-static-info.master
02-11 10:09:24.115 23211 24743 W ColorUtils: expected specified color aspects (2:0:0:0)
02-11 10:09:24.115 23211 24743 I CCodec  : [c2.mtk.avc.decoder] config->queryConfiguration()
02-11 10:09:24.115 23211 24743 I CCodec  : [c2.mtk.avc.decoder] mCallback->onComponentAllocated() IN
02-11 10:09:24.115 23211 24743 I CCodec  : [c2.mtk.avc.decoder] mCallback->onComponentAllocated() OUT
02-11 10:09:24.122 23211 24660 E MediaCodec: Media Quality Service not found.
02-11 10:09:24.122 23211 24743 D CCodec  : [c2.mtk.avc.decoder] buffers are bound to CCodec for this session
02-11 10:09:24.123 23211 24743 I CCodec  : Client requested ByteBuffer mode
02-11 10:09:24.123 23211 24743 I CCodec  : appPid(23211) width(640) height(480)
02-11 10:09:24.123 23211 24743 D CCodecConfig: no c2 equivalents for color-format
02-11 10:09:24.123 23211 24743 D CCodecConfig: no c2 equivalents for flags
02-11 10:09:24.125 23211 23215 I ideolesson.play: Background concurrent mark compact GC freed 12MB AllocSpace bytes, 0(0B) LOS objects, 49% free, 10MB/20MB, paused 693us,1.511ms total 104.861ms
02-11 10:09:24.126 23211 24743 D CCodecConfig: c2 config diff is   c2::u32 raw.size.height = 480
02-11 10:09:24.126 23211 24743 D CCodecConfig:   c2::u32 raw.size.width = 640
02-11 10:09:24.126 23211 24743 W ColorUtils: expected specified color aspects (2:0:0:0)
02-11 10:09:24.127 23211 24743 W Codec2Client: query -- param skipped: index = 1107298332.
02-11 10:09:24.127 23211 24743 D CCodec  : encoding statistics level = 0
02-11 10:09:24.127 23211 24743 D CCodec  : setup formats input: AMessage(what = 0x00000000) = {
02-11 10:09:24.127 23211 24743 D CCodec  :   string mime = "video/avc"
02-11 10:09:24.127 23211 24743 D CCodec  :   int32_t width = 640
02-11 10:09:24.127 23211 24743 D CCodec  :   int32_t profile = 65536
02-11 10:09:24.127 23211 24743 D CCodec  :   int32_t priority = -1
02-11 10:09:24.127 23211 24743 D CCodec  :   int32_t frame-rate = 0
02-11 10:09:24.127 23211 24743 D CCodec  :   int32_t height = 480
02-11 10:09:24.127 23211 24743 D CCodec  :   int32_t level = 32768
02-11 10:09:24.127 23211 24743 D CCodec  :   int32_t max-input-size = 2097152
02-11 10:09:24.127 23211 24743 D CCodec  :   Rect crop(0, 0, 318, 238)
02-11 10:09:24.127 23211 24743 D CCodec  : }
02-11 10:09:24.127 23211 24743 D CCodec  : setup formats output: AMessage(what = 0x00000000) = {
02-11 10:09:24.127 23211 24743 D CCodec  :   int32_t android._color-format = 2135033992
02-11 10:09:24.127 23211 24743 D CCodec  :   int32_t android._video-scaling = 1
02-11 10:09:24.127 23211 24743 D CCodec  :   int32_t sar-width = 1
02-11 10:09:24.127 23211 24743 D CCodec  :   int32_t color-standard = 0
02-11 10:09:24.127 23211 24743 D CCodec  :   int32_t color-range = 2
02-11 10:09:24.127 23211 24743 D CCodec  :   int32_t color-transfer = 0
02-11 10:09:24.127 23211 24743 D CCodec  :   int32_t android._dataspace = 268435456
02-11 10:09:24.127 23211 24743 D CCodec  :   int32_t width = 640
02-11 10:09:24.127 23211 24743 D CCodec  :   int32_t rotation-degrees = 0
02-11 10:09:24.127 23211 24743 D CCodec  :   int32_t sar-height = 1
02-11 10:09:24.127 23211 24743 D CCodec  :   int32_t max-width = 320
02-11 10:09:24.127 23211 24743 D CCodec  :   int32_t max-height = 240
02-11 10:09:24.127 23211 24743 D CCodec  :   int32_t priority = -1
02-11 10:09:24.127 23211 24743 D CCodec  :   string mime = "video/raw"
02-11 10:09:24.127 23211 24743 D CCodec  :   Rect crop(0, 0, 318, 238)
02-11 10:09:24.127 23211 24743 D CCodec  :   Buffer hdr-static-info = {
02-11 10:09:24.127 23211 24743 D CCodec  :     00000000:  00 00 00 00 00 00 00 00  00 00 00 00 00 00 00 00  ................
02-11 10:09:24.127 23211 24743 D CCodec  :     00000010:  00 00 00 00 00 00 00 00  00                       .........
02-11 10:09:24.127 23211 24743 D CCodec  :   }
02-11 10:09:24.127 23211 24743 D CCodec  :   int32_t frame-rate = 0
02-11 10:09:24.127 23211 24743 D CCodec  :   int32_t height = 480
02-11 10:09:24.127 23211 24743 D CCodec  :   int32_t color-format = 19
02-11 10:09:24.127 23211 24743 D CCodec  : }
02-11 10:09:24.127 23211 24743 I CCodecConfig: query failed after returning 18 values (BAD_INDEX)
02-11 10:09:24.128 23211 24743 D CCodecConfig: c2 config diff is   c2::u32 raw.max-size.height = 480
02-11 10:09:24.128 23211 24743 D CCodecConfig:   c2::u32 raw.max-size.width = 640
02-11 10:09:24.128 23211 24743 W ColorUtils: expected specified color aspects (2:0:0:0)
02-11 10:09:24.129 23211 24743 E ideolesson.play: Failed to query component interface for required system resources: 6
02-11 10:09:24.133 23211 24742 I CCodec  : [c2.mtk.avc.decoder] state->set(STARTING)
02-11 10:09:24.141 23211 24743 W Codec2Client: query -- param skipped: index = 1342179345.
02-11 10:09:24.141 23211 24743 W Codec2Client: query -- param skipped: index = 2415921170.
02-11 10:09:24.141 23211 24743 W Codec2Client: query -- param skipped: index = 1610614798.
02-11 10:09:24.143 23211 24743 D CCodecBufferChannel: [c2.mtk.avc.decoder#744] Created input block pool with allocatorID 16 => poolID 21 - OK (0)
02-11 10:09:24.144 23211 24743 D CCodecBufferChannel: [c2.mtk.avc.decoder#744] Configured output block pool ids 1 => OK
02-11 10:09:24.144 23211 24743 D CCodecBufferChannel: [c2.mtk.avc.decoder#744] Configured output usage [0x1]
02-11 10:09:24.144 23211 24743 I CCodec  : [c2.mtk.avc.decoder] state->set(RUNNING)
02-11 10:09:24.145 23211 24743 I CCodecBufferChannel: [c2.mtk.avc.decoder#744] 4 initial input buffers available
02-11 10:09:24.150 23211 24742 I MediaCodec: setCodecState state(0), called in 6, domain 1, 1
02-11 10:09:24.160 23211 24660 I Logging : AndroidVideoDecoder: initDecodeInternal done
02-11 10:09:24.162 23211 23942 D BufferPoolAccessor2.0: bufferpool2 0xb400007185471a08 : 0(0 size) total buffers - 0(0 size) used buffers - 5801/5811 (recycle/alloc) - 17/5803 (fetch/transfer)
02-11 10:09:24.162 23211 23942 D BufferPoolAccessor2.0: Destruction - bufferpool2 0xb400007185471a08 cached: 0/0M, 0/0% in use; allocs: 5811, 100% recycled; transfers: 5803, 100% unfetched
02-11 10:09:24.173 23211 24743 D CCodecConfig: c2 config diff is   c2::u32 input.delay.value = 4
02-11 10:09:24.173 23211 24743 W ColorUtils: expected specified color aspects (2:0:0:0)
02-11 10:09:24.180 23211 24743 D CCodecConfig: c2 config diff is   c2::u32 output.delay.value = 9
02-11 10:09:24.180 23211 24743 D CCodecConfig:   c2::u32 raw.color.range = 0
02-11 10:09:24.180 23211 24743 W ColorUtils: expected specified color aspects (0:0:0:0)
02-11 10:09:24.180 23211 24743 D Codec2-OutputBufferQueue: set max dequeue count 19 from update
02-11 10:09:24.209 23211 23942 D CCodecBufferChannel: [c2.mtk.avc.decoder#744] Ignoring stale input buffer done callback: last flush index = 0, frameIndex = 0
02-11 10:09:24.228 23211 24743 D CCodecConfig: c2 config diff is   c2::u32 raw.crop.height = 480
02-11 10:09:24.228 23211 24743 D CCodecConfig:   c2::u32 raw.crop.width = 640
02-11 10:09:24.228 23211 24743 D CCodecConfig:   c2::u32 raw.pixel-format.value = 4096
02-11 10:09:24.229 23211 24743 W ColorUtils: expected specified color aspects (0:0:0:0)
02-11 10:09:24.230 23211 24743 D CCodecBuffers: [c2.mtk.avc.decoder#744:2D-BB-Output] popFromStashAndRegister: at 24429798000us, output format changed to AMessage(what = 0x00000000) = {
02-11 10:09:24.230 23211 24743 D CCodecBuffers:   int32_t android._color-format = 4096
02-11 10:09:24.230 23211 24743 D CCodecBuffers:   int32_t android._video-scaling = 1
02-11 10:09:24.230 23211 24743 D CCodecBuffers:   int32_t sar-width = 1
02-11 10:09:24.230 23211 24743 D CCodecBuffers:   int32_t color-standard = 0
02-11 10:09:24.230 23211 24743 D CCodecBuffers:   int32_t color-range = 0
02-11 10:09:24.230 23211 24743 D CCodecBuffers:   int32_t color-transfer = 0
02-11 10:09:24.230 23211 24743 D CCodecBuffers:   int32_t android._dataspace = 0
02-11 10:09:24.230 23211 24743 D CCodecBuffers:   int32_t width = 640
02-11 10:09:24.230 23211 24743 D CCodecBuffers:   int32_t rotation-degrees = 0
02-11 10:09:24.230 23211 24743 D CCodecBuffers:   int32_t sar-height = 1
02-11 10:09:24.230 23211 24743 D CCodecBuffers:   int32_t max-width = 640
02-11 10:09:24.230 23211 24743 D CCodecBuffers:   int32_t max-height = 480
02-11 10:09:24.230 23211 24743 D CCodecBuffers:   int32_t priority = -1
02-11 10:09:24.230 23211 24743 D CCodecBuffers:   string mime = "video/raw"
02-11 10:09:24.230 23211 24743 D CCodecBuffers:   Rect crop(0, 0, 639, 479)
02-11 10:09:24.230 23211 24743 D CCodecBuffers:   Buffer hdr-static-info = {
02-11 10:09:24.230 23211 24743 D CCodecBuffers:     00000000:  00 00 00 00 00 00 00 00  00 00 00 00 00 00 00 00  ................
02-11 10:09:24.230 23211 24743 D CCodecBuffers:     00000010:  00 00 00 00 00 00 00 00  00                       .........
02-11 10:09:24.230 23211 24743 D CCodecBuffers:   }
02-11 10:09:24.230 23211 24743 D CCodecBuffers:   int32_t frame-rate = 0
02-11 10:09:24.230 23211 24743 D CCodecBuffers:   int32_t height = 480
02-11 10:09:24.230 23211 24743 D CCodecBuffers:   int32_t color-format = 19
02-11 10:09:24.230 23211 24743 D CCodecBuffers: }
02-11 10:09:24.231 23211 24743 D CCodecBuffers: [c2.mtk.avc.decoder#744:2D-BB-Output] updating image-data
02-11 10:09:24.231 23211 24743 D CCodecBuffers: [c2.mtk.avc.decoder#744:2D-BB-Output] updating stride = 640, width: 640, height: 480
02-11 10:09:24.231 23211 24743 D CCodecBuffers: [c2.mtk.avc.decoder#744:2D-BB-Output] updating vstride = 480
02-11 10:09:24.235 23211 24778 I Logging : AndroidVideoDecoder: Decoder format changed: {max-height=480, crop-right=639, sar-width=1, color-format=19, slice-height=480, image-data=java.nio.HeapByteBuffer[pos=0 lim=104 cap=104], mime=video/raw, timeUs=24429798000, hdr-static-info=java.nio.HeapByteBuffer[pos=0 lim=25 cap=25], priority=-1, stride=640, color-standard=0, color-transfer=0, sar-height=1, crop-bottom=479, max-width=640, width=640, crop-left=0, color-range=0, crop-top=0, rotation-degrees=0, frame-rate=0, height=480}
02-11 10:09:24.235 23211 24778 I Logging : AndroidVideoDecoder: Color: 0x13
02-11 10:09:24.235 23211 24778 I Logging : AndroidVideoDecoder: Frame stride and slice height: 640 x 480
02-11 10:09:24.243 23211 24742 I MediaCodec: setCodecState state(1), called in 6, domain 1, 1
02-11 10:09:24.258 23211 23211 I VideoViewManager: ====> onVideoTileAdded 1 Unpaused
02-11 10:09:24.259 23211 23211 I VideoViewManager: ====> VideoViewManager showVideoTile count 2
02-11 10:09:24.259 23211 23211 I VideoViewManager: ====> VideoViewManager teacherVideoView 1, M1003T, false, Unpaused com.kyowon.kw_video_sdk.video.KWTeacherVideoView{9bab066 V.E...... ........ 0,0-803,623}
02-11 10:09:24.259 23211 23211 I SurfaceRenderView: Initializing render view
02-11 10:09:24.259 23211 23211 I DefaultEglRenderer: Initializing EGL renderer
02-11 10:09:24.262 23211 24813 D libMEOW : meow new tls: 0xb4000070e59ff760
02-11 10:09:24.262 23211 24813 D libMEOW : applied 0 plugin for [kr.co.kyowon.videolesson.play].
02-11 10:09:24.274 23211 24813 I DefaultEglRenderer: View already has surface, triggering EGL surface creation
02-11 10:09:24.275 23211 24813 I DefaultEglRenderer: Request on handler thread to create EGL surface from input surface Surface(name=null mNativeObject=-5476376665489504656)/@0xc5d6cea
02-11 10:09:24.276 23211 23211 I VRI[MainActivity]@d928196: handleResized, frames=ClientWindowFrames{frame=[0,0][1920,1200] display=[0,0][1920,1200] parentFrame=[0,0][0,0]} displayId=0 dragResizing=false compatScale=1.0 frameChanged=false attachedFrameChanged=false configChanged=false displayChanged=false compatScaleChanged=false dragResizingChanged=false
02-11 10:09:24.276 23211 23211 I VRI[MeetingActivity]@f34625f: handleResized, frames=ClientWindowFrames{frame=[0,0][1920,1200] display=[0,0][1920,1200] parentFrame=[0,0][0,0]} displayId=0 dragResizing=false compatScale=1.0 frameChanged=false attachedFrameChanged=false configChanged=false displayChanged=false compatScaleChanged=false dragResizingChanged=false
02-11 10:09:24.276 23211 23211 I VRI[PopupWindow:9814413]@6da7049: handleResized, frames=ClientWindowFrames{frame=[0,0][0,1200] display=[0,0][1920,1200] parentFrame=[0,0][0,0] attachedFrame=[0,0][1920,1200]} displayId=0 dragResizing=false compatScale=1.0 frameChanged=false attachedFrameChanged=false configChanged=false displayChanged=false compatScaleChanged=false dragResizingChanged=false
02-11 10:09:24.350 23211 24661 I SurfaceRenderView: Video frame rotated size changed to 640x480 with rotation Rotation0
02-11 10:09:24.355 23211 24813 I BLASTBufferQueue: [69d3395 SurfaceView[kr.co.kyowon.videolesson.play/com.kyowon.livechat_lib.MeetingActivity]@0#11](f:0,a:0,s:0) onFrameAvailable the first frame is available
02-11 10:09:24.355 23211 24813 I BLASTBufferQueue: [69d3395 SurfaceView[kr.co.kyowon.videolesson.play/com.kyowon.livechat_lib.MeetingActivity]@0#11](f:0,a:1,s:0) acquireNextBufferLocked size=803x623 mFrameNumber=1 applyTransaction=true mTimestamp=240191797091217(auto) mPendingTransactions.size=0 graphicBufferId=99690485907564 transform=4
02-11 10:09:24.356 23211 23211 I DefaultEglRenderer: Setting aspect ratio from 1.2889246 to 1.2889246
02-11 10:09:24.408 23211 23211 I VideoViewManager: ====> onVideoTileAdded 0 Unpaused
02-11 10:09:24.409 23211 23211 I VideoViewManager: ====> VideoViewManager showVideoTile count 2
02-11 10:09:24.409 23211 23211 I VideoViewManager: ====> VideoViewManager studentVideoView 0, 007043, true, Unpaused com.kyowon.kw_video_sdk.video.KWStudentVideoView{c2e0c1 V.E...... ........ 0,0-803,623}
02-11 10:09:24.409 23211 23211 I SurfaceRenderView: Initializing render view
02-11 10:09:24.409 23211 23211 I DefaultEglRenderer: Initializing EGL renderer
02-11 10:09:24.409 23211 23211 W DefaultEglRenderer: Already initialized
02-11 10:09:24.410 23211 24657 I Logging : HardwareVideoEncoder: initEncode: 320 x 240. @ 500kbps. Fps: 30 Use surface mode: false
02-11 10:09:24.413 23211 24817 I CCodec  : state->set(ALLOCATING)
02-11 10:09:24.413 23211 24818 I CCodec  : allocate(c2.mtk.avc.encoder)
02-11 10:09:24.414 23211 24818 D CCodec  : allocate(c2.mtk.avc.encoder)
02-11 10:09:24.419 23211 24818 I CCodec  : setting up 'default' as default (vendor) store
02-11 10:09:24.447 23211 24818 I CCodec  : Created component [c2.mtk.avc.encoder] for [c2.mtk.avc.encoder]
02-11 10:09:24.450 23211 24818 I CCodec  : [c2.mtk.avc.encoder] state->set(ALLOCATED)
02-11 10:09:24.452 23211 24818 D CCodecConfig: read media type: video/avc
02-11 10:09:24.455 23211 24664 I SurfaceRenderView: Video frame rotated size changed to 320x224 with rotation Rotation0
02-11 10:09:24.469 23211 23961 I BLASTBufferQueue: [df4c49e SurfaceView[kr.co.kyowon.videolesson.play/com.kyowon.livechat_lib.MeetingActivity]@0#12](f:0,a:0,s:0) onFrameAvailable the first frame is available
02-11 10:09:24.469 23211 23961 I BLASTBufferQueue: [df4c49e SurfaceView[kr.co.kyowon.videolesson.play/com.kyowon.livechat_lib.MeetingActivity]@0#12](f:0,a:1,s:0) acquireNextBufferLocked size=803x623 mFrameNumber=1 applyTransaction=true mTimestamp=240191911184678(auto) mPendingTransactions.size=0 graphicBufferId=99690485907570 transform=4
02-11 10:09:24.473 23211 23211 I DefaultEglRenderer: Setting aspect ratio from 1.2889246 to 1.2889246
02-11 10:09:24.474 23211 24818 D ReflectedParamUpdater: extent() != 1 for single value type: algo.buffers.max-count.values
02-11 10:09:24.475 23211 24818 D ReflectedParamUpdater: extent() != 1 for single value type: output.subscribed-indices.values
02-11 10:09:24.475 23211 24818 D ReflectedParamUpdater: extent() != 1 for single value type: input.buffers.allocator-ids.values
02-11 10:09:24.475 23211 24818 D ReflectedParamUpdater: extent() != 1 for single value type: output.buffers.allocator-ids.values
02-11 10:09:24.475 23211 24818 D ReflectedParamUpdater: extent() != 1 for single value type: algo.buffers.allocator-ids.values
02-11 10:09:24.476 23211 24818 D ReflectedParamUpdater: extent() != 1 for single value type: output.buffers.pool-ids.values
02-11 10:09:24.476 23211 24818 D ReflectedParamUpdater: extent() != 1 for single value type: algo.buffers.pool-ids.values
02-11 10:09:24.480 23211 24818 D ReflectedParamUpdater: ignored struct field coding.gop.values
02-11 10:09:24.482 23211 24818 D ReflectedParamUpdater: ignored struct field coding.qp.values
02-11 10:09:24.483 23211 24818 D CCodecConfig: ignoring local param raw.color (0xc2001809) as it is already supported
02-11 10:09:24.484 23211 24818 I CCodec  : [c2.mtk.avc.encoder] config->initialize() : 0
02-11 10:09:24.484 23211 24818 I CCodecConfig: query failed after returning 22 values (BAD_INDEX)
02-11 10:09:24.484 23211 24818 D CCodecConfig: c2 config diff is Dict {
02-11 10:09:24.484 23211 24818 D CCodecConfig:   c2::u32 algo.bitrate-mode.value = 3
02-11 10:09:24.484 23211 24818 D CCodecConfig:   c2::u32 algo.delay.value = 3
02-11 10:09:24.484 23211 24818 D CCodecConfig:   c2::i32 algo.priority.value = 0
02-11 10:09:24.484 23211 24818 D CCodecConfig:   c2::u32 algo.quality.value = 80
02-11 10:09:24.484 23211 24818 D CCodecConfig:   c2::float algo.rate.value = 0
02-11 10:09:24.484 23211 24818 D CCodecConfig:   c2::i32 coded.average-qp.value = 0
02-11 10:09:24.484 23211 24818 D CCodecConfig:   c2::u32 coded.bitrate.value = 64000
02-11 10:09:24.484 23211 24818 D CCodecConfig:   c2::float coded.frame-rate.value = 15
02-11 10:09:24.484 23211 24818 D CCodecConfig:   c2::u32 coded.picture-type.value = 0
02-11 10:09:24.484 23211 24818 D CCodecConfig:   c2::u32 coded.pl.level = 20480
02-11 10:09:24.484 23211 24818 D CCodecConfig:   c2::u32 coded.pl.profile = 0
02-11 10:09:24.484 23211 24818 D CCodecConfig:   c2::u32 coded.tile-layout.columns = 1
02-11 10:09:24.484 23211 24818 D CCodecConfig:   c2::u32 coded.tile-layout.order = 0
02-11 10:09:24.484 23211 24818 D CCodecConfig:   c2::u32 coded.tile-layout.rows = 1
02-11 10:09:24.484 23211 24818 D CCodecConfig:   c2::u32 coded.tile-layout.tile.height = 256
02-11 10:09:24.484 23211 24818 D CCodecConfig:   c2::u32 coded.tile-layout.tile.width = 256
02-11 10:09:24.484 23211 24818 D CCodecConfig:   c2::u32 coded.vui.color.matrix = 0
02-11 10:09:24.484 23211 24818 D CCodecConfig:   c2::u32 coded.vui.color.primaries = 0
02-11 10:09:24.484 23211 24818 D CCodecConfig:   c2::u32 coded.vui.color.range = 0
02-11 10:09:24.484 23211 24818 D CCodecConfig:   c2::u32 coded.vui.color.transfer = 0
02-11 10:09:24.484 23211 24818 D CCodecConfig:   c2::u32 coding.intra-refresh.mode = 0
02-11 10:09:24.484 23211 24818 D CCodecConfig:   c2::float coding.intra-refresh.period = 0
02-11 10:09:24.484 23211 24818 D CCodecConfig:   c2::u32 coding.request-sync-frame.value = 0
02-11 10:09:24.484 23211 24818 D CCodecConfig:   c2::i64 coding.sync-frame-interval.value = 1000000
02-11 10:09:24.484 23211 24818 D CCodecConfig:   Buffer coding.temporal-layering = {
02-11 10:09:24.484 23211 24818 D CCodecConfig:     00000000:  10 00 00 00 07 20
02-11 10:09:24.484 23211 24818 W ColorUtils: expected specified color aspects (0:0:0:0)
02-11 10:09:24.485 23211 24818 I CCodec  : [c2.mtk.avc.encoder] config->queryConfiguration()
02-11 10:09:24.485 23211 24818 I CCodec  : [c2.mtk.avc.encoder] mCallback->onComponentAllocated() IN
02-11 10:09:24.485 23211 24818 I CCodec  : [c2.mtk.avc.encoder] mCallback->onComponentAllocated() OUT
02-11 10:09:24.486 23211 24657 I Logging : HardwareVideoEncoder: Format: {color-format=19, i-frame-interval=3600, mime=video/avc, width=320, bitrate-mode=2, bitrate=500000, frame-rate=30.0, height=240}
02-11 10:09:24.489 23211 24657 E MediaCodec: Media Quality Service not found.
02-11 10:09:24.489 23211 24657 D VQApply : minquality: applies only to VBR encoding
02-11 10:09:24.489 23211 24657 D MediaCodec: shapeMediaFormat: deltas(0): AMessage(what = 0x00000000) = {
02-11 10:09:24.489 23211 24657 D MediaCodec:   }
02-11 10:09:24.490 23211 24818 D CCodec  : [c2.mtk.avc.encoder] buffers are bound to CCodec for this session
02-11 10:09:24.490 23211 24818 I CCodec  : appPid(23211) width(320) height(240)
02-11 10:09:24.491 23211 24818 D CCodecConfig: no c2 equivalents for color-format
02-11 10:09:24.491 23211 24818 D CCodecConfig: no c2 equivalents for flags
02-11 10:09:24.491 23211 24818 D CCodecConfig: no c2 equivalents for encoder
02-11 10:09:24.491 23211 24818 D CCodecConfig: no c2 equivalents for color-standard
02-11 10:09:24.493 23211 24818 D CCodecConfig: c2 config diff is   c2::u32 algo.bitrate-mode.value = 1
02-11 10:09:24.493 23211 24818 D CCodecConfig:   c2::u32 coded.bitrate.value = 500000
02-11 10:09:24.493 23211 24818 D CCodecConfig:   c2::float coded.frame-rate.value = 30
02-11 10:09:24.493 23211 24818 D CCodecConfig:   c2::u32 coded.vui.color.matrix = 3
02-11 10:09:24.493 23211 24818 D CCodecConfig:   c2::u32 coded.vui.color.primaries = 4
02-11 10:09:24.493 23211 24818 D CCodecConfig:   c2::u32 coded.vui.color.range = 2
02-11 10:09:24.493 23211 24818 D CCodecConfig:   c2::u32 coded.vui.color.transfer = 3
02-11 10:09:24.493 23211 24818 D CCodecConfig:   c2::i64 coding.sync-frame-interval.value = 3600000000
02-11 10:09:24.493 23211 24818 D CCodecConfig:   c2::u32 raw.color.matrix = 3
02-11 10:09:24.493 23211 24818 D CCodecConfig:   c2::u32 raw.color.primaries = 4
02-11 10:09:24.493 23211 24818 D CCodecConfig:   c2::u32 raw.color.range = 2
02-11 10:09:24.493 23211 24818 D CCodecConfig:   c2::u32 raw.color.transfer = 3
02-11 10:09:24.493 23211 24818 D CCodecConfig:   c2::u32 raw.pixel-format.value = 35
02-11 10:09:24.493 23211 24818 D CCodecConfig:   c2::u32 raw.size.height = 240
02-11 10:09:24.493 23211 24818 D CCodecConfig:   c2::u32 raw.size.width = 320
02-11 10:09:24.494 23211 24818 W Codec2Client: query -- param skipped: index = 3254781982.
02-11 10:09:24.494 23211 24818 D CCodec  : Setting encoder options for disabling wrapping
02-11 10:09:24.495 23211 24818 D BufferPoolAccessor2.0: Destruction - bufferpool2 0xb400007185449288 cached: 0/0M, 0/0% in use; allocs: 1, 0% recycled; transfers: 0, 0% unfetched
02-11 10:09:24.496 23211 24818 D CCodec  : encoding statistics level = 0
02-11 10:09:24.496 23211 24818 D CCodec  : setup formats input: AMessage(what = 0x00000000) = {
02-11 10:09:24.496 23211 24818 D CCodec  :   int32_t android._color-format = 19
02-11 10:09:24.496 23211 24818 D CCodec  :   Rect crop(0, 0, 319, 239)
02-11 10:09:24.496 23211 24818 D CCodec  :   int32_t color-standard = 4
02-11 10:09:24.496 23211 24818 D CCodec  :   int32_t color-range = 2
02-11 10:09:24.496 23211 24818 D CCodec  :   int32_t color-transfer = 3
02-11 10:09:24.496 23211 24818 D CCodec  :   int32_t frame-rate = 30
02-11 10:09:24.496 23211 24818 D CCodec  :   int32_t height = 240
02-11 10:09:24.496 23211 24818 D CCodec  :   float input.time-stretch = 1.000000
02-11 10:09:24.496 23211 24818 D CCodec  :   int32_t intra-refresh-period = 0
02-11 10:09:24.496 23211 24818 D CCodec  :   int32_t latency = 3
02-11 10:09:24.496 23211 24818 D CCodec  :   string mime = "video/raw"
02-11 10:09:24.496 23211 24818 D CCodec  :   int32_t prepend-sps-pps-to-idr-frames = 0
02-11 10:09:24.496 23211 24818 D CCodec  :   int32_t priority = 0
02-11 10:09:24.496 23211 24818 D CCodec  :   int32_t video-qp-average = 0
02-11 10:09:24.496 23211 24818 D CCodec  :   int32_t width = 320
02-11 10:09:24.496 23211 24818 D CCodec  :   int32_t android._dataspace = 259
02-11 10:09:24.496 23211 24818 D CCodec  :   int64_t android._C2MemoryUsage = 0
02-11 10:09:24.496 23211 24818 D CCodec  :   int32_t color-format = 19
02-11 10:09:24.496 23211 24818 D CCodec  :   int32_t bytebuffer-wrapping-disable = 1
02-11 10:09:24.496 23211 24818 D CCodec  :   int32_t stride = 320
02-11 10:09:24.496 23211 24818 D CCodec  :   int32_t slice-height = 240
02-11 10:09:24.496 23211 24818 D CCodec  : }
02-11 10:09:24.496 23211 24818 D CCodec  : setup formats output: AMessage(what = 0x00000000) = {
02-11 10:09:24.496 23211 24818 D CCodec  :   int32_t bitrate = 500000
02-11 10:09:24.496 23211 24818 D CCodec  :   int32_t bitrate-mode = 2
02-11 10:09:24.496 23211 24818 D CCodec  :   Rect crop(0, 0, 319, 239)
02-11 10:09:24.496 23211 24818 D CCodec  :   int32_t width = 320
02-11 10:09:24.496 23211 24818 D CCodec  :   int32_t color-standard = 4
02-11 10:09:24.496 23211 24818 D CCodec  :   int32_t color-range = 2
02-11 10:09:24.496 23211 24818 D CCodec  :   int32_t color-transfer = 3
02-11 10:09:24.496 23211 24818 D CCodec  :   int32_t frame-rate = 30
02-11 10:09:24.496 23211 24818 D CCodec  :   int32_t height = 240
02-11 10:09:24.496 23211 24818 D CCodec  :   float input.time-stretch = 1.000000
02-11 10:09:24.496 23211 24818 D CCodec  :   int32_t intra-refresh-period = 0
02-11 10:09:24.496 23211 24818 D CCodec  :   int32_t latency = 3
02-11 10:09:24.496 23211 24818 D CCodec  :   int32_t level = 1
02-11 10:09:24.496 23211 24818 D CCodec  :   int32_t max-bitrate = 500000
02-11 10:09:24.496 23211 24818 D CCodec  :   string mime = "video/avc"
02-11 10:09:24.496 23211 24818 D CCodec  :   int32_t prepend-sps-pps-to-idr-frames = 0
02-11 10:09:24.496 23211 24818 D CCodec  :   int32_t priority = 0
02-11 10:09:24.496 23211 24818 D CCodec  :   int32_t video-qp-average = 0
02-11 10:09:24.496 23211 24818 D CCodec  : }
02-11 10:09:24.496 23211 24818 I CCodecConfig: query failed after returning 23 values (BAD_INDEX)
02-11 10:09:24.496 23211 24818 D CCodecConfig: c2 config diff is   c2::u32 coded.pl.level = 20484
02-11 10:09:24.496 23211 24818 D CCodecConfig:   c2::u32 coded.tile-layout.columns = 2
02-11 10:09:24.497 23211 24818 E ideolesson.play: Failed to query component interface for required system resources: 6
02-11 10:09:24.503 23211 24817 I CCodec  : [c2.mtk.avc.encoder] state->set(STARTING)
02-11 10:09:24.509 23211 24818 W Codec2Client: query -- param skipped: index = 1342179345.
02-11 10:09:24.509 23211 24818 W Codec2Client: query -- param skipped: index = 2415921170.
02-11 10:09:24.511 23211 24818 D CCodecBufferChannel: [c2.mtk.avc.encoder#880] Using basic input block pool with poolID 1 => got 1 - OK (0)
02-11 10:09:24.514 23211 24818 I CCodecBufferChannel: [c2.mtk.avc.encoder#880] Created output block pool with allocatorID 16 => poolID 37 - OK
02-11 10:09:24.514 23211 24818 D CCodecBufferChannel: [c2.mtk.avc.encoder#880] Configured output block pool ids 37 => OK
02-11 10:09:24.514 23211 24818 I CCodec  : [c2.mtk.avc.encoder] state->set(RUNNING)
02-11 10:09:24.515 23211 24818 D CCodecBuffers: [c2.mtk.avc.encoder#880:2D-BB-Input] updating image-data
02-11 10:09:24.515 23211 24818 D CCodecBuffers: [c2.mtk.avc.encoder#880:2D-BB-Input] updating stride = 320, width: 320, height: 240
02-11 10:09:24.515 23211 24818 D CCodecBuffers: [c2.mtk.avc.encoder#880:2D-BB-Input] updating vstride = 240
02-11 10:09:24.521 23211 24818 I CCodecBufferChannel: [c2.mtk.avc.encoder#880] 7 initial input buffers available
02-11 10:09:24.526 23211 24817 I MediaCodec: setCodecState state(0), called in 6, domain 1, 0
02-11 10:09:24.529 23211 24817 D CCodecConfig: c2 config diff is   c2::u32 coding.request-sync-frame.value = 1
02-11 10:09:24.567 23211 24818 D CCodecConfig: c2 config diff is   Buffer coded.init-data.value = {
02-11 10:09:24.567 23211 24818 D CCodecConfig:     00000000:  00 00 00 01 67 64 00 0d  ac 1a d0 28 3f 4d 41 80  ....gd.....(?MA.
02-11 10:09:24.567 23211 24818 D CCodecConfig:     00000010:  41 41 e1 10 8d 40 00 00  00 01 68 ea 43 cb        AA...@....h.C.
02-11 10:09:24.567 23211 24818 D CCodecConfig:   c2::u32 vendor.mtk.venc.output.stream.info.is-single-nal = 1
02-11 10:09:24.567 23211 24834 I Logging : HardwareVideoEncoder: Releasing MediaCodec on output thread
02-11 10:09:24.568 23211 24817 I CCodec  : [c2.mtk.avc.encoder] state->set(STOPPING)
02-11 10:09:24.568 23211 24818 I CCodec  : [stop][3288] surface -> component
02-11 10:09:24.568 23211 24817 D CCodecBufferChannel: [c2.mtk.avc.encoder#880] MediaCodec discarded an unknown buffer
02-11 10:09:24.568 23211 24817 D CCodecBufferChannel: [c2.mtk.avc.encoder#880] MediaCodec discarded an unknown buffer
02-11 10:09:24.568 23211 24817 D CCodecBufferChannel: [c2.mtk.avc.encoder#880] MediaCodec discarded an unknown buffer
02-11 10:09:24.569 23211 24817 D CCodecBufferChannel: [c2.mtk.avc.encoder#880] MediaCodec discarded an unknown buffer
02-11 10:09:24.569 23211 24817 D CCodecBufferChannel: [c2.mtk.avc.encoder#880] MediaCodec discarded an unknown buffer
02-11 10:09:24.569 23211 24817 D CCodecBufferChannel: [c2.mtk.avc.encoder#880] MediaCodec discarded an unknown buffer
02-11 10:09:24.569 23211 24817 D CCodecBufferChannel: [c2.mtk.avc.encoder#880] MediaCodec discarded an unknown buffer
02-11 10:09:24.569 23211 24817 D CCodecBufferChannel: [c2.mtk.avc.encoder#880] MediaCodec discarded an unknown buffer
02-11 10:09:24.569 23211 24817 D CCodecBufferChannel: [c2.mtk.avc.encoder#880] MediaCodec discarded an unknown buffer
02-11 10:09:24.572 23211 24818 I CCodec  : [c2.mtk.avc.encoder] state->set(ALLOCATED)
02-11 10:09:24.575 23211 24817 I CCodec  : [c2.mtk.avc.encoder] state->set(RELEASING)
02-11 10:09:24.576 23211 24837 I CCodec  : [release][3422] surface -> component
02-11 10:09:24.576 23211 24834 I Logging : HardwareVideoEncoder: Release on output thread done
02-11 10:09:24.577 23211 24657 I Logging : HardwareVideoEncoder: initEncode: 320 x 224. @ 500kbps. Fps: 30 Use surface mode: false
02-11 10:09:24.578 23211 24664 I SurfaceRenderView: Video frame rotated size changed to 320x240 with rotation Rotation0
02-11 10:09:24.578 23211 24657 D MediaCodec: MediaCodec::reclaim(0xb400007125463d60) OMX.MTK.VIDEO.ENCODER.AVC
02-11 10:09:24.581 23211 24837 I CCodec  : [c2.mtk.avc.encoder] state->set(RELEASED)
02-11 10:09:24.582 23211 24837 I Codec2Client: Component destructing
02-11 10:09:24.582 23211 24837 I hw-BpHwBinder: onLastStrongRef automatically unlinking death recipients
02-11 10:09:24.584 23211 24817 I MediaCodec: Codec shutdown complete
02-11 10:09:24.587 23211 24657 D MediaCodec: MediaCodec looper is gone, skip reclaim
02-11 10:09:24.589 23211 24657 I CCodecBufferChannel: CCodecBufferChannel destructing c2.mtk.avc.encoder#880
02-11 10:09:24.593 23211 23211 I DefaultEglRenderer: Setting aspect ratio from 1.2889246 to 1.2889246
02-11 10:09:24.606 23211 24838 I CCodec  : state->set(ALLOCATING)
02-11 10:09:24.607 23211 24839 I CCodec  : allocate(c2.mtk.avc.encoder)
02-11 10:09:24.607 23211 24839 D CCodec  : allocate(c2.mtk.avc.encoder)
02-11 10:09:24.610 23211 24839 I CCodec  : setting up 'default' as default (vendor) store
02-11 10:09:24.620 23211 24839 I CCodec  : Created component [c2.mtk.avc.encoder] for [c2.mtk.avc.encoder]
02-11 10:09:24.620 23211 24839 I CCodec  : [c2.mtk.avc.encoder] state->set(ALLOCATED)
02-11 10:09:24.620 23211 24839 D CCodecConfig: read media type: video/avc
02-11 10:09:24.634 23211 24839 D ReflectedParamUpdater: extent() != 1 for single value type: algo.buffers.max-count.values
02-11 10:09:24.635 23211 24839 D ReflectedParamUpdater: extent() != 1 for single value type: output.subscribed-indices.values
02-11 10:09:24.635 23211 24839 D ReflectedParamUpdater: extent() != 1 for single value type: input.buffers.allocator-ids.values
02-11 10:09:24.635 23211 24839 D ReflectedParamUpdater: extent() != 1 for single value type: output.buffers.allocator-ids.values
02-11 10:09:24.635 23211 24839 D ReflectedParamUpdater: extent() != 1 for single value type: algo.buffers.allocator-ids.values
02-11 10:09:24.635 23211 24839 D ReflectedParamUpdater: extent() != 1 for single value type: output.buffers.pool-ids.values
02-11 10:09:24.636 23211 24839 D ReflectedParamUpdater: extent() != 1 for single value type: algo.buffers.pool-ids.values
02-11 10:09:24.641 23211 24839 D ReflectedParamUpdater: ignored struct field coding.gop.values
02-11 10:09:24.643 23211 24839 D ReflectedParamUpdater: ignored struct field coding.qp.values
02-11 10:09:24.643 23211 24839 D CCodecConfig: ignoring local param raw.color (0xc2001809) as it is already supported
02-11 10:09:24.644 23211 24839 I CCodec  : [c2.mtk.avc.encoder] config->initialize() : 0
02-11 10:09:24.645 23211 24839 I CCodecConfig: query failed after returning 22 values (BAD_INDEX)
02-11 10:09:24.646 23211 24839 D CCodecConfig: c2 config diff is Dict {
02-11 10:09:24.646 23211 24839 D CCodecConfig:   c2::u32 algo.bitrate-mode.value = 3
02-11 10:09:24.646 23211 24839 D CCodecConfig:   c2::u32 algo.delay.value = 3
02-11 10:09:24.646 23211 24839 D CCodecConfig:   c2::i32 algo.priority.value = 0
02-11 10:09:24.646 23211 24839 D CCodecConfig:   c2::u32 algo.quality.value = 80
02-11 10:09:24.646 23211 24839 D CCodecConfig:   c2::float algo.rate.value = 0
02-11 10:09:24.646 23211 24839 D CCodecConfig:   c2::i32 coded.average-qp.value = 0
02-11 10:09:24.646 23211 24839 D CCodecConfig:   c2::u32 coded.bitrate.value = 64000
02-11 10:09:24.646 23211 24839 D CCodecConfig:   c2::float coded.frame-rate.value = 15
02-11 10:09:24.646 23211 24839 D CCodecConfig:   c2::u32 coded.picture-type.value = 0
02-11 10:09:24.646 23211 24839 D CCodecConfig:   c2::u32 coded.pl.level = 20480
02-11 10:09:24.646 23211 24839 D CCodecConfig:   c2::u32 coded.pl.profile = 0
02-11 10:09:24.646 23211 24839 D CCodecConfig:   c2::u32 coded.tile-layout.columns = 1
02-11 10:09:24.646 23211 24839 D CCodecConfig:   c2::u32 coded.tile-layout.order = 0
02-11 10:09:24.646 23211 24839 D CCodecConfig:   c2::u32 coded.tile-layout.rows = 1
02-11 10:09:24.646 23211 24839 D CCodecConfig:   c2::u32 coded.tile-layout.tile.height = 256
02-11 10:09:24.646 23211 24839 D CCodecConfig:   c2::u32 coded.tile-layout.tile.width = 256
02-11 10:09:24.646 23211 24839 D CCodecConfig:   c2::u32 coded.vui.color.matrix = 0
02-11 10:09:24.646 23211 24839 D CCodecConfig:   c2::u32 coded.vui.color.primaries = 0
02-11 10:09:24.646 23211 24839 D CCodecConfig:   c2::u32 coded.vui.color.range = 0
02-11 10:09:24.646 23211 24839 D CCodecConfig:   c2::u32 coded.vui.color.transfer = 0
02-11 10:09:24.646 23211 24839 D CCodecConfig:   c2::u32 coding.intra-refresh.mode = 0
02-11 10:09:24.646 23211 24839 D CCodecConfig:   c2::float coding.intra-refresh.period = 0
02-11 10:09:24.646 23211 24839 D CCodecConfig:   c2::u32 coding.request-sync-frame.value = 0
02-11 10:09:24.646 23211 24839 D CCodecConfig:   c2::i64 coding.sync-frame-interval.value = 1000000
02-11 10:09:24.646 23211 24839 D CCodecConfig:   Buffer coding.temporal-layering = {
02-11 10:09:24.646 23211 24839 D CCodecConfig:     00000000:  10 00 00 00 07 20
02-11 10:09:24.646 23211 24839 W ColorUtils: expected specified color aspects (0:0:0:0)
02-11 10:09:24.646 23211 24839 I CCodec  : [c2.mtk.avc.encoder] config->queryConfiguration()
02-11 10:09:24.647 23211 24839 I CCodec  : [c2.mtk.avc.encoder] mCallback->onComponentAllocated() IN
02-11 10:09:24.647 23211 24839 I CCodec  : [c2.mtk.avc.encoder] mCallback->onComponentAllocated() OUT
02-11 10:09:24.648 23211 24657 I Logging : HardwareVideoEncoder: Format: {color-format=19, i-frame-interval=3600, mime=video/avc, width=320, bitrate-mode=2, bitrate=500000, frame-rate=30.0, height=224}
02-11 10:09:24.651 23211 24657 E MediaCodec: Media Quality Service not found.
02-11 10:09:24.651 23211 24657 D VQApply : minquality: applies only to VBR encoding
02-11 10:09:24.651 23211 24657 D MediaCodec: shapeMediaFormat: deltas(0): AMessage(what = 0x00000000) = {
02-11 10:09:24.651 23211 24657 D MediaCodec:   }
02-11 10:09:24.655 23211 24839 D CCodec  : [c2.mtk.avc.encoder] buffers are bound to CCodec for this session
02-11 10:09:24.656 23211 24839 I CCodec  : appPid(23211) width(320) height(224)
02-11 10:09:24.656 23211 24839 D CCodecConfig: no c2 equivalents for color-format
02-11 10:09:24.658 23211 24839 D CCodecConfig: no c2 equivalents for flags
02-11 10:09:24.658 23211 24839 D CCodecConfig: no c2 equivalents for encoder
02-11 10:09:24.658 23211 24839 D CCodecConfig: no c2 equivalents for color-standard
02-11 10:09:24.661 23211 24839 D CCodecConfig: c2 config diff is   c2::u32 algo.bitrate-mode.value = 1
02-11 10:09:24.661 23211 24839 D CCodecConfig:   c2::u32 coded.bitrate.value = 500000
02-11 10:09:24.661 23211 24839 D CCodecConfig:   c2::float coded.frame-rate.value = 30
02-11 10:09:24.661 23211 24839 D CCodecConfig:   c2::u32 coded.vui.color.matrix = 3
02-11 10:09:24.661 23211 24839 D CCodecConfig:   c2::u32 coded.vui.color.primaries = 4
02-11 10:09:24.661 23211 24839 D CCodecConfig:   c2::u32 coded.vui.color.range = 2
02-11 10:09:24.661 23211 24839 D CCodecConfig:   c2::u32 coded.vui.color.transfer = 3
02-11 10:09:24.661 23211 24839 D CCodecConfig:   c2::i64 coding.sync-frame-interval.value = 3600000000
02-11 10:09:24.661 23211 24839 D CCodecConfig:   c2::u32 raw.color.matrix = 3
02-11 10:09:24.661 23211 24839 D CCodecConfig:   c2::u32 raw.color.primaries = 4
02-11 10:09:24.661 23211 24839 D CCodecConfig:   c2::u32 raw.color.range = 2
02-11 10:09:24.661 23211 24839 D CCodecConfig:   c2::u32 raw.color.transfer = 3
02-11 10:09:24.661 23211 24839 D CCodecConfig:   c2::u32 raw.pixel-format.value = 35
02-11 10:09:24.661 23211 24839 D CCodecConfig:   c2::u32 raw.size.height = 224
02-11 10:09:24.661 23211 24839 D CCodecConfig:   c2::u32 raw.size.width = 320
02-11 10:09:24.662 23211 24839 W Codec2Client: query -- param skipped: index = 3254781982.
02-11 10:09:24.662 23211 24839 D CCodec  : Setting encoder options for disabling wrapping
02-11 10:09:24.664 23211 24839 D BufferPoolAccessor2.0: Destruction - bufferpool2 0xb400007185448258 cached: 0/0M, 0/0% in use; allocs: 1, 0% recycled; transfers: 0, 0% unfetched
02-11 10:09:24.665 23211 24839 D CCodec  : encoding statistics level = 0
02-11 10:09:24.665 23211 24839 D CCodec  : setup formats input: AMessage(what = 0x00000000) = {
02-11 10:09:24.665 23211 24839 D CCodec  :   int32_t android._color-format = 19
02-11 10:09:24.665 23211 24839 D CCodec  :   Rect crop(0, 0, 319, 223)
02-11 10:09:24.665 23211 24839 D CCodec  :   int32_t color-standard = 4
02-11 10:09:24.665 23211 24839 D CCodec  :   int32_t color-range = 2
02-11 10:09:24.665 23211 24839 D CCodec  :   int32_t color-transfer = 3
02-11 10:09:24.665 23211 24839 D CCodec  :   int32_t frame-rate = 30
02-11 10:09:24.665 23211 24839 D CCodec  :   int32_t height = 224
02-11 10:09:24.665 23211 24839 D CCodec  :   float input.time-stretch = 1.000000
02-11 10:09:24.665 23211 24839 D CCodec  :   int32_t intra-refresh-period = 0
02-11 10:09:24.665 23211 24839 D CCodec  :   int32_t latency = 3
02-11 10:09:24.665 23211 24839 D CCodec  :   string mime = "video/raw"
02-11 10:09:24.665 23211 24839 D CCodec  :   int32_t prepend-sps-pps-to-idr-frames = 0
02-11 10:09:24.665 23211 24839 D CCodec  :   int32_t priority = 0
02-11 10:09:24.665 23211 24839 D CCodec  :   int32_t video-qp-average = 0
02-11 10:09:24.665 23211 24839 D CCodec  :   int32_t width = 320
02-11 10:09:24.665 23211 24839 D CCodec  :   int32_t android._dataspace = 259
02-11 10:09:24.665 23211 24839 D CCodec  :   int64_t android._C2MemoryUsage = 0
02-11 10:09:24.665 23211 24839 D CCodec  :   int32_t color-format = 19
02-11 10:09:24.665 23211 24839 D CCodec  :   int32_t bytebuffer-wrapping-disable = 1
02-11 10:09:24.665 23211 24839 D CCodec  :   int32_t stride = 320
02-11 10:09:24.665 23211 24839 D CCodec  :   int32_t slice-height = 224
02-11 10:09:24.665 23211 24839 D CCodec  : }
02-11 10:09:24.665 23211 24839 D CCodec  : setup formats output: AMessage(what = 0x00000000) = {
02-11 10:09:24.665 23211 24839 D CCodec  :   int32_t bitrate = 500000
02-11 10:09:24.665 23211 24839 D CCodec  :   int32_t bitrate-mode = 2
02-11 10:09:24.665 23211 24839 D CCodec  :   Rect crop(0, 0, 319, 223)
02-11 10:09:24.665 23211 24839 D CCodec  :   int32_t width = 320
02-11 10:09:24.665 23211 24839 D CCodec  :   int32_t color-standard = 4
02-11 10:09:24.665 23211 24839 D CCodec  :   int32_t color-range = 2
02-11 10:09:24.665 23211 24839 D CCodec  :   int32_t color-transfer = 3
02-11 10:09:24.665 23211 24839 D CCodec  :   int32_t frame-rate = 30
02-11 10:09:24.665 23211 24839 D CCodec  :   int32_t height = 224
02-11 10:09:24.665 23211 24839 D CCodec  :   float input.time-stretch = 1.000000
02-11 10:09:24.665 23211 24839 D CCodec  :   int32_t intra-refresh-period = 0
02-11 10:09:24.665 23211 24839 D CCodec  :   int32_t latency = 3
02-11 10:09:24.665 23211 24839 D CCodec  :   int32_t level = 1
02-11 10:09:24.665 23211 24839 D CCodec  :   int32_t max-bitrate = 500000
02-11 10:09:24.665 23211 24839 D CCodec  :   string mime = "video/avc"
02-11 10:09:24.665 23211 24839 D CCodec  :   int32_t prepend-sps-pps-to-idr-frames = 0
02-11 10:09:24.665 23211 24839 D CCodec  :   int32_t priority = 0
02-11 10:09:24.665 23211 24839 D CCodec  :   int32_t video-qp-average = 0
02-11 10:09:24.665 23211 24839 D CCodec  : }
02-11 10:09:24.666 23211 24839 I CCodecConfig: query failed after returning 23 values (BAD_INDEX)
02-11 10:09:24.666 23211 24839 D CCodecConfig: c2 config diff is   c2::u32 coded.pl.level = 20484
02-11 10:09:24.666 23211 24839 D CCodecConfig:   c2::u32 coded.tile-layout.columns = 2
02-11 10:09:24.667 23211 24839 E ideolesson.play: Failed to query component interface for required system resources: 6
02-11 10:09:24.686 23211 24838 I CCodec  : [c2.mtk.avc.encoder] state->set(STARTING)
02-11 10:09:24.688 23211 24839 W Codec2Client: query -- param skipped: index = 1342179345.
02-11 10:09:24.688 23211 24839 W Codec2Client: query -- param skipped: index = 2415921170.
02-11 10:09:24.688 23211 24839 D CCodecBufferChannel: [c2.mtk.avc.encoder#139] Using basic input block pool with poolID 1 => got 1 - OK (0)
02-11 10:09:24.690 23211 24839 I CCodecBufferChannel: [c2.mtk.avc.encoder#139] Created output block pool with allocatorID 16 => poolID 38 - OK
02-11 10:09:24.691 23211 24839 D CCodecBufferChannel: [c2.mtk.avc.encoder#139] Configured output block pool ids 38 => OK
02-11 10:09:24.691 23211 24839 I CCodec  : [c2.mtk.avc.encoder] state->set(RUNNING)
02-11 10:09:24.692 23211 24839 D CCodecBuffers: [c2.mtk.avc.encoder#139:2D-BB-Input] updating image-data
02-11 10:09:24.692 23211 24839 D CCodecBuffers: [c2.mtk.avc.encoder#139:2D-BB-Input] updating stride = 320, width: 320, height: 224
02-11 10:09:24.692 23211 24839 D CCodecBuffers: [c2.mtk.avc.encoder#139:2D-BB-Input] updating vstride = 224
02-11 10:09:24.697 23211 24839 I CCodecBufferChannel: [c2.mtk.avc.encoder#139] 7 initial input buffers available
02-11 10:09:24.701 23211 24838 I MediaCodec: setCodecState state(0), called in 6, domain 1, 0
02-11 10:09:24.703 23211 24838 D CCodecConfig: c2 config diff is   c2::u32 coding.request-sync-frame.value = 1
02-11 10:09:24.727 23211 24839 D CCodecConfig: c2 config diff is   Buffer coded.init-data.value = {
02-11 10:09:24.727 23211 24839 D CCodecConfig:     00000000:  00 00 00 01 67 64 00 0d  ac 1a d0 28 3b 4d 41 80  ....gd.....(;MA.
02-11 10:09:24.727 23211 24839 D CCodecConfig:     00000010:  41 41 e1 10 8d 40 00 00  00 01 68 ea 43 cb        AA...@....h.C.
02-11 10:09:24.727 23211 24839 D CCodecConfig:   c2::u32 vendor.mtk.venc.output.stream.info.is-single-nal = 1
02-11 10:09:24.728 23211 24850 I Logging : HardwareVideoEncoder: Releasing MediaCodec on output thread
02-11 10:09:24.728 23211 24838 I CCodec  : [c2.mtk.avc.encoder] state->set(STOPPING)
02-11 10:09:24.728 23211 24838 D CCodecBufferChannel: [c2.mtk.avc.encoder#139] MediaCodec discarded an unknown buffer
02-11 10:09:24.728 23211 24839 I CCodec  : [stop][3288] surface -> component
02-11 10:09:24.728 23211 24838 D CCodecBufferChannel: [c2.mtk.avc.encoder#139] MediaCodec discarded an unknown buffer
02-11 10:09:24.729 23211 24838 D CCodecBufferChannel: [c2.mtk.avc.encoder#139] MediaCodec discarded an unknown buffer
02-11 10:09:24.729 23211 24838 D CCodecBufferChannel: [c2.mtk.avc.encoder#139] MediaCodec discarded an unknown buffer
02-11 10:09:24.729 23211 24838 D CCodecBufferChannel: [c2.mtk.avc.encoder#139] MediaCodec discarded an unknown buffer
02-11 10:09:24.729 23211 24838 D CCodecBufferChannel: [c2.mtk.avc.encoder#139] MediaCodec discarded an unknown buffer
02-11 10:09:24.729 23211 24838 D CCodecBufferChannel: [c2.mtk.avc.encoder#139] MediaCodec discarded an unknown buffer
02-11 10:09:24.729 23211 24838 D CCodecBufferChannel: [c2.mtk.avc.encoder#139] MediaCodec discarded an unknown buffer
02-11 10:09:24.729 23211 24838 D CCodecBufferChannel: [c2.mtk.avc.encoder#139] MediaCodec discarded an unknown buffer
02-11 10:09:24.730 23211 24839 I CCodec  : [c2.mtk.avc.encoder] state->set(ALLOCATED)
02-11 10:09:24.731 23211 24838 I CCodec  : [c2.mtk.avc.encoder] state->set(RELEASING)
02-11 10:09:24.731 23211 24852 I CCodec  : [release][3422] surface -> component
02-11 10:09:24.732 23211 24850 I Logging : HardwareVideoEncoder: Release on output thread done
02-11 10:09:24.733 23211 24657 I Logging : HardwareVideoEncoder: initEncode: 320 x 240. @ 500kbps. Fps: 30 Use surface mode: false
02-11 10:09:24.734 23211 24657 D MediaCodec: MediaCodec::reclaim(0xb400007125455ee0) OMX.MTK.VIDEO.ENCODER.AVC
02-11 10:09:24.738 23211 24852 I CCodec  : [c2.mtk.avc.encoder] state->set(RELEASED)
02-11 10:09:24.738 23211 24839 I Codec2Client: Component destructing
02-11 10:09:24.738 23211 24838 I MediaCodec: Codec shutdown complete
02-11 10:09:24.738 23211 24839 I hw-BpHwBinder: onLastStrongRef automatically unlinking death recipients
02-11 10:09:24.740 23211 24657 D MediaCodec: MediaCodec looper is gone, skip reclaim
02-11 10:09:24.740 23211 24657 I CCodecBufferChannel: CCodecBufferChannel destructing c2.mtk.avc.encoder#139
02-11 10:09:24.746 23211 24853 I CCodec  : state->set(ALLOCATING)
02-11 10:09:24.747 23211 24854 I CCodec  : allocate(c2.mtk.avc.encoder)
02-11 10:09:24.747 23211 24854 D CCodec  : allocate(c2.mtk.avc.encoder)
02-11 10:09:24.759 23211 24854 I CCodec  : setting up 'default' as default (vendor) store
02-11 10:09:24.768 23211 24854 I CCodec  : Created component [c2.mtk.avc.encoder] for [c2.mtk.avc.encoder]
02-11 10:09:24.768 23211 24854 I CCodec  : [c2.mtk.avc.encoder] state->set(ALLOCATED)
02-11 10:09:24.768 23211 24854 D CCodecConfig: read media type: video/avc
02-11 10:09:24.777 23211 24854 D ReflectedParamUpdater: extent() != 1 for single value type: algo.buffers.max-count.values
02-11 10:09:24.777 23211 24854 D ReflectedParamUpdater: extent() != 1 for single value type: output.subscribed-indices.values
02-11 10:09:24.777 23211 24854 D ReflectedParamUpdater: extent() != 1 for single value type: input.buffers.allocator-ids.values
02-11 10:09:24.778 23211 24854 D ReflectedParamUpdater: extent() != 1 for single value type: output.buffers.allocator-ids.values
02-11 10:09:24.778 23211 24854 D ReflectedParamUpdater: extent() != 1 for single value type: algo.buffers.allocator-ids.values
02-11 10:09:24.778 23211 24854 D ReflectedParamUpdater: extent() != 1 for single value type: output.buffers.pool-ids.values
02-11 10:09:24.778 23211 24854 D ReflectedParamUpdater: extent() != 1 for single value type: algo.buffers.pool-ids.values
02-11 10:09:24.781 23211 24854 D ReflectedParamUpdater: ignored struct field coding.gop.values
02-11 10:09:24.785 23211 24854 D ReflectedParamUpdater: ignored struct field coding.qp.values
02-11 10:09:24.786 23211 24854 D CCodecConfig: ignoring local param raw.color (0xc2001809) as it is already supported
02-11 10:09:24.786 23211 24854 I CCodec  : [c2.mtk.avc.encoder] config->initialize() : 0
02-11 10:09:24.787 23211 24854 I CCodecConfig: query failed after returning 22 values (BAD_INDEX)
02-11 10:09:24.788 23211 24854 D CCodecConfig: c2 config diff is Dict {
02-11 10:09:24.788 23211 24854 D CCodecConfig:   c2::u32 algo.bitrate-mode.value = 3
02-11 10:09:24.788 23211 24854 D CCodecConfig:   c2::u32 algo.delay.value = 3
02-11 10:09:24.788 23211 24854 D CCodecConfig:   c2::i32 algo.priority.value = 0
02-11 10:09:24.788 23211 24854 D CCodecConfig:   c2::u32 algo.quality.value = 80
02-11 10:09:24.788 23211 24854 D CCodecConfig:   c2::float algo.rate.value = 0
02-11 10:09:24.788 23211 24854 D CCodecConfig:   c2::i32 coded.average-qp.value = 0
02-11 10:09:24.788 23211 24854 D CCodecConfig:   c2::u32 coded.bitrate.value = 64000
02-11 10:09:24.788 23211 24854 D CCodecConfig:   c2::float coded.frame-rate.value = 15
02-11 10:09:24.788 23211 24854 D CCodecConfig:   c2::u32 coded.picture-type.value = 0
02-11 10:09:24.788 23211 24854 D CCodecConfig:   c2::u32 coded.pl.level = 20480
02-11 10:09:24.788 23211 24854 D CCodecConfig:   c2::u32 coded.pl.profile = 0
02-11 10:09:24.788 23211 24854 D CCodecConfig:   c2::u32 coded.tile-layout.columns = 1
02-11 10:09:24.788 23211 24854 D CCodecConfig:   c2::u32 coded.tile-layout.order = 0
02-11 10:09:24.788 23211 24854 D CCodecConfig:   c2::u32 coded.tile-layout.rows = 1
02-11 10:09:24.788 23211 24854 D CCodecConfig:   c2::u32 coded.tile-layout.tile.height = 256
02-11 10:09:24.788 23211 24854 D CCodecConfig:   c2::u32 coded.tile-layout.tile.width = 256
02-11 10:09:24.788 23211 24854 D CCodecConfig:   c2::u32 coded.vui.color.matrix = 0
02-11 10:09:24.788 23211 24854 D CCodecConfig:   c2::u32 coded.vui.color.primaries = 0
02-11 10:09:24.788 23211 24854 D CCodecConfig:   c2::u32 coded.vui.color.range = 0
02-11 10:09:24.788 23211 24854 D CCodecConfig:   c2::u32 coded.vui.color.transfer = 0
02-11 10:09:24.788 23211 24854 D CCodecConfig:   c2::u32 coding.intra-refresh.mode = 0
02-11 10:09:24.788 23211 24854 D CCodecConfig:   c2::float coding.intra-refresh.period = 0
02-11 10:09:24.788 23211 24854 D CCodecConfig:   c2::u32 coding.request-sync-frame.value = 0
02-11 10:09:24.788 23211 24854 D CCodecConfig:   c2::i64 coding.sync-frame-interval.value = 1000000
02-11 10:09:24.788 23211 24854 D CCodecConfig:   Buffer coding.temporal-layering = {
02-11 10:09:24.788 23211 24854 D CCodecConfig:     00000000:  10 00 00 00 07 20
