02-11 10:12:17.415  1042 27278 W Hal3AImp_v1_0: [On3AFinish] [idx(1)] [STT](#1d00000015) No valid 3A result, calculation might be canceled by stream-off
02-11 10:12:17.415  1042 27278 I Hal3ACustomImp: [convertToPartialMetaset2A] [convertToPartialMetaset2A] [idx(1)] Hal3A Plug-in
02-11 10:12:17.415  1042 27278 W MtkCbAdptor: [1-CoreConverter::convertResult] failed to setEntry, MTK_HALCORE_CALLBACK_REALTIME_MODE
02-11 10:12:17.419  1042  1545 I DipDrv  : [dipfr_update_tdr] src_tdr_idx(0) ofst:5620096 va:0x7589ff3180 iova:3d8d5c180 tdr_sz(10896)
02-11 10:12:17.419  1042  1545 I PQDIPDrv: [pqdip_update_tdr] src_tdr_ridx(0) va:0x75f6d16400, iova:3d7f80400 tdr_sz(1392) set to dst_tdr_ridx(6)
02-11 10:12:17.420  1042 27282 I RequestRegulator: Cam::1 [signal] VSirq : SofIdx(221653), getSofIdx(221652/1), processed(24<->23), CamsysFrameSequence(23)
02-11 10:12:17.421  1042 27287 I Hal3ACustomImp: [convertToSetting3A] [convertToSetting3A] [idx(1)] Hal3A Plug-in
02-11 10:12:17.421  1042 25435 I MtkCam/ZoomRatioConverter: [UpdateZoomRatio] pillarboxed crop zoom, ratio:1.000000
02-11 10:12:17.422  1042 25435 W mtkcam-capturesession: [1-CaptureSessionDefault::onGetSharedSteramPoolAllocSize] poolSize 1 -> 0.000000 fail (map is empty) !!
02-11 10:12:17.423  1042 25435 I Hal3ACustomImp: [setControl] [setControl] [idx(1)] Hal3A Plug-in
02-11 10:12:17.423  1042 25435 I Hal3ACustomImp: [convertToRequest] [convertToRequest] [idx(1)] Hal3A Plug-in
02-11 10:12:17.423  1042 25435 I Hal3ACustomImp: [operator()] Prev/Curr CaptureIntent: (3 / 3)
02-11 10:12:17.423  1042 25435 I sec_custom_ta11plus.cpp: [cust_getIsSECApplication] [cust_getIsSECApplication] gIsSECApplication(0)
02-11 10:12:17.423  1042 25435 I sec_custom_ta11plus.cpp: [cust_getIsSECApplication] [cust_getIsSECApplication] gIsSECApplication(0)
02-11 10:12:17.423  1042 25435 I sec_custom_ta11plus.cpp: [cust_multiFrameCtrlForSEC] [cust_multiFrameCtrlForSEC][param in], idx(1), facing(1), i4ShotHint(0), ae_lock(0), ae_exp_index(0), awb_lock(0), pause_af(0)
02-11 10:12:17.423  1042 25435 I sec_custom_ta11plus.cpp: [cust_multiFrameCtrlForSEC] [cust_multiFrameCtrlForSEC][param in], date.0130, curCapCnt(0), curLlsFlag(0), isRemosaic(0), resetAELock(0), bIsSECApplication(0), i4ShootingMode(0), cntWaitAELock(0)
02-11 10:12:17.424  1003 17025 D AudioDspStreamManager: getDspTaskA2DPStatus(), mDspTaskA2DPActive = 0
02-11 10:12:17.426  1042  1537 I mtkcam_hal_legacy2android_device: [convertStreamBuffer] [debug chingchi] requestStreamBuffer bufferHandle:0xb4000076eafbafd0, bufferId:0xb40000777af9c9e8
02-11 10:12:17.444  1003 17025 D AudioDspStreamManager: getDspTaskA2DPStatus(), mDspTaskA2DPActive = 0
02-11 10:12:17.452  1042 27278 W HalBlackBoard: [readBoard] [idx(1)] ASSERTION: req(#0x1e00000013/#19) has been flushed out, current index is req(#0x1e00000016/#22)!
02-11 10:12:17.452  1042 27276 I Hal3ACustomImp: [getResult] [getResult] [idx(1)] Hal3A Plug-in
02-11 10:12:17.452  1042 27276 I Hal3ACustomImp: [convertToMetaset] [convertToMetaset] [idx(1)] Hal3A Plug-in
02-11 10:12:17.452  1042 27276 I sec_custom_ta11plus.cpp: [cust_getIsSECApplication] [cust_getIsSECApplication] gIsSECApplication(0)
02-11 10:12:17.452  1042 27276 I sec_custom_ta11plus.cpp: [cust_getIsSECApplication] [cust_getIsSECApplication] gIsSECApplication(0)
02-11 10:12:17.452  1042 27276 I sec_custom_ta11plus.cpp: [cust_aeGetLiveHdrState] [cust_aeGetLiveHdrState] i4LiveHdrMode(0), ret(0)
02-11 10:12:17.452  1042 27276 I sec_custom_ta11plus.cpp: [cust_shotConditionForSEC] [cust_shotConditionForSEC][param in], idx(1), facing(1), BV(86), nightBv(921) gain(5.590000), zoomRto(1.000000), hdrState(0), isFlash(0), shootingmode(0), gyro(0), Cwr(709), DynamicRange(6037), sunDetectionInfo(0)
02-11 10:12:17.452  1042 27276 I sec_custom_ta11plus.cpp: [cust_shotConditionForSEC] [cust_shotConditionForSEC] jpegW/H(0/0), bIsSECApplication(0)
02-11 10:12:17.452  1042 27276 I sec_custom_ta11plus.cpp: [cust_refineHdrStateByLLSFlag] [cust_refineHdrStateByLLSFlag][param in] idx(1), i4LiveHdrState(0)
02-11 10:12:17.452  1042 27276 I sec_custom_ta11plus.cpp: [cust_refineHdrStateByLLSFlag] [cust_refineHdrStateByLLSFlag][param out] idx(1), ret(0), i4LiveHdrState(0), curLlsFlag(0),  c0(0), c1(0)
02-11 10:12:17.452  1042 27276 I sec_custom_ta11plus.cpp: [cust_getSECGyroState] [cust_getSECGyroState] gyroState(1)
02-11 10:12:17.452  1042 27276 I Hal3ACustomImp: [removePartialMetasetAppTag] [removePartialMetasetAppTag] [idx(1)] Hal3A Plug-in
02-11 10:12:17.455  1042 27278 I TsfImp  : [getLscIspInfo] dac_prev(0)
02-11 10:12:17.455  1042 27278 W Hal3AImp_v1_0: [On3AFinish] [idx(1)] [STT](#1e00000016) No valid 3A result, calculation might be canceled by stream-off
02-11 10:12:17.455  1042 27278 I Hal3ACustomImp: [convertToPartialMetaset2A] [convertToPartialMetaset2A] [idx(1)] Hal3A Plug-in
02-11 10:12:17.455  1042 27278 W MtkCbAdptor: [1-CoreConverter::convertResult] failed to setEntry, MTK_HALCORE_CALLBACK_REALTIME_MODE
02-11 10:12:17.461  1042  1546 I DipDrv  : [dipfr_update_tdr] src_tdr_idx(4) ofst:6201728 va:0x758a081180 iova:3d8dea180 tdr_sz(10896)
02-11 10:12:17.461  1042  1546 I PQDIPDrv: [pqdip_update_tdr] src_tdr_ridx(4) va:0x75f6d29400, iova:3d7f93400 tdr_sz(1392) set to dst_tdr_ridx(7)
02-11 10:12:17.462  1042 27282 I RequestRegulator: Cam::1 [signal] VSirq : SofIdx(221654), getSofIdx(221653/1), processed(25<->24), CamsysFrameSequence(24)
02-11 10:12:17.462  1042 27287 I Hal3ACustomImp: [convertToSetting3A] [convertToSetting3A] [idx(1)] Hal3A Plug-in
02-11 10:12:17.464  1042  1042 I MtkCam/ZoomRatioConverter: [UpdateZoomRatio] pillarboxed crop zoom, ratio:1.000000
02-11 10:12:17.464  1042  1042 W mtkcam-capturesession: [1-CaptureSessionDefault::onGetSharedSteramPoolAllocSize] poolSize 1 -> 0.000000 fail (map is empty) !!
02-11 10:12:17.465  1042  1042 I Hal3ACustomImp: [setControl] [setControl] [idx(1)] Hal3A Plug-in
02-11 10:12:17.465  1042  1042 I Hal3ACustomImp: [convertToRequest] [convertToRequest] [idx(1)] Hal3A Plug-in
02-11 10:12:17.465  1042  1042 I Hal3ACustomImp: [operator()] Prev/Curr CaptureIntent: (3 / 3)
02-11 10:12:17.465  1042  1042 I sec_custom_ta11plus.cpp: [cust_getIsSECApplication] [cust_getIsSECApplication] gIsSECApplication(0)
02-11 10:12:17.465  1042  1042 I sec_custom_ta11plus.cpp: [cust_getIsSECApplication] [cust_getIsSECApplication] gIsSECApplication(0)
02-11 10:12:17.465  1042  1042 I sec_custom_ta11plus.cpp: [cust_multiFrameCtrlForSEC] [cust_multiFrameCtrlForSEC][param in], idx(1), facing(1), i4ShotHint(0), ae_lock(0), ae_exp_index(0), awb_lock(0), pause_af(0)
02-11 10:12:17.465  1042  1042 I sec_custom_ta11plus.cpp: [cust_multiFrameCtrlForSEC] [cust_multiFrameCtrlForSEC][param in], date.0130, curCapCnt(0), curLlsFlag(0), isRemosaic(0), resetAELock(0), bIsSECApplication(0), i4ShootingMode(0), cntWaitAELock(0)
02-11 10:12:17.466  1003 17025 D AudioDspStreamManager: getDspTaskA2DPStatus(), mDspTaskA2DPActive = 0
02-11 10:12:17.466  1042  1543 I mtkcam_hal_legacy2android_device: [convertStreamBuffer] [debug chingchi] requestStreamBuffer bufferHandle:0xb4000076eaf9f670, bufferId:0xb40000777afa4ae8
02-11 10:12:17.487  1003 17025 D AudioDspStreamManager: getDspTaskA2DPStatus(), mDspTaskA2DPActive = 0
02-11 10:12:17.494  1042 27276 I Hal3ACustomImp: [getResult] [getResult] [idx(1)] Hal3A Plug-in
02-11 10:12:17.494  1042 27276 I Hal3ACustomImp: [convertToMetaset] [convertToMetaset] [idx(1)] Hal3A Plug-in
02-11 10:12:17.494  1042 27276 I sec_custom_ta11plus.cpp: [cust_getIsSECApplication] [cust_getIsSECApplication] gIsSECApplication(0)
02-11 10:12:17.494  1042 27276 I sec_custom_ta11plus.cpp: [cust_getIsSECApplication] [cust_getIsSECApplication] gIsSECApplication(0)
02-11 10:12:17.494  1042 27276 I sec_custom_ta11plus.cpp: [cust_aeGetLiveHdrState] [cust_aeGetLiveHdrState] i4LiveHdrMode(0), ret(0)
02-11 10:12:17.494  1042 27276 I sec_custom_ta11plus.cpp: [cust_shotConditionForSEC] [cust_shotConditionForSEC][param in], idx(1), facing(1), BV(87), nightBv(947) gain(5.560000), zoomRto(1.000000), hdrState(0), isFlash(0), shootingmode(0), gyro(0), Cwr(702), DynamicRange(6049), sunDetectionInfo(0)
02-11 10:12:17.494  1042 27276 I sec_custom_ta11plus.cpp: [cust_shotConditionForSEC] [cust_shotConditionForSEC] jpegW/H(0/0), bIsSECApplication(0)
02-11 10:12:17.494  1042 27276 I sec_custom_ta11plus.cpp: [cust_refineHdrStateByLLSFlag] [cust_refineHdrStateByLLSFlag][param in] idx(1), i4LiveHdrState(0)
02-11 10:12:17.494  1042 27276 I sec_custom_ta11plus.cpp: [cust_refineHdrStateByLLSFlag] [cust_refineHdrStateByLLSFlag][param out] idx(1), ret(0), i4LiveHdrState(0), curLlsFlag(0),  c0(0), c1(0)
02-11 10:12:17.494  1042 27276 I sec_custom_ta11plus.cpp: [cust_getSECGyroState] [cust_getSECGyroState] gyroState(1)
02-11 10:12:17.494  1042 27276 I Hal3ACustomImp: [removePartialMetasetAppTag] [removePartialMetasetAppTag] [idx(1)] Hal3A Plug-in
02-11 10:12:17.495  1042 27278 W HalBlackBoard: [readBoard] [idx(1)] ASSERTION: req(#0x1f00000014/#20) has been flushed out, current index is req(#0x1f00000017/#23)!
02-11 10:12:17.498  1042 27278 I TsfImp  : [getLscIspInfo] dac_prev(0)
02-11 10:12:17.498  1042 27278 W Hal3AImp_v1_0: [On3AFinish] [idx(1)] [STT](#1f00000017) No valid 3A result, calculation might be canceled by stream-off
02-11 10:12:17.498  1042 27278 I Hal3ACustomImp: [convertToPartialMetaset2A] [convertToPartialMetaset2A] [idx(1)] Hal3A Plug-in
02-11 10:12:17.498  1042 27278 W MtkCbAdptor: [1-CoreConverter::convertResult] failed to setEntry, MTK_HALCORE_CALLBACK_REALTIME_MODE
02-11 10:12:17.504  1042 27282 I RequestRegulator: Cam::1 [signal] VSirq : SofIdx(221655), getSofIdx(221654/1), processed(26<->25), CamsysFrameSequence(25)
02-11 10:12:17.504  1042 27287 I Hal3ACustomImp: [convertToSetting3A] [convertToSetting3A] [idx(1)] Hal3A Plug-in
02-11 10:12:17.505  1042  1546 I DipDrv  : [dipfr_update_tdr] src_tdr_idx(5) ofst:6347136 va:0x758a0a4980 iova:3d8e0d980 tdr_sz(10896)
02-11 10:12:17.505  1042  1546 I PQDIPDrv: [pqdip_update_tdr] src_tdr_ridx(5) va:0x75f6d2e000, iova:3d7f98000 tdr_sz(1392) set to dst_tdr_ridx(8)
02-11 10:12:17.505  1042 25435 I MtkCam/ZoomRatioConverter: [UpdateZoomRatio] pillarboxed crop zoom, ratio:1.000000
02-11 10:12:17.505  1042 25435 W mtkcam-capturesession: [1-CaptureSessionDefault::onGetSharedSteramPoolAllocSize] poolSize 1 -> 0.000000 fail (map is empty) !!
02-11 10:12:17.506  1042 25435 I Hal3ACustomImp: [setControl] [setControl] [idx(1)] Hal3A Plug-in
02-11 10:12:17.506  1042 25435 I Hal3ACustomImp: [convertToRequest] [convertToRequest] [idx(1)] Hal3A Plug-in
02-11 10:12:17.506  1042 25435 I Hal3ACustomImp: [operator()] Prev/Curr CaptureIntent: (3 / 3)
02-11 10:12:17.506  1042 25435 I sec_custom_ta11plus.cpp: [cust_getIsSECApplication] [cust_getIsSECApplication] gIsSECApplication(0)
02-11 10:12:17.506  1042 25435 I sec_custom_ta11plus.cpp: [cust_getIsSECApplication] [cust_getIsSECApplication] gIsSECApplication(0)
02-11 10:12:17.506  1042 25435 I sec_custom_ta11plus.cpp: [cust_multiFrameCtrlForSEC] [cust_multiFrameCtrlForSEC][param in], idx(1), facing(1), i4ShotHint(0), ae_lock(0), ae_exp_index(0), awb_lock(0), pause_af(0)
02-11 10:12:17.506  1042 25435 I sec_custom_ta11plus.cpp: [cust_multiFrameCtrlForSEC] [cust_multiFrameCtrlForSEC][param in], date.0130, curCapCnt(0), curLlsFlag(0), isRemosaic(0), resetAELock(0), bIsSECApplication(0), i4ShootingMode(0), cntWaitAELock(0)
02-11 10:12:17.509  1003 17025 D AudioDspStreamManager: getDspTaskA2DPStatus(), mDspTaskA2DPActive = 0
02-11 10:12:17.511  1042  1543 I mtkcam_hal_legacy2android_device: [convertStreamBuffer] [debug chingchi] requestStreamBuffer bufferHandle:0xb4000076eaf92af0, bufferId:0xb40000777afa1818
02-11 10:12:17.530  1003 17025 D AudioDspStreamManager: getDspTaskA2DPStatus(), mDspTaskA2DPActive = 0
02-11 10:12:17.535  1042 27278 W HalBlackBoard: [readBoard] [idx(1)] ASSERTION: req(#0x2000000015/#21) has been flushed out, current index is req(#0x2000000018/#24)!
02-11 10:12:17.536  1042 27276 I Hal3ACustomImp: [getResult] [getResult] [idx(1)] Hal3A Plug-in
02-11 10:12:17.536  1042 27276 I Hal3ACustomImp: [convertToMetaset] [convertToMetaset] [idx(1)] Hal3A Plug-in
02-11 10:12:17.536  1042 27276 I sec_custom_ta11plus.cpp: [cust_getIsSECApplication] [cust_getIsSECApplication] gIsSECApplication(0)
02-11 10:12:17.536  1042 27276 I sec_custom_ta11plus.cpp: [cust_getIsSECApplication] [cust_getIsSECApplication] gIsSECApplication(0)
02-11 10:12:17.536  1042 27276 I sec_custom_ta11plus.cpp: [cust_aeGetLiveHdrState] [cust_aeGetLiveHdrState] i4LiveHdrMode(0), ret(0)
02-11 10:12:17.536  1042 27276 I sec_custom_ta11plus.cpp: [cust_shotConditionForSEC] [cust_shotConditionForSEC][param in], idx(1), facing(1), BV(86), nightBv(921) gain(5.530000), zoomRto(1.000000), hdrState(0), isFlash(0), shootingmode(0), gyro(0), Cwr(698), DynamicRange(6048), sunDetectionInfo(0)
02-11 10:12:17.536  1042 27276 I sec_custom_ta11plus.cpp: [cust_shotConditionForSEC] [cust_shotConditionForSEC] jpegW/H(0/0), bIsSECApplication(0)
02-11 10:12:17.536  1042 27276 I sec_custom_ta11plus.cpp: [cust_refineHdrStateByLLSFlag] [cust_refineHdrStateByLLSFlag][param in] idx(1), i4LiveHdrState(0)
02-11 10:12:17.536  1042 27276 I sec_custom_ta11plus.cpp: [cust_refineHdrStateByLLSFlag] [cust_refineHdrStateByLLSFlag][param out] idx(1), ret(0), i4LiveHdrState(0), curLlsFlag(0),  c0(0), c1(0)
02-11 10:12:17.536  1042 27276 I sec_custom_ta11plus.cpp: [cust_getSECGyroState] [cust_getSECGyroState] gyroState(1)
02-11 10:12:17.536  1042 27276 I Hal3ACustomImp: [removePartialMetasetAppTag] [removePartialMetasetAppTag] [idx(1)] Hal3A Plug-in
02-11 10:12:17.538  1042 27278 I TsfImp  : [getLscIspInfo] dac_prev(0)
02-11 10:12:17.539  1042 27278 W Hal3AImp_v1_0: [On3AFinish] [idx(1)] [STT](#2000000018) No valid 3A result, calculation might be canceled by stream-off
02-11 10:12:17.539  1042 27278 I Hal3ACustomImp: [convertToPartialMetaset2A] [convertToPartialMetaset2A] [idx(1)] Hal3A Plug-in
02-11 10:12:17.539  1042 27278 W MtkCbAdptor: [1-CoreConverter::convertResult] failed to setEntry, MTK_HALCORE_CALLBACK_REALTIME_MODE
02-11 10:12:17.545  1042  1545 I DipDrv  : [dipfr_update_tdr] src_tdr_idx(7) ofst:6637952 va:0x758a0eb980 iova:3d8e54980 tdr_sz(10896)
02-11 10:12:17.545  1042  1545 I PQDIPDrv: [pqdip_update_tdr] src_tdr_ridx(7) va:0x75f6d37800, iova:3d7fa1800 tdr_sz(1392) set to dst_tdr_ridx(9)
02-11 10:12:17.546  1074  1074 I BufferQueueProducer: [kr.co.kyowon.videolesson.play/com.kyowon.livechat_lib.MeetingActivity$_23211#43848](this:0xb400007cb393ead8,id:-1,api:0,p:-1,c:1074) queueBuffer: fps=58.41 dur=1010.12 max=49.31 min=14.45
02-11 10:12:17.546  1042 27282 I RequestRegulator: Cam::1 [signal] VSirq : SofIdx(221656), getSofIdx(221655/1), processed(27<->26), CamsysFrameSequence(26)
02-11 10:12:17.546  1042 27287 I Hal3ACustomImp: [convertToSetting3A] [convertToSetting3A] [idx(1)] Hal3A Plug-in
02-11 10:12:17.547  1042  1042 I MtkCam/ZoomRatioConverter: [UpdateZoomRatio] pillarboxed crop zoom, ratio:1.000000
02-11 10:12:17.547  1042  1042 W mtkcam-capturesession: [1-CaptureSessionDefault::onGetSharedSteramPoolAllocSize] poolSize 1 -> 0.000000 fail (map is empty) !!
02-11 10:12:17.548  1042  1042 I Hal3ACustomImp: [setControl] [setControl] [idx(1)] Hal3A Plug-in
02-11 10:12:17.548  1042  1042 I Hal3ACustomImp: [convertToRequest] [convertToRequest] [idx(1)] Hal3A Plug-in
02-11 10:12:17.548  1042  1042 I Hal3ACustomImp: [operator()] Prev/Curr CaptureIntent: (3 / 3)
02-11 10:12:17.548  1042  1042 I sec_custom_ta11plus.cpp: [cust_getIsSECApplication] [cust_getIsSECApplication] gIsSECApplication(0)
02-11 10:12:17.548  1042  1042 I sec_custom_ta11plus.cpp: [cust_getIsSECApplication] [cust_getIsSECApplication] gIsSECApplication(0)
02-11 10:12:17.548  1042  1042 I sec_custom_ta11plus.cpp: [cust_multiFrameCtrlForSEC] [cust_multiFrameCtrlForSEC][param in], idx(1), facing(1), i4ShotHint(0), ae_lock(0), ae_exp_index(0), awb_lock(0), pause_af(0)
02-11 10:12:17.548  1042  1042 I sec_custom_ta11plus.cpp: [cust_multiFrameCtrlForSEC] [cust_multiFrameCtrlForSEC][param in], date.0130, curCapCnt(0), curLlsFlag(0), isRemosaic(0), resetAELock(0), bIsSECApplication(0), i4ShootingMode(0), cntWaitAELock(0)
02-11 10:12:17.552  1003 17025 D AudioDspStreamManager: getDspTaskA2DPStatus(), mDspTaskA2DPActive = 0
02-11 10:12:17.555  1042  1543 I mtkcam_hal_legacy2android_device: [convertStreamBuffer] [debug chingchi] requestStreamBuffer bufferHandle:0xb4000076eafb3150, bufferId:0xb40000777afee348
02-11 10:12:17.572  1003 17025 D AudioDspStreamManager: getDspTaskA2DPStatus(), mDspTaskA2DPActive = 0
02-11 10:12:17.578  1042 27278 W HalBlackBoard: [readBoard] [idx(1)] ASSERTION: req(#0x2100000016/#22) has been flushed out, current index is req(#0x2100000019/#25)!
02-11 10:12:17.578  1042 27276 I Hal3ACustomImp: [getResult] [getResult] [idx(1)] Hal3A Plug-in
02-11 10:12:17.578  1042 27276 I Hal3ACustomImp: [convertToMetaset] [convertToMetaset] [idx(1)] Hal3A Plug-in
02-11 10:12:17.578  1042 27276 I sec_custom_ta11plus.cpp: [cust_getIsSECApplication] [cust_getIsSECApplication] gIsSECApplication(0)
02-11 10:12:17.578  1042 27276 I sec_custom_ta11plus.cpp: [cust_getIsSECApplication] [cust_getIsSECApplication] gIsSECApplication(0)
02-11 10:12:17.578  1042 27276 I sec_custom_ta11plus.cpp: [cust_aeGetLiveHdrState] [cust_aeGetLiveHdrState] i4LiveHdrMode(0), ret(0)
02-11 10:12:17.578  1042 27276 I sec_custom_ta11plus.cpp: [cust_shotConditionForSEC] [cust_shotConditionForSEC][param in], idx(1), facing(1), BV(87), nightBv(947) gain(5.500000), zoomRto(1.000000), hdrState(0), isFlash(0), shootingmode(0), gyro(0), Cwr(694), DynamicRange(6078), sunDetectionInfo(0)
02-11 10:12:17.578  1042 27276 I sec_custom_ta11plus.cpp: [cust_shotConditionForSEC] [cust_shotConditionForSEC] jpegW/H(0/0), bIsSECApplication(0)
02-11 10:12:17.578  1042 27276 I sec_custom_ta11plus.cpp: [cust_refineHdrStateByLLSFlag] [cust_refineHdrStateByLLSFlag][param in] idx(1), i4LiveHdrState(0)
02-11 10:12:17.578  1042 27276 I sec_custom_ta11plus.cpp: [cust_refineHdrStateByLLSFlag] [cust_refineHdrStateByLLSFlag][param out] idx(1), ret(0), i4LiveHdrState(0), curLlsFlag(0),  c0(0), c1(0)
02-11 10:12:17.578  1042 27276 I sec_custom_ta11plus.cpp: [cust_getSECGyroState] [cust_getSECGyroState] gyroState(1)
02-11 10:12:17.578  1042 27276 I Hal3ACustomImp: [removePartialMetasetAppTag] [removePartialMetasetAppTag] [idx(1)] Hal3A Plug-in
02-11 10:12:17.581  1042 27278 E AwbMgrAdapt: [Calculate] [Calculate:1293] Fail to get id = 16 FS stt data! (Calculate){#1293:vendor/mediatek/proprietary/hardware/mtkcam-core/aaa/common/mgr_3a_adapter/AwbMgrAdapt.cpp}
02-11 10:12:17.581  1042 27278 I TsfImp  : [getLscIspInfo] dac_prev(0)
02-11 10:12:17.581  1042 27278 W Hal3AImp_v1_0: [On3AFinish] [idx(1)] [STT](#2100000019) No valid 3A result, calculation might be canceled by stream-off
02-11 10:12:17.581  1042  1539 I TsfImp  : [tsfBatch] userId(0), dac_inf:1024,dac_macro:4096,dac_prev/cur:0/0 AE(Y:750,LV:87,ISO:163,LV_IDX:4,shutter:8337142,isStable:0,isLock:0,isFlash:0) AWB(CCT_IDX:8,CCT:5681,GainR/G/B:1122/512/799,isLock:0) Gyro0/1/2:0/0/0,orient:0,faceNum:1,faceRect:1421/318/1913/1116
02-11 10:12:17.582  1042 27278 I Hal3ACustomImp: [convertToPartialMetaset2A] [convertToPartialMetaset2A] [idx(1)] Hal3A Plug-in
02-11 10:12:17.582  1042 27278 W MtkCbAdptor: [1-CoreConverter::convertResult] failed to setEntry, MTK_HALCORE_CALLBACK_REALTIME_MODE
02-11 10:12:17.588  1042 27282 I RequestRegulator: Cam::1 [signal] VSirq : SofIdx(221657), getSofIdx(221656/1), processed(28<->27), CamsysFrameSequence(27)
02-11 10:12:17.589  1042 27287 I Hal3ACustomImp: [convertToSetting3A] [convertToSetting3A] [idx(1)] Hal3A Plug-in
02-11 10:12:17.589  1042  1547 I DipDrv  : [dipfr_update_tdr] src_tdr_idx(9) ofst:6928768 va:0x758a132980 iova:3d8e9b980 tdr_sz(10896)
02-11 10:12:17.589  1042  1547 I PQDIPDrv: [pqdip_update_tdr] src_tdr_ridx(9) va:0x75f6d41000, iova:3d7fab000 tdr_sz(1392) set to dst_tdr_ridx(10)
02-11 10:12:17.589  1042 25435 I MtkCam/ZoomRatioConverter: [UpdateZoomRatio] pillarboxed crop zoom, ratio:1.000000
02-11 10:12:17.589  1042 25435 W mtkcam-capturesession: [1-CaptureSessionDefault::onGetSharedSteramPoolAllocSize] poolSize 1 -> 0.000000 fail (map is empty) !!
02-11 10:12:17.590  1042 25435 I Hal3ACustomImp: [setControl] [setControl] [idx(1)] Hal3A Plug-in
02-11 10:12:17.590  1042 25435 I Hal3ACustomImp: [convertToRequest] [convertToRequest] [idx(1)] Hal3A Plug-in
02-11 10:12:17.590  1042 25435 I Hal3ACustomImp: [operator()] Prev/Curr CaptureIntent: (3 / 3)
02-11 10:12:17.590  1042 25435 I sec_custom_ta11plus.cpp: [cust_getIsSECApplication] [cust_getIsSECApplication] gIsSECApplication(0)
02-11 10:12:17.590  1042 25435 I sec_custom_ta11plus.cpp: [cust_getIsSECApplication] [cust_getIsSECApplication] gIsSECApplication(0)
02-11 10:12:17.590  1042 25435 I sec_custom_ta11plus.cpp: [cust_multiFrameCtrlForSEC] [cust_multiFrameCtrlForSEC][param in], idx(1), facing(1), i4ShotHint(0), ae_lock(0), ae_exp_index(0), awb_lock(0), pause_af(0)
02-11 10:12:17.590  1042 25435 I sec_custom_ta11plus.cpp: [cust_multiFrameCtrlForSEC] [cust_multiFrameCtrlForSEC][param in], date.0130, curCapCnt(0), curLlsFlag(0), isRemosaic(0), resetAELock(0), bIsSECApplication(0), i4ShootingMode(0), cntWaitAELock(0)
02-11 10:12:17.592  1042  1537 I mtkcam_hal_legacy2android_device: [convertStreamBuffer] [debug chingchi] requestStreamBuffer bufferHandle:0xb4000076eaf74850, bufferId:0xb40000777afddfc8
02-11 10:12:17.594  1003 17025 D AudioDspStreamManager: getDspTaskA2DPStatus(), mDspTaskA2DPActive = 0
02-11 10:12:17.611  1003 17025 D AudioDspStreamManager: getDspTaskA2DPStatus(), mDspTaskA2DPActive = 0
02-11 10:12:17.620  1042 27278 W HalBlackBoard: [readBoard] [idx(1)] ASSERTION: req(#0x2200000017/#23) has been flushed out, current index is req(#0x220000001a/#26)!
02-11 10:12:17.620  1042 27276 I Hal3ACustomImp: [getResult] [getResult] [idx(1)] Hal3A Plug-in
02-11 10:12:17.620  1042 27276 I Hal3ACustomImp: [convertToMetaset] [convertToMetaset] [idx(1)] Hal3A Plug-in
02-11 10:12:17.621  1042 27276 I sec_custom_ta11plus.cpp: [cust_getIsSECApplication] [cust_getIsSECApplication] gIsSECApplication(0)
02-11 10:12:17.621  1042 27276 I sec_custom_ta11plus.cpp: [cust_getIsSECApplication] [cust_getIsSECApplication] gIsSECApplication(0)
02-11 10:12:17.621  1042 27276 I sec_custom_ta11plus.cpp: [cust_aeGetLiveHdrState] [cust_aeGetLiveHdrState] i4LiveHdrMode(0), ret(101)
02-11 10:12:17.621  1042 27276 I sec_custom_ta11plus.cpp: [cust_shotConditionForSEC] [cust_shotConditionForSEC][param in], idx(1), facing(1), BV(87), nightBv(947) gain(5.470000), zoomRto(1.000000), hdrState(101), isFlash(0), shootingmode(0), gyro(0), Cwr(693), DynamicRange(6090), sunDetectionInfo(0)
02-11 10:12:17.621  1042 27276 I sec_custom_ta11plus.cpp: [cust_shotConditionForSEC] [cust_shotConditionForSEC] jpegW/H(0/0), bIsSECApplication(0)
02-11 10:12:17.621  1042 27276 I sec_custom_ta11plus.cpp: [cust_refineHdrStateByLLSFlag] [cust_refineHdrStateByLLSFlag][param in] idx(1), i4LiveHdrState(101)
02-11 10:12:17.621  1042 27276 I sec_custom_ta11plus.cpp: [cust_refineHdrStateByLLSFlag] [cust_refineHdrStateByLLSFlag][param out] idx(1), ret(101), i4LiveHdrState(101), curLlsFlag(0),  c0(0), c1(0)
02-11 10:12:17.621  1042 27276 I sec_custom_ta11plus.cpp: [cust_getSECGyroState] [cust_getSECGyroState] gyroState(1)
02-11 10:12:17.621  1042 27276 I Hal3ACustomImp: [removePartialMetasetAppTag] [removePartialMetasetAppTag] [idx(1)] Hal3A Plug-in
02-11 10:12:17.623  1042 27278 I TsfImp  : [getLscIspInfo] dac_prev(0)
02-11 10:12:17.623  1042 27278 W Hal3AImp_v1_0: [On3AFinish] [idx(1)] [STT](#220000001a) No valid 3A result, calculation might be canceled by stream-off
02-11 10:12:17.624  1042 27278 I Hal3ACustomImp: [convertToPartialMetaset2A] [convertToPartialMetaset2A] [idx(1)] Hal3A Plug-in
02-11 10:12:17.624  1042 27278 W MtkCbAdptor: [1-CoreConverter::convertResult] failed to setEntry, MTK_HALCORE_CALLBACK_REALTIME_MODE
02-11 10:12:17.629  1042  1545 I DipDrv  : [dipfr_update_tdr] src_tdr_idx(8) ofst:6783360 va:0x758a10f180 iova:3d8e78180 tdr_sz(10896)
02-11 10:12:17.629  1042  1545 I PQDIPDrv: [pqdip_update_tdr] src_tdr_ridx(8) va:0x75f6d3c400, iova:3d7fa6400 tdr_sz(1392) set to dst_tdr_ridx(11)
02-11 10:12:17.630  1042 27282 I RequestRegulator: Cam::1 [signal] VSirq : SofIdx(221658), getSofIdx(221657/1), processed(29<->28), CamsysFrameSequence(28)
02-11 10:12:17.630  1042 27287 I Hal3ACustomImp: [convertToSetting3A] [convertToSetting3A] [idx(1)] Hal3A Plug-in
02-11 10:12:17.631  1042  1042 I MtkCam/ZoomRatioConverter: [UpdateZoomRatio] pillarboxed crop zoom, ratio:1.000000
02-11 10:12:17.631  1042  1042 W mtkcam-capturesession: [1-CaptureSessionDefault::onGetSharedSteramPoolAllocSize] poolSize 1 -> 0.000000 fail (map is empty) !!
02-11 10:12:17.632  1042  1042 I Hal3ACustomImp: [setControl] [setControl] [idx(1)] Hal3A Plug-in
02-11 10:12:17.632  1042  1042 I Hal3ACustomImp: [convertToRequest] [convertToRequest] [idx(1)] Hal3A Plug-in
02-11 10:12:17.632  1042  1042 I Hal3ACustomImp: [operator()] Prev/Curr CaptureIntent: (3 / 3)
02-11 10:12:17.632  1042  1042 I sec_custom_ta11plus.cpp: [cust_getIsSECApplication] [cust_getIsSECApplication] gIsSECApplication(0)
02-11 10:12:17.632  1042  1042 I sec_custom_ta11plus.cpp: [cust_getIsSECApplication] [cust_getIsSECApplication] gIsSECApplication(0)
02-11 10:12:17.632  1042  1042 I sec_custom_ta11plus.cpp: [cust_multiFrameCtrlForSEC] [cust_multiFrameCtrlForSEC][param in], idx(1), facing(1), i4ShotHint(0), ae_lock(0), ae_exp_index(0), awb_lock(0), pause_af(0)
02-11 10:12:17.632  1042  1042 I sec_custom_ta11plus.cpp: [cust_multiFrameCtrlForSEC] [cust_multiFrameCtrlForSEC][param in], date.0130, curCapCnt(0), curLlsFlag(0), isRemosaic(0), resetAELock(0), bIsSECApplication(0), i4ShootingMode(0), cntWaitAELock(0)
02-11 10:12:17.635  1042  1537 I mtkcam_hal_legacy2android_device: [convertStreamBuffer] [debug chingchi] requestStreamBuffer bufferHandle:0xb4000076eaf95850, bufferId:0xb40000777afaebc8
02-11 10:12:17.638  1003 17025 D AudioDspStreamManager: getDspTaskA2DPStatus(), mDspTaskA2DPActive = 0
02-11 10:12:17.645  1074  1074 I BufferQueueProducer: [69d3395 SurfaceView[kr.co.kyowon.videolesson.play/com.kyowon.livechat_lib.MeetingActivity]@0(BLAST)#43976](this:0xb400007cb3832ff8,id:-1,api:0,p:-1,c:1074) queueBuffer: fps=29.73 dur=1008.94 max=83.77 min=14.72
02-11 10:12:17.654  1451  1866 D SemApeService: Deducted link capacity (M: R=273 T=122) RSSI=-63
02-11 10:12:17.656  1451  1866 D SemApeService: Timer=23 RT(R=1732 T=820) NRT(R=0 T=0) Alloc=1 Estimate(gamma=0 our=2 gapi=76) NB=0 SB=0 DC=0 Link(R=273 T=122) RSSI=-62 Rule=[false][Restrict][NoneCase]
02-11 10:12:17.657  1003 17025 D AudioDspStreamManager: getDspTaskA2DPStatus(), mDspTaskA2DPActive = 0
02-11 10:12:17.662  1042 27278 W HalBlackBoard: [readBoard] [idx(1)] ASSERTION: req(#0x2300000018/#24) has been flushed out, current index is req(#0x230000001b/#27)!
02-11 10:12:17.662  1042 27276 I Hal3ACustomImp: [getResult] [getResult] [idx(1)] Hal3A Plug-in
02-11 10:12:17.662  1042 27276 I Hal3ACustomImp: [convertToMetaset] [convertToMetaset] [idx(1)] Hal3A Plug-in
02-11 10:12:17.662  1042 27276 I sec_custom_ta11plus.cpp: [cust_getIsSECApplication] [cust_getIsSECApplication] gIsSECApplication(0)
02-11 10:12:17.662  1042 27276 I sec_custom_ta11plus.cpp: [cust_getIsSECApplication] [cust_getIsSECApplication] gIsSECApplication(0)
02-11 10:12:17.662  1042 27276 I sec_custom_ta11plus.cpp: [cust_aeGetLiveHdrState] [cust_aeGetLiveHdrState] i4LiveHdrMode(0), ret(101)
02-11 10:12:17.662  1042 27276 I sec_custom_ta11plus.cpp: [cust_shotConditionForSEC] [cust_shotConditionForSEC][param in], idx(1), facing(1), BV(87), nightBv(947) gain(5.440000), zoomRto(1.000000), hdrState(101), isFlash(0), shootingmode(0), gyro(0), Cwr(694), DynamicRange(6106), sunDetectionInfo(0)
02-11 10:12:17.662  1042 27276 I sec_custom_ta11plus.cpp: [cust_shotConditionForSEC] [cust_shotConditionForSEC] jpegW/H(0/0), bIsSECApplication(0)
02-11 10:12:17.662  1042 27276 I sec_custom_ta11plus.cpp: [cust_refineHdrStateByLLSFlag] [cust_refineHdrStateByLLSFlag][param in] idx(1), i4LiveHdrState(101)
02-11 10:12:17.662  1042 27276 I sec_custom_ta11plus.cpp: [cust_refineHdrStateByLLSFlag] [cust_refineHdrStateByLLSFlag][param out] idx(1), ret(101), i4LiveHdrState(101), curLlsFlag(0),  c0(0), c1(0)
02-11 10:12:17.662  1042 27276 I sec_custom_ta11plus.cpp: [cust_getSECGyroState] [cust_getSECGyroState] gyroState(1)
02-11 10:12:17.662  1042 27276 I Hal3ACustomImp: [removePartialMetasetAppTag] [removePartialMetasetAppTag] [idx(1)] Hal3A Plug-in
02-11 10:12:17.665  1042 27278 I TsfImp  : [getLscIspInfo] dac_prev(0)
02-11 10:12:17.665  1042 27278 W Hal3AImp_v1_0: [On3AFinish] [idx(1)] [STT](#230000001b) No valid 3A result, calculation might be canceled by stream-off
02-11 10:12:17.665  1042 27278 I Hal3ACustomImp: [convertToPartialMetaset2A] [convertToPartialMetaset2A] [idx(1)] Hal3A Plug-in
02-11 10:12:17.666  1042 27278 W MtkCbAdptor: [1-CoreConverter::convertResult] failed to setEntry, MTK_HALCORE_CALLBACK_REALTIME_MODE
02-11 10:12:17.672  1042 27282 I RequestRegulator: Cam::1 [signal] VSirq : SofIdx(221659), getSofIdx(221658/1), processed(30<->29), CamsysFrameSequence(29)
02-11 10:12:17.672   635   635 D io_stats: !@   8,32 r 7213810 250797140 w 3862823 83216008 d 508335 76136048 f 252293 709948 iot 1553752 0 th 0 0 0 pt 0 inp 0 0 240365.113
02-11 10:12:17.672  1042  1547 I DipDrv  : [dipfr_update_tdr] src_tdr_idx(6) ofst:6492544 va:0x758a0c8180 iova:3d8e31180 tdr_sz(10896)
02-11 10:12:17.672  1042 27287 I Hal3ACustomImp: [convertToSetting3A] [convertToSetting3A] [idx(1)] Hal3A Plug-in
02-11 10:12:17.672  1042  1547 I PQDIPDrv: [pqdip_update_tdr] src_tdr_ridx(6) va:0x75f6d32c00, iova:3d7f9cc00 tdr_sz(1392) set to dst_tdr_ridx(0)
02-11 10:12:17.673  1042 25435 I MtkCam/ZoomRatioConverter: [UpdateZoomRatio] pillarboxed crop zoom, ratio:1.000000
02-11 10:12:17.673  1042 25435 W mtkcam-capturesession: [1-CaptureSessionDefault::onGetSharedSteramPoolAllocSize] poolSize 1 -> 0.000000 fail (map is empty) !!
02-11 10:12:17.674  1042 25435 I Hal3ACustomImp: [setControl] [setControl] [idx(1)] Hal3A Plug-in
02-11 10:12:17.674  1042 25435 I Hal3ACustomImp: [convertToRequest] [convertToRequest] [idx(1)] Hal3A Plug-in
02-11 10:12:17.674  1042 25435 I Hal3ACustomImp: [operator()] Prev/Curr CaptureIntent: (3 / 3)
02-11 10:12:17.674  1042 25435 I sec_custom_ta11plus.cpp: [cust_getIsSECApplication] [cust_getIsSECApplication] gIsSECApplication(0)
02-11 10:12:17.674  1042 25435 I sec_custom_ta11plus.cpp: [cust_getIsSECApplication] [cust_getIsSECApplication] gIsSECApplication(0)
02-11 10:12:17.674  1042 25435 I sec_custom_ta11plus.cpp: [cust_multiFrameCtrlForSEC] [cust_multiFrameCtrlForSEC][param in], idx(1), facing(1), i4ShotHint(0), ae_lock(0), ae_exp_index(0), awb_lock(0), pause_af(0)
02-11 10:12:17.674  1042 25435 I sec_custom_ta11plus.cpp: [cust_multiFrameCtrlForSEC] [cust_multiFrameCtrlForSEC][param in], date.0130, curCapCnt(0), curLlsFlag(0), isRemosaic(0), resetAELock(0), bIsSECApplication(0), i4ShootingMode(0), cntWaitAELock(0)
02-11 10:12:17.676  1042  1537 I mtkcam_hal_legacy2android_device: [convertStreamBuffer] [debug chingchi] requestStreamBuffer bufferHandle:0xb4000076eafbafd0, bufferId:0xb40000777af9c9e8
02-11 10:12:17.679  1003 17025 D AudioDspStreamManager: getDspTaskA2DPStatus(), mDspTaskA2DPActive = 0
02-11 10:12:17.699  1003 17025 D AudioDspStreamManager: getDspTaskA2DPStatus(), mDspTaskA2DPActive = 0
02-11 10:12:17.704  1042 27278 W HalBlackBoard: [readBoard] [idx(1)] ASSERTION: req(#0x2400000019/#25) has been flushed out, current index is req(#0x240000001c/#28)!
02-11 10:12:17.704  1042 27276 I Hal3ACustomImp: [getResult] [getResult] [idx(1)] Hal3A Plug-in
02-11 10:12:17.704  1042 27276 I Hal3ACustomImp: [convertToMetaset] [convertToMetaset] [idx(1)] Hal3A Plug-in
02-11 10:12:17.704  1042 27276 I sec_custom_ta11plus.cpp: [cust_getIsSECApplication] [cust_getIsSECApplication] gIsSECApplication(0)
02-11 10:12:17.704  1042 27276 I sec_custom_ta11plus.cpp: [cust_getIsSECApplication] [cust_getIsSECApplication] gIsSECApplication(0)
02-11 10:12:17.704  1042 27276 I sec_custom_ta11plus.cpp: [cust_aeGetLiveHdrState] [cust_aeGetLiveHdrState] i4LiveHdrMode(0), ret(101)
02-11 10:12:17.704  1042 27276 I sec_custom_ta11plus.cpp: [cust_shotConditionForSEC] [cust_shotConditionForSEC][param in], idx(1), facing(1), BV(87), nightBv(947) gain(5.410000), zoomRto(1.000000), hdrState(101), isFlash(0), shootingmode(0), gyro(0), Cwr(693), DynamicRange(6102), sunDetectionInfo(0)
02-11 10:12:17.704  1042 27276 I sec_custom_ta11plus.cpp: [cust_shotConditionForSEC] [cust_shotConditionForSEC] jpegW/H(0/0), bIsSECApplication(0)
02-11 10:12:17.704  1042 27276 I sec_custom_ta11plus.cpp: [cust_refineHdrStateByLLSFlag] [cust_refineHdrStateByLLSFlag][param in] idx(1), i4LiveHdrState(101)
02-11 10:12:17.704  1042 27276 I sec_custom_ta11plus.cpp: [cust_refineHdrStateByLLSFlag] [cust_refineHdrStateByLLSFlag][param out] idx(1), ret(101), i4LiveHdrState(101), curLlsFlag(0),  c0(0), c1(0)
02-11 10:12:17.704  1042 27276 I sec_custom_ta11plus.cpp: [cust_getSECGyroState] [cust_getSECGyroState] gyroState(1)
02-11 10:12:17.704  1042 27276 I Hal3ACustomImp: [removePartialMetasetAppTag] [removePartialMetasetAppTag] [idx(1)] Hal3A Plug-in
02-11 10:12:17.706  1042 27278 I TsfImp  : [getLscIspInfo] dac_prev(0)
02-11 10:12:17.707  1042 27278 W Hal3AImp_v1_0: [On3AFinish] [idx(1)] [STT](#240000001c) No valid 3A result, calculation might be canceled by stream-off
02-11 10:12:17.707  1042 27278 I Hal3ACustomImp: [convertToPartialMetaset2A] [convertToPartialMetaset2A] [idx(1)] Hal3A Plug-in
02-11 10:12:17.707  1042 27278 W MtkCbAdptor: [1-CoreConverter::convertResult] failed to setEntry, MTK_HALCORE_CALLBACK_REALTIME_MODE
02-11 10:12:17.713  1042 27282 I RequestRegulator: Cam::1 [signal] VSirq : SofIdx(221660), getSofIdx(221659/1), processed(31<->30), CamsysFrameSequence(30)
02-11 10:12:17.714  1042 27287 I Hal3ACustomImp: [convertToSetting3A] [convertToSetting3A] [idx(1)] Hal3A Plug-in
02-11 10:12:17.714  1042  1042 I MtkCam/ZoomRatioConverter: [UpdateZoomRatio] pillarboxed crop zoom, ratio:1.000000
02-11 10:12:17.714  1042  1042 W mtkcam-capturesession: [1-CaptureSessionDefault::onGetSharedSteramPoolAllocSize] poolSize 1 -> 0.000000 fail (map is empty) !!
02-11 10:12:17.715  1042  1042 I Hal3ACustomImp: [setControl] [setControl] [idx(1)] Hal3A Plug-in
02-11 10:12:17.715  1042  1042 I Hal3ACustomImp: [convertToRequest] [convertToRequest] [idx(1)] Hal3A Plug-in
02-11 10:12:17.715  1042  1042 I Hal3ACustomImp: [operator()] Prev/Curr CaptureIntent: (3 / 3)
02-11 10:12:17.715  1042  1042 I sec_custom_ta11plus.cpp: [cust_getIsSECApplication] [cust_getIsSECApplication] gIsSECApplication(0)
02-11 10:12:17.715  1042  1042 I sec_custom_ta11plus.cpp: [cust_getIsSECApplication] [cust_getIsSECApplication] gIsSECApplication(0)
02-11 10:12:17.715  1042  1042 I sec_custom_ta11plus.cpp: [cust_multiFrameCtrlForSEC] [cust_multiFrameCtrlForSEC][param in], idx(1), facing(1), i4ShotHint(0), ae_lock(0), ae_exp_index(0), awb_lock(0), pause_af(0)
02-11 10:12:17.715  1042  1042 I sec_custom_ta11plus.cpp: [cust_multiFrameCtrlForSEC] [cust_multiFrameCtrlForSEC][param in], date.0130, curCapCnt(0), curLlsFlag(0), isRemosaic(0), resetAELock(0), bIsSECApplication(0), i4ShootingMode(0), cntWaitAELock(0)
02-11 10:12:17.718  1042  1547 I DipDrv  : [dipfr_update_tdr] src_tdr_idx(10) ofst:7074176 va:0x758a156180 iova:3d8ebf180 tdr_sz(10896)
02-11 10:12:17.718  1042  1547 I PQDIPDrv: [pqdip_update_tdr] src_tdr_ridx(10) va:0x75f6d45c00, iova:3d7fafc00 tdr_sz(1392) set to dst_tdr_ridx(1)
02-11 10:12:17.721  1042  1537 I mtkcam_hal_legacy2android_device: [convertStreamBuffer] [debug chingchi] requestStreamBuffer bufferHandle:0xb4000076eaf9f670, bufferId:0xb40000777afa4ae8
02-11 10:12:17.722  1003 17025 D AudioDspStreamManager: getDspTaskA2DPStatus(), mDspTaskA2DPActive = 0
02-11 10:12:17.742  1046  1046 I seh_thermal_service: getTemperaturesWithType SehTemperatureType: 3
02-11 10:12:17.742  1043  1043 I sehhealth-service: updateLrpSysfs: write: 441
02-11 10:12:17.743  1003 17025 D AudioDspStreamManager: getDspTaskA2DPStatus(), mDspTaskA2DPActive = 0
02-11 10:12:17.744  1043  1082 E BatteryDump: !@new_battery_dump : 3886,0,1200,1500,59,300,307,385,0,327,438,385,0,Charging,NO_CHARGING,Normal,Good,USB_CDP,2,Normal,0,0,9900,0x0,0xf0000,0x0,0,0,0,v0004,0,0/0-0-0-0,0x0000,0x0000,0x00000000,0,0,0,0,0,0,9,3886000,590,0,0,
02-11 10:12:17.745  1042 27278 W HalBlackBoard: [readBoard] [idx(1)] ASSERTION: req(#0x250000001a/#26) has been flushed out, current index is req(#0x250000001d/#29)!
02-11 10:12:17.745  1042 27276 I Hal3ACustomImp: [getResult] [getResult] [idx(1)] Hal3A Plug-in
02-11 10:12:17.745  1042 27276 I Hal3ACustomImp: [convertToMetaset] [convertToMetaset] [idx(1)] Hal3A Plug-in
02-11 10:12:17.745  1042 27276 I sec_custom_ta11plus.cpp: [cust_getIsSECApplication] [cust_getIsSECApplication] gIsSECApplication(0)
02-11 10:12:17.745  1042 27276 I sec_custom_ta11plus.cpp: [cust_getIsSECApplication] [cust_getIsSECApplication] gIsSECApplication(0)
02-11 10:12:17.745  1042 27276 I sec_custom_ta11plus.cpp: [cust_aeGetLiveHdrState] [cust_aeGetLiveHdrState] i4LiveHdrMode(0), ret(101)
02-11 10:12:17.745  1042 27276 I sec_custom_ta11plus.cpp: [cust_shotConditionForSEC] [cust_shotConditionForSEC][param in], idx(1), facing(1), BV(87), nightBv(947) gain(5.390000), zoomRto(1.000000), hdrState(101), isFlash(0), shootingmode(0), gyro(0), Cwr(694), DynamicRange(6126), sunDetectionInfo(0)
02-11 10:12:17.745  1042 27276 I sec_custom_ta11plus.cpp: [cust_shotConditionForSEC] [cust_shotConditionForSEC] jpegW/H(0/0), bIsSECApplication(0)
02-11 10:12:17.745  1042 27276 I sec_custom_ta11plus.cpp: [cust_refineHdrStateByLLSFlag] [cust_refineHdrStateByLLSFlag][param in] idx(1), i4LiveHdrState(101)
02-11 10:12:17.745  1042 27276 I sec_custom_ta11plus.cpp: [cust_refineHdrStateByLLSFlag] [cust_refineHdrStateByLLSFlag][param out] idx(1), ret(101), i4LiveHdrState(101), curLlsFlag(0),  c0(0), c1(0)
02-11 10:12:17.745  1042 27276 I sec_custom_ta11plus.cpp: [cust_getSECGyroState] [cust_getSECGyroState] gyroState(1)
02-11 10:12:17.745  1042 27276 I Hal3ACustomImp: [removePartialMetasetAppTag] [removePartialMetasetAppTag] [idx(1)] Hal3A Plug-in
02-11 10:12:17.748  1042 27278 I TsfImp  : [getLscIspInfo] dac_prev(0)
02-11 10:12:17.748  1042  1541 I TsfImp  : [tsfBatch] userId(0), dac_inf:1024,dac_macro:4096,dac_prev/cur:0/0 AE(Y:739,LV:87,ISO:160,LV_IDX:4,shutter:8337142,isStable:0,isLock:0,isFlash:0) AWB(CCT_IDX:8,CCT:5524,GainR/G/B:1099/512/809,isLock:0) Gyro0/1/2:0/0/0,orient:0,faceNum:1,faceRect:1427/307/1934/1133
02-11 10:12:17.748  1042 27278 W Hal3AImp_v1_0: [On3AFinish] [idx(1)] [STT](#250000001d) No valid 3A result, calculation might be canceled by stream-off
02-11 10:12:17.749  1042 27278 I Hal3ACustomImp: [convertToPartialMetaset2A] [convertToPartialMetaset2A] [idx(1)] Hal3A Plug-in
02-11 10:12:17.749  1042 27278 W MtkCbAdptor: [1-CoreConverter::convertResult] failed to setEntry, MTK_HALCORE_CALLBACK_REALTIME_MODE
02-11 10:12:17.755  1042 27282 I RequestRegulator: Cam::1 [signal] VSirq : SofIdx(221661), getSofIdx(221660/1), processed(32<->31), CamsysFrameSequence(31)
02-11 10:12:17.756  1042 27287 I Hal3ACustomImp: [convertToSetting3A] [convertToSetting3A] [idx(1)] Hal3A Plug-in
02-11 10:12:17.756  1042  1548 I DipDrv  : [dipfr_update_tdr] src_tdr_idx(11) ofst:7219584 va:0x758a179980 iova:3d8ee2980 tdr_sz(10896)
02-11 10:12:17.756  1042  1548 I PQDIPDrv: [pqdip_update_tdr] src_tdr_ridx(11) va:0x75f6d4a800, iova:3d7fb4800 tdr_sz(1392) set to dst_tdr_ridx(2)
02-11 10:12:17.756  1042 25435 I MtkCam/ZoomRatioConverter: [UpdateZoomRatio] pillarboxed crop zoom, ratio:1.000000
02-11 10:12:17.756  1042 25435 W mtkcam-capturesession: [1-CaptureSessionDefault::onGetSharedSteramPoolAllocSize] poolSize 1 -> 0.000000 fail (map is empty) !!
02-11 10:12:17.757  1042 25435 I Hal3ACustomImp: [setControl] [setControl] [idx(1)] Hal3A Plug-in
02-11 10:12:17.757  1042 25435 I Hal3ACustomImp: [convertToRequest] [convertToRequest] [idx(1)] Hal3A Plug-in
02-11 10:12:17.757  1042 25435 I Hal3ACustomImp: [operator()] Prev/Curr CaptureIntent: (3 / 3)
02-11 10:12:17.757  1042 25435 I sec_custom_ta11plus.cpp: [cust_getIsSECApplication] [cust_getIsSECApplication] gIsSECApplication(0)
02-11 10:12:17.757  1042 25435 I sec_custom_ta11plus.cpp: [cust_getIsSECApplication] [cust_getIsSECApplication] gIsSECApplication(0)
02-11 10:12:17.757  1042 25435 I sec_custom_ta11plus.cpp: [cust_multiFrameCtrlForSEC] [cust_multiFrameCtrlForSEC][param in], idx(1), facing(1), i4ShotHint(0), ae_lock(0), ae_exp_index(0), awb_lock(0), pause_af(0)
02-11 10:12:17.757  1042 25435 I sec_custom_ta11plus.cpp: [cust_multiFrameCtrlForSEC] [cust_multiFrameCtrlForSEC][param in], date.0130, curCapCnt(0), curLlsFlag(0), isRemosaic(0), resetAELock(0), bIsSECApplication(0), i4ShootingMode(0), cntWaitAELock(0)
02-11 10:12:17.758  1042  1540 I mtkcam_hal_legacy2android_device: [convertStreamBuffer] [debug chingchi] requestStreamBuffer bufferHandle:0xb4000076eaf92af0, bufferId:0xb40000777afa1818
02-11 10:12:17.765  1003 17025 D AudioDspStreamManager: getDspTaskA2DPStatus(), mDspTaskA2DPActive = 0
02-11 10:12:17.783  1003 26829 D aurisys_lib_handler: [LIB] [oem:fvsam]in ch=2 out ch=1 in size=2560 out size=1280 proc size=1280 bit=16
02-11 10:12:17.785  1003 26829 D aurisys_lib_handler: [LIB] [oem:fvsam]se category=Scene,Default,Profile,Handsfree
02-11 10:12:17.785  1003 26829 D aurisys_lib_handler: [LIB] [oem:dv] [I] in ch=1 out ch=1 in size=1280 out size=1280 proc size=1280 bit=16
02-11 10:12:17.785  1003 26829 D aurisys_lib_handler: [LIB] [oem:dv] [I] tx se category=Scene,Default,Profile,Handsfree
02-11 10:12:17.785  1003 26829 D aurisys_lib_handler: [LIB] [oem:dv] [I] dvtxdbg,640,71,-94,-96;
02-11 10:12:17.785  1003 26829 D aurisys_lib_handler: [LIB] [oem:dv] [I] dv tx done mode=71
02-11 10:12:17.786  1003 17025 D AudioDspStreamManager: getDspTaskA2DPStatus(), mDspTaskA2DPActive = 0
02-11 10:12:17.787  1042 27278 W HalBlackBoard: [readBoard] [idx(1)] ASSERTION: req(#0x260000001b/#27) has been flushed out, current index is req(#0x260000001e/#30)!
02-11 10:12:17.787  1042 27276 I Hal3ACustomImp: [getResult] [getResult] [idx(1)] Hal3A Plug-in
02-11 10:12:17.787  1042 27276 I Hal3ACustomImp: [convertToMetaset] [convertToMetaset] [idx(1)] Hal3A Plug-in
02-11 10:12:17.787  1042 27276 I sec_custom_ta11plus.cpp: [cust_getIsSECApplication] [cust_getIsSECApplication] gIsSECApplication(0)
02-11 10:12:17.787  1042 27276 I sec_custom_ta11plus.cpp: [cust_getIsSECApplication] [cust_getIsSECApplication] gIsSECApplication(0)
02-11 10:12:17.787  1042 27276 I sec_custom_ta11plus.cpp: [cust_aeGetLiveHdrState] [cust_aeGetLiveHdrState] i4LiveHdrMode(0), ret(101)
02-11 10:12:17.787  1042 27276 I sec_custom_ta11plus.cpp: [cust_shotConditionForSEC] [cust_shotConditionForSEC][param in], idx(1), facing(1), BV(87), nightBv(947) gain(5.370000), zoomRto(1.000000), hdrState(101), isFlash(0), shootingmode(0), gyro(0), Cwr(694), DynamicRange(6136), sunDetectionInfo(0)
02-11 10:12:17.787  1042 27276 I sec_custom_ta11plus.cpp: [cust_shotConditionForSEC] [cust_shotConditionForSEC] jpegW/H(0/0), bIsSECApplication(0)
02-11 10:12:17.787  1042 27276 I sec_custom_ta11plus.cpp: [cust_refineHdrStateByLLSFlag] [cust_refineHdrStateByLLSFlag][param in] idx(1), i4LiveHdrState(101)
02-11 10:12:17.787  1042 27276 I sec_custom_ta11plus.cpp: [cust_refineHdrStateByLLSFlag] [cust_refineHdrStateByLLSFlag][param out] idx(1), ret(101), i4LiveHdrState(101), curLlsFlag(0),  c0(0), c1(0)
02-11 10:12:17.787  1042 27276 I sec_custom_ta11plus.cpp: [cust_getSECGyroState] [cust_getSECGyroState] gyroState(1)
02-11 10:12:17.787  1042 27276 I Hal3ACustomImp: [removePartialMetasetAppTag] [removePartialMetasetAppTag] [idx(1)] Hal3A Plug-in
02-11 10:12:17.790  1042 27278 I TsfImp  : [getLscIspInfo] dac_prev(0)
02-11 10:12:17.791  1042 27278 W Hal3AImp_v1_0: [On3AFinish] [idx(1)] [STT](#260000001e) No valid 3A result, calculation might be canceled by stream-off
02-11 10:12:17.791  1042 27278 I Hal3ACustomImp: [convertToPartialMetaset2A] [convertToPartialMetaset2A] [idx(1)] Hal3A Plug-in
02-11 10:12:17.791  1042 27278 W MtkCbAdptor: [1-CoreConverter::convertResult] failed to setEntry, MTK_HALCORE_CALLBACK_REALTIME_MODE
02-11 10:12:17.794  1042  1545 I DipDrv  : [dipfr_update_tdr] src_tdr_idx(1) ofst:5765504 va:0x758a016980 iova:3d8d7f980 tdr_sz(10896)
02-11 10:12:17.794  1042  1545 I PQDIPDrv: [pqdip_update_tdr] src_tdr_ridx(1) va:0x75f6d1b000, iova:3d7f85000 tdr_sz(1392) set to dst_tdr_ridx(3)
02-11 10:12:17.797  1042 27282 I RequestRegulator: Cam::1 [signal] VSirq : SofIdx(221662), getSofIdx(221661/1), processed(33<->32), CamsysFrameSequence(32)
02-11 10:12:17.797  1042 27287 I Hal3ACustomImp: [convertToSetting3A] [convertToSetting3A] [idx(1)] Hal3A Plug-in
02-11 10:12:17.798  1042  1042 I MtkCam/ZoomRatioConverter: [UpdateZoomRatio] pillarboxed crop zoom, ratio:1.000000
02-11 10:12:17.798  1042  1042 W mtkcam-capturesession: [1-CaptureSessionDefault::onGetSharedSteramPoolAllocSize] poolSize 1 -> 0.000000 fail (map is empty) !!
02-11 10:12:17.799  1042  1042 I Hal3ACustomImp: [setControl] [setControl] [idx(1)] Hal3A Plug-in
02-11 10:12:17.799  1042  1042 I Hal3ACustomImp: [convertToRequest] [convertToRequest] [idx(1)] Hal3A Plug-in
02-11 10:12:17.799  1042  1042 I Hal3ACustomImp: [operator()] Prev/Curr CaptureIntent: (3 / 3)
02-11 10:12:17.799  1042  1042 I sec_custom_ta11plus.cpp: [cust_getIsSECApplication] [cust_getIsSECApplication] gIsSECApplication(0)
02-11 10:12:17.799  1042  1042 I sec_custom_ta11plus.cpp: [cust_getIsSECApplication] [cust_getIsSECApplication] gIsSECApplication(0)
02-11 10:12:17.799  1042  1042 I sec_custom_ta11plus.cpp: [cust_multiFrameCtrlForSEC] [cust_multiFrameCtrlForSEC][param in], idx(1), facing(1), i4ShotHint(0), ae_lock(0), ae_exp_index(0), awb_lock(0), pause_af(0)
02-11 10:12:17.799  1042  1042 I sec_custom_ta11plus.cpp: [cust_multiFrameCtrlForSEC] [cust_multiFrameCtrlForSEC][param in], date.0130, curCapCnt(0), curLlsFlag(0), isRemosaic(0), resetAELock(0), bIsSECApplication(0), i4ShootingMode(0), cntWaitAELock(0)
02-11 10:12:17.801  1042  1540 I mtkcam_hal_legacy2android_device: [convertStreamBuffer] [debug chingchi] requestStreamBuffer bufferHandle:0xb4000076eafb3150, bufferId:0xb40000777afee348
02-11 10:12:17.805  1003 17025 D AudioDspStreamManager: getDspTaskA2DPStatus(), mDspTaskA2DPActive = 0
02-11 10:12:17.826  1074  1074 I BufferQueueProducer: [df4c49e SurfaceView[kr.co.kyowon.videolesson.play/com.kyowon.livechat_lib.MeetingActivity]@0(BLAST)#43987](this:0xb400007cb397a7a8,id:-1,api:0,p:-1,c:1074) queueBuffer: fps=24.45 dur=1022.60 max=51.46 min=31.30
02-11 10:12:17.829  1042 27276 I Hal3ACustomImp: [getResult] [getResult] [idx(1)] Hal3A Plug-in
02-11 10:12:17.829  1003 17025 D AudioDspStreamManager: getDspTaskA2DPStatus(), mDspTaskA2DPActive = 0
02-11 10:12:17.829  1042 27276 I Hal3ACustomImp: [convertToMetaset] [convertToMetaset] [idx(1)] Hal3A Plug-in
02-11 10:12:17.829  1042 27276 I sec_custom_ta11plus.cpp: [cust_getIsSECApplication] [cust_getIsSECApplication] gIsSECApplication(0)
02-11 10:12:17.829  1042 27276 I sec_custom_ta11plus.cpp: [cust_getIsSECApplication] [cust_getIsSECApplication] gIsSECApplication(0)
02-11 10:12:17.829  1042 27276 I sec_custom_ta11plus.cpp: [cust_aeGetLiveHdrState] [cust_aeGetLiveHdrState] i4LiveHdrMode(0), ret(101)
02-11 10:12:17.829  1042 27276 I sec_custom_ta11plus.cpp: [cust_shotConditionForSEC] [cust_shotConditionForSEC][param in], idx(1), facing(1), BV(87), nightBv(947) gain(5.350000), zoomRto(1.000000), hdrState(101), isFlash(0), shootingmode(0), gyro(0), Cwr(691), DynamicRange(6151), sunDetectionInfo(0)
02-11 10:12:17.829  1042 27276 I sec_custom_ta11plus.cpp: [cust_shotConditionForSEC] [cust_shotConditionForSEC] jpegW/H(0/0), bIsSECApplication(0)
02-11 10:12:17.829  1042 27276 I sec_custom_ta11plus.cpp: [cust_refineHdrStateByLLSFlag] [cust_refineHdrStateByLLSFlag][param in] idx(1), i4LiveHdrState(101)
02-11 10:12:17.829  1042 27276 I sec_custom_ta11plus.cpp: [cust_refineHdrStateByLLSFlag] [cust_refineHdrStateByLLSFlag][param out] idx(1), ret(101), i4LiveHdrState(101), curLlsFlag(0),  c0(0), c1(0)
02-11 10:12:17.829  1042 27276 I sec_custom_ta11plus.cpp: [cust_getSECGyroState] [cust_getSECGyroState] gyroState(1)
02-11 10:12:17.829  1042 27276 I Hal3ACustomImp: [removePartialMetasetAppTag] [removePartialMetasetAppTag] [idx(1)] Hal3A Plug-in
02-11 10:12:17.830  1042 27278 W HalBlackBoard: [readBoard] [idx(1)] ASSERTION: req(#0x270000001c/#28) has been flushed out, current index is req(#0x270000001f/#31)!
02-11 10:12:17.832  1042 27276 I MtkCam/Utils: {CamProfile}[CaptureSessionBase::onRequestStarted] shutter updateResult: requestNo:28: (1-th) ===> ( overtime > 1 ms) [start-->now: 2 ms] [last-->now: 2 ms]
02-11 10:12:17.833  1042 27278 I TsfImp  : [getLscIspInfo] dac_prev(0)
02-11 10:12:17.833  1042 27278 W Hal3AImp_v1_0: [On3AFinish] [idx(1)] [STT](#270000001f) No valid 3A result, calculation might be canceled by stream-off
02-11 10:12:17.833  1042 27278 I Hal3ACustomImp: [convertToPartialMetaset2A] [convertToPartialMetaset2A] [idx(1)] Hal3A Plug-in
02-11 10:12:17.833  1042 27278 W MtkCbAdptor: [1-CoreConverter::convertResult] failed to setEntry, MTK_HALCORE_CALLBACK_REALTIME_MODE
02-11 10:12:17.838  1042 27282 I RequestRegulator: Cam::1 [signal] VSirq : SofIdx(221663), getSofIdx(221662/1), processed(34<->33), CamsysFrameSequence(33)
02-11 10:12:17.839  1042 27287 I Hal3ACustomImp: [convertToSetting3A] [convertToSetting3A] [idx(1)] Hal3A Plug-in
02-11 10:12:17.839  1042 25435 I MtkCam/ZoomRatioConverter: [UpdateZoomRatio] pillarboxed crop zoom, ratio:1.000000
